Stats metadata preview | dataset=ETTm1 | domain=ETTm1 | channels=7
   - HUFL: Channel statistics over the training split: mean value is -0.000, standard deviation is 1.000, minimum value is -4.418, maximum value is 2.652, median value is 0.128, and mean absolute value is 0.698.
/data/pjh_workspace/ts-env/lib/python3.8/site-packages/torch/nn/modules/transformer.py:307: UserWarning: enable_nested_tensor is True, but self.use_nested_tensor is False because encoder_layer.norm_first was True
  warnings.warn(f"enable_nested_tensor is True, but self.use_nested_tensor is False because {why_not_sparsity_fast_path}")
==================================================
🚀 Architecture: LAYA Random Encoder
📊 Target Dataset: ETTm1 (Channels: 7)
📊 Prediction Length: 96
==================================================
✅ Encoder is RANDOMLY initialized and FROZEN (Linear Probing mode).
Epoch   1/20 | Train MSE: 0.2804 | Val MSE: 0.2762 | Train Meta: metadata_norm_mean=5.6358 | Val Meta: metadata_norm_mean=5.6358
Epoch   2/20 | Train MSE: 0.2528 | Val MSE: 0.2704 | Train Meta: metadata_norm_mean=5.6358 | Val Meta: metadata_norm_mean=5.6358
Epoch   3/20 | Train MSE: 0.2497 | Val MSE: 0.2679 | Train Meta: metadata_norm_mean=5.6358 | Val Meta: metadata_norm_mean=5.6358
Epoch   4/20 | Train MSE: 0.2486 | Val MSE: 0.2674 | Train Meta: metadata_norm_mean=5.6358 | Val Meta: metadata_norm_mean=5.6358
Epoch   5/20 | Train MSE: 0.2479 | Val MSE: 0.2656 | Train Meta: metadata_norm_mean=5.6358 | Val Meta: metadata_norm_mean=5.6358
Epoch   6/20 | Train MSE: 0.2475 | Val MSE: 0.2653 | Train Meta: metadata_norm_mean=5.6358 | Val Meta: metadata_norm_mean=5.6358
Epoch   7/20 | Train MSE: 0.2472 | Val MSE: 0.2671 | Train Meta: metadata_norm_mean=5.6358 | Val Meta: metadata_norm_mean=5.6358
Epoch   8/20 | Train MSE: 0.2469 | Val MSE: 0.2644 | Train Meta: metadata_norm_mean=5.6358 | Val Meta: metadata_norm_mean=5.6358
Epoch   9/20 | Train MSE: 0.2467 | Val MSE: 0.2649 | Train Meta: metadata_norm_mean=5.6358 | Val Meta: metadata_norm_mean=5.6358
Epoch  10/20 | Train MSE: 0.2465 | Val MSE: 0.2651 | Train Meta: metadata_norm_mean=5.6358 | Val Meta: metadata_norm_mean=5.6358
Epoch  11/20 | Train MSE: 0.2464 | Val MSE: 0.2653 | Train Meta: metadata_norm_mean=5.6358 | Val Meta: metadata_norm_mean=5.6358
Epoch  12/20 | Train MSE: 0.2463 | Val MSE: 0.2646 | Train Meta: metadata_norm_mean=5.6358 | Val Meta: metadata_norm_mean=5.6358
Epoch  13/20 | Train MSE: 0.2461 | Val MSE: 0.2647 | Train Meta: metadata_norm_mean=5.6358 | Val Meta: metadata_norm_mean=5.6358
Epoch  14/20 | Train MSE: 0.2462 | Val MSE: 0.2650 | Train Meta: metadata_norm_mean=5.6358 | Val Meta: metadata_norm_mean=5.6358
Stats metadata preview | dataset=ETTm1 | domain=ETTm1 | channels=7
   - HUFL: Channel statistics over the training split: mean value is -0.000, standard deviation is 1.000, minimum value is -4.418, maximum value is 2.652, median value is 0.128, and mean absolute value is 0.698.
/data/pjh_workspace/ts-env/lib/python3.8/site-packages/torch/nn/modules/transformer.py:307: UserWarning: enable_nested_tensor is True, but self.use_nested_tensor is False because encoder_layer.norm_first was True
  warnings.warn(f"enable_nested_tensor is True, but self.use_nested_tensor is False because {why_not_sparsity_fast_path}")
==================================================
🚀 Architecture: LAYA Random Encoder
📊 Target Dataset: ETTm1 (Channels: 7)
📊 Prediction Length: 96
==================================================
✅ Encoder is RANDOMLY initialized and FROZEN (Linear Probing mode).
Epoch   1/20 | Train MSE: 0.2804 | Val MSE: 0.2762 | Train Meta: metadata_norm_mean=5.6358 | Val Meta: metadata_norm_mean=5.6358
Epoch   2/20 | Train MSE: 0.2528 | Val MSE: 0.2704 | Train Meta: metadata_norm_mean=5.6358 | Val Meta: metadata_norm_mean=5.6358
Epoch   3/20 | Train MSE: 0.2497 | Val MSE: 0.2679 | Train Meta: metadata_norm_mean=5.6358 | Val Meta: metadata_norm_mean=5.6358
Epoch   4/20 | Train MSE: 0.2486 | Val MSE: 0.2674 | Train Meta: metadata_norm_mean=5.6358 | Val Meta: metadata_norm_mean=5.6358
Epoch   5/20 | Train MSE: 0.2479 | Val MSE: 0.2656 | Train Meta: metadata_norm_mean=5.6358 | Val Meta: metadata_norm_mean=5.6358
Epoch   6/20 | Train MSE: 0.2475 | Val MSE: 0.2653 | Train Meta: metadata_norm_mean=5.6358 | Val Meta: metadata_norm_mean=5.6358
Epoch   7/20 | Train MSE: 0.2472 | Val MSE: 0.2671 | Train Meta: metadata_norm_mean=5.6358 | Val Meta: metadata_norm_mean=5.6358
Epoch   8/20 | Train MSE: 0.2469 | Val MSE: 0.2644 | Train Meta: metadata_norm_mean=5.6358 | Val Meta: metadata_norm_mean=5.6358
Epoch   9/20 | Train MSE: 0.2467 | Val MSE: 0.2649 | Train Meta: metadata_norm_mean=5.6358 | Val Meta: metadata_norm_mean=5.6358
Epoch  10/20 | Train MSE: 0.2465 | Val MSE: 0.2651 | Train Meta: metadata_norm_mean=5.6358 | Val Meta: metadata_norm_mean=5.6358
Epoch  11/20 | Train MSE: 0.2464 | Val MSE: 0.2653 | Train Meta: metadata_norm_mean=5.6358 | Val Meta: metadata_norm_mean=5.6358
Epoch  12/20 | Train MSE: 0.2463 | Val MSE: 0.2646 | Train Meta: metadata_norm_mean=5.6358 | Val Meta: metadata_norm_mean=5.6358
Epoch  13/20 | Train MSE: 0.2461 | Val MSE: 0.2647 | Train Meta: metadata_norm_mean=5.6358 | Val Meta: metadata_norm_mean=5.6358
Epoch  14/20 | Train MSE: 0.2462 | Val MSE: 0.2650 | Train Meta: metadata_norm_mean=5.6358 | Val Meta: metadata_norm_mean=5.6358
Epoch  15/20 | Train MSE: 0.2461 | Val MSE: 0.2641 | Train Meta: metadata_norm_mean=5.6358 | Val Meta: metadata_norm_mean=5.6358
Epoch  16/20 | Train MSE: 0.2460 | Val MSE: 0.2648 | Train Meta: metadata_norm_mean=5.6358 | Val Meta: metadata_norm_mean=5.6358
Epoch  17/20 | Train MSE: 0.2460 | Val MSE: 0.2645 | Train Meta: metadata_norm_mean=5.6358 | Val Meta: metadata_norm_mean=5.6358
Epoch  18/20 | Train MSE: 0.2459 | Val MSE: 0.2640 | Train Meta: metadata_norm_mean=5.6358 | Val Meta: metadata_norm_mean=5.6358
Epoch  19/20 | Train MSE: 0.2459 | Val MSE: 0.2638 | Train Meta: metadata_norm_mean=5.6358 | Val Meta: metadata_norm_mean=5.6358
Epoch  20/20 | Train MSE: 0.2459 | Val MSE: 0.2646 | Train Meta: metadata_norm_mean=5.6358 | Val Meta: metadata_norm_mean=5.6358

Random Encoder Forecasting Result (ETTm1, pred_len=96)
MSE : 0.329977
MAE : 0.373921
Stats metadata preview | dataset=ETTm1 | domain=ETTm1 | channels=7
   - HUFL: Channel statistics over the training split: mean value is -0.000, standard deviation is 1.000, minimum value is -4.418, maximum value is 2.652, median value is 0.128, and mean absolute value is 0.698.
/data/pjh_workspace/ts-env/lib/python3.8/site-packages/torch/nn/modules/transformer.py:307: UserWarning: enable_nested_tensor is True, but self.use_nested_tensor is False because encoder_layer.norm_first was True
  warnings.warn(f"enable_nested_tensor is True, but self.use_nested_tensor is False because {why_not_sparsity_fast_path}")
==================================================
🚀 Architecture: LAYA Random Encoder
📊 Target Dataset: ETTm1 (Channels: 7)
📊 Prediction Length: 192
==================================================
✅ Encoder is RANDOMLY initialized and FROZEN (Linear Probing mode).
Epoch   1/20 | Train MSE: 0.3240 | Val MSE: 0.3130 | Train Meta: metadata_norm_mean=5.6358 | Val Meta: metadata_norm_mean=5.6358
Epoch   2/20 | Train MSE: 0.3006 | Val MSE: 0.3082 | Train Meta: metadata_norm_mean=5.6358 | Val Meta: metadata_norm_mean=5.6358
Epoch   3/20 | Train MSE: 0.2982 | Val MSE: 0.3063 | Train Meta: metadata_norm_mean=5.6358 | Val Meta: metadata_norm_mean=5.6358
Epoch   4/20 | Train MSE: 0.2973 | Val MSE: 0.3054 | Train Meta: metadata_norm_mean=5.6358 | Val Meta: metadata_norm_mean=5.6358
Epoch   5/20 | Train MSE: 0.2967 | Val MSE: 0.3042 | Train Meta: metadata_norm_mean=5.6358 | Val Meta: metadata_norm_mean=5.6358
Epoch   6/20 | Train MSE: 0.2963 | Val MSE: 0.3052 | Train Meta: metadata_norm_mean=5.6358 | Val Meta: metadata_norm_mean=5.6358
Epoch   7/20 | Train MSE: 0.2961 | Val MSE: 0.3045 | Train Meta: metadata_norm_mean=5.6358 | Val Meta: metadata_norm_mean=5.6358
Epoch   8/20 | Train MSE: 0.2958 | Val MSE: 0.3043 | Train Meta: metadata_norm_mean=5.6358 | Val Meta: metadata_norm_mean=5.6358
Epoch   9/20 | Train MSE: 0.2957 | Val MSE: 0.3037 | Train Meta: metadata_norm_mean=5.6358 | Val Meta: metadata_norm_mean=5.6358
Epoch  10/20 | Train MSE: 0.2956 | Val MSE: 0.3044 | Train Meta: metadata_norm_mean=5.6358 | Val Meta: metadata_norm_mean=5.6358
Epoch  11/20 | Train MSE: 0.2954 | Val MSE: 0.3040 | Train Meta: metadata_norm_mean=5.6358 | Val Meta: metadata_norm_mean=5.6358
Epoch  12/20 | Train MSE: 0.2954 | Val MSE: 0.3040 | Train Meta: metadata_norm_mean=5.6358 | Val Meta: metadata_norm_mean=5.6358
Epoch  13/20 | Train MSE: 0.2953 | Val MSE: 0.3042 | Train Meta: metadata_norm_mean=5.6358 | Val Meta: metadata_norm_mean=5.6358
Epoch  14/20 | Train MSE: 0.2952 | Val MSE: 0.3050 | Train Meta: metadata_norm_mean=5.6358 | Val Meta: metadata_norm_mean=5.6358
Epoch  15/20 | Train MSE: 0.2951 | Val MSE: 0.3033 | Train Meta: metadata_norm_mean=5.6358 | Val Meta: metadata_norm_mean=5.6358
Epoch  16/20 | Train MSE: 0.2951 | Val MSE: 0.3029 | Train Meta: metadata_norm_mean=5.6358 | Val Meta: metadata_norm_mean=5.6358
Epoch  17/20 | Train MSE: 0.2951 | Val MSE: 0.3041 | Train Meta: metadata_norm_mean=5.6358 | Val Meta: metadata_norm_mean=5.6358
Epoch  18/20 | Train MSE: 0.2951 | Val MSE: 0.3035 | Train Meta: metadata_norm_mean=5.6358 | Val Meta: metadata_norm_mean=5.6358
Epoch  19/20 | Train MSE: 0.2950 | Val MSE: 0.3027 | Train Meta: metadata_norm_mean=5.6358 | Val Meta: metadata_norm_mean=5.6358
Epoch  20/20 | Train MSE: 0.2950 | Val MSE: 0.3036 | Train Meta: metadata_norm_mean=5.6358 | Val Meta: metadata_norm_mean=5.6358

Random Encoder Forecasting Result (ETTm1, pred_len=192)
MSE : 0.380381
MAE : 0.404576
Stats metadata preview | dataset=ETTm1 | domain=ETTm1 | channels=7
   - HUFL: Channel statistics over the training split: mean value is -0.000, standard deviation is 1.000, minimum value is -4.418, maximum value is 2.652, median value is 0.128, and mean absolute value is 0.698.
/data/pjh_workspace/ts-env/lib/python3.8/site-packages/torch/nn/modules/transformer.py:307: UserWarning: enable_nested_tensor is True, but self.use_nested_tensor is False because encoder_layer.norm_first was True
  warnings.warn(f"enable_nested_tensor is True, but self.use_nested_tensor is False because {why_not_sparsity_fast_path}")
==================================================
🚀 Architecture: LAYA Random Encoder
📊 Target Dataset: ETTm1 (Channels: 7)
📊 Prediction Length: 336
==================================================
✅ Encoder is RANDOMLY initialized and FROZEN (Linear Probing mode).
Epoch   1/20 | Train MSE: 0.3749 | Val MSE: 0.3542 | Train Meta: metadata_norm_mean=5.6358 | Val Meta: metadata_norm_mean=5.6358
Epoch   2/20 | Train MSE: 0.3548 | Val MSE: 0.3508 | Train Meta: metadata_norm_mean=5.6358 | Val Meta: metadata_norm_mean=5.6358
Epoch   3/20 | Train MSE: 0.3528 | Val MSE: 0.3514 | Train Meta: metadata_norm_mean=5.6358 | Val Meta: metadata_norm_mean=5.6358
Epoch   4/20 | Train MSE: 0.3520 | Val MSE: 0.3497 | Train Meta: metadata_norm_mean=5.6358 | Val Meta: metadata_norm_mean=5.6358
Epoch   5/20 | Train MSE: 0.3515 | Val MSE: 0.3469 | Train Meta: metadata_norm_mean=5.6358 | Val Meta: metadata_norm_mean=5.6358
Epoch   6/20 | Train MSE: 0.3511 | Val MSE: 0.3475 | Train Meta: metadata_norm_mean=5.6358 | Val Meta: metadata_norm_mean=5.6358
Epoch   7/20 | Train MSE: 0.3509 | Val MSE: 0.3476 | Train Meta: metadata_norm_mean=5.6358 | Val Meta: metadata_norm_mean=5.6358
Epoch   8/20 | Train MSE: 0.3507 | Val MSE: 0.3486 | Train Meta: metadata_norm_mean=5.6358 | Val Meta: metadata_norm_mean=5.6358
Epoch   9/20 | Train MSE: 0.3505 | Val MSE: 0.3468 | Train Meta: metadata_norm_mean=5.6358 | Val Meta: metadata_norm_mean=5.6358
Epoch  10/20 | Train MSE: 0.3504 | Val MSE: 0.3474 | Train Meta: metadata_norm_mean=5.6358 | Val Meta: metadata_norm_mean=5.6358
Epoch  11/20 | Train MSE: 0.3503 | Val MSE: 0.3467 | Train Meta: metadata_norm_mean=5.6358 | Val Meta: metadata_norm_mean=5.6358
Epoch  12/20 | Train MSE: 0.3502 | Val MSE: 0.3479 | Train Meta: metadata_norm_mean=5.6358 | Val Meta: metadata_norm_mean=5.6358
Epoch  13/20 | Train MSE: 0.3501 | Val MSE: 0.3478 | Train Meta: metadata_norm_mean=5.6358 | Val Meta: metadata_norm_mean=5.6358
Epoch  14/20 | Train MSE: 0.3501 | Val MSE: 0.3474 | Train Meta: metadata_norm_mean=5.6358 | Val Meta: metadata_norm_mean=5.6358
Epoch  15/20 | Train MSE: 0.3500 | Val MSE: 0.3469 | Train Meta: metadata_norm_mean=5.6358 | Val Meta: metadata_norm_mean=5.6358
Epoch  16/20 | Train MSE: 0.3500 | Val MSE: 0.3474 | Train Meta: metadata_norm_mean=5.6358 | Val Meta: metadata_norm_mean=5.6358
Epoch  17/20 | Train MSE: 0.3500 | Val MSE: 0.3467 | Train Meta: metadata_norm_mean=5.6358 | Val Meta: metadata_norm_mean=5.6358
Stats metadata preview | dataset=ETTm1 | domain=ETTm1 | channels=7
   - HUFL: Channel statistics over the training split: mean value is -0.000, standard deviation is 1.000, minimum value is -4.418, maximum value is 2.652, median value is 0.128, and mean absolute value is 0.698.
/data/pjh_workspace/ts-env/lib/python3.8/site-packages/torch/nn/modules/transformer.py:307: UserWarning: enable_nested_tensor is True, but self.use_nested_tensor is False because encoder_layer.norm_first was True
  warnings.warn(f"enable_nested_tensor is True, but self.use_nested_tensor is False because {why_not_sparsity_fast_path}")
==================================================
🚀 Architecture: LAYA Random Encoder
📊 Target Dataset: ETTm1 (Channels: 7)
📊 Prediction Length: 96
==================================================
✅ Encoder is RANDOMLY initialized and FROZEN (Linear Probing mode).
Epoch   1/20 | Train MSE: 0.2804 | Val MSE: 0.2762 | Train Meta: metadata_norm_mean=5.6358 | Val Meta: metadata_norm_mean=5.6358
Epoch   2/20 | Train MSE: 0.2528 | Val MSE: 0.2704 | Train Meta: metadata_norm_mean=5.6358 | Val Meta: metadata_norm_mean=5.6358
Epoch   3/20 | Train MSE: 0.2497 | Val MSE: 0.2679 | Train Meta: metadata_norm_mean=5.6358 | Val Meta: metadata_norm_mean=5.6358
Epoch   4/20 | Train MSE: 0.2486 | Val MSE: 0.2674 | Train Meta: metadata_norm_mean=5.6358 | Val Meta: metadata_norm_mean=5.6358
Epoch   5/20 | Train MSE: 0.2479 | Val MSE: 0.2656 | Train Meta: metadata_norm_mean=5.6358 | Val Meta: metadata_norm_mean=5.6358
Epoch   6/20 | Train MSE: 0.2475 | Val MSE: 0.2653 | Train Meta: metadata_norm_mean=5.6358 | Val Meta: metadata_norm_mean=5.6358
Epoch   7/20 | Train MSE: 0.2472 | Val MSE: 0.2671 | Train Meta: metadata_norm_mean=5.6358 | Val Meta: metadata_norm_mean=5.6358
Epoch   8/20 | Train MSE: 0.2469 | Val MSE: 0.2644 | Train Meta: metadata_norm_mean=5.6358 | Val Meta: metadata_norm_mean=5.6358
Epoch   9/20 | Train MSE: 0.2467 | Val MSE: 0.2649 | Train Meta: metadata_norm_mean=5.6358 | Val Meta: metadata_norm_mean=5.6358
Epoch  10/20 | Train MSE: 0.2465 | Val MSE: 0.2651 | Train Meta: metadata_norm_mean=5.6358 | Val Meta: metadata_norm_mean=5.6358
Epoch  11/20 | Train MSE: 0.2464 | Val MSE: 0.2653 | Train Meta: metadata_norm_mean=5.6358 | Val Meta: metadata_norm_mean=5.6358
Epoch  12/20 | Train MSE: 0.2463 | Val MSE: 0.2646 | Train Meta: metadata_norm_mean=5.6358 | Val Meta: metadata_norm_mean=5.6358
Epoch  13/20 | Train MSE: 0.2461 | Val MSE: 0.2647 | Train Meta: metadata_norm_mean=5.6358 | Val Meta: metadata_norm_mean=5.6358
Epoch  14/20 | Train MSE: 0.2462 | Val MSE: 0.2650 | Train Meta: metadata_norm_mean=5.6358 | Val Meta: metadata_norm_mean=5.6358
Epoch  15/20 | Train MSE: 0.2461 | Val MSE: 0.2641 | Train Meta: metadata_norm_mean=5.6358 | Val Meta: metadata_norm_mean=5.6358
Epoch  16/20 | Train MSE: 0.2460 | Val MSE: 0.2648 | Train Meta: metadata_norm_mean=5.6358 | Val Meta: metadata_norm_mean=5.6358
Epoch  17/20 | Train MSE: 0.2460 | Val MSE: 0.2645 | Train Meta: metadata_norm_mean=5.6358 | Val Meta: metadata_norm_mean=5.6358
Epoch  18/20 | Train MSE: 0.2459 | Val MSE: 0.2640 | Train Meta: metadata_norm_mean=5.6358 | Val Meta: metadata_norm_mean=5.6358
Epoch  19/20 | Train MSE: 0.2459 | Val MSE: 0.2638 | Train Meta: metadata_norm_mean=5.6358 | Val Meta: metadata_norm_mean=5.6358
Epoch  20/20 | Train MSE: 0.2459 | Val MSE: 0.2646 | Train Meta: metadata_norm_mean=5.6358 | Val Meta: metadata_norm_mean=5.6358

Random Encoder Forecasting Result (ETTm1, pred_len=96)
MSE : 0.329977
MAE : 0.373921
Stats metadata preview | dataset=ETTm1 | domain=ETTm1 | channels=7
   - HUFL: Channel statistics over the training split: mean value is -0.000, standard deviation is 1.000, minimum value is -4.418, maximum value is 2.652, median value is 0.128, and mean absolute value is 0.698.
/data/pjh_workspace/ts-env/lib/python3.8/site-packages/torch/nn/modules/transformer.py:307: UserWarning: enable_nested_tensor is True, but self.use_nested_tensor is False because encoder_layer.norm_first was True
  warnings.warn(f"enable_nested_tensor is True, but self.use_nested_tensor is False because {why_not_sparsity_fast_path}")
==================================================
🚀 Architecture: LAYA Random Encoder
📊 Target Dataset: ETTm1 (Channels: 7)
📊 Prediction Length: 192
==================================================
✅ Encoder is RANDOMLY initialized and FROZEN (Linear Probing mode).
Epoch   1/20 | Train MSE: 0.3240 | Val MSE: 0.3130 | Train Meta: metadata_norm_mean=5.6358 | Val Meta: metadata_norm_mean=5.6358
Epoch   2/20 | Train MSE: 0.3006 | Val MSE: 0.3082 | Train Meta: metadata_norm_mean=5.6358 | Val Meta: metadata_norm_mean=5.6358
Epoch   3/20 | Train MSE: 0.2982 | Val MSE: 0.3063 | Train Meta: metadata_norm_mean=5.6358 | Val Meta: metadata_norm_mean=5.6358
Epoch   4/20 | Train MSE: 0.2973 | Val MSE: 0.3054 | Train Meta: metadata_norm_mean=5.6358 | Val Meta: metadata_norm_mean=5.6358
Epoch   5/20 | Train MSE: 0.2967 | Val MSE: 0.3042 | Train Meta: metadata_norm_mean=5.6358 | Val Meta: metadata_norm_mean=5.6358
Epoch   6/20 | Train MSE: 0.2963 | Val MSE: 0.3052 | Train Meta: metadata_norm_mean=5.6358 | Val Meta: metadata_norm_mean=5.6358
Epoch   7/20 | Train MSE: 0.2961 | Val MSE: 0.3045 | Train Meta: metadata_norm_mean=5.6358 | Val Meta: metadata_norm_mean=5.6358
Epoch   8/20 | Train MSE: 0.2958 | Val MSE: 0.3043 | Train Meta: metadata_norm_mean=5.6358 | Val Meta: metadata_norm_mean=5.6358
Epoch   9/20 | Train MSE: 0.2957 | Val MSE: 0.3037 | Train Meta: metadata_norm_mean=5.6358 | Val Meta: metadata_norm_mean=5.6358
Epoch  10/20 | Train MSE: 0.2956 | Val MSE: 0.3044 | Train Meta: metadata_norm_mean=5.6358 | Val Meta: metadata_norm_mean=5.6358
Epoch  11/20 | Train MSE: 0.2954 | Val MSE: 0.3040 | Train Meta: metadata_norm_mean=5.6358 | Val Meta: metadata_norm_mean=5.6358
Epoch  12/20 | Train MSE: 0.2954 | Val MSE: 0.3040 | Train Meta: metadata_norm_mean=5.6358 | Val Meta: metadata_norm_mean=5.6358
Epoch  13/20 | Train MSE: 0.2953 | Val MSE: 0.3042 | Train Meta: metadata_norm_mean=5.6358 | Val Meta: metadata_norm_mean=5.6358
Epoch  14/20 | Train MSE: 0.2952 | Val MSE: 0.3050 | Train Meta: metadata_norm_mean=5.6358 | Val Meta: metadata_norm_mean=5.6358
Epoch  15/20 | Train MSE: 0.2951 | Val MSE: 0.3033 | Train Meta: metadata_norm_mean=5.6358 | Val Meta: metadata_norm_mean=5.6358
Epoch  16/20 | Train MSE: 0.2951 | Val MSE: 0.3029 | Train Meta: metadata_norm_mean=5.6358 | Val Meta: metadata_norm_mean=5.6358
Epoch  17/20 | Train MSE: 0.2951 | Val MSE: 0.3041 | Train Meta: metadata_norm_mean=5.6358 | Val Meta: metadata_norm_mean=5.6358
Epoch  18/20 | Train MSE: 0.2951 | Val MSE: 0.3035 | Train Meta: metadata_norm_mean=5.6358 | Val Meta: metadata_norm_mean=5.6358
Epoch  19/20 | Train MSE: 0.2950 | Val MSE: 0.3027 | Train Meta: metadata_norm_mean=5.6358 | Val Meta: metadata_norm_mean=5.6358
Epoch  20/20 | Train MSE: 0.2950 | Val MSE: 0.3036 | Train Meta: metadata_norm_mean=5.6358 | Val Meta: metadata_norm_mean=5.6358

Random Encoder Forecasting Result (ETTm1, pred_len=192)
MSE : 0.380381
MAE : 0.404576
Stats metadata preview | dataset=ETTm1 | domain=ETTm1 | channels=7
   - HUFL: Channel statistics over the training split: mean value is -0.000, standard deviation is 1.000, minimum value is -4.418, maximum value is 2.652, median value is 0.128, and mean absolute value is 0.698.
/data/pjh_workspace/ts-env/lib/python3.8/site-packages/torch/nn/modules/transformer.py:307: UserWarning: enable_nested_tensor is True, but self.use_nested_tensor is False because encoder_layer.norm_first was True
  warnings.warn(f"enable_nested_tensor is True, but self.use_nested_tensor is False because {why_not_sparsity_fast_path}")
==================================================
🚀 Architecture: LAYA Random Encoder
📊 Target Dataset: ETTm1 (Channels: 7)
📊 Prediction Length: 336
==================================================
✅ Encoder is RANDOMLY initialized and FROZEN (Linear Probing mode).
Epoch   1/20 | Train MSE: 0.3749 | Val MSE: 0.3542 | Train Meta: metadata_norm_mean=5.6358 | Val Meta: metadata_norm_mean=5.6358
Epoch   2/20 | Train MSE: 0.3548 | Val MSE: 0.3508 | Train Meta: metadata_norm_mean=5.6358 | Val Meta: metadata_norm_mean=5.6358
Epoch   3/20 | Train MSE: 0.3528 | Val MSE: 0.3514 | Train Meta: metadata_norm_mean=5.6358 | Val Meta: metadata_norm_mean=5.6358
Epoch   4/20 | Train MSE: 0.3520 | Val MSE: 0.3497 | Train Meta: metadata_norm_mean=5.6358 | Val Meta: metadata_norm_mean=5.6358
Epoch   5/20 | Train MSE: 0.3515 | Val MSE: 0.3469 | Train Meta: metadata_norm_mean=5.6358 | Val Meta: metadata_norm_mean=5.6358
Epoch   6/20 | Train MSE: 0.3511 | Val MSE: 0.3475 | Train Meta: metadata_norm_mean=5.6358 | Val Meta: metadata_norm_mean=5.6358
Epoch   7/20 | Train MSE: 0.3509 | Val MSE: 0.3476 | Train Meta: metadata_norm_mean=5.6358 | Val Meta: metadata_norm_mean=5.6358
Epoch   8/20 | Train MSE: 0.3507 | Val MSE: 0.3486 | Train Meta: metadata_norm_mean=5.6358 | Val Meta: metadata_norm_mean=5.6358
Epoch   9/20 | Train MSE: 0.3505 | Val MSE: 0.3468 | Train Meta: metadata_norm_mean=5.6358 | Val Meta: metadata_norm_mean=5.6358
Epoch  10/20 | Train MSE: 0.3504 | Val MSE: 0.3474 | Train Meta: metadata_norm_mean=5.6358 | Val Meta: metadata_norm_mean=5.6358
Epoch  11/20 | Train MSE: 0.3503 | Val MSE: 0.3467 | Train Meta: metadata_norm_mean=5.6358 | Val Meta: metadata_norm_mean=5.6358
Epoch  12/20 | Train MSE: 0.3502 | Val MSE: 0.3479 | Train Meta: metadata_norm_mean=5.6358 | Val Meta: metadata_norm_mean=5.6358
Epoch  13/20 | Train MSE: 0.3501 | Val MSE: 0.3478 | Train Meta: metadata_norm_mean=5.6358 | Val Meta: metadata_norm_mean=5.6358
Epoch  14/20 | Train MSE: 0.3501 | Val MSE: 0.3474 | Train Meta: metadata_norm_mean=5.6358 | Val Meta: metadata_norm_mean=5.6358
Epoch  15/20 | Train MSE: 0.3500 | Val MSE: 0.3469 | Train Meta: metadata_norm_mean=5.6358 | Val Meta: metadata_norm_mean=5.6358
Epoch  16/20 | Train MSE: 0.3500 | Val MSE: 0.3474 | Train Meta: metadata_norm_mean=5.6358 | Val Meta: metadata_norm_mean=5.6358
Epoch  17/20 | Train MSE: 0.3500 | Val MSE: 0.3467 | Train Meta: metadata_norm_mean=5.6358 | Val Meta: metadata_norm_mean=5.6358
Epoch  18/20 | Train MSE: 0.3499 | Val MSE: 0.3466 | Train Meta: metadata_norm_mean=5.6358 | Val Meta: metadata_norm_mean=5.6358
Epoch  19/20 | Train MSE: 0.3499 | Val MSE: 0.3466 | Train Meta: metadata_norm_mean=5.6358 | Val Meta: metadata_norm_mean=5.6358
Epoch  20/20 | Train MSE: 0.3498 | Val MSE: 0.3471 | Train Meta: metadata_norm_mean=5.6358 | Val Meta: metadata_norm_mean=5.6358

Random Encoder Forecasting Result (ETTm1, pred_len=336)
MSE : 0.431394
MAE : 0.436630
Stats metadata preview | dataset=ETTm1 | domain=ETTm1 | channels=7
   - HUFL: Channel statistics over the training split: mean value is -0.000, standard deviation is 1.000, minimum value is -4.418, maximum value is 2.652, median value is 0.128, and mean absolute value is 0.698.
/data/pjh_workspace/ts-env/lib/python3.8/site-packages/torch/nn/modules/transformer.py:307: UserWarning: enable_nested_tensor is True, but self.use_nested_tensor is False because encoder_layer.norm_first was True
  warnings.warn(f"enable_nested_tensor is True, but self.use_nested_tensor is False because {why_not_sparsity_fast_path}")
==================================================
🚀 Architecture: LAYA Random Encoder
📊 Target Dataset: ETTm1 (Channels: 7)
📊 Prediction Length: 720
==================================================
✅ Encoder is RANDOMLY initialized and FROZEN (Linear Probing mode).
Epoch   1/20 | Train MSE: 0.4687 | Val MSE: 0.4309 | Train Meta: metadata_norm_mean=5.6358 | Val Meta: metadata_norm_mean=5.6358
Epoch   2/20 | Train MSE: 0.4507 | Val MSE: 0.4278 | Train Meta: metadata_norm_mean=5.6358 | Val Meta: metadata_norm_mean=5.6358
Epoch   3/20 | Train MSE: 0.4490 | Val MSE: 0.4271 | Train Meta: metadata_norm_mean=5.6358 | Val Meta: metadata_norm_mean=5.6358
Epoch   4/20 | Train MSE: 0.4483 | Val MSE: 0.4274 | Train Meta: metadata_norm_mean=5.6358 | Val Meta: metadata_norm_mean=5.6358
Epoch   5/20 | Train MSE: 0.4478 | Val MSE: 0.4272 | Train Meta: metadata_norm_mean=5.6358 | Val Meta: metadata_norm_mean=5.6358
Epoch   6/20 | Train MSE: 0.4475 | Val MSE: 0.4263 | Train Meta: metadata_norm_mean=5.6358 | Val Meta: metadata_norm_mean=5.6358
Epoch   7/20 | Train MSE: 0.4472 | Val MSE: 0.4252 | Train Meta: metadata_norm_mean=5.6358 | Val Meta: metadata_norm_mean=5.6358
Epoch   8/20 | Train MSE: 0.4471 | Val MSE: 0.4256 | Train Meta: metadata_norm_mean=5.6358 | Val Meta: metadata_norm_mean=5.6358
Epoch   9/20 | Train MSE: 0.4470 | Val MSE: 0.4248 | Train Meta: metadata_norm_mean=5.6358 | Val Meta: metadata_norm_mean=5.6358
Epoch  10/20 | Train MSE: 0.4468 | Val MSE: 0.4249 | Train Meta: metadata_norm_mean=5.6358 | Val Meta: metadata_norm_mean=5.6358
Epoch  11/20 | Train MSE: 0.4467 | Val MSE: 0.4256 | Train Meta: metadata_norm_mean=5.6358 | Val Meta: metadata_norm_mean=5.6358
Epoch  12/20 | Train MSE: 0.4467 | Val MSE: 0.4254 | Train Meta: metadata_norm_mean=5.6358 | Val Meta: metadata_norm_mean=5.6358
Epoch  13/20 | Train MSE: 0.4466 | Val MSE: 0.4255 | Train Meta: metadata_norm_mean=5.6358 | Val Meta: metadata_norm_mean=5.6358
Epoch  14/20 | Train MSE: 0.4465 | Val MSE: 0.4238 | Train Meta: metadata_norm_mean=5.6358 | Val Meta: metadata_norm_mean=5.6358
Epoch  15/20 | Train MSE: 0.4465 | Val MSE: 0.4243 | Train Meta: metadata_norm_mean=5.6358 | Val Meta: metadata_norm_mean=5.6358
Epoch  16/20 | Train MSE: 0.4464 | Val MSE: 0.4251 | Train Meta: metadata_norm_mean=5.6358 | Val Meta: metadata_norm_mean=5.6358
Epoch  17/20 | Train MSE: 0.4464 | Val MSE: 0.4246 | Train Meta: metadata_norm_mean=5.6358 | Val Meta: metadata_norm_mean=5.6358
Epoch  18/20 | Train MSE: 0.4464 | Val MSE: 0.4234 | Train Meta: metadata_norm_mean=5.6358 | Val Meta: metadata_norm_mean=5.6358
Epoch  19/20 | Train MSE: 0.4463 | Val MSE: 0.4247 | Train Meta: metadata_norm_mean=5.6358 | Val Meta: metadata_norm_mean=5.6358
Epoch  20/20 | Train MSE: 0.4463 | Val MSE: 0.4258 | Train Meta: metadata_norm_mean=5.6358 | Val Meta: metadata_norm_mean=5.6358

Random Encoder Forecasting Result (ETTm1, pred_len=720)
MSE : 0.484714
MAE : 0.474646
Stats metadata preview | dataset=ETTm2 | domain=ETTm2 | channels=7
   - HUFL: Channel statistics over the training split: mean value is 0.000, standard deviation is 1.000, minimum value is -4.096, maximum value is 6.712, median value is 0.066, and mean absolute value is 0.721.
/data/pjh_workspace/ts-env/lib/python3.8/site-packages/torch/nn/modules/transformer.py:307: UserWarning: enable_nested_tensor is True, but self.use_nested_tensor is False because encoder_layer.norm_first was True
  warnings.warn(f"enable_nested_tensor is True, but self.use_nested_tensor is False because {why_not_sparsity_fast_path}")
==================================================
🚀 Architecture: LAYA Random Encoder
📊 Target Dataset: ETTm2 (Channels: 7)
📊 Prediction Length: 96
==================================================
✅ Encoder is RANDOMLY initialized and FROZEN (Linear Probing mode).
Epoch   1/20 | Train MSE: 0.2504 | Val MSE: 0.1527 | Train Meta: metadata_norm_mean=5.6357 | Val Meta: metadata_norm_mean=5.6357
Epoch   2/20 | Train MSE: 0.2157 | Val MSE: 0.1490 | Train Meta: metadata_norm_mean=5.6357 | Val Meta: metadata_norm_mean=5.6357
Epoch   3/20 | Train MSE: 0.2110 | Val MSE: 0.1475 | Train Meta: metadata_norm_mean=5.6357 | Val Meta: metadata_norm_mean=5.6357
Epoch   4/20 | Train MSE: 0.2090 | Val MSE: 0.1469 | Train Meta: metadata_norm_mean=5.6357 | Val Meta: metadata_norm_mean=5.6357
Epoch   5/20 | Train MSE: 0.2081 | Val MSE: 0.1466 | Train Meta: metadata_norm_mean=5.6357 | Val Meta: metadata_norm_mean=5.6357
Epoch   6/20 | Train MSE: 0.2078 | Val MSE: 0.1468 | Train Meta: metadata_norm_mean=5.6357 | Val Meta: metadata_norm_mean=5.6357
Epoch   7/20 | Train MSE: 0.2074 | Val MSE: 0.1459 | Train Meta: metadata_norm_mean=5.6357 | Val Meta: metadata_norm_mean=5.6357
Epoch   8/20 | Train MSE: 0.2071 | Val MSE: 0.1464 | Train Meta: metadata_norm_mean=5.6357 | Val Meta: metadata_norm_mean=5.6357
Epoch   9/20 | Train MSE: 0.2068 | Val MSE: 0.1460 | Train Meta: metadata_norm_mean=5.6357 | Val Meta: metadata_norm_mean=5.6357
Epoch  10/20 | Train MSE: 0.2064 | Val MSE: 0.1463 | Train Meta: metadata_norm_mean=5.6357 | Val Meta: metadata_norm_mean=5.6357
Epoch  11/20 | Train MSE: 0.2063 | Val MSE: 0.1465 | Train Meta: metadata_norm_mean=5.6357 | Val Meta: metadata_norm_mean=5.6357
Epoch  12/20 | Train MSE: 0.2063 | Val MSE: 0.1469 | Train Meta: metadata_norm_mean=5.6357 | Val Meta: metadata_norm_mean=5.6357
Epoch  13/20 | Train MSE: 0.2063 | Val MSE: 0.1464 | Train Meta: metadata_norm_mean=5.6357 | Val Meta: metadata_norm_mean=5.6357
Epoch  14/20 | Train MSE: 0.2062 | Val MSE: 0.1469 | Train Meta: metadata_norm_mean=5.6357 | Val Meta: metadata_norm_mean=5.6357
Epoch  15/20 | Train MSE: 0.2059 | Val MSE: 0.1469 | Train Meta: metadata_norm_mean=5.6357 | Val Meta: metadata_norm_mean=5.6357
Epoch  16/20 | Train MSE: 0.2058 | Val MSE: 0.1466 | Train Meta: metadata_norm_mean=5.6357 | Val Meta: metadata_norm_mean=5.6357
Epoch  17/20 | Train MSE: 0.2057 | Val MSE: 0.1466 | Train Meta: metadata_norm_mean=5.6357 | Val Meta: metadata_norm_mean=5.6357
Epoch  18/20 | Train MSE: 0.2058 | Val MSE: 0.1459 | Train Meta: metadata_norm_mean=5.6357 | Val Meta: metadata_norm_mean=5.6357
Epoch  19/20 | Train MSE: 0.2059 | Val MSE: 0.1459 | Train Meta: metadata_norm_mean=5.6357 | Val Meta: metadata_norm_mean=5.6357
Epoch  20/20 | Train MSE: 0.2057 | Val MSE: 0.1457 | Train Meta: metadata_norm_mean=5.6357 | Val Meta: metadata_norm_mean=5.6357

Random Encoder Forecasting Result (ETTm2, pred_len=96)
MSE : 0.148562
MAE : 0.252976
Stats metadata preview | dataset=ETTm2 | domain=ETTm2 | channels=7
   - HUFL: Channel statistics over the training split: mean value is 0.000, standard deviation is 1.000, minimum value is -4.096, maximum value is 6.712, median value is 0.066, and mean absolute value is 0.721.
/data/pjh_workspace/ts-env/lib/python3.8/site-packages/torch/nn/modules/transformer.py:307: UserWarning: enable_nested_tensor is True, but self.use_nested_tensor is False because encoder_layer.norm_first was True
  warnings.warn(f"enable_nested_tensor is True, but self.use_nested_tensor is False because {why_not_sparsity_fast_path}")
==================================================
🚀 Architecture: LAYA Random Encoder
📊 Target Dataset: ETTm2 (Channels: 7)
📊 Prediction Length: 192
==================================================
✅ Encoder is RANDOMLY initialized and FROZEN (Linear Probing mode).
Epoch   1/20 | Train MSE: 0.3214 | Val MSE: 0.2026 | Train Meta: metadata_norm_mean=5.6357 | Val Meta: metadata_norm_mean=5.6357
Epoch   2/20 | Train MSE: 0.2953 | Val MSE: 0.1985 | Train Meta: metadata_norm_mean=5.6357 | Val Meta: metadata_norm_mean=5.6357
Epoch   3/20 | Train MSE: 0.2915 | Val MSE: 0.1977 | Train Meta: metadata_norm_mean=5.6357 | Val Meta: metadata_norm_mean=5.6357
Epoch   4/20 | Train MSE: 0.2903 | Val MSE: 0.1965 | Train Meta: metadata_norm_mean=5.6357 | Val Meta: metadata_norm_mean=5.6357
Epoch   5/20 | Train MSE: 0.2896 | Val MSE: 0.1965 | Train Meta: metadata_norm_mean=5.6357 | Val Meta: metadata_norm_mean=5.6357
Epoch   6/20 | Train MSE: 0.2889 | Val MSE: 0.1973 | Train Meta: metadata_norm_mean=5.6357 | Val Meta: metadata_norm_mean=5.6357
Epoch   7/20 | Train MSE: 0.2887 | Val MSE: 0.1953 | Train Meta: metadata_norm_mean=5.6357 | Val Meta: metadata_norm_mean=5.6357
Epoch   8/20 | Train MSE: 0.2884 | Val MSE: 0.1963 | Train Meta: metadata_norm_mean=5.6357 | Val Meta: metadata_norm_mean=5.6357
Epoch   9/20 | Train MSE: 0.2882 | Val MSE: 0.1952 | Train Meta: metadata_norm_mean=5.6357 | Val Meta: metadata_norm_mean=5.6357
Epoch  10/20 | Train MSE: 0.2877 | Val MSE: 0.1956 | Train Meta: metadata_norm_mean=5.6357 | Val Meta: metadata_norm_mean=5.6357
Epoch  11/20 | Train MSE: 0.2880 | Val MSE: 0.1960 | Train Meta: metadata_norm_mean=5.6357 | Val Meta: metadata_norm_mean=5.6357
Epoch  12/20 | Train MSE: 0.2879 | Val MSE: 0.1960 | Train Meta: metadata_norm_mean=5.6357 | Val Meta: metadata_norm_mean=5.6357
Epoch  13/20 | Train MSE: 0.2875 | Val MSE: 0.1961 | Train Meta: metadata_norm_mean=5.6357 | Val Meta: metadata_norm_mean=5.6357
Epoch  14/20 | Train MSE: 0.2876 | Val MSE: 0.1954 | Train Meta: metadata_norm_mean=5.6357 | Val Meta: metadata_norm_mean=5.6357
Epoch  15/20 | Train MSE: 0.2876 | Val MSE: 0.1963 | Train Meta: metadata_norm_mean=5.6357 | Val Meta: metadata_norm_mean=5.6357
Epoch  16/20 | Train MSE: 0.2876 | Val MSE: 0.1952 | Train Meta: metadata_norm_mean=5.6357 | Val Meta: metadata_norm_mean=5.6357
Epoch  17/20 | Train MSE: 0.2875 | Val MSE: 0.1947 | Train Meta: metadata_norm_mean=5.6357 | Val Meta: metadata_norm_mean=5.6357
Epoch  18/20 | Train MSE: 0.2874 | Val MSE: 0.1960 | Train Meta: metadata_norm_mean=5.6357 | Val Meta: metadata_norm_mean=5.6357
Epoch  19/20 | Train MSE: 0.2874 | Val MSE: 0.1950 | Train Meta: metadata_norm_mean=5.6357 | Val Meta: metadata_norm_mean=5.6357
Epoch  20/20 | Train MSE: 0.2872 | Val MSE: 0.1963 | Train Meta: metadata_norm_mean=5.6357 | Val Meta: metadata_norm_mean=5.6357

Random Encoder Forecasting Result (ETTm2, pred_len=192)
MSE : 0.181485
MAE : 0.280626
Stats metadata preview | dataset=ETTm2 | domain=ETTm2 | channels=7
   - HUFL: Channel statistics over the training split: mean value is 0.000, standard deviation is 1.000, minimum value is -4.096, maximum value is 6.712, median value is 0.066, and mean absolute value is 0.721.
/data/pjh_workspace/ts-env/lib/python3.8/site-packages/torch/nn/modules/transformer.py:307: UserWarning: enable_nested_tensor is True, but self.use_nested_tensor is False because encoder_layer.norm_first was True
  warnings.warn(f"enable_nested_tensor is True, but self.use_nested_tensor is False because {why_not_sparsity_fast_path}")
==================================================
🚀 Architecture: LAYA Random Encoder
📊 Target Dataset: ETTm2 (Channels: 7)
📊 Prediction Length: 336
==================================================
✅ Encoder is RANDOMLY initialized and FROZEN (Linear Probing mode).
Epoch   1/20 | Train MSE: 0.4011 | Val MSE: 0.2482 | Train Meta: metadata_norm_mean=5.6357 | Val Meta: metadata_norm_mean=5.6357
Epoch   2/20 | Train MSE: 0.3798 | Val MSE: 0.2441 | Train Meta: metadata_norm_mean=5.6357 | Val Meta: metadata_norm_mean=5.6357
Epoch   3/20 | Train MSE: 0.3766 | Val MSE: 0.2431 | Train Meta: metadata_norm_mean=5.6357 | Val Meta: metadata_norm_mean=5.6357
Epoch   4/20 | Train MSE: 0.3755 | Val MSE: 0.2439 | Train Meta: metadata_norm_mean=5.6357 | Val Meta: metadata_norm_mean=5.6357
Epoch   5/20 | Train MSE: 0.3748 | Val MSE: 0.2430 | Train Meta: metadata_norm_mean=5.6357 | Val Meta: metadata_norm_mean=5.6357
Epoch   6/20 | Train MSE: 0.3743 | Val MSE: 0.2447 | Train Meta: metadata_norm_mean=5.6357 | Val Meta: metadata_norm_mean=5.6357
Epoch   7/20 | Train MSE: 0.3741 | Val MSE: 0.2433 | Train Meta: metadata_norm_mean=5.6357 | Val Meta: metadata_norm_mean=5.6357
Epoch   8/20 | Train MSE: 0.3737 | Val MSE: 0.2442 | Train Meta: metadata_norm_mean=5.6357 | Val Meta: metadata_norm_mean=5.6357
Epoch   9/20 | Train MSE: 0.3735 | Val MSE: 0.2431 | Train Meta: metadata_norm_mean=5.6357 | Val Meta: metadata_norm_mean=5.6357
Epoch  10/20 | Train MSE: 0.3735 | Val MSE: 0.2427 | Train Meta: metadata_norm_mean=5.6357 | Val Meta: metadata_norm_mean=5.6357
Epoch  11/20 | Train MSE: 0.3731 | Val MSE: 0.2419 | Train Meta: metadata_norm_mean=5.6357 | Val Meta: metadata_norm_mean=5.6357
Epoch  12/20 | Train MSE: 0.3732 | Val MSE: 0.2412 | Train Meta: metadata_norm_mean=5.6357 | Val Meta: metadata_norm_mean=5.6357
Epoch  13/20 | Train MSE: 0.3730 | Val MSE: 0.2423 | Train Meta: metadata_norm_mean=5.6357 | Val Meta: metadata_norm_mean=5.6357
Epoch  14/20 | Train MSE: 0.3729 | Val MSE: 0.2428 | Train Meta: metadata_norm_mean=5.6357 | Val Meta: metadata_norm_mean=5.6357
Epoch  15/20 | Train MSE: 0.3727 | Val MSE: 0.2426 | Train Meta: metadata_norm_mean=5.6357 | Val Meta: metadata_norm_mean=5.6357
Epoch  16/20 | Train MSE: 0.3729 | Val MSE: 0.2423 | Train Meta: metadata_norm_mean=5.6357 | Val Meta: metadata_norm_mean=5.6357
Epoch  17/20 | Train MSE: 0.3728 | Val MSE: 0.2423 | Train Meta: metadata_norm_mean=5.6357 | Val Meta: metadata_norm_mean=5.6357
Epoch  18/20 | Train MSE: 0.3727 | Val MSE: 0.2425 | Train Meta: metadata_norm_mean=5.6357 | Val Meta: metadata_norm_mean=5.6357
Epoch  19/20 | Train MSE: 0.3727 | Val MSE: 0.2415 | Train Meta: metadata_norm_mean=5.6357 | Val Meta: metadata_norm_mean=5.6357
Epoch  20/20 | Train MSE: 0.3726 | Val MSE: 0.2415 | Train Meta: metadata_norm_mean=5.6357 | Val Meta: metadata_norm_mean=5.6357

Random Encoder Forecasting Result (ETTm2, pred_len=336)
MSE : 0.217163
MAE : 0.306972
Stats metadata preview | dataset=ETTm2 | domain=ETTm2 | channels=7
   - HUFL: Channel statistics over the training split: mean value is 0.000, standard deviation is 1.000, minimum value is -4.096, maximum value is 6.712, median value is 0.066, and mean absolute value is 0.721.
/data/pjh_workspace/ts-env/lib/python3.8/site-packages/torch/nn/modules/transformer.py:307: UserWarning: enable_nested_tensor is True, but self.use_nested_tensor is False because encoder_layer.norm_first was True
  warnings.warn(f"enable_nested_tensor is True, but self.use_nested_tensor is False because {why_not_sparsity_fast_path}")
==================================================
🚀 Architecture: LAYA Random Encoder
📊 Target Dataset: ETTm2 (Channels: 7)
📊 Prediction Length: 720
==================================================
✅ Encoder is RANDOMLY initialized and FROZEN (Linear Probing mode).
Epoch   1/20 | Train MSE: 0.5100 | Val MSE: 0.3166 | Train Meta: metadata_norm_mean=5.6357 | Val Meta: metadata_norm_mean=5.6357
Epoch   2/20 | Train MSE: 0.4942 | Val MSE: 0.3149 | Train Meta: metadata_norm_mean=5.6357 | Val Meta: metadata_norm_mean=5.6357
Epoch   3/20 | Train MSE: 0.4919 | Val MSE: 0.3135 | Train Meta: metadata_norm_mean=5.6357 | Val Meta: metadata_norm_mean=5.6357
Epoch   4/20 | Train MSE: 0.4910 | Val MSE: 0.3140 | Train Meta: metadata_norm_mean=5.6357 | Val Meta: metadata_norm_mean=5.6357
Epoch   5/20 | Train MSE: 0.4903 | Val MSE: 0.3143 | Train Meta: metadata_norm_mean=5.6357 | Val Meta: metadata_norm_mean=5.6357
Epoch   6/20 | Train MSE: 0.4901 | Val MSE: 0.3161 | Train Meta: metadata_norm_mean=5.6357 | Val Meta: metadata_norm_mean=5.6357
Epoch   7/20 | Train MSE: 0.4898 | Val MSE: 0.3119 | Train Meta: metadata_norm_mean=5.6357 | Val Meta: metadata_norm_mean=5.6357
Epoch   8/20 | Train MSE: 0.4894 | Val MSE: 0.3122 | Train Meta: metadata_norm_mean=5.6357 | Val Meta: metadata_norm_mean=5.6357
Epoch   9/20 | Train MSE: 0.4893 | Val MSE: 0.3111 | Train Meta: metadata_norm_mean=5.6357 | Val Meta: metadata_norm_mean=5.6357
Epoch  10/20 | Train MSE: 0.4893 | Val MSE: 0.3120 | Train Meta: metadata_norm_mean=5.6357 | Val Meta: metadata_norm_mean=5.6357
Epoch  11/20 | Train MSE: 0.4890 | Val MSE: 0.3119 | Train Meta: metadata_norm_mean=5.6357 | Val Meta: metadata_norm_mean=5.6357
Epoch  12/20 | Train MSE: 0.4889 | Val MSE: 0.3126 | Train Meta: metadata_norm_mean=5.6357 | Val Meta: metadata_norm_mean=5.6357
Epoch  13/20 | Train MSE: 0.4888 | Val MSE: 0.3125 | Train Meta: metadata_norm_mean=5.6357 | Val Meta: metadata_norm_mean=5.6357
Epoch  14/20 | Train MSE: 0.4889 | Val MSE: 0.3114 | Train Meta: metadata_norm_mean=5.6357 | Val Meta: metadata_norm_mean=5.6357
Epoch  15/20 | Train MSE: 0.4888 | Val MSE: 0.3135 | Train Meta: metadata_norm_mean=5.6357 | Val Meta: metadata_norm_mean=5.6357
Epoch  16/20 | Train MSE: 0.4885 | Val MSE: 0.3114 | Train Meta: metadata_norm_mean=5.6357 | Val Meta: metadata_norm_mean=5.6357
Epoch  17/20 | Train MSE: 0.4885 | Val MSE: 0.3110 | Train Meta: metadata_norm_mean=5.6357 | Val Meta: metadata_norm_mean=5.6357
Epoch  18/20 | Train MSE: 0.4888 | Val MSE: 0.3110 | Train Meta: metadata_norm_mean=5.6357 | Val Meta: metadata_norm_mean=5.6357
Epoch  19/20 | Train MSE: 0.4885 | Val MSE: 0.3125 | Train Meta: metadata_norm_mean=5.6357 | Val Meta: metadata_norm_mean=5.6357
Epoch  20/20 | Train MSE: 0.4885 | Val MSE: 0.3141 | Train Meta: metadata_norm_mean=5.6357 | Val Meta: metadata_norm_mean=5.6357

Random Encoder Forecasting Result (ETTm2, pred_len=720)
MSE : 0.271578
MAE : 0.344225
Stats metadata preview | dataset=weather | domain=weather | channels=21
   - p (mbar): Channel statistics over the training split: mean value is -0.000, standard deviation is 1.000, minimum value is -3.309, maximum value is 3.410, median value is 0.052, and mean absolute value is 0.768.
/data/pjh_workspace/ts-env/lib/python3.8/site-packages/torch/nn/modules/transformer.py:307: UserWarning: enable_nested_tensor is True, but self.use_nested_tensor is False because encoder_layer.norm_first was True
  warnings.warn(f"enable_nested_tensor is True, but self.use_nested_tensor is False because {why_not_sparsity_fast_path}")
==================================================
🚀 Architecture: LAYA Random Encoder
📊 Target Dataset: weather (Channels: 21)
📊 Prediction Length: 96
==================================================
✅ Encoder is RANDOMLY initialized and FROZEN (Linear Probing mode).
Epoch   1/20 | Train MSE: 0.4114 | Val MSE: 0.4910 | Train Meta: metadata_norm_mean=5.6358 | Val Meta: metadata_norm_mean=5.6358
Epoch   2/20 | Train MSE: 0.3785 | Val MSE: 0.4869 | Train Meta: metadata_norm_mean=5.6358 | Val Meta: metadata_norm_mean=5.6358
Epoch   3/20 | Train MSE: 0.3748 | Val MSE: 0.4843 | Train Meta: metadata_norm_mean=5.6358 | Val Meta: metadata_norm_mean=5.6358
Epoch   4/20 | Train MSE: 0.3735 | Val MSE: 0.4833 | Train Meta: metadata_norm_mean=5.6358 | Val Meta: metadata_norm_mean=5.6358
Epoch   5/20 | Train MSE: 0.3726 | Val MSE: 0.4823 | Train Meta: metadata_norm_mean=5.6358 | Val Meta: metadata_norm_mean=5.6358
Epoch   6/20 | Train MSE: 0.3722 | Val MSE: 0.4820 | Train Meta: metadata_norm_mean=5.6358 | Val Meta: metadata_norm_mean=5.6358
Epoch   7/20 | Train MSE: 0.3719 | Val MSE: 0.4804 | Train Meta: metadata_norm_mean=5.6358 | Val Meta: metadata_norm_mean=5.6358
Epoch   8/20 | Train MSE: 0.3717 | Val MSE: 0.4815 | Train Meta: metadata_norm_mean=5.6358 | Val Meta: metadata_norm_mean=5.6358
Epoch   9/20 | Train MSE: 0.3715 | Val MSE: 0.4816 | Train Meta: metadata_norm_mean=5.6358 | Val Meta: metadata_norm_mean=5.6358
Epoch  10/20 | Train MSE: 0.3713 | Val MSE: 0.4827 | Train Meta: metadata_norm_mean=5.6358 | Val Meta: metadata_norm_mean=5.6358
Epoch  11/20 | Train MSE: 0.3712 | Val MSE: 0.4810 | Train Meta: metadata_norm_mean=5.6358 | Val Meta: metadata_norm_mean=5.6358
Epoch  12/20 | Train MSE: 0.3711 | Val MSE: 0.4809 | Train Meta: metadata_norm_mean=5.6358 | Val Meta: metadata_norm_mean=5.6358
Epoch  13/20 | Train MSE: 0.3708 | Val MSE: 0.4799 | Train Meta: metadata_norm_mean=5.6358 | Val Meta: metadata_norm_mean=5.6358
Epoch  14/20 | Train MSE: 0.3709 | Val MSE: 0.4808 | Train Meta: metadata_norm_mean=5.6358 | Val Meta: metadata_norm_mean=5.6358
Epoch  15/20 | Train MSE: 0.3708 | Val MSE: 0.4800 | Train Meta: metadata_norm_mean=5.6358 | Val Meta: metadata_norm_mean=5.6358
Epoch  16/20 | Train MSE: 0.3708 | Val MSE: 0.4815 | Train Meta: metadata_norm_mean=5.6358 | Val Meta: metadata_norm_mean=5.6358
Epoch  17/20 | Train MSE: 0.3706 | Val MSE: 0.4812 | Train Meta: metadata_norm_mean=5.6358 | Val Meta: metadata_norm_mean=5.6358
Epoch  18/20 | Train MSE: 0.3707 | Val MSE: 0.4807 | Train Meta: metadata_norm_mean=5.6358 | Val Meta: metadata_norm_mean=5.6358
Epoch  19/20 | Train MSE: 0.3706 | Val MSE: 0.4803 | Train Meta: metadata_norm_mean=5.6358 | Val Meta: metadata_norm_mean=5.6358
Epoch  20/20 | Train MSE: 0.3707 | Val MSE: 0.4802 | Train Meta: metadata_norm_mean=5.6358 | Val Meta: metadata_norm_mean=5.6358

Random Encoder Forecasting Result (weather, pred_len=96)
MSE : 0.214654
MAE : 0.266562
Stats metadata preview | dataset=weather | domain=weather | channels=21
   - p (mbar): Channel statistics over the training split: mean value is -0.000, standard deviation is 1.000, minimum value is -3.309, maximum value is 3.410, median value is 0.052, and mean absolute value is 0.768.
/data/pjh_workspace/ts-env/lib/python3.8/site-packages/torch/nn/modules/transformer.py:307: UserWarning: enable_nested_tensor is True, but self.use_nested_tensor is False because encoder_layer.norm_first was True
  warnings.warn(f"enable_nested_tensor is True, but self.use_nested_tensor is False because {why_not_sparsity_fast_path}")
==================================================
🚀 Architecture: LAYA Random Encoder
📊 Target Dataset: weather (Channels: 21)
📊 Prediction Length: 192
==================================================
✅ Encoder is RANDOMLY initialized and FROZEN (Linear Probing mode).
Epoch   1/20 | Train MSE: 0.4604 | Val MSE: 0.5656 | Train Meta: metadata_norm_mean=5.6358 | Val Meta: metadata_norm_mean=5.6358
Epoch   2/20 | Train MSE: 0.4338 | Val MSE: 0.5595 | Train Meta: metadata_norm_mean=5.6358 | Val Meta: metadata_norm_mean=5.6358
Epoch   3/20 | Train MSE: 0.4309 | Val MSE: 0.5603 | Train Meta: metadata_norm_mean=5.6358 | Val Meta: metadata_norm_mean=5.6358
Epoch   4/20 | Train MSE: 0.4299 | Val MSE: 0.5607 | Train Meta: metadata_norm_mean=5.6358 | Val Meta: metadata_norm_mean=5.6358
Epoch   5/20 | Train MSE: 0.4293 | Val MSE: 0.5591 | Train Meta: metadata_norm_mean=5.6358 | Val Meta: metadata_norm_mean=5.6358
Epoch   6/20 | Train MSE: 0.4288 | Val MSE: 0.5582 | Train Meta: metadata_norm_mean=5.6358 | Val Meta: metadata_norm_mean=5.6358
Epoch   7/20 | Train MSE: 0.4286 | Val MSE: 0.5589 | Train Meta: metadata_norm_mean=5.6358 | Val Meta: metadata_norm_mean=5.6358
Epoch   8/20 | Train MSE: 0.4285 | Val MSE: 0.5574 | Train Meta: metadata_norm_mean=5.6358 | Val Meta: metadata_norm_mean=5.6358
Epoch   9/20 | Train MSE: 0.4283 | Val MSE: 0.5584 | Train Meta: metadata_norm_mean=5.6358 | Val Meta: metadata_norm_mean=5.6358
Epoch  10/20 | Train MSE: 0.4281 | Val MSE: 0.5582 | Train Meta: metadata_norm_mean=5.6358 | Val Meta: metadata_norm_mean=5.6358
Epoch  11/20 | Train MSE: 0.4280 | Val MSE: 0.5592 | Train Meta: metadata_norm_mean=5.6358 | Val Meta: metadata_norm_mean=5.6358
Epoch  12/20 | Train MSE: 0.4279 | Val MSE: 0.5592 | Train Meta: metadata_norm_mean=5.6358 | Val Meta: metadata_norm_mean=5.6358
Epoch  13/20 | Train MSE: 0.4279 | Val MSE: 0.5581 | Train Meta: metadata_norm_mean=5.6358 | Val Meta: metadata_norm_mean=5.6358
Epoch  14/20 | Train MSE: 0.4278 | Val MSE: 0.5584 | Train Meta: metadata_norm_mean=5.6358 | Val Meta: metadata_norm_mean=5.6358
Epoch  15/20 | Train MSE: 0.4278 | Val MSE: 0.5576 | Train Meta: metadata_norm_mean=5.6358 | Val Meta: metadata_norm_mean=5.6358
Epoch  16/20 | Train MSE: 0.4277 | Val MSE: 0.5586 | Train Meta: metadata_norm_mean=5.6358 | Val Meta: metadata_norm_mean=5.6358
Epoch  17/20 | Train MSE: 0.4276 | Val MSE: 0.5591 | Train Meta: metadata_norm_mean=5.6358 | Val Meta: metadata_norm_mean=5.6358
Epoch  18/20 | Train MSE: 0.4277 | Val MSE: 0.5575 | Train Meta: metadata_norm_mean=5.6358 | Val Meta: metadata_norm_mean=5.6358
Epoch  19/20 | Train MSE: 0.4276 | Val MSE: 0.5573 | Train Meta: metadata_norm_mean=5.6358 | Val Meta: metadata_norm_mean=5.6358
Epoch  20/20 | Train MSE: 0.4275 | Val MSE: 0.5582 | Train Meta: metadata_norm_mean=5.6358 | Val Meta: metadata_norm_mean=5.6358

Random Encoder Forecasting Result (weather, pred_len=192)
MSE : 0.268163
MAE : 0.308803
Stats metadata preview | dataset=weather | domain=weather | channels=21
   - p (mbar): Channel statistics over the training split: mean value is -0.000, standard deviation is 1.000, minimum value is -3.309, maximum value is 3.410, median value is 0.052, and mean absolute value is 0.768.
/data/pjh_workspace/ts-env/lib/python3.8/site-packages/torch/nn/modules/transformer.py:307: UserWarning: enable_nested_tensor is True, but self.use_nested_tensor is False because encoder_layer.norm_first was True
  warnings.warn(f"enable_nested_tensor is True, but self.use_nested_tensor is False because {why_not_sparsity_fast_path}")
==================================================
🚀 Architecture: LAYA Random Encoder
📊 Target Dataset: weather (Channels: 21)
📊 Prediction Length: 336
==================================================
✅ Encoder is RANDOMLY initialized and FROZEN (Linear Probing mode).
Epoch   1/20 | Train MSE: 0.5107 | Val MSE: 0.6401 | Train Meta: metadata_norm_mean=5.6358 | Val Meta: metadata_norm_mean=5.6358
Epoch   2/20 | Train MSE: 0.4885 | Val MSE: 0.6361 | Train Meta: metadata_norm_mean=5.6358 | Val Meta: metadata_norm_mean=5.6358
Epoch   3/20 | Train MSE: 0.4861 | Val MSE: 0.6341 | Train Meta: metadata_norm_mean=5.6358 | Val Meta: metadata_norm_mean=5.6358
Epoch   4/20 | Train MSE: 0.4851 | Val MSE: 0.6342 | Train Meta: metadata_norm_mean=5.6358 | Val Meta: metadata_norm_mean=5.6358
Epoch   5/20 | Train MSE: 0.4845 | Val MSE: 0.6329 | Train Meta: metadata_norm_mean=5.6358 | Val Meta: metadata_norm_mean=5.6358
Epoch   6/20 | Train MSE: 0.4842 | Val MSE: 0.6332 | Train Meta: metadata_norm_mean=5.6358 | Val Meta: metadata_norm_mean=5.6358
Epoch   7/20 | Train MSE: 0.4840 | Val MSE: 0.6340 | Train Meta: metadata_norm_mean=5.6358 | Val Meta: metadata_norm_mean=5.6358
Epoch   8/20 | Train MSE: 0.4838 | Val MSE: 0.6340 | Train Meta: metadata_norm_mean=5.6358 | Val Meta: metadata_norm_mean=5.6358
Epoch   9/20 | Train MSE: 0.4836 | Val MSE: 0.6340 | Train Meta: metadata_norm_mean=5.6358 | Val Meta: metadata_norm_mean=5.6358
Epoch  10/20 | Train MSE: 0.4836 | Val MSE: 0.6328 | Train Meta: metadata_norm_mean=5.6358 | Val Meta: metadata_norm_mean=5.6358
Epoch  11/20 | Train MSE: 0.4835 | Val MSE: 0.6329 | Train Meta: metadata_norm_mean=5.6358 | Val Meta: metadata_norm_mean=5.6358
Epoch  12/20 | Train MSE: 0.4834 | Val MSE: 0.6350 | Train Meta: metadata_norm_mean=5.6358 | Val Meta: metadata_norm_mean=5.6358
Epoch  13/20 | Train MSE: 0.4833 | Val MSE: 0.6354 | Train Meta: metadata_norm_mean=5.6358 | Val Meta: metadata_norm_mean=5.6358
Epoch  14/20 | Train MSE: 0.4833 | Val MSE: 0.6348 | Train Meta: metadata_norm_mean=5.6358 | Val Meta: metadata_norm_mean=5.6358
Epoch  15/20 | Train MSE: 0.4833 | Val MSE: 0.6345 | Train Meta: metadata_norm_mean=5.6358 | Val Meta: metadata_norm_mean=5.6358
Epoch  16/20 | Train MSE: 0.4832 | Val MSE: 0.6327 | Train Meta: metadata_norm_mean=5.6358 | Val Meta: metadata_norm_mean=5.6358
Epoch  17/20 | Train MSE: 0.4831 | Val MSE: 0.6321 | Train Meta: metadata_norm_mean=5.6358 | Val Meta: metadata_norm_mean=5.6358
Epoch  18/20 | Train MSE: 0.4831 | Val MSE: 0.6350 | Train Meta: metadata_norm_mean=5.6358 | Val Meta: metadata_norm_mean=5.6358
Epoch  19/20 | Train MSE: 0.4831 | Val MSE: 0.6320 | Train Meta: metadata_norm_mean=5.6358 | Val Meta: metadata_norm_mean=5.6358
Epoch  20/20 | Train MSE: 0.4831 | Val MSE: 0.6338 | Train Meta: metadata_norm_mean=5.6358 | Val Meta: metadata_norm_mean=5.6358

Random Encoder Forecasting Result (weather, pred_len=336)
MSE : 0.319313
MAE : 0.346301
Stats metadata preview | dataset=weather | domain=weather | channels=21
   - p (mbar): Channel statistics over the training split: mean value is -0.000, standard deviation is 1.000, minimum value is -3.309, maximum value is 3.410, median value is 0.052, and mean absolute value is 0.768.
/data/pjh_workspace/ts-env/lib/python3.8/site-packages/torch/nn/modules/transformer.py:307: UserWarning: enable_nested_tensor is True, but self.use_nested_tensor is False because encoder_layer.norm_first was True
  warnings.warn(f"enable_nested_tensor is True, but self.use_nested_tensor is False because {why_not_sparsity_fast_path}")
==================================================
🚀 Architecture: LAYA Random Encoder
📊 Target Dataset: weather (Channels: 21)
📊 Prediction Length: 720
==================================================
✅ Encoder is RANDOMLY initialized and FROZEN (Linear Probing mode).
Epoch   1/20 | Train MSE: 0.5745 | Val MSE: 0.7348 | Train Meta: metadata_norm_mean=5.6358 | Val Meta: metadata_norm_mean=5.6358
Epoch   2/20 | Train MSE: 0.5567 | Val MSE: 0.7307 | Train Meta: metadata_norm_mean=5.6358 | Val Meta: metadata_norm_mean=5.6358
Epoch   3/20 | Train MSE: 0.5546 | Val MSE: 0.7320 | Train Meta: metadata_norm_mean=5.6358 | Val Meta: metadata_norm_mean=5.6358
Epoch   4/20 | Train MSE: 0.5537 | Val MSE: 0.7316 | Train Meta: metadata_norm_mean=5.6358 | Val Meta: metadata_norm_mean=5.6358
Epoch   5/20 | Train MSE: 0.5533 | Val MSE: 0.7297 | Train Meta: metadata_norm_mean=5.6358 | Val Meta: metadata_norm_mean=5.6358
Epoch   6/20 | Train MSE: 0.5529 | Val MSE: 0.7299 | Train Meta: metadata_norm_mean=5.6358 | Val Meta: metadata_norm_mean=5.6358
Epoch   7/20 | Train MSE: 0.5528 | Val MSE: 0.7282 | Train Meta: metadata_norm_mean=5.6358 | Val Meta: metadata_norm_mean=5.6358
Epoch   8/20 | Train MSE: 0.5526 | Val MSE: 0.7286 | Train Meta: metadata_norm_mean=5.6358 | Val Meta: metadata_norm_mean=5.6358
Epoch   9/20 | Train MSE: 0.5525 | Val MSE: 0.7283 | Train Meta: metadata_norm_mean=5.6358 | Val Meta: metadata_norm_mean=5.6358
Epoch  10/20 | Train MSE: 0.5524 | Val MSE: 0.7308 | Train Meta: metadata_norm_mean=5.6358 | Val Meta: metadata_norm_mean=5.6358
Epoch  11/20 | Train MSE: 0.5523 | Val MSE: 0.7300 | Train Meta: metadata_norm_mean=5.6358 | Val Meta: metadata_norm_mean=5.6358
Epoch  12/20 | Train MSE: 0.5522 | Val MSE: 0.7287 | Train Meta: metadata_norm_mean=5.6358 | Val Meta: metadata_norm_mean=5.6358
Epoch  13/20 | Train MSE: 0.5523 | Val MSE: 0.7289 | Train Meta: metadata_norm_mean=5.6358 | Val Meta: metadata_norm_mean=5.6358
Epoch  14/20 | Train MSE: 0.5522 | Val MSE: 0.7298 | Train Meta: metadata_norm_mean=5.6358 | Val Meta: metadata_norm_mean=5.6358
Epoch  15/20 | Train MSE: 0.5521 | Val MSE: 0.7320 | Train Meta: metadata_norm_mean=5.6358 | Val Meta: metadata_norm_mean=5.6358
Epoch  16/20 | Train MSE: 0.5521 | Val MSE: 0.7287 | Train Meta: metadata_norm_mean=5.6358 | Val Meta: metadata_norm_mean=5.6358
Epoch  17/20 | Train MSE: 0.5521 | Val MSE: 0.7288 | Train Meta: metadata_norm_mean=5.6358 | Val Meta: metadata_norm_mean=5.6358
Epoch  18/20 | Train MSE: 0.5521 | Val MSE: 0.7290 | Train Meta: metadata_norm_mean=5.6358 | Val Meta: metadata_norm_mean=5.6358
Epoch  19/20 | Train MSE: 0.5520 | Val MSE: 0.7313 | Train Meta: metadata_norm_mean=5.6358 | Val Meta: metadata_norm_mean=5.6358
Epoch  20/20 | Train MSE: 0.5520 | Val MSE: 0.7295 | Train Meta: metadata_norm_mean=5.6358 | Val Meta: metadata_norm_mean=5.6358

Random Encoder Forecasting Result (weather, pred_len=720)
MSE : 0.399212
MAE : 0.400569
