Text metadata preview | dataset=ETTm1 | domain=ETTm1 | channels=7
   - HUFL: In the ETTm1 domain, this channel belongs to the ETTm1 dataset and represents the feature HUFL.
   - HULL: In the ETTm1 domain, this channel belongs to the ETTm1 dataset and represents the feature HULL.
   - ... (5 more channel descriptions)
Stats metadata preview | dataset=ETTm1 | domain=ETTm1 | channels=7
   - HUFL: Channel statistics over the training split: mean value is -0.000, standard deviation is 1.000, minimum value is -4.418, maximum value is 2.652, median value is 0.128, and mean absolute value is 0.698.
/data/pjh_workspace/ts-env/lib/python3.8/site-packages/torch/nn/modules/transformer.py:307: UserWarning: enable_nested_tensor is True, but self.use_nested_tensor is False because encoder_layer.norm_first was True
  warnings.warn(f"enable_nested_tensor is True, but self.use_nested_tensor is False because {why_not_sparsity_fast_path}")
==================================================
🚀 Architecture: LAYA Random Encoder
📊 Target Dataset: ETTm1 (Channels: 7)
📊 Prediction Length: 96
==================================================
✅ Encoder is RANDOMLY initialized and FROZEN (Linear Probing mode).
Epoch   1/20 | Train MSE: 0.2810 | Val MSE: 0.2755 | Train Meta: metadata_norm_mean=3.8988 | Val Meta: metadata_norm_mean=3.8988
Epoch   2/20 | Train MSE: 0.2528 | Val MSE: 0.2702 | Train Meta: metadata_norm_mean=3.8988 | Val Meta: metadata_norm_mean=3.8988
Epoch   3/20 | Train MSE: 0.2498 | Val MSE: 0.2677 | Train Meta: metadata_norm_mean=3.8988 | Val Meta: metadata_norm_mean=3.8988
Epoch   4/20 | Train MSE: 0.2486 | Val MSE: 0.2666 | Train Meta: metadata_norm_mean=3.8988 | Val Meta: metadata_norm_mean=3.8988
Epoch   5/20 | Train MSE: 0.2479 | Val MSE: 0.2656 | Train Meta: metadata_norm_mean=3.8988 | Val Meta: metadata_norm_mean=3.8988
Epoch   6/20 | Train MSE: 0.2474 | Val MSE: 0.2665 | Train Meta: metadata_norm_mean=3.8988 | Val Meta: metadata_norm_mean=3.8988
Epoch   7/20 | Train MSE: 0.2471 | Val MSE: 0.2664 | Train Meta: metadata_norm_mean=3.8988 | Val Meta: metadata_norm_mean=3.8988
Epoch   8/20 | Train MSE: 0.2469 | Val MSE: 0.2652 | Train Meta: metadata_norm_mean=3.8988 | Val Meta: metadata_norm_mean=3.8988
Epoch   9/20 | Train MSE: 0.2466 | Val MSE: 0.2651 | Train Meta: metadata_norm_mean=3.8988 | Val Meta: metadata_norm_mean=3.8988
Epoch  10/20 | Train MSE: 0.2465 | Val MSE: 0.2651 | Train Meta: metadata_norm_mean=3.8988 | Val Meta: metadata_norm_mean=3.8988
Epoch  11/20 | Train MSE: 0.2464 | Val MSE: 0.2650 | Train Meta: metadata_norm_mean=3.8988 | Val Meta: metadata_norm_mean=3.8988
Epoch  12/20 | Train MSE: 0.2462 | Val MSE: 0.2650 | Train Meta: metadata_norm_mean=3.8988 | Val Meta: metadata_norm_mean=3.8988
Epoch  13/20 | Train MSE: 0.2462 | Val MSE: 0.2643 | Train Meta: metadata_norm_mean=3.8988 | Val Meta: metadata_norm_mean=3.8988
Epoch  14/20 | Train MSE: 0.2461 | Val MSE: 0.2650 | Train Meta: metadata_norm_mean=3.8988 | Val Meta: metadata_norm_mean=3.8988
Text metadata preview | dataset=ETTm1 | domain=ETTm1 | channels=7
   - HUFL: In the ETTm1 domain, this channel belongs to the ETTm1 dataset and represents the feature HUFL.
   - HULL: In the ETTm1 domain, this channel belongs to the ETTm1 dataset and represents the feature HULL.
   - ... (5 more channel descriptions)
Stats metadata preview | dataset=ETTm1 | domain=ETTm1 | channels=7
   - HUFL: Channel statistics over the training split: mean value is -0.000, standard deviation is 1.000, minimum value is -4.418, maximum value is 2.652, median value is 0.128, and mean absolute value is 0.698.
/data/pjh_workspace/ts-env/lib/python3.8/site-packages/torch/nn/modules/transformer.py:307: UserWarning: enable_nested_tensor is True, but self.use_nested_tensor is False because encoder_layer.norm_first was True
  warnings.warn(f"enable_nested_tensor is True, but self.use_nested_tensor is False because {why_not_sparsity_fast_path}")
==================================================
🚀 Architecture: LAYA Random Encoder
📊 Target Dataset: ETTm1 (Channels: 7)
📊 Prediction Length: 96
==================================================
✅ Encoder is RANDOMLY initialized and FROZEN (Linear Probing mode).
Epoch   1/20 | Train MSE: 0.2810 | Val MSE: 0.2755 | Train Meta: metadata_norm_mean=3.8988 | Val Meta: metadata_norm_mean=3.8988
Epoch   2/20 | Train MSE: 0.2528 | Val MSE: 0.2702 | Train Meta: metadata_norm_mean=3.8988 | Val Meta: metadata_norm_mean=3.8988
Epoch   3/20 | Train MSE: 0.2498 | Val MSE: 0.2677 | Train Meta: metadata_norm_mean=3.8988 | Val Meta: metadata_norm_mean=3.8988
Epoch   4/20 | Train MSE: 0.2486 | Val MSE: 0.2666 | Train Meta: metadata_norm_mean=3.8988 | Val Meta: metadata_norm_mean=3.8988
Epoch   5/20 | Train MSE: 0.2479 | Val MSE: 0.2656 | Train Meta: metadata_norm_mean=3.8988 | Val Meta: metadata_norm_mean=3.8988
Epoch   6/20 | Train MSE: 0.2474 | Val MSE: 0.2665 | Train Meta: metadata_norm_mean=3.8988 | Val Meta: metadata_norm_mean=3.8988
