Text metadata preview | dataset=ETTm1 | domain=ETTm1 | channels=7
   - HUFL: In the ETTm1 domain, this channel belongs to the ETTm1 dataset and represents the feature HUFL.
   - HULL: In the ETTm1 domain, this channel belongs to the ETTm1 dataset and represents the feature HULL.
   - ... (5 more channel descriptions)
/data/pjh_workspace/ts-env/lib/python3.8/site-packages/torch/nn/modules/transformer.py:307: UserWarning: enable_nested_tensor is True, but self.use_nested_tensor is False because encoder_layer.norm_first was True
  warnings.warn(f"enable_nested_tensor is True, but self.use_nested_tensor is False because {why_not_sparsity_fast_path}")
==================================================
🚀 Architecture: LAYA Random Encoder
📊 Target Dataset: ETTm1 (Channels: 7)
📊 Prediction Length: 96
==================================================
✅ Encoder is RANDOMLY initialized and FROZEN (Linear Probing mode).
Epoch   1/20 | Train MSE: 0.2815 | Val MSE: 0.2764 | Train Meta: metadata_norm_mean=5.6401, relation_gate_mean=0.0019, relation_gate_sparsity=0.0000, relation_scale_mean=0.7616, relation_scores_mean_abs=0.0074, score_delta_mean_abs=0.0000, score_delta_ratio=0.0058, signal_score_mean_abs=0.0057 | Val Meta: metadata_norm_mean=5.6401, relation_gate_mean=0.0019, relation_gate_sparsity=0.0000, relation_scale_mean=0.7616, relation_scores_mean_abs=0.0074, score_delta_mean_abs=0.0000, score_delta_ratio=0.0058, signal_score_mean_abs=0.0056
Epoch   2/20 | Train MSE: 0.2529 | Val MSE: 0.2692 | Train Meta: metadata_norm_mean=5.6401, relation_gate_mean=0.0019, relation_gate_sparsity=0.0000, relation_scale_mean=0.7616, relation_scores_mean_abs=0.0074, score_delta_mean_abs=0.0000, score_delta_ratio=0.0058, signal_score_mean_abs=0.0056 | Val Meta: metadata_norm_mean=5.6401, relation_gate_mean=0.0019, relation_gate_sparsity=0.0000, relation_scale_mean=0.7616, relation_scores_mean_abs=0.0074, score_delta_mean_abs=0.0000, score_delta_ratio=0.0058, signal_score_mean_abs=0.0056
Epoch   3/20 | Train MSE: 0.2497 | Val MSE: 0.2673 | Train Meta: metadata_norm_mean=5.6401, relation_gate_mean=0.0019, relation_gate_sparsity=0.0000, relation_scale_mean=0.7616, relation_scores_mean_abs=0.0074, score_delta_mean_abs=0.0000, score_delta_ratio=0.0057, signal_score_mean_abs=0.0057 | Val Meta: metadata_norm_mean=5.6401, relation_gate_mean=0.0019, relation_gate_sparsity=0.0000, relation_scale_mean=0.7616, relation_scores_mean_abs=0.0074, score_delta_mean_abs=0.0000, score_delta_ratio=0.0058, signal_score_mean_abs=0.0056
Epoch   4/20 | Train MSE: 0.2485 | Val MSE: 0.2672 | Train Meta: metadata_norm_mean=5.6401, relation_gate_mean=0.0019, relation_gate_sparsity=0.0000, relation_scale_mean=0.7616, relation_scores_mean_abs=0.0074, score_delta_mean_abs=0.0000, score_delta_ratio=0.0057, signal_score_mean_abs=0.0056 | Val Meta: metadata_norm_mean=5.6401, relation_gate_mean=0.0019, relation_gate_sparsity=0.0000, relation_scale_mean=0.7616, relation_scores_mean_abs=0.0074, score_delta_mean_abs=0.0000, score_delta_ratio=0.0058, signal_score_mean_abs=0.0056
Epoch   5/20 | Train MSE: 0.2479 | Val MSE: 0.2675 | Train Meta: metadata_norm_mean=5.6401, relation_gate_mean=0.0019, relation_gate_sparsity=0.0000, relation_scale_mean=0.7616, relation_scores_mean_abs=0.0074, score_delta_mean_abs=0.0000, score_delta_ratio=0.0058, signal_score_mean_abs=0.0056 | Val Meta: metadata_norm_mean=5.6401, relation_gate_mean=0.0019, relation_gate_sparsity=0.0000, relation_scale_mean=0.7616, relation_scores_mean_abs=0.0074, score_delta_mean_abs=0.0000, score_delta_ratio=0.0058, signal_score_mean_abs=0.0056
Epoch   6/20 | Train MSE: 0.2474 | Val MSE: 0.2658 | Train Meta: metadata_norm_mean=5.6401, relation_gate_mean=0.0019, relation_gate_sparsity=0.0000, relation_scale_mean=0.7616, relation_scores_mean_abs=0.0074, score_delta_mean_abs=0.0000, score_delta_ratio=0.0057, signal_score_mean_abs=0.0057 | Val Meta: metadata_norm_mean=5.6401, relation_gate_mean=0.0019, relation_gate_sparsity=0.0000, relation_scale_mean=0.7616, relation_scores_mean_abs=0.0074, score_delta_mean_abs=0.0000, score_delta_ratio=0.0058, signal_score_mean_abs=0.0056
Epoch   7/20 | Train MSE: 0.2471 | Val MSE: 0.2658 | Train Meta: metadata_norm_mean=5.6401, relation_gate_mean=0.0019, relation_gate_sparsity=0.0000, relation_scale_mean=0.7616, relation_scores_mean_abs=0.0074, score_delta_mean_abs=0.0000, score_delta_ratio=0.0058, signal_score_mean_abs=0.0056 | Val Meta: metadata_norm_mean=5.6401, relation_gate_mean=0.0019, relation_gate_sparsity=0.0000, relation_scale_mean=0.7616, relation_scores_mean_abs=0.0074, score_delta_mean_abs=0.0000, score_delta_ratio=0.0058, signal_score_mean_abs=0.0056
Epoch   8/20 | Train MSE: 0.2468 | Val MSE: 0.2648 | Train Meta: metadata_norm_mean=5.6401, relation_gate_mean=0.0019, relation_gate_sparsity=0.0000, relation_scale_mean=0.7616, relation_scores_mean_abs=0.0074, score_delta_mean_abs=0.0000, score_delta_ratio=0.0057, signal_score_mean_abs=0.0056 | Val Meta: metadata_norm_mean=5.6401, relation_gate_mean=0.0019, relation_gate_sparsity=0.0000, relation_scale_mean=0.7616, relation_scores_mean_abs=0.0074, score_delta_mean_abs=0.0000, score_delta_ratio=0.0058, signal_score_mean_abs=0.0056
Epoch   9/20 | Train MSE: 0.2466 | Val MSE: 0.2639 | Train Meta: metadata_norm_mean=5.6401, relation_gate_mean=0.0019, relation_gate_sparsity=0.0000, relation_scale_mean=0.7616, relation_scores_mean_abs=0.0074, score_delta_mean_abs=0.0000, score_delta_ratio=0.0058, signal_score_mean_abs=0.0056 | Val Meta: metadata_norm_mean=5.6401, relation_gate_mean=0.0019, relation_gate_sparsity=0.0000, relation_scale_mean=0.7616, relation_scores_mean_abs=0.0074, score_delta_mean_abs=0.0000, score_delta_ratio=0.0058, signal_score_mean_abs=0.0056
Epoch  10/20 | Train MSE: 0.2465 | Val MSE: 0.2646 | Train Meta: metadata_norm_mean=5.6401, relation_gate_mean=0.0019, relation_gate_sparsity=0.0000, relation_scale_mean=0.7616, relation_scores_mean_abs=0.0074, score_delta_mean_abs=0.0000, score_delta_ratio=0.0058, signal_score_mean_abs=0.0056 | Val Meta: metadata_norm_mean=5.6401, relation_gate_mean=0.0019, relation_gate_sparsity=0.0000, relation_scale_mean=0.7616, relation_scores_mean_abs=0.0074, score_delta_mean_abs=0.0000, score_delta_ratio=0.0058, signal_score_mean_abs=0.0056
Epoch  11/20 | Train MSE: 0.2464 | Val MSE: 0.2646 | Train Meta: metadata_norm_mean=5.6401, relation_gate_mean=0.0019, relation_gate_sparsity=0.0000, relation_scale_mean=0.7616, relation_scores_mean_abs=0.0074, score_delta_mean_abs=0.0000, score_delta_ratio=0.0057, signal_score_mean_abs=0.0057 | Val Meta: metadata_norm_mean=5.6401, relation_gate_mean=0.0019, relation_gate_sparsity=0.0000, relation_scale_mean=0.7616, relation_scores_mean_abs=0.0074, score_delta_mean_abs=0.0000, score_delta_ratio=0.0058, signal_score_mean_abs=0.0056
Epoch  12/20 | Train MSE: 0.2463 | Val MSE: 0.2654 | Train Meta: metadata_norm_mean=5.6401, relation_gate_mean=0.0019, relation_gate_sparsity=0.0000, relation_scale_mean=0.7616, relation_scores_mean_abs=0.0074, score_delta_mean_abs=0.0000, score_delta_ratio=0.0058, signal_score_mean_abs=0.0056 | Val Meta: metadata_norm_mean=5.6401, relation_gate_mean=0.0019, relation_gate_sparsity=0.0000, relation_scale_mean=0.7616, relation_scores_mean_abs=0.0074, score_delta_mean_abs=0.0000, score_delta_ratio=0.0058, signal_score_mean_abs=0.0056
Epoch  13/20 | Train MSE: 0.2462 | Val MSE: 0.2651 | Train Meta: metadata_norm_mean=5.6401, relation_gate_mean=0.0019, relation_gate_sparsity=0.0000, relation_scale_mean=0.7616, relation_scores_mean_abs=0.0074, score_delta_mean_abs=0.0000, score_delta_ratio=0.0058, signal_score_mean_abs=0.0056 | Val Meta: metadata_norm_mean=5.6401, relation_gate_mean=0.0019, relation_gate_sparsity=0.0000, relation_scale_mean=0.7616, relation_scores_mean_abs=0.0074, score_delta_mean_abs=0.0000, score_delta_ratio=0.0058, signal_score_mean_abs=0.0056
Text metadata preview | dataset=ETTm1 | domain=ETTm1 | channels=7
   - HUFL: In the ETTm1 domain, this channel belongs to the ETTm1 dataset and represents the feature HUFL.
   - HULL: In the ETTm1 domain, this channel belongs to the ETTm1 dataset and represents the feature HULL.
   - ... (5 more channel descriptions)
/data/pjh_workspace/ts-env/lib/python3.8/site-packages/torch/nn/modules/transformer.py:307: UserWarning: enable_nested_tensor is True, but self.use_nested_tensor is False because encoder_layer.norm_first was True
  warnings.warn(f"enable_nested_tensor is True, but self.use_nested_tensor is False because {why_not_sparsity_fast_path}")
==================================================
🚀 Architecture: LAYA Random Encoder
📊 Target Dataset: ETTm1 (Channels: 7)
📊 Prediction Length: 96
==================================================
✅ Encoder is RANDOMLY initialized and FROZEN (Linear Probing mode).
Epoch   1/20 | Train MSE: 0.2815 | Val MSE: 0.2764 | Train Meta: metadata_norm_mean=5.6401, relation_gate_mean=0.0019, relation_gate_sparsity=0.0000, relation_scale_mean=0.7616, relation_scores_mean_abs=0.0074, score_delta_mean_abs=0.0000, score_delta_ratio=0.0058, signal_score_mean_abs=0.0057 | Val Meta: metadata_norm_mean=5.6401, relation_gate_mean=0.0019, relation_gate_sparsity=0.0000, relation_scale_mean=0.7616, relation_scores_mean_abs=0.0074, score_delta_mean_abs=0.0000, score_delta_ratio=0.0058, signal_score_mean_abs=0.0056
Epoch   2/20 | Train MSE: 0.2529 | Val MSE: 0.2692 | Train Meta: metadata_norm_mean=5.6401, relation_gate_mean=0.0019, relation_gate_sparsity=0.0000, relation_scale_mean=0.7616, relation_scores_mean_abs=0.0074, score_delta_mean_abs=0.0000, score_delta_ratio=0.0058, signal_score_mean_abs=0.0056 | Val Meta: metadata_norm_mean=5.6401, relation_gate_mean=0.0019, relation_gate_sparsity=0.0000, relation_scale_mean=0.7616, relation_scores_mean_abs=0.0074, score_delta_mean_abs=0.0000, score_delta_ratio=0.0058, signal_score_mean_abs=0.0056
Epoch   3/20 | Train MSE: 0.2497 | Val MSE: 0.2673 | Train Meta: metadata_norm_mean=5.6401, relation_gate_mean=0.0019, relation_gate_sparsity=0.0000, relation_scale_mean=0.7616, relation_scores_mean_abs=0.0074, score_delta_mean_abs=0.0000, score_delta_ratio=0.0057, signal_score_mean_abs=0.0057 | Val Meta: metadata_norm_mean=5.6401, relation_gate_mean=0.0019, relation_gate_sparsity=0.0000, relation_scale_mean=0.7616, relation_scores_mean_abs=0.0074, score_delta_mean_abs=0.0000, score_delta_ratio=0.0058, signal_score_mean_abs=0.0056
Epoch   4/20 | Train MSE: 0.2485 | Val MSE: 0.2672 | Train Meta: metadata_norm_mean=5.6401, relation_gate_mean=0.0019, relation_gate_sparsity=0.0000, relation_scale_mean=0.7616, relation_scores_mean_abs=0.0074, score_delta_mean_abs=0.0000, score_delta_ratio=0.0057, signal_score_mean_abs=0.0056 | Val Meta: metadata_norm_mean=5.6401, relation_gate_mean=0.0019, relation_gate_sparsity=0.0000, relation_scale_mean=0.7616, relation_scores_mean_abs=0.0074, score_delta_mean_abs=0.0000, score_delta_ratio=0.0058, signal_score_mean_abs=0.0056
Epoch   5/20 | Train MSE: 0.2479 | Val MSE: 0.2675 | Train Meta: metadata_norm_mean=5.6401, relation_gate_mean=0.0019, relation_gate_sparsity=0.0000, relation_scale_mean=0.7616, relation_scores_mean_abs=0.0074, score_delta_mean_abs=0.0000, score_delta_ratio=0.0058, signal_score_mean_abs=0.0056 | Val Meta: metadata_norm_mean=5.6401, relation_gate_mean=0.0019, relation_gate_sparsity=0.0000, relation_scale_mean=0.7616, relation_scores_mean_abs=0.0074, score_delta_mean_abs=0.0000, score_delta_ratio=0.0058, signal_score_mean_abs=0.0056
Epoch   6/20 | Train MSE: 0.2474 | Val MSE: 0.2658 | Train Meta: metadata_norm_mean=5.6401, relation_gate_mean=0.0019, relation_gate_sparsity=0.0000, relation_scale_mean=0.7616, relation_scores_mean_abs=0.0074, score_delta_mean_abs=0.0000, score_delta_ratio=0.0057, signal_score_mean_abs=0.0057 | Val Meta: metadata_norm_mean=5.6401, relation_gate_mean=0.0019, relation_gate_sparsity=0.0000, relation_scale_mean=0.7616, relation_scores_mean_abs=0.0074, score_delta_mean_abs=0.0000, score_delta_ratio=0.0058, signal_score_mean_abs=0.0056
