nohup: ignoring input
==================================================
🚀 Architecture: LAYA
📊 Target Dataset: ETTm2 (Channels: 7)
📊 Pretrain Info: ETTm2 (Detected Channels: 7)
📊 Prediction Length: 96
==================================================
✅ Loaded pretrained encoder from ./checkpoints/ettm2_laya_ci_adapter/laya_ts_ETTm2_s_best.pt
   - 72/72 keys matched.
ℹ️ Channel Adapter: enabled
   - position: post_encoder, heads: 4, dropout: 0.1, metadata_dropout: 0.0
   - adapter_pretrained: True
📝 metadata: mode=text, fusion=none, relation=none
ℹ️ RevIN: enabled | affine=False | subtract_last=False | eps=1e-05
ℹ️ Metadata Fusion Mode: none
ℹ️ Channel Mixer Relation Mode: none
ℹ️ Encoder Variant: default
ℹ️ Channel Relation Block: disabled
✅ Probing Head [CI, channel-wise]: [B*C, 8192] -> [B, 7, 96]
Epoch 1/20 | Steps: 1287 | LR: 0.000100 | Train Loss: 0.341946 | Val Loss: 0.221443 | Train Meta: AdapterScaleμ:0.4526, AdapterMetaScaleμ:-0.1165, AdapterGateμ:0.4164, AdapterBias|B|μ:33.5320, AdapterMetaOn:1.00, AdapterMetaNZ%:100.0, AdapterΔ/Input:27.43% | Val Meta: AdapterScaleμ:0.4526, AdapterMetaScaleμ:-0.1165, AdapterGateμ:0.4164, AdapterBias|B|μ:33.4824, AdapterMetaOn:1.00, AdapterMetaNZ%:100.0, AdapterΔ/Input:24.81%
   -> Updated best validation state: val_loss=0.221443 at epoch 1
Epoch 2/20 | Steps: 1287 | LR: 0.000100 | Train Loss: 0.303570 | Val Loss: 0.203243 | Train Meta: AdapterScaleμ:0.4526, AdapterMetaScaleμ:-0.1165, AdapterGateμ:0.4164, AdapterBias|B|μ:33.5394, AdapterMetaOn:1.00, AdapterMetaNZ%:100.0, AdapterΔ/Input:26.95% | Val Meta: AdapterScaleμ:0.4526, AdapterMetaScaleμ:-0.1165, AdapterGateμ:0.4164, AdapterBias|B|μ:33.4824, AdapterMetaOn:1.00, AdapterMetaNZ%:100.0, AdapterΔ/Input:24.81%
   -> Updated best validation state: val_loss=0.203243 at epoch 2
Epoch 3/20 | Steps: 1287 | LR: 0.000100 | Train Loss: 0.285105 | Val Loss: 0.199997 | Train Meta: AdapterScaleμ:0.4526, AdapterMetaScaleμ:-0.1165, AdapterGateμ:0.4164, AdapterBias|B|μ:33.4968, AdapterMetaOn:1.00, AdapterMetaNZ%:100.0, AdapterΔ/Input:27.47% | Val Meta: AdapterScaleμ:0.4526, AdapterMetaScaleμ:-0.1165, AdapterGateμ:0.4164, AdapterBias|B|μ:33.4824, AdapterMetaOn:1.00, AdapterMetaNZ%:100.0, AdapterΔ/Input:24.81%
   -> Updated best validation state: val_loss=0.199997 at epoch 3
Epoch 4/20 | Steps: 1287 | LR: 0.000100 | Train Loss: 0.270898 | Val Loss: 0.197189 | Train Meta: AdapterScaleμ:0.4526, AdapterMetaScaleμ:-0.1165, AdapterGateμ:0.4164, AdapterBias|B|μ:33.4952, AdapterMetaOn:1.00, AdapterMetaNZ%:100.0, AdapterΔ/Input:26.92% | Val Meta: AdapterScaleμ:0.4526, AdapterMetaScaleμ:-0.1165, AdapterGateμ:0.4164, AdapterBias|B|μ:33.4824, AdapterMetaOn:1.00, AdapterMetaNZ%:100.0, AdapterΔ/Input:24.81%
   -> Updated best validation state: val_loss=0.197189 at epoch 4
Epoch 5/20 | Steps: 1287 | LR: 0.000100 | Train Loss: 0.261557 | Val Loss: 0.192348 | Train Meta: AdapterScaleμ:0.4526, AdapterMetaScaleμ:-0.1165, AdapterGateμ:0.4164, AdapterBias|B|μ:33.4889, AdapterMetaOn:1.00, AdapterMetaNZ%:100.0, AdapterΔ/Input:27.33% | Val Meta: AdapterScaleμ:0.4526, AdapterMetaScaleμ:-0.1165, AdapterGateμ:0.4164, AdapterBias|B|μ:33.4824, AdapterMetaOn:1.00, AdapterMetaNZ%:100.0, AdapterΔ/Input:24.81%
   -> Updated best validation state: val_loss=0.192348 at epoch 5
Epoch 6/20 | Steps: 1287 | LR: 0.000100 | Train Loss: 0.255624 | Val Loss: 0.189160 | Train Meta: AdapterScaleμ:0.4526, AdapterMetaScaleμ:-0.1165, AdapterGateμ:0.4164, AdapterBias|B|μ:33.4753, AdapterMetaOn:1.00, AdapterMetaNZ%:100.0, AdapterΔ/Input:27.32% | Val Meta: AdapterScaleμ:0.4526, AdapterMetaScaleμ:-0.1165, AdapterGateμ:0.4164, AdapterBias|B|μ:33.4824, AdapterMetaOn:1.00, AdapterMetaNZ%:100.0, AdapterΔ/Input:24.81%
   -> Updated best validation state: val_loss=0.189160 at epoch 6
Epoch 7/20 | Steps: 1287 | LR: 0.000100 | Train Loss: 0.248818 | Val Loss: 0.186848 | Train Meta: AdapterScaleμ:0.4526, AdapterMetaScaleμ:-0.1165, AdapterGateμ:0.4164, AdapterBias|B|μ:33.4388, AdapterMetaOn:1.00, AdapterMetaNZ%:100.0, AdapterΔ/Input:26.27% | Val Meta: AdapterScaleμ:0.4526, AdapterMetaScaleμ:-0.1165, AdapterGateμ:0.4164, AdapterBias|B|μ:33.4824, AdapterMetaOn:1.00, AdapterMetaNZ%:100.0, AdapterΔ/Input:24.81%
   -> Updated best validation state: val_loss=0.186848 at epoch 7
Epoch 8/20 | Steps: 1287 | LR: 0.000100 | Train Loss: 0.242263 | Val Loss: 0.186901 | Train Meta: AdapterScaleμ:0.4526, AdapterMetaScaleμ:-0.1165, AdapterGateμ:0.4164, AdapterBias|B|μ:33.3966, AdapterMetaOn:1.00, AdapterMetaNZ%:100.0, AdapterΔ/Input:26.94% | Val Meta: AdapterScaleμ:0.4526, AdapterMetaScaleμ:-0.1165, AdapterGateμ:0.4164, AdapterBias|B|μ:33.4824, AdapterMetaOn:1.00, AdapterMetaNZ%:100.0, AdapterΔ/Input:24.81%
Epoch 9/20 | Steps: 1287 | LR: 0.000100 | Train Loss: 0.239663 | Val Loss: 0.183955 | Train Meta: AdapterScaleμ:0.4526, AdapterMetaScaleμ:-0.1165, AdapterGateμ:0.4164, AdapterBias|B|μ:33.4279, AdapterMetaOn:1.00, AdapterMetaNZ%:100.0, AdapterΔ/Input:26.97% | Val Meta: AdapterScaleμ:0.4526, AdapterMetaScaleμ:-0.1165, AdapterGateμ:0.4164, AdapterBias|B|μ:33.4824, AdapterMetaOn:1.00, AdapterMetaNZ%:100.0, AdapterΔ/Input:24.81%
   -> Updated best validation state: val_loss=0.183955 at epoch 9
Epoch 10/20 | Steps: 1287 | LR: 0.000100 | Train Loss: 0.235282 | Val Loss: 0.180220 | Train Meta: AdapterScaleμ:0.4526, AdapterMetaScaleμ:-0.1165, AdapterGateμ:0.4164, AdapterBias|B|μ:33.5601, AdapterMetaOn:1.00, AdapterMetaNZ%:100.0, AdapterΔ/Input:26.55% | Val Meta: AdapterScaleμ:0.4526, AdapterMetaScaleμ:-0.1165, AdapterGateμ:0.4164, AdapterBias|B|μ:33.4824, AdapterMetaOn:1.00, AdapterMetaNZ%:100.0, AdapterΔ/Input:24.81%
   -> Updated best validation state: val_loss=0.180220 at epoch 10
Epoch 11/20 | Steps: 1287 | LR: 0.000100 | Train Loss: 0.230610 | Val Loss: 0.241087 | Train Meta: AdapterScaleμ:0.4526, AdapterMetaScaleμ:-0.1165, AdapterGateμ:0.4164, AdapterBias|B|μ:33.5296, AdapterMetaOn:1.00, AdapterMetaNZ%:100.0, AdapterΔ/Input:26.78% | Val Meta: AdapterScaleμ:0.4526, AdapterMetaScaleμ:-0.1165, AdapterGateμ:0.4164, AdapterBias|B|μ:33.4824, AdapterMetaOn:1.00, AdapterMetaNZ%:100.0, AdapterΔ/Input:24.81%
Epoch 12/20 | Steps: 1287 | LR: 0.000100 | Train Loss: 0.229385 | Val Loss: 0.178042 | Train Meta: AdapterScaleμ:0.4526, AdapterMetaScaleμ:-0.1165, AdapterGateμ:0.4164, AdapterBias|B|μ:33.4531, AdapterMetaOn:1.00, AdapterMetaNZ%:100.0, AdapterΔ/Input:26.18% | Val Meta: AdapterScaleμ:0.4526, AdapterMetaScaleμ:-0.1165, AdapterGateμ:0.4164, AdapterBias|B|μ:33.4824, AdapterMetaOn:1.00, AdapterMetaNZ%:100.0, AdapterΔ/Input:24.81%
   -> Updated best validation state: val_loss=0.178042 at epoch 12
Epoch 13/20 | Steps: 1287 | LR: 0.000100 | Train Loss: 0.226232 | Val Loss: 0.175887 | Train Meta: AdapterScaleμ:0.4526, AdapterMetaScaleμ:-0.1165, AdapterGateμ:0.4164, AdapterBias|B|μ:33.4847, AdapterMetaOn:1.00, AdapterMetaNZ%:100.0, AdapterΔ/Input:26.52% | Val Meta: AdapterScaleμ:0.4526, AdapterMetaScaleμ:-0.1165, AdapterGateμ:0.4164, AdapterBias|B|μ:33.4824, AdapterMetaOn:1.00, AdapterMetaNZ%:100.0, AdapterΔ/Input:24.81%
   -> Updated best validation state: val_loss=0.175887 at epoch 13
Epoch 14/20 | Steps: 1287 | LR: 0.000100 | Train Loss: 0.222719 | Val Loss: 0.179047 | Train Meta: AdapterScaleμ:0.4526, AdapterMetaScaleμ:-0.1165, AdapterGateμ:0.4164, AdapterBias|B|μ:33.4156, AdapterMetaOn:1.00, AdapterMetaNZ%:100.0, AdapterΔ/Input:27.78% | Val Meta: AdapterScaleμ:0.4526, AdapterMetaScaleμ:-0.1165, AdapterGateμ:0.4164, AdapterBias|B|μ:33.4824, AdapterMetaOn:1.00, AdapterMetaNZ%:100.0, AdapterΔ/Input:24.81%
Epoch 15/20 | Steps: 1287 | LR: 0.000100 | Train Loss: 0.221486 | Val Loss: 0.172450 | Train Meta: AdapterScaleμ:0.4526, AdapterMetaScaleμ:-0.1165, AdapterGateμ:0.4164, AdapterBias|B|μ:33.4742, AdapterMetaOn:1.00, AdapterMetaNZ%:100.0, AdapterΔ/Input:26.44% | Val Meta: AdapterScaleμ:0.4526, AdapterMetaScaleμ:-0.1165, AdapterGateμ:0.4164, AdapterBias|B|μ:33.4824, AdapterMetaOn:1.00, AdapterMetaNZ%:100.0, AdapterΔ/Input:24.81%
   -> Updated best validation state: val_loss=0.172450 at epoch 15
Epoch 16/20 | Steps: 1287 | LR: 0.000100 | Train Loss: 0.219197 | Val Loss: 0.181826 | Train Meta: AdapterScaleμ:0.4526, AdapterMetaScaleμ:-0.1165, AdapterGateμ:0.4164, AdapterBias|B|μ:33.4857, AdapterMetaOn:1.00, AdapterMetaNZ%:100.0, AdapterΔ/Input:27.40% | Val Meta: AdapterScaleμ:0.4526, AdapterMetaScaleμ:-0.1165, AdapterGateμ:0.4164, AdapterBias|B|μ:33.4824, AdapterMetaOn:1.00, AdapterMetaNZ%:100.0, AdapterΔ/Input:24.81%
Epoch 17/20 | Steps: 1287 | LR: 0.000100 | Train Loss: 0.219158 | Val Loss: 0.177753 | Train Meta: AdapterScaleμ:0.4526, AdapterMetaScaleμ:-0.1165, AdapterGateμ:0.4164, AdapterBias|B|μ:33.5632, AdapterMetaOn:1.00, AdapterMetaNZ%:100.0, AdapterΔ/Input:27.97% | Val Meta: AdapterScaleμ:0.4526, AdapterMetaScaleμ:-0.1165, AdapterGateμ:0.4164, AdapterBias|B|μ:33.4824, AdapterMetaOn:1.00, AdapterMetaNZ%:100.0, AdapterΔ/Input:24.81%
Epoch 18/20 | Steps: 1287 | LR: 0.000100 | Train Loss: 0.215568 | Val Loss: 0.173098 | Train Meta: AdapterScaleμ:0.4526, AdapterMetaScaleμ:-0.1165, AdapterGateμ:0.4164, AdapterBias|B|μ:33.5619, AdapterMetaOn:1.00, AdapterMetaNZ%:100.0, AdapterΔ/Input:26.73% | Val Meta: AdapterScaleμ:0.4526, AdapterMetaScaleμ:-0.1165, AdapterGateμ:0.4164, AdapterBias|B|μ:33.4824, AdapterMetaOn:1.00, AdapterMetaNZ%:100.0, AdapterΔ/Input:24.81%
Epoch 19/20 | Steps: 1287 | LR: 0.000100 | Train Loss: 0.213892 | Val Loss: 0.171299 | Train Meta: AdapterScaleμ:0.4526, AdapterMetaScaleμ:-0.1165, AdapterGateμ:0.4164, AdapterBias|B|μ:33.5955, AdapterMetaOn:1.00, AdapterMetaNZ%:100.0, AdapterΔ/Input:26.82% | Val Meta: AdapterScaleμ:0.4526, AdapterMetaScaleμ:-0.1165, AdapterGateμ:0.4164, AdapterBias|B|μ:33.4824, AdapterMetaOn:1.00, AdapterMetaNZ%:100.0, AdapterΔ/Input:24.81%
   -> Updated best validation state: val_loss=0.171299 at epoch 19
Epoch 20/20 | Steps: 1287 | LR: 0.000100 | Train Loss: 0.213524 | Val Loss: 0.172648 | Train Meta: AdapterScaleμ:0.4526, AdapterMetaScaleμ:-0.1165, AdapterGateμ:0.4164, AdapterBias|B|μ:33.4821, AdapterMetaOn:1.00, AdapterMetaNZ%:100.0, AdapterΔ/Input:27.58% | Val Meta: AdapterScaleμ:0.4526, AdapterMetaScaleμ:-0.1165, AdapterGateμ:0.4164, AdapterBias|B|μ:33.4824, AdapterMetaOn:1.00, AdapterMetaNZ%:100.0, AdapterΔ/Input:24.81%
{'test_mse': 0.1588011085987091, 'test_mae': 0.2704964876174927}
Saved best forecasting checkpoint under checkpoints/forecasting_ettm2_96/ettm2_laya_ci_adapter_best.pt
==================================================
🚀 Architecture: LAYA
📊 Target Dataset: ETTm2 (Channels: 7)
📊 Pretrain Info: ETTm2 (Detected Channels: 7)
📊 Prediction Length: 192
==================================================
✅ Loaded pretrained encoder from ./checkpoints/ettm2_laya_ci_adapter/laya_ts_ETTm2_s_best.pt
   - 72/72 keys matched.
ℹ️ Channel Adapter: enabled
   - position: post_encoder, heads: 4, dropout: 0.1, metadata_dropout: 0.0
   - adapter_pretrained: True
📝 metadata: mode=text, fusion=none, relation=none
ℹ️ RevIN: enabled | affine=False | subtract_last=False | eps=1e-05
ℹ️ Metadata Fusion Mode: none
ℹ️ Channel Mixer Relation Mode: none
ℹ️ Encoder Variant: default
ℹ️ Channel Relation Block: disabled
✅ Probing Head [CI, channel-wise]: [B*C, 8192] -> [B, 7, 192]
Epoch 1/20 | Steps: 1284 | LR: 0.000100 | Train Loss: 0.395968 | Val Loss: 0.260317 | Train Meta: AdapterScaleμ:0.4526, AdapterMetaScaleμ:-0.1165, AdapterGateμ:0.4164, AdapterBias|B|μ:33.5320, AdapterMetaOn:1.00, AdapterMetaNZ%:100.0, AdapterΔ/Input:26.55% | Val Meta: AdapterScaleμ:0.4526, AdapterMetaScaleμ:-0.1165, AdapterGateμ:0.4164, AdapterBias|B|μ:33.4824, AdapterMetaOn:1.00, AdapterMetaNZ%:100.0, AdapterΔ/Input:24.81%
   -> Updated best validation state: val_loss=0.260317 at epoch 1
Epoch 2/20 | Steps: 1284 | LR: 0.000100 | Train Loss: 0.360926 | Val Loss: 0.252189 | Train Meta: AdapterScaleμ:0.4526, AdapterMetaScaleμ:-0.1165, AdapterGateμ:0.4164, AdapterBias|B|μ:33.4791, AdapterMetaOn:1.00, AdapterMetaNZ%:100.0, AdapterΔ/Input:26.68% | Val Meta: AdapterScaleμ:0.4526, AdapterMetaScaleμ:-0.1165, AdapterGateμ:0.4164, AdapterBias|B|μ:33.4824, AdapterMetaOn:1.00, AdapterMetaNZ%:100.0, AdapterΔ/Input:24.81%
   -> Updated best validation state: val_loss=0.252189 at epoch 2
Epoch 3/20 | Steps: 1284 | LR: 0.000100 | Train Loss: 0.343980 | Val Loss: 0.237819 | Train Meta: AdapterScaleμ:0.4526, AdapterMetaScaleμ:-0.1165, AdapterGateμ:0.4164, AdapterBias|B|μ:33.5403, AdapterMetaOn:1.00, AdapterMetaNZ%:100.0, AdapterΔ/Input:26.69% | Val Meta: AdapterScaleμ:0.4526, AdapterMetaScaleμ:-0.1165, AdapterGateμ:0.4164, AdapterBias|B|μ:33.4824, AdapterMetaOn:1.00, AdapterMetaNZ%:100.0, AdapterΔ/Input:24.81%
   -> Updated best validation state: val_loss=0.237819 at epoch 3
Epoch 4/20 | Steps: 1284 | LR: 0.000100 | Train Loss: 0.333102 | Val Loss: 0.236369 | Train Meta: AdapterScaleμ:0.4526, AdapterMetaScaleμ:-0.1165, AdapterGateμ:0.4164, AdapterBias|B|μ:33.4849, AdapterMetaOn:1.00, AdapterMetaNZ%:100.0, AdapterΔ/Input:27.04% | Val Meta: AdapterScaleμ:0.4526, AdapterMetaScaleμ:-0.1165, AdapterGateμ:0.4164, AdapterBias|B|μ:33.4824, AdapterMetaOn:1.00, AdapterMetaNZ%:100.0, AdapterΔ/Input:24.81%
   -> Updated best validation state: val_loss=0.236369 at epoch 4
Epoch 5/20 | Steps: 1284 | LR: 0.000100 | Train Loss: 0.322799 | Val Loss: 0.229474 | Train Meta: AdapterScaleμ:0.4526, AdapterMetaScaleμ:-0.1165, AdapterGateμ:0.4164, AdapterBias|B|μ:33.3945, AdapterMetaOn:1.00, AdapterMetaNZ%:100.0, AdapterΔ/Input:26.81% | Val Meta: AdapterScaleμ:0.4526, AdapterMetaScaleμ:-0.1165, AdapterGateμ:0.4164, AdapterBias|B|μ:33.4824, AdapterMetaOn:1.00, AdapterMetaNZ%:100.0, AdapterΔ/Input:24.81%
   -> Updated best validation state: val_loss=0.229474 at epoch 5
Epoch 6/20 | Steps: 1284 | LR: 0.000100 | Train Loss: 0.317728 | Val Loss: 0.228582 | Train Meta: AdapterScaleμ:0.4526, AdapterMetaScaleμ:-0.1165, AdapterGateμ:0.4164, AdapterBias|B|μ:33.4646, AdapterMetaOn:1.00, AdapterMetaNZ%:100.0, AdapterΔ/Input:26.87% | Val Meta: AdapterScaleμ:0.4526, AdapterMetaScaleμ:-0.1165, AdapterGateμ:0.4164, AdapterBias|B|μ:33.4824, AdapterMetaOn:1.00, AdapterMetaNZ%:100.0, AdapterΔ/Input:24.81%
   -> Updated best validation state: val_loss=0.228582 at epoch 6
Epoch 7/20 | Steps: 1284 | LR: 0.000100 | Train Loss: 0.309314 | Val Loss: 0.228909 | Train Meta: AdapterScaleμ:0.4526, AdapterMetaScaleμ:-0.1165, AdapterGateμ:0.4164, AdapterBias|B|μ:33.4140, AdapterMetaOn:1.00, AdapterMetaNZ%:100.0, AdapterΔ/Input:27.09% | Val Meta: AdapterScaleμ:0.4526, AdapterMetaScaleμ:-0.1165, AdapterGateμ:0.4164, AdapterBias|B|μ:33.4824, AdapterMetaOn:1.00, AdapterMetaNZ%:100.0, AdapterΔ/Input:24.81%
Epoch 8/20 | Steps: 1284 | LR: 0.000100 | Train Loss: 0.305232 | Val Loss: 0.237664 | Train Meta: AdapterScaleμ:0.4526, AdapterMetaScaleμ:-0.1165, AdapterGateμ:0.4164, AdapterBias|B|μ:33.5901, AdapterMetaOn:1.00, AdapterMetaNZ%:100.0, AdapterΔ/Input:26.77% | Val Meta: AdapterScaleμ:0.4526, AdapterMetaScaleμ:-0.1165, AdapterGateμ:0.4164, AdapterBias|B|μ:33.4824, AdapterMetaOn:1.00, AdapterMetaNZ%:100.0, AdapterΔ/Input:24.81%
Epoch 9/20 | Steps: 1284 | LR: 0.000100 | Train Loss: 0.300369 | Val Loss: 0.240586 | Train Meta: AdapterScaleμ:0.4526, AdapterMetaScaleμ:-0.1165, AdapterGateμ:0.4164, AdapterBias|B|μ:33.5943, AdapterMetaOn:1.00, AdapterMetaNZ%:100.0, AdapterΔ/Input:26.30% | Val Meta: AdapterScaleμ:0.4526, AdapterMetaScaleμ:-0.1165, AdapterGateμ:0.4164, AdapterBias|B|μ:33.4824, AdapterMetaOn:1.00, AdapterMetaNZ%:100.0, AdapterΔ/Input:24.81%
Epoch 10/20 | Steps: 1284 | LR: 0.000100 | Train Loss: 0.295899 | Val Loss: 0.229485 | Train Meta: AdapterScaleμ:0.4526, AdapterMetaScaleμ:-0.1165, AdapterGateμ:0.4164, AdapterBias|B|μ:33.4692, AdapterMetaOn:1.00, AdapterMetaNZ%:100.0, AdapterΔ/Input:27.06% | Val Meta: AdapterScaleμ:0.4526, AdapterMetaScaleμ:-0.1165, AdapterGateμ:0.4164, AdapterBias|B|μ:33.4824, AdapterMetaOn:1.00, AdapterMetaNZ%:100.0, AdapterΔ/Input:24.81%
Epoch 11/20 | Steps: 1284 | LR: 0.000100 | Train Loss: 0.294141 | Val Loss: 0.221611 | Train Meta: AdapterScaleμ:0.4526, AdapterMetaScaleμ:-0.1165, AdapterGateμ:0.4164, AdapterBias|B|μ:33.4874, AdapterMetaOn:1.00, AdapterMetaNZ%:100.0, AdapterΔ/Input:27.17% | Val Meta: AdapterScaleμ:0.4526, AdapterMetaScaleμ:-0.1165, AdapterGateμ:0.4164, AdapterBias|B|μ:33.4824, AdapterMetaOn:1.00, AdapterMetaNZ%:100.0, AdapterΔ/Input:24.81%
   -> Updated best validation state: val_loss=0.221611 at epoch 11
Epoch 12/20 | Steps: 1284 | LR: 0.000100 | Train Loss: 0.289302 | Val Loss: 0.222106 | Train Meta: AdapterScaleμ:0.4526, AdapterMetaScaleμ:-0.1165, AdapterGateμ:0.4164, AdapterBias|B|μ:33.4529, AdapterMetaOn:1.00, AdapterMetaNZ%:100.0, AdapterΔ/Input:27.49% | Val Meta: AdapterScaleμ:0.4526, AdapterMetaScaleμ:-0.1165, AdapterGateμ:0.4164, AdapterBias|B|μ:33.4824, AdapterMetaOn:1.00, AdapterMetaNZ%:100.0, AdapterΔ/Input:24.81%
Epoch 13/20 | Steps: 1284 | LR: 0.000100 | Train Loss: 0.286597 | Val Loss: 0.220382 | Train Meta: AdapterScaleμ:0.4526, AdapterMetaScaleμ:-0.1165, AdapterGateμ:0.4164, AdapterBias|B|μ:33.6221, AdapterMetaOn:1.00, AdapterMetaNZ%:100.0, AdapterΔ/Input:27.37% | Val Meta: AdapterScaleμ:0.4526, AdapterMetaScaleμ:-0.1165, AdapterGateμ:0.4164, AdapterBias|B|μ:33.4824, AdapterMetaOn:1.00, AdapterMetaNZ%:100.0, AdapterΔ/Input:24.81%
   -> Updated best validation state: val_loss=0.220382 at epoch 13
Epoch 14/20 | Steps: 1284 | LR: 0.000100 | Train Loss: 0.284533 | Val Loss: 0.256292 | Train Meta: AdapterScaleμ:0.4526, AdapterMetaScaleμ:-0.1165, AdapterGateμ:0.4164, AdapterBias|B|μ:33.3934, AdapterMetaOn:1.00, AdapterMetaNZ%:100.0, AdapterΔ/Input:27.35% | Val Meta: AdapterScaleμ:0.4526, AdapterMetaScaleμ:-0.1165, AdapterGateμ:0.4164, AdapterBias|B|μ:33.4824, AdapterMetaOn:1.00, AdapterMetaNZ%:100.0, AdapterΔ/Input:24.81%
Epoch 15/20 | Steps: 1284 | LR: 0.000100 | Train Loss: 0.281434 | Val Loss: 0.219668 | Train Meta: AdapterScaleμ:0.4526, AdapterMetaScaleμ:-0.1165, AdapterGateμ:0.4164, AdapterBias|B|μ:33.5715, AdapterMetaOn:1.00, AdapterMetaNZ%:100.0, AdapterΔ/Input:26.96% | Val Meta: AdapterScaleμ:0.4526, AdapterMetaScaleμ:-0.1165, AdapterGateμ:0.4164, AdapterBias|B|μ:33.4824, AdapterMetaOn:1.00, AdapterMetaNZ%:100.0, AdapterΔ/Input:24.81%
   -> Updated best validation state: val_loss=0.219668 at epoch 15
Epoch 16/20 | Steps: 1284 | LR: 0.000100 | Train Loss: 0.280705 | Val Loss: 0.222274 | Train Meta: AdapterScaleμ:0.4526, AdapterMetaScaleμ:-0.1165, AdapterGateμ:0.4164, AdapterBias|B|μ:33.5914, AdapterMetaOn:1.00, AdapterMetaNZ%:100.0, AdapterΔ/Input:27.39% | Val Meta: AdapterScaleμ:0.4526, AdapterMetaScaleμ:-0.1165, AdapterGateμ:0.4164, AdapterBias|B|μ:33.4824, AdapterMetaOn:1.00, AdapterMetaNZ%:100.0, AdapterΔ/Input:24.81%
Epoch 17/20 | Steps: 1284 | LR: 0.000100 | Train Loss: 0.278278 | Val Loss: 0.218153 | Train Meta: AdapterScaleμ:0.4526, AdapterMetaScaleμ:-0.1165, AdapterGateμ:0.4164, AdapterBias|B|μ:33.5563, AdapterMetaOn:1.00, AdapterMetaNZ%:100.0, AdapterΔ/Input:27.02% | Val Meta: AdapterScaleμ:0.4526, AdapterMetaScaleμ:-0.1165, AdapterGateμ:0.4164, AdapterBias|B|μ:33.4824, AdapterMetaOn:1.00, AdapterMetaNZ%:100.0, AdapterΔ/Input:24.81%
   -> Updated best validation state: val_loss=0.218153 at epoch 17
Epoch 18/20 | Steps: 1284 | LR: 0.000100 | Train Loss: 0.275507 | Val Loss: 0.215806 | Train Meta: AdapterScaleμ:0.4526, AdapterMetaScaleμ:-0.1165, AdapterGateμ:0.4164, AdapterBias|B|μ:33.5373, AdapterMetaOn:1.00, AdapterMetaNZ%:100.0, AdapterΔ/Input:26.91% | Val Meta: AdapterScaleμ:0.4526, AdapterMetaScaleμ:-0.1165, AdapterGateμ:0.4164, AdapterBias|B|μ:33.4824, AdapterMetaOn:1.00, AdapterMetaNZ%:100.0, AdapterΔ/Input:24.81%
   -> Updated best validation state: val_loss=0.215806 at epoch 18
Epoch 19/20 | Steps: 1284 | LR: 0.000100 | Train Loss: 0.275528 | Val Loss: 0.220722 | Train Meta: AdapterScaleμ:0.4526, AdapterMetaScaleμ:-0.1165, AdapterGateμ:0.4164, AdapterBias|B|μ:33.4943, AdapterMetaOn:1.00, AdapterMetaNZ%:100.0, AdapterΔ/Input:27.17% | Val Meta: AdapterScaleμ:0.4526, AdapterMetaScaleμ:-0.1165, AdapterGateμ:0.4164, AdapterBias|B|μ:33.4824, AdapterMetaOn:1.00, AdapterMetaNZ%:100.0, AdapterΔ/Input:24.81%
Epoch 20/20 | Steps: 1284 | LR: 0.000100 | Train Loss: 0.272926 | Val Loss: 0.221482 | Train Meta: AdapterScaleμ:0.4526, AdapterMetaScaleμ:-0.1165, AdapterGateμ:0.4164, AdapterBias|B|μ:33.4709, AdapterMetaOn:1.00, AdapterMetaNZ%:100.0, AdapterΔ/Input:26.84% | Val Meta: AdapterScaleμ:0.4526, AdapterMetaScaleμ:-0.1165, AdapterGateμ:0.4164, AdapterBias|B|μ:33.4824, AdapterMetaOn:1.00, AdapterMetaNZ%:100.0, AdapterΔ/Input:24.81%
{'test_mse': 0.19136182963848114, 'test_mae': 0.29600268602371216}
Saved best forecasting checkpoint under checkpoints/forecasting_ettm2_192/ettm2_laya_ci_adapter_best.pt
==================================================
🚀 Architecture: LAYA
📊 Target Dataset: ETTm2 (Channels: 7)
📊 Pretrain Info: ETTm2 (Detected Channels: 7)
📊 Prediction Length: 336
==================================================
✅ Loaded pretrained encoder from ./checkpoints/ettm2_laya_ci_adapter/laya_ts_ETTm2_s_best.pt
   - 72/72 keys matched.
ℹ️ Channel Adapter: enabled
   - position: post_encoder, heads: 4, dropout: 0.1, metadata_dropout: 0.0
   - adapter_pretrained: True
📝 metadata: mode=text, fusion=none, relation=none
ℹ️ RevIN: enabled | affine=False | subtract_last=False | eps=1e-05
ℹ️ Metadata Fusion Mode: none
ℹ️ Channel Mixer Relation Mode: none
ℹ️ Encoder Variant: default
ℹ️ Channel Relation Block: disabled
✅ Probing Head [CI, channel-wise]: [B*C, 8192] -> [B, 7, 336]
Epoch 1/20 | Steps: 1280 | LR: 0.000100 | Train Loss: 0.449617 | Val Loss: 0.282313 | Train Meta: AdapterScaleμ:0.4526, AdapterMetaScaleμ:-0.1165, AdapterGateμ:0.4164, AdapterBias|B|μ:33.5320, AdapterMetaOn:1.00, AdapterMetaNZ%:100.0, AdapterΔ/Input:27.37% | Val Meta: AdapterScaleμ:0.4526, AdapterMetaScaleμ:-0.1165, AdapterGateμ:0.4164, AdapterBias|B|μ:33.4824, AdapterMetaOn:1.00, AdapterMetaNZ%:100.0, AdapterΔ/Input:24.81%
   -> Updated best validation state: val_loss=0.282313 at epoch 1
Epoch 2/20 | Steps: 1280 | LR: 0.000100 | Train Loss: 0.418437 | Val Loss: 0.276589 | Train Meta: AdapterScaleμ:0.4526, AdapterMetaScaleμ:-0.1165, AdapterGateμ:0.4164, AdapterBias|B|μ:33.4914, AdapterMetaOn:1.00, AdapterMetaNZ%:100.0, AdapterΔ/Input:26.28% | Val Meta: AdapterScaleμ:0.4526, AdapterMetaScaleμ:-0.1165, AdapterGateμ:0.4164, AdapterBias|B|μ:33.4824, AdapterMetaOn:1.00, AdapterMetaNZ%:100.0, AdapterΔ/Input:24.81%
   -> Updated best validation state: val_loss=0.276589 at epoch 2
Epoch 3/20 | Steps: 1280 | LR: 0.000100 | Train Loss: 0.402773 | Val Loss: 0.273411 | Train Meta: AdapterScaleμ:0.4526, AdapterMetaScaleμ:-0.1165, AdapterGateμ:0.4164, AdapterBias|B|μ:33.5086, AdapterMetaOn:1.00, AdapterMetaNZ%:100.0, AdapterΔ/Input:26.94% | Val Meta: AdapterScaleμ:0.4526, AdapterMetaScaleμ:-0.1165, AdapterGateμ:0.4164, AdapterBias|B|μ:33.4824, AdapterMetaOn:1.00, AdapterMetaNZ%:100.0, AdapterΔ/Input:24.81%
   -> Updated best validation state: val_loss=0.273411 at epoch 3
Epoch 4/20 | Steps: 1280 | LR: 0.000100 | Train Loss: 0.394047 | Val Loss: 0.268344 | Train Meta: AdapterScaleμ:0.4526, AdapterMetaScaleμ:-0.1165, AdapterGateμ:0.4164, AdapterBias|B|μ:33.5170, AdapterMetaOn:1.00, AdapterMetaNZ%:100.0, AdapterΔ/Input:26.97% | Val Meta: AdapterScaleμ:0.4526, AdapterMetaScaleμ:-0.1165, AdapterGateμ:0.4164, AdapterBias|B|μ:33.4824, AdapterMetaOn:1.00, AdapterMetaNZ%:100.0, AdapterΔ/Input:24.81%
   -> Updated best validation state: val_loss=0.268344 at epoch 4
Epoch 5/20 | Steps: 1280 | LR: 0.000100 | Train Loss: 0.384267 | Val Loss: 0.263117 | Train Meta: AdapterScaleμ:0.4526, AdapterMetaScaleμ:-0.1165, AdapterGateμ:0.4164, AdapterBias|B|μ:33.4031, AdapterMetaOn:1.00, AdapterMetaNZ%:100.0, AdapterΔ/Input:26.89% | Val Meta: AdapterScaleμ:0.4526, AdapterMetaScaleμ:-0.1165, AdapterGateμ:0.4164, AdapterBias|B|μ:33.4824, AdapterMetaOn:1.00, AdapterMetaNZ%:100.0, AdapterΔ/Input:24.81%
   -> Updated best validation state: val_loss=0.263117 at epoch 5
Epoch 6/20 | Steps: 1280 | LR: 0.000100 | Train Loss: 0.378025 | Val Loss: 0.271795 | Train Meta: AdapterScaleμ:0.4526, AdapterMetaScaleμ:-0.1165, AdapterGateμ:0.4164, AdapterBias|B|μ:33.4477, AdapterMetaOn:1.00, AdapterMetaNZ%:100.0, AdapterΔ/Input:26.85% | Val Meta: AdapterScaleμ:0.4526, AdapterMetaScaleμ:-0.1165, AdapterGateμ:0.4164, AdapterBias|B|μ:33.4824, AdapterMetaOn:1.00, AdapterMetaNZ%:100.0, AdapterΔ/Input:24.81%
Epoch 7/20 | Steps: 1280 | LR: 0.000100 | Train Loss: 0.374234 | Val Loss: 0.284571 | Train Meta: AdapterScaleμ:0.4526, AdapterMetaScaleμ:-0.1165, AdapterGateμ:0.4164, AdapterBias|B|μ:33.4474, AdapterMetaOn:1.00, AdapterMetaNZ%:100.0, AdapterΔ/Input:26.66% | Val Meta: AdapterScaleμ:0.4526, AdapterMetaScaleμ:-0.1165, AdapterGateμ:0.4164, AdapterBias|B|μ:33.4824, AdapterMetaOn:1.00, AdapterMetaNZ%:100.0, AdapterΔ/Input:24.81%
Epoch 8/20 | Steps: 1280 | LR: 0.000100 | Train Loss: 0.367742 | Val Loss: 0.267904 | Train Meta: AdapterScaleμ:0.4526, AdapterMetaScaleμ:-0.1165, AdapterGateμ:0.4164, AdapterBias|B|μ:33.5515, AdapterMetaOn:1.00, AdapterMetaNZ%:100.0, AdapterΔ/Input:27.30% | Val Meta: AdapterScaleμ:0.4526, AdapterMetaScaleμ:-0.1165, AdapterGateμ:0.4164, AdapterBias|B|μ:33.4824, AdapterMetaOn:1.00, AdapterMetaNZ%:100.0, AdapterΔ/Input:24.81%
Epoch 9/20 | Steps: 1280 | LR: 0.000100 | Train Loss: 0.363286 | Val Loss: 0.278737 | Train Meta: AdapterScaleμ:0.4526, AdapterMetaScaleμ:-0.1165, AdapterGateμ:0.4164, AdapterBias|B|μ:33.3789, AdapterMetaOn:1.00, AdapterMetaNZ%:100.0, AdapterΔ/Input:27.74% | Val Meta: AdapterScaleμ:0.4526, AdapterMetaScaleμ:-0.1165, AdapterGateμ:0.4164, AdapterBias|B|μ:33.4824, AdapterMetaOn:1.00, AdapterMetaNZ%:100.0, AdapterΔ/Input:24.81%
Epoch 10/20 | Steps: 1280 | LR: 0.000100 | Train Loss: 0.361270 | Val Loss: 0.263446 | Train Meta: AdapterScaleμ:0.4526, AdapterMetaScaleμ:-0.1165, AdapterGateμ:0.4164, AdapterBias|B|μ:33.3794, AdapterMetaOn:1.00, AdapterMetaNZ%:100.0, AdapterΔ/Input:26.52% | Val Meta: AdapterScaleμ:0.4526, AdapterMetaScaleμ:-0.1165, AdapterGateμ:0.4164, AdapterBias|B|μ:33.4824, AdapterMetaOn:1.00, AdapterMetaNZ%:100.0, AdapterΔ/Input:24.81%
Epoch 11/20 | Steps: 1280 | LR: 0.000100 | Train Loss: 0.356438 | Val Loss: 0.271761 | Train Meta: AdapterScaleμ:0.4526, AdapterMetaScaleμ:-0.1165, AdapterGateμ:0.4164, AdapterBias|B|μ:33.5757, AdapterMetaOn:1.00, AdapterMetaNZ%:100.0, AdapterΔ/Input:28.24% | Val Meta: AdapterScaleμ:0.4526, AdapterMetaScaleμ:-0.1165, AdapterGateμ:0.4164, AdapterBias|B|μ:33.4824, AdapterMetaOn:1.00, AdapterMetaNZ%:100.0, AdapterΔ/Input:24.81%
Epoch 12/20 | Steps: 1280 | LR: 0.000100 | Train Loss: 0.354347 | Val Loss: 0.272296 | Train Meta: AdapterScaleμ:0.4526, AdapterMetaScaleμ:-0.1165, AdapterGateμ:0.4164, AdapterBias|B|μ:33.4616, AdapterMetaOn:1.00, AdapterMetaNZ%:100.0, AdapterΔ/Input:26.53% | Val Meta: AdapterScaleμ:0.4526, AdapterMetaScaleμ:-0.1165, AdapterGateμ:0.4164, AdapterBias|B|μ:33.4824, AdapterMetaOn:1.00, AdapterMetaNZ%:100.0, AdapterΔ/Input:24.81%
Epoch 13/20 | Steps: 1280 | LR: 0.000100 | Train Loss: 0.351562 | Val Loss: 0.295150 | Train Meta: AdapterScaleμ:0.4526, AdapterMetaScaleμ:-0.1165, AdapterGateμ:0.4164, AdapterBias|B|μ:33.5054, AdapterMetaOn:1.00, AdapterMetaNZ%:100.0, AdapterΔ/Input:26.85% | Val Meta: AdapterScaleμ:0.4526, AdapterMetaScaleμ:-0.1165, AdapterGateμ:0.4164, AdapterBias|B|μ:33.4824, AdapterMetaOn:1.00, AdapterMetaNZ%:100.0, AdapterΔ/Input:24.81%
Epoch 14/20 | Steps: 1280 | LR: 0.000100 | Train Loss: 0.348746 | Val Loss: 0.293113 | Train Meta: AdapterScaleμ:0.4526, AdapterMetaScaleμ:-0.1165, AdapterGateμ:0.4164, AdapterBias|B|μ:33.4980, AdapterMetaOn:1.00, AdapterMetaNZ%:100.0, AdapterΔ/Input:27.16% | Val Meta: AdapterScaleμ:0.4526, AdapterMetaScaleμ:-0.1165, AdapterGateμ:0.4164, AdapterBias|B|μ:33.4824, AdapterMetaOn:1.00, AdapterMetaNZ%:100.0, AdapterΔ/Input:24.81%
Epoch 15/20 | Steps: 1280 | LR: 0.000100 | Train Loss: 0.346123 | Val Loss: 0.266404 | Train Meta: AdapterScaleμ:0.4526, AdapterMetaScaleμ:-0.1165, AdapterGateμ:0.4164, AdapterBias|B|μ:33.4806, AdapterMetaOn:1.00, AdapterMetaNZ%:100.0, AdapterΔ/Input:26.15% | Val Meta: AdapterScaleμ:0.4526, AdapterMetaScaleμ:-0.1165, AdapterGateμ:0.4164, AdapterBias|B|μ:33.4824, AdapterMetaOn:1.00, AdapterMetaNZ%:100.0, AdapterΔ/Input:24.81%
Epoch 16/20 | Steps: 1280 | LR: 0.000100 | Train Loss: 0.344862 | Val Loss: 0.262280 | Train Meta: AdapterScaleμ:0.4526, AdapterMetaScaleμ:-0.1165, AdapterGateμ:0.4164, AdapterBias|B|μ:33.5449, AdapterMetaOn:1.00, AdapterMetaNZ%:100.0, AdapterΔ/Input:27.22% | Val Meta: AdapterScaleμ:0.4526, AdapterMetaScaleμ:-0.1165, AdapterGateμ:0.4164, AdapterBias|B|μ:33.4824, AdapterMetaOn:1.00, AdapterMetaNZ%:100.0, AdapterΔ/Input:24.81%
   -> Updated best validation state: val_loss=0.262280 at epoch 16
Epoch 17/20 | Steps: 1280 | LR: 0.000100 | Train Loss: 0.343861 | Val Loss: 0.290587 | Train Meta: AdapterScaleμ:0.4526, AdapterMetaScaleμ:-0.1165, AdapterGateμ:0.4164, AdapterBias|B|μ:33.4192, AdapterMetaOn:1.00, AdapterMetaNZ%:100.0, AdapterΔ/Input:27.14% | Val Meta: AdapterScaleμ:0.4526, AdapterMetaScaleμ:-0.1165, AdapterGateμ:0.4164, AdapterBias|B|μ:33.4824, AdapterMetaOn:1.00, AdapterMetaNZ%:100.0, AdapterΔ/Input:24.81%
Epoch 18/20 | Steps: 1280 | LR: 0.000100 | Train Loss: 0.341543 | Val Loss: 0.264181 | Train Meta: AdapterScaleμ:0.4526, AdapterMetaScaleμ:-0.1165, AdapterGateμ:0.4164, AdapterBias|B|μ:33.4403, AdapterMetaOn:1.00, AdapterMetaNZ%:100.0, AdapterΔ/Input:26.99% | Val Meta: AdapterScaleμ:0.4526, AdapterMetaScaleμ:-0.1165, AdapterGateμ:0.4164, AdapterBias|B|μ:33.4824, AdapterMetaOn:1.00, AdapterMetaNZ%:100.0, AdapterΔ/Input:24.81%
Epoch 19/20 | Steps: 1280 | LR: 0.000100 | Train Loss: 0.340611 | Val Loss: 0.267110 | Train Meta: AdapterScaleμ:0.4526, AdapterMetaScaleμ:-0.1165, AdapterGateμ:0.4164, AdapterBias|B|μ:33.5298, AdapterMetaOn:1.00, AdapterMetaNZ%:100.0, AdapterΔ/Input:26.78% | Val Meta: AdapterScaleμ:0.4526, AdapterMetaScaleμ:-0.1165, AdapterGateμ:0.4164, AdapterBias|B|μ:33.4824, AdapterMetaOn:1.00, AdapterMetaNZ%:100.0, AdapterΔ/Input:24.81%
Epoch 20/20 | Steps: 1280 | LR: 0.000100 | Train Loss: 0.339054 | Val Loss: 0.264875 | Train Meta: AdapterScaleμ:0.4526, AdapterMetaScaleμ:-0.1165, AdapterGateμ:0.4164, AdapterBias|B|μ:33.4673, AdapterMetaOn:1.00, AdapterMetaNZ%:100.0, AdapterΔ/Input:26.55% | Val Meta: AdapterScaleμ:0.4526, AdapterMetaScaleμ:-0.1165, AdapterGateμ:0.4164, AdapterBias|B|μ:33.4824, AdapterMetaOn:1.00, AdapterMetaNZ%:100.0, AdapterΔ/Input:24.81%
{'test_mse': 0.23127929866313934, 'test_mae': 0.32429155707359314}
Saved best forecasting checkpoint under checkpoints/forecasting_ettm2_336/ettm2_laya_ci_adapter_best.pt
==================================================
🚀 Architecture: LAYA
📊 Target Dataset: ETTm2 (Channels: 7)
📊 Pretrain Info: ETTm2 (Detected Channels: 7)
📊 Prediction Length: 720
==================================================
✅ Loaded pretrained encoder from ./checkpoints/ettm2_laya_ci_adapter/laya_ts_ETTm2_s_best.pt
   - 72/72 keys matched.
ℹ️ Channel Adapter: enabled
   - position: post_encoder, heads: 4, dropout: 0.1, metadata_dropout: 0.0
   - adapter_pretrained: True
📝 metadata: mode=text, fusion=none, relation=none
ℹ️ RevIN: enabled | affine=False | subtract_last=False | eps=1e-05
ℹ️ Metadata Fusion Mode: none
ℹ️ Channel Mixer Relation Mode: none
ℹ️ Encoder Variant: default
ℹ️ Channel Relation Block: disabled
✅ Probing Head [CI, channel-wise]: [B*C, 8192] -> [B, 7, 720]
Epoch 1/20 | Steps: 1268 | LR: 0.000100 | Train Loss: 0.531579 | Val Loss: 0.366152 | Train Meta: AdapterScaleμ:0.4526, AdapterMetaScaleμ:-0.1165, AdapterGateμ:0.4164, AdapterBias|B|μ:33.5320, AdapterMetaOn:1.00, AdapterMetaNZ%:100.0, AdapterΔ/Input:27.10% | Val Meta: AdapterScaleμ:0.4526, AdapterMetaScaleμ:-0.1165, AdapterGateμ:0.4164, AdapterBias|B|μ:33.4824, AdapterMetaOn:1.00, AdapterMetaNZ%:100.0, AdapterΔ/Input:24.81%
   -> Updated best validation state: val_loss=0.366152 at epoch 1
Epoch 2/20 | Steps: 1268 | LR: 0.000100 | Train Loss: 0.505014 | Val Loss: 0.353920 | Train Meta: AdapterScaleμ:0.4526, AdapterMetaScaleμ:-0.1165, AdapterGateμ:0.4164, AdapterBias|B|μ:33.4928, AdapterMetaOn:1.00, AdapterMetaNZ%:100.0, AdapterΔ/Input:27.06% | Val Meta: AdapterScaleμ:0.4526, AdapterMetaScaleμ:-0.1165, AdapterGateμ:0.4164, AdapterBias|B|μ:33.4824, AdapterMetaOn:1.00, AdapterMetaNZ%:100.0, AdapterΔ/Input:24.81%
   -> Updated best validation state: val_loss=0.353920 at epoch 2
Epoch 3/20 | Steps: 1268 | LR: 0.000100 | Train Loss: 0.493239 | Val Loss: 0.333760 | Train Meta: AdapterScaleμ:0.4526, AdapterMetaScaleμ:-0.1165, AdapterGateμ:0.4164, AdapterBias|B|μ:33.4697, AdapterMetaOn:1.00, AdapterMetaNZ%:100.0, AdapterΔ/Input:27.16% | Val Meta: AdapterScaleμ:0.4526, AdapterMetaScaleμ:-0.1165, AdapterGateμ:0.4164, AdapterBias|B|μ:33.4824, AdapterMetaOn:1.00, AdapterMetaNZ%:100.0, AdapterΔ/Input:24.81%
   -> Updated best validation state: val_loss=0.333760 at epoch 3
Epoch 4/20 | Steps: 1268 | LR: 0.000100 | Train Loss: 0.483847 | Val Loss: 0.346458 | Train Meta: AdapterScaleμ:0.4526, AdapterMetaScaleμ:-0.1165, AdapterGateμ:0.4164, AdapterBias|B|μ:33.4326, AdapterMetaOn:1.00, AdapterMetaNZ%:100.0, AdapterΔ/Input:27.30% | Val Meta: AdapterScaleμ:0.4526, AdapterMetaScaleμ:-0.1165, AdapterGateμ:0.4164, AdapterBias|B|μ:33.4824, AdapterMetaOn:1.00, AdapterMetaNZ%:100.0, AdapterΔ/Input:24.81%
Epoch 5/20 | Steps: 1268 | LR: 0.000100 | Train Loss: 0.476581 | Val Loss: 0.326174 | Train Meta: AdapterScaleμ:0.4526, AdapterMetaScaleμ:-0.1165, AdapterGateμ:0.4164, AdapterBias|B|μ:33.4955, AdapterMetaOn:1.00, AdapterMetaNZ%:100.0, AdapterΔ/Input:26.59% | Val Meta: AdapterScaleμ:0.4526, AdapterMetaScaleμ:-0.1165, AdapterGateμ:0.4164, AdapterBias|B|μ:33.4824, AdapterMetaOn:1.00, AdapterMetaNZ%:100.0, AdapterΔ/Input:24.81%
   -> Updated best validation state: val_loss=0.326174 at epoch 5
Epoch 6/20 | Steps: 1268 | LR: 0.000100 | Train Loss: 0.472556 | Val Loss: 0.327178 | Train Meta: AdapterScaleμ:0.4526, AdapterMetaScaleμ:-0.1165, AdapterGateμ:0.4164, AdapterBias|B|μ:33.5213, AdapterMetaOn:1.00, AdapterMetaNZ%:100.0, AdapterΔ/Input:26.64% | Val Meta: AdapterScaleμ:0.4526, AdapterMetaScaleμ:-0.1165, AdapterGateμ:0.4164, AdapterBias|B|μ:33.4824, AdapterMetaOn:1.00, AdapterMetaNZ%:100.0, AdapterΔ/Input:24.81%
Epoch 7/20 | Steps: 1268 | LR: 0.000100 | Train Loss: 0.467522 | Val Loss: 0.341993 | Train Meta: AdapterScaleμ:0.4526, AdapterMetaScaleμ:-0.1165, AdapterGateμ:0.4164, AdapterBias|B|μ:33.4683, AdapterMetaOn:1.00, AdapterMetaNZ%:100.0, AdapterΔ/Input:26.86% | Val Meta: AdapterScaleμ:0.4526, AdapterMetaScaleμ:-0.1165, AdapterGateμ:0.4164, AdapterBias|B|μ:33.4824, AdapterMetaOn:1.00, AdapterMetaNZ%:100.0, AdapterΔ/Input:24.81%
Epoch 8/20 | Steps: 1268 | LR: 0.000100 | Train Loss: 0.462326 | Val Loss: 0.329305 | Train Meta: AdapterScaleμ:0.4526, AdapterMetaScaleμ:-0.1165, AdapterGateμ:0.4164, AdapterBias|B|μ:33.3580, AdapterMetaOn:1.00, AdapterMetaNZ%:100.0, AdapterΔ/Input:27.44% | Val Meta: AdapterScaleμ:0.4526, AdapterMetaScaleμ:-0.1165, AdapterGateμ:0.4164, AdapterBias|B|μ:33.4824, AdapterMetaOn:1.00, AdapterMetaNZ%:100.0, AdapterΔ/Input:24.81%
Epoch 9/20 | Steps: 1268 | LR: 0.000100 | Train Loss: 0.458366 | Val Loss: 0.329983 | Train Meta: AdapterScaleμ:0.4526, AdapterMetaScaleμ:-0.1165, AdapterGateμ:0.4164, AdapterBias|B|μ:33.4932, AdapterMetaOn:1.00, AdapterMetaNZ%:100.0, AdapterΔ/Input:26.77% | Val Meta: AdapterScaleμ:0.4526, AdapterMetaScaleμ:-0.1165, AdapterGateμ:0.4164, AdapterBias|B|μ:33.4824, AdapterMetaOn:1.00, AdapterMetaNZ%:100.0, AdapterΔ/Input:24.81%
Epoch 10/20 | Steps: 1268 | LR: 0.000100 | Train Loss: 0.456760 | Val Loss: 0.357629 | Train Meta: AdapterScaleμ:0.4526, AdapterMetaScaleμ:-0.1165, AdapterGateμ:0.4164, AdapterBias|B|μ:33.4526, AdapterMetaOn:1.00, AdapterMetaNZ%:100.0, AdapterΔ/Input:26.71% | Val Meta: AdapterScaleμ:0.4526, AdapterMetaScaleμ:-0.1165, AdapterGateμ:0.4164, AdapterBias|B|μ:33.4824, AdapterMetaOn:1.00, AdapterMetaNZ%:100.0, AdapterΔ/Input:24.81%
Epoch 11/20 | Steps: 1268 | LR: 0.000100 | Train Loss: 0.452987 | Val Loss: 0.350069 | Train Meta: AdapterScaleμ:0.4526, AdapterMetaScaleμ:-0.1165, AdapterGateμ:0.4164, AdapterBias|B|μ:33.5417, AdapterMetaOn:1.00, AdapterMetaNZ%:100.0, AdapterΔ/Input:27.06% | Val Meta: AdapterScaleμ:0.4526, AdapterMetaScaleμ:-0.1165, AdapterGateμ:0.4164, AdapterBias|B|μ:33.4824, AdapterMetaOn:1.00, AdapterMetaNZ%:100.0, AdapterΔ/Input:24.81%
Epoch 12/20 | Steps: 1268 | LR: 0.000100 | Train Loss: 0.450438 | Val Loss: 0.336540 | Train Meta: AdapterScaleμ:0.4526, AdapterMetaScaleμ:-0.1165, AdapterGateμ:0.4164, AdapterBias|B|μ:33.4998, AdapterMetaOn:1.00, AdapterMetaNZ%:100.0, AdapterΔ/Input:26.20% | Val Meta: AdapterScaleμ:0.4526, AdapterMetaScaleμ:-0.1165, AdapterGateμ:0.4164, AdapterBias|B|μ:33.4824, AdapterMetaOn:1.00, AdapterMetaNZ%:100.0, AdapterΔ/Input:24.81%
Epoch 13/20 | Steps: 1268 | LR: 0.000100 | Train Loss: 0.447657 | Val Loss: 0.331470 | Train Meta: AdapterScaleμ:0.4526, AdapterMetaScaleμ:-0.1165, AdapterGateμ:0.4164, AdapterBias|B|μ:33.5152, AdapterMetaOn:1.00, AdapterMetaNZ%:100.0, AdapterΔ/Input:26.72% | Val Meta: AdapterScaleμ:0.4526, AdapterMetaScaleμ:-0.1165, AdapterGateμ:0.4164, AdapterBias|B|μ:33.4824, AdapterMetaOn:1.00, AdapterMetaNZ%:100.0, AdapterΔ/Input:24.81%
Epoch 14/20 | Steps: 1268 | LR: 0.000100 | Train Loss: 0.445316 | Val Loss: 0.339907 | Train Meta: AdapterScaleμ:0.4526, AdapterMetaScaleμ:-0.1165, AdapterGateμ:0.4164, AdapterBias|B|μ:33.4774, AdapterMetaOn:1.00, AdapterMetaNZ%:100.0, AdapterΔ/Input:27.93% | Val Meta: AdapterScaleμ:0.4526, AdapterMetaScaleμ:-0.1165, AdapterGateμ:0.4164, AdapterBias|B|μ:33.4824, AdapterMetaOn:1.00, AdapterMetaNZ%:100.0, AdapterΔ/Input:24.81%
Epoch 15/20 | Steps: 1268 | LR: 0.000100 | Train Loss: 0.444226 | Val Loss: 0.324084 | Train Meta: AdapterScaleμ:0.4526, AdapterMetaScaleμ:-0.1165, AdapterGateμ:0.4164, AdapterBias|B|μ:33.5219, AdapterMetaOn:1.00, AdapterMetaNZ%:100.0, AdapterΔ/Input:26.65% | Val Meta: AdapterScaleμ:0.4526, AdapterMetaScaleμ:-0.1165, AdapterGateμ:0.4164, AdapterBias|B|μ:33.4824, AdapterMetaOn:1.00, AdapterMetaNZ%:100.0, AdapterΔ/Input:24.81%
   -> Updated best validation state: val_loss=0.324084 at epoch 15
Epoch 16/20 | Steps: 1268 | LR: 0.000100 | Train Loss: 0.442034 | Val Loss: 0.352956 | Train Meta: AdapterScaleμ:0.4526, AdapterMetaScaleμ:-0.1165, AdapterGateμ:0.4164, AdapterBias|B|μ:33.4573, AdapterMetaOn:1.00, AdapterMetaNZ%:100.0, AdapterΔ/Input:26.82% | Val Meta: AdapterScaleμ:0.4526, AdapterMetaScaleμ:-0.1165, AdapterGateμ:0.4164, AdapterBias|B|μ:33.4824, AdapterMetaOn:1.00, AdapterMetaNZ%:100.0, AdapterΔ/Input:24.81%
Epoch 17/20 | Steps: 1268 | LR: 0.000100 | Train Loss: 0.440818 | Val Loss: 0.330658 | Train Meta: AdapterScaleμ:0.4526, AdapterMetaScaleμ:-0.1165, AdapterGateμ:0.4164, AdapterBias|B|μ:33.6213, AdapterMetaOn:1.00, AdapterMetaNZ%:100.0, AdapterΔ/Input:26.21% | Val Meta: AdapterScaleμ:0.4526, AdapterMetaScaleμ:-0.1165, AdapterGateμ:0.4164, AdapterBias|B|μ:33.4824, AdapterMetaOn:1.00, AdapterMetaNZ%:100.0, AdapterΔ/Input:24.81%
Epoch 18/20 | Steps: 1268 | LR: 0.000100 | Train Loss: 0.438372 | Val Loss: 0.335830 | Train Meta: AdapterScaleμ:0.4526, AdapterMetaScaleμ:-0.1165, AdapterGateμ:0.4164, AdapterBias|B|μ:33.4866, AdapterMetaOn:1.00, AdapterMetaNZ%:100.0, AdapterΔ/Input:27.16% | Val Meta: AdapterScaleμ:0.4526, AdapterMetaScaleμ:-0.1165, AdapterGateμ:0.4164, AdapterBias|B|μ:33.4824, AdapterMetaOn:1.00, AdapterMetaNZ%:100.0, AdapterΔ/Input:24.81%
Epoch 19/20 | Steps: 1268 | LR: 0.000100 | Train Loss: 0.438803 | Val Loss: 0.324330 | Train Meta: AdapterScaleμ:0.4526, AdapterMetaScaleμ:-0.1165, AdapterGateμ:0.4164, AdapterBias|B|μ:33.5143, AdapterMetaOn:1.00, AdapterMetaNZ%:100.0, AdapterΔ/Input:27.24% | Val Meta: AdapterScaleμ:0.4526, AdapterMetaScaleμ:-0.1165, AdapterGateμ:0.4164, AdapterBias|B|μ:33.4824, AdapterMetaOn:1.00, AdapterMetaNZ%:100.0, AdapterΔ/Input:24.81%
Epoch 20/20 | Steps: 1268 | LR: 0.000100 | Train Loss: 0.436185 | Val Loss: 0.343939 | Train Meta: AdapterScaleμ:0.4526, AdapterMetaScaleμ:-0.1165, AdapterGateμ:0.4164, AdapterBias|B|μ:33.3882, AdapterMetaOn:1.00, AdapterMetaNZ%:100.0, AdapterΔ/Input:27.07% | Val Meta: AdapterScaleμ:0.4526, AdapterMetaScaleμ:-0.1165, AdapterGateμ:0.4164, AdapterBias|B|μ:33.4824, AdapterMetaOn:1.00, AdapterMetaNZ%:100.0, AdapterΔ/Input:24.81%
{'test_mse': 0.28652670979499817, 'test_mae': 0.36452147364616394}
Saved best forecasting checkpoint under checkpoints/forecasting_ettm2_720/ettm2_laya_ci_adapter_best.pt
