nohup: ignoring input
🚀 Laya-TS Pretraining: ETTm2 (laya + ci)
📊 data_path: ../Dataset/Time-Series-Library_dataset/ETT-small/ETTm2.csv
📝 metadata: mode=none, fusion=none
📝 log_dir: ./runs/pretrain_ettm2_laya_ci_none
📊 Dataset Statistics:
   - Sequence Length (T): 512
   - Train Samples: 48265, Steps: 1508
   - Val Samples: 6457, Steps: 202
🔧 Encoder Hyperparameters:
   - d_model: 256
   - n_heads: 8
   - n_layers: 3
   - proj_dim: 128
   - predictor_depth: 2
   - predictor_heads: 4
   - patch_size: 16
   - metadata_fusion_mode: none
   - channel_mixer_relation_mode: none
   - use_relation_adapter: False
   - encoder_variant: default
   - temporal_patchifier_mode: fixed
   - use_channel_relation_block: False
🧮 Parameter Counts:
   - Total Parameters: 4,219,136
   - Trainable Parameters: 4,219,136
⏱️ Schedule:
   - total_steps: 150800
   - warmup_steps: 15080
   - derived_epochs: 100
Epoch 1/100 | Steps: 1508 | LR: 0.000010 | Train Loss: 0.574213 (P:0.5641, S:0.2014, Q:0.0000) | Val Loss: 0.363825 (P:0.3479, S:0.3178, Q:0.0000) | Repr L2μ: 8.7573 Val L2μ: 0.6972 | Repr Cosμ: 0.5925 Val Cosμ: 0.9975 | Pred→Target Cosμ: 0.7137 Val Cosμ: 0.8103 | Repr NormRatio: 2.0401 Val NormRatio: 1.0197 | Train Meta: n/a | Val Meta: n/a
   -> Saved improved checkpoint: val_loss=0.363825 at epoch 1
Epoch 2/100 | Steps: 1508 | LR: 0.000020 | Train Loss: 0.315946 (P:0.3116, S:0.0869, Q:0.0000) | Val Loss: 0.312794 (P:0.2990, S:0.2765, Q:0.0000) | Repr L2μ: 8.6931 Val L2μ: 0.6676 | Repr Cosμ: 0.6059 Val Cosμ: 0.9977 | Pred→Target Cosμ: 0.8941 Val Cosμ: 0.8274 | Repr NormRatio: 1.9765 Val NormRatio: 1.0178 | Train Meta: n/a | Val Meta: n/a
   -> Saved improved checkpoint: val_loss=0.312794 at epoch 2
Epoch 3/100 | Steps: 1508 | LR: 0.000030 | Train Loss: 0.270059 (P:0.2672, S:0.0564, Q:0.0000) | Val Loss: 0.327445 (P:0.3144, S:0.2614, Q:0.0000) | Repr L2μ: 8.3872 Val L2μ: 0.8291 | Repr Cosμ: 0.6518 Val Cosμ: 0.9965 | Pred→Target Cosμ: 0.8907 Val Cosμ: 0.8168 | Repr NormRatio: 1.8065 Val NormRatio: 1.0185 | Train Meta: n/a | Val Meta: n/a
   -> Saved last checkpoint at epoch 3
Epoch 4/100 | Steps: 1508 | LR: 0.000040 | Train Loss: 0.244830 (P:0.2427, S:0.0427, Q:0.0000) | Val Loss: 0.427266 (P:0.4143, S:0.2602, Q:0.0000) | Repr L2μ: 7.6484 Val L2μ: 1.3704 | Repr Cosμ: 0.7449 Val Cosμ: 0.9912 | Pred→Target Cosμ: 0.8739 Val Cosμ: 0.7936 | Repr NormRatio: 1.6467 Val NormRatio: 1.0243 | Train Meta: n/a | Val Meta: n/a
   -> Saved last checkpoint at epoch 4
Epoch 5/100 | Steps: 1508 | LR: 0.000050 | Train Loss: 0.225937 (P:0.2238, S:0.0428, Q:0.0000) | Val Loss: 0.523845 (P:0.5122, S:0.2338, Q:0.0000) | Repr L2μ: 6.6258 Val L2μ: 1.3138 | Repr Cosμ: 0.8430 Val Cosμ: 0.9936 | Pred→Target Cosμ: 0.8724 Val Cosμ: 0.7154 | Repr NormRatio: 1.5348 Val NormRatio: 1.0225 | Train Meta: n/a | Val Meta: n/a
   -> Saved last checkpoint at epoch 5
Epoch 6/100 | Steps: 1508 | LR: 0.000060 | Train Loss: 0.220180 (P:0.2172, S:0.0592, Q:0.0000) | Val Loss: 0.918436 (P:0.9071, S:0.2273, Q:0.0000) | Repr L2μ: 6.0006 Val L2μ: 0.8832 | Repr Cosμ: 0.8736 Val Cosμ: 0.9975 | Pred→Target Cosμ: 0.8900 Val Cosμ: 0.8011 | Repr NormRatio: 1.4152 Val NormRatio: 1.0115 | Train Meta: n/a | Val Meta: n/a
   -> Saved last checkpoint at epoch 6
Epoch 7/100 | Steps: 1508 | LR: 0.000070 | Train Loss: 0.230911 (P:0.2281, S:0.0560, Q:0.0000) | Val Loss: 0.579544 (P:0.5687, S:0.2179, Q:0.0000) | Repr L2μ: 4.9622 Val L2μ: 1.0032 | Repr Cosμ: 0.9198 Val Cosμ: 0.9969 | Pred→Target Cosμ: 0.9155 Val Cosμ: 0.8131 | Repr NormRatio: 1.3423 Val NormRatio: 1.0192 | Train Meta: n/a | Val Meta: n/a
   -> Saved last checkpoint at epoch 7
Epoch 8/100 | Steps: 1508 | LR: 0.000080 | Train Loss: 0.176884 (P:0.1747, S:0.0447, Q:0.0000) | Val Loss: 0.506404 (P:0.4906, S:0.3170, Q:0.0000) | Repr L2μ: 5.3154 Val L2μ: 1.3309 | Repr Cosμ: 0.9094 Val Cosμ: 0.9945 | Pred→Target Cosμ: 0.9257 Val Cosμ: 0.7355 | Repr NormRatio: 1.2831 Val NormRatio: 1.0216 | Train Meta: n/a | Val Meta: n/a
   -> Saved last checkpoint at epoch 8
Epoch 9/100 | Steps: 1508 | LR: 0.000090 | Train Loss: 0.158322 (P:0.1557, S:0.0521, Q:0.0000) | Val Loss: 0.388094 (P:0.3716, S:0.3306, Q:0.0000) | Repr L2μ: 6.3113 Val L2μ: 1.5298 | Repr Cosμ: 0.8522 Val Cosμ: 0.9908 | Pred→Target Cosμ: 0.9363 Val Cosμ: 0.8186 | Repr NormRatio: 1.3459 Val NormRatio: 1.0307 | Train Meta: n/a | Val Meta: n/a
   -> Saved last checkpoint at epoch 9
Epoch 10/100 | Steps: 1508 | LR: 0.000100 | Train Loss: 0.137280 (P:0.1347, S:0.0515, Q:0.0000) | Val Loss: 0.299800 (P:0.2825, S:0.3450, Q:0.0000) | Repr L2μ: 7.4742 Val L2μ: 1.3392 | Repr Cosμ: 0.7732 Val Cosμ: 0.9920 | Pred→Target Cosμ: 0.9477 Val Cosμ: 0.9232 | Repr NormRatio: 1.4148 Val NormRatio: 1.0570 | Train Meta: n/a | Val Meta: n/a
   -> Saved improved checkpoint: val_loss=0.299800 at epoch 10
Epoch 11/100 | Steps: 1508 | LR: 0.000100 | Train Loss: 0.117697 (P:0.1154, S:0.0451, Q:0.0000) | Val Loss: 0.342625 (P:0.3293, S:0.2663, Q:0.0000) | Repr L2μ: 7.4552 Val L2μ: 1.0752 | Repr Cosμ: 0.7672 Val Cosμ: 0.9959 | Pred→Target Cosμ: 0.9531 Val Cosμ: 0.8815 | Repr NormRatio: 1.4353 Val NormRatio: 1.0402 | Train Meta: n/a | Val Meta: n/a
   -> Saved last checkpoint at epoch 11
Epoch 12/100 | Steps: 1508 | LR: 0.000100 | Train Loss: 0.111386 (P:0.1091, S:0.0466, Q:0.0000) | Val Loss: 0.427203 (P:0.4098, S:0.3483, Q:0.0000) | Repr L2μ: 7.2016 Val L2μ: 1.4230 | Repr Cosμ: 0.7781 Val Cosμ: 0.9909 | Pred→Target Cosμ: 0.9567 Val Cosμ: 0.8733 | Repr NormRatio: 1.4358 Val NormRatio: 1.0613 | Train Meta: n/a | Val Meta: n/a
   -> Saved last checkpoint at epoch 12
Epoch 13/100 | Steps: 1508 | LR: 0.000100 | Train Loss: 0.105891 (P:0.1037, S:0.0446, Q:0.0000) | Val Loss: 0.482533 (P:0.4698, S:0.2551, Q:0.0000) | Repr L2μ: 6.8347 Val L2μ: 1.3211 | Repr Cosμ: 0.8053 Val Cosμ: 0.9928 | Pred→Target Cosμ: 0.9586 Val Cosμ: 0.8323 | Repr NormRatio: 1.4116 Val NormRatio: 1.0483 | Train Meta: n/a | Val Meta: n/a
   -> Saved last checkpoint at epoch 13
Epoch 14/100 | Steps: 1508 | LR: 0.000100 | Train Loss: 0.096754 (P:0.0944, S:0.0474, Q:0.0000) | Val Loss: 0.309930 (P:0.2964, S:0.2713, Q:0.0000) | Repr L2μ: 6.8697 Val L2μ: 1.3126 | Repr Cosμ: 0.7963 Val Cosμ: 0.9918 | Pred→Target Cosμ: 0.9596 Val Cosμ: 0.8728 | Repr NormRatio: 1.4290 Val NormRatio: 1.0421 | Train Meta: n/a | Val Meta: n/a
   -> Saved last checkpoint at epoch 14
Epoch 15/100 | Steps: 1508 | LR: 0.000099 | Train Loss: 0.089031 (P:0.0867, S:0.0471, Q:0.0000) | Val Loss: 0.335687 (P:0.3228, S:0.2572, Q:0.0000) | Repr L2μ: 6.8604 Val L2μ: 1.4612 | Repr Cosμ: 0.7986 Val Cosμ: 0.9912 | Pred→Target Cosμ: 0.9624 Val Cosμ: 0.8483 | Repr NormRatio: 1.4023 Val NormRatio: 1.0450 | Train Meta: n/a | Val Meta: n/a
   -> Saved last checkpoint at epoch 15
Epoch 16/100 | Steps: 1508 | LR: 0.000099 | Train Loss: 0.088086 (P:0.0859, S:0.0445, Q:0.0000) | Val Loss: 0.264101 (P:0.2456, S:0.3697, Q:0.0000) | Repr L2μ: 6.8237 Val L2μ: 1.3113 | Repr Cosμ: 0.7933 Val Cosμ: 0.9915 | Pred→Target Cosμ: 0.9637 Val Cosμ: 0.9064 | Repr NormRatio: 1.4295 Val NormRatio: 1.0688 | Train Meta: n/a | Val Meta: n/a
   -> Saved improved checkpoint: val_loss=0.264101 at epoch 16
Epoch 17/100 | Steps: 1508 | LR: 0.000099 | Train Loss: 0.083191 (P:0.0806, S:0.0512, Q:0.0000) | Val Loss: 0.226917 (P:0.2120, S:0.2982, Q:0.0000) | Repr L2μ: 6.5662 Val L2μ: 1.1443 | Repr Cosμ: 0.8061 Val Cosμ: 0.9940 | Pred→Target Cosμ: 0.9644 Val Cosμ: 0.9146 | Repr NormRatio: 1.3977 Val NormRatio: 1.0571 | Train Meta: n/a | Val Meta: n/a
   -> Saved improved checkpoint: val_loss=0.226917 at epoch 17
Epoch 18/100 | Steps: 1508 | LR: 0.000098 | Train Loss: 0.073655 (P:0.0716, S:0.0414, Q:0.0000) | Val Loss: 0.246897 (P:0.2346, S:0.2456, Q:0.0000) | Repr L2μ: 6.9979 Val L2μ: 1.3251 | Repr Cosμ: 0.7722 Val Cosμ: 0.9913 | Pred→Target Cosμ: 0.9677 Val Cosμ: 0.8957 | Repr NormRatio: 1.4623 Val NormRatio: 1.0655 | Train Meta: n/a | Val Meta: n/a
   -> Saved last checkpoint at epoch 18
Epoch 19/100 | Steps: 1508 | LR: 0.000098 | Train Loss: 0.073521 (P:0.0713, S:0.0444, Q:0.0000) | Val Loss: 0.291605 (P:0.2779, S:0.2751, Q:0.0000) | Repr L2μ: 6.7740 Val L2μ: 1.3719 | Repr Cosμ: 0.7863 Val Cosμ: 0.9910 | Pred→Target Cosμ: 0.9678 Val Cosμ: 0.8972 | Repr NormRatio: 1.4276 Val NormRatio: 1.0880 | Train Meta: n/a | Val Meta: n/a
   -> Saved last checkpoint at epoch 19
Epoch 20/100 | Steps: 1508 | LR: 0.000097 | Train Loss: 0.072710 (P:0.0708, S:0.0390, Q:0.0000) | Val Loss: 0.247041 (P:0.2288, S:0.3652, Q:0.0000) | Repr L2μ: 6.3522 Val L2μ: 0.9052 | Repr Cosμ: 0.8188 Val Cosμ: 0.9969 | Pred→Target Cosμ: 0.9674 Val Cosμ: 0.9326 | Repr NormRatio: 1.3833 Val NormRatio: 1.0323 | Train Meta: n/a | Val Meta: n/a
   -> Saved last checkpoint at epoch 20
Epoch 21/100 | Steps: 1508 | LR: 0.000096 | Train Loss: 0.069099 (P:0.0671, S:0.0408, Q:0.0000) | Val Loss: 0.235567 (P:0.2229, S:0.2542, Q:0.0000) | Repr L2μ: 6.1946 Val L2μ: 1.0980 | Repr Cosμ: 0.8245 Val Cosμ: 0.9950 | Pred→Target Cosμ: 0.9693 Val Cosμ: 0.9097 | Repr NormRatio: 1.3607 Val NormRatio: 1.0474 | Train Meta: n/a | Val Meta: n/a
   -> Saved last checkpoint at epoch 21
Epoch 22/100 | Steps: 1508 | LR: 0.000096 | Train Loss: 0.071867 (P:0.0695, S:0.0480, Q:0.0000) | Val Loss: 0.172679 (P:0.1597, S:0.2588, Q:0.0000) | Repr L2μ: 7.1445 Val L2μ: 0.9859 | Repr Cosμ: 0.7188 Val Cosμ: 0.9951 | Pred→Target Cosμ: 0.9687 Val Cosμ: 0.9236 | Repr NormRatio: 1.5912 Val NormRatio: 1.0585 | Train Meta: n/a | Val Meta: n/a
   -> Saved improved checkpoint: val_loss=0.172679 at epoch 22
Epoch 23/100 | Steps: 1508 | LR: 0.000095 | Train Loss: 0.067462 (P:0.0655, S:0.0388, Q:0.0000) | Val Loss: 0.203593 (P:0.1907, S:0.2574, Q:0.0000) | Repr L2μ: 6.6137 Val L2μ: 1.1752 | Repr Cosμ: 0.7842 Val Cosμ: 0.9938 | Pred→Target Cosμ: 0.9706 Val Cosμ: 0.9220 | Repr NormRatio: 1.4502 Val NormRatio: 1.0746 | Train Meta: n/a | Val Meta: n/a
   -> Saved last checkpoint at epoch 23
Epoch 24/100 | Steps: 1508 | LR: 0.000094 | Train Loss: 0.068768 (P:0.0669, S:0.0365, Q:0.0000) | Val Loss: 0.226927 (P:0.2099, S:0.3412, Q:0.0000) | Repr L2μ: 6.2096 Val L2μ: 1.1551 | Repr Cosμ: 0.8180 Val Cosμ: 0.9943 | Pred→Target Cosμ: 0.9704 Val Cosμ: 0.9327 | Repr NormRatio: 1.3788 Val NormRatio: 1.0706 | Train Meta: n/a | Val Meta: n/a
   -> Saved last checkpoint at epoch 24
Epoch 25/100 | Steps: 1508 | LR: 0.000093 | Train Loss: 0.100595 (P:0.0974, S:0.0649, Q:0.0000) | Val Loss: 0.171359 (P:0.1558, S:0.3119, Q:0.0000) | Repr L2μ: 5.0589 Val L2μ: 0.6356 | Repr Cosμ: 0.8733 Val Cosμ: 0.9984 | Pred→Target Cosμ: 0.9667 Val Cosμ: 0.9272 | Repr NormRatio: 1.3523 Val NormRatio: 1.0156 | Train Meta: n/a | Val Meta: n/a
   -> Saved improved checkpoint: val_loss=0.171359 at epoch 25
Epoch 26/100 | Steps: 1508 | LR: 0.000092 | Train Loss: 0.062154 (P:0.0597, S:0.0497, Q:0.0000) | Val Loss: 0.202916 (P:0.1885, S:0.2884, Q:0.0000) | Repr L2μ: 5.3898 Val L2μ: 0.9493 | Repr Cosμ: 0.8642 Val Cosμ: 0.9955 | Pred→Target Cosμ: 0.9719 Val Cosμ: 0.9292 | Repr NormRatio: 1.2792 Val NormRatio: 1.0298 | Train Meta: n/a | Val Meta: n/a
   -> Saved last checkpoint at epoch 26
Epoch 27/100 | Steps: 1508 | LR: 0.000092 | Train Loss: 0.074605 (P:0.0723, S:0.0457, Q:0.0000) | Val Loss: 0.229910 (P:0.2160, S:0.2782, Q:0.0000) | Repr L2μ: 5.1125 Val L2μ: 0.9839 | Repr Cosμ: 0.8811 Val Cosμ: 0.9956 | Pred→Target Cosμ: 0.9710 Val Cosμ: 0.9218 | Repr NormRatio: 1.2827 Val NormRatio: 1.0278 | Train Meta: n/a | Val Meta: n/a
   -> Saved last checkpoint at epoch 27
Epoch 28/100 | Steps: 1508 | LR: 0.000091 | Train Loss: 0.075971 (P:0.0739, S:0.0414, Q:0.0000) | Val Loss: 0.214854 (P:0.2005, S:0.2863, Q:0.0000) | Repr L2μ: 4.6151 Val L2μ: 1.1786 | Repr Cosμ: 0.9080 Val Cosμ: 0.9933 | Pred→Target Cosμ: 0.9707 Val Cosμ: 0.9291 | Repr NormRatio: 1.2259 Val NormRatio: 1.0388 | Train Meta: n/a | Val Meta: n/a
   -> Saved last checkpoint at epoch 28
Epoch 29/100 | Steps: 1508 | LR: 0.000090 | Train Loss: 0.073625 (P:0.0714, S:0.0437, Q:0.0000) | Val Loss: 0.206121 (P:0.1935, S:0.2527, Q:0.0000) | Repr L2μ: 4.7558 Val L2μ: 1.0453 | Repr Cosμ: 0.8965 Val Cosμ: 0.9940 | Pred→Target Cosμ: 0.9724 Val Cosμ: 0.9422 | Repr NormRatio: 1.2341 Val NormRatio: 1.0655 | Train Meta: n/a | Val Meta: n/a
   -> Saved last checkpoint at epoch 29
Epoch 30/100 | Steps: 1508 | LR: 0.000088 | Train Loss: 0.076644 (P:0.0747, S:0.0399, Q:0.0000) | Val Loss: 0.189062 (P:0.1750, S:0.2802, Q:0.0000) | Repr L2μ: 4.8038 Val L2μ: 0.5935 | Repr Cosμ: 0.8906 Val Cosμ: 0.9987 | Pred→Target Cosμ: 0.9737 Val Cosμ: 0.9306 | Repr NormRatio: 1.2664 Val NormRatio: 1.0130 | Train Meta: n/a | Val Meta: n/a
   -> Saved last checkpoint at epoch 30
Epoch 31/100 | Steps: 1508 | LR: 0.000087 | Train Loss: 0.070469 (P:0.0683, S:0.0426, Q:0.0000) | Val Loss: 0.196989 (P:0.1847, S:0.2458, Q:0.0000) | Repr L2μ: 4.2093 Val L2μ: 0.9200 | Repr Cosμ: 0.9164 Val Cosμ: 0.9962 | Pred→Target Cosμ: 0.9731 Val Cosμ: 0.9307 | Repr NormRatio: 1.1720 Val NormRatio: 1.0366 | Train Meta: n/a | Val Meta: n/a
   -> Saved last checkpoint at epoch 31
Epoch 32/100 | Steps: 1508 | LR: 0.000086 | Train Loss: 0.061327 (P:0.0594, S:0.0380, Q:0.0000) | Val Loss: 0.202488 (P:0.1886, S:0.2769, Q:0.0000) | Repr L2μ: 4.6725 Val L2μ: 1.0795 | Repr Cosμ: 0.8986 Val Cosμ: 0.9945 | Pred→Target Cosμ: 0.9749 Val Cosμ: 0.9330 | Repr NormRatio: 1.2013 Val NormRatio: 1.0246 | Train Meta: n/a | Val Meta: n/a
   -> Saved last checkpoint at epoch 32
Epoch 33/100 | Steps: 1508 | LR: 0.000085 | Train Loss: 0.062156 (P:0.0601, S:0.0420, Q:0.0000) | Val Loss: 0.150891 (P:0.1385, S:0.2471, Q:0.0000) | Repr L2μ: 4.2987 Val L2μ: 0.8318 | Repr Cosμ: 0.9137 Val Cosμ: 0.9968 | Pred→Target Cosμ: 0.9752 Val Cosμ: 0.9382 | Repr NormRatio: 1.1761 Val NormRatio: 1.0276 | Train Meta: n/a | Val Meta: n/a
   -> Saved improved checkpoint: val_loss=0.150891 at epoch 33
Epoch 34/100 | Steps: 1508 | LR: 0.000084 | Train Loss: 0.089096 (P:0.0861, S:0.0606, Q:0.0000) | Val Loss: 0.205637 (P:0.1957, S:0.1992, Q:0.0000) | Repr L2μ: 3.5124 Val L2μ: 0.7078 | Repr Cosμ: 0.9409 Val Cosμ: 0.9978 | Pred→Target Cosμ: 0.9688 Val Cosμ: 0.9285 | Repr NormRatio: 1.1670 Val NormRatio: 1.0167 | Train Meta: n/a | Val Meta: n/a
   -> Saved last checkpoint at epoch 34
Epoch 35/100 | Steps: 1508 | LR: 0.000082 | Train Loss: 0.074160 (P:0.0718, S:0.0464, Q:0.0000) | Val Loss: 0.116806 (P:0.1027, S:0.2824, Q:0.0000) | Repr L2μ: 3.3866 Val L2μ: 0.6888 | Repr Cosμ: 0.9440 Val Cosμ: 0.9975 | Pred→Target Cosμ: 0.9728 Val Cosμ: 0.9545 | Repr NormRatio: 1.1736 Val NormRatio: 1.0297 | Train Meta: n/a | Val Meta: n/a
   -> Saved improved checkpoint: val_loss=0.116806 at epoch 35
Epoch 36/100 | Steps: 1508 | LR: 0.000081 | Train Loss: 0.066722 (P:0.0645, S:0.0437, Q:0.0000) | Val Loss: 0.152225 (P:0.1399, S:0.2467, Q:0.0000) | Repr L2μ: 3.4977 Val L2μ: 0.6068 | Repr Cosμ: 0.9344 Val Cosμ: 0.9985 | Pred→Target Cosμ: 0.9749 Val Cosμ: 0.9321 | Repr NormRatio: 1.2035 Val NormRatio: 1.0082 | Train Meta: n/a | Val Meta: n/a
   -> Saved last checkpoint at epoch 36
Epoch 37/100 | Steps: 1508 | LR: 0.000080 | Train Loss: 0.059942 (P:0.0579, S:0.0413, Q:0.0000) | Val Loss: 0.137481 (P:0.1226, S:0.2974, Q:0.0000) | Repr L2μ: 4.0376 Val L2μ: 0.6460 | Repr Cosμ: 0.9173 Val Cosμ: 0.9978 | Pred→Target Cosμ: 0.9756 Val Cosμ: 0.9565 | Repr NormRatio: 1.1948 Val NormRatio: 1.0250 | Train Meta: n/a | Val Meta: n/a
   -> Saved last checkpoint at epoch 37
Epoch 38/100 | Steps: 1508 | LR: 0.000078 | Train Loss: 0.106001 (P:0.1034, S:0.0522, Q:0.0000) | Val Loss: 0.173702 (P:0.1590, S:0.2945, Q:0.0000) | Repr L2μ: 3.1349 Val L2μ: 0.5912 | Repr Cosμ: 0.9466 Val Cosμ: 0.9985 | Pred→Target Cosμ: 0.9710 Val Cosμ: 0.9473 | Repr NormRatio: 1.1897 Val NormRatio: 1.0108 | Train Meta: n/a | Val Meta: n/a
   -> Saved last checkpoint at epoch 38
Epoch 39/100 | Steps: 1508 | LR: 0.000077 | Train Loss: 0.062185 (P:0.0601, S:0.0414, Q:0.0000) | Val Loss: 0.171806 (P:0.1588, S:0.2594, Q:0.0000) | Repr L2μ: 3.4078 Val L2μ: 0.6083 | Repr Cosμ: 0.9430 Val Cosμ: 0.9982 | Pred→Target Cosμ: 0.9749 Val Cosμ: 0.9400 | Repr NormRatio: 1.1620 Val NormRatio: 1.0170 | Train Meta: n/a | Val Meta: n/a
   -> Saved last checkpoint at epoch 39
Epoch 40/100 | Steps: 1508 | LR: 0.000075 | Train Loss: 0.069748 (P:0.0677, S:0.0418, Q:0.0000) | Val Loss: 0.106999 (P:0.0946, S:0.2484, Q:0.0000) | Repr L2μ: 3.6074 Val L2μ: 0.5122 | Repr Cosμ: 0.9297 Val Cosμ: 0.9989 | Pred→Target Cosμ: 0.9741 Val Cosμ: 0.9354 | Repr NormRatio: 1.1818 Val NormRatio: 1.0049 | Train Meta: n/a | Val Meta: n/a
   -> Saved improved checkpoint: val_loss=0.106999 at epoch 40
Epoch 41/100 | Steps: 1508 | LR: 0.000074 | Train Loss: 0.067483 (P:0.0655, S:0.0390, Q:0.0000) | Val Loss: 0.176067 (P:0.1652, S:0.2177, Q:0.0000) | Repr L2μ: 2.7392 Val L2μ: 0.6089 | Repr Cosμ: 0.9664 Val Cosμ: 0.9984 | Pred→Target Cosμ: 0.9734 Val Cosμ: 0.9255 | Repr NormRatio: 1.1255 Val NormRatio: 1.0101 | Train Meta: n/a | Val Meta: n/a
   -> Saved last checkpoint at epoch 41
Epoch 42/100 | Steps: 1508 | LR: 0.000072 | Train Loss: 0.059311 (P:0.0576, S:0.0350, Q:0.0000) | Val Loss: 0.132621 (P:0.1174, S:0.3051, Q:0.0000) | Repr L2μ: 3.1729 Val L2μ: 0.6245 | Repr Cosμ: 0.9530 Val Cosμ: 0.9983 | Pred→Target Cosμ: 0.9741 Val Cosμ: 0.9428 | Repr NormRatio: 1.1420 Val NormRatio: 1.0106 | Train Meta: n/a | Val Meta: n/a
   -> Saved last checkpoint at epoch 42
Epoch 43/100 | Steps: 1508 | LR: 0.000071 | Train Loss: 0.057251 (P:0.0555, S:0.0348, Q:0.0000) | Val Loss: 0.142259 (P:0.1313, S:0.2192, Q:0.0000) | Repr L2μ: 3.6464 Val L2μ: 0.6823 | Repr Cosμ: 0.9336 Val Cosμ: 0.9978 | Pred→Target Cosμ: 0.9750 Val Cosμ: 0.9388 | Repr NormRatio: 1.1523 Val NormRatio: 1.0143 | Train Meta: n/a | Val Meta: n/a
   -> Saved last checkpoint at epoch 43
Epoch 44/100 | Steps: 1508 | LR: 0.000069 | Train Loss: 0.055247 (P:0.0536, S:0.0334, Q:0.0000) | Val Loss: 0.158963 (P:0.1458, S:0.2623, Q:0.0000) | Repr L2μ: 3.5260 Val L2μ: 0.6190 | Repr Cosμ: 0.9380 Val Cosμ: 0.9982 | Pred→Target Cosμ: 0.9752 Val Cosμ: 0.9428 | Repr NormRatio: 1.1495 Val NormRatio: 1.0137 | Train Meta: n/a | Val Meta: n/a
   -> Saved last checkpoint at epoch 44
Epoch 45/100 | Steps: 1508 | LR: 0.000067 | Train Loss: 0.057135 (P:0.0554, S:0.0350, Q:0.0000) | Val Loss: 0.186382 (P:0.1744, S:0.2394, Q:0.0000) | Repr L2μ: 3.6601 Val L2μ: 0.7304 | Repr Cosμ: 0.9300 Val Cosμ: 0.9973 | Pred→Target Cosμ: 0.9751 Val Cosμ: 0.9308 | Repr NormRatio: 1.1425 Val NormRatio: 1.0206 | Train Meta: n/a | Val Meta: n/a
   -> Saved last checkpoint at epoch 45
Epoch 46/100 | Steps: 1508 | LR: 0.000066 | Train Loss: 0.055890 (P:0.0542, S:0.0344, Q:0.0000) | Val Loss: 0.131389 (P:0.1190, S:0.2476, Q:0.0000) | Repr L2μ: 3.6998 Val L2μ: 0.7754 | Repr Cosμ: 0.9266 Val Cosμ: 0.9969 | Pred→Target Cosμ: 0.9748 Val Cosμ: 0.9414 | Repr NormRatio: 1.1647 Val NormRatio: 1.0201 | Train Meta: n/a | Val Meta: n/a
   -> Saved last checkpoint at epoch 46
Epoch 47/100 | Steps: 1508 | LR: 0.000064 | Train Loss: 0.056252 (P:0.0542, S:0.0409, Q:0.0000) | Val Loss: 0.131984 (P:0.1197, S:0.2463, Q:0.0000) | Repr L2μ: 3.8460 Val L2μ: 0.5713 | Repr Cosμ: 0.9151 Val Cosμ: 0.9984 | Pred→Target Cosμ: 0.9749 Val Cosμ: 0.9457 | Repr NormRatio: 1.1909 Val NormRatio: 1.0115 | Train Meta: n/a | Val Meta: n/a
   -> Saved last checkpoint at epoch 47
Epoch 48/100 | Steps: 1508 | LR: 0.000062 | Train Loss: 0.048891 (P:0.0468, S:0.0412, Q:0.0000) | Val Loss: 0.088728 (P:0.0757, S:0.2615, Q:0.0000) | Repr L2μ: 3.6508 Val L2μ: 0.4999 | Repr Cosμ: 0.9280 Val Cosμ: 0.9988 | Pred→Target Cosμ: 0.9768 Val Cosμ: 0.9557 | Repr NormRatio: 1.1565 Val NormRatio: 1.0105 | Train Meta: n/a | Val Meta: n/a
   -> Saved improved checkpoint: val_loss=0.088728 at epoch 48
Epoch 49/100 | Steps: 1508 | LR: 0.000061 | Train Loss: 0.055066 (P:0.0529, S:0.0424, Q:0.0000) | Val Loss: 0.080219 (P:0.0629, S:0.3460, Q:0.0000) | Repr L2μ: 3.2470 Val L2μ: 0.4775 | Repr Cosμ: 0.9436 Val Cosμ: 0.9989 | Pred→Target Cosμ: 0.9765 Val Cosμ: 0.9575 | Repr NormRatio: 1.1451 Val NormRatio: 1.0121 | Train Meta: n/a | Val Meta: n/a
   -> Saved improved checkpoint: val_loss=0.080219 at epoch 49
Epoch 50/100 | Steps: 1508 | LR: 0.000059 | Train Loss: 0.054773 (P:0.0523, S:0.0490, Q:0.0000) | Val Loss: 0.104706 (P:0.0913, S:0.2680, Q:0.0000) | Repr L2μ: 4.0138 Val L2μ: 0.6365 | Repr Cosμ: 0.9046 Val Cosμ: 0.9979 | Pred→Target Cosμ: 0.9775 Val Cosμ: 0.9530 | Repr NormRatio: 1.1775 Val NormRatio: 1.0171 | Train Meta: n/a | Val Meta: n/a
   -> Saved last checkpoint at epoch 50
Epoch 51/100 | Steps: 1508 | LR: 0.000057 | Train Loss: 0.058925 (P:0.0565, S:0.0492, Q:0.0000) | Val Loss: 0.086883 (P:0.0717, S:0.3032, Q:0.0000) | Repr L2μ: 2.9529 Val L2μ: 0.4982 | Repr Cosμ: 0.9516 Val Cosμ: 0.9988 | Pred→Target Cosμ: 0.9765 Val Cosμ: 0.9547 | Repr NormRatio: 1.1252 Val NormRatio: 1.0091 | Train Meta: n/a | Val Meta: n/a
   -> Saved last checkpoint at epoch 51
Epoch 52/100 | Steps: 1508 | LR: 0.000056 | Train Loss: 0.061670 (P:0.0584, S:0.0650, Q:0.0000) | Val Loss: 0.065868 (P:0.0523, S:0.2722, Q:0.0000) | Repr L2μ: 4.1855 Val L2μ: 0.4181 | Repr Cosμ: 0.8879 Val Cosμ: 0.9990 | Pred→Target Cosμ: 0.9702 Val Cosμ: 0.9641 | Repr NormRatio: 1.3483 Val NormRatio: 1.0243 | Train Meta: n/a | Val Meta: n/a
   -> Saved improved checkpoint: val_loss=0.065868 at epoch 52
Epoch 53/100 | Steps: 1508 | LR: 0.000054 | Train Loss: 0.048177 (P:0.0461, S:0.0425, Q:0.0000) | Val Loss: 0.113685 (P:0.1017, S:0.2395, Q:0.0000) | Repr L2μ: 5.6568 Val L2μ: 0.5222 | Repr Cosμ: 0.7809 Val Cosμ: 0.9983 | Pred→Target Cosμ: 0.9775 Val Cosμ: 0.9556 | Repr NormRatio: 1.4763 Val NormRatio: 1.0399 | Train Meta: n/a | Val Meta: n/a
   -> Saved last checkpoint at epoch 53
Epoch 54/100 | Steps: 1508 | LR: 0.000052 | Train Loss: 0.053284 (P:0.0513, S:0.0388, Q:0.0000) | Val Loss: 0.129127 (P:0.1162, S:0.2591, Q:0.0000) | Repr L2μ: 5.2648 Val L2μ: 0.5077 | Repr Cosμ: 0.8147 Val Cosμ: 0.9983 | Pred→Target Cosμ: 0.9773 Val Cosμ: 0.9592 | Repr NormRatio: 1.4307 Val NormRatio: 1.0484 | Train Meta: n/a | Val Meta: n/a
   -> Saved last checkpoint at epoch 54
Epoch 55/100 | Steps: 1508 | LR: 0.000051 | Train Loss: 0.052268 (P:0.0504, S:0.0374, Q:0.0000) | Val Loss: 0.123072 (P:0.1135, S:0.1923, Q:0.0000) | Repr L2μ: 4.7390 Val L2μ: 0.6122 | Repr Cosμ: 0.8562 Val Cosμ: 0.9979 | Pred→Target Cosμ: 0.9773 Val Cosμ: 0.9473 | Repr NormRatio: 1.3452 Val NormRatio: 1.0256 | Train Meta: n/a | Val Meta: n/a
   -> Saved last checkpoint at epoch 55
Epoch 56/100 | Steps: 1508 | LR: 0.000049 | Train Loss: 0.052422 (P:0.0506, S:0.0369, Q:0.0000) | Val Loss: 0.145226 (P:0.1326, S:0.2530, Q:0.0000) | Repr L2μ: 4.5185 Val L2μ: 0.6260 | Repr Cosμ: 0.8720 Val Cosμ: 0.9977 | Pred→Target Cosμ: 0.9766 Val Cosμ: 0.9528 | Repr NormRatio: 1.3158 Val NormRatio: 1.0389 | Train Meta: n/a | Val Meta: n/a
   -> Saved last checkpoint at epoch 56
Epoch 57/100 | Steps: 1508 | LR: 0.000047 | Train Loss: 0.057757 (P:0.0559, S:0.0375, Q:0.0000) | Val Loss: 0.176098 (P:0.1658, S:0.2062, Q:0.0000) | Repr L2μ: 3.9873 Val L2μ: 0.6301 | Repr Cosμ: 0.9053 Val Cosμ: 0.9978 | Pred→Target Cosμ: 0.9758 Val Cosμ: 0.9312 | Repr NormRatio: 1.2513 Val NormRatio: 1.0260 | Train Meta: n/a | Val Meta: n/a
   -> Saved last checkpoint at epoch 57
Epoch 58/100 | Steps: 1508 | LR: 0.000045 | Train Loss: 0.056886 (P:0.0551, S:0.0355, Q:0.0000) | Val Loss: 0.150891 (P:0.1406, S:0.2061, Q:0.0000) | Repr L2μ: 3.8880 Val L2μ: 0.6197 | Repr Cosμ: 0.9083 Val Cosμ: 0.9980 | Pred→Target Cosμ: 0.9752 Val Cosμ: 0.9297 | Repr NormRatio: 1.2261 Val NormRatio: 1.0262 | Train Meta: n/a | Val Meta: n/a
   -> Saved last checkpoint at epoch 58
Epoch 59/100 | Steps: 1508 | LR: 0.000044 | Train Loss: 0.056700 (P:0.0546, S:0.0429, Q:0.0000) | Val Loss: 0.133931 (P:0.1232, S:0.2155, Q:0.0000) | Repr L2μ: 3.7699 Val L2μ: 0.5077 | Repr Cosμ: 0.9135 Val Cosμ: 0.9986 | Pred→Target Cosμ: 0.9759 Val Cosμ: 0.9480 | Repr NormRatio: 1.2360 Val NormRatio: 1.0184 | Train Meta: n/a | Val Meta: n/a
   -> Saved last checkpoint at epoch 59
Epoch 60/100 | Steps: 1508 | LR: 0.000042 | Train Loss: 0.057639 (P:0.0552, S:0.0491, Q:0.0000) | Val Loss: 0.087371 (P:0.0743, S:0.2605, Q:0.0000) | Repr L2μ: 3.0892 Val L2μ: 0.3425 | Repr Cosμ: 0.9421 Val Cosμ: 0.9994 | Pred→Target Cosμ: 0.9765 Val Cosμ: 0.9525 | Repr NormRatio: 1.1544 Val NormRatio: 1.0053 | Train Meta: n/a | Val Meta: n/a
   -> Saved last checkpoint at epoch 60
Epoch 61/100 | Steps: 1508 | LR: 0.000040 | Train Loss: 0.063438 (P:0.0612, S:0.0442, Q:0.0000) | Val Loss: 0.091878 (P:0.0802, S:0.2344, Q:0.0000) | Repr L2μ: 2.9832 Val L2μ: 0.4526 | Repr Cosμ: 0.9498 Val Cosμ: 0.9990 | Pred→Target Cosμ: 0.9757 Val Cosμ: 0.9482 | Repr NormRatio: 1.1190 Val NormRatio: 1.0082 | Train Meta: n/a | Val Meta: n/a
   -> Saved last checkpoint at epoch 61
Epoch 62/100 | Steps: 1508 | LR: 0.000039 | Train Loss: 0.059689 (P:0.0576, S:0.0409, Q:0.0000) | Val Loss: 0.111797 (P:0.1015, S:0.2067, Q:0.0000) | Repr L2μ: 3.2569 Val L2μ: 0.4399 | Repr Cosμ: 0.9388 Val Cosμ: 0.9990 | Pred→Target Cosμ: 0.9761 Val Cosμ: 0.9410 | Repr NormRatio: 1.1386 Val NormRatio: 1.0092 | Train Meta: n/a | Val Meta: n/a
   -> Saved last checkpoint at epoch 62
Epoch 63/100 | Steps: 1508 | LR: 0.000037 | Train Loss: 0.054485 (P:0.0526, S:0.0369, Q:0.0000) | Val Loss: 0.134626 (P:0.1237, S:0.2178, Q:0.0000) | Repr L2μ: 3.3180 Val L2μ: 0.4989 | Repr Cosμ: 0.9356 Val Cosμ: 0.9987 | Pred→Target Cosμ: 0.9756 Val Cosμ: 0.9408 | Repr NormRatio: 1.1381 Val NormRatio: 1.0122 | Train Meta: n/a | Val Meta: n/a
   -> Saved last checkpoint at epoch 63
Epoch 64/100 | Steps: 1508 | LR: 0.000035 | Train Loss: 0.050751 (P:0.0489, S:0.0361, Q:0.0000) | Val Loss: 0.117646 (P:0.1086, S:0.1812, Q:0.0000) | Repr L2μ: 3.2798 Val L2μ: 0.4805 | Repr Cosμ: 0.9370 Val Cosμ: 0.9988 | Pred→Target Cosμ: 0.9753 Val Cosμ: 0.9372 | Repr NormRatio: 1.1445 Val NormRatio: 1.0121 | Train Meta: n/a | Val Meta: n/a
   -> Saved last checkpoint at epoch 64
Epoch 65/100 | Steps: 1508 | LR: 0.000034 | Train Loss: 0.052711 (P:0.0510, S:0.0343, Q:0.0000) | Val Loss: 0.172050 (P:0.1633, S:0.1750, Q:0.0000) | Repr L2μ: 3.1757 Val L2μ: 0.4800 | Repr Cosμ: 0.9408 Val Cosμ: 0.9988 | Pred→Target Cosμ: 0.9745 Val Cosμ: 0.9197 | Repr NormRatio: 1.1422 Val NormRatio: 1.0139 | Train Meta: n/a | Val Meta: n/a
   -> Saved last checkpoint at epoch 65
Epoch 66/100 | Steps: 1508 | LR: 0.000032 | Train Loss: 0.053398 (P:0.0517, S:0.0345, Q:0.0000) | Val Loss: 0.149463 (P:0.1398, S:0.1932, Q:0.0000) | Repr L2μ: 3.1401 Val L2μ: 0.4886 | Repr Cosμ: 0.9417 Val Cosμ: 0.9988 | Pred→Target Cosμ: 0.9744 Val Cosμ: 0.9314 | Repr NormRatio: 1.1422 Val NormRatio: 1.0139 | Train Meta: n/a | Val Meta: n/a
   -> Saved last checkpoint at epoch 66
Epoch 67/100 | Steps: 1508 | LR: 0.000030 | Train Loss: 0.052999 (P:0.0512, S:0.0359, Q:0.0000) | Val Loss: 0.181580 (P:0.1719, S:0.1942, Q:0.0000) | Repr L2μ: 3.1604 Val L2μ: 0.4755 | Repr Cosμ: 0.9403 Val Cosμ: 0.9988 | Pred→Target Cosμ: 0.9748 Val Cosμ: 0.9131 | Repr NormRatio: 1.1366 Val NormRatio: 1.0123 | Train Meta: n/a | Val Meta: n/a
   -> Saved last checkpoint at epoch 67
Epoch 68/100 | Steps: 1508 | LR: 0.000029 | Train Loss: 0.051484 (P:0.0497, S:0.0352, Q:0.0000) | Val Loss: 0.150176 (P:0.1400, S:0.2031, Q:0.0000) | Repr L2μ: 3.0315 Val L2μ: 0.4452 | Repr Cosμ: 0.9453 Val Cosμ: 0.9990 | Pred→Target Cosμ: 0.9753 Val Cosμ: 0.9284 | Repr NormRatio: 1.1202 Val NormRatio: 1.0117 | Train Meta: n/a | Val Meta: n/a
   -> Saved last checkpoint at epoch 68
Epoch 69/100 | Steps: 1508 | LR: 0.000027 | Train Loss: 0.052306 (P:0.0505, S:0.0361, Q:0.0000) | Val Loss: 0.174711 (P:0.1647, S:0.2009, Q:0.0000) | Repr L2μ: 3.0926 Val L2μ: 0.5337 | Repr Cosμ: 0.9425 Val Cosμ: 0.9985 | Pred→Target Cosμ: 0.9756 Val Cosμ: 0.9154 | Repr NormRatio: 1.1214 Val NormRatio: 1.0159 | Train Meta: n/a | Val Meta: n/a
   -> Saved last checkpoint at epoch 69
Epoch 70/100 | Steps: 1508 | LR: 0.000026 | Train Loss: 0.051677 (P:0.0499, S:0.0349, Q:0.0000) | Val Loss: 0.135270 (P:0.1245, S:0.2157, Q:0.0000) | Repr L2μ: 2.9712 Val L2μ: 0.4472 | Repr Cosμ: 0.9469 Val Cosμ: 0.9989 | Pred→Target Cosμ: 0.9749 Val Cosμ: 0.9350 | Repr NormRatio: 1.1071 Val NormRatio: 1.0111 | Train Meta: n/a | Val Meta: n/a
   -> Saved last checkpoint at epoch 70
Epoch 71/100 | Steps: 1508 | LR: 0.000024 | Train Loss: 0.048411 (P:0.0468, S:0.0313, Q:0.0000) | Val Loss: 0.174847 (P:0.1650, S:0.1969, Q:0.0000) | Repr L2μ: 3.1335 Val L2μ: 0.5373 | Repr Cosμ: 0.9399 Val Cosμ: 0.9984 | Pred→Target Cosμ: 0.9760 Val Cosμ: 0.9178 | Repr NormRatio: 1.1050 Val NormRatio: 1.0137 | Train Meta: n/a | Val Meta: n/a
   -> Saved last checkpoint at epoch 71
Epoch 72/100 | Steps: 1508 | LR: 0.000023 | Train Loss: 0.049493 (P:0.0479, S:0.0317, Q:0.0000) | Val Loss: 0.172747 (P:0.1625, S:0.2057, Q:0.0000) | Repr L2μ: 3.2114 Val L2μ: 0.5139 | Repr Cosμ: 0.9363 Val Cosμ: 0.9985 | Pred→Target Cosμ: 0.9756 Val Cosμ: 0.9309 | Repr NormRatio: 1.1165 Val NormRatio: 1.0148 | Train Meta: n/a | Val Meta: n/a
   -> Saved last checkpoint at epoch 72
Epoch 73/100 | Steps: 1508 | LR: 0.000021 | Train Loss: 0.048753 (P:0.0472, S:0.0316, Q:0.0000) | Val Loss: 0.182270 (P:0.1719, S:0.2078, Q:0.0000) | Repr L2μ: 3.2563 Val L2μ: 0.5067 | Repr Cosμ: 0.9339 Val Cosμ: 0.9986 | Pred→Target Cosμ: 0.9761 Val Cosμ: 0.9186 | Repr NormRatio: 1.1229 Val NormRatio: 1.0138 | Train Meta: n/a | Val Meta: n/a
   -> Saved last checkpoint at epoch 73
Epoch 74/100 | Steps: 1508 | LR: 0.000020 | Train Loss: 0.048482 (P:0.0469, S:0.0308, Q:0.0000) | Val Loss: 0.191774 (P:0.1808, S:0.2202, Q:0.0000) | Repr L2μ: 3.2451 Val L2μ: 0.5469 | Repr Cosμ: 0.9340 Val Cosμ: 0.9983 | Pred→Target Cosμ: 0.9758 Val Cosμ: 0.9201 | Repr NormRatio: 1.1219 Val NormRatio: 1.0154 | Train Meta: n/a | Val Meta: n/a
   -> Saved last checkpoint at epoch 74
Epoch 75/100 | Steps: 1508 | LR: 0.000019 | Train Loss: 0.048109 (P:0.0465, S:0.0331, Q:0.0000) | Val Loss: 0.150760 (P:0.1395, S:0.2246, Q:0.0000) | Repr L2μ: 3.1964 Val L2μ: 0.5415 | Repr Cosμ: 0.9362 Val Cosμ: 0.9984 | Pred→Target Cosμ: 0.9758 Val Cosμ: 0.9301 | Repr NormRatio: 1.1324 Val NormRatio: 1.0128 | Train Meta: n/a | Val Meta: n/a
   -> Saved last checkpoint at epoch 75
Epoch 76/100 | Steps: 1508 | LR: 0.000017 | Train Loss: 0.047468 (P:0.0458, S:0.0329, Q:0.0000) | Val Loss: 0.164464 (P:0.1555, S:0.1803, Q:0.0000) | Repr L2μ: 3.2796 Val L2μ: 0.4779 | Repr Cosμ: 0.9328 Val Cosμ: 0.9988 | Pred→Target Cosμ: 0.9758 Val Cosμ: 0.9159 | Repr NormRatio: 1.1362 Val NormRatio: 1.0117 | Train Meta: n/a | Val Meta: n/a
   -> Saved last checkpoint at epoch 76
Epoch 77/100 | Steps: 1508 | LR: 0.000016 | Train Loss: 0.047122 (P:0.0456, S:0.0313, Q:0.0000) | Val Loss: 0.131382 (P:0.1193, S:0.2409, Q:0.0000) | Repr L2μ: 3.3062 Val L2μ: 0.4929 | Repr Cosμ: 0.9314 Val Cosμ: 0.9987 | Pred→Target Cosμ: 0.9758 Val Cosμ: 0.9366 | Repr NormRatio: 1.1380 Val NormRatio: 1.0121 | Train Meta: n/a | Val Meta: n/a
   -> Saved last checkpoint at epoch 77
Epoch 78/100 | Steps: 1508 | LR: 0.000015 | Train Loss: 0.047045 (P:0.0454, S:0.0323, Q:0.0000) | Val Loss: 0.100877 (P:0.0883, S:0.2506, Q:0.0000) | Repr L2μ: 3.3136 Val L2μ: 0.5483 | Repr Cosμ: 0.9308 Val Cosμ: 0.9983 | Pred→Target Cosμ: 0.9754 Val Cosμ: 0.9456 | Repr NormRatio: 1.1377 Val NormRatio: 1.0122 | Train Meta: n/a | Val Meta: n/a
   -> Saved last checkpoint at epoch 78
Epoch 79/100 | Steps: 1508 | LR: 0.000014 | Train Loss: 0.044474 (P:0.0429, S:0.0305, Q:0.0000) | Val Loss: 0.147967 (P:0.1387, S:0.1846, Q:0.0000) | Repr L2μ: 3.2936 Val L2μ: 0.4810 | Repr Cosμ: 0.9314 Val Cosμ: 0.9988 | Pred→Target Cosμ: 0.9757 Val Cosμ: 0.9232 | Repr NormRatio: 1.1365 Val NormRatio: 1.0122 | Train Meta: n/a | Val Meta: n/a
   -> Saved last checkpoint at epoch 79
Epoch 80/100 | Steps: 1508 | LR: 0.000013 | Train Loss: 0.045504 (P:0.0440, S:0.0294, Q:0.0000) | Val Loss: 0.166257 (P:0.1573, S:0.1790, Q:0.0000) | Repr L2μ: 3.4048 Val L2μ: 0.4978 | Repr Cosμ: 0.9260 Val Cosμ: 0.9987 | Pred→Target Cosμ: 0.9759 Val Cosμ: 0.9153 | Repr NormRatio: 1.1387 Val NormRatio: 1.0127 | Train Meta: n/a | Val Meta: n/a
   -> Saved last checkpoint at epoch 80
Epoch 81/100 | Steps: 1508 | LR: 0.000011 | Train Loss: 0.046876 (P:0.0454, S:0.0302, Q:0.0000) | Val Loss: 0.157465 (P:0.1477, S:0.1947, Q:0.0000) | Repr L2μ: 3.3391 Val L2μ: 0.4643 | Repr Cosμ: 0.9293 Val Cosμ: 0.9988 | Pred→Target Cosμ: 0.9755 Val Cosμ: 0.9153 | Repr NormRatio: 1.1412 Val NormRatio: 1.0111 | Train Meta: n/a | Val Meta: n/a
   -> Saved last checkpoint at epoch 81
Epoch 82/100 | Steps: 1508 | LR: 0.000010 | Train Loss: 0.045329 (P:0.0438, S:0.0304, Q:0.0000) | Val Loss: 0.142017 (P:0.1332, S:0.1764, Q:0.0000) | Repr L2μ: 3.3653 Val L2μ: 0.4571 | Repr Cosμ: 0.9277 Val Cosμ: 0.9989 | Pred→Target Cosμ: 0.9761 Val Cosμ: 0.9232 | Repr NormRatio: 1.1398 Val NormRatio: 1.0106 | Train Meta: n/a | Val Meta: n/a
   -> Saved last checkpoint at epoch 82
Epoch 83/100 | Steps: 1508 | LR: 0.000009 | Train Loss: 0.045430 (P:0.0439, S:0.0306, Q:0.0000) | Val Loss: 0.144189 (P:0.1355, S:0.1736, Q:0.0000) | Repr L2μ: 3.4027 Val L2μ: 0.4803 | Repr Cosμ: 0.9255 Val Cosμ: 0.9988 | Pred→Target Cosμ: 0.9758 Val Cosμ: 0.9212 | Repr NormRatio: 1.1513 Val NormRatio: 1.0114 | Train Meta: n/a | Val Meta: n/a
   -> Saved last checkpoint at epoch 83
Epoch 84/100 | Steps: 1508 | LR: 0.000009 | Train Loss: 0.045470 (P:0.0440, S:0.0289, Q:0.0000) | Val Loss: 0.126329 (P:0.1146, S:0.2349, Q:0.0000) | Repr L2μ: 3.3906 Val L2μ: 0.5505 | Repr Cosμ: 0.9263 Val Cosμ: 0.9983 | Pred→Target Cosμ: 0.9752 Val Cosμ: 0.9367 | Repr NormRatio: 1.1423 Val NormRatio: 1.0127 | Train Meta: n/a | Val Meta: n/a
   -> Saved last checkpoint at epoch 84
Epoch 85/100 | Steps: 1508 | LR: 0.000008 | Train Loss: 0.043556 (P:0.0421, S:0.0289, Q:0.0000) | Val Loss: 0.134827 (P:0.1253, S:0.1908, Q:0.0000) | Repr L2μ: 3.3746 Val L2μ: 0.4830 | Repr Cosμ: 0.9271 Val Cosμ: 0.9987 | Pred→Target Cosμ: 0.9763 Val Cosμ: 0.9313 | Repr NormRatio: 1.1480 Val NormRatio: 1.0112 | Train Meta: n/a | Val Meta: n/a
   -> Saved last checkpoint at epoch 85
Epoch 86/100 | Steps: 1508 | LR: 0.000007 | Train Loss: 0.044557 (P:0.0432, S:0.0268, Q:0.0000) | Val Loss: 0.147538 (P:0.1381, S:0.1881, Q:0.0000) | Repr L2μ: 3.3366 Val L2μ: 0.4701 | Repr Cosμ: 0.9291 Val Cosμ: 0.9988 | Pred→Target Cosμ: 0.9759 Val Cosμ: 0.9246 | Repr NormRatio: 1.1365 Val NormRatio: 1.0116 | Train Meta: n/a | Val Meta: n/a
   -> Saved last checkpoint at epoch 86
Epoch 87/100 | Steps: 1508 | LR: 0.000006 | Train Loss: 0.045053 (P:0.0436, S:0.0289, Q:0.0000) | Val Loss: 0.152554 (P:0.1437, S:0.1780, Q:0.0000) | Repr L2μ: 3.3873 Val L2μ: 0.4980 | Repr Cosμ: 0.9263 Val Cosμ: 0.9987 | Pred→Target Cosμ: 0.9757 Val Cosμ: 0.9185 | Repr NormRatio: 1.1473 Val NormRatio: 1.0133 | Train Meta: n/a | Val Meta: n/a
   -> Saved last checkpoint at epoch 87
Epoch 88/100 | Steps: 1508 | LR: 0.000005 | Train Loss: 0.044523 (P:0.0431, S:0.0278, Q:0.0000) | Val Loss: 0.152011 (P:0.1418, S:0.2045, Q:0.0000) | Repr L2μ: 3.4690 Val L2μ: 0.4744 | Repr Cosμ: 0.9225 Val Cosμ: 0.9988 | Pred→Target Cosμ: 0.9759 Val Cosμ: 0.9231 | Repr NormRatio: 1.1530 Val NormRatio: 1.0118 | Train Meta: n/a | Val Meta: n/a
   -> Saved last checkpoint at epoch 88
Epoch 89/100 | Steps: 1508 | LR: 0.000005 | Train Loss: 0.044456 (P:0.0431, S:0.0268, Q:0.0000) | Val Loss: 0.138641 (P:0.1288, S:0.1962, Q:0.0000) | Repr L2μ: 3.3163 Val L2μ: 0.4967 | Repr Cosμ: 0.9300 Val Cosμ: 0.9987 | Pred→Target Cosμ: 0.9755 Val Cosμ: 0.9279 | Repr NormRatio: 1.1366 Val NormRatio: 1.0122 | Train Meta: n/a | Val Meta: n/a
   -> Saved last checkpoint at epoch 89
Epoch 90/100 | Steps: 1508 | LR: 0.000004 | Train Loss: 0.044073 (P:0.0427, S:0.0271, Q:0.0000) | Val Loss: 0.163987 (P:0.1545, S:0.1904, Q:0.0000) | Repr L2μ: 3.4349 Val L2μ: 0.4860 | Repr Cosμ: 0.9241 Val Cosμ: 0.9987 | Pred→Target Cosμ: 0.9762 Val Cosμ: 0.9231 | Repr NormRatio: 1.1481 Val NormRatio: 1.0126 | Train Meta: n/a | Val Meta: n/a
   -> Saved last checkpoint at epoch 90
Epoch 91/100 | Steps: 1508 | LR: 0.000003 | Train Loss: 0.044645 (P:0.0433, S:0.0261, Q:0.0000) | Val Loss: 0.146751 (P:0.1371, S:0.1920, Q:0.0000) | Repr L2μ: 3.4387 Val L2μ: 0.5137 | Repr Cosμ: 0.9241 Val Cosμ: 0.9986 | Pred→Target Cosμ: 0.9756 Val Cosμ: 0.9215 | Repr NormRatio: 1.1427 Val NormRatio: 1.0130 | Train Meta: n/a | Val Meta: n/a
   -> Saved last checkpoint at epoch 91
Epoch 92/100 | Steps: 1508 | LR: 0.000003 | Train Loss: 0.045127 (P:0.0437, S:0.0277, Q:0.0000) | Val Loss: 0.158113 (P:0.1489, S:0.1840, Q:0.0000) | Repr L2μ: 3.4345 Val L2μ: 0.4774 | Repr Cosμ: 0.9241 Val Cosμ: 0.9988 | Pred→Target Cosμ: 0.9755 Val Cosμ: 0.9177 | Repr NormRatio: 1.1471 Val NormRatio: 1.0121 | Train Meta: n/a | Val Meta: n/a
   -> Saved last checkpoint at epoch 92
Epoch 93/100 | Steps: 1508 | LR: 0.000002 | Train Loss: 0.044104 (P:0.0428, S:0.0265, Q:0.0000) | Val Loss: 0.156429 (P:0.1475, S:0.1777, Q:0.0000) | Repr L2μ: 3.3952 Val L2μ: 0.4821 | Repr Cosμ: 0.9261 Val Cosμ: 0.9987 | Pred→Target Cosμ: 0.9756 Val Cosμ: 0.9193 | Repr NormRatio: 1.1348 Val NormRatio: 1.0123 | Train Meta: n/a | Val Meta: n/a
   -> Saved last checkpoint at epoch 93
Epoch 94/100 | Steps: 1508 | LR: 0.000002 | Train Loss: 0.045154 (P:0.0438, S:0.0277, Q:0.0000) | Val Loss: 0.135578 (P:0.1255, S:0.2020, Q:0.0000) | Repr L2μ: 3.5746 Val L2μ: 0.5216 | Repr Cosμ: 0.9167 Val Cosμ: 0.9985 | Pred→Target Cosμ: 0.9759 Val Cosμ: 0.9271 | Repr NormRatio: 1.1612 Val NormRatio: 1.0128 | Train Meta: n/a | Val Meta: n/a
   -> Saved last checkpoint at epoch 94
Epoch 95/100 | Steps: 1508 | LR: 0.000002 | Train Loss: 0.045744 (P:0.0444, S:0.0270, Q:0.0000) | Val Loss: 0.163978 (P:0.1550, S:0.1787, Q:0.0000) | Repr L2μ: 3.4541 Val L2μ: 0.4814 | Repr Cosμ: 0.9228 Val Cosμ: 0.9987 | Pred→Target Cosμ: 0.9750 Val Cosμ: 0.9139 | Repr NormRatio: 1.1479 Val NormRatio: 1.0124 | Train Meta: n/a | Val Meta: n/a
   -> Saved last checkpoint at epoch 95
Epoch 96/100 | Steps: 1508 | LR: 0.000001 | Train Loss: 0.044224 (P:0.0429, S:0.0263, Q:0.0000) | Val Loss: 0.160977 (P:0.1517, S:0.1853, Q:0.0000) | Repr L2μ: 3.3866 Val L2μ: 0.4783 | Repr Cosμ: 0.9264 Val Cosμ: 0.9988 | Pred→Target Cosμ: 0.9753 Val Cosμ: 0.9164 | Repr NormRatio: 1.1383 Val NormRatio: 1.0127 | Train Meta: n/a | Val Meta: n/a
   -> Saved last checkpoint at epoch 96
Epoch 97/100 | Steps: 1508 | LR: 0.000001 | Train Loss: 0.043929 (P:0.0426, S:0.0258, Q:0.0000) | Val Loss: 0.154090 (P:0.1453, S:0.1759, Q:0.0000) | Repr L2μ: 3.4414 Val L2μ: 0.4878 | Repr Cosμ: 0.9237 Val Cosμ: 0.9987 | Pred→Target Cosμ: 0.9756 Val Cosμ: 0.9179 | Repr NormRatio: 1.1419 Val NormRatio: 1.0128 | Train Meta: n/a | Val Meta: n/a
   -> Saved last checkpoint at epoch 97
Epoch 98/100 | Steps: 1508 | LR: 0.000001 | Train Loss: 0.044569 (P:0.0433, S:0.0258, Q:0.0000) | Val Loss: 0.154894 (P:0.1460, S:0.1774, Q:0.0000) | Repr L2μ: 3.5348 Val L2μ: 0.4938 | Repr Cosμ: 0.9190 Val Cosμ: 0.9987 | Pred→Target Cosμ: 0.9757 Val Cosμ: 0.9188 | Repr NormRatio: 1.1529 Val NormRatio: 1.0125 | Train Meta: n/a | Val Meta: n/a
   -> Saved last checkpoint at epoch 98
Epoch 99/100 | Steps: 1508 | LR: 0.000001 | Train Loss: 0.043790 (P:0.0425, S:0.0259, Q:0.0000) | Val Loss: 0.151673 (P:0.1432, S:0.1690, Q:0.0000) | Repr L2μ: 3.5070 Val L2μ: 0.4792 | Repr Cosμ: 0.9203 Val Cosμ: 0.9987 | Pred→Target Cosμ: 0.9761 Val Cosμ: 0.9141 | Repr NormRatio: 1.1534 Val NormRatio: 1.0121 | Train Meta: n/a | Val Meta: n/a
   -> Saved last checkpoint at epoch 99
Epoch 100/100 | Steps: 1508 | LR: 0.000001 | Train Loss: 0.043914 (P:0.0426, S:0.0254, Q:0.0000) | Val Loss: 0.159733 (P:0.1510, S:0.1753, Q:0.0000) | Repr L2μ: 3.4743 Val L2μ: 0.4785 | Repr Cosμ: 0.9219 Val Cosμ: 0.9988 | Pred→Target Cosμ: 0.9756 Val Cosμ: 0.9129 | Repr NormRatio: 1.1465 Val NormRatio: 1.0122 | Train Meta: n/a | Val Meta: n/a
   -> Saved last checkpoint at epoch 100
