nohup: ignoring input
🚀 Laya-TS Pretraining: ETTm2 (laya + ci_adapter)
📊 data_path: ../Dataset/Time-Series-Library_dataset/ETT-small/ETTm2.csv
📝 metadata: mode=text, fusion=none
📝 relation_adapter: heads=4, dropout=0.1, metadata_dropout=0.0
📝 metadata_cache: /NHNHOME/pjh_data/laya_ts_metadata_cache
📝 hf_cache: /NHNHOME/pjh_data/hf_cache
📝 log_dir: ./runs/pretrain_ettm2_laya_ci_adapter
/data/pjh_workspace/ts-env/lib/python3.8/site-packages/transformers/utils/hub.py:128: FutureWarning: Using `TRANSFORMERS_CACHE` is deprecated and will be removed in v5 of Transformers. Use `HF_HOME` instead.
  warnings.warn(
📊 Dataset Statistics:
   - Sequence Length (T): 512
   - Train Samples: 48265, Steps: 1508
   - Val Samples: 6457, Steps: 202
🔧 Encoder Hyperparameters:
   - d_model: 256
   - n_heads: 8
   - n_layers: 3
   - proj_dim: 128
   - predictor_depth: 2
   - predictor_heads: 4
   - patch_size: 16
   - metadata_fusion_mode: none
   - channel_mixer_relation_mode: none
   - use_relation_adapter: True
   - relation_adapter_position: post_encoder
   - relation_num_heads: 4
   - relation_dropout: 0.1
   - relation_scale_init: 0.001
   - use_metadata_bias: True
   - use_metadata_gate: True
   - metadata_scale_init: 0.001
   - metadata_dropout: 0.0
   - encoder_variant: default
   - temporal_patchifier_mode: fixed
   - use_channel_relation_block: False
🧮 Parameter Counts:
   - Total Parameters: 5,174,791
   - Trainable Parameters: 5,174,791
⏱️ Schedule:
   - total_steps: 150800
   - warmup_steps: 15080
   - derived_epochs: 100
Epoch 1/100 | Steps: 1508 | LR: 0.000010 | Train Loss: 0.586145 (P:0.5760, S:0.2027, Q:0.0000) | Val Loss: 0.352448 (P:0.3368, S:0.3134, Q:0.0000) | Repr L2μ: 8.7194 Val L2μ: 0.6355 | Repr Cosμ: 0.6025 Val Cosμ: 0.9979 | Pred→Target Cosμ: 0.7012 Val Cosμ: 0.8248 | Repr NormRatio: 2.0551 Val NormRatio: 1.0184 | Train Meta: AdapterScaleμ:0.0027, AdapterMetaScaleμ:0.0011, AdapterGateμ:0.7257, AdapterBias|B|μ:0.0474, AdapterMetaOn:1.00, AdapterMetaNZ%:100.0, AdapterΔ/Input:0.06% | Val Meta: AdapterScaleμ:0.0075, AdapterMetaScaleμ:0.0012, AdapterGateμ:0.9927, AdapterBias|B|μ:0.0507, AdapterMetaOn:1.00, AdapterMetaNZ%:100.0, AdapterΔ/Input:0.28%
   -> Saved improved checkpoint: val_loss=0.352448 at epoch 1
Epoch 2/100 | Steps: 1508 | LR: 0.000020 | Train Loss: 0.321057 (P:0.3166, S:0.0892, Q:0.0000) | Val Loss: 0.305369 (P:0.2909, S:0.2886, Q:0.0000) | Repr L2μ: 8.6104 Val L2μ: 0.5982 | Repr Cosμ: 0.6245 Val Cosμ: 0.9982 | Pred→Target Cosμ: 0.8890 Val Cosμ: 0.8333 | Repr NormRatio: 1.9777 Val NormRatio: 1.0158 | Train Meta: AdapterScaleμ:0.0146, AdapterMetaScaleμ:0.0005, AdapterGateμ:0.9985, AdapterBias|B|μ:0.0901, AdapterMetaOn:1.00, AdapterMetaNZ%:100.0, AdapterΔ/Input:0.97% | Val Meta: AdapterScaleμ:0.0204, AdapterMetaScaleμ:-0.0004, AdapterGateμ:0.9994, AdapterBias|B|μ:0.0741, AdapterMetaOn:1.00, AdapterMetaNZ%:100.0, AdapterΔ/Input:2.10%
   -> Saved improved checkpoint: val_loss=0.305369 at epoch 2
Epoch 3/100 | Steps: 1508 | LR: 0.000030 | Train Loss: 0.263336 (P:0.2604, S:0.0591, Q:0.0000) | Val Loss: 0.351058 (P:0.3365, S:0.2916, Q:0.0000) | Repr L2μ: 8.3199 Val L2μ: 0.6464 | Repr Cosμ: 0.6707 Val Cosμ: 0.9980 | Pred→Target Cosμ: 0.8957 Val Cosμ: 0.8036 | Repr NormRatio: 1.8282 Val NormRatio: 1.0152 | Train Meta: AdapterScaleμ:0.0272, AdapterMetaScaleμ:-0.0137, AdapterGateμ:0.8095, AdapterBias|B|μ:3.1471, AdapterMetaOn:1.00, AdapterMetaNZ%:100.0, AdapterΔ/Input:2.99% | Val Meta: AdapterScaleμ:0.0343, AdapterMetaScaleμ:-0.0289, AdapterGateμ:0.6971, AdapterBias|B|μ:14.2228, AdapterMetaOn:1.00, AdapterMetaNZ%:100.0, AdapterΔ/Input:3.84%
   -> Saved last checkpoint at epoch 3
Epoch 4/100 | Steps: 1508 | LR: 0.000040 | Train Loss: 0.227910 (P:0.2258, S:0.0429, Q:0.0000) | Val Loss: 0.517104 (P:0.5012, S:0.3186, Q:0.0000) | Repr L2μ: 7.8880 Val L2μ: 0.8774 | Repr Cosμ: 0.7299 Val Cosμ: 0.9967 | Pred→Target Cosμ: 0.8898 Val Cosμ: 0.7290 | Repr NormRatio: 1.6864 Val NormRatio: 1.0118 | Train Meta: AdapterScaleμ:0.0444, AdapterMetaScaleμ:-0.0344, AdapterGateμ:0.7140, AdapterBias|B|μ:24.5667, AdapterMetaOn:1.00, AdapterMetaNZ%:100.0, AdapterΔ/Input:8.11% | Val Meta: AdapterScaleμ:0.0558, AdapterMetaScaleμ:-0.0377, AdapterGateμ:0.7146, AdapterBias|B|μ:32.3022, AdapterMetaOn:1.00, AdapterMetaNZ%:100.0, AdapterΔ/Input:11.16%
   -> Saved last checkpoint at epoch 4
Epoch 5/100 | Steps: 1508 | LR: 0.000050 | Train Loss: 0.196165 (P:0.1941, S:0.0404, Q:0.0000) | Val Loss: 0.569447 (P:0.5550, S:0.2897, Q:0.0000) | Repr L2μ: 7.0203 Val L2μ: 0.9216 | Repr Cosμ: 0.8254 Val Cosμ: 0.9971 | Pred→Target Cosμ: 0.8888 Val Cosμ: 0.7373 | Repr NormRatio: 1.5727 Val NormRatio: 1.0163 | Train Meta: AdapterScaleμ:0.0691, AdapterMetaScaleμ:-0.0420, AdapterGateμ:0.6396, AdapterBias|B|μ:40.4615, AdapterMetaOn:1.00, AdapterMetaNZ%:100.0, AdapterΔ/Input:16.19% | Val Meta: AdapterScaleμ:0.0803, AdapterMetaScaleμ:-0.0461, AdapterGateμ:0.5714, AdapterBias|B|μ:49.7526, AdapterMetaOn:1.00, AdapterMetaNZ%:100.0, AdapterΔ/Input:15.85%
   -> Saved last checkpoint at epoch 5
Epoch 6/100 | Steps: 1508 | LR: 0.000060 | Train Loss: 0.198827 (P:0.1963, S:0.0497, Q:0.0000) | Val Loss: 0.804368 (P:0.7886, S:0.3155, Q:0.0000) | Repr L2μ: 5.8622 Val L2μ: 0.6906 | Repr Cosμ: 0.8901 Val Cosμ: 0.9986 | Pred→Target Cosμ: 0.9080 Val Cosμ: 0.7972 | Repr NormRatio: 1.3796 Val NormRatio: 1.0132 | Train Meta: AdapterScaleμ:0.0894, AdapterMetaScaleμ:-0.0458, AdapterGateμ:0.4867, AdapterBias|B|μ:39.8813, AdapterMetaOn:1.00, AdapterMetaNZ%:100.0, AdapterΔ/Input:16.57% | Val Meta: AdapterScaleμ:0.0994, AdapterMetaScaleμ:-0.0473, AdapterGateμ:0.5918, AdapterBias|B|μ:28.0776, AdapterMetaOn:1.00, AdapterMetaNZ%:100.0, AdapterΔ/Input:21.88%
   -> Saved last checkpoint at epoch 6
Epoch 7/100 | Steps: 1508 | LR: 0.000070 | Train Loss: 0.232672 (P:0.2297, S:0.0585, Q:0.0000) | Val Loss: 0.886973 (P:0.8735, S:0.2696, Q:0.0000) | Repr L2μ: 4.3142 Val L2μ: 0.5475 | Repr Cosμ: 0.9408 Val Cosμ: 0.9992 | Pred→Target Cosμ: 0.9213 Val Cosμ: 0.7354 | Repr NormRatio: 1.2743 Val NormRatio: 1.0124 | Train Meta: AdapterScaleμ:0.1099, AdapterMetaScaleμ:-0.0495, AdapterGateμ:0.5111, AdapterBias|B|μ:29.4198, AdapterMetaOn:1.00, AdapterMetaNZ%:100.0, AdapterΔ/Input:19.99% | Val Meta: AdapterScaleμ:0.1162, AdapterMetaScaleμ:-0.0500, AdapterGateμ:0.5075, AdapterBias|B|μ:32.4020, AdapterMetaOn:1.00, AdapterMetaNZ%:100.0, AdapterΔ/Input:18.95%
   -> Saved last checkpoint at epoch 7
Epoch 8/100 | Steps: 1508 | LR: 0.000080 | Train Loss: 0.208508 (P:0.2063, S:0.0448, Q:0.0000) | Val Loss: 0.544282 (P:0.5245, S:0.3957, Q:0.0000) | Repr L2μ: 3.9213 Val L2μ: 0.7263 | Repr Cosμ: 0.9538 Val Cosμ: 0.9985 | Pred→Target Cosμ: 0.9302 Val Cosμ: 0.6611 | Repr NormRatio: 1.2556 Val NormRatio: 1.0070 | Train Meta: AdapterScaleμ:0.1234, AdapterMetaScaleμ:-0.0517, AdapterGateμ:0.5210, AdapterBias|B|μ:36.6275, AdapterMetaOn:1.00, AdapterMetaNZ%:100.0, AdapterΔ/Input:21.76% | Val Meta: AdapterScaleμ:0.1302, AdapterMetaScaleμ:-0.0539, AdapterGateμ:0.5254, AdapterBias|B|μ:36.1301, AdapterMetaOn:1.00, AdapterMetaNZ%:100.0, AdapterΔ/Input:19.53%
   -> Saved last checkpoint at epoch 8
Epoch 9/100 | Steps: 1508 | LR: 0.000090 | Train Loss: 0.166505 (P:0.1646, S:0.0384, Q:0.0000) | Val Loss: 0.453692 (P:0.4364, S:0.3455, Q:0.0000) | Repr L2μ: 4.4262 Val L2μ: 1.4200 | Repr Cosμ: 0.9406 Val Cosμ: 0.9936 | Pred→Target Cosμ: 0.9329 Val Cosμ: 0.7482 | Repr NormRatio: 1.1782 Val NormRatio: 1.0154 | Train Meta: AdapterScaleμ:0.1332, AdapterMetaScaleμ:-0.0552, AdapterGateμ:0.5049, AdapterBias|B|μ:36.2436, AdapterMetaOn:1.00, AdapterMetaNZ%:100.0, AdapterΔ/Input:23.42% | Val Meta: AdapterScaleμ:0.1368, AdapterMetaScaleμ:-0.0547, AdapterGateμ:0.4698, AdapterBias|B|μ:27.3233, AdapterMetaOn:1.00, AdapterMetaNZ%:100.0, AdapterΔ/Input:21.35%
   -> Saved last checkpoint at epoch 9
Epoch 10/100 | Steps: 1508 | LR: 0.000100 | Train Loss: 0.138919 (P:0.1371, S:0.0365, Q:0.0000) | Val Loss: 0.410381 (P:0.3976, S:0.2557, Q:0.0000) | Repr L2μ: 5.9205 Val L2μ: 1.3973 | Repr Cosμ: 0.8894 Val Cosμ: 0.9938 | Pred→Target Cosμ: 0.9412 Val Cosμ: 0.8648 | Repr NormRatio: 1.2269 Val NormRatio: 1.0310 | Train Meta: AdapterScaleμ:0.1421, AdapterMetaScaleμ:-0.0551, AdapterGateμ:0.5010, AdapterBias|B|μ:29.1732, AdapterMetaOn:1.00, AdapterMetaNZ%:100.0, AdapterΔ/Input:26.80% | Val Meta: AdapterScaleμ:0.1469, AdapterMetaScaleμ:-0.0543, AdapterGateμ:0.5244, AdapterBias|B|μ:26.4905, AdapterMetaOn:1.00, AdapterMetaNZ%:100.0, AdapterΔ/Input:29.19%
   -> Saved last checkpoint at epoch 10
Epoch 11/100 | Steps: 1508 | LR: 0.000100 | Train Loss: 0.109221 (P:0.1075, S:0.0339, Q:0.0000) | Val Loss: 0.354912 (P:0.3402, S:0.2946, Q:0.0000) | Repr L2μ: 7.3504 Val L2μ: 2.0289 | Repr Cosμ: 0.8203 Val Cosμ: 0.9851 | Pred→Target Cosμ: 0.9518 Val Cosμ: 0.8232 | Repr NormRatio: 1.2725 Val NormRatio: 1.0260 | Train Meta: AdapterScaleμ:0.1504, AdapterMetaScaleμ:-0.0542, AdapterGateμ:0.5220, AdapterBias|B|μ:26.9150, AdapterMetaOn:1.00, AdapterMetaNZ%:100.0, AdapterΔ/Input:28.90% | Val Meta: AdapterScaleμ:0.1571, AdapterMetaScaleμ:-0.0549, AdapterGateμ:0.5184, AdapterBias|B|μ:30.6469, AdapterMetaOn:1.00, AdapterMetaNZ%:100.0, AdapterΔ/Input:31.32%
   -> Saved last checkpoint at epoch 11
Epoch 12/100 | Steps: 1508 | LR: 0.000100 | Train Loss: 0.094026 (P:0.0925, S:0.0304, Q:0.0000) | Val Loss: 0.332181 (P:0.3221, S:0.2013, Q:0.0000) | Repr L2μ: 7.3383 Val L2μ: 1.9139 | Repr Cosμ: 0.8117 Val Cosμ: 0.9862 | Pred→Target Cosμ: 0.9572 Val Cosμ: 0.8615 | Repr NormRatio: 1.3508 Val NormRatio: 1.0409 | Train Meta: AdapterScaleμ:0.1652, AdapterMetaScaleμ:-0.0525, AdapterGateμ:0.4030, AdapterBias|B|μ:24.5070, AdapterMetaOn:1.00, AdapterMetaNZ%:100.0, AdapterΔ/Input:23.84% | Val Meta: AdapterScaleμ:0.1738, AdapterMetaScaleμ:-0.0512, AdapterGateμ:0.3858, AdapterBias|B|μ:22.0687, AdapterMetaOn:1.00, AdapterMetaNZ%:100.0, AdapterΔ/Input:25.45%
   -> Saved last checkpoint at epoch 12
Epoch 13/100 | Steps: 1508 | LR: 0.000100 | Train Loss: 0.085865 (P:0.0844, S:0.0283, Q:0.0000) | Val Loss: 0.344691 (P:0.3297, S:0.3003, Q:0.0000) | Repr L2μ: 7.0364 Val L2μ: 1.5094 | Repr Cosμ: 0.8301 Val Cosμ: 0.9921 | Pred→Target Cosμ: 0.9604 Val Cosμ: 0.8381 | Repr NormRatio: 1.3558 Val NormRatio: 1.0270 | Train Meta: AdapterScaleμ:0.1819, AdapterMetaScaleμ:-0.0516, AdapterGateμ:0.4465, AdapterBias|B|μ:19.9312, AdapterMetaOn:1.00, AdapterMetaNZ%:100.0, AdapterΔ/Input:28.77% | Val Meta: AdapterScaleμ:0.1917, AdapterMetaScaleμ:-0.0538, AdapterGateμ:0.4716, AdapterBias|B|μ:21.3269, AdapterMetaOn:1.00, AdapterMetaNZ%:100.0, AdapterΔ/Input:34.53%
   -> Saved last checkpoint at epoch 13
Epoch 14/100 | Steps: 1508 | LR: 0.000100 | Train Loss: 0.085911 (P:0.0845, S:0.0273, Q:0.0000) | Val Loss: 0.380571 (P:0.3678, S:0.2546, Q:0.0000) | Repr L2μ: 6.8469 Val L2μ: 1.6522 | Repr Cosμ: 0.8375 Val Cosμ: 0.9907 | Pred→Target Cosμ: 0.9585 Val Cosμ: 0.8406 | Repr NormRatio: 1.4184 Val NormRatio: 1.0707 | Train Meta: AdapterScaleμ:0.1975, AdapterMetaScaleμ:-0.0537, AdapterGateμ:0.4992, AdapterBias|B|μ:16.6934, AdapterMetaOn:1.00, AdapterMetaNZ%:100.0, AdapterΔ/Input:34.33% | Val Meta: AdapterScaleμ:0.2042, AdapterMetaScaleμ:-0.0552, AdapterGateμ:0.5321, AdapterBias|B|μ:16.4186, AdapterMetaOn:1.00, AdapterMetaNZ%:100.0, AdapterΔ/Input:36.25%
   -> Saved last checkpoint at epoch 14
Epoch 15/100 | Steps: 1508 | LR: 0.000099 | Train Loss: 0.082193 (P:0.0809, S:0.0258, Q:0.0000) | Val Loss: 0.414838 (P:0.4050, S:0.1965, Q:0.0000) | Repr L2μ: 6.3326 Val L2μ: 1.9037 | Repr Cosμ: 0.8609 Val Cosμ: 0.9863 | Pred→Target Cosμ: 0.9607 Val Cosμ: 0.8041 | Repr NormRatio: 1.4580 Val NormRatio: 1.0984 | Train Meta: AdapterScaleμ:0.2109, AdapterMetaScaleμ:-0.0568, AdapterGateμ:0.5179, AdapterBias|B|μ:18.5492, AdapterMetaOn:1.00, AdapterMetaNZ%:100.0, AdapterΔ/Input:35.77% | Val Meta: AdapterScaleμ:0.2150, AdapterMetaScaleμ:-0.0579, AdapterGateμ:0.5022, AdapterBias|B|μ:19.6769, AdapterMetaOn:1.00, AdapterMetaNZ%:100.0, AdapterΔ/Input:29.38%
   -> Saved last checkpoint at epoch 15
Epoch 16/100 | Steps: 1508 | LR: 0.000099 | Train Loss: 0.080441 (P:0.0792, S:0.0255, Q:0.0000) | Val Loss: 0.300439 (P:0.2850, S:0.3081, Q:0.0000) | Repr L2μ: 6.3647 Val L2μ: 1.4166 | Repr Cosμ: 0.8573 Val Cosμ: 0.9922 | Pred→Target Cosμ: 0.9613 Val Cosμ: 0.8722 | Repr NormRatio: 1.3878 Val NormRatio: 1.0744 | Train Meta: AdapterScaleμ:0.2203, AdapterMetaScaleμ:-0.0595, AdapterGateμ:0.5099, AdapterBias|B|μ:16.6789, AdapterMetaOn:1.00, AdapterMetaNZ%:100.0, AdapterΔ/Input:34.22% | Val Meta: AdapterScaleμ:0.2231, AdapterMetaScaleμ:-0.0587, AdapterGateμ:0.4926, AdapterBias|B|μ:12.2922, AdapterMetaOn:1.00, AdapterMetaNZ%:100.0, AdapterΔ/Input:29.01%
   -> Saved improved checkpoint: val_loss=0.300439 at epoch 16
Epoch 17/100 | Steps: 1508 | LR: 0.000099 | Train Loss: 0.086412 (P:0.0850, S:0.0291, Q:0.0000) | Val Loss: 0.324997 (P:0.3080, S:0.3399, Q:0.0000) | Repr L2μ: 6.3231 Val L2μ: 1.2674 | Repr Cosμ: 0.8522 Val Cosμ: 0.9932 | Pred→Target Cosμ: 0.9607 Val Cosμ: 0.8764 | Repr NormRatio: 1.4063 Val NormRatio: 1.0560 | Train Meta: AdapterScaleμ:0.2254, AdapterMetaScaleμ:-0.0595, AdapterGateμ:0.5059, AdapterBias|B|μ:15.4385, AdapterMetaOn:1.00, AdapterMetaNZ%:100.0, AdapterΔ/Input:34.01% | Val Meta: AdapterScaleμ:0.2314, AdapterMetaScaleμ:-0.0587, AdapterGateμ:0.4326, AdapterBias|B|μ:19.9146, AdapterMetaOn:1.00, AdapterMetaNZ%:100.0, AdapterΔ/Input:27.15%
   -> Saved last checkpoint at epoch 17
Epoch 18/100 | Steps: 1508 | LR: 0.000098 | Train Loss: 0.086455 (P:0.0850, S:0.0291, Q:0.0000) | Val Loss: 0.406324 (P:0.3929, S:0.2687, Q:0.0000) | Repr L2μ: 5.8639 Val L2μ: 1.2369 | Repr Cosμ: 0.8654 Val Cosμ: 0.9933 | Pred→Target Cosμ: 0.9634 Val Cosμ: 0.8600 | Repr NormRatio: 1.3235 Val NormRatio: 1.0583 | Train Meta: AdapterScaleμ:0.2374, AdapterMetaScaleμ:-0.0601, AdapterGateμ:0.3915, AdapterBias|B|μ:16.6654, AdapterMetaOn:1.00, AdapterMetaNZ%:100.0, AdapterΔ/Input:28.62% | Val Meta: AdapterScaleμ:0.2401, AdapterMetaScaleμ:-0.0607, AdapterGateμ:0.4928, AdapterBias|B|μ:18.1428, AdapterMetaOn:1.00, AdapterMetaNZ%:100.0, AdapterΔ/Input:38.32%
   -> Saved last checkpoint at epoch 18
Epoch 19/100 | Steps: 1508 | LR: 0.000098 | Train Loss: 0.082806 (P:0.0814, S:0.0283, Q:0.0000) | Val Loss: 0.411592 (P:0.3965, S:0.3024, Q:0.0000) | Repr L2μ: 5.7025 Val L2μ: 1.2057 | Repr Cosμ: 0.8690 Val Cosμ: 0.9932 | Pred→Target Cosμ: 0.9640 Val Cosμ: 0.8452 | Repr NormRatio: 1.3333 Val NormRatio: 1.0708 | Train Meta: AdapterScaleμ:0.2487, AdapterMetaScaleμ:-0.0605, AdapterGateμ:0.3808, AdapterBias|B|μ:15.0474, AdapterMetaOn:1.00, AdapterMetaNZ%:100.0, AdapterΔ/Input:29.33% | Val Meta: AdapterScaleμ:0.2561, AdapterMetaScaleμ:-0.0610, AdapterGateμ:0.4038, AdapterBias|B|μ:12.8631, AdapterMetaOn:1.00, AdapterMetaNZ%:100.0, AdapterΔ/Input:29.37%
   -> Saved last checkpoint at epoch 19
Epoch 20/100 | Steps: 1508 | LR: 0.000097 | Train Loss: 0.077756 (P:0.0764, S:0.0277, Q:0.0000) | Val Loss: 0.290583 (P:0.2743, S:0.3260, Q:0.0000) | Repr L2μ: 5.6411 Val L2μ: 0.9986 | Repr Cosμ: 0.8727 Val Cosμ: 0.9961 | Pred→Target Cosμ: 0.9662 Val Cosμ: 0.8792 | Repr NormRatio: 1.3866 Val NormRatio: 1.0297 | Train Meta: AdapterScaleμ:0.2616, AdapterMetaScaleμ:-0.0652, AdapterGateμ:0.3903, AdapterBias|B|μ:16.4301, AdapterMetaOn:1.00, AdapterMetaNZ%:100.0, AdapterΔ/Input:31.30% | Val Meta: AdapterScaleμ:0.2654, AdapterMetaScaleμ:-0.0673, AdapterGateμ:0.3641, AdapterBias|B|μ:16.1092, AdapterMetaOn:1.00, AdapterMetaNZ%:100.0, AdapterΔ/Input:24.82%
   -> Saved improved checkpoint: val_loss=0.290583 at epoch 20
Epoch 21/100 | Steps: 1508 | LR: 0.000096 | Train Loss: 0.079033 (P:0.0776, S:0.0280, Q:0.0000) | Val Loss: 0.267820 (P:0.2538, S:0.2802, Q:0.0000) | Repr L2μ: 5.4914 Val L2μ: 1.3639 | Repr Cosμ: 0.8764 Val Cosμ: 0.9912 | Pred→Target Cosμ: 0.9648 Val Cosμ: 0.9062 | Repr NormRatio: 1.3677 Val NormRatio: 1.0564 | Train Meta: AdapterScaleμ:0.2735, AdapterMetaScaleμ:-0.0692, AdapterGateμ:0.3764, AdapterBias|B|μ:17.1614, AdapterMetaOn:1.00, AdapterMetaNZ%:100.0, AdapterΔ/Input:31.47% | Val Meta: AdapterScaleμ:0.2779, AdapterMetaScaleμ:-0.0701, AdapterGateμ:0.4615, AdapterBias|B|μ:15.7724, AdapterMetaOn:1.00, AdapterMetaNZ%:100.0, AdapterΔ/Input:34.38%
   -> Saved improved checkpoint: val_loss=0.267820 at epoch 21
Epoch 22/100 | Steps: 1508 | LR: 0.000096 | Train Loss: 0.080450 (P:0.0791, S:0.0264, Q:0.0000) | Val Loss: 0.302143 (P:0.2902, S:0.2397, Q:0.0000) | Repr L2μ: 5.6068 Val L2μ: 1.4129 | Repr Cosμ: 0.8716 Val Cosμ: 0.9916 | Pred→Target Cosμ: 0.9654 Val Cosμ: 0.8810 | Repr NormRatio: 1.3568 Val NormRatio: 1.0953 | Train Meta: AdapterScaleμ:0.2794, AdapterMetaScaleμ:-0.0702, AdapterGateμ:0.3995, AdapterBias|B|μ:19.3981, AdapterMetaOn:1.00, AdapterMetaNZ%:100.0, AdapterΔ/Input:34.18% | Val Meta: AdapterScaleμ:0.2815, AdapterMetaScaleμ:-0.0703, AdapterGateμ:0.2971, AdapterBias|B|μ:22.2174, AdapterMetaOn:1.00, AdapterMetaNZ%:100.0, AdapterΔ/Input:22.63%
   -> Saved last checkpoint at epoch 22
Epoch 23/100 | Steps: 1508 | LR: 0.000095 | Train Loss: 0.073642 (P:0.0724, S:0.0245, Q:0.0000) | Val Loss: 0.327125 (P:0.3113, S:0.3157, Q:0.0000) | Repr L2μ: 5.3342 Val L2μ: 1.3810 | Repr Cosμ: 0.8809 Val Cosμ: 0.9909 | Pred→Target Cosμ: 0.9684 Val Cosμ: 0.8770 | Repr NormRatio: 1.3599 Val NormRatio: 1.0837 | Train Meta: AdapterScaleμ:0.2845, AdapterMetaScaleμ:-0.0696, AdapterGateμ:0.3869, AdapterBias|B|μ:18.8579, AdapterMetaOn:1.00, AdapterMetaNZ%:100.0, AdapterΔ/Input:32.21% | Val Meta: AdapterScaleμ:0.2904, AdapterMetaScaleμ:-0.0685, AdapterGateμ:0.3329, AdapterBias|B|μ:17.8178, AdapterMetaOn:1.00, AdapterMetaNZ%:100.0, AdapterΔ/Input:24.30%
   -> Saved last checkpoint at epoch 23
Epoch 24/100 | Steps: 1508 | LR: 0.000094 | Train Loss: 0.076879 (P:0.0751, S:0.0355, Q:0.0000) | Val Loss: 0.274260 (P:0.2587, S:0.3107, Q:0.0000) | Repr L2μ: 5.2433 Val L2μ: 1.0456 | Repr Cosμ: 0.8754 Val Cosμ: 0.9951 | Pred→Target Cosμ: 0.9681 Val Cosμ: 0.9136 | Repr NormRatio: 1.3606 Val NormRatio: 1.0772 | Train Meta: AdapterScaleμ:0.2950, AdapterMetaScaleμ:-0.0675, AdapterGateμ:0.3021, AdapterBias|B|μ:14.9252, AdapterMetaOn:1.00, AdapterMetaNZ%:100.0, AdapterΔ/Input:30.31% | Val Meta: AdapterScaleμ:0.2965, AdapterMetaScaleμ:-0.0677, AdapterGateμ:0.3246, AdapterBias|B|μ:11.6437, AdapterMetaOn:1.00, AdapterMetaNZ%:100.0, AdapterΔ/Input:27.01%
   -> Saved last checkpoint at epoch 24
Epoch 25/100 | Steps: 1508 | LR: 0.000093 | Train Loss: 0.068189 (P:0.0670, S:0.0244, Q:0.0000) | Val Loss: 0.235367 (P:0.2211, S:0.2844, Q:0.0000) | Repr L2μ: 4.9857 Val L2μ: 1.2738 | Repr Cosμ: 0.8925 Val Cosμ: 0.9910 | Pred→Target Cosμ: 0.9696 Val Cosμ: 0.8692 | Repr NormRatio: 1.4403 Val NormRatio: 1.1228 | Train Meta: AdapterScaleμ:0.2990, AdapterMetaScaleμ:-0.0717, AdapterGateμ:0.3376, AdapterBias|B|μ:15.2068, AdapterMetaOn:1.00, AdapterMetaNZ%:100.0, AdapterΔ/Input:29.49% | Val Meta: AdapterScaleμ:0.3015, AdapterMetaScaleμ:-0.0758, AdapterGateμ:0.3781, AdapterBias|B|μ:17.8828, AdapterMetaOn:1.00, AdapterMetaNZ%:100.0, AdapterΔ/Input:29.76%
   -> Saved improved checkpoint: val_loss=0.235367 at epoch 25
Epoch 26/100 | Steps: 1508 | LR: 0.000092 | Train Loss: 0.067789 (P:0.0666, S:0.0234, Q:0.0000) | Val Loss: 0.229728 (P:0.2154, S:0.2867, Q:0.0000) | Repr L2μ: 4.9044 Val L2μ: 1.0654 | Repr Cosμ: 0.8930 Val Cosμ: 0.9946 | Pred→Target Cosμ: 0.9699 Val Cosμ: 0.9068 | Repr NormRatio: 1.4822 Val NormRatio: 1.0630 | Train Meta: AdapterScaleμ:0.2996, AdapterMetaScaleμ:-0.0770, AdapterGateμ:0.3755, AdapterBias|B|μ:17.4420, AdapterMetaOn:1.00, AdapterMetaNZ%:100.0, AdapterΔ/Input:31.73% | Val Meta: AdapterScaleμ:0.2990, AdapterMetaScaleμ:-0.0788, AdapterGateμ:0.4158, AdapterBias|B|μ:17.6295, AdapterMetaOn:1.00, AdapterMetaNZ%:100.0, AdapterΔ/Input:27.48%
   -> Saved improved checkpoint: val_loss=0.229728 at epoch 26
Epoch 27/100 | Steps: 1508 | LR: 0.000092 | Train Loss: 0.066990 (P:0.0658, S:0.0240, Q:0.0000) | Val Loss: 0.229216 (P:0.2165, S:0.2536, Q:0.0000) | Repr L2μ: 4.7245 Val L2μ: 1.0048 | Repr Cosμ: 0.8971 Val Cosμ: 0.9946 | Pred→Target Cosμ: 0.9703 Val Cosμ: 0.8865 | Repr NormRatio: 1.4518 Val NormRatio: 1.0878 | Train Meta: AdapterScaleμ:0.2984, AdapterMetaScaleμ:-0.0821, AdapterGateμ:0.3642, AdapterBias|B|μ:18.7443, AdapterMetaOn:1.00, AdapterMetaNZ%:100.0, AdapterΔ/Input:30.33% | Val Meta: AdapterScaleμ:0.2959, AdapterMetaScaleμ:-0.0844, AdapterGateμ:0.3553, AdapterBias|B|μ:17.7194, AdapterMetaOn:1.00, AdapterMetaNZ%:100.0, AdapterΔ/Input:23.18%
   -> Saved improved checkpoint: val_loss=0.229216 at epoch 27
Epoch 28/100 | Steps: 1508 | LR: 0.000091 | Train Loss: 0.065826 (P:0.0645, S:0.0266, Q:0.0000) | Val Loss: 0.266933 (P:0.2516, S:0.3057, Q:0.0000) | Repr L2μ: 4.5281 Val L2μ: 0.8621 | Repr Cosμ: 0.9017 Val Cosμ: 0.9959 | Pred→Target Cosμ: 0.9704 Val Cosμ: 0.9028 | Repr NormRatio: 1.3569 Val NormRatio: 1.0434 | Train Meta: AdapterScaleμ:0.2947, AdapterMetaScaleμ:-0.0838, AdapterGateμ:0.3932, AdapterBias|B|μ:16.8629, AdapterMetaOn:1.00, AdapterMetaNZ%:100.0, AdapterΔ/Input:31.43% | Val Meta: AdapterScaleμ:0.2921, AdapterMetaScaleμ:-0.0794, AdapterGateμ:0.3684, AdapterBias|B|μ:13.9653, AdapterMetaOn:1.00, AdapterMetaNZ%:100.0, AdapterΔ/Input:26.46%
   -> Saved last checkpoint at epoch 28
Epoch 29/100 | Steps: 1508 | LR: 0.000090 | Train Loss: 0.065850 (P:0.0645, S:0.0261, Q:0.0000) | Val Loss: 0.214922 (P:0.2016, S:0.2656, Q:0.0000) | Repr L2μ: 4.4743 Val L2μ: 0.7513 | Repr Cosμ: 0.9053 Val Cosμ: 0.9968 | Pred→Target Cosμ: 0.9699 Val Cosμ: 0.8781 | Repr NormRatio: 1.3362 Val NormRatio: 1.0235 | Train Meta: AdapterScaleμ:0.2955, AdapterMetaScaleμ:-0.0840, AdapterGateμ:0.3972, AdapterBias|B|μ:17.7894, AdapterMetaOn:1.00, AdapterMetaNZ%:100.0, AdapterΔ/Input:30.46% | Val Meta: AdapterScaleμ:0.3001, AdapterMetaScaleμ:-0.0857, AdapterGateμ:0.3566, AdapterBias|B|μ:17.7122, AdapterMetaOn:1.00, AdapterMetaNZ%:100.0, AdapterΔ/Input:23.46%
   -> Saved improved checkpoint: val_loss=0.214922 at epoch 29
Epoch 30/100 | Steps: 1508 | LR: 0.000088 | Train Loss: 0.068937 (P:0.0677, S:0.0247, Q:0.0000) | Val Loss: 0.254329 (P:0.2404, S:0.2787, Q:0.0000) | Repr L2μ: 4.4628 Val L2μ: 0.8731 | Repr Cosμ: 0.9033 Val Cosμ: 0.9951 | Pred→Target Cosμ: 0.9682 Val Cosμ: 0.8977 | Repr NormRatio: 1.3384 Val NormRatio: 1.0433 | Train Meta: AdapterScaleμ:0.2998, AdapterMetaScaleμ:-0.0877, AdapterGateμ:0.4280, AdapterBias|B|μ:16.1234, AdapterMetaOn:1.00, AdapterMetaNZ%:100.0, AdapterΔ/Input:32.37% | Val Meta: AdapterScaleμ:0.2974, AdapterMetaScaleμ:-0.0881, AdapterGateμ:0.4564, AdapterBias|B|μ:14.9195, AdapterMetaOn:1.00, AdapterMetaNZ%:100.0, AdapterΔ/Input:28.93%
   -> Saved last checkpoint at epoch 30
Epoch 31/100 | Steps: 1508 | LR: 0.000087 | Train Loss: 0.070968 (P:0.0697, S:0.0260, Q:0.0000) | Val Loss: 0.231921 (P:0.2198, S:0.2427, Q:0.0000) | Repr L2μ: 4.3138 Val L2μ: 0.7991 | Repr Cosμ: 0.9063 Val Cosμ: 0.9966 | Pred→Target Cosμ: 0.9681 Val Cosμ: 0.8769 | Repr NormRatio: 1.3488 Val NormRatio: 1.0346 | Train Meta: AdapterScaleμ:0.3009, AdapterMetaScaleμ:-0.0891, AdapterGateμ:0.3977, AdapterBias|B|μ:15.0445, AdapterMetaOn:1.00, AdapterMetaNZ%:100.0, AdapterΔ/Input:30.37% | Val Meta: AdapterScaleμ:0.3079, AdapterMetaScaleμ:-0.0882, AdapterGateμ:0.3954, AdapterBias|B|μ:13.1042, AdapterMetaOn:1.00, AdapterMetaNZ%:100.0, AdapterΔ/Input:27.09%
   -> Saved last checkpoint at epoch 31
Epoch 32/100 | Steps: 1508 | LR: 0.000086 | Train Loss: 0.064444 (P:0.0632, S:0.0242, Q:0.0000) | Val Loss: 0.244008 (P:0.2321, S:0.2381, Q:0.0000) | Repr L2μ: 4.2205 Val L2μ: 1.0734 | Repr Cosμ: 0.9104 Val Cosμ: 0.9935 | Pred→Target Cosμ: 0.9712 Val Cosμ: 0.8729 | Repr NormRatio: 1.2960 Val NormRatio: 1.0647 | Train Meta: AdapterScaleμ:0.3070, AdapterMetaScaleμ:-0.0884, AdapterGateμ:0.4188, AdapterBias|B|μ:13.5144, AdapterMetaOn:1.00, AdapterMetaNZ%:100.0, AdapterΔ/Input:29.88% | Val Meta: AdapterScaleμ:0.3067, AdapterMetaScaleμ:-0.0922, AdapterGateμ:0.4017, AdapterBias|B|μ:16.1612, AdapterMetaOn:1.00, AdapterMetaNZ%:100.0, AdapterΔ/Input:24.38%
   -> Saved last checkpoint at epoch 32
Epoch 33/100 | Steps: 1508 | LR: 0.000085 | Train Loss: 0.059636 (P:0.0584, S:0.0257, Q:0.0000) | Val Loss: 0.220579 (P:0.2081, S:0.2500, Q:0.0000) | Repr L2μ: 3.9400 Val L2μ: 0.8054 | Repr Cosμ: 0.9203 Val Cosμ: 0.9965 | Pred→Target Cosμ: 0.9731 Val Cosμ: 0.8713 | Repr NormRatio: 1.2345 Val NormRatio: 1.0323 | Train Meta: AdapterScaleμ:0.3076, AdapterMetaScaleμ:-0.0914, AdapterGateμ:0.3995, AdapterBias|B|μ:14.6911, AdapterMetaOn:1.00, AdapterMetaNZ%:100.0, AdapterΔ/Input:27.83% | Val Meta: AdapterScaleμ:0.3076, AdapterMetaScaleμ:-0.0912, AdapterGateμ:0.3682, AdapterBias|B|μ:15.2937, AdapterMetaOn:1.00, AdapterMetaNZ%:100.0, AdapterΔ/Input:17.72%
   -> Saved last checkpoint at epoch 33
Epoch 34/100 | Steps: 1508 | LR: 0.000084 | Train Loss: 0.060772 (P:0.0596, S:0.0227, Q:0.0000) | Val Loss: 0.222868 (P:0.2093, S:0.2706, Q:0.0000) | Repr L2μ: 4.0296 Val L2μ: 0.7924 | Repr Cosμ: 0.9150 Val Cosμ: 0.9961 | Pred→Target Cosμ: 0.9723 Val Cosμ: 0.8813 | Repr NormRatio: 1.2857 Val NormRatio: 1.0342 | Train Meta: AdapterScaleμ:0.3137, AdapterMetaScaleμ:-0.0936, AdapterGateμ:0.4213, AdapterBias|B|μ:14.6287, AdapterMetaOn:1.00, AdapterMetaNZ%:100.0, AdapterΔ/Input:28.86% | Val Meta: AdapterScaleμ:0.3188, AdapterMetaScaleμ:-0.0964, AdapterGateμ:0.4276, AdapterBias|B|μ:14.8806, AdapterMetaOn:1.00, AdapterMetaNZ%:100.0, AdapterΔ/Input:22.44%
   -> Saved last checkpoint at epoch 34
Epoch 35/100 | Steps: 1508 | LR: 0.000082 | Train Loss: 0.061711 (P:0.0605, S:0.0233, Q:0.0000) | Val Loss: 0.245160 (P:0.2287, S:0.3291, Q:0.0000) | Repr L2μ: 3.9882 Val L2μ: 0.6775 | Repr Cosμ: 0.9165 Val Cosμ: 0.9970 | Pred→Target Cosμ: 0.9720 Val Cosμ: 0.8829 | Repr NormRatio: 1.2725 Val NormRatio: 1.0383 | Train Meta: AdapterScaleμ:0.3171, AdapterMetaScaleμ:-0.1008, AdapterGateμ:0.4790, AdapterBias|B|μ:16.1125, AdapterMetaOn:1.00, AdapterMetaNZ%:100.0, AdapterΔ/Input:30.90% | Val Meta: AdapterScaleμ:0.3155, AdapterMetaScaleμ:-0.1027, AdapterGateμ:0.4779, AdapterBias|B|μ:18.6149, AdapterMetaOn:1.00, AdapterMetaNZ%:100.0, AdapterΔ/Input:27.55%
   -> Saved last checkpoint at epoch 35
Epoch 36/100 | Steps: 1508 | LR: 0.000081 | Train Loss: 0.058792 (P:0.0577, S:0.0228, Q:0.0000) | Val Loss: 0.234529 (P:0.2221, S:0.2484, Q:0.0000) | Repr L2μ: 3.8463 Val L2μ: 0.6868 | Repr Cosμ: 0.9194 Val Cosμ: 0.9973 | Pred→Target Cosμ: 0.9732 Val Cosμ: 0.8780 | Repr NormRatio: 1.2405 Val NormRatio: 1.0225 | Train Meta: AdapterScaleμ:0.3149, AdapterMetaScaleμ:-0.1032, AdapterGateμ:0.4932, AdapterBias|B|μ:17.3291, AdapterMetaOn:1.00, AdapterMetaNZ%:100.0, AdapterΔ/Input:29.61% | Val Meta: AdapterScaleμ:0.3167, AdapterMetaScaleμ:-0.1036, AdapterGateμ:0.4739, AdapterBias|B|μ:19.2417, AdapterMetaOn:1.00, AdapterMetaNZ%:100.0, AdapterΔ/Input:24.17%
   -> Saved last checkpoint at epoch 36
Epoch 37/100 | Steps: 1508 | LR: 0.000080 | Train Loss: 0.058840 (P:0.0576, S:0.0246, Q:0.0000) | Val Loss: 0.214699 (P:0.1991, S:0.3124, Q:0.0000) | Repr L2μ: 3.5724 Val L2μ: 0.6846 | Repr Cosμ: 0.9281 Val Cosμ: 0.9969 | Pred→Target Cosμ: 0.9730 Val Cosμ: 0.9008 | Repr NormRatio: 1.2095 Val NormRatio: 1.0406 | Train Meta: AdapterScaleμ:0.3244, AdapterMetaScaleμ:-0.1046, AdapterGateμ:0.4093, AdapterBias|B|μ:17.7757, AdapterMetaOn:1.00, AdapterMetaNZ%:100.0, AdapterΔ/Input:26.20% | Val Meta: AdapterScaleμ:0.3332, AdapterMetaScaleμ:-0.1055, AdapterGateμ:0.4312, AdapterBias|B|μ:16.1550, AdapterMetaOn:1.00, AdapterMetaNZ%:100.0, AdapterΔ/Input:26.64%
   -> Saved improved checkpoint: val_loss=0.214699 at epoch 37
Epoch 38/100 | Steps: 1508 | LR: 0.000078 | Train Loss: 0.057147 (P:0.0561, S:0.0217, Q:0.0000) | Val Loss: 0.213264 (P:0.1999, S:0.2682, Q:0.0000) | Repr L2μ: 3.4600 Val L2μ: 0.6326 | Repr Cosμ: 0.9304 Val Cosμ: 0.9975 | Pred→Target Cosμ: 0.9740 Val Cosμ: 0.8954 | Repr NormRatio: 1.2026 Val NormRatio: 1.0207 | Train Meta: AdapterScaleμ:0.3383, AdapterMetaScaleμ:-0.1069, AdapterGateμ:0.4068, AdapterBias|B|μ:16.8269, AdapterMetaOn:1.00, AdapterMetaNZ%:100.0, AdapterΔ/Input:27.20% | Val Meta: AdapterScaleμ:0.3429, AdapterMetaScaleμ:-0.1098, AdapterGateμ:0.4368, AdapterBias|B|μ:17.9148, AdapterMetaOn:1.00, AdapterMetaNZ%:100.0, AdapterΔ/Input:27.39%
   -> Saved improved checkpoint: val_loss=0.213264 at epoch 38
Epoch 39/100 | Steps: 1508 | LR: 0.000077 | Train Loss: 0.056927 (P:0.0558, S:0.0228, Q:0.0000) | Val Loss: 0.214582 (P:0.1999, S:0.2928, Q:0.0000) | Repr L2μ: 3.4117 Val L2μ: 0.5528 | Repr Cosμ: 0.9309 Val Cosμ: 0.9982 | Pred→Target Cosμ: 0.9736 Val Cosμ: 0.9131 | Repr NormRatio: 1.1804 Val NormRatio: 1.0185 | Train Meta: AdapterScaleμ:0.3462, AdapterMetaScaleμ:-0.1116, AdapterGateμ:0.3946, AdapterBias|B|μ:17.9690, AdapterMetaOn:1.00, AdapterMetaNZ%:100.0, AdapterΔ/Input:26.25% | Val Meta: AdapterScaleμ:0.3506, AdapterMetaScaleμ:-0.1119, AdapterGateμ:0.3941, AdapterBias|B|μ:18.7126, AdapterMetaOn:1.00, AdapterMetaNZ%:100.0, AdapterΔ/Input:27.48%
   -> Saved last checkpoint at epoch 39
Epoch 40/100 | Steps: 1508 | LR: 0.000075 | Train Loss: 0.059159 (P:0.0579, S:0.0245, Q:0.0000) | Val Loss: 0.250326 (P:0.2358, S:0.2895, Q:0.0000) | Repr L2μ: 3.6047 Val L2μ: 0.7242 | Repr Cosμ: 0.9222 Val Cosμ: 0.9967 | Pred→Target Cosμ: 0.9726 Val Cosμ: 0.9032 | Repr NormRatio: 1.2367 Val NormRatio: 1.0314 | Train Meta: AdapterScaleμ:0.3479, AdapterMetaScaleμ:-0.1113, AdapterGateμ:0.4474, AdapterBias|B|μ:16.5257, AdapterMetaOn:1.00, AdapterMetaNZ%:100.0, AdapterΔ/Input:29.43% | Val Meta: AdapterScaleμ:0.3447, AdapterMetaScaleμ:-0.1141, AdapterGateμ:0.4458, AdapterBias|B|μ:15.8175, AdapterMetaOn:1.00, AdapterMetaNZ%:100.0, AdapterΔ/Input:32.15%
   -> Saved last checkpoint at epoch 40
Epoch 41/100 | Steps: 1508 | LR: 0.000074 | Train Loss: 0.057606 (P:0.0565, S:0.0231, Q:0.0000) | Val Loss: 0.216083 (P:0.2031, S:0.2601, Q:0.0000) | Repr L2μ: 3.4552 Val L2μ: 0.6765 | Repr Cosμ: 0.9266 Val Cosμ: 0.9970 | Pred→Target Cosμ: 0.9732 Val Cosμ: 0.8890 | Repr NormRatio: 1.2131 Val NormRatio: 1.0204 | Train Meta: AdapterScaleμ:0.3491, AdapterMetaScaleμ:-0.1132, AdapterGateμ:0.3998, AdapterBias|B|μ:14.1802, AdapterMetaOn:1.00, AdapterMetaNZ%:100.0, AdapterΔ/Input:24.98% | Val Meta: AdapterScaleμ:0.3550, AdapterMetaScaleμ:-0.1142, AdapterGateμ:0.3838, AdapterBias|B|μ:15.7669, AdapterMetaOn:1.00, AdapterMetaNZ%:100.0, AdapterΔ/Input:22.79%
   -> Saved last checkpoint at epoch 41
Epoch 42/100 | Steps: 1508 | LR: 0.000072 | Train Loss: 0.070531 (P:0.0689, S:0.0321, Q:0.0000) | Val Loss: 0.503937 (P:0.4748, S:0.5823, Q:0.0000) | Repr L2μ: 3.2564 Val L2μ: 0.3240 | Repr Cosμ: 0.9243 Val Cosμ: 0.9996 | Pred→Target Cosμ: 0.9675 Val Cosμ: 0.8858 | Repr NormRatio: 1.2695 Val NormRatio: 1.0124 | Train Meta: AdapterScaleμ:0.3602, AdapterMetaScaleμ:-0.1159, AdapterGateμ:0.3882, AdapterBias|B|μ:18.2089, AdapterMetaOn:1.00, AdapterMetaNZ%:100.0, AdapterΔ/Input:25.04% | Val Meta: AdapterScaleμ:0.3671, AdapterMetaScaleμ:-0.1234, AdapterGateμ:0.3965, AdapterBias|B|μ:42.1392, AdapterMetaOn:1.00, AdapterMetaNZ%:100.0, AdapterΔ/Input:33.23%
   -> Saved last checkpoint at epoch 42
Epoch 43/100 | Steps: 1508 | LR: 0.000071 | Train Loss: 0.113057 (P:0.1114, S:0.0332, Q:0.0000) | Val Loss: 0.476387 (P:0.4580, S:0.3669, Q:0.0000) | Repr L2μ: 2.7771 Val L2μ: 0.6399 | Repr Cosμ: 0.9581 Val Cosμ: 0.9979 | Pred→Target Cosμ: 0.9512 Val Cosμ: 0.8850 | Repr NormRatio: 1.1354 Val NormRatio: 1.0391 | Train Meta: AdapterScaleμ:0.3730, AdapterMetaScaleμ:-0.1227, AdapterGateμ:0.3713, AdapterBias|B|μ:36.3652, AdapterMetaOn:1.00, AdapterMetaNZ%:100.0, AdapterΔ/Input:47.72% | Val Meta: AdapterScaleμ:0.3752, AdapterMetaScaleμ:-0.1216, AdapterGateμ:0.3827, AdapterBias|B|μ:34.9350, AdapterMetaOn:1.00, AdapterMetaNZ%:100.0, AdapterΔ/Input:37.29%
   -> Saved last checkpoint at epoch 43
Epoch 44/100 | Steps: 1508 | LR: 0.000069 | Train Loss: 0.082303 (P:0.0812, S:0.0227, Q:0.0000) | Val Loss: 0.446209 (P:0.4253, S:0.4174, Q:0.0000) | Repr L2μ: 3.6003 Val L2μ: 0.8237 | Repr Cosμ: 0.9257 Val Cosμ: 0.9961 | Pred→Target Cosμ: 0.9623 Val Cosμ: 0.9030 | Repr NormRatio: 1.1845 Val NormRatio: 1.0396 | Train Meta: AdapterScaleμ:0.3756, AdapterMetaScaleμ:-0.1197, AdapterGateμ:0.4192, AdapterBias|B|μ:31.2525, AdapterMetaOn:1.00, AdapterMetaNZ%:100.0, AdapterΔ/Input:45.82% | Val Meta: AdapterScaleμ:0.3757, AdapterMetaScaleμ:-0.1182, AdapterGateμ:0.4499, AdapterBias|B|μ:27.6523, AdapterMetaOn:1.00, AdapterMetaNZ%:100.0, AdapterΔ/Input:39.23%
   -> Saved last checkpoint at epoch 44
Epoch 45/100 | Steps: 1508 | LR: 0.000067 | Train Loss: 0.086027 (P:0.0850, S:0.0213, Q:0.0000) | Val Loss: 0.397839 (P:0.3849, S:0.2579, Q:0.0000) | Repr L2μ: 4.0039 Val L2μ: 1.2101 | Repr Cosμ: 0.8992 Val Cosμ: 0.9906 | Pred→Target Cosμ: 0.9615 Val Cosμ: 0.9089 | Repr NormRatio: 1.2304 Val NormRatio: 1.0668 | Train Meta: AdapterScaleμ:0.3816, AdapterMetaScaleμ:-0.1169, AdapterGateμ:0.4126, AdapterBias|B|μ:24.1605, AdapterMetaOn:1.00, AdapterMetaNZ%:100.0, AdapterΔ/Input:42.64% | Val Meta: AdapterScaleμ:0.3866, AdapterMetaScaleμ:-0.1152, AdapterGateμ:0.4403, AdapterBias|B|μ:18.0115, AdapterMetaOn:1.00, AdapterMetaNZ%:100.0, AdapterΔ/Input:36.88%
   -> Saved last checkpoint at epoch 45
Epoch 46/100 | Steps: 1508 | LR: 0.000066 | Train Loss: 0.079723 (P:0.0788, S:0.0189, Q:0.0000) | Val Loss: 0.348167 (P:0.3330, S:0.3030, Q:0.0000) | Repr L2μ: 4.4403 Val L2μ: 1.1529 | Repr Cosμ: 0.8795 Val Cosμ: 0.9921 | Pred→Target Cosμ: 0.9635 Val Cosμ: 0.8956 | Repr NormRatio: 1.2886 Val NormRatio: 1.0714 | Train Meta: AdapterScaleμ:0.3895, AdapterMetaScaleμ:-0.1152, AdapterGateμ:0.4532, AdapterBias|B|μ:19.5554, AdapterMetaOn:1.00, AdapterMetaNZ%:100.0, AdapterΔ/Input:45.05% | Val Meta: AdapterScaleμ:0.3927, AdapterMetaScaleμ:-0.1153, AdapterGateμ:0.4526, AdapterBias|B|μ:20.9362, AdapterMetaOn:1.00, AdapterMetaNZ%:100.0, AdapterΔ/Input:39.85%
   -> Saved last checkpoint at epoch 46
Epoch 47/100 | Steps: 1508 | LR: 0.000064 | Train Loss: 0.069840 (P:0.0690, S:0.0177, Q:0.0000) | Val Loss: 0.348417 (P:0.3328, S:0.3128, Q:0.0000) | Repr L2μ: 4.3354 Val L2μ: 1.2807 | Repr Cosμ: 0.8845 Val Cosμ: 0.9888 | Pred→Target Cosμ: 0.9666 Val Cosμ: 0.9040 | Repr NormRatio: 1.2719 Val NormRatio: 1.0721 | Train Meta: AdapterScaleμ:0.3952, AdapterMetaScaleμ:-0.1149, AdapterGateμ:0.4583, AdapterBias|B|μ:20.2252, AdapterMetaOn:1.00, AdapterMetaNZ%:100.0, AdapterΔ/Input:44.73% | Val Meta: AdapterScaleμ:0.3982, AdapterMetaScaleμ:-0.1149, AdapterGateμ:0.4924, AdapterBias|B|μ:21.9817, AdapterMetaOn:1.00, AdapterMetaNZ%:100.0, AdapterΔ/Input:41.41%
   -> Saved last checkpoint at epoch 47
Epoch 48/100 | Steps: 1508 | LR: 0.000062 | Train Loss: 0.064263 (P:0.0634, S:0.0174, Q:0.0000) | Val Loss: 0.340810 (P:0.3281, S:0.2544, Q:0.0000) | Repr L2μ: 4.3438 Val L2μ: 1.5105 | Repr Cosμ: 0.8863 Val Cosμ: 0.9844 | Pred→Target Cosμ: 0.9686 Val Cosμ: 0.9003 | Repr NormRatio: 1.2752 Val NormRatio: 1.1016 | Train Meta: AdapterScaleμ:0.4017, AdapterMetaScaleμ:-0.1145, AdapterGateμ:0.4687, AdapterBias|B|μ:21.7652, AdapterMetaOn:1.00, AdapterMetaNZ%:100.0, AdapterΔ/Input:44.38% | Val Meta: AdapterScaleμ:0.4048, AdapterMetaScaleμ:-0.1143, AdapterGateμ:0.4839, AdapterBias|B|μ:23.0466, AdapterMetaOn:1.00, AdapterMetaNZ%:100.0, AdapterΔ/Input:39.51%
   -> Saved last checkpoint at epoch 48
Epoch 49/100 | Steps: 1508 | LR: 0.000061 | Train Loss: 0.062134 (P:0.0613, S:0.0173, Q:0.0000) | Val Loss: 0.327710 (P:0.3112, S:0.3303, Q:0.0000) | Repr L2μ: 4.2235 Val L2μ: 1.1908 | Repr Cosμ: 0.8918 Val Cosμ: 0.9911 | Pred→Target Cosμ: 0.9691 Val Cosμ: 0.8881 | Repr NormRatio: 1.2587 Val NormRatio: 1.0749 | Train Meta: AdapterScaleμ:0.4074, AdapterMetaScaleμ:-0.1135, AdapterGateμ:0.4837, AdapterBias|B|μ:22.4879, AdapterMetaOn:1.00, AdapterMetaNZ%:100.0, AdapterΔ/Input:44.51% | Val Meta: AdapterScaleμ:0.4098, AdapterMetaScaleμ:-0.1135, AdapterGateμ:0.4833, AdapterBias|B|μ:23.6828, AdapterMetaOn:1.00, AdapterMetaNZ%:100.0, AdapterΔ/Input:37.54%
   -> Saved last checkpoint at epoch 49
Epoch 50/100 | Steps: 1508 | LR: 0.000059 | Train Loss: 0.060470 (P:0.0596, S:0.0177, Q:0.0000) | Val Loss: 0.313013 (P:0.2985, S:0.2898, Q:0.0000) | Repr L2μ: 4.1353 Val L2μ: 1.3958 | Repr Cosμ: 0.8976 Val Cosμ: 0.9873 | Pred→Target Cosμ: 0.9693 Val Cosμ: 0.8830 | Repr NormRatio: 1.2479 Val NormRatio: 1.0797 | Train Meta: AdapterScaleμ:0.4126, AdapterMetaScaleμ:-0.1132, AdapterGateμ:0.4869, AdapterBias|B|μ:24.0116, AdapterMetaOn:1.00, AdapterMetaNZ%:100.0, AdapterΔ/Input:44.30% | Val Meta: AdapterScaleμ:0.4158, AdapterMetaScaleμ:-0.1130, AdapterGateμ:0.5017, AdapterBias|B|μ:24.1766, AdapterMetaOn:1.00, AdapterMetaNZ%:100.0, AdapterΔ/Input:38.09%
   -> Saved last checkpoint at epoch 50
Epoch 51/100 | Steps: 1508 | LR: 0.000057 | Train Loss: 0.058195 (P:0.0573, S:0.0175, Q:0.0000) | Val Loss: 0.286752 (P:0.2741, S:0.2531, Q:0.0000) | Repr L2μ: 3.8795 Val L2μ: 1.0973 | Repr Cosμ: 0.9089 Val Cosμ: 0.9927 | Pred→Target Cosμ: 0.9702 Val Cosμ: 0.8958 | Repr NormRatio: 1.2192 Val NormRatio: 1.0523 | Train Meta: AdapterScaleμ:0.4180, AdapterMetaScaleμ:-0.1130, AdapterGateμ:0.4788, AdapterBias|B|μ:24.9349, AdapterMetaOn:1.00, AdapterMetaNZ%:100.0, AdapterΔ/Input:42.88% | Val Meta: AdapterScaleμ:0.4202, AdapterMetaScaleμ:-0.1128, AdapterGateμ:0.4943, AdapterBias|B|μ:25.4076, AdapterMetaOn:1.00, AdapterMetaNZ%:100.0, AdapterΔ/Input:39.12%
   -> Saved last checkpoint at epoch 51
Epoch 52/100 | Steps: 1508 | LR: 0.000056 | Train Loss: 0.056079 (P:0.0552, S:0.0170, Q:0.0000) | Val Loss: 0.292975 (P:0.2783, S:0.2944, Q:0.0000) | Repr L2μ: 3.8084 Val L2μ: 1.1340 | Repr Cosμ: 0.9120 Val Cosμ: 0.9926 | Pred→Target Cosμ: 0.9708 Val Cosμ: 0.8603 | Repr NormRatio: 1.2067 Val NormRatio: 1.0471 | Train Meta: AdapterScaleμ:0.4236, AdapterMetaScaleμ:-0.1123, AdapterGateμ:0.4718, AdapterBias|B|μ:25.4711, AdapterMetaOn:1.00, AdapterMetaNZ%:100.0, AdapterΔ/Input:42.17% | Val Meta: AdapterScaleμ:0.4279, AdapterMetaScaleμ:-0.1119, AdapterGateμ:0.4689, AdapterBias|B|μ:24.7874, AdapterMetaOn:1.00, AdapterMetaNZ%:100.0, AdapterΔ/Input:42.04%
   -> Saved last checkpoint at epoch 52
Epoch 53/100 | Steps: 1508 | LR: 0.000054 | Train Loss: 0.056264 (P:0.0554, S:0.0166, Q:0.0000) | Val Loss: 0.336750 (P:0.3219, S:0.2974, Q:0.0000) | Repr L2μ: 3.7819 Val L2μ: 1.2342 | Repr Cosμ: 0.9142 Val Cosμ: 0.9908 | Pred→Target Cosμ: 0.9708 Val Cosμ: 0.8927 | Repr NormRatio: 1.1960 Val NormRatio: 1.0677 | Train Meta: AdapterScaleμ:0.4303, AdapterMetaScaleμ:-0.1114, AdapterGateμ:0.4764, AdapterBias|B|μ:25.3492, AdapterMetaOn:1.00, AdapterMetaNZ%:100.0, AdapterΔ/Input:42.62% | Val Meta: AdapterScaleμ:0.4325, AdapterMetaScaleμ:-0.1114, AdapterGateμ:0.4956, AdapterBias|B|μ:26.2460, AdapterMetaOn:1.00, AdapterMetaNZ%:100.0, AdapterΔ/Input:38.98%
   -> Saved last checkpoint at epoch 53
Epoch 54/100 | Steps: 1508 | LR: 0.000052 | Train Loss: 0.055110 (P:0.0543, S:0.0165, Q:0.0000) | Val Loss: 0.336687 (P:0.3234, S:0.2656, Q:0.0000) | Repr L2μ: 3.6673 Val L2μ: 1.2419 | Repr Cosμ: 0.9186 Val Cosμ: 0.9901 | Pred→Target Cosμ: 0.9710 Val Cosμ: 0.8822 | Repr NormRatio: 1.1797 Val NormRatio: 1.0495 | Train Meta: AdapterScaleμ:0.4356, AdapterMetaScaleμ:-0.1115, AdapterGateμ:0.4642, AdapterBias|B|μ:26.5830, AdapterMetaOn:1.00, AdapterMetaNZ%:100.0, AdapterΔ/Input:41.19% | Val Meta: AdapterScaleμ:0.4395, AdapterMetaScaleμ:-0.1117, AdapterGateμ:0.4219, AdapterBias|B|μ:28.2312, AdapterMetaOn:1.00, AdapterMetaNZ%:100.0, AdapterΔ/Input:35.74%
   -> Saved last checkpoint at epoch 54
Epoch 55/100 | Steps: 1508 | LR: 0.000051 | Train Loss: 0.056580 (P:0.0557, S:0.0172, Q:0.0000) | Val Loss: 0.293044 (P:0.2800, S:0.2604, Q:0.0000) | Repr L2μ: 3.6435 Val L2μ: 1.0800 | Repr Cosμ: 0.9186 Val Cosμ: 0.9928 | Pred→Target Cosμ: 0.9705 Val Cosμ: 0.9080 | Repr NormRatio: 1.1795 Val NormRatio: 1.0544 | Train Meta: AdapterScaleμ:0.4404, AdapterMetaScaleμ:-0.1111, AdapterGateμ:0.4643, AdapterBias|B|μ:25.8259, AdapterMetaOn:1.00, AdapterMetaNZ%:100.0, AdapterΔ/Input:41.58% | Val Meta: AdapterScaleμ:0.4410, AdapterMetaScaleμ:-0.1112, AdapterGateμ:0.4736, AdapterBias|B|μ:26.6692, AdapterMetaOn:1.00, AdapterMetaNZ%:100.0, AdapterΔ/Input:44.61%
   -> Saved last checkpoint at epoch 55
Epoch 56/100 | Steps: 1508 | LR: 0.000049 | Train Loss: 0.058109 (P:0.0572, S:0.0173, Q:0.0000) | Val Loss: 0.353681 (P:0.3383, S:0.3084, Q:0.0000) | Repr L2μ: 3.6473 Val L2μ: 1.2644 | Repr Cosμ: 0.9175 Val Cosμ: 0.9899 | Pred→Target Cosμ: 0.9698 Val Cosμ: 0.8664 | Repr NormRatio: 1.1788 Val NormRatio: 1.0485 | Train Meta: AdapterScaleμ:0.4417, AdapterMetaScaleμ:-0.1111, AdapterGateμ:0.4605, AdapterBias|B|μ:27.0747, AdapterMetaOn:1.00, AdapterMetaNZ%:100.0, AdapterΔ/Input:41.51% | Val Meta: AdapterScaleμ:0.4430, AdapterMetaScaleμ:-0.1112, AdapterGateμ:0.4688, AdapterBias|B|μ:28.3462, AdapterMetaOn:1.00, AdapterMetaNZ%:100.0, AdapterΔ/Input:36.05%
   -> Saved last checkpoint at epoch 56
Epoch 57/100 | Steps: 1508 | LR: 0.000047 | Train Loss: 0.056781 (P:0.0560, S:0.0159, Q:0.0000) | Val Loss: 0.406649 (P:0.3917, S:0.2983, Q:0.0000) | Repr L2μ: 3.5037 Val L2μ: 1.1829 | Repr Cosμ: 0.9247 Val Cosμ: 0.9909 | Pred→Target Cosμ: 0.9704 Val Cosμ: 0.8784 | Repr NormRatio: 1.1640 Val NormRatio: 1.0446 | Train Meta: AdapterScaleμ:0.4458, AdapterMetaScaleμ:-0.1112, AdapterGateμ:0.4699, AdapterBias|B|μ:27.8062, AdapterMetaOn:1.00, AdapterMetaNZ%:100.0, AdapterΔ/Input:40.57% | Val Meta: AdapterScaleμ:0.4481, AdapterMetaScaleμ:-0.1115, AdapterGateμ:0.4908, AdapterBias|B|μ:27.9680, AdapterMetaOn:1.00, AdapterMetaNZ%:100.0, AdapterΔ/Input:39.38%
   -> Saved last checkpoint at epoch 57
Epoch 58/100 | Steps: 1508 | LR: 0.000045 | Train Loss: 0.057522 (P:0.0567, S:0.0169, Q:0.0000) | Val Loss: 0.413483 (P:0.3993, S:0.2836, Q:0.0000) | Repr L2μ: 3.4717 Val L2μ: 1.1058 | Repr Cosμ: 0.9247 Val Cosμ: 0.9925 | Pred→Target Cosμ: 0.9695 Val Cosμ: 0.8491 | Repr NormRatio: 1.1654 Val NormRatio: 1.0402 | Train Meta: AdapterScaleμ:0.4485, AdapterMetaScaleμ:-0.1119, AdapterGateμ:0.4685, AdapterBias|B|μ:29.8041, AdapterMetaOn:1.00, AdapterMetaNZ%:100.0, AdapterΔ/Input:39.88% | Val Meta: AdapterScaleμ:0.4490, AdapterMetaScaleμ:-0.1124, AdapterGateμ:0.4674, AdapterBias|B|μ:30.9201, AdapterMetaOn:1.00, AdapterMetaNZ%:100.0, AdapterΔ/Input:34.22%
   -> Saved last checkpoint at epoch 58
Epoch 59/100 | Steps: 1508 | LR: 0.000044 | Train Loss: 0.058819 (P:0.0580, S:0.0168, Q:0.0000) | Val Loss: 0.340751 (P:0.3282, S:0.2508, Q:0.0000) | Repr L2μ: 3.3773 Val L2μ: 1.2596 | Repr Cosμ: 0.9272 Val Cosμ: 0.9889 | Pred→Target Cosμ: 0.9680 Val Cosμ: 0.8934 | Repr NormRatio: 1.1701 Val NormRatio: 1.0479 | Train Meta: AdapterScaleμ:0.4499, AdapterMetaScaleμ:-0.1120, AdapterGateμ:0.4695, AdapterBias|B|μ:29.6592, AdapterMetaOn:1.00, AdapterMetaNZ%:100.0, AdapterΔ/Input:38.97% | Val Meta: AdapterScaleμ:0.4513, AdapterMetaScaleμ:-0.1119, AdapterGateμ:0.4847, AdapterBias|B|μ:29.5233, AdapterMetaOn:1.00, AdapterMetaNZ%:100.0, AdapterΔ/Input:41.30%
   -> Saved last checkpoint at epoch 59
Epoch 60/100 | Steps: 1508 | LR: 0.000042 | Train Loss: 0.060857 (P:0.0600, S:0.0163, Q:0.0000) | Val Loss: 0.295374 (P:0.2816, S:0.2761, Q:0.0000) | Repr L2μ: 3.5962 Val L2μ: 1.3015 | Repr Cosμ: 0.9162 Val Cosμ: 0.9881 | Pred→Target Cosμ: 0.9668 Val Cosμ: 0.8960 | Repr NormRatio: 1.1859 Val NormRatio: 1.0447 | Train Meta: AdapterScaleμ:0.4523, AdapterMetaScaleμ:-0.1117, AdapterGateμ:0.4683, AdapterBias|B|μ:29.5116, AdapterMetaOn:1.00, AdapterMetaNZ%:100.0, AdapterΔ/Input:38.96% | Val Meta: AdapterScaleμ:0.4527, AdapterMetaScaleμ:-0.1109, AdapterGateμ:0.4617, AdapterBias|B|μ:26.9923, AdapterMetaOn:1.00, AdapterMetaNZ%:100.0, AdapterΔ/Input:36.83%
   -> Saved last checkpoint at epoch 60
Epoch 61/100 | Steps: 1508 | LR: 0.000040 | Train Loss: 0.062278 (P:0.0614, S:0.0172, Q:0.0000) | Val Loss: 0.297140 (P:0.2853, S:0.2364, Q:0.0000) | Repr L2μ: 3.5122 Val L2μ: 1.0780 | Repr Cosμ: 0.9169 Val Cosμ: 0.9913 | Pred→Target Cosμ: 0.9652 Val Cosμ: 0.8974 | Repr NormRatio: 1.2035 Val NormRatio: 1.0463 | Train Meta: AdapterScaleμ:0.4533, AdapterMetaScaleμ:-0.1114, AdapterGateμ:0.4509, AdapterBias|B|μ:28.5366, AdapterMetaOn:1.00, AdapterMetaNZ%:100.0, AdapterΔ/Input:37.29% | Val Meta: AdapterScaleμ:0.4536, AdapterMetaScaleμ:-0.1113, AdapterGateμ:0.4562, AdapterBias|B|μ:29.1500, AdapterMetaOn:1.00, AdapterMetaNZ%:100.0, AdapterΔ/Input:35.28%
   -> Saved last checkpoint at epoch 61
Epoch 62/100 | Steps: 1508 | LR: 0.000039 | Train Loss: 0.059412 (P:0.0586, S:0.0158, Q:0.0000) | Val Loss: 0.332790 (P:0.3187, S:0.2816, Q:0.0000) | Repr L2μ: 3.5929 Val L2μ: 1.1118 | Repr Cosμ: 0.9116 Val Cosμ: 0.9910 | Pred→Target Cosμ: 0.9664 Val Cosμ: 0.8838 | Repr NormRatio: 1.2183 Val NormRatio: 1.0465 | Train Meta: AdapterScaleμ:0.4540, AdapterMetaScaleμ:-0.1112, AdapterGateμ:0.4524, AdapterBias|B|μ:29.5015, AdapterMetaOn:1.00, AdapterMetaNZ%:100.0, AdapterΔ/Input:36.95% | Val Meta: AdapterScaleμ:0.4543, AdapterMetaScaleμ:-0.1107, AdapterGateμ:0.4592, AdapterBias|B|μ:28.4073, AdapterMetaOn:1.00, AdapterMetaNZ%:100.0, AdapterΔ/Input:37.29%
   -> Saved last checkpoint at epoch 62
Epoch 63/100 | Steps: 1508 | LR: 0.000037 | Train Loss: 0.060343 (P:0.0595, S:0.0165, Q:0.0000) | Val Loss: 0.288948 (P:0.2765, S:0.2499, Q:0.0000) | Repr L2μ: 3.4826 Val L2μ: 1.0756 | Repr Cosμ: 0.9151 Val Cosμ: 0.9915 | Pred→Target Cosμ: 0.9656 Val Cosμ: 0.8692 | Repr NormRatio: 1.2224 Val NormRatio: 1.0438 | Train Meta: AdapterScaleμ:0.4543, AdapterMetaScaleμ:-0.1113, AdapterGateμ:0.4445, AdapterBias|B|μ:30.5816, AdapterMetaOn:1.00, AdapterMetaNZ%:100.0, AdapterΔ/Input:35.20% | Val Meta: AdapterScaleμ:0.4547, AdapterMetaScaleμ:-0.1112, AdapterGateμ:0.4341, AdapterBias|B|μ:30.8674, AdapterMetaOn:1.00, AdapterMetaNZ%:100.0, AdapterΔ/Input:33.19%
   -> Saved last checkpoint at epoch 63
Epoch 64/100 | Steps: 1508 | LR: 0.000035 | Train Loss: 0.059860 (P:0.0590, S:0.0168, Q:0.0000) | Val Loss: 0.281150 (P:0.2694, S:0.2357, Q:0.0000) | Repr L2μ: 3.5823 Val L2μ: 1.0602 | Repr Cosμ: 0.9081 Val Cosμ: 0.9914 | Pred→Target Cosμ: 0.9660 Val Cosμ: 0.8783 | Repr NormRatio: 1.2274 Val NormRatio: 1.0488 | Train Meta: AdapterScaleμ:0.4551, AdapterMetaScaleμ:-0.1115, AdapterGateμ:0.4398, AdapterBias|B|μ:30.6303, AdapterMetaOn:1.00, AdapterMetaNZ%:100.0, AdapterΔ/Input:33.60% | Val Meta: AdapterScaleμ:0.4548, AdapterMetaScaleμ:-0.1111, AdapterGateμ:0.4260, AdapterBias|B|μ:28.8092, AdapterMetaOn:1.00, AdapterMetaNZ%:100.0, AdapterΔ/Input:32.52%
   -> Saved last checkpoint at epoch 64
Epoch 65/100 | Steps: 1508 | LR: 0.000034 | Train Loss: 0.060214 (P:0.0594, S:0.0164, Q:0.0000) | Val Loss: 0.278117 (P:0.2651, S:0.2595, Q:0.0000) | Repr L2μ: 3.5491 Val L2μ: 1.0217 | Repr Cosμ: 0.9095 Val Cosμ: 0.9920 | Pred→Target Cosμ: 0.9654 Val Cosμ: 0.8713 | Repr NormRatio: 1.2251 Val NormRatio: 1.0500 | Train Meta: AdapterScaleμ:0.4565, AdapterMetaScaleμ:-0.1114, AdapterGateμ:0.4332, AdapterBias|B|μ:29.8387, AdapterMetaOn:1.00, AdapterMetaNZ%:100.0, AdapterΔ/Input:32.89% | Val Meta: AdapterScaleμ:0.4572, AdapterMetaScaleμ:-0.1114, AdapterGateμ:0.4350, AdapterBias|B|μ:29.8812, AdapterMetaOn:1.00, AdapterMetaNZ%:100.0, AdapterΔ/Input:32.32%
   -> Saved last checkpoint at epoch 65
Epoch 66/100 | Steps: 1508 | LR: 0.000032 | Train Loss: 0.059836 (P:0.0590, S:0.0165, Q:0.0000) | Val Loss: 0.297406 (P:0.2838, S:0.2716, Q:0.0000) | Repr L2μ: 3.6302 Val L2μ: 0.8407 | Repr Cosμ: 0.9027 Val Cosμ: 0.9950 | Pred→Target Cosμ: 0.9651 Val Cosμ: 0.8570 | Repr NormRatio: 1.2487 Val NormRatio: 1.0464 | Train Meta: AdapterScaleμ:0.4582, AdapterMetaScaleμ:-0.1114, AdapterGateμ:0.4353, AdapterBias|B|μ:30.0176, AdapterMetaOn:1.00, AdapterMetaNZ%:100.0, AdapterΔ/Input:32.37% | Val Meta: AdapterScaleμ:0.4584, AdapterMetaScaleμ:-0.1124, AdapterGateμ:0.4421, AdapterBias|B|μ:32.3201, AdapterMetaOn:1.00, AdapterMetaNZ%:100.0, AdapterΔ/Input:28.32%
   -> Saved last checkpoint at epoch 66
Epoch 67/100 | Steps: 1508 | LR: 0.000030 | Train Loss: 0.057002 (P:0.0562, S:0.0159, Q:0.0000) | Val Loss: 0.242368 (P:0.2308, S:0.2318, Q:0.0000) | Repr L2μ: 3.5572 Val L2μ: 0.9791 | Repr Cosμ: 0.9071 Val Cosμ: 0.9927 | Pred→Target Cosμ: 0.9667 Val Cosμ: 0.8777 | Repr NormRatio: 1.2356 Val NormRatio: 1.0642 | Train Meta: AdapterScaleμ:0.4591, AdapterMetaScaleμ:-0.1117, AdapterGateμ:0.4353, AdapterBias|B|μ:30.9606, AdapterMetaOn:1.00, AdapterMetaNZ%:100.0, AdapterΔ/Input:31.44% | Val Meta: AdapterScaleμ:0.4592, AdapterMetaScaleμ:-0.1115, AdapterGateμ:0.4090, AdapterBias|B|μ:31.1850, AdapterMetaOn:1.00, AdapterMetaNZ%:100.0, AdapterΔ/Input:32.16%
   -> Saved last checkpoint at epoch 67
Epoch 68/100 | Steps: 1508 | LR: 0.000029 | Train Loss: 0.057529 (P:0.0567, S:0.0166, Q:0.0000) | Val Loss: 0.261512 (P:0.2496, S:0.2383, Q:0.0000) | Repr L2μ: 3.5816 Val L2μ: 1.0988 | Repr Cosμ: 0.9050 Val Cosμ: 0.9908 | Pred→Target Cosμ: 0.9663 Val Cosμ: 0.8667 | Repr NormRatio: 1.2489 Val NormRatio: 1.0553 | Train Meta: AdapterScaleμ:0.4589, AdapterMetaScaleμ:-0.1117, AdapterGateμ:0.4289, AdapterBias|B|μ:32.2056, AdapterMetaOn:1.00, AdapterMetaNZ%:100.0, AdapterΔ/Input:30.39% | Val Meta: AdapterScaleμ:0.4591, AdapterMetaScaleμ:-0.1114, AdapterGateμ:0.4343, AdapterBias|B|μ:31.6199, AdapterMetaOn:1.00, AdapterMetaNZ%:100.0, AdapterΔ/Input:29.39%
   -> Saved last checkpoint at epoch 68
Epoch 69/100 | Steps: 1508 | LR: 0.000027 | Train Loss: 0.056071 (P:0.0552, S:0.0172, Q:0.0000) | Val Loss: 0.250751 (P:0.2371, S:0.2731, Q:0.0000) | Repr L2μ: 3.6908 Val L2μ: 0.8998 | Repr Cosμ: 0.8974 Val Cosμ: 0.9939 | Pred→Target Cosμ: 0.9671 Val Cosμ: 0.8884 | Repr NormRatio: 1.2481 Val NormRatio: 1.0506 | Train Meta: AdapterScaleμ:0.4585, AdapterMetaScaleμ:-0.1118, AdapterGateμ:0.4253, AdapterBias|B|μ:32.4201, AdapterMetaOn:1.00, AdapterMetaNZ%:100.0, AdapterΔ/Input:29.50% | Val Meta: AdapterScaleμ:0.4572, AdapterMetaScaleμ:-0.1124, AdapterGateμ:0.4027, AdapterBias|B|μ:34.1025, AdapterMetaOn:1.00, AdapterMetaNZ%:100.0, AdapterΔ/Input:27.68%
   -> Saved last checkpoint at epoch 69
Epoch 70/100 | Steps: 1508 | LR: 0.000026 | Train Loss: 0.055942 (P:0.0551, S:0.0166, Q:0.0000) | Val Loss: 0.236465 (P:0.2241, S:0.2464, Q:0.0000) | Repr L2μ: 3.7463 Val L2μ: 1.0094 | Repr Cosμ: 0.8919 Val Cosμ: 0.9922 | Pred→Target Cosμ: 0.9664 Val Cosμ: 0.8680 | Repr NormRatio: 1.2609 Val NormRatio: 1.0589 | Train Meta: AdapterScaleμ:0.4570, AdapterMetaScaleμ:-0.1134, AdapterGateμ:0.4236, AdapterBias|B|μ:33.9454, AdapterMetaOn:1.00, AdapterMetaNZ%:100.0, AdapterΔ/Input:28.56% | Val Meta: AdapterScaleμ:0.4567, AdapterMetaScaleμ:-0.1144, AdapterGateμ:0.4116, AdapterBias|B|μ:35.0708, AdapterMetaOn:1.00, AdapterMetaNZ%:100.0, AdapterΔ/Input:26.13%
   -> Saved last checkpoint at epoch 70
Epoch 71/100 | Steps: 1508 | LR: 0.000024 | Train Loss: 0.055800 (P:0.0550, S:0.0169, Q:0.0000) | Val Loss: 0.220462 (P:0.2086, S:0.2365, Q:0.0000) | Repr L2μ: 3.7681 Val L2μ: 0.9158 | Repr Cosμ: 0.8898 Val Cosμ: 0.9938 | Pred→Target Cosμ: 0.9662 Val Cosμ: 0.8680 | Repr NormRatio: 1.2645 Val NormRatio: 1.0454 | Train Meta: AdapterScaleμ:0.4558, AdapterMetaScaleμ:-0.1143, AdapterGateμ:0.4179, AdapterBias|B|μ:34.2443, AdapterMetaOn:1.00, AdapterMetaNZ%:100.0, AdapterΔ/Input:28.39% | Val Meta: AdapterScaleμ:0.4552, AdapterMetaScaleμ:-0.1142, AdapterGateμ:0.4173, AdapterBias|B|μ:33.7535, AdapterMetaOn:1.00, AdapterMetaNZ%:100.0, AdapterΔ/Input:25.05%
   -> Saved last checkpoint at epoch 71
Epoch 72/100 | Steps: 1508 | LR: 0.000023 | Train Loss: 0.053175 (P:0.0524, S:0.0161, Q:0.0000) | Val Loss: 0.225448 (P:0.2141, S:0.2273, Q:0.0000) | Repr L2μ: 3.6527 Val L2μ: 0.8867 | Repr Cosμ: 0.8967 Val Cosμ: 0.9939 | Pred→Target Cosμ: 0.9672 Val Cosμ: 0.8742 | Repr NormRatio: 1.2509 Val NormRatio: 1.0426 | Train Meta: AdapterScaleμ:0.4547, AdapterMetaScaleμ:-0.1146, AdapterGateμ:0.4221, AdapterBias|B|μ:33.6199, AdapterMetaOn:1.00, AdapterMetaNZ%:100.0, AdapterΔ/Input:28.02% | Val Meta: AdapterScaleμ:0.4544, AdapterMetaScaleμ:-0.1148, AdapterGateμ:0.4318, AdapterBias|B|μ:34.0774, AdapterMetaOn:1.00, AdapterMetaNZ%:100.0, AdapterΔ/Input:27.11%
   -> Saved last checkpoint at epoch 72
Epoch 73/100 | Steps: 1508 | LR: 0.000021 | Train Loss: 0.055569 (P:0.0547, S:0.0168, Q:0.0000) | Val Loss: 0.231452 (P:0.2188, S:0.2540, Q:0.0000) | Repr L2μ: 3.7334 Val L2μ: 0.8289 | Repr Cosμ: 0.8914 Val Cosμ: 0.9949 | Pred→Target Cosμ: 0.9652 Val Cosμ: 0.8586 | Repr NormRatio: 1.2574 Val NormRatio: 1.0394 | Train Meta: AdapterScaleμ:0.4540, AdapterMetaScaleμ:-0.1145, AdapterGateμ:0.4172, AdapterBias|B|μ:33.4601, AdapterMetaOn:1.00, AdapterMetaNZ%:100.0, AdapterΔ/Input:27.46% | Val Meta: AdapterScaleμ:0.4534, AdapterMetaScaleμ:-0.1152, AdapterGateμ:0.4450, AdapterBias|B|μ:34.1873, AdapterMetaOn:1.00, AdapterMetaNZ%:100.0, AdapterΔ/Input:25.84%
   -> Saved last checkpoint at epoch 73
Epoch 74/100 | Steps: 1508 | LR: 0.000020 | Train Loss: 0.056791 (P:0.0560, S:0.0165, Q:0.0000) | Val Loss: 0.231374 (P:0.2192, S:0.2433, Q:0.0000) | Repr L2μ: 3.7301 Val L2μ: 0.9697 | Repr Cosμ: 0.8908 Val Cosμ: 0.9928 | Pred→Target Cosμ: 0.9641 Val Cosμ: 0.8630 | Repr NormRatio: 1.2683 Val NormRatio: 1.0555 | Train Meta: AdapterScaleμ:0.4530, AdapterMetaScaleμ:-0.1146, AdapterGateμ:0.4226, AdapterBias|B|μ:33.0404, AdapterMetaOn:1.00, AdapterMetaNZ%:100.0, AdapterΔ/Input:27.43% | Val Meta: AdapterScaleμ:0.4529, AdapterMetaScaleμ:-0.1146, AdapterGateμ:0.4197, AdapterBias|B|μ:32.5443, AdapterMetaOn:1.00, AdapterMetaNZ%:100.0, AdapterΔ/Input:23.82%
   -> Saved last checkpoint at epoch 74
Epoch 75/100 | Steps: 1508 | LR: 0.000019 | Train Loss: 0.055603 (P:0.0548, S:0.0160, Q:0.0000) | Val Loss: 0.208774 (P:0.1966, S:0.2438, Q:0.0000) | Repr L2μ: 3.7332 Val L2μ: 0.8369 | Repr Cosμ: 0.8906 Val Cosμ: 0.9949 | Pred→Target Cosμ: 0.9651 Val Cosμ: 0.8742 | Repr NormRatio: 1.2648 Val NormRatio: 1.0507 | Train Meta: AdapterScaleμ:0.4531, AdapterMetaScaleμ:-0.1152, AdapterGateμ:0.4232, AdapterBias|B|μ:33.4596, AdapterMetaOn:1.00, AdapterMetaNZ%:100.0, AdapterΔ/Input:27.12% | Val Meta: AdapterScaleμ:0.4530, AdapterMetaScaleμ:-0.1158, AdapterGateμ:0.4168, AdapterBias|B|μ:33.8817, AdapterMetaOn:1.00, AdapterMetaNZ%:100.0, AdapterΔ/Input:24.12%
   -> Saved improved checkpoint: val_loss=0.208774 at epoch 75
Epoch 76/100 | Steps: 1508 | LR: 0.000017 | Train Loss: 0.052722 (P:0.0519, S:0.0156, Q:0.0000) | Val Loss: 0.189142 (P:0.1773, S:0.2360, Q:0.0000) | Repr L2μ: 3.6790 Val L2μ: 0.8188 | Repr Cosμ: 0.8942 Val Cosμ: 0.9950 | Pred→Target Cosμ: 0.9663 Val Cosμ: 0.8800 | Repr NormRatio: 1.2719 Val NormRatio: 1.0421 | Train Meta: AdapterScaleμ:0.4528, AdapterMetaScaleμ:-0.1160, AdapterGateμ:0.4210, AdapterBias|B|μ:33.9224, AdapterMetaOn:1.00, AdapterMetaNZ%:100.0, AdapterΔ/Input:26.43% | Val Meta: AdapterScaleμ:0.4530, AdapterMetaScaleμ:-0.1161, AdapterGateμ:0.4288, AdapterBias|B|μ:33.8740, AdapterMetaOn:1.00, AdapterMetaNZ%:100.0, AdapterΔ/Input:24.96%
   -> Saved improved checkpoint: val_loss=0.189142 at epoch 76
Epoch 77/100 | Steps: 1508 | LR: 0.000016 | Train Loss: 0.052997 (P:0.0522, S:0.0160, Q:0.0000) | Val Loss: 0.191659 (P:0.1810, S:0.2133, Q:0.0000) | Repr L2μ: 3.7268 Val L2μ: 0.8379 | Repr Cosμ: 0.8904 Val Cosμ: 0.9946 | Pred→Target Cosμ: 0.9661 Val Cosμ: 0.8816 | Repr NormRatio: 1.2780 Val NormRatio: 1.0436 | Train Meta: AdapterScaleμ:0.4526, AdapterMetaScaleμ:-0.1163, AdapterGateμ:0.4225, AdapterBias|B|μ:33.9176, AdapterMetaOn:1.00, AdapterMetaNZ%:100.0, AdapterΔ/Input:26.32% | Val Meta: AdapterScaleμ:0.4523, AdapterMetaScaleμ:-0.1163, AdapterGateμ:0.4185, AdapterBias|B|μ:34.1468, AdapterMetaOn:1.00, AdapterMetaNZ%:100.0, AdapterΔ/Input:25.52%
   -> Saved last checkpoint at epoch 77
Epoch 78/100 | Steps: 1508 | LR: 0.000015 | Train Loss: 0.053356 (P:0.0526, S:0.0157, Q:0.0000) | Val Loss: 0.189782 (P:0.1782, S:0.2315, Q:0.0000) | Repr L2μ: 3.6680 Val L2μ: 0.8555 | Repr Cosμ: 0.8934 Val Cosμ: 0.9944 | Pred→Target Cosμ: 0.9656 Val Cosμ: 0.8972 | Repr NormRatio: 1.2763 Val NormRatio: 1.0482 | Train Meta: AdapterScaleμ:0.4525, AdapterMetaScaleμ:-0.1165, AdapterGateμ:0.4186, AdapterBias|B|μ:34.0969, AdapterMetaOn:1.00, AdapterMetaNZ%:100.0, AdapterΔ/Input:25.44% | Val Meta: AdapterScaleμ:0.4527, AdapterMetaScaleμ:-0.1167, AdapterGateμ:0.4253, AdapterBias|B|μ:34.0053, AdapterMetaOn:1.00, AdapterMetaNZ%:100.0, AdapterΔ/Input:25.13%
   -> Saved last checkpoint at epoch 78
Epoch 79/100 | Steps: 1508 | LR: 0.000014 | Train Loss: 0.053734 (P:0.0529, S:0.0157, Q:0.0000) | Val Loss: 0.183708 (P:0.1706, S:0.2626, Q:0.0000) | Repr L2μ: 3.6378 Val L2μ: 0.8150 | Repr Cosμ: 0.8952 Val Cosμ: 0.9946 | Pred→Target Cosμ: 0.9651 Val Cosμ: 0.9121 | Repr NormRatio: 1.2839 Val NormRatio: 1.0508 | Train Meta: AdapterScaleμ:0.4528, AdapterMetaScaleμ:-0.1167, AdapterGateμ:0.4140, AdapterBias|B|μ:33.8885, AdapterMetaOn:1.00, AdapterMetaNZ%:100.0, AdapterΔ/Input:24.97% | Val Meta: AdapterScaleμ:0.4526, AdapterMetaScaleμ:-0.1165, AdapterGateμ:0.4164, AdapterBias|B|μ:33.4824, AdapterMetaOn:1.00, AdapterMetaNZ%:100.0, AdapterΔ/Input:26.69%
   -> Saved improved checkpoint: val_loss=0.183708 at epoch 79
Epoch 80/100 | Steps: 1508 | LR: 0.000013 | Train Loss: 0.054325 (P:0.0535, S:0.0157, Q:0.0000) | Val Loss: 0.212357 (P:0.1991, S:0.2651, Q:0.0000) | Repr L2μ: 3.6085 Val L2μ: 0.9548 | Repr Cosμ: 0.8970 Val Cosμ: 0.9927 | Pred→Target Cosμ: 0.9649 Val Cosμ: 0.9049 | Repr NormRatio: 1.2781 Val NormRatio: 1.0526 | Train Meta: AdapterScaleμ:0.4527, AdapterMetaScaleμ:-0.1169, AdapterGateμ:0.4127, AdapterBias|B|μ:33.9512, AdapterMetaOn:1.00, AdapterMetaNZ%:100.0, AdapterΔ/Input:24.60% | Val Meta: AdapterScaleμ:0.4530, AdapterMetaScaleμ:-0.1172, AdapterGateμ:0.4387, AdapterBias|B|μ:34.0326, AdapterMetaOn:1.00, AdapterMetaNZ%:100.0, AdapterΔ/Input:28.46%
   -> Saved last checkpoint at epoch 80
Epoch 81/100 | Steps: 1508 | LR: 0.000011 | Train Loss: 0.054108 (P:0.0533, S:0.0158, Q:0.0000) | Val Loss: 0.198630 (P:0.1856, S:0.2613, Q:0.0000) | Repr L2μ: 3.6104 Val L2μ: 0.9120 | Repr Cosμ: 0.8964 Val Cosμ: 0.9929 | Pred→Target Cosμ: 0.9651 Val Cosμ: 0.9099 | Repr NormRatio: 1.2904 Val NormRatio: 1.0550 | Train Meta: AdapterScaleμ:0.4529, AdapterMetaScaleμ:-0.1173, AdapterGateμ:0.4134, AdapterBias|B|μ:34.6848, AdapterMetaOn:1.00, AdapterMetaNZ%:100.0, AdapterΔ/Input:24.62% | Val Meta: AdapterScaleμ:0.4533, AdapterMetaScaleμ:-0.1172, AdapterGateμ:0.4139, AdapterBias|B|μ:34.5418, AdapterMetaOn:1.00, AdapterMetaNZ%:100.0, AdapterΔ/Input:28.27%
   -> Saved last checkpoint at epoch 81
Epoch 82/100 | Steps: 1508 | LR: 0.000010 | Train Loss: 0.055150 (P:0.0544, S:0.0156, Q:0.0000) | Val Loss: 0.208616 (P:0.1949, S:0.2739, Q:0.0000) | Repr L2μ: 3.6312 Val L2μ: 0.9279 | Repr Cosμ: 0.8951 Val Cosμ: 0.9929 | Pred→Target Cosμ: 0.9641 Val Cosμ: 0.9114 | Repr NormRatio: 1.2966 Val NormRatio: 1.0586 | Train Meta: AdapterScaleμ:0.4532, AdapterMetaScaleμ:-0.1171, AdapterGateμ:0.4148, AdapterBias|B|μ:34.1859, AdapterMetaOn:1.00, AdapterMetaNZ%:100.0, AdapterΔ/Input:24.46% | Val Meta: AdapterScaleμ:0.4532, AdapterMetaScaleμ:-0.1171, AdapterGateμ:0.4165, AdapterBias|B|μ:33.9408, AdapterMetaOn:1.00, AdapterMetaNZ%:100.0, AdapterΔ/Input:26.84%
   -> Saved last checkpoint at epoch 82
Epoch 83/100 | Steps: 1508 | LR: 0.000009 | Train Loss: 0.055728 (P:0.0549, S:0.0158, Q:0.0000) | Val Loss: 0.195374 (P:0.1839, S:0.2297, Q:0.0000) | Repr L2μ: 3.5593 Val L2μ: 0.8831 | Repr Cosμ: 0.8998 Val Cosμ: 0.9940 | Pred→Target Cosμ: 0.9636 Val Cosμ: 0.8924 | Repr NormRatio: 1.2871 Val NormRatio: 1.0495 | Train Meta: AdapterScaleμ:0.4535, AdapterMetaScaleμ:-0.1170, AdapterGateμ:0.4113, AdapterBias|B|μ:34.2309, AdapterMetaOn:1.00, AdapterMetaNZ%:100.0, AdapterΔ/Input:24.10% | Val Meta: AdapterScaleμ:0.4538, AdapterMetaScaleμ:-0.1171, AdapterGateμ:0.4223, AdapterBias|B|μ:34.3652, AdapterMetaOn:1.00, AdapterMetaNZ%:100.0, AdapterΔ/Input:26.34%
   -> Saved last checkpoint at epoch 83
Epoch 84/100 | Steps: 1508 | LR: 0.000009 | Train Loss: 0.055072 (P:0.0543, S:0.0157, Q:0.0000) | Val Loss: 0.233923 (P:0.2229, S:0.2203, Q:0.0000) | Repr L2μ: 3.5430 Val L2μ: 1.0862 | Repr Cosμ: 0.9003 Val Cosμ: 0.9905 | Pred→Target Cosμ: 0.9641 Val Cosμ: 0.8844 | Repr NormRatio: 1.2852 Val NormRatio: 1.0694 | Train Meta: AdapterScaleμ:0.4536, AdapterMetaScaleμ:-0.1172, AdapterGateμ:0.4137, AdapterBias|B|μ:35.1663, AdapterMetaOn:1.00, AdapterMetaNZ%:100.0, AdapterΔ/Input:23.91% | Val Meta: AdapterScaleμ:0.4542, AdapterMetaScaleμ:-0.1174, AdapterGateμ:0.4057, AdapterBias|B|μ:35.5899, AdapterMetaOn:1.00, AdapterMetaNZ%:100.0, AdapterΔ/Input:26.28%
   -> Saved last checkpoint at epoch 84
Epoch 85/100 | Steps: 1508 | LR: 0.000008 | Train Loss: 0.055310 (P:0.0545, S:0.0158, Q:0.0000) | Val Loss: 0.204270 (P:0.1924, S:0.2368, Q:0.0000) | Repr L2μ: 3.6419 Val L2μ: 0.8420 | Repr Cosμ: 0.8937 Val Cosμ: 0.9942 | Pred→Target Cosμ: 0.9636 Val Cosμ: 0.8922 | Repr NormRatio: 1.2978 Val NormRatio: 1.0503 | Train Meta: AdapterScaleμ:0.4536, AdapterMetaScaleμ:-0.1174, AdapterGateμ:0.4164, AdapterBias|B|μ:35.3757, AdapterMetaOn:1.00, AdapterMetaNZ%:100.0, AdapterΔ/Input:24.09% | Val Meta: AdapterScaleμ:0.4532, AdapterMetaScaleμ:-0.1174, AdapterGateμ:0.3983, AdapterBias|B|μ:35.4419, AdapterMetaOn:1.00, AdapterMetaNZ%:100.0, AdapterΔ/Input:25.45%
   -> Saved last checkpoint at epoch 85
Epoch 86/100 | Steps: 1508 | LR: 0.000007 | Train Loss: 0.055030 (P:0.0543, S:0.0155, Q:0.0000) | Val Loss: 0.227982 (P:0.2172, S:0.2158, Q:0.0000) | Repr L2μ: 3.6760 Val L2μ: 0.9519 | Repr Cosμ: 0.8922 Val Cosμ: 0.9928 | Pred→Target Cosμ: 0.9640 Val Cosμ: 0.8822 | Repr NormRatio: 1.3040 Val NormRatio: 1.0586 | Train Meta: AdapterScaleμ:0.4535, AdapterMetaScaleμ:-0.1172, AdapterGateμ:0.4179, AdapterBias|B|μ:35.0986, AdapterMetaOn:1.00, AdapterMetaNZ%:100.0, AdapterΔ/Input:24.13% | Val Meta: AdapterScaleμ:0.4534, AdapterMetaScaleμ:-0.1173, AdapterGateμ:0.3914, AdapterBias|B|μ:35.5965, AdapterMetaOn:1.00, AdapterMetaNZ%:100.0, AdapterΔ/Input:23.73%
   -> Saved last checkpoint at epoch 86
Epoch 87/100 | Steps: 1508 | LR: 0.000006 | Train Loss: 0.056675 (P:0.0559, S:0.0157, Q:0.0000) | Val Loss: 0.232112 (P:0.2201, S:0.2394, Q:0.0000) | Repr L2μ: 3.5571 Val L2μ: 0.9928 | Repr Cosμ: 0.8991 Val Cosμ: 0.9921 | Pred→Target Cosμ: 0.9628 Val Cosμ: 0.8864 | Repr NormRatio: 1.3048 Val NormRatio: 1.0533 | Train Meta: AdapterScaleμ:0.4538, AdapterMetaScaleμ:-0.1174, AdapterGateμ:0.4021, AdapterBias|B|μ:35.6455, AdapterMetaOn:1.00, AdapterMetaNZ%:100.0, AdapterΔ/Input:22.96% | Val Meta: AdapterScaleμ:0.4541, AdapterMetaScaleμ:-0.1175, AdapterGateμ:0.4182, AdapterBias|B|μ:35.4341, AdapterMetaOn:1.00, AdapterMetaNZ%:100.0, AdapterΔ/Input:26.83%
   -> Saved last checkpoint at epoch 87
Epoch 88/100 | Steps: 1508 | LR: 0.000005 | Train Loss: 0.055882 (P:0.0551, S:0.0155, Q:0.0000) | Val Loss: 0.195400 (P:0.1823, S:0.2611, Q:0.0000) | Repr L2μ: 3.6413 Val L2μ: 0.9107 | Repr Cosμ: 0.8944 Val Cosμ: 0.9929 | Pred→Target Cosμ: 0.9631 Val Cosμ: 0.9113 | Repr NormRatio: 1.3131 Val NormRatio: 1.0540 | Train Meta: AdapterScaleμ:0.4538, AdapterMetaScaleμ:-0.1175, AdapterGateμ:0.4142, AdapterBias|B|μ:35.6079, AdapterMetaOn:1.00, AdapterMetaNZ%:100.0, AdapterΔ/Input:23.75% | Val Meta: AdapterScaleμ:0.4539, AdapterMetaScaleμ:-0.1175, AdapterGateμ:0.4067, AdapterBias|B|μ:35.5238, AdapterMetaOn:1.00, AdapterMetaNZ%:100.0, AdapterΔ/Input:28.67%
   -> Saved last checkpoint at epoch 88
Epoch 89/100 | Steps: 1508 | LR: 0.000005 | Train Loss: 0.056167 (P:0.0554, S:0.0154, Q:0.0000) | Val Loss: 0.228827 (P:0.2170, S:0.2374, Q:0.0000) | Repr L2μ: 3.7022 Val L2μ: 0.9733 | Repr Cosμ: 0.8892 Val Cosμ: 0.9922 | Pred→Target Cosμ: 0.9630 Val Cosμ: 0.8852 | Repr NormRatio: 1.3256 Val NormRatio: 1.0580 | Train Meta: AdapterScaleμ:0.4539, AdapterMetaScaleμ:-0.1175, AdapterGateμ:0.4048, AdapterBias|B|μ:35.4717, AdapterMetaOn:1.00, AdapterMetaNZ%:100.0, AdapterΔ/Input:23.36% | Val Meta: AdapterScaleμ:0.4539, AdapterMetaScaleμ:-0.1174, AdapterGateμ:0.4036, AdapterBias|B|μ:35.4326, AdapterMetaOn:1.00, AdapterMetaNZ%:100.0, AdapterΔ/Input:25.67%
   -> Saved last checkpoint at epoch 89
Epoch 90/100 | Steps: 1508 | LR: 0.000004 | Train Loss: 0.054714 (P:0.0539, S:0.0154, Q:0.0000) | Val Loss: 0.212178 (P:0.2005, S:0.2337, Q:0.0000) | Repr L2μ: 3.6429 Val L2μ: 0.9307 | Repr Cosμ: 0.8940 Val Cosμ: 0.9930 | Pred→Target Cosμ: 0.9638 Val Cosμ: 0.8920 | Repr NormRatio: 1.3165 Val NormRatio: 1.0545 | Train Meta: AdapterScaleμ:0.4540, AdapterMetaScaleμ:-0.1175, AdapterGateμ:0.4059, AdapterBias|B|μ:35.4760, AdapterMetaOn:1.00, AdapterMetaNZ%:100.0, AdapterΔ/Input:23.33% | Val Meta: AdapterScaleμ:0.4540, AdapterMetaScaleμ:-0.1176, AdapterGateμ:0.4040, AdapterBias|B|μ:35.6637, AdapterMetaOn:1.00, AdapterMetaNZ%:100.0, AdapterΔ/Input:24.78%
   -> Saved last checkpoint at epoch 90
Epoch 91/100 | Steps: 1508 | LR: 0.000003 | Train Loss: 0.054678 (P:0.0539, S:0.0152, Q:0.0000) | Val Loss: 0.203202 (P:0.1919, S:0.2253, Q:0.0000) | Repr L2μ: 3.6058 Val L2μ: 0.9260 | Repr Cosμ: 0.8961 Val Cosμ: 0.9930 | Pred→Target Cosμ: 0.9636 Val Cosμ: 0.8856 | Repr NormRatio: 1.3180 Val NormRatio: 1.0537 | Train Meta: AdapterScaleμ:0.4542, AdapterMetaScaleμ:-0.1176, AdapterGateμ:0.4037, AdapterBias|B|μ:35.6634, AdapterMetaOn:1.00, AdapterMetaNZ%:100.0, AdapterΔ/Input:22.99% | Val Meta: AdapterScaleμ:0.4542, AdapterMetaScaleμ:-0.1176, AdapterGateμ:0.4066, AdapterBias|B|μ:35.7726, AdapterMetaOn:1.00, AdapterMetaNZ%:100.0, AdapterΔ/Input:25.60%
   -> Saved last checkpoint at epoch 91
Epoch 92/100 | Steps: 1508 | LR: 0.000003 | Train Loss: 0.054175 (P:0.0534, S:0.0155, Q:0.0000) | Val Loss: 0.230527 (P:0.2193, S:0.2252, Q:0.0000) | Repr L2μ: 3.5441 Val L2μ: 0.9920 | Repr Cosμ: 0.9008 Val Cosμ: 0.9920 | Pred→Target Cosμ: 0.9637 Val Cosμ: 0.8839 | Repr NormRatio: 1.3113 Val NormRatio: 1.0575 | Train Meta: AdapterScaleμ:0.4542, AdapterMetaScaleμ:-0.1177, AdapterGateμ:0.4047, AdapterBias|B|μ:35.9646, AdapterMetaOn:1.00, AdapterMetaNZ%:100.0, AdapterΔ/Input:22.96% | Val Meta: AdapterScaleμ:0.4542, AdapterMetaScaleμ:-0.1177, AdapterGateμ:0.4033, AdapterBias|B|μ:35.9359, AdapterMetaOn:1.00, AdapterMetaNZ%:100.0, AdapterΔ/Input:26.18%
   -> Saved last checkpoint at epoch 92
Epoch 93/100 | Steps: 1508 | LR: 0.000002 | Train Loss: 0.055339 (P:0.0546, S:0.0156, Q:0.0000) | Val Loss: 0.221906 (P:0.2108, S:0.2223, Q:0.0000) | Repr L2μ: 3.6021 Val L2μ: 0.9451 | Repr Cosμ: 0.8957 Val Cosμ: 0.9927 | Pred→Target Cosμ: 0.9632 Val Cosμ: 0.8859 | Repr NormRatio: 1.3194 Val NormRatio: 1.0539 | Train Meta: AdapterScaleμ:0.4542, AdapterMetaScaleμ:-0.1177, AdapterGateμ:0.4022, AdapterBias|B|μ:35.8725, AdapterMetaOn:1.00, AdapterMetaNZ%:100.0, AdapterΔ/Input:22.81% | Val Meta: AdapterScaleμ:0.4542, AdapterMetaScaleμ:-0.1176, AdapterGateμ:0.3966, AdapterBias|B|μ:35.8544, AdapterMetaOn:1.00, AdapterMetaNZ%:100.0, AdapterΔ/Input:24.90%
   -> Saved last checkpoint at epoch 93
Epoch 94/100 | Steps: 1508 | LR: 0.000002 | Train Loss: 0.055629 (P:0.0549, S:0.0153, Q:0.0000) | Val Loss: 0.206589 (P:0.1950, S:0.2323, Q:0.0000) | Repr L2μ: 3.5898 Val L2μ: 0.9233 | Repr Cosμ: 0.8968 Val Cosμ: 0.9931 | Pred→Target Cosμ: 0.9630 Val Cosμ: 0.8951 | Repr NormRatio: 1.3200 Val NormRatio: 1.0528 | Train Meta: AdapterScaleμ:0.4542, AdapterMetaScaleμ:-0.1176, AdapterGateμ:0.3983, AdapterBias|B|μ:35.8192, AdapterMetaOn:1.00, AdapterMetaNZ%:100.0, AdapterΔ/Input:22.54% | Val Meta: AdapterScaleμ:0.4542, AdapterMetaScaleμ:-0.1177, AdapterGateμ:0.4038, AdapterBias|B|μ:35.9054, AdapterMetaOn:1.00, AdapterMetaNZ%:100.0, AdapterΔ/Input:25.58%
   -> Saved last checkpoint at epoch 94
Epoch 95/100 | Steps: 1508 | LR: 0.000002 | Train Loss: 0.055068 (P:0.0543, S:0.0154, Q:0.0000) | Val Loss: 0.209567 (P:0.1973, S:0.2445, Q:0.0000) | Repr L2μ: 3.6539 Val L2μ: 0.9472 | Repr Cosμ: 0.8937 Val Cosμ: 0.9927 | Pred→Target Cosμ: 0.9633 Val Cosμ: 0.9009 | Repr NormRatio: 1.3169 Val NormRatio: 1.0545 | Train Meta: AdapterScaleμ:0.4542, AdapterMetaScaleμ:-0.1177, AdapterGateμ:0.4067, AdapterBias|B|μ:35.9193, AdapterMetaOn:1.00, AdapterMetaNZ%:100.0, AdapterΔ/Input:23.13% | Val Meta: AdapterScaleμ:0.4541, AdapterMetaScaleμ:-0.1177, AdapterGateμ:0.4044, AdapterBias|B|μ:35.9651, AdapterMetaOn:1.00, AdapterMetaNZ%:100.0, AdapterΔ/Input:24.66%
   -> Saved last checkpoint at epoch 95
Epoch 96/100 | Steps: 1508 | LR: 0.000001 | Train Loss: 0.055616 (P:0.0549, S:0.0152, Q:0.0000) | Val Loss: 0.226519 (P:0.2152, S:0.2271, Q:0.0000) | Repr L2μ: 3.5367 Val L2μ: 0.9871 | Repr Cosμ: 0.9008 Val Cosμ: 0.9921 | Pred→Target Cosμ: 0.9628 Val Cosμ: 0.8849 | Repr NormRatio: 1.3127 Val NormRatio: 1.0591 | Train Meta: AdapterScaleμ:0.4542, AdapterMetaScaleμ:-0.1178, AdapterGateμ:0.3980, AdapterBias|B|μ:36.0142, AdapterMetaOn:1.00, AdapterMetaNZ%:100.0, AdapterΔ/Input:22.25% | Val Meta: AdapterScaleμ:0.4544, AdapterMetaScaleμ:-0.1178, AdapterGateμ:0.3962, AdapterBias|B|μ:35.9647, AdapterMetaOn:1.00, AdapterMetaNZ%:100.0, AdapterΔ/Input:24.79%
   -> Saved last checkpoint at epoch 96
Epoch 97/100 | Steps: 1508 | LR: 0.000001 | Train Loss: 0.055474 (P:0.0547, S:0.0152, Q:0.0000) | Val Loss: 0.209126 (P:0.1972, S:0.2395, Q:0.0000) | Repr L2μ: 3.5973 Val L2μ: 0.9392 | Repr Cosμ: 0.8966 Val Cosμ: 0.9928 | Pred→Target Cosμ: 0.9627 Val Cosμ: 0.8993 | Repr NormRatio: 1.3168 Val NormRatio: 1.0560 | Train Meta: AdapterScaleμ:0.4544, AdapterMetaScaleμ:-0.1178, AdapterGateμ:0.3985, AdapterBias|B|μ:35.9698, AdapterMetaOn:1.00, AdapterMetaNZ%:100.0, AdapterΔ/Input:22.35% | Val Meta: AdapterScaleμ:0.4544, AdapterMetaScaleμ:-0.1178, AdapterGateμ:0.4009, AdapterBias|B|μ:36.0591, AdapterMetaOn:1.00, AdapterMetaNZ%:100.0, AdapterΔ/Input:25.37%
   -> Saved last checkpoint at epoch 97
Epoch 98/100 | Steps: 1508 | LR: 0.000001 | Train Loss: 0.054323 (P:0.0536, S:0.0152, Q:0.0000) | Val Loss: 0.216402 (P:0.2057, S:0.2147, Q:0.0000) | Repr L2μ: 3.6068 Val L2μ: 0.9432 | Repr Cosμ: 0.8961 Val Cosμ: 0.9928 | Pred→Target Cosμ: 0.9635 Val Cosμ: 0.8833 | Repr NormRatio: 1.3157 Val NormRatio: 1.0547 | Train Meta: AdapterScaleμ:0.4544, AdapterMetaScaleμ:-0.1178, AdapterGateμ:0.4021, AdapterBias|B|μ:36.1134, AdapterMetaOn:1.00, AdapterMetaNZ%:100.0, AdapterΔ/Input:22.64% | Val Meta: AdapterScaleμ:0.4544, AdapterMetaScaleμ:-0.1179, AdapterGateμ:0.4022, AdapterBias|B|μ:36.1411, AdapterMetaOn:1.00, AdapterMetaNZ%:100.0, AdapterΔ/Input:24.80%
   -> Saved last checkpoint at epoch 98
Epoch 99/100 | Steps: 1508 | LR: 0.000001 | Train Loss: 0.054603 (P:0.0538, S:0.0151, Q:0.0000) | Val Loss: 0.212470 (P:0.2014, S:0.2219, Q:0.0000) | Repr L2μ: 3.5573 Val L2μ: 0.9472 | Repr Cosμ: 0.8995 Val Cosμ: 0.9927 | Pred→Target Cosμ: 0.9633 Val Cosμ: 0.8899 | Repr NormRatio: 1.3136 Val NormRatio: 1.0552 | Train Meta: AdapterScaleμ:0.4544, AdapterMetaScaleμ:-0.1179, AdapterGateμ:0.4006, AdapterBias|B|μ:36.1698, AdapterMetaOn:1.00, AdapterMetaNZ%:100.0, AdapterΔ/Input:22.41% | Val Meta: AdapterScaleμ:0.4544, AdapterMetaScaleμ:-0.1179, AdapterGateμ:0.4000, AdapterBias|B|μ:36.1885, AdapterMetaOn:1.00, AdapterMetaNZ%:100.0, AdapterΔ/Input:25.13%
   -> Saved last checkpoint at epoch 99
Epoch 100/100 | Steps: 1508 | LR: 0.000001 | Train Loss: 0.054831 (P:0.0541, S:0.0153, Q:0.0000) | Val Loss: 0.203798 (P:0.1918, S:0.2393, Q:0.0000) | Repr L2μ: 3.6379 Val L2μ: 0.9397 | Repr Cosμ: 0.8937 Val Cosμ: 0.9927 | Pred→Target Cosμ: 0.9632 Val Cosμ: 0.9018 | Repr NormRatio: 1.3229 Val NormRatio: 1.0551 | Train Meta: AdapterScaleμ:0.4544, AdapterMetaScaleμ:-0.1178, AdapterGateμ:0.4013, AdapterBias|B|μ:36.0733, AdapterMetaOn:1.00, AdapterMetaNZ%:100.0, AdapterΔ/Input:22.62% | Val Meta: AdapterScaleμ:0.4544, AdapterMetaScaleμ:-0.1178, AdapterGateμ:0.4015, AdapterBias|B|μ:36.0094, AdapterMetaOn:1.00, AdapterMetaNZ%:100.0, AdapterΔ/Input:25.71%
   -> Saved last checkpoint at epoch 100
