nohup: ignoring input
==================================================
🚀 Architecture: LAYA
📊 Target Dataset: ETTm1 (Channels: 7)
📊 Pretrain Info: ETTm1 (Detected Channels: 7)
📊 Prediction Length: 96
==================================================
✅ Loaded pretrained encoder from ./checkpoints/ettm1_laya_ci_adapter/laya_ts_ETTm1_s_best.pt
   - 72/72 keys matched.
ℹ️ Channel Adapter: enabled
   - position: post_encoder, heads: 4, dropout: 0.1, metadata_dropout: 0.0
   - adapter_pretrained: True
📝 metadata: mode=text, fusion=none, relation=none
ℹ️ RevIN: enabled | affine=False | subtract_last=False | eps=1e-05
ℹ️ Metadata Fusion Mode: none
ℹ️ Channel Mixer Relation Mode: none
ℹ️ Encoder Variant: default
ℹ️ Channel Relation Block: disabled
✅ Probing Head [CI, channel-wise]: [B*C, 8192] -> [B, 7, 96]
Epoch 1/20 | Steps: 1287 | LR: 0.000100 | Train Loss: 0.310953 | Val Loss: 0.292933 | Train Meta: AdapterScaleμ:0.2546, AdapterMetaScaleμ:0.0289, AdapterGateμ:0.1487, AdapterBias|B|μ:39.6964, AdapterMetaOn:1.00, AdapterMetaNZ%:100.0, AdapterΔ/Input:16.72% | Val Meta: AdapterScaleμ:0.2546, AdapterMetaScaleμ:0.0289, AdapterGateμ:0.1487, AdapterBias|B|μ:39.7011, AdapterMetaOn:1.00, AdapterMetaNZ%:100.0, AdapterΔ/Input:15.03%
   -> Updated best validation state: val_loss=0.292933 at epoch 1
Epoch 2/20 | Steps: 1287 | LR: 0.000100 | Train Loss: 0.272593 | Val Loss: 0.279381 | Train Meta: AdapterScaleμ:0.2546, AdapterMetaScaleμ:0.0289, AdapterGateμ:0.1487, AdapterBias|B|μ:39.6538, AdapterMetaOn:1.00, AdapterMetaNZ%:100.0, AdapterΔ/Input:16.70% | Val Meta: AdapterScaleμ:0.2546, AdapterMetaScaleμ:0.0289, AdapterGateμ:0.1487, AdapterBias|B|μ:39.7011, AdapterMetaOn:1.00, AdapterMetaNZ%:100.0, AdapterΔ/Input:15.03%
   -> Updated best validation state: val_loss=0.279381 at epoch 2
Epoch 3/20 | Steps: 1287 | LR: 0.000100 | Train Loss: 0.260960 | Val Loss: 0.276170 | Train Meta: AdapterScaleμ:0.2546, AdapterMetaScaleμ:0.0289, AdapterGateμ:0.1487, AdapterBias|B|μ:39.6955, AdapterMetaOn:1.00, AdapterMetaNZ%:100.0, AdapterΔ/Input:17.28% | Val Meta: AdapterScaleμ:0.2546, AdapterMetaScaleμ:0.0289, AdapterGateμ:0.1487, AdapterBias|B|μ:39.7011, AdapterMetaOn:1.00, AdapterMetaNZ%:100.0, AdapterΔ/Input:15.03%
   -> Updated best validation state: val_loss=0.276170 at epoch 3
Epoch 4/20 | Steps: 1287 | LR: 0.000100 | Train Loss: 0.254217 | Val Loss: 0.275072 | Train Meta: AdapterScaleμ:0.2546, AdapterMetaScaleμ:0.0289, AdapterGateμ:0.1487, AdapterBias|B|μ:39.6264, AdapterMetaOn:1.00, AdapterMetaNZ%:100.0, AdapterΔ/Input:16.73% | Val Meta: AdapterScaleμ:0.2546, AdapterMetaScaleμ:0.0289, AdapterGateμ:0.1487, AdapterBias|B|μ:39.7011, AdapterMetaOn:1.00, AdapterMetaNZ%:100.0, AdapterΔ/Input:15.03%
   -> Updated best validation state: val_loss=0.275072 at epoch 4
Epoch 5/20 | Steps: 1287 | LR: 0.000100 | Train Loss: 0.249433 | Val Loss: 0.269960 | Train Meta: AdapterScaleμ:0.2546, AdapterMetaScaleμ:0.0289, AdapterGateμ:0.1487, AdapterBias|B|μ:39.7204, AdapterMetaOn:1.00, AdapterMetaNZ%:100.0, AdapterΔ/Input:16.87% | Val Meta: AdapterScaleμ:0.2546, AdapterMetaScaleμ:0.0289, AdapterGateμ:0.1487, AdapterBias|B|μ:39.7011, AdapterMetaOn:1.00, AdapterMetaNZ%:100.0, AdapterΔ/Input:15.03%
   -> Updated best validation state: val_loss=0.269960 at epoch 5
Epoch 6/20 | Steps: 1287 | LR: 0.000100 | Train Loss: 0.245951 | Val Loss: 0.266477 | Train Meta: AdapterScaleμ:0.2546, AdapterMetaScaleμ:0.0289, AdapterGateμ:0.1487, AdapterBias|B|μ:39.7371, AdapterMetaOn:1.00, AdapterMetaNZ%:100.0, AdapterΔ/Input:16.89% | Val Meta: AdapterScaleμ:0.2546, AdapterMetaScaleμ:0.0289, AdapterGateμ:0.1487, AdapterBias|B|μ:39.7011, AdapterMetaOn:1.00, AdapterMetaNZ%:100.0, AdapterΔ/Input:15.03%
   -> Updated best validation state: val_loss=0.266477 at epoch 6
Epoch 7/20 | Steps: 1287 | LR: 0.000100 | Train Loss: 0.242736 | Val Loss: 0.277318 | Train Meta: AdapterScaleμ:0.2546, AdapterMetaScaleμ:0.0289, AdapterGateμ:0.1487, AdapterBias|B|μ:39.6933, AdapterMetaOn:1.00, AdapterMetaNZ%:100.0, AdapterΔ/Input:16.74% | Val Meta: AdapterScaleμ:0.2546, AdapterMetaScaleμ:0.0289, AdapterGateμ:0.1487, AdapterBias|B|μ:39.7011, AdapterMetaOn:1.00, AdapterMetaNZ%:100.0, AdapterΔ/Input:15.03%
Epoch 8/20 | Steps: 1287 | LR: 0.000100 | Train Loss: 0.240783 | Val Loss: 0.265609 | Train Meta: AdapterScaleμ:0.2546, AdapterMetaScaleμ:0.0289, AdapterGateμ:0.1487, AdapterBias|B|μ:39.6841, AdapterMetaOn:1.00, AdapterMetaNZ%:100.0, AdapterΔ/Input:16.94% | Val Meta: AdapterScaleμ:0.2546, AdapterMetaScaleμ:0.0289, AdapterGateμ:0.1487, AdapterBias|B|μ:39.7011, AdapterMetaOn:1.00, AdapterMetaNZ%:100.0, AdapterΔ/Input:15.03%
   -> Updated best validation state: val_loss=0.265609 at epoch 8
Epoch 9/20 | Steps: 1287 | LR: 0.000100 | Train Loss: 0.239135 | Val Loss: 0.271257 | Train Meta: AdapterScaleμ:0.2546, AdapterMetaScaleμ:0.0289, AdapterGateμ:0.1487, AdapterBias|B|μ:39.7151, AdapterMetaOn:1.00, AdapterMetaNZ%:100.0, AdapterΔ/Input:16.63% | Val Meta: AdapterScaleμ:0.2546, AdapterMetaScaleμ:0.0289, AdapterGateμ:0.1487, AdapterBias|B|μ:39.7011, AdapterMetaOn:1.00, AdapterMetaNZ%:100.0, AdapterΔ/Input:15.03%
Epoch 10/20 | Steps: 1287 | LR: 0.000100 | Train Loss: 0.237142 | Val Loss: 0.268217 | Train Meta: AdapterScaleμ:0.2546, AdapterMetaScaleμ:0.0289, AdapterGateμ:0.1487, AdapterBias|B|μ:39.8143, AdapterMetaOn:1.00, AdapterMetaNZ%:100.0, AdapterΔ/Input:16.80% | Val Meta: AdapterScaleμ:0.2546, AdapterMetaScaleμ:0.0289, AdapterGateμ:0.1487, AdapterBias|B|μ:39.7011, AdapterMetaOn:1.00, AdapterMetaNZ%:100.0, AdapterΔ/Input:15.03%
Epoch 11/20 | Steps: 1287 | LR: 0.000100 | Train Loss: 0.235700 | Val Loss: 0.273217 | Train Meta: AdapterScaleμ:0.2546, AdapterMetaScaleμ:0.0289, AdapterGateμ:0.1487, AdapterBias|B|μ:39.7974, AdapterMetaOn:1.00, AdapterMetaNZ%:100.0, AdapterΔ/Input:16.71% | Val Meta: AdapterScaleμ:0.2546, AdapterMetaScaleμ:0.0289, AdapterGateμ:0.1487, AdapterBias|B|μ:39.7011, AdapterMetaOn:1.00, AdapterMetaNZ%:100.0, AdapterΔ/Input:15.03%
Epoch 12/20 | Steps: 1287 | LR: 0.000100 | Train Loss: 0.234717 | Val Loss: 0.267846 | Train Meta: AdapterScaleμ:0.2546, AdapterMetaScaleμ:0.0289, AdapterGateμ:0.1487, AdapterBias|B|μ:39.7094, AdapterMetaOn:1.00, AdapterMetaNZ%:100.0, AdapterΔ/Input:16.75% | Val Meta: AdapterScaleμ:0.2546, AdapterMetaScaleμ:0.0289, AdapterGateμ:0.1487, AdapterBias|B|μ:39.7011, AdapterMetaOn:1.00, AdapterMetaNZ%:100.0, AdapterΔ/Input:15.03%
Epoch 13/20 | Steps: 1287 | LR: 0.000100 | Train Loss: 0.233519 | Val Loss: 0.265655 | Train Meta: AdapterScaleμ:0.2546, AdapterMetaScaleμ:0.0289, AdapterGateμ:0.1487, AdapterBias|B|μ:39.5730, AdapterMetaOn:1.00, AdapterMetaNZ%:100.0, AdapterΔ/Input:16.93% | Val Meta: AdapterScaleμ:0.2546, AdapterMetaScaleμ:0.0289, AdapterGateμ:0.1487, AdapterBias|B|μ:39.7011, AdapterMetaOn:1.00, AdapterMetaNZ%:100.0, AdapterΔ/Input:15.03%
Epoch 14/20 | Steps: 1287 | LR: 0.000100 | Train Loss: 0.231823 | Val Loss: 0.264351 | Train Meta: AdapterScaleμ:0.2546, AdapterMetaScaleμ:0.0289, AdapterGateμ:0.1487, AdapterBias|B|μ:39.7156, AdapterMetaOn:1.00, AdapterMetaNZ%:100.0, AdapterΔ/Input:16.69% | Val Meta: AdapterScaleμ:0.2546, AdapterMetaScaleμ:0.0289, AdapterGateμ:0.1487, AdapterBias|B|μ:39.7011, AdapterMetaOn:1.00, AdapterMetaNZ%:100.0, AdapterΔ/Input:15.03%
   -> Updated best validation state: val_loss=0.264351 at epoch 14
Epoch 15/20 | Steps: 1287 | LR: 0.000100 | Train Loss: 0.231861 | Val Loss: 0.267581 | Train Meta: AdapterScaleμ:0.2546, AdapterMetaScaleμ:0.0289, AdapterGateμ:0.1487, AdapterBias|B|μ:39.6090, AdapterMetaOn:1.00, AdapterMetaNZ%:100.0, AdapterΔ/Input:16.78% | Val Meta: AdapterScaleμ:0.2546, AdapterMetaScaleμ:0.0289, AdapterGateμ:0.1487, AdapterBias|B|μ:39.7011, AdapterMetaOn:1.00, AdapterMetaNZ%:100.0, AdapterΔ/Input:15.03%
Epoch 16/20 | Steps: 1287 | LR: 0.000100 | Train Loss: 0.230865 | Val Loss: 0.265251 | Train Meta: AdapterScaleμ:0.2546, AdapterMetaScaleμ:0.0289, AdapterGateμ:0.1487, AdapterBias|B|μ:39.8627, AdapterMetaOn:1.00, AdapterMetaNZ%:100.0, AdapterΔ/Input:16.51% | Val Meta: AdapterScaleμ:0.2546, AdapterMetaScaleμ:0.0289, AdapterGateμ:0.1487, AdapterBias|B|μ:39.7011, AdapterMetaOn:1.00, AdapterMetaNZ%:100.0, AdapterΔ/Input:15.03%
Epoch 17/20 | Steps: 1287 | LR: 0.000100 | Train Loss: 0.229610 | Val Loss: 0.269845 | Train Meta: AdapterScaleμ:0.2546, AdapterMetaScaleμ:0.0289, AdapterGateμ:0.1487, AdapterBias|B|μ:39.7349, AdapterMetaOn:1.00, AdapterMetaNZ%:100.0, AdapterΔ/Input:16.86% | Val Meta: AdapterScaleμ:0.2546, AdapterMetaScaleμ:0.0289, AdapterGateμ:0.1487, AdapterBias|B|μ:39.7011, AdapterMetaOn:1.00, AdapterMetaNZ%:100.0, AdapterΔ/Input:15.03%
Epoch 18/20 | Steps: 1287 | LR: 0.000100 | Train Loss: 0.229507 | Val Loss: 0.275450 | Train Meta: AdapterScaleμ:0.2546, AdapterMetaScaleμ:0.0289, AdapterGateμ:0.1487, AdapterBias|B|μ:39.8697, AdapterMetaOn:1.00, AdapterMetaNZ%:100.0, AdapterΔ/Input:16.89% | Val Meta: AdapterScaleμ:0.2546, AdapterMetaScaleμ:0.0289, AdapterGateμ:0.1487, AdapterBias|B|μ:39.7011, AdapterMetaOn:1.00, AdapterMetaNZ%:100.0, AdapterΔ/Input:15.03%
Epoch 19/20 | Steps: 1287 | LR: 0.000100 | Train Loss: 0.228819 | Val Loss: 0.270036 | Train Meta: AdapterScaleμ:0.2546, AdapterMetaScaleμ:0.0289, AdapterGateμ:0.1487, AdapterBias|B|μ:39.6771, AdapterMetaOn:1.00, AdapterMetaNZ%:100.0, AdapterΔ/Input:16.88% | Val Meta: AdapterScaleμ:0.2546, AdapterMetaScaleμ:0.0289, AdapterGateμ:0.1487, AdapterBias|B|μ:39.7011, AdapterMetaOn:1.00, AdapterMetaNZ%:100.0, AdapterΔ/Input:15.03%
Epoch 20/20 | Steps: 1287 | LR: 0.000100 | Train Loss: 0.227885 | Val Loss: 0.266234 | Train Meta: AdapterScaleμ:0.2546, AdapterMetaScaleμ:0.0289, AdapterGateμ:0.1487, AdapterBias|B|μ:39.5368, AdapterMetaOn:1.00, AdapterMetaNZ%:100.0, AdapterΔ/Input:16.64% | Val Meta: AdapterScaleμ:0.2546, AdapterMetaScaleμ:0.0289, AdapterGateμ:0.1487, AdapterBias|B|μ:39.7011, AdapterMetaOn:1.00, AdapterMetaNZ%:100.0, AdapterΔ/Input:15.03%
{'test_mse': 0.324115514755249, 'test_mae': 0.38580894470214844}
Saved best forecasting checkpoint under checkpoints/forecasting_ettm1_96/ettm1_laya_ci_adapter_best.pt
==================================================
🚀 Architecture: LAYA
📊 Target Dataset: ETTm1 (Channels: 7)
📊 Pretrain Info: ETTm1 (Detected Channels: 7)
📊 Prediction Length: 192
==================================================
✅ Loaded pretrained encoder from ./checkpoints/ettm1_laya_ci_adapter/laya_ts_ETTm1_s_best.pt
   - 72/72 keys matched.
ℹ️ Channel Adapter: enabled
   - position: post_encoder, heads: 4, dropout: 0.1, metadata_dropout: 0.0
   - adapter_pretrained: True
📝 metadata: mode=text, fusion=none, relation=none
ℹ️ RevIN: enabled | affine=False | subtract_last=False | eps=1e-05
ℹ️ Metadata Fusion Mode: none
ℹ️ Channel Mixer Relation Mode: none
ℹ️ Encoder Variant: default
ℹ️ Channel Relation Block: disabled
✅ Probing Head [CI, channel-wise]: [B*C, 8192] -> [B, 7, 192]
Epoch 1/20 | Steps: 1284 | LR: 0.000100 | Train Loss: 0.347540 | Val Loss: 0.318403 | Train Meta: AdapterScaleμ:0.2546, AdapterMetaScaleμ:0.0289, AdapterGateμ:0.1487, AdapterBias|B|μ:39.6964, AdapterMetaOn:1.00, AdapterMetaNZ%:100.0, AdapterΔ/Input:16.92% | Val Meta: AdapterScaleμ:0.2546, AdapterMetaScaleμ:0.0289, AdapterGateμ:0.1487, AdapterBias|B|μ:39.7011, AdapterMetaOn:1.00, AdapterMetaNZ%:100.0, AdapterΔ/Input:15.03%
   -> Updated best validation state: val_loss=0.318403 at epoch 1
Epoch 2/20 | Steps: 1284 | LR: 0.000100 | Train Loss: 0.315048 | Val Loss: 0.316208 | Train Meta: AdapterScaleμ:0.2546, AdapterMetaScaleμ:0.0289, AdapterGateμ:0.1487, AdapterBias|B|μ:39.6889, AdapterMetaOn:1.00, AdapterMetaNZ%:100.0, AdapterΔ/Input:17.09% | Val Meta: AdapterScaleμ:0.2546, AdapterMetaScaleμ:0.0289, AdapterGateμ:0.1487, AdapterBias|B|μ:39.7011, AdapterMetaOn:1.00, AdapterMetaNZ%:100.0, AdapterΔ/Input:15.03%
   -> Updated best validation state: val_loss=0.316208 at epoch 2
Epoch 3/20 | Steps: 1284 | LR: 0.000100 | Train Loss: 0.305485 | Val Loss: 0.313961 | Train Meta: AdapterScaleμ:0.2546, AdapterMetaScaleμ:0.0289, AdapterGateμ:0.1487, AdapterBias|B|μ:39.7131, AdapterMetaOn:1.00, AdapterMetaNZ%:100.0, AdapterΔ/Input:16.85% | Val Meta: AdapterScaleμ:0.2546, AdapterMetaScaleμ:0.0289, AdapterGateμ:0.1487, AdapterBias|B|μ:39.7011, AdapterMetaOn:1.00, AdapterMetaNZ%:100.0, AdapterΔ/Input:15.03%
   -> Updated best validation state: val_loss=0.313961 at epoch 3
Epoch 4/20 | Steps: 1284 | LR: 0.000100 | Train Loss: 0.299440 | Val Loss: 0.310247 | Train Meta: AdapterScaleμ:0.2546, AdapterMetaScaleμ:0.0289, AdapterGateμ:0.1487, AdapterBias|B|μ:39.6733, AdapterMetaOn:1.00, AdapterMetaNZ%:100.0, AdapterΔ/Input:16.91% | Val Meta: AdapterScaleμ:0.2546, AdapterMetaScaleμ:0.0289, AdapterGateμ:0.1487, AdapterBias|B|μ:39.7011, AdapterMetaOn:1.00, AdapterMetaNZ%:100.0, AdapterΔ/Input:15.03%
   -> Updated best validation state: val_loss=0.310247 at epoch 4
Epoch 5/20 | Steps: 1284 | LR: 0.000100 | Train Loss: 0.295490 | Val Loss: 0.306531 | Train Meta: AdapterScaleμ:0.2546, AdapterMetaScaleμ:0.0289, AdapterGateμ:0.1487, AdapterBias|B|μ:39.6341, AdapterMetaOn:1.00, AdapterMetaNZ%:100.0, AdapterΔ/Input:16.50% | Val Meta: AdapterScaleμ:0.2546, AdapterMetaScaleμ:0.0289, AdapterGateμ:0.1487, AdapterBias|B|μ:39.7011, AdapterMetaOn:1.00, AdapterMetaNZ%:100.0, AdapterΔ/Input:15.03%
   -> Updated best validation state: val_loss=0.306531 at epoch 5
Epoch 6/20 | Steps: 1284 | LR: 0.000100 | Train Loss: 0.291946 | Val Loss: 0.313343 | Train Meta: AdapterScaleμ:0.2546, AdapterMetaScaleμ:0.0289, AdapterGateμ:0.1487, AdapterBias|B|μ:39.7532, AdapterMetaOn:1.00, AdapterMetaNZ%:100.0, AdapterΔ/Input:16.81% | Val Meta: AdapterScaleμ:0.2546, AdapterMetaScaleμ:0.0289, AdapterGateμ:0.1487, AdapterBias|B|μ:39.7011, AdapterMetaOn:1.00, AdapterMetaNZ%:100.0, AdapterΔ/Input:15.03%
Epoch 7/20 | Steps: 1284 | LR: 0.000100 | Train Loss: 0.289390 | Val Loss: 0.306520 | Train Meta: AdapterScaleμ:0.2546, AdapterMetaScaleμ:0.0289, AdapterGateμ:0.1487, AdapterBias|B|μ:39.6327, AdapterMetaOn:1.00, AdapterMetaNZ%:100.0, AdapterΔ/Input:16.78% | Val Meta: AdapterScaleμ:0.2546, AdapterMetaScaleμ:0.0289, AdapterGateμ:0.1487, AdapterBias|B|μ:39.7011, AdapterMetaOn:1.00, AdapterMetaNZ%:100.0, AdapterΔ/Input:15.03%
   -> Updated best validation state: val_loss=0.306520 at epoch 7
Epoch 8/20 | Steps: 1284 | LR: 0.000100 | Train Loss: 0.287498 | Val Loss: 0.307614 | Train Meta: AdapterScaleμ:0.2546, AdapterMetaScaleμ:0.0289, AdapterGateμ:0.1487, AdapterBias|B|μ:39.8362, AdapterMetaOn:1.00, AdapterMetaNZ%:100.0, AdapterΔ/Input:16.57% | Val Meta: AdapterScaleμ:0.2546, AdapterMetaScaleμ:0.0289, AdapterGateμ:0.1487, AdapterBias|B|μ:39.7011, AdapterMetaOn:1.00, AdapterMetaNZ%:100.0, AdapterΔ/Input:15.03%
Epoch 9/20 | Steps: 1284 | LR: 0.000100 | Train Loss: 0.285710 | Val Loss: 0.307080 | Train Meta: AdapterScaleμ:0.2546, AdapterMetaScaleμ:0.0289, AdapterGateμ:0.1487, AdapterBias|B|μ:39.7142, AdapterMetaOn:1.00, AdapterMetaNZ%:100.0, AdapterΔ/Input:16.49% | Val Meta: AdapterScaleμ:0.2546, AdapterMetaScaleμ:0.0289, AdapterGateμ:0.1487, AdapterBias|B|μ:39.7011, AdapterMetaOn:1.00, AdapterMetaNZ%:100.0, AdapterΔ/Input:15.03%
Epoch 10/20 | Steps: 1284 | LR: 0.000100 | Train Loss: 0.284089 | Val Loss: 0.305785 | Train Meta: AdapterScaleμ:0.2546, AdapterMetaScaleμ:0.0289, AdapterGateμ:0.1487, AdapterBias|B|μ:39.6516, AdapterMetaOn:1.00, AdapterMetaNZ%:100.0, AdapterΔ/Input:16.94% | Val Meta: AdapterScaleμ:0.2546, AdapterMetaScaleμ:0.0289, AdapterGateμ:0.1487, AdapterBias|B|μ:39.7011, AdapterMetaOn:1.00, AdapterMetaNZ%:100.0, AdapterΔ/Input:15.03%
   -> Updated best validation state: val_loss=0.305785 at epoch 10
Epoch 11/20 | Steps: 1284 | LR: 0.000100 | Train Loss: 0.282573 | Val Loss: 0.307754 | Train Meta: AdapterScaleμ:0.2546, AdapterMetaScaleμ:0.0289, AdapterGateμ:0.1487, AdapterBias|B|μ:39.6275, AdapterMetaOn:1.00, AdapterMetaNZ%:100.0, AdapterΔ/Input:16.68% | Val Meta: AdapterScaleμ:0.2546, AdapterMetaScaleμ:0.0289, AdapterGateμ:0.1487, AdapterBias|B|μ:39.7011, AdapterMetaOn:1.00, AdapterMetaNZ%:100.0, AdapterΔ/Input:15.03%
Epoch 12/20 | Steps: 1284 | LR: 0.000100 | Train Loss: 0.281542 | Val Loss: 0.315185 | Train Meta: AdapterScaleμ:0.2546, AdapterMetaScaleμ:0.0289, AdapterGateμ:0.1487, AdapterBias|B|μ:39.6374, AdapterMetaOn:1.00, AdapterMetaNZ%:100.0, AdapterΔ/Input:16.73% | Val Meta: AdapterScaleμ:0.2546, AdapterMetaScaleμ:0.0289, AdapterGateμ:0.1487, AdapterBias|B|μ:39.7011, AdapterMetaOn:1.00, AdapterMetaNZ%:100.0, AdapterΔ/Input:15.03%
Epoch 13/20 | Steps: 1284 | LR: 0.000100 | Train Loss: 0.280894 | Val Loss: 0.306009 | Train Meta: AdapterScaleμ:0.2546, AdapterMetaScaleμ:0.0289, AdapterGateμ:0.1487, AdapterBias|B|μ:39.6757, AdapterMetaOn:1.00, AdapterMetaNZ%:100.0, AdapterΔ/Input:16.80% | Val Meta: AdapterScaleμ:0.2546, AdapterMetaScaleμ:0.0289, AdapterGateμ:0.1487, AdapterBias|B|μ:39.7011, AdapterMetaOn:1.00, AdapterMetaNZ%:100.0, AdapterΔ/Input:15.03%
Epoch 14/20 | Steps: 1284 | LR: 0.000100 | Train Loss: 0.279233 | Val Loss: 0.306378 | Train Meta: AdapterScaleμ:0.2546, AdapterMetaScaleμ:0.0289, AdapterGateμ:0.1487, AdapterBias|B|μ:39.7124, AdapterMetaOn:1.00, AdapterMetaNZ%:100.0, AdapterΔ/Input:16.77% | Val Meta: AdapterScaleμ:0.2546, AdapterMetaScaleμ:0.0289, AdapterGateμ:0.1487, AdapterBias|B|μ:39.7011, AdapterMetaOn:1.00, AdapterMetaNZ%:100.0, AdapterΔ/Input:15.03%
Epoch 15/20 | Steps: 1284 | LR: 0.000100 | Train Loss: 0.278619 | Val Loss: 0.303741 | Train Meta: AdapterScaleμ:0.2546, AdapterMetaScaleμ:0.0289, AdapterGateμ:0.1487, AdapterBias|B|μ:39.7201, AdapterMetaOn:1.00, AdapterMetaNZ%:100.0, AdapterΔ/Input:16.72% | Val Meta: AdapterScaleμ:0.2546, AdapterMetaScaleμ:0.0289, AdapterGateμ:0.1487, AdapterBias|B|μ:39.7011, AdapterMetaOn:1.00, AdapterMetaNZ%:100.0, AdapterΔ/Input:15.03%
   -> Updated best validation state: val_loss=0.303741 at epoch 15
Epoch 16/20 | Steps: 1284 | LR: 0.000100 | Train Loss: 0.278042 | Val Loss: 0.305497 | Train Meta: AdapterScaleμ:0.2546, AdapterMetaScaleμ:0.0289, AdapterGateμ:0.1487, AdapterBias|B|μ:39.7305, AdapterMetaOn:1.00, AdapterMetaNZ%:100.0, AdapterΔ/Input:16.60% | Val Meta: AdapterScaleμ:0.2546, AdapterMetaScaleμ:0.0289, AdapterGateμ:0.1487, AdapterBias|B|μ:39.7011, AdapterMetaOn:1.00, AdapterMetaNZ%:100.0, AdapterΔ/Input:15.03%
Epoch 17/20 | Steps: 1284 | LR: 0.000100 | Train Loss: 0.277135 | Val Loss: 0.305258 | Train Meta: AdapterScaleμ:0.2546, AdapterMetaScaleμ:0.0289, AdapterGateμ:0.1487, AdapterBias|B|μ:39.5939, AdapterMetaOn:1.00, AdapterMetaNZ%:100.0, AdapterΔ/Input:16.96% | Val Meta: AdapterScaleμ:0.2546, AdapterMetaScaleμ:0.0289, AdapterGateμ:0.1487, AdapterBias|B|μ:39.7011, AdapterMetaOn:1.00, AdapterMetaNZ%:100.0, AdapterΔ/Input:15.03%
Epoch 18/20 | Steps: 1284 | LR: 0.000100 | Train Loss: 0.276087 | Val Loss: 0.309209 | Train Meta: AdapterScaleμ:0.2546, AdapterMetaScaleμ:0.0289, AdapterGateμ:0.1487, AdapterBias|B|μ:39.6274, AdapterMetaOn:1.00, AdapterMetaNZ%:100.0, AdapterΔ/Input:17.03% | Val Meta: AdapterScaleμ:0.2546, AdapterMetaScaleμ:0.0289, AdapterGateμ:0.1487, AdapterBias|B|μ:39.7011, AdapterMetaOn:1.00, AdapterMetaNZ%:100.0, AdapterΔ/Input:15.03%
Epoch 19/20 | Steps: 1284 | LR: 0.000100 | Train Loss: 0.276191 | Val Loss: 0.305203 | Train Meta: AdapterScaleμ:0.2546, AdapterMetaScaleμ:0.0289, AdapterGateμ:0.1487, AdapterBias|B|μ:39.6714, AdapterMetaOn:1.00, AdapterMetaNZ%:100.0, AdapterΔ/Input:16.91% | Val Meta: AdapterScaleμ:0.2546, AdapterMetaScaleμ:0.0289, AdapterGateμ:0.1487, AdapterBias|B|μ:39.7011, AdapterMetaOn:1.00, AdapterMetaNZ%:100.0, AdapterΔ/Input:15.03%
Epoch 20/20 | Steps: 1284 | LR: 0.000100 | Train Loss: 0.275300 | Val Loss: 0.308052 | Train Meta: AdapterScaleμ:0.2546, AdapterMetaScaleμ:0.0289, AdapterGateμ:0.1487, AdapterBias|B|μ:39.6573, AdapterMetaOn:1.00, AdapterMetaNZ%:100.0, AdapterΔ/Input:16.78% | Val Meta: AdapterScaleμ:0.2546, AdapterMetaScaleμ:0.0289, AdapterGateμ:0.1487, AdapterBias|B|μ:39.7011, AdapterMetaOn:1.00, AdapterMetaNZ%:100.0, AdapterΔ/Input:15.03%
{'test_mse': 0.36722883582115173, 'test_mae': 0.4122298061847687}
Saved best forecasting checkpoint under checkpoints/forecasting_ettm1_192/ettm1_laya_ci_adapter_best.pt
==================================================
🚀 Architecture: LAYA
📊 Target Dataset: ETTm1 (Channels: 7)
📊 Pretrain Info: ETTm1 (Detected Channels: 7)
📊 Prediction Length: 336
==================================================
✅ Loaded pretrained encoder from ./checkpoints/ettm1_laya_ci_adapter/laya_ts_ETTm1_s_best.pt
   - 72/72 keys matched.
ℹ️ Channel Adapter: enabled
   - position: post_encoder, heads: 4, dropout: 0.1, metadata_dropout: 0.0
   - adapter_pretrained: True
📝 metadata: mode=text, fusion=none, relation=none
ℹ️ RevIN: enabled | affine=False | subtract_last=False | eps=1e-05
ℹ️ Metadata Fusion Mode: none
ℹ️ Channel Mixer Relation Mode: none
ℹ️ Encoder Variant: default
ℹ️ Channel Relation Block: disabled
✅ Probing Head [CI, channel-wise]: [B*C, 8192] -> [B, 7, 336]
Epoch 1/20 | Steps: 1280 | LR: 0.000100 | Train Loss: 0.393991 | Val Loss: 0.369108 | Train Meta: AdapterScaleμ:0.2546, AdapterMetaScaleμ:0.0289, AdapterGateμ:0.1487, AdapterBias|B|μ:39.6964, AdapterMetaOn:1.00, AdapterMetaNZ%:100.0, AdapterΔ/Input:16.84% | Val Meta: AdapterScaleμ:0.2546, AdapterMetaScaleμ:0.0289, AdapterGateμ:0.1487, AdapterBias|B|μ:39.7011, AdapterMetaOn:1.00, AdapterMetaNZ%:100.0, AdapterΔ/Input:15.03%
   -> Updated best validation state: val_loss=0.369108 at epoch 1
Epoch 2/20 | Steps: 1280 | LR: 0.000100 | Train Loss: 0.363857 | Val Loss: 0.359341 | Train Meta: AdapterScaleμ:0.2546, AdapterMetaScaleμ:0.0289, AdapterGateμ:0.1487, AdapterBias|B|μ:39.7913, AdapterMetaOn:1.00, AdapterMetaNZ%:100.0, AdapterΔ/Input:16.81% | Val Meta: AdapterScaleμ:0.2546, AdapterMetaScaleμ:0.0289, AdapterGateμ:0.1487, AdapterBias|B|μ:39.7011, AdapterMetaOn:1.00, AdapterMetaNZ%:100.0, AdapterΔ/Input:15.03%
   -> Updated best validation state: val_loss=0.359341 at epoch 2
Epoch 3/20 | Steps: 1280 | LR: 0.000100 | Train Loss: 0.355533 | Val Loss: 0.369108 | Train Meta: AdapterScaleμ:0.2546, AdapterMetaScaleμ:0.0289, AdapterGateμ:0.1487, AdapterBias|B|μ:39.7216, AdapterMetaOn:1.00, AdapterMetaNZ%:100.0, AdapterΔ/Input:16.68% | Val Meta: AdapterScaleμ:0.2546, AdapterMetaScaleμ:0.0289, AdapterGateμ:0.1487, AdapterBias|B|μ:39.7011, AdapterMetaOn:1.00, AdapterMetaNZ%:100.0, AdapterΔ/Input:15.03%
Epoch 4/20 | Steps: 1280 | LR: 0.000100 | Train Loss: 0.350360 | Val Loss: 0.348064 | Train Meta: AdapterScaleμ:0.2546, AdapterMetaScaleμ:0.0289, AdapterGateμ:0.1487, AdapterBias|B|μ:39.6487, AdapterMetaOn:1.00, AdapterMetaNZ%:100.0, AdapterΔ/Input:17.03% | Val Meta: AdapterScaleμ:0.2546, AdapterMetaScaleμ:0.0289, AdapterGateμ:0.1487, AdapterBias|B|μ:39.7011, AdapterMetaOn:1.00, AdapterMetaNZ%:100.0, AdapterΔ/Input:15.03%
   -> Updated best validation state: val_loss=0.348064 at epoch 4
Epoch 5/20 | Steps: 1280 | LR: 0.000100 | Train Loss: 0.345527 | Val Loss: 0.346114 | Train Meta: AdapterScaleμ:0.2546, AdapterMetaScaleμ:0.0289, AdapterGateμ:0.1487, AdapterBias|B|μ:39.6733, AdapterMetaOn:1.00, AdapterMetaNZ%:100.0, AdapterΔ/Input:16.54% | Val Meta: AdapterScaleμ:0.2546, AdapterMetaScaleμ:0.0289, AdapterGateμ:0.1487, AdapterBias|B|μ:39.7011, AdapterMetaOn:1.00, AdapterMetaNZ%:100.0, AdapterΔ/Input:15.03%
   -> Updated best validation state: val_loss=0.346114 at epoch 5
Epoch 6/20 | Steps: 1280 | LR: 0.000100 | Train Loss: 0.343131 | Val Loss: 0.346455 | Train Meta: AdapterScaleμ:0.2546, AdapterMetaScaleμ:0.0289, AdapterGateμ:0.1487, AdapterBias|B|μ:39.6142, AdapterMetaOn:1.00, AdapterMetaNZ%:100.0, AdapterΔ/Input:16.74% | Val Meta: AdapterScaleμ:0.2546, AdapterMetaScaleμ:0.0289, AdapterGateμ:0.1487, AdapterBias|B|μ:39.7011, AdapterMetaOn:1.00, AdapterMetaNZ%:100.0, AdapterΔ/Input:15.03%
Epoch 7/20 | Steps: 1280 | LR: 0.000100 | Train Loss: 0.340195 | Val Loss: 0.348922 | Train Meta: AdapterScaleμ:0.2546, AdapterMetaScaleμ:0.0289, AdapterGateμ:0.1487, AdapterBias|B|μ:39.6517, AdapterMetaOn:1.00, AdapterMetaNZ%:100.0, AdapterΔ/Input:16.72% | Val Meta: AdapterScaleμ:0.2546, AdapterMetaScaleμ:0.0289, AdapterGateμ:0.1487, AdapterBias|B|μ:39.7011, AdapterMetaOn:1.00, AdapterMetaNZ%:100.0, AdapterΔ/Input:15.03%
Epoch 8/20 | Steps: 1280 | LR: 0.000100 | Train Loss: 0.338571 | Val Loss: 0.351729 | Train Meta: AdapterScaleμ:0.2546, AdapterMetaScaleμ:0.0289, AdapterGateμ:0.1487, AdapterBias|B|μ:39.7525, AdapterMetaOn:1.00, AdapterMetaNZ%:100.0, AdapterΔ/Input:16.69% | Val Meta: AdapterScaleμ:0.2546, AdapterMetaScaleμ:0.0289, AdapterGateμ:0.1487, AdapterBias|B|μ:39.7011, AdapterMetaOn:1.00, AdapterMetaNZ%:100.0, AdapterΔ/Input:15.03%
Epoch 9/20 | Steps: 1280 | LR: 0.000100 | Train Loss: 0.336378 | Val Loss: 0.347521 | Train Meta: AdapterScaleμ:0.2546, AdapterMetaScaleμ:0.0289, AdapterGateμ:0.1487, AdapterBias|B|μ:39.7078, AdapterMetaOn:1.00, AdapterMetaNZ%:100.0, AdapterΔ/Input:17.34% | Val Meta: AdapterScaleμ:0.2546, AdapterMetaScaleμ:0.0289, AdapterGateμ:0.1487, AdapterBias|B|μ:39.7011, AdapterMetaOn:1.00, AdapterMetaNZ%:100.0, AdapterΔ/Input:15.03%
Epoch 10/20 | Steps: 1280 | LR: 0.000100 | Train Loss: 0.335315 | Val Loss: 0.349860 | Train Meta: AdapterScaleμ:0.2546, AdapterMetaScaleμ:0.0289, AdapterGateμ:0.1487, AdapterBias|B|μ:39.5818, AdapterMetaOn:1.00, AdapterMetaNZ%:100.0, AdapterΔ/Input:16.67% | Val Meta: AdapterScaleμ:0.2546, AdapterMetaScaleμ:0.0289, AdapterGateμ:0.1487, AdapterBias|B|μ:39.7011, AdapterMetaOn:1.00, AdapterMetaNZ%:100.0, AdapterΔ/Input:15.03%
Epoch 11/20 | Steps: 1280 | LR: 0.000100 | Train Loss: 0.333343 | Val Loss: 0.353722 | Train Meta: AdapterScaleμ:0.2546, AdapterMetaScaleμ:0.0289, AdapterGateμ:0.1487, AdapterBias|B|μ:39.6342, AdapterMetaOn:1.00, AdapterMetaNZ%:100.0, AdapterΔ/Input:17.15% | Val Meta: AdapterScaleμ:0.2546, AdapterMetaScaleμ:0.0289, AdapterGateμ:0.1487, AdapterBias|B|μ:39.7011, AdapterMetaOn:1.00, AdapterMetaNZ%:100.0, AdapterΔ/Input:15.03%
Epoch 12/20 | Steps: 1280 | LR: 0.000100 | Train Loss: 0.332565 | Val Loss: 0.349292 | Train Meta: AdapterScaleμ:0.2546, AdapterMetaScaleμ:0.0289, AdapterGateμ:0.1487, AdapterBias|B|μ:39.4959, AdapterMetaOn:1.00, AdapterMetaNZ%:100.0, AdapterΔ/Input:16.87% | Val Meta: AdapterScaleμ:0.2546, AdapterMetaScaleμ:0.0289, AdapterGateμ:0.1487, AdapterBias|B|μ:39.7011, AdapterMetaOn:1.00, AdapterMetaNZ%:100.0, AdapterΔ/Input:15.03%
Epoch 13/20 | Steps: 1280 | LR: 0.000100 | Train Loss: 0.331196 | Val Loss: 0.354007 | Train Meta: AdapterScaleμ:0.2546, AdapterMetaScaleμ:0.0289, AdapterGateμ:0.1487, AdapterBias|B|μ:39.7749, AdapterMetaOn:1.00, AdapterMetaNZ%:100.0, AdapterΔ/Input:16.92% | Val Meta: AdapterScaleμ:0.2546, AdapterMetaScaleμ:0.0289, AdapterGateμ:0.1487, AdapterBias|B|μ:39.7011, AdapterMetaOn:1.00, AdapterMetaNZ%:100.0, AdapterΔ/Input:15.03%
Epoch 14/20 | Steps: 1280 | LR: 0.000100 | Train Loss: 0.330151 | Val Loss: 0.349513 | Train Meta: AdapterScaleμ:0.2546, AdapterMetaScaleμ:0.0289, AdapterGateμ:0.1487, AdapterBias|B|μ:39.7612, AdapterMetaOn:1.00, AdapterMetaNZ%:100.0, AdapterΔ/Input:17.05% | Val Meta: AdapterScaleμ:0.2546, AdapterMetaScaleμ:0.0289, AdapterGateμ:0.1487, AdapterBias|B|μ:39.7011, AdapterMetaOn:1.00, AdapterMetaNZ%:100.0, AdapterΔ/Input:15.03%
Epoch 15/20 | Steps: 1280 | LR: 0.000100 | Train Loss: 0.329715 | Val Loss: 0.351875 | Train Meta: AdapterScaleμ:0.2546, AdapterMetaScaleμ:0.0289, AdapterGateμ:0.1487, AdapterBias|B|μ:39.6459, AdapterMetaOn:1.00, AdapterMetaNZ%:100.0, AdapterΔ/Input:16.96% | Val Meta: AdapterScaleμ:0.2546, AdapterMetaScaleμ:0.0289, AdapterGateμ:0.1487, AdapterBias|B|μ:39.7011, AdapterMetaOn:1.00, AdapterMetaNZ%:100.0, AdapterΔ/Input:15.03%
Epoch 16/20 | Steps: 1280 | LR: 0.000100 | Train Loss: 0.328040 | Val Loss: 0.347375 | Train Meta: AdapterScaleμ:0.2546, AdapterMetaScaleμ:0.0289, AdapterGateμ:0.1487, AdapterBias|B|μ:39.7965, AdapterMetaOn:1.00, AdapterMetaNZ%:100.0, AdapterΔ/Input:16.72% | Val Meta: AdapterScaleμ:0.2546, AdapterMetaScaleμ:0.0289, AdapterGateμ:0.1487, AdapterBias|B|μ:39.7011, AdapterMetaOn:1.00, AdapterMetaNZ%:100.0, AdapterΔ/Input:15.03%
Epoch 17/20 | Steps: 1280 | LR: 0.000100 | Train Loss: 0.327650 | Val Loss: 0.347520 | Train Meta: AdapterScaleμ:0.2546, AdapterMetaScaleμ:0.0289, AdapterGateμ:0.1487, AdapterBias|B|μ:39.7186, AdapterMetaOn:1.00, AdapterMetaNZ%:100.0, AdapterΔ/Input:16.66% | Val Meta: AdapterScaleμ:0.2546, AdapterMetaScaleμ:0.0289, AdapterGateμ:0.1487, AdapterBias|B|μ:39.7011, AdapterMetaOn:1.00, AdapterMetaNZ%:100.0, AdapterΔ/Input:15.03%
Epoch 18/20 | Steps: 1280 | LR: 0.000100 | Train Loss: 0.327330 | Val Loss: 0.348565 | Train Meta: AdapterScaleμ:0.2546, AdapterMetaScaleμ:0.0289, AdapterGateμ:0.1487, AdapterBias|B|μ:39.7877, AdapterMetaOn:1.00, AdapterMetaNZ%:100.0, AdapterΔ/Input:16.96% | Val Meta: AdapterScaleμ:0.2546, AdapterMetaScaleμ:0.0289, AdapterGateμ:0.1487, AdapterBias|B|μ:39.7011, AdapterMetaOn:1.00, AdapterMetaNZ%:100.0, AdapterΔ/Input:15.03%
Epoch 19/20 | Steps: 1280 | LR: 0.000100 | Train Loss: 0.326563 | Val Loss: 0.353647 | Train Meta: AdapterScaleμ:0.2546, AdapterMetaScaleμ:0.0289, AdapterGateμ:0.1487, AdapterBias|B|μ:39.7316, AdapterMetaOn:1.00, AdapterMetaNZ%:100.0, AdapterΔ/Input:16.82% | Val Meta: AdapterScaleμ:0.2546, AdapterMetaScaleμ:0.0289, AdapterGateμ:0.1487, AdapterBias|B|μ:39.7011, AdapterMetaOn:1.00, AdapterMetaNZ%:100.0, AdapterΔ/Input:15.03%
Epoch 20/20 | Steps: 1280 | LR: 0.000100 | Train Loss: 0.325862 | Val Loss: 0.353817 | Train Meta: AdapterScaleμ:0.2546, AdapterMetaScaleμ:0.0289, AdapterGateμ:0.1487, AdapterBias|B|μ:39.6439, AdapterMetaOn:1.00, AdapterMetaNZ%:100.0, AdapterΔ/Input:17.03% | Val Meta: AdapterScaleμ:0.2546, AdapterMetaScaleμ:0.0289, AdapterGateμ:0.1487, AdapterBias|B|μ:39.7011, AdapterMetaOn:1.00, AdapterMetaNZ%:100.0, AdapterΔ/Input:15.03%
{'test_mse': 0.4217650890350342, 'test_mae': 0.44727835059165955}
Saved best forecasting checkpoint under checkpoints/forecasting_ettm1_336/ettm1_laya_ci_adapter_best.pt
==================================================
🚀 Architecture: LAYA
📊 Target Dataset: ETTm1 (Channels: 7)
📊 Pretrain Info: ETTm1 (Detected Channels: 7)
📊 Prediction Length: 720
==================================================
✅ Loaded pretrained encoder from ./checkpoints/ettm1_laya_ci_adapter/laya_ts_ETTm1_s_best.pt
   - 72/72 keys matched.
ℹ️ Channel Adapter: enabled
   - position: post_encoder, heads: 4, dropout: 0.1, metadata_dropout: 0.0
   - adapter_pretrained: True
📝 metadata: mode=text, fusion=none, relation=none
ℹ️ RevIN: enabled | affine=False | subtract_last=False | eps=1e-05
ℹ️ Metadata Fusion Mode: none
ℹ️ Channel Mixer Relation Mode: none
ℹ️ Encoder Variant: default
ℹ️ Channel Relation Block: disabled
✅ Probing Head [CI, channel-wise]: [B*C, 8192] -> [B, 7, 720]
Epoch 1/20 | Steps: 1268 | LR: 0.000100 | Train Loss: 0.479943 | Val Loss: 0.434929 | Train Meta: AdapterScaleμ:0.2546, AdapterMetaScaleμ:0.0289, AdapterGateμ:0.1487, AdapterBias|B|μ:39.6964, AdapterMetaOn:1.00, AdapterMetaNZ%:100.0, AdapterΔ/Input:16.99% | Val Meta: AdapterScaleμ:0.2546, AdapterMetaScaleμ:0.0289, AdapterGateμ:0.1487, AdapterBias|B|μ:39.7011, AdapterMetaOn:1.00, AdapterMetaNZ%:100.0, AdapterΔ/Input:15.03%
   -> Updated best validation state: val_loss=0.434929 at epoch 1
Epoch 2/20 | Steps: 1268 | LR: 0.000100 | Train Loss: 0.452363 | Val Loss: 0.410483 | Train Meta: AdapterScaleμ:0.2546, AdapterMetaScaleμ:0.0289, AdapterGateμ:0.1487, AdapterBias|B|μ:39.7357, AdapterMetaOn:1.00, AdapterMetaNZ%:100.0, AdapterΔ/Input:16.79% | Val Meta: AdapterScaleμ:0.2546, AdapterMetaScaleμ:0.0289, AdapterGateμ:0.1487, AdapterBias|B|μ:39.7011, AdapterMetaOn:1.00, AdapterMetaNZ%:100.0, AdapterΔ/Input:15.03%
   -> Updated best validation state: val_loss=0.410483 at epoch 2
Epoch 3/20 | Steps: 1268 | LR: 0.000100 | Train Loss: 0.443479 | Val Loss: 0.427423 | Train Meta: AdapterScaleμ:0.2546, AdapterMetaScaleμ:0.0289, AdapterGateμ:0.1487, AdapterBias|B|μ:39.8786, AdapterMetaOn:1.00, AdapterMetaNZ%:100.0, AdapterΔ/Input:16.78% | Val Meta: AdapterScaleμ:0.2546, AdapterMetaScaleμ:0.0289, AdapterGateμ:0.1487, AdapterBias|B|μ:39.7011, AdapterMetaOn:1.00, AdapterMetaNZ%:100.0, AdapterΔ/Input:15.03%
Epoch 4/20 | Steps: 1268 | LR: 0.000100 | Train Loss: 0.438510 | Val Loss: 0.407665 | Train Meta: AdapterScaleμ:0.2546, AdapterMetaScaleμ:0.0289, AdapterGateμ:0.1487, AdapterBias|B|μ:39.7164, AdapterMetaOn:1.00, AdapterMetaNZ%:100.0, AdapterΔ/Input:16.99% | Val Meta: AdapterScaleμ:0.2546, AdapterMetaScaleμ:0.0289, AdapterGateμ:0.1487, AdapterBias|B|μ:39.7011, AdapterMetaOn:1.00, AdapterMetaNZ%:100.0, AdapterΔ/Input:15.03%
   -> Updated best validation state: val_loss=0.407665 at epoch 4
Epoch 5/20 | Steps: 1268 | LR: 0.000100 | Train Loss: 0.434155 | Val Loss: 0.424732 | Train Meta: AdapterScaleμ:0.2546, AdapterMetaScaleμ:0.0289, AdapterGateμ:0.1487, AdapterBias|B|μ:39.7880, AdapterMetaOn:1.00, AdapterMetaNZ%:100.0, AdapterΔ/Input:16.94% | Val Meta: AdapterScaleμ:0.2546, AdapterMetaScaleμ:0.0289, AdapterGateμ:0.1487, AdapterBias|B|μ:39.7011, AdapterMetaOn:1.00, AdapterMetaNZ%:100.0, AdapterΔ/Input:15.03%
Epoch 6/20 | Steps: 1268 | LR: 0.000100 | Train Loss: 0.430652 | Val Loss: 0.407630 | Train Meta: AdapterScaleμ:0.2546, AdapterMetaScaleμ:0.0289, AdapterGateμ:0.1487, AdapterBias|B|μ:39.8731, AdapterMetaOn:1.00, AdapterMetaNZ%:100.0, AdapterΔ/Input:16.76% | Val Meta: AdapterScaleμ:0.2546, AdapterMetaScaleμ:0.0289, AdapterGateμ:0.1487, AdapterBias|B|μ:39.7011, AdapterMetaOn:1.00, AdapterMetaNZ%:100.0, AdapterΔ/Input:15.03%
   -> Updated best validation state: val_loss=0.407630 at epoch 6
Epoch 7/20 | Steps: 1268 | LR: 0.000100 | Train Loss: 0.428595 | Val Loss: 0.408677 | Train Meta: AdapterScaleμ:0.2546, AdapterMetaScaleμ:0.0289, AdapterGateμ:0.1487, AdapterBias|B|μ:39.8321, AdapterMetaOn:1.00, AdapterMetaNZ%:100.0, AdapterΔ/Input:16.96% | Val Meta: AdapterScaleμ:0.2546, AdapterMetaScaleμ:0.0289, AdapterGateμ:0.1487, AdapterBias|B|μ:39.7011, AdapterMetaOn:1.00, AdapterMetaNZ%:100.0, AdapterΔ/Input:15.03%
Epoch 8/20 | Steps: 1268 | LR: 0.000100 | Train Loss: 0.426504 | Val Loss: 0.404219 | Train Meta: AdapterScaleμ:0.2546, AdapterMetaScaleμ:0.0289, AdapterGateμ:0.1487, AdapterBias|B|μ:39.6427, AdapterMetaOn:1.00, AdapterMetaNZ%:100.0, AdapterΔ/Input:16.72% | Val Meta: AdapterScaleμ:0.2546, AdapterMetaScaleμ:0.0289, AdapterGateμ:0.1487, AdapterBias|B|μ:39.7011, AdapterMetaOn:1.00, AdapterMetaNZ%:100.0, AdapterΔ/Input:15.03%
   -> Updated best validation state: val_loss=0.404219 at epoch 8
Epoch 9/20 | Steps: 1268 | LR: 0.000100 | Train Loss: 0.424186 | Val Loss: 0.410726 | Train Meta: AdapterScaleμ:0.2546, AdapterMetaScaleμ:0.0289, AdapterGateμ:0.1487, AdapterBias|B|μ:39.8132, AdapterMetaOn:1.00, AdapterMetaNZ%:100.0, AdapterΔ/Input:16.62% | Val Meta: AdapterScaleμ:0.2546, AdapterMetaScaleμ:0.0289, AdapterGateμ:0.1487, AdapterBias|B|μ:39.7011, AdapterMetaOn:1.00, AdapterMetaNZ%:100.0, AdapterΔ/Input:15.03%
Epoch 10/20 | Steps: 1268 | LR: 0.000100 | Train Loss: 0.422522 | Val Loss: 0.408488 | Train Meta: AdapterScaleμ:0.2546, AdapterMetaScaleμ:0.0289, AdapterGateμ:0.1487, AdapterBias|B|μ:39.5867, AdapterMetaOn:1.00, AdapterMetaNZ%:100.0, AdapterΔ/Input:16.87% | Val Meta: AdapterScaleμ:0.2546, AdapterMetaScaleμ:0.0289, AdapterGateμ:0.1487, AdapterBias|B|μ:39.7011, AdapterMetaOn:1.00, AdapterMetaNZ%:100.0, AdapterΔ/Input:15.03%
Epoch 11/20 | Steps: 1268 | LR: 0.000100 | Train Loss: 0.421302 | Val Loss: 0.411304 | Train Meta: AdapterScaleμ:0.2546, AdapterMetaScaleμ:0.0289, AdapterGateμ:0.1487, AdapterBias|B|μ:39.6903, AdapterMetaOn:1.00, AdapterMetaNZ%:100.0, AdapterΔ/Input:16.62% | Val Meta: AdapterScaleμ:0.2546, AdapterMetaScaleμ:0.0289, AdapterGateμ:0.1487, AdapterBias|B|μ:39.7011, AdapterMetaOn:1.00, AdapterMetaNZ%:100.0, AdapterΔ/Input:15.03%
Epoch 12/20 | Steps: 1268 | LR: 0.000100 | Train Loss: 0.419282 | Val Loss: 0.429796 | Train Meta: AdapterScaleμ:0.2546, AdapterMetaScaleμ:0.0289, AdapterGateμ:0.1487, AdapterBias|B|μ:39.6945, AdapterMetaOn:1.00, AdapterMetaNZ%:100.0, AdapterΔ/Input:16.75% | Val Meta: AdapterScaleμ:0.2546, AdapterMetaScaleμ:0.0289, AdapterGateμ:0.1487, AdapterBias|B|μ:39.7011, AdapterMetaOn:1.00, AdapterMetaNZ%:100.0, AdapterΔ/Input:15.03%
Epoch 13/20 | Steps: 1268 | LR: 0.000100 | Train Loss: 0.418320 | Val Loss: 0.414481 | Train Meta: AdapterScaleμ:0.2546, AdapterMetaScaleμ:0.0289, AdapterGateμ:0.1487, AdapterBias|B|μ:39.7664, AdapterMetaOn:1.00, AdapterMetaNZ%:100.0, AdapterΔ/Input:16.89% | Val Meta: AdapterScaleμ:0.2546, AdapterMetaScaleμ:0.0289, AdapterGateμ:0.1487, AdapterBias|B|μ:39.7011, AdapterMetaOn:1.00, AdapterMetaNZ%:100.0, AdapterΔ/Input:15.03%
Epoch 14/20 | Steps: 1268 | LR: 0.000100 | Train Loss: 0.417422 | Val Loss: 0.411117 | Train Meta: AdapterScaleμ:0.2546, AdapterMetaScaleμ:0.0289, AdapterGateμ:0.1487, AdapterBias|B|μ:39.7580, AdapterMetaOn:1.00, AdapterMetaNZ%:100.0, AdapterΔ/Input:16.97% | Val Meta: AdapterScaleμ:0.2546, AdapterMetaScaleμ:0.0289, AdapterGateμ:0.1487, AdapterBias|B|μ:39.7011, AdapterMetaOn:1.00, AdapterMetaNZ%:100.0, AdapterΔ/Input:15.03%
Epoch 15/20 | Steps: 1268 | LR: 0.000100 | Train Loss: 0.416065 | Val Loss: 0.420631 | Train Meta: AdapterScaleμ:0.2546, AdapterMetaScaleμ:0.0289, AdapterGateμ:0.1487, AdapterBias|B|μ:39.7642, AdapterMetaOn:1.00, AdapterMetaNZ%:100.0, AdapterΔ/Input:16.75% | Val Meta: AdapterScaleμ:0.2546, AdapterMetaScaleμ:0.0289, AdapterGateμ:0.1487, AdapterBias|B|μ:39.7011, AdapterMetaOn:1.00, AdapterMetaNZ%:100.0, AdapterΔ/Input:15.03%
Epoch 16/20 | Steps: 1268 | LR: 0.000100 | Train Loss: 0.415336 | Val Loss: 0.434760 | Train Meta: AdapterScaleμ:0.2546, AdapterMetaScaleμ:0.0289, AdapterGateμ:0.1487, AdapterBias|B|μ:39.7311, AdapterMetaOn:1.00, AdapterMetaNZ%:100.0, AdapterΔ/Input:16.68% | Val Meta: AdapterScaleμ:0.2546, AdapterMetaScaleμ:0.0289, AdapterGateμ:0.1487, AdapterBias|B|μ:39.7011, AdapterMetaOn:1.00, AdapterMetaNZ%:100.0, AdapterΔ/Input:15.03%
Epoch 17/20 | Steps: 1268 | LR: 0.000100 | Train Loss: 0.414221 | Val Loss: 0.431508 | Train Meta: AdapterScaleμ:0.2546, AdapterMetaScaleμ:0.0289, AdapterGateμ:0.1487, AdapterBias|B|μ:39.6865, AdapterMetaOn:1.00, AdapterMetaNZ%:100.0, AdapterΔ/Input:16.66% | Val Meta: AdapterScaleμ:0.2546, AdapterMetaScaleμ:0.0289, AdapterGateμ:0.1487, AdapterBias|B|μ:39.7011, AdapterMetaOn:1.00, AdapterMetaNZ%:100.0, AdapterΔ/Input:15.03%
Epoch 18/20 | Steps: 1268 | LR: 0.000100 | Train Loss: 0.413574 | Val Loss: 0.424675 | Train Meta: AdapterScaleμ:0.2546, AdapterMetaScaleμ:0.0289, AdapterGateμ:0.1487, AdapterBias|B|μ:39.6880, AdapterMetaOn:1.00, AdapterMetaNZ%:100.0, AdapterΔ/Input:17.00% | Val Meta: AdapterScaleμ:0.2546, AdapterMetaScaleμ:0.0289, AdapterGateμ:0.1487, AdapterBias|B|μ:39.7011, AdapterMetaOn:1.00, AdapterMetaNZ%:100.0, AdapterΔ/Input:15.03%
Epoch 19/20 | Steps: 1268 | LR: 0.000100 | Train Loss: 0.412815 | Val Loss: 0.422917 | Train Meta: AdapterScaleμ:0.2546, AdapterMetaScaleμ:0.0289, AdapterGateμ:0.1487, AdapterBias|B|μ:39.7968, AdapterMetaOn:1.00, AdapterMetaNZ%:100.0, AdapterΔ/Input:16.90% | Val Meta: AdapterScaleμ:0.2546, AdapterMetaScaleμ:0.0289, AdapterGateμ:0.1487, AdapterBias|B|μ:39.7011, AdapterMetaOn:1.00, AdapterMetaNZ%:100.0, AdapterΔ/Input:15.03%
Epoch 20/20 | Steps: 1268 | LR: 0.000100 | Train Loss: 0.411617 | Val Loss: 0.422912 | Train Meta: AdapterScaleμ:0.2546, AdapterMetaScaleμ:0.0289, AdapterGateμ:0.1487, AdapterBias|B|μ:39.6334, AdapterMetaOn:1.00, AdapterMetaNZ%:100.0, AdapterΔ/Input:17.06% | Val Meta: AdapterScaleμ:0.2546, AdapterMetaScaleμ:0.0289, AdapterGateμ:0.1487, AdapterBias|B|μ:39.7011, AdapterMetaOn:1.00, AdapterMetaNZ%:100.0, AdapterΔ/Input:15.03%
{'test_mse': 0.4768257737159729, 'test_mae': 0.4883235991001129}
Saved best forecasting checkpoint under checkpoints/forecasting_ettm1_720/ettm1_laya_ci_adapter_best.pt
