nohup: ignoring input
🚀 Laya-TS Pretraining: ETTm1 (laya + ci)
📊 data_path: ../Dataset/Time-Series-Library_dataset/ETT-small/ETTm1.csv
📝 metadata: mode=none, fusion=none
📝 log_dir: ./runs/pretrain_ettm1_laya_ci_none
📊 Dataset Statistics:
   - Sequence Length (T): 512
   - Train Samples: 48265, Steps: 1508
   - Val Samples: 6457, Steps: 202
🔧 Encoder Hyperparameters:
   - d_model: 256
   - n_heads: 8
   - n_layers: 3
   - proj_dim: 128
   - predictor_depth: 2
   - predictor_heads: 4
   - patch_size: 16
   - metadata_fusion_mode: none
   - channel_mixer_relation_mode: none
   - use_relation_adapter: False
   - encoder_variant: default
   - temporal_patchifier_mode: fixed
   - use_channel_relation_block: False
🧮 Parameter Counts:
   - Total Parameters: 4,219,136
   - Trainable Parameters: 4,219,136
⏱️ Schedule:
   - total_steps: 150800
   - warmup_steps: 15080
   - derived_epochs: 100
Epoch 1/100 | Steps: 1508 | LR: 0.000010 | Train Loss: 0.646946 (P:0.6372, S:0.1953, Q:0.0000) | Val Loss: 0.540659 (P:0.5266, S:0.2810, Q:0.0000) | Repr L2μ: 7.7700 Val L2μ: 0.9074 | Repr Cosμ: 0.6588 Val Cosμ: 0.9952 | Pred→Target Cosμ: 0.6340 Val Cosμ: 0.6797 | Repr NormRatio: 1.9258 Val NormRatio: 1.0377 | Train Meta: n/a | Val Meta: n/a
   -> Saved improved checkpoint: val_loss=0.540659 at epoch 1
Epoch 2/100 | Steps: 1508 | LR: 0.000020 | Train Loss: 0.422527 (P:0.4185, S:0.0815, Q:0.0000) | Val Loss: 0.505743 (P:0.4904, S:0.3067, Q:0.0000) | Repr L2μ: 7.7224 Val L2μ: 0.8949 | Repr Cosμ: 0.6741 Val Cosμ: 0.9956 | Pred→Target Cosμ: 0.8109 Val Cosμ: 0.6950 | Repr NormRatio: 1.8518 Val NormRatio: 1.0387 | Train Meta: n/a | Val Meta: n/a
   -> Saved improved checkpoint: val_loss=0.505743 at epoch 2
Epoch 3/100 | Steps: 1508 | LR: 0.000030 | Train Loss: 0.369893 (P:0.3672, S:0.0534, Q:0.0000) | Val Loss: 0.526942 (P:0.5100, S:0.3387, Q:0.0000) | Repr L2μ: 7.4282 Val L2μ: 1.0630 | Repr Cosμ: 0.7214 Val Cosμ: 0.9944 | Pred→Target Cosμ: 0.8185 Val Cosμ: 0.6736 | Repr NormRatio: 1.6641 Val NormRatio: 1.0399 | Train Meta: n/a | Val Meta: n/a
   -> Saved last checkpoint at epoch 3
Epoch 4/100 | Steps: 1508 | LR: 0.000040 | Train Loss: 0.322409 (P:0.3204, S:0.0407, Q:0.0000) | Val Loss: 0.693961 (P:0.6752, S:0.3758, Q:0.0000) | Repr L2μ: 6.9188 Val L2μ: 1.4503 | Repr Cosμ: 0.7770 Val Cosμ: 0.9897 | Pred→Target Cosμ: 0.8083 Val Cosμ: 0.5896 | Repr NormRatio: 1.4979 Val NormRatio: 1.0473 | Train Meta: n/a | Val Meta: n/a
   -> Saved last checkpoint at epoch 4
Epoch 5/100 | Steps: 1508 | LR: 0.000050 | Train Loss: 0.264371 (P:0.2623, S:0.0417, Q:0.0000) | Val Loss: 0.736164 (P:0.7230, S:0.2629, Q:0.0000) | Repr L2μ: 6.3010 Val L2μ: 1.5271 | Repr Cosμ: 0.8229 Val Cosμ: 0.9889 | Pred→Target Cosμ: 0.7988 Val Cosμ: 0.6894 | Repr NormRatio: 1.4362 Val NormRatio: 1.0451 | Train Meta: n/a | Val Meta: n/a
   -> Saved last checkpoint at epoch 5
Epoch 6/100 | Steps: 1508 | LR: 0.000060 | Train Loss: 0.241629 (P:0.2394, S:0.0445, Q:0.0000) | Val Loss: 0.856480 (P:0.8431, S:0.2674, Q:0.0000) | Repr L2μ: 5.6352 Val L2μ: 1.2948 | Repr Cosμ: 0.8691 Val Cosμ: 0.9921 | Pred→Target Cosμ: 0.8207 Val Cosμ: 0.6120 | Repr NormRatio: 1.3736 Val NormRatio: 1.0402 | Train Meta: n/a | Val Meta: n/a
   -> Saved last checkpoint at epoch 6
Epoch 7/100 | Steps: 1508 | LR: 0.000070 | Train Loss: 0.264624 (P:0.2621, S:0.0514, Q:0.0000) | Val Loss: 0.988882 (P:0.9732, S:0.3140, Q:0.0000) | Repr L2μ: 5.3749 Val L2μ: 1.3630 | Repr Cosμ: 0.8903 Val Cosμ: 0.9936 | Pred→Target Cosμ: 0.8545 Val Cosμ: 0.5891 | Repr NormRatio: 1.2759 Val NormRatio: 1.0330 | Train Meta: n/a | Val Meta: n/a
   -> Saved last checkpoint at epoch 7
Epoch 8/100 | Steps: 1508 | LR: 0.000080 | Train Loss: 0.265479 (P:0.2630, S:0.0499, Q:0.0000) | Val Loss: 0.851918 (P:0.8364, S:0.3100, Q:0.0000) | Repr L2μ: 4.9902 Val L2μ: 1.2667 | Repr Cosμ: 0.9119 Val Cosμ: 0.9948 | Pred→Target Cosμ: 0.8777 Val Cosμ: 0.5916 | Repr NormRatio: 1.2026 Val NormRatio: 1.0254 | Train Meta: n/a | Val Meta: n/a
   -> Saved last checkpoint at epoch 8
Epoch 9/100 | Steps: 1508 | LR: 0.000090 | Train Loss: 0.259573 (P:0.2571, S:0.0486, Q:0.0000) | Val Loss: 0.743527 (P:0.7281, S:0.3086, Q:0.0000) | Repr L2μ: 4.8691 Val L2μ: 1.5939 | Repr Cosμ: 0.9174 Val Cosμ: 0.9903 | Pred→Target Cosμ: 0.8939 Val Cosμ: 0.6765 | Repr NormRatio: 1.1845 Val NormRatio: 1.0579 | Train Meta: n/a | Val Meta: n/a
   -> Saved last checkpoint at epoch 9
Epoch 10/100 | Steps: 1508 | LR: 0.000100 | Train Loss: 0.233914 (P:0.2312, S:0.0539, Q:0.0000) | Val Loss: 0.718347 (P:0.7095, S:0.1760, Q:0.0000) | Repr L2μ: 5.1023 Val L2μ: 1.8786 | Repr Cosμ: 0.9078 Val Cosμ: 0.9867 | Pred→Target Cosμ: 0.9035 Val Cosμ: 0.6931 | Repr NormRatio: 1.1962 Val NormRatio: 1.0688 | Train Meta: n/a | Val Meta: n/a
   -> Saved last checkpoint at epoch 10
Epoch 11/100 | Steps: 1508 | LR: 0.000100 | Train Loss: 0.214214 (P:0.2116, S:0.0525, Q:0.0000) | Val Loss: 0.595535 (P:0.5843, S:0.2239, Q:0.0000) | Repr L2μ: 5.0672 Val L2μ: 1.8543 | Repr Cosμ: 0.9063 Val Cosμ: 0.9871 | Pred→Target Cosμ: 0.9111 Val Cosμ: 0.7338 | Repr NormRatio: 1.2063 Val NormRatio: 1.0688 | Train Meta: n/a | Val Meta: n/a
   -> Saved last checkpoint at epoch 11
Epoch 12/100 | Steps: 1508 | LR: 0.000100 | Train Loss: 0.178432 (P:0.1761, S:0.0469, Q:0.0000) | Val Loss: 0.564789 (P:0.5573, S:0.1507, Q:0.0000) | Repr L2μ: 5.5305 Val L2μ: 2.1017 | Repr Cosμ: 0.8804 Val Cosμ: 0.9838 | Pred→Target Cosμ: 0.9182 Val Cosμ: 0.7874 | Repr NormRatio: 1.2447 Val NormRatio: 1.0616 | Train Meta: n/a | Val Meta: n/a
   -> Saved last checkpoint at epoch 12
Epoch 13/100 | Steps: 1508 | LR: 0.000100 | Train Loss: 0.158248 (P:0.1559, S:0.0475, Q:0.0000) | Val Loss: 0.534955 (P:0.5277, S:0.1442, Q:0.0000) | Repr L2μ: 5.8481 Val L2μ: 2.3967 | Repr Cosμ: 0.8619 Val Cosμ: 0.9746 | Pred→Target Cosμ: 0.9235 Val Cosμ: 0.7643 | Repr NormRatio: 1.3031 Val NormRatio: 1.0684 | Train Meta: n/a | Val Meta: n/a
   -> Saved last checkpoint at epoch 13
Epoch 14/100 | Steps: 1508 | LR: 0.000100 | Train Loss: 0.145412 (P:0.1434, S:0.0412, Q:0.0000) | Val Loss: 0.558390 (P:0.5461, S:0.2451, Q:0.0000) | Repr L2μ: 5.6881 Val L2μ: 2.6211 | Repr Cosμ: 0.8721 Val Cosμ: 0.9680 | Pred→Target Cosμ: 0.9279 Val Cosμ: 0.7182 | Repr NormRatio: 1.2568 Val NormRatio: 1.0875 | Train Meta: n/a | Val Meta: n/a
   -> Saved last checkpoint at epoch 14
Epoch 15/100 | Steps: 1508 | LR: 0.000099 | Train Loss: 0.136967 (P:0.1348, S:0.0424, Q:0.0000) | Val Loss: 0.460186 (P:0.4453, S:0.2986, Q:0.0000) | Repr L2μ: 6.1460 Val L2μ: 1.0442 | Repr Cosμ: 0.8334 Val Cosμ: 0.9950 | Pred→Target Cosμ: 0.9320 Val Cosμ: 0.8069 | Repr NormRatio: 1.3520 Val NormRatio: 1.0299 | Train Meta: n/a | Val Meta: n/a
   -> Saved improved checkpoint: val_loss=0.460186 at epoch 15
Epoch 16/100 | Steps: 1508 | LR: 0.000099 | Train Loss: 0.122101 (P:0.1197, S:0.0477, Q:0.0000) | Val Loss: 0.529547 (P:0.5219, S:0.1527, Q:0.0000) | Repr L2μ: 5.9719 Val L2μ: 2.5704 | Repr Cosμ: 0.8496 Val Cosμ: 0.9692 | Pred→Target Cosμ: 0.9375 Val Cosμ: 0.7604 | Repr NormRatio: 1.3438 Val NormRatio: 1.0835 | Train Meta: n/a | Val Meta: n/a
   -> Saved last checkpoint at epoch 16
Epoch 17/100 | Steps: 1508 | LR: 0.000099 | Train Loss: 0.121624 (P:0.1194, S:0.0441, Q:0.0000) | Val Loss: 0.448467 (P:0.4399, S:0.1705, Q:0.0000) | Repr L2μ: 5.8538 Val L2μ: 2.5066 | Repr Cosμ: 0.8547 Val Cosμ: 0.9720 | Pred→Target Cosμ: 0.9392 Val Cosμ: 0.7864 | Repr NormRatio: 1.3228 Val NormRatio: 1.1290 | Train Meta: n/a | Val Meta: n/a
   -> Saved improved checkpoint: val_loss=0.448467 at epoch 17
Epoch 18/100 | Steps: 1508 | LR: 0.000098 | Train Loss: 0.113211 (P:0.1111, S:0.0412, Q:0.0000) | Val Loss: 0.373313 (P:0.3656, S:0.1533, Q:0.0000) | Repr L2μ: 5.7137 Val L2μ: 2.3778 | Repr Cosμ: 0.8566 Val Cosμ: 0.9739 | Pred→Target Cosμ: 0.9408 Val Cosμ: 0.8213 | Repr NormRatio: 1.2907 Val NormRatio: 1.0882 | Train Meta: n/a | Val Meta: n/a
   -> Saved improved checkpoint: val_loss=0.373313 at epoch 18
Epoch 19/100 | Steps: 1508 | LR: 0.000098 | Train Loss: 0.121952 (P:0.1196, S:0.0474, Q:0.0000) | Val Loss: 0.372293 (P:0.3619, S:0.2080, Q:0.0000) | Repr L2μ: 5.6167 Val L2μ: 1.5073 | Repr Cosμ: 0.8599 Val Cosμ: 0.9878 | Pred→Target Cosμ: 0.9395 Val Cosμ: 0.7996 | Repr NormRatio: 1.3436 Val NormRatio: 1.0712 | Train Meta: n/a | Val Meta: n/a
   -> Saved improved checkpoint: val_loss=0.372293 at epoch 19
Epoch 20/100 | Steps: 1508 | LR: 0.000097 | Train Loss: 0.094990 (P:0.0932, S:0.0359, Q:0.0000) | Val Loss: 0.421317 (P:0.4133, S:0.1607, Q:0.0000) | Repr L2μ: 5.6427 Val L2μ: 2.1588 | Repr Cosμ: 0.8638 Val Cosμ: 0.9781 | Pred→Target Cosμ: 0.9478 Val Cosμ: 0.8154 | Repr NormRatio: 1.2780 Val NormRatio: 1.0784 | Train Meta: n/a | Val Meta: n/a
   -> Saved last checkpoint at epoch 20
Epoch 21/100 | Steps: 1508 | LR: 0.000096 | Train Loss: 0.104158 (P:0.1021, S:0.0419, Q:0.0000) | Val Loss: 0.414281 (P:0.4065, S:0.1556, Q:0.0000) | Repr L2μ: 5.6742 Val L2μ: 2.2832 | Repr Cosμ: 0.8506 Val Cosμ: 0.9715 | Pred→Target Cosμ: 0.9431 Val Cosμ: 0.8062 | Repr NormRatio: 1.3462 Val NormRatio: 1.0851 | Train Meta: n/a | Val Meta: n/a
   -> Saved last checkpoint at epoch 21
Epoch 22/100 | Steps: 1508 | LR: 0.000096 | Train Loss: 0.098789 (P:0.0971, S:0.0335, Q:0.0000) | Val Loss: 0.491126 (P:0.4809, S:0.2050, Q:0.0000) | Repr L2μ: 5.7060 Val L2μ: 1.3839 | Repr Cosμ: 0.8491 Val Cosμ: 0.9927 | Pred→Target Cosμ: 0.9459 Val Cosμ: 0.8115 | Repr NormRatio: 1.3365 Val NormRatio: 1.0577 | Train Meta: n/a | Val Meta: n/a
   -> Saved last checkpoint at epoch 22
Epoch 23/100 | Steps: 1508 | LR: 0.000095 | Train Loss: 0.104503 (P:0.1024, S:0.0423, Q:0.0000) | Val Loss: 0.309114 (P:0.3008, S:0.1666, Q:0.0000) | Repr L2μ: 5.1830 Val L2μ: 1.8784 | Repr Cosμ: 0.8824 Val Cosμ: 0.9861 | Pred→Target Cosμ: 0.9466 Val Cosμ: 0.8550 | Repr NormRatio: 1.2621 Val NormRatio: 1.0672 | Train Meta: n/a | Val Meta: n/a
   -> Saved improved checkpoint: val_loss=0.309114 at epoch 23
Epoch 24/100 | Steps: 1508 | LR: 0.000094 | Train Loss: 0.093882 (P:0.0917, S:0.0434, Q:0.0000) | Val Loss: 0.245200 (P:0.2376, S:0.1521, Q:0.0000) | Repr L2μ: 4.8400 Val L2μ: 1.7333 | Repr Cosμ: 0.9004 Val Cosμ: 0.9860 | Pred→Target Cosμ: 0.9489 Val Cosμ: 0.8602 | Repr NormRatio: 1.2725 Val NormRatio: 1.0661 | Train Meta: n/a | Val Meta: n/a
   -> Saved improved checkpoint: val_loss=0.245200 at epoch 24
Epoch 25/100 | Steps: 1508 | LR: 0.000093 | Train Loss: 0.100375 (P:0.0980, S:0.0482, Q:0.0000) | Val Loss: 0.323803 (P:0.3156, S:0.1637, Q:0.0000) | Repr L2μ: 4.7489 Val L2μ: 1.6730 | Repr Cosμ: 0.9001 Val Cosμ: 0.9878 | Pred→Target Cosμ: 0.9490 Val Cosμ: 0.8366 | Repr NormRatio: 1.2291 Val NormRatio: 1.0263 | Train Meta: n/a | Val Meta: n/a
   -> Saved last checkpoint at epoch 25
Epoch 26/100 | Steps: 1508 | LR: 0.000092 | Train Loss: 0.095017 (P:0.0932, S:0.0369, Q:0.0000) | Val Loss: 0.349809 (P:0.3411, S:0.1733, Q:0.0000) | Repr L2μ: 4.5212 Val L2μ: 1.7650 | Repr Cosμ: 0.9152 Val Cosμ: 0.9860 | Pred→Target Cosμ: 0.9506 Val Cosμ: 0.8208 | Repr NormRatio: 1.2317 Val NormRatio: 1.0463 | Train Meta: n/a | Val Meta: n/a
   -> Saved last checkpoint at epoch 26
Epoch 27/100 | Steps: 1508 | LR: 0.000092 | Train Loss: 0.089105 (P:0.0873, S:0.0359, Q:0.0000) | Val Loss: 0.286690 (P:0.2773, S:0.1868, Q:0.0000) | Repr L2μ: 4.4206 Val L2μ: 1.5845 | Repr Cosμ: 0.9187 Val Cosμ: 0.9888 | Pred→Target Cosμ: 0.9531 Val Cosμ: 0.8515 | Repr NormRatio: 1.2141 Val NormRatio: 1.0582 | Train Meta: n/a | Val Meta: n/a
   -> Saved last checkpoint at epoch 27
Epoch 28/100 | Steps: 1508 | LR: 0.000091 | Train Loss: 0.081218 (P:0.0792, S:0.0398, Q:0.0000) | Val Loss: 0.340577 (P:0.3318, S:0.1748, Q:0.0000) | Repr L2μ: 4.7337 Val L2μ: 1.3387 | Repr Cosμ: 0.8962 Val Cosμ: 0.9922 | Pred→Target Cosμ: 0.9566 Val Cosμ: 0.7878 | Repr NormRatio: 1.2670 Val NormRatio: 1.0372 | Train Meta: n/a | Val Meta: n/a
   -> Saved last checkpoint at epoch 28
Epoch 29/100 | Steps: 1508 | LR: 0.000090 | Train Loss: 0.086306 (P:0.0841, S:0.0448, Q:0.0000) | Val Loss: 0.334094 (P:0.3241, S:0.1991, Q:0.0000) | Repr L2μ: 4.0868 Val L2μ: 1.2577 | Repr Cosμ: 0.9276 Val Cosμ: 0.9939 | Pred→Target Cosμ: 0.9541 Val Cosμ: 0.8765 | Repr NormRatio: 1.1960 Val NormRatio: 1.0617 | Train Meta: n/a | Val Meta: n/a
   -> Saved last checkpoint at epoch 29
Epoch 30/100 | Steps: 1508 | LR: 0.000088 | Train Loss: 0.087331 (P:0.0850, S:0.0459, Q:0.0000) | Val Loss: 0.274164 (P:0.2647, S:0.1884, Q:0.0000) | Repr L2μ: 3.8874 Val L2μ: 1.4888 | Repr Cosμ: 0.9318 Val Cosμ: 0.9908 | Pred→Target Cosμ: 0.9549 Val Cosμ: 0.8651 | Repr NormRatio: 1.1637 Val NormRatio: 1.0601 | Train Meta: n/a | Val Meta: n/a
   -> Saved last checkpoint at epoch 30
Epoch 31/100 | Steps: 1508 | LR: 0.000087 | Train Loss: 0.082950 (P:0.0810, S:0.0387, Q:0.0000) | Val Loss: 0.311640 (P:0.3018, S:0.1962, Q:0.0000) | Repr L2μ: 3.7572 Val L2μ: 1.6295 | Repr Cosμ: 0.9351 Val Cosμ: 0.9881 | Pred→Target Cosμ: 0.9537 Val Cosμ: 0.8557 | Repr NormRatio: 1.1972 Val NormRatio: 1.0619 | Train Meta: n/a | Val Meta: n/a
   -> Saved last checkpoint at epoch 31
Epoch 32/100 | Steps: 1508 | LR: 0.000086 | Train Loss: 0.087428 (P:0.0856, S:0.0374, Q:0.0000) | Val Loss: 0.360941 (P:0.3508, S:0.2028, Q:0.0000) | Repr L2μ: 3.5759 Val L2μ: 1.5320 | Repr Cosμ: 0.9427 Val Cosμ: 0.9898 | Pred→Target Cosμ: 0.9532 Val Cosμ: 0.8494 | Repr NormRatio: 1.1873 Val NormRatio: 1.0673 | Train Meta: n/a | Val Meta: n/a
   -> Saved last checkpoint at epoch 32
Epoch 33/100 | Steps: 1508 | LR: 0.000085 | Train Loss: 0.081129 (P:0.0794, S:0.0345, Q:0.0000) | Val Loss: 0.297651 (P:0.2870, S:0.2137, Q:0.0000) | Repr L2μ: 3.7228 Val L2μ: 1.7143 | Repr Cosμ: 0.9372 Val Cosμ: 0.9864 | Pred→Target Cosμ: 0.9558 Val Cosμ: 0.8865 | Repr NormRatio: 1.1545 Val NormRatio: 1.0625 | Train Meta: n/a | Val Meta: n/a
   -> Saved last checkpoint at epoch 33
Epoch 34/100 | Steps: 1508 | LR: 0.000084 | Train Loss: 0.090685 (P:0.0882, S:0.0500, Q:0.0000) | Val Loss: 0.222373 (P:0.2117, S:0.2136, Q:0.0000) | Repr L2μ: 3.5896 Val L2μ: 1.2440 | Repr Cosμ: 0.9393 Val Cosμ: 0.9922 | Pred→Target Cosμ: 0.9533 Val Cosμ: 0.8924 | Repr NormRatio: 1.1564 Val NormRatio: 1.0636 | Train Meta: n/a | Val Meta: n/a
   -> Saved improved checkpoint: val_loss=0.222373 at epoch 34
Epoch 35/100 | Steps: 1508 | LR: 0.000082 | Train Loss: 0.087307 (P:0.0850, S:0.0454, Q:0.0000) | Val Loss: 0.317189 (P:0.3084, S:0.1750, Q:0.0000) | Repr L2μ: 3.7513 Val L2μ: 1.6325 | Repr Cosμ: 0.9344 Val Cosμ: 0.9884 | Pred→Target Cosμ: 0.9564 Val Cosμ: 0.8573 | Repr NormRatio: 1.1249 Val NormRatio: 1.0948 | Train Meta: n/a | Val Meta: n/a
   -> Saved last checkpoint at epoch 35
Epoch 36/100 | Steps: 1508 | LR: 0.000081 | Train Loss: 0.079726 (P:0.0774, S:0.0469, Q:0.0000) | Val Loss: 0.193025 (P:0.1864, S:0.1327, Q:0.0000) | Repr L2μ: 3.9759 Val L2μ: 0.9710 | Repr Cosμ: 0.9265 Val Cosμ: 0.9959 | Pred→Target Cosμ: 0.9531 Val Cosμ: 0.8756 | Repr NormRatio: 1.1487 Val NormRatio: 1.0363 | Train Meta: n/a | Val Meta: n/a
   -> Saved improved checkpoint: val_loss=0.193025 at epoch 36
Epoch 37/100 | Steps: 1508 | LR: 0.000080 | Train Loss: 0.070511 (P:0.0687, S:0.0366, Q:0.0000) | Val Loss: 0.182780 (P:0.1748, S:0.1600, Q:0.0000) | Repr L2μ: 3.5961 Val L2μ: 1.0784 | Repr Cosμ: 0.9416 Val Cosμ: 0.9952 | Pred→Target Cosμ: 0.9603 Val Cosμ: 0.8836 | Repr NormRatio: 1.1254 Val NormRatio: 1.0475 | Train Meta: n/a | Val Meta: n/a
   -> Saved improved checkpoint: val_loss=0.182780 at epoch 37
Epoch 38/100 | Steps: 1508 | LR: 0.000078 | Train Loss: 0.070008 (P:0.0682, S:0.0357, Q:0.0000) | Val Loss: 0.209085 (P:0.2003, S:0.1755, Q:0.0000) | Repr L2μ: 3.2988 Val L2μ: 0.9649 | Repr Cosμ: 0.9515 Val Cosμ: 0.9962 | Pred→Target Cosμ: 0.9607 Val Cosμ: 0.8934 | Repr NormRatio: 1.1179 Val NormRatio: 1.0281 | Train Meta: n/a | Val Meta: n/a
   -> Saved last checkpoint at epoch 38
Epoch 39/100 | Steps: 1508 | LR: 0.000077 | Train Loss: 0.070655 (P:0.0688, S:0.0369, Q:0.0000) | Val Loss: 0.198452 (P:0.1894, S:0.1817, Q:0.0000) | Repr L2μ: 3.2227 Val L2μ: 1.0166 | Repr Cosμ: 0.9531 Val Cosμ: 0.9957 | Pred→Target Cosμ: 0.9604 Val Cosμ: 0.8605 | Repr NormRatio: 1.1109 Val NormRatio: 1.0296 | Train Meta: n/a | Val Meta: n/a
   -> Saved last checkpoint at epoch 39
Epoch 40/100 | Steps: 1508 | LR: 0.000075 | Train Loss: 0.079859 (P:0.0776, S:0.0461, Q:0.0000) | Val Loss: 0.179758 (P:0.1721, S:0.1527, Q:0.0000) | Repr L2μ: 2.9778 Val L2μ: 0.9125 | Repr Cosμ: 0.9594 Val Cosμ: 0.9965 | Pred→Target Cosμ: 0.9577 Val Cosμ: 0.8963 | Repr NormRatio: 1.0992 Val NormRatio: 1.0214 | Train Meta: n/a | Val Meta: n/a
   -> Saved improved checkpoint: val_loss=0.179758 at epoch 40
Epoch 41/100 | Steps: 1508 | LR: 0.000074 | Train Loss: 0.080095 (P:0.0779, S:0.0434, Q:0.0000) | Val Loss: 0.200266 (P:0.1927, S:0.1520, Q:0.0000) | Repr L2μ: 2.8458 Val L2μ: 1.0144 | Repr Cosμ: 0.9622 Val Cosμ: 0.9956 | Pred→Target Cosμ: 0.9568 Val Cosμ: 0.8881 | Repr NormRatio: 1.0944 Val NormRatio: 1.0365 | Train Meta: n/a | Val Meta: n/a
   -> Saved last checkpoint at epoch 41
Epoch 42/100 | Steps: 1508 | LR: 0.000072 | Train Loss: 0.072159 (P:0.0703, S:0.0370, Q:0.0000) | Val Loss: 0.229305 (P:0.2220, S:0.1462, Q:0.0000) | Repr L2μ: 2.7512 Val L2μ: 0.9020 | Repr Cosμ: 0.9666 Val Cosμ: 0.9964 | Pred→Target Cosμ: 0.9577 Val Cosμ: 0.8552 | Repr NormRatio: 1.1054 Val NormRatio: 1.0405 | Train Meta: n/a | Val Meta: n/a
   -> Saved last checkpoint at epoch 42
Epoch 43/100 | Steps: 1508 | LR: 0.000071 | Train Loss: 0.076488 (P:0.0745, S:0.0401, Q:0.0000) | Val Loss: 0.231152 (P:0.2219, S:0.1846, Q:0.0000) | Repr L2μ: 2.7529 Val L2μ: 0.9470 | Repr Cosμ: 0.9658 Val Cosμ: 0.9960 | Pred→Target Cosμ: 0.9548 Val Cosμ: 0.8665 | Repr NormRatio: 1.1024 Val NormRatio: 1.0433 | Train Meta: n/a | Val Meta: n/a
   -> Saved last checkpoint at epoch 43
Epoch 44/100 | Steps: 1508 | LR: 0.000069 | Train Loss: 0.078161 (P:0.0760, S:0.0440, Q:0.0000) | Val Loss: 0.201770 (P:0.1939, S:0.1573, Q:0.0000) | Repr L2μ: 2.9133 Val L2μ: 1.0728 | Repr Cosμ: 0.9587 Val Cosμ: 0.9950 | Pred→Target Cosμ: 0.9572 Val Cosμ: 0.8895 | Repr NormRatio: 1.0819 Val NormRatio: 1.0357 | Train Meta: n/a | Val Meta: n/a
   -> Saved last checkpoint at epoch 44
Epoch 45/100 | Steps: 1508 | LR: 0.000067 | Train Loss: 0.080455 (P:0.0782, S:0.0457, Q:0.0000) | Val Loss: 0.207739 (P:0.1992, S:0.1703, Q:0.0000) | Repr L2μ: 3.2364 Val L2μ: 1.0745 | Repr Cosμ: 0.9465 Val Cosμ: 0.9946 | Pred→Target Cosμ: 0.9568 Val Cosμ: 0.8666 | Repr NormRatio: 1.0997 Val NormRatio: 1.0343 | Train Meta: n/a | Val Meta: n/a
   -> Saved last checkpoint at epoch 45
Epoch 46/100 | Steps: 1508 | LR: 0.000066 | Train Loss: 0.082928 (P:0.0807, S:0.0446, Q:0.0000) | Val Loss: 0.214279 (P:0.2071, S:0.1427, Q:0.0000) | Repr L2μ: 2.9776 Val L2μ: 0.9404 | Repr Cosμ: 0.9570 Val Cosμ: 0.9961 | Pred→Target Cosμ: 0.9550 Val Cosμ: 0.8794 | Repr NormRatio: 1.0921 Val NormRatio: 1.0221 | Train Meta: n/a | Val Meta: n/a
   -> Saved last checkpoint at epoch 46
Epoch 47/100 | Steps: 1508 | LR: 0.000064 | Train Loss: 0.083549 (P:0.0813, S:0.0453, Q:0.0000) | Val Loss: 0.178217 (P:0.1693, S:0.1793, Q:0.0000) | Repr L2μ: 2.7420 Val L2μ: 0.9164 | Repr Cosμ: 0.9642 Val Cosμ: 0.9961 | Pred→Target Cosμ: 0.9541 Val Cosμ: 0.8737 | Repr NormRatio: 1.0684 Val NormRatio: 1.0208 | Train Meta: n/a | Val Meta: n/a
   -> Saved improved checkpoint: val_loss=0.178217 at epoch 47
Epoch 48/100 | Steps: 1508 | LR: 0.000062 | Train Loss: 0.084148 (P:0.0818, S:0.0468, Q:0.0000) | Val Loss: 0.187239 (P:0.1785, S:0.1746, Q:0.0000) | Repr L2μ: 2.3974 Val L2μ: 0.6819 | Repr Cosμ: 0.9728 Val Cosμ: 0.9980 | Pred→Target Cosμ: 0.9533 Val Cosμ: 0.8861 | Repr NormRatio: 1.0572 Val NormRatio: 1.0133 | Train Meta: n/a | Val Meta: n/a
   -> Saved last checkpoint at epoch 48
Epoch 49/100 | Steps: 1508 | LR: 0.000061 | Train Loss: 0.080591 (P:0.0786, S:0.0396, Q:0.0000) | Val Loss: 0.197046 (P:0.1886, S:0.1690, Q:0.0000) | Repr L2μ: 2.4826 Val L2μ: 0.7914 | Repr Cosμ: 0.9707 Val Cosμ: 0.9972 | Pred→Target Cosμ: 0.9563 Val Cosμ: 0.8871 | Repr NormRatio: 1.0593 Val NormRatio: 1.0115 | Train Meta: n/a | Val Meta: n/a
   -> Saved last checkpoint at epoch 49
Epoch 50/100 | Steps: 1508 | LR: 0.000059 | Train Loss: 0.077694 (P:0.0756, S:0.0420, Q:0.0000) | Val Loss: 0.194187 (P:0.1874, S:0.1365, Q:0.0000) | Repr L2μ: 2.6246 Val L2μ: 0.8200 | Repr Cosμ: 0.9660 Val Cosμ: 0.9968 | Pred→Target Cosμ: 0.9557 Val Cosμ: 0.8764 | Repr NormRatio: 1.0604 Val NormRatio: 1.0114 | Train Meta: n/a | Val Meta: n/a
   -> Saved last checkpoint at epoch 50
Epoch 51/100 | Steps: 1508 | LR: 0.000057 | Train Loss: 0.075591 (P:0.0735, S:0.0424, Q:0.0000) | Val Loss: 0.189823 (P:0.1825, S:0.1467, Q:0.0000) | Repr L2μ: 2.8219 Val L2μ: 0.7757 | Repr Cosμ: 0.9591 Val Cosμ: 0.9972 | Pred→Target Cosμ: 0.9579 Val Cosμ: 0.8932 | Repr NormRatio: 1.0601 Val NormRatio: 1.0117 | Train Meta: n/a | Val Meta: n/a
   -> Saved last checkpoint at epoch 51
Epoch 52/100 | Steps: 1508 | LR: 0.000056 | Train Loss: 0.079567 (P:0.0773, S:0.0444, Q:0.0000) | Val Loss: 0.194501 (P:0.1876, S:0.1371, Q:0.0000) | Repr L2μ: 2.7453 Val L2μ: 1.0539 | Repr Cosμ: 0.9625 Val Cosμ: 0.9946 | Pred→Target Cosμ: 0.9559 Val Cosμ: 0.8650 | Repr NormRatio: 1.0745 Val NormRatio: 1.0223 | Train Meta: n/a | Val Meta: n/a
   -> Saved last checkpoint at epoch 52
Epoch 53/100 | Steps: 1508 | LR: 0.000054 | Train Loss: 0.080372 (P:0.0782, S:0.0430, Q:0.0000) | Val Loss: 0.187763 (P:0.1803, S:0.1485, Q:0.0000) | Repr L2μ: 2.5841 Val L2μ: 0.7786 | Repr Cosμ: 0.9670 Val Cosμ: 0.9971 | Pred→Target Cosμ: 0.9540 Val Cosμ: 0.8777 | Repr NormRatio: 1.0750 Val NormRatio: 1.0120 | Train Meta: n/a | Val Meta: n/a
   -> Saved last checkpoint at epoch 53
Epoch 54/100 | Steps: 1508 | LR: 0.000052 | Train Loss: 0.081204 (P:0.0791, S:0.0430, Q:0.0000) | Val Loss: 0.200987 (P:0.1937, S:0.1464, Q:0.0000) | Repr L2μ: 2.4828 Val L2μ: 0.8769 | Repr Cosμ: 0.9687 Val Cosμ: 0.9964 | Pred→Target Cosμ: 0.9538 Val Cosμ: 0.8837 | Repr NormRatio: 1.0535 Val NormRatio: 1.0162 | Train Meta: n/a | Val Meta: n/a
   -> Saved last checkpoint at epoch 54
Epoch 55/100 | Steps: 1508 | LR: 0.000051 | Train Loss: 0.077848 (P:0.0758, S:0.0416, Q:0.0000) | Val Loss: 0.192571 (P:0.1860, S:0.1306, Q:0.0000) | Repr L2μ: 2.2566 Val L2μ: 0.9217 | Repr Cosμ: 0.9741 Val Cosμ: 0.9959 | Pred→Target Cosμ: 0.9534 Val Cosμ: 0.8799 | Repr NormRatio: 1.0416 Val NormRatio: 1.0075 | Train Meta: n/a | Val Meta: n/a
   -> Saved last checkpoint at epoch 55
Epoch 56/100 | Steps: 1508 | LR: 0.000049 | Train Loss: 0.078872 (P:0.0770, S:0.0376, Q:0.0000) | Val Loss: 0.204344 (P:0.1973, S:0.1407, Q:0.0000) | Repr L2μ: 2.2494 Val L2μ: 0.7513 | Repr Cosμ: 0.9738 Val Cosμ: 0.9974 | Pred→Target Cosμ: 0.9544 Val Cosμ: 0.8732 | Repr NormRatio: 1.0402 Val NormRatio: 1.0090 | Train Meta: n/a | Val Meta: n/a
   -> Saved last checkpoint at epoch 56
Epoch 57/100 | Steps: 1508 | LR: 0.000047 | Train Loss: 0.077251 (P:0.0753, S:0.0392, Q:0.0000) | Val Loss: 0.183602 (P:0.1763, S:0.1460, Q:0.0000) | Repr L2μ: 2.2554 Val L2μ: 0.6401 | Repr Cosμ: 0.9734 Val Cosμ: 0.9981 | Pred→Target Cosμ: 0.9549 Val Cosμ: 0.8697 | Repr NormRatio: 1.0457 Val NormRatio: 1.0067 | Train Meta: n/a | Val Meta: n/a
   -> Saved last checkpoint at epoch 57
Epoch 58/100 | Steps: 1508 | LR: 0.000045 | Train Loss: 0.072239 (P:0.0702, S:0.0414, Q:0.0000) | Val Loss: 0.181879 (P:0.1745, S:0.1480, Q:0.0000) | Repr L2μ: 2.5719 Val L2μ: 0.7376 | Repr Cosμ: 0.9637 Val Cosμ: 0.9974 | Pred→Target Cosμ: 0.9570 Val Cosμ: 0.8832 | Repr NormRatio: 1.0570 Val NormRatio: 1.0058 | Train Meta: n/a | Val Meta: n/a
   -> Saved last checkpoint at epoch 58
Epoch 59/100 | Steps: 1508 | LR: 0.000044 | Train Loss: 0.070307 (P:0.0681, S:0.0451, Q:0.0000) | Val Loss: 0.199783 (P:0.1911, S:0.1738, Q:0.0000) | Repr L2μ: 2.8567 Val L2μ: 0.7837 | Repr Cosμ: 0.9528 Val Cosμ: 0.9971 | Pred→Target Cosμ: 0.9593 Val Cosμ: 0.8793 | Repr NormRatio: 1.0749 Val NormRatio: 1.0103 | Train Meta: n/a | Val Meta: n/a
   -> Saved last checkpoint at epoch 59
Epoch 60/100 | Steps: 1508 | LR: 0.000042 | Train Loss: 0.079036 (P:0.0769, S:0.0435, Q:0.0000) | Val Loss: 0.152707 (P:0.1443, S:0.1687, Q:0.0000) | Repr L2μ: 2.4331 Val L2μ: 0.7457 | Repr Cosμ: 0.9666 Val Cosμ: 0.9973 | Pred→Target Cosμ: 0.9565 Val Cosμ: 0.9005 | Repr NormRatio: 1.0641 Val NormRatio: 1.0086 | Train Meta: n/a | Val Meta: n/a
   -> Saved improved checkpoint: val_loss=0.152707 at epoch 60
Epoch 61/100 | Steps: 1508 | LR: 0.000040 | Train Loss: 0.072599 (P:0.0704, S:0.0449, Q:0.0000) | Val Loss: 0.183460 (P:0.1756, S:0.1577, Q:0.0000) | Repr L2μ: 2.5691 Val L2μ: 0.6971 | Repr Cosμ: 0.9641 Val Cosμ: 0.9976 | Pred→Target Cosμ: 0.9586 Val Cosμ: 0.8789 | Repr NormRatio: 1.0570 Val NormRatio: 1.0073 | Train Meta: n/a | Val Meta: n/a
   -> Saved last checkpoint at epoch 61
Epoch 62/100 | Steps: 1508 | LR: 0.000039 | Train Loss: 0.070670 (P:0.0687, S:0.0384, Q:0.0000) | Val Loss: 0.156227 (P:0.1480, S:0.1652, Q:0.0000) | Repr L2μ: 2.6053 Val L2μ: 0.6639 | Repr Cosμ: 0.9627 Val Cosμ: 0.9979 | Pred→Target Cosμ: 0.9578 Val Cosμ: 0.8973 | Repr NormRatio: 1.0517 Val NormRatio: 1.0079 | Train Meta: n/a | Val Meta: n/a
   -> Saved last checkpoint at epoch 62
Epoch 63/100 | Steps: 1508 | LR: 0.000037 | Train Loss: 0.076831 (P:0.0749, S:0.0390, Q:0.0000) | Val Loss: 0.204620 (P:0.1959, S:0.1738, Q:0.0000) | Repr L2μ: 2.5781 Val L2μ: 0.7654 | Repr Cosμ: 0.9637 Val Cosμ: 0.9973 | Pred→Target Cosμ: 0.9555 Val Cosμ: 0.8815 | Repr NormRatio: 1.0549 Val NormRatio: 1.0166 | Train Meta: n/a | Val Meta: n/a
   -> Saved last checkpoint at epoch 63
Epoch 64/100 | Steps: 1508 | LR: 0.000035 | Train Loss: 0.072252 (P:0.0701, S:0.0435, Q:0.0000) | Val Loss: 0.197179 (P:0.1900, S:0.1430, Q:0.0000) | Repr L2μ: 2.8018 Val L2μ: 0.7313 | Repr Cosμ: 0.9566 Val Cosμ: 0.9974 | Pred→Target Cosμ: 0.9578 Val Cosμ: 0.8769 | Repr NormRatio: 1.0680 Val NormRatio: 1.0119 | Train Meta: n/a | Val Meta: n/a
   -> Saved last checkpoint at epoch 64
Epoch 65/100 | Steps: 1508 | LR: 0.000034 | Train Loss: 0.077278 (P:0.0751, S:0.0435, Q:0.0000) | Val Loss: 0.163830 (P:0.1549, S:0.1782, Q:0.0000) | Repr L2μ: 2.8609 Val L2μ: 0.8870 | Repr Cosμ: 0.9545 Val Cosμ: 0.9959 | Pred→Target Cosμ: 0.9568 Val Cosμ: 0.8990 | Repr NormRatio: 1.0726 Val NormRatio: 1.0152 | Train Meta: n/a | Val Meta: n/a
   -> Saved last checkpoint at epoch 65
Epoch 66/100 | Steps: 1508 | LR: 0.000032 | Train Loss: 0.074741 (P:0.0727, S:0.0401, Q:0.0000) | Val Loss: 0.171298 (P:0.1626, S:0.1734, Q:0.0000) | Repr L2μ: 3.1235 Val L2μ: 0.6727 | Repr Cosμ: 0.9450 Val Cosμ: 0.9978 | Pred→Target Cosμ: 0.9572 Val Cosμ: 0.8827 | Repr NormRatio: 1.0941 Val NormRatio: 1.0114 | Train Meta: n/a | Val Meta: n/a
   -> Saved last checkpoint at epoch 66
Epoch 67/100 | Steps: 1508 | LR: 0.000030 | Train Loss: 0.070147 (P:0.0681, S:0.0402, Q:0.0000) | Val Loss: 0.177645 (P:0.1691, S:0.1704, Q:0.0000) | Repr L2μ: 2.9381 Val L2μ: 0.6705 | Repr Cosμ: 0.9506 Val Cosμ: 0.9978 | Pred→Target Cosμ: 0.9564 Val Cosμ: 0.8712 | Repr NormRatio: 1.0820 Val NormRatio: 1.0151 | Train Meta: n/a | Val Meta: n/a
   -> Saved last checkpoint at epoch 67
Epoch 68/100 | Steps: 1508 | LR: 0.000029 | Train Loss: 0.072687 (P:0.0707, S:0.0405, Q:0.0000) | Val Loss: 0.165289 (P:0.1560, S:0.1851, Q:0.0000) | Repr L2μ: 2.6945 Val L2μ: 0.7456 | Repr Cosμ: 0.9603 Val Cosμ: 0.9971 | Pred→Target Cosμ: 0.9552 Val Cosμ: 0.8954 | Repr NormRatio: 1.0752 Val NormRatio: 1.0185 | Train Meta: n/a | Val Meta: n/a
   -> Saved last checkpoint at epoch 68
Epoch 69/100 | Steps: 1508 | LR: 0.000027 | Train Loss: 0.068008 (P:0.0661, S:0.0383, Q:0.0000) | Val Loss: 0.196700 (P:0.1878, S:0.1778, Q:0.0000) | Repr L2μ: 2.6874 Val L2μ: 0.6534 | Repr Cosμ: 0.9598 Val Cosμ: 0.9979 | Pred→Target Cosμ: 0.9564 Val Cosμ: 0.8805 | Repr NormRatio: 1.0702 Val NormRatio: 1.0115 | Train Meta: n/a | Val Meta: n/a
   -> Saved last checkpoint at epoch 69
Epoch 70/100 | Steps: 1508 | LR: 0.000026 | Train Loss: 0.067266 (P:0.0653, S:0.0388, Q:0.0000) | Val Loss: 0.181312 (P:0.1723, S:0.1806, Q:0.0000) | Repr L2μ: 2.8222 Val L2μ: 0.7775 | Repr Cosμ: 0.9535 Val Cosμ: 0.9970 | Pred→Target Cosμ: 0.9584 Val Cosμ: 0.8891 | Repr NormRatio: 1.0712 Val NormRatio: 1.0104 | Train Meta: n/a | Val Meta: n/a
   -> Saved last checkpoint at epoch 70
Epoch 71/100 | Steps: 1508 | LR: 0.000024 | Train Loss: 0.076114 (P:0.0740, S:0.0421, Q:0.0000) | Val Loss: 0.157653 (P:0.1484, S:0.1850, Q:0.0000) | Repr L2μ: 2.6018 Val L2μ: 0.7042 | Repr Cosμ: 0.9609 Val Cosμ: 0.9975 | Pred→Target Cosμ: 0.9546 Val Cosμ: 0.8980 | Repr NormRatio: 1.0600 Val NormRatio: 1.0134 | Train Meta: n/a | Val Meta: n/a
   -> Saved last checkpoint at epoch 71
Epoch 72/100 | Steps: 1508 | LR: 0.000023 | Train Loss: 0.077765 (P:0.0759, S:0.0371, Q:0.0000) | Val Loss: 0.215643 (P:0.2076, S:0.1607, Q:0.0000) | Repr L2μ: 2.7918 Val L2μ: 0.6370 | Repr Cosμ: 0.9546 Val Cosμ: 0.9980 | Pred→Target Cosμ: 0.9561 Val Cosμ: 0.8794 | Repr NormRatio: 1.0598 Val NormRatio: 1.0105 | Train Meta: n/a | Val Meta: n/a
   -> Saved last checkpoint at epoch 72
Epoch 73/100 | Steps: 1508 | LR: 0.000021 | Train Loss: 0.077030 (P:0.0753, S:0.0343, Q:0.0000) | Val Loss: 0.168327 (P:0.1575, S:0.2164, Q:0.0000) | Repr L2μ: 2.8866 Val L2μ: 0.7384 | Repr Cosμ: 0.9510 Val Cosμ: 0.9973 | Pred→Target Cosμ: 0.9537 Val Cosμ: 0.9005 | Repr NormRatio: 1.0686 Val NormRatio: 1.0102 | Train Meta: n/a | Val Meta: n/a
   -> Saved last checkpoint at epoch 73
Epoch 74/100 | Steps: 1508 | LR: 0.000020 | Train Loss: 0.077785 (P:0.0758, S:0.0404, Q:0.0000) | Val Loss: 0.171102 (P:0.1627, S:0.1690, Q:0.0000) | Repr L2μ: 2.7225 Val L2μ: 0.7123 | Repr Cosμ: 0.9588 Val Cosμ: 0.9975 | Pred→Target Cosμ: 0.9551 Val Cosμ: 0.8754 | Repr NormRatio: 1.0760 Val NormRatio: 1.0094 | Train Meta: n/a | Val Meta: n/a
   -> Saved last checkpoint at epoch 74
Epoch 75/100 | Steps: 1508 | LR: 0.000019 | Train Loss: 0.074011 (P:0.0721, S:0.0385, Q:0.0000) | Val Loss: 0.192504 (P:0.1842, S:0.1670, Q:0.0000) | Repr L2μ: 2.9973 Val L2μ: 0.7302 | Repr Cosμ: 0.9489 Val Cosμ: 0.9973 | Pred→Target Cosμ: 0.9562 Val Cosμ: 0.8739 | Repr NormRatio: 1.0921 Val NormRatio: 1.0101 | Train Meta: n/a | Val Meta: n/a
   -> Saved last checkpoint at epoch 75
Epoch 76/100 | Steps: 1508 | LR: 0.000017 | Train Loss: 0.073603 (P:0.0718, S:0.0362, Q:0.0000) | Val Loss: 0.215798 (P:0.2074, S:0.1684, Q:0.0000) | Repr L2μ: 2.9428 Val L2μ: 0.7224 | Repr Cosμ: 0.9508 Val Cosμ: 0.9975 | Pred→Target Cosμ: 0.9561 Val Cosμ: 0.8776 | Repr NormRatio: 1.0888 Val NormRatio: 1.0107 | Train Meta: n/a | Val Meta: n/a
   -> Saved last checkpoint at epoch 76
Epoch 77/100 | Steps: 1508 | LR: 0.000016 | Train Loss: 0.070229 (P:0.0683, S:0.0390, Q:0.0000) | Val Loss: 0.202931 (P:0.1941, S:0.1774, Q:0.0000) | Repr L2μ: 2.8959 Val L2μ: 0.8247 | Repr Cosμ: 0.9512 Val Cosμ: 0.9966 | Pred→Target Cosμ: 0.9571 Val Cosμ: 0.8789 | Repr NormRatio: 1.0825 Val NormRatio: 1.0286 | Train Meta: n/a | Val Meta: n/a
   -> Saved last checkpoint at epoch 77
Epoch 78/100 | Steps: 1508 | LR: 0.000015 | Train Loss: 0.070796 (P:0.0689, S:0.0386, Q:0.0000) | Val Loss: 0.195629 (P:0.1869, S:0.1751, Q:0.0000) | Repr L2μ: 3.0812 Val L2μ: 0.7375 | Repr Cosμ: 0.9431 Val Cosμ: 0.9972 | Pred→Target Cosμ: 0.9574 Val Cosμ: 0.8770 | Repr NormRatio: 1.0968 Val NormRatio: 1.0105 | Train Meta: n/a | Val Meta: n/a
   -> Saved last checkpoint at epoch 78
Epoch 79/100 | Steps: 1508 | LR: 0.000014 | Train Loss: 0.071923 (P:0.0699, S:0.0403, Q:0.0000) | Val Loss: 0.220285 (P:0.2117, S:0.1717, Q:0.0000) | Repr L2μ: 2.8771 Val L2μ: 0.8109 | Repr Cosμ: 0.9520 Val Cosμ: 0.9966 | Pred→Target Cosμ: 0.9566 Val Cosμ: 0.8835 | Repr NormRatio: 1.1022 Val NormRatio: 1.0260 | Train Meta: n/a | Val Meta: n/a
   -> Saved last checkpoint at epoch 79
Epoch 80/100 | Steps: 1508 | LR: 0.000013 | Train Loss: 0.071009 (P:0.0691, S:0.0388, Q:0.0000) | Val Loss: 0.187248 (P:0.1784, S:0.1767, Q:0.0000) | Repr L2μ: 2.8371 Val L2μ: 0.7584 | Repr Cosμ: 0.9533 Val Cosμ: 0.9970 | Pred→Target Cosμ: 0.9568 Val Cosμ: 0.8868 | Repr NormRatio: 1.1115 Val NormRatio: 1.0136 | Train Meta: n/a | Val Meta: n/a
   -> Saved last checkpoint at epoch 80
Epoch 81/100 | Steps: 1508 | LR: 0.000011 | Train Loss: 0.068896 (P:0.0671, S:0.0366, Q:0.0000) | Val Loss: 0.200209 (P:0.1917, S:0.1702, Q:0.0000) | Repr L2μ: 2.9065 Val L2μ: 0.7878 | Repr Cosμ: 0.9509 Val Cosμ: 0.9968 | Pred→Target Cosμ: 0.9569 Val Cosμ: 0.8726 | Repr NormRatio: 1.1061 Val NormRatio: 1.0184 | Train Meta: n/a | Val Meta: n/a
   -> Saved last checkpoint at epoch 81
Epoch 82/100 | Steps: 1508 | LR: 0.000010 | Train Loss: 0.067182 (P:0.0653, S:0.0380, Q:0.0000) | Val Loss: 0.178009 (P:0.1695, S:0.1712, Q:0.0000) | Repr L2μ: 2.9552 Val L2μ: 0.6266 | Repr Cosμ: 0.9490 Val Cosμ: 0.9980 | Pred→Target Cosμ: 0.9582 Val Cosμ: 0.8823 | Repr NormRatio: 1.1136 Val NormRatio: 1.0097 | Train Meta: n/a | Val Meta: n/a
   -> Saved last checkpoint at epoch 82
Epoch 83/100 | Steps: 1508 | LR: 0.000009 | Train Loss: 0.075560 (P:0.0737, S:0.0367, Q:0.0000) | Val Loss: 0.177928 (P:0.1687, S:0.1852, Q:0.0000) | Repr L2μ: 3.1546 Val L2μ: 0.6785 | Repr Cosμ: 0.9377 Val Cosμ: 0.9975 | Pred→Target Cosμ: 0.9547 Val Cosμ: 0.8861 | Repr NormRatio: 1.1399 Val NormRatio: 1.0129 | Train Meta: n/a | Val Meta: n/a
   -> Saved last checkpoint at epoch 83
Epoch 84/100 | Steps: 1508 | LR: 0.000009 | Train Loss: 0.073857 (P:0.0721, S:0.0361, Q:0.0000) | Val Loss: 0.186382 (P:0.1778, S:0.1720, Q:0.0000) | Repr L2μ: 3.0812 Val L2μ: 0.8275 | Repr Cosμ: 0.9416 Val Cosμ: 0.9963 | Pred→Target Cosμ: 0.9555 Val Cosμ: 0.8879 | Repr NormRatio: 1.1202 Val NormRatio: 1.0169 | Train Meta: n/a | Val Meta: n/a
   -> Saved last checkpoint at epoch 84
Epoch 85/100 | Steps: 1508 | LR: 0.000008 | Train Loss: 0.073360 (P:0.0718, S:0.0315, Q:0.0000) | Val Loss: 0.164560 (P:0.1554, S:0.1837, Q:0.0000) | Repr L2μ: 3.2139 Val L2μ: 0.6389 | Repr Cosμ: 0.9371 Val Cosμ: 0.9978 | Pred→Target Cosμ: 0.9552 Val Cosμ: 0.8834 | Repr NormRatio: 1.1327 Val NormRatio: 1.0108 | Train Meta: n/a | Val Meta: n/a
   -> Saved last checkpoint at epoch 85
Epoch 86/100 | Steps: 1508 | LR: 0.000007 | Train Loss: 0.072785 (P:0.0713, S:0.0298, Q:0.0000) | Val Loss: 0.184046 (P:0.1758, S:0.1652, Q:0.0000) | Repr L2μ: 3.0278 Val L2μ: 0.6682 | Repr Cosμ: 0.9455 Val Cosμ: 0.9976 | Pred→Target Cosμ: 0.9541 Val Cosμ: 0.8764 | Repr NormRatio: 1.1295 Val NormRatio: 1.0119 | Train Meta: n/a | Val Meta: n/a
   -> Saved last checkpoint at epoch 86
Epoch 87/100 | Steps: 1508 | LR: 0.000006 | Train Loss: 0.073596 (P:0.0722, S:0.0289, Q:0.0000) | Val Loss: 0.177555 (P:0.1692, S:0.1662, Q:0.0000) | Repr L2μ: 3.0797 Val L2μ: 0.6745 | Repr Cosμ: 0.9430 Val Cosμ: 0.9976 | Pred→Target Cosμ: 0.9539 Val Cosμ: 0.8779 | Repr NormRatio: 1.1342 Val NormRatio: 1.0114 | Train Meta: n/a | Val Meta: n/a
   -> Saved last checkpoint at epoch 87
Epoch 88/100 | Steps: 1508 | LR: 0.000005 | Train Loss: 0.074266 (P:0.0727, S:0.0304, Q:0.0000) | Val Loss: 0.170890 (P:0.1617, S:0.1842, Q:0.0000) | Repr L2μ: 3.1329 Val L2μ: 0.6188 | Repr Cosμ: 0.9400 Val Cosμ: 0.9979 | Pred→Target Cosμ: 0.9548 Val Cosμ: 0.8862 | Repr NormRatio: 1.1476 Val NormRatio: 1.0106 | Train Meta: n/a | Val Meta: n/a
   -> Saved last checkpoint at epoch 88
Epoch 89/100 | Steps: 1508 | LR: 0.000005 | Train Loss: 0.074966 (P:0.0735, S:0.0289, Q:0.0000) | Val Loss: 0.171823 (P:0.1622, S:0.1921, Q:0.0000) | Repr L2μ: 3.1119 Val L2μ: 0.6239 | Repr Cosμ: 0.9409 Val Cosμ: 0.9979 | Pred→Target Cosμ: 0.9538 Val Cosμ: 0.8866 | Repr NormRatio: 1.1447 Val NormRatio: 1.0111 | Train Meta: n/a | Val Meta: n/a
   -> Saved last checkpoint at epoch 89
Epoch 90/100 | Steps: 1508 | LR: 0.000004 | Train Loss: 0.074794 (P:0.0734, S:0.0272, Q:0.0000) | Val Loss: 0.198126 (P:0.1901, S:0.1599, Q:0.0000) | Repr L2μ: 3.1408 Val L2μ: 0.6640 | Repr Cosμ: 0.9400 Val Cosμ: 0.9976 | Pred→Target Cosμ: 0.9529 Val Cosμ: 0.8708 | Repr NormRatio: 1.1486 Val NormRatio: 1.0121 | Train Meta: n/a | Val Meta: n/a
   -> Saved last checkpoint at epoch 90
Epoch 91/100 | Steps: 1508 | LR: 0.000003 | Train Loss: 0.073256 (P:0.0719, S:0.0279, Q:0.0000) | Val Loss: 0.179040 (P:0.1699, S:0.1827, Q:0.0000) | Repr L2μ: 2.9901 Val L2μ: 0.6331 | Repr Cosμ: 0.9465 Val Cosμ: 0.9978 | Pred→Target Cosμ: 0.9535 Val Cosμ: 0.8802 | Repr NormRatio: 1.1408 Val NormRatio: 1.0112 | Train Meta: n/a | Val Meta: n/a
   -> Saved last checkpoint at epoch 91
Epoch 92/100 | Steps: 1508 | LR: 0.000003 | Train Loss: 0.074905 (P:0.0736, S:0.0270, Q:0.0000) | Val Loss: 0.187718 (P:0.1788, S:0.1784, Q:0.0000) | Repr L2μ: 3.1332 Val L2μ: 0.6342 | Repr Cosμ: 0.9401 Val Cosμ: 0.9979 | Pred→Target Cosμ: 0.9524 Val Cosμ: 0.8747 | Repr NormRatio: 1.1569 Val NormRatio: 1.0114 | Train Meta: n/a | Val Meta: n/a
   -> Saved last checkpoint at epoch 92
Epoch 93/100 | Steps: 1508 | LR: 0.000002 | Train Loss: 0.073040 (P:0.0717, S:0.0277, Q:0.0000) | Val Loss: 0.195963 (P:0.1880, S:0.1600, Q:0.0000) | Repr L2μ: 3.0053 Val L2μ: 0.6809 | Repr Cosμ: 0.9456 Val Cosμ: 0.9975 | Pred→Target Cosμ: 0.9532 Val Cosμ: 0.8738 | Repr NormRatio: 1.1448 Val NormRatio: 1.0147 | Train Meta: n/a | Val Meta: n/a
   -> Saved last checkpoint at epoch 93
Epoch 94/100 | Steps: 1508 | LR: 0.000002 | Train Loss: 0.074973 (P:0.0736, S:0.0274, Q:0.0000) | Val Loss: 0.182423 (P:0.1735, S:0.1792, Q:0.0000) | Repr L2μ: 3.0093 Val L2μ: 0.6209 | Repr Cosμ: 0.9451 Val Cosμ: 0.9979 | Pred→Target Cosμ: 0.9520 Val Cosμ: 0.8817 | Repr NormRatio: 1.1400 Val NormRatio: 1.0119 | Train Meta: n/a | Val Meta: n/a
   -> Saved last checkpoint at epoch 94
Epoch 95/100 | Steps: 1508 | LR: 0.000002 | Train Loss: 0.073793 (P:0.0724, S:0.0270, Q:0.0000) | Val Loss: 0.213178 (P:0.2057, S:0.1497, Q:0.0000) | Repr L2μ: 3.0686 Val L2μ: 0.6630 | Repr Cosμ: 0.9425 Val Cosμ: 0.9977 | Pred→Target Cosμ: 0.9517 Val Cosμ: 0.8644 | Repr NormRatio: 1.1483 Val NormRatio: 1.0123 | Train Meta: n/a | Val Meta: n/a
   -> Saved last checkpoint at epoch 95
Epoch 96/100 | Steps: 1508 | LR: 0.000001 | Train Loss: 0.072625 (P:0.0712, S:0.0281, Q:0.0000) | Val Loss: 0.190470 (P:0.1817, S:0.1759, Q:0.0000) | Repr L2μ: 2.9218 Val L2μ: 0.6579 | Repr Cosμ: 0.9481 Val Cosμ: 0.9977 | Pred→Target Cosμ: 0.9531 Val Cosμ: 0.8739 | Repr NormRatio: 1.1293 Val NormRatio: 1.0133 | Train Meta: n/a | Val Meta: n/a
   -> Saved last checkpoint at epoch 96
Epoch 97/100 | Steps: 1508 | LR: 0.000001 | Train Loss: 0.074300 (P:0.0730, S:0.0267, Q:0.0000) | Val Loss: 0.199880 (P:0.1922, S:0.1537, Q:0.0000) | Repr L2μ: 3.1110 Val L2μ: 0.6600 | Repr Cosμ: 0.9411 Val Cosμ: 0.9977 | Pred→Target Cosμ: 0.9512 Val Cosμ: 0.8626 | Repr NormRatio: 1.1413 Val NormRatio: 1.0125 | Train Meta: n/a | Val Meta: n/a
   -> Saved last checkpoint at epoch 97
Epoch 98/100 | Steps: 1508 | LR: 0.000001 | Train Loss: 0.074818 (P:0.0735, S:0.0260, Q:0.0000) | Val Loss: 0.191957 (P:0.1835, S:0.1691, Q:0.0000) | Repr L2μ: 2.9208 Val L2μ: 0.6456 | Repr Cosμ: 0.9491 Val Cosμ: 0.9978 | Pred→Target Cosμ: 0.9506 Val Cosμ: 0.8728 | Repr NormRatio: 1.1408 Val NormRatio: 1.0124 | Train Meta: n/a | Val Meta: n/a
   -> Saved last checkpoint at epoch 98
Epoch 99/100 | Steps: 1508 | LR: 0.000001 | Train Loss: 0.073974 (P:0.0727, S:0.0259, Q:0.0000) | Val Loss: 0.198363 (P:0.1904, S:0.1601, Q:0.0000) | Repr L2μ: 3.1229 Val L2μ: 0.6615 | Repr Cosμ: 0.9407 Val Cosμ: 0.9977 | Pred→Target Cosμ: 0.9513 Val Cosμ: 0.8674 | Repr NormRatio: 1.1504 Val NormRatio: 1.0127 | Train Meta: n/a | Val Meta: n/a
   -> Saved last checkpoint at epoch 99
Epoch 100/100 | Steps: 1508 | LR: 0.000001 | Train Loss: 0.074970 (P:0.0737, S:0.0253, Q:0.0000) | Val Loss: 0.188000 (P:0.1795, S:0.1703, Q:0.0000) | Repr L2μ: 2.9317 Val L2μ: 0.6501 | Repr Cosμ: 0.9489 Val Cosμ: 0.9977 | Pred→Target Cosμ: 0.9507 Val Cosμ: 0.8726 | Repr NormRatio: 1.1403 Val NormRatio: 1.0126 | Train Meta: n/a | Val Meta: n/a
   -> Saved last checkpoint at epoch 100
