nohup: ignoring input
🚀 Laya-TS Pretraining: ETTm1 (laya + ci_adapter)
📊 data_path: ../Dataset/Time-Series-Library_dataset/ETT-small/ETTm1.csv
📝 metadata: mode=text, fusion=none
📝 relation_adapter: heads=4, dropout=0.1, metadata_dropout=0.0
📝 metadata_cache: /NHNHOME/pjh_data/laya_ts_metadata_cache
📝 hf_cache: /NHNHOME/pjh_data/hf_cache
📝 log_dir: ./runs/pretrain_ettm1_laya_ci_adapter
/data/pjh_workspace/ts-env/lib/python3.8/site-packages/transformers/utils/hub.py:128: FutureWarning: Using `TRANSFORMERS_CACHE` is deprecated and will be removed in v5 of Transformers. Use `HF_HOME` instead.
  warnings.warn(
📊 Dataset Statistics:
   - Sequence Length (T): 512
   - Train Samples: 48265, Steps: 1508
   - Val Samples: 6457, Steps: 202
🔧 Encoder Hyperparameters:
   - d_model: 256
   - n_heads: 8
   - n_layers: 3
   - proj_dim: 128
   - predictor_depth: 2
   - predictor_heads: 4
   - patch_size: 16
   - metadata_fusion_mode: none
   - channel_mixer_relation_mode: none
   - use_relation_adapter: True
   - relation_adapter_position: post_encoder
   - relation_num_heads: 4
   - relation_dropout: 0.1
   - relation_scale_init: 0.001
   - use_metadata_bias: True
   - use_metadata_gate: True
   - metadata_scale_init: 0.001
   - metadata_dropout: 0.0
   - encoder_variant: default
   - temporal_patchifier_mode: fixed
   - use_channel_relation_block: False
🧮 Parameter Counts:
   - Total Parameters: 5,174,791
   - Trainable Parameters: 5,174,791
⏱️ Schedule:
   - total_steps: 150800
   - warmup_steps: 15080
   - derived_epochs: 100
Epoch 1/100 | Steps: 1508 | LR: 0.000010 | Train Loss: 0.663388 (P:0.6533, S:0.2011, Q:0.0000) | Val Loss: 0.588990 (P:0.5728, S:0.3239, Q:0.0000) | Repr L2μ: 7.7156 Val L2μ: 0.8630 | Repr Cosμ: 0.6620 Val Cosμ: 0.9956 | Pred→Target Cosμ: 0.6150 Val Cosμ: 0.6488 | Repr NormRatio: 1.9575 Val NormRatio: 1.0390 | Train Meta: AdapterScaleμ:0.0029, AdapterMetaScaleμ:0.0013, AdapterGateμ:0.7106, AdapterBias|B|μ:0.0476, AdapterMetaOn:1.00, AdapterMetaNZ%:100.0, AdapterΔ/Input:0.07% | Val Meta: AdapterScaleμ:0.0084, AdapterMetaScaleμ:0.0024, AdapterGateμ:0.9964, AdapterBias|B|μ:0.0393, AdapterMetaOn:1.00, AdapterMetaNZ%:100.0, AdapterΔ/Input:0.30%
   -> Saved improved checkpoint: val_loss=0.588990 at epoch 1
Epoch 2/100 | Steps: 1508 | LR: 0.000020 | Train Loss: 0.432280 (P:0.4282, S:0.0824, Q:0.0000) | Val Loss: 0.568498 (P:0.5525, S:0.3208, Q:0.0000) | Repr L2μ: 7.7030 Val L2μ: 0.8742 | Repr Cosμ: 0.6806 Val Cosμ: 0.9957 | Pred→Target Cosμ: 0.8062 Val Cosμ: 0.6548 | Repr NormRatio: 1.8455 Val NormRatio: 1.0355 | Train Meta: AdapterScaleμ:0.0185, AdapterMetaScaleμ:0.0116, AdapterGateμ:0.9991, AdapterBias|B|μ:2.2522, AdapterMetaOn:1.00, AdapterMetaNZ%:100.0, AdapterΔ/Input:1.78% | Val Meta: AdapterScaleμ:0.0280, AdapterMetaScaleμ:0.0320, AdapterGateμ:0.9958, AdapterBias|B|μ:15.5959, AdapterMetaOn:1.00, AdapterMetaNZ%:100.0, AdapterΔ/Input:3.15%
   -> Saved improved checkpoint: val_loss=0.568498 at epoch 2
Epoch 3/100 | Steps: 1508 | LR: 0.000030 | Train Loss: 0.375185 (P:0.3724, S:0.0550, Q:0.0000) | Val Loss: 0.542090 (P:0.5239, S:0.3631, Q:0.0000) | Repr L2μ: 7.3885 Val L2μ: 0.8855 | Repr Cosμ: 0.7284 Val Cosμ: 0.9960 | Pred→Target Cosμ: 0.8213 Val Cosμ: 0.6662 | Repr NormRatio: 1.6896 Val NormRatio: 1.0334 | Train Meta: AdapterScaleμ:0.0382, AdapterMetaScaleμ:0.0416, AdapterGateμ:0.9917, AdapterBias|B|μ:30.2703, AdapterMetaOn:1.00, AdapterMetaNZ%:100.0, AdapterΔ/Input:7.42% | Val Meta: AdapterScaleμ:0.0493, AdapterMetaScaleμ:0.0473, AdapterGateμ:0.9985, AdapterBias|B|μ:39.0156, AdapterMetaOn:1.00, AdapterMetaNZ%:100.0, AdapterΔ/Input:9.81%
   -> Saved improved checkpoint: val_loss=0.542090 at epoch 3
Epoch 4/100 | Steps: 1508 | LR: 0.000040 | Train Loss: 0.305780 (P:0.3037, S:0.0414, Q:0.0000) | Val Loss: 0.533006 (P:0.5146, S:0.3682, Q:0.0000) | Repr L2μ: 7.2091 Val L2μ: 0.9670 | Repr Cosμ: 0.7591 Val Cosμ: 0.9954 | Pred→Target Cosμ: 0.8332 Val Cosμ: 0.6907 | Repr NormRatio: 1.5707 Val NormRatio: 1.0367 | Train Meta: AdapterScaleμ:0.0604, AdapterMetaScaleμ:0.0495, AdapterGateμ:0.9991, AdapterBias|B|μ:38.2503, AdapterMetaOn:1.00, AdapterMetaNZ%:100.0, AdapterΔ/Input:15.15% | Val Meta: AdapterScaleμ:0.0719, AdapterMetaScaleμ:0.0518, AdapterGateμ:0.9994, AdapterBias|B|μ:37.9768, AdapterMetaOn:1.00, AdapterMetaNZ%:100.0, AdapterΔ/Input:14.86%
   -> Saved improved checkpoint: val_loss=0.533006 at epoch 4
Epoch 5/100 | Steps: 1508 | LR: 0.000050 | Train Loss: 0.229701 (P:0.2279, S:0.0356, Q:0.0000) | Val Loss: 0.625152 (P:0.6105, S:0.2927, Q:0.0000) | Repr L2μ: 6.8289 Val L2μ: 1.3185 | Repr Cosμ: 0.7993 Val Cosμ: 0.9917 | Pred→Target Cosμ: 0.8403 Val Cosμ: 0.6800 | Repr NormRatio: 1.4836 Val NormRatio: 1.0585 | Train Meta: AdapterScaleμ:0.0871, AdapterMetaScaleμ:0.0557, AdapterGateμ:0.9264, AdapterBias|B|μ:38.3093, AdapterMetaOn:1.00, AdapterMetaNZ%:100.0, AdapterΔ/Input:22.74% | Val Meta: AdapterScaleμ:0.1048, AdapterMetaScaleμ:0.0607, AdapterGateμ:0.7899, AdapterBias|B|μ:39.4630, AdapterMetaOn:1.00, AdapterMetaNZ%:100.0, AdapterΔ/Input:25.15%
   -> Saved last checkpoint at epoch 5
Epoch 6/100 | Steps: 1508 | LR: 0.000060 | Train Loss: 0.192891 (P:0.1909, S:0.0398, Q:0.0000) | Val Loss: 0.803579 (P:0.7853, S:0.3651, Q:0.0000) | Repr L2μ: 5.8453 Val L2μ: 0.8895 | Repr Cosμ: 0.8726 Val Cosμ: 0.9975 | Pred→Target Cosμ: 0.8649 Val Cosμ: 0.5772 | Repr NormRatio: 1.3857 Val NormRatio: 1.0260 | Train Meta: AdapterScaleμ:0.1214, AdapterMetaScaleμ:0.0661, AdapterGateμ:0.7048, AdapterBias|B|μ:37.1399, AdapterMetaOn:1.00, AdapterMetaNZ%:100.0, AdapterΔ/Input:28.85% | Val Meta: AdapterScaleμ:0.1384, AdapterMetaScaleμ:0.0722, AdapterGateμ:0.4519, AdapterBias|B|μ:40.2290, AdapterMetaOn:1.00, AdapterMetaNZ%:100.0, AdapterΔ/Input:21.78%
   -> Saved last checkpoint at epoch 6
Epoch 7/100 | Steps: 1508 | LR: 0.000070 | Train Loss: 0.218352 (P:0.2163, S:0.0412, Q:0.0000) | Val Loss: 1.013331 (P:0.9970, S:0.3263, Q:0.0000) | Repr L2μ: 5.3942 Val L2μ: 1.1194 | Repr Cosμ: 0.9019 Val Cosμ: 0.9962 | Pred→Target Cosμ: 0.8903 Val Cosμ: 0.6126 | Repr NormRatio: 1.2888 Val NormRatio: 1.0263 | Train Meta: AdapterScaleμ:0.1501, AdapterMetaScaleμ:0.0718, AdapterGateμ:0.5250, AdapterBias|B|μ:33.8030, AdapterMetaOn:1.00, AdapterMetaNZ%:100.0, AdapterΔ/Input:28.22% | Val Meta: AdapterScaleμ:0.1632, AdapterMetaScaleμ:0.0732, AdapterGateμ:0.5673, AdapterBias|B|μ:30.4911, AdapterMetaOn:1.00, AdapterMetaNZ%:100.0, AdapterΔ/Input:26.13%
   -> Saved last checkpoint at epoch 7
Epoch 8/100 | Steps: 1508 | LR: 0.000080 | Train Loss: 0.256969 (P:0.2549, S:0.0424, Q:0.0000) | Val Loss: 1.079284 (P:1.0586, S:0.4128, Q:0.0000) | Repr L2μ: 5.7373 Val L2μ: 1.6346 | Repr Cosμ: 0.8950 Val Cosμ: 0.9904 | Pred→Target Cosμ: 0.9029 Val Cosμ: 0.5735 | Repr NormRatio: 1.2986 Val NormRatio: 1.0448 | Train Meta: AdapterScaleμ:0.1755, AdapterMetaScaleμ:0.0749, AdapterGateμ:0.4996, AdapterBias|B|μ:35.3126, AdapterMetaOn:1.00, AdapterMetaNZ%:100.0, AdapterΔ/Input:30.91% | Val Meta: AdapterScaleμ:0.1891, AdapterMetaScaleμ:0.0759, AdapterGateμ:0.4376, AdapterBias|B|μ:37.1332, AdapterMetaOn:1.00, AdapterMetaNZ%:100.0, AdapterΔ/Input:25.96%
   -> Saved last checkpoint at epoch 8
Epoch 9/100 | Steps: 1508 | LR: 0.000090 | Train Loss: 0.250734 (P:0.2489, S:0.0359, Q:0.0000) | Val Loss: 1.000744 (P:0.9846, S:0.3221, Q:0.0000) | Repr L2μ: 5.6983 Val L2μ: 1.5614 | Repr Cosμ: 0.8964 Val Cosμ: 0.9921 | Pred→Target Cosμ: 0.9096 Val Cosμ: 0.6339 | Repr NormRatio: 1.3138 Val NormRatio: 1.0259 | Train Meta: AdapterScaleμ:0.1988, AdapterMetaScaleμ:0.0773, AdapterGateμ:0.3921, AdapterBias|B|μ:29.4170, AdapterMetaOn:1.00, AdapterMetaNZ%:100.0, AdapterΔ/Input:27.38% | Val Meta: AdapterScaleμ:0.2084, AdapterMetaScaleμ:0.0775, AdapterGateμ:0.4684, AdapterBias|B|μ:29.0718, AdapterMetaOn:1.00, AdapterMetaNZ%:100.0, AdapterΔ/Input:25.14%
   -> Saved last checkpoint at epoch 9
Epoch 10/100 | Steps: 1508 | LR: 0.000100 | Train Loss: 0.229902 (P:0.2280, S:0.0386, Q:0.0000) | Val Loss: 0.817876 (P:0.8008, S:0.3425, Q:0.0000) | Repr L2μ: 6.4204 Val L2μ: 3.0061 | Repr Cosμ: 0.8724 Val Cosμ: 0.9607 | Pred→Target Cosμ: 0.9180 Val Cosμ: 0.6341 | Repr NormRatio: 1.2975 Val NormRatio: 1.0891 | Train Meta: AdapterScaleμ:0.2224, AdapterMetaScaleμ:0.0800, AdapterGateμ:0.4101, AdapterBias|B|μ:27.1002, AdapterMetaOn:1.00, AdapterMetaNZ%:100.0, AdapterΔ/Input:32.18% | Val Meta: AdapterScaleμ:0.2364, AdapterMetaScaleμ:0.0799, AdapterGateμ:0.4274, AdapterBias|B|μ:27.2625, AdapterMetaOn:1.00, AdapterMetaNZ%:100.0, AdapterΔ/Input:31.52%
   -> Saved last checkpoint at epoch 10
Epoch 11/100 | Steps: 1508 | LR: 0.000100 | Train Loss: 0.176764 (P:0.1749, S:0.0374, Q:0.0000) | Val Loss: 0.872194 (P:0.8525, S:0.3942, Q:0.0000) | Repr L2μ: 6.5651 Val L2μ: 1.7578 | Repr Cosμ: 0.8642 Val Cosμ: 0.9884 | Pred→Target Cosμ: 0.9282 Val Cosμ: 0.5254 | Repr NormRatio: 1.3048 Val NormRatio: 1.0393 | Train Meta: AdapterScaleμ:0.2449, AdapterMetaScaleμ:0.0817, AdapterGateμ:0.3832, AdapterBias|B|μ:26.5701, AdapterMetaOn:1.00, AdapterMetaNZ%:100.0, AdapterΔ/Input:35.17% | Val Meta: AdapterScaleμ:0.2513, AdapterMetaScaleμ:0.0811, AdapterGateμ:0.3541, AdapterBias|B|μ:19.6085, AdapterMetaOn:1.00, AdapterMetaNZ%:100.0, AdapterΔ/Input:25.49%
   -> Saved last checkpoint at epoch 11
Epoch 12/100 | Steps: 1508 | LR: 0.000100 | Train Loss: 0.145673 (P:0.1441, S:0.0315, Q:0.0000) | Val Loss: 0.738164 (P:0.7200, S:0.3631, Q:0.0000) | Repr L2μ: 6.4729 Val L2μ: 2.6028 | Repr Cosμ: 0.8645 Val Cosμ: 0.9727 | Pred→Target Cosμ: 0.9339 Val Cosμ: 0.6022 | Repr NormRatio: 1.3481 Val NormRatio: 1.0457 | Train Meta: AdapterScaleμ:0.2585, AdapterMetaScaleμ:0.0827, AdapterGateμ:0.3674, AdapterBias|B|μ:23.7412, AdapterMetaOn:1.00, AdapterMetaNZ%:100.0, AdapterΔ/Input:34.86% | Val Meta: AdapterScaleμ:0.2653, AdapterMetaScaleμ:0.0833, AdapterGateμ:0.3488, AdapterBias|B|μ:24.7161, AdapterMetaOn:1.00, AdapterMetaNZ%:100.0, AdapterΔ/Input:30.83%
   -> Saved last checkpoint at epoch 12
Epoch 13/100 | Steps: 1508 | LR: 0.000100 | Train Loss: 0.146400 (P:0.1445, S:0.0372, Q:0.0000) | Val Loss: 0.772830 (P:0.7598, S:0.2601, Q:0.0000) | Repr L2μ: 6.4726 Val L2μ: 2.7959 | Repr Cosμ: 0.8578 Val Cosμ: 0.9664 | Pred→Target Cosμ: 0.9366 Val Cosμ: 0.5540 | Repr NormRatio: 1.3604 Val NormRatio: 1.0570 | Train Meta: AdapterScaleμ:0.2709, AdapterMetaScaleμ:0.0835, AdapterGateμ:0.3347, AdapterBias|B|μ:22.8413, AdapterMetaOn:1.00, AdapterMetaNZ%:100.0, AdapterΔ/Input:34.92% | Val Meta: AdapterScaleμ:0.2755, AdapterMetaScaleμ:0.0821, AdapterGateμ:0.2967, AdapterBias|B|μ:20.5447, AdapterMetaOn:1.00, AdapterMetaNZ%:100.0, AdapterΔ/Input:26.54%
   -> Saved last checkpoint at epoch 13
Epoch 14/100 | Steps: 1508 | LR: 0.000100 | Train Loss: 0.121468 (P:0.1199, S:0.0307, Q:0.0000) | Val Loss: 0.730769 (P:0.7191, S:0.2336, Q:0.0000) | Repr L2μ: 6.0920 Val L2μ: 3.5037 | Repr Cosμ: 0.8718 Val Cosμ: 0.9477 | Pred→Target Cosμ: 0.9405 Val Cosμ: 0.6398 | Repr NormRatio: 1.3198 Val NormRatio: 1.0876 | Train Meta: AdapterScaleμ:0.2801, AdapterMetaScaleμ:0.0849, AdapterGateμ:0.3227, AdapterBias|B|μ:26.8998, AdapterMetaOn:1.00, AdapterMetaNZ%:100.0, AdapterΔ/Input:34.82% | Val Meta: AdapterScaleμ:0.2851, AdapterMetaScaleμ:0.0864, AdapterGateμ:0.3226, AdapterBias|B|μ:28.8049, AdapterMetaOn:1.00, AdapterMetaNZ%:100.0, AdapterΔ/Input:30.34%
   -> Saved last checkpoint at epoch 14
Epoch 15/100 | Steps: 1508 | LR: 0.000099 | Train Loss: 0.113650 (P:0.1121, S:0.0309, Q:0.0000) | Val Loss: 0.614023 (P:0.5977, S:0.3272, Q:0.0000) | Repr L2μ: 5.9723 Val L2μ: 2.5955 | Repr Cosμ: 0.8783 Val Cosμ: 0.9744 | Pred→Target Cosμ: 0.9449 Val Cosμ: 0.6639 | Repr NormRatio: 1.3342 Val NormRatio: 1.0880 | Train Meta: AdapterScaleμ:0.2889, AdapterMetaScaleμ:0.0858, AdapterGateμ:0.3080, AdapterBias|B|μ:29.8313, AdapterMetaOn:1.00, AdapterMetaNZ%:100.0, AdapterΔ/Input:34.91% | Val Meta: AdapterScaleμ:0.2903, AdapterMetaScaleμ:0.0843, AdapterGateμ:0.2994, AdapterBias|B|μ:27.3963, AdapterMetaOn:1.00, AdapterMetaNZ%:100.0, AdapterΔ/Input:25.71%
   -> Saved last checkpoint at epoch 15
Epoch 16/100 | Steps: 1508 | LR: 0.000099 | Train Loss: 0.102082 (P:0.1007, S:0.0281, Q:0.0000) | Val Loss: 0.563450 (P:0.5513, S:0.2427, Q:0.0000) | Repr L2μ: 5.7626 Val L2μ: 2.4365 | Repr Cosμ: 0.8785 Val Cosμ: 0.9752 | Pred→Target Cosμ: 0.9465 Val Cosμ: 0.6863 | Repr NormRatio: 1.3265 Val NormRatio: 1.0887 | Train Meta: AdapterScaleμ:0.2924, AdapterMetaScaleμ:0.0851, AdapterGateμ:0.2903, AdapterBias|B|μ:31.4128, AdapterMetaOn:1.00, AdapterMetaNZ%:100.0, AdapterΔ/Input:31.68% | Val Meta: AdapterScaleμ:0.2946, AdapterMetaScaleμ:0.0865, AdapterGateμ:0.2810, AdapterBias|B|μ:31.2628, AdapterMetaOn:1.00, AdapterMetaNZ%:100.0, AdapterΔ/Input:25.92%
   -> Saved last checkpoint at epoch 16
Epoch 17/100 | Steps: 1508 | LR: 0.000099 | Train Loss: 0.103514 (P:0.1022, S:0.0265, Q:0.0000) | Val Loss: 0.582053 (P:0.5673, S:0.2947, Q:0.0000) | Repr L2μ: 5.6232 Val L2μ: 1.7231 | Repr Cosμ: 0.8807 Val Cosμ: 0.9878 | Pred→Target Cosμ: 0.9467 Val Cosμ: 0.6969 | Repr NormRatio: 1.3703 Val NormRatio: 1.1055 | Train Meta: AdapterScaleμ:0.2971, AdapterMetaScaleμ:0.0843, AdapterGateμ:0.2789, AdapterBias|B|μ:28.6697, AdapterMetaOn:1.00, AdapterMetaNZ%:100.0, AdapterΔ/Input:30.50% | Val Meta: AdapterScaleμ:0.2987, AdapterMetaScaleμ:0.0847, AdapterGateμ:0.2559, AdapterBias|B|μ:26.8796, AdapterMetaOn:1.00, AdapterMetaNZ%:100.0, AdapterΔ/Input:21.84%
   -> Saved last checkpoint at epoch 17
Epoch 18/100 | Steps: 1508 | LR: 0.000098 | Train Loss: 0.108548 (P:0.1072, S:0.0278, Q:0.0000) | Val Loss: 0.599656 (P:0.5901, S:0.1911, Q:0.0000) | Repr L2μ: 5.2441 Val L2μ: 2.8494 | Repr Cosμ: 0.8979 Val Cosμ: 0.9635 | Pred→Target Cosμ: 0.9479 Val Cosμ: 0.7060 | Repr NormRatio: 1.3036 Val NormRatio: 1.1154 | Train Meta: AdapterScaleμ:0.3010, AdapterMetaScaleμ:0.0868, AdapterGateμ:0.2828, AdapterBias|B|μ:30.6969, AdapterMetaOn:1.00, AdapterMetaNZ%:100.0, AdapterΔ/Input:28.83% | Val Meta: AdapterScaleμ:0.3034, AdapterMetaScaleμ:0.0865, AdapterGateμ:0.2750, AdapterBias|B|μ:31.7763, AdapterMetaOn:1.00, AdapterMetaNZ%:100.0, AdapterΔ/Input:27.57%
   -> Saved last checkpoint at epoch 18
Epoch 19/100 | Steps: 1508 | LR: 0.000098 | Train Loss: 0.104096 (P:0.1027, S:0.0282, Q:0.0000) | Val Loss: 0.535955 (P:0.5262, S:0.1953, Q:0.0000) | Repr L2μ: 5.3036 Val L2μ: 2.5098 | Repr Cosμ: 0.8946 Val Cosμ: 0.9743 | Pred→Target Cosμ: 0.9504 Val Cosμ: 0.7121 | Repr NormRatio: 1.2829 Val NormRatio: 1.0603 | Train Meta: AdapterScaleμ:0.3058, AdapterMetaScaleμ:0.0863, AdapterGateμ:0.2674, AdapterBias|B|μ:32.1939, AdapterMetaOn:1.00, AdapterMetaNZ%:100.0, AdapterΔ/Input:28.44% | Val Meta: AdapterScaleμ:0.3083, AdapterMetaScaleμ:0.0857, AdapterGateμ:0.2814, AdapterBias|B|μ:33.6340, AdapterMetaOn:1.00, AdapterMetaNZ%:100.0, AdapterΔ/Input:26.57%
   -> Saved last checkpoint at epoch 19
Epoch 20/100 | Steps: 1508 | LR: 0.000097 | Train Loss: 0.101178 (P:0.0998, S:0.0277, Q:0.0000) | Val Loss: 0.569691 (P:0.5586, S:0.2225, Q:0.0000) | Repr L2μ: 5.0076 Val L2μ: 2.2721 | Repr Cosμ: 0.9044 Val Cosμ: 0.9779 | Pred→Target Cosμ: 0.9517 Val Cosμ: 0.6975 | Repr NormRatio: 1.2778 Val NormRatio: 1.1325 | Train Meta: AdapterScaleμ:0.3117, AdapterMetaScaleμ:0.0887, AdapterGateμ:0.2263, AdapterBias|B|μ:35.2321, AdapterMetaOn:1.00, AdapterMetaNZ%:100.0, AdapterΔ/Input:26.06% | Val Meta: AdapterScaleμ:0.3157, AdapterMetaScaleμ:0.0927, AdapterGateμ:0.1718, AdapterBias|B|μ:43.2903, AdapterMetaOn:1.00, AdapterMetaNZ%:100.0, AdapterΔ/Input:20.33%
   -> Saved last checkpoint at epoch 20
Epoch 21/100 | Steps: 1508 | LR: 0.000096 | Train Loss: 0.093690 (P:0.0921, S:0.0314, Q:0.0000) | Val Loss: 0.530770 (P:0.5207, S:0.2004, Q:0.0000) | Repr L2μ: 4.8723 Val L2μ: 1.8944 | Repr Cosμ: 0.9048 Val Cosμ: 0.9844 | Pred→Target Cosμ: 0.9543 Val Cosμ: 0.6984 | Repr NormRatio: 1.2786 Val NormRatio: 1.0800 | Train Meta: AdapterScaleμ:0.3172, AdapterMetaScaleμ:0.0907, AdapterGateμ:0.1800, AdapterBias|B|μ:37.2146, AdapterMetaOn:1.00, AdapterMetaNZ%:100.0, AdapterΔ/Input:23.44% | Val Meta: AdapterScaleμ:0.3203, AdapterMetaScaleμ:0.0886, AdapterGateμ:0.1701, AdapterBias|B|μ:33.0504, AdapterMetaOn:1.00, AdapterMetaNZ%:100.0, AdapterΔ/Input:18.48%
   -> Saved improved checkpoint: val_loss=0.530770 at epoch 21
Epoch 22/100 | Steps: 1508 | LR: 0.000096 | Train Loss: 0.090055 (P:0.0886, S:0.0301, Q:0.0000) | Val Loss: 0.536600 (P:0.5248, S:0.2359, Q:0.0000) | Repr L2μ: 4.2520 Val L2μ: 2.0558 | Repr Cosμ: 0.9301 Val Cosμ: 0.9807 | Pred→Target Cosμ: 0.9553 Val Cosμ: 0.6968 | Repr NormRatio: 1.2667 Val NormRatio: 1.1037 | Train Meta: AdapterScaleμ:0.3215, AdapterMetaScaleμ:0.0866, AdapterGateμ:0.1763, AdapterBias|B|μ:31.8563, AdapterMetaOn:1.00, AdapterMetaNZ%:100.0, AdapterΔ/Input:23.21% | Val Meta: AdapterScaleμ:0.3224, AdapterMetaScaleμ:0.0852, AdapterGateμ:0.1912, AdapterBias|B|μ:30.6207, AdapterMetaOn:1.00, AdapterMetaNZ%:100.0, AdapterΔ/Input:21.57%
   -> Saved last checkpoint at epoch 22
Epoch 23/100 | Steps: 1508 | LR: 0.000095 | Train Loss: 0.095876 (P:0.0942, S:0.0339, Q:0.0000) | Val Loss: 0.544644 (P:0.5343, S:0.2075, Q:0.0000) | Repr L2μ: 4.5960 Val L2μ: 1.6579 | Repr Cosμ: 0.9136 Val Cosμ: 0.9881 | Pred→Target Cosμ: 0.9517 Val Cosμ: 0.6879 | Repr NormRatio: 1.2983 Val NormRatio: 1.0392 | Train Meta: AdapterScaleμ:0.3235, AdapterMetaScaleμ:0.0826, AdapterGateμ:0.1967, AdapterBias|B|μ:27.1557, AdapterMetaOn:1.00, AdapterMetaNZ%:100.0, AdapterΔ/Input:26.67% | Val Meta: AdapterScaleμ:0.3243, AdapterMetaScaleμ:0.0833, AdapterGateμ:0.1748, AdapterBias|B|μ:29.1542, AdapterMetaOn:1.00, AdapterMetaNZ%:100.0, AdapterΔ/Input:18.95%
   -> Saved last checkpoint at epoch 23
Epoch 24/100 | Steps: 1508 | LR: 0.000094 | Train Loss: 0.075643 (P:0.0743, S:0.0274, Q:0.0000) | Val Loss: 0.503989 (P:0.4932, S:0.2159, Q:0.0000) | Repr L2μ: 4.5010 Val L2μ: 1.8908 | Repr Cosμ: 0.9177 Val Cosμ: 0.9835 | Pred→Target Cosμ: 0.9579 Val Cosμ: 0.7128 | Repr NormRatio: 1.2879 Val NormRatio: 1.0578 | Train Meta: AdapterScaleμ:0.3230, AdapterMetaScaleμ:0.0808, AdapterGateμ:0.1988, AdapterBias|B|μ:25.2003, AdapterMetaOn:1.00, AdapterMetaNZ%:100.0, AdapterΔ/Input:26.66% | Val Meta: AdapterScaleμ:0.3229, AdapterMetaScaleμ:0.0785, AdapterGateμ:0.2196, AdapterBias|B|μ:22.5111, AdapterMetaOn:1.00, AdapterMetaNZ%:100.0, AdapterΔ/Input:26.85%
   -> Saved improved checkpoint: val_loss=0.503989 at epoch 24
Epoch 25/100 | Steps: 1508 | LR: 0.000093 | Train Loss: 0.078265 (P:0.0767, S:0.0322, Q:0.0000) | Val Loss: 0.463973 (P:0.4521, S:0.2380, Q:0.0000) | Repr L2μ: 4.4205 Val L2μ: 1.6926 | Repr Cosμ: 0.9227 Val Cosμ: 0.9887 | Pred→Target Cosμ: 0.9584 Val Cosμ: 0.6972 | Repr NormRatio: 1.2846 Val NormRatio: 1.1027 | Train Meta: AdapterScaleμ:0.3217, AdapterMetaScaleμ:0.0779, AdapterGateμ:0.2030, AdapterBias|B|μ:22.6236, AdapterMetaOn:1.00, AdapterMetaNZ%:100.0, AdapterΔ/Input:26.59% | Val Meta: AdapterScaleμ:0.3215, AdapterMetaScaleμ:0.0763, AdapterGateμ:0.1699, AdapterBias|B|μ:24.3010, AdapterMetaOn:1.00, AdapterMetaNZ%:100.0, AdapterΔ/Input:18.09%
   -> Saved improved checkpoint: val_loss=0.463973 at epoch 25
Epoch 26/100 | Steps: 1508 | LR: 0.000092 | Train Loss: 0.083900 (P:0.0820, S:0.0379, Q:0.0000) | Val Loss: 0.382185 (P:0.3731, S:0.1816, Q:0.0000) | Repr L2μ: 4.4017 Val L2μ: 1.5969 | Repr Cosμ: 0.9235 Val Cosμ: 0.9893 | Pred→Target Cosμ: 0.9595 Val Cosμ: 0.7707 | Repr NormRatio: 1.3535 Val NormRatio: 1.0899 | Train Meta: AdapterScaleμ:0.3212, AdapterMetaScaleμ:0.0720, AdapterGateμ:0.1922, AdapterBias|B|μ:23.7901, AdapterMetaOn:1.00, AdapterMetaNZ%:100.0, AdapterΔ/Input:26.25% | Val Meta: AdapterScaleμ:0.3200, AdapterMetaScaleμ:0.0708, AdapterGateμ:0.1839, AdapterBias|B|μ:21.6694, AdapterMetaOn:1.00, AdapterMetaNZ%:100.0, AdapterΔ/Input:17.88%
   -> Saved improved checkpoint: val_loss=0.382185 at epoch 26
Epoch 27/100 | Steps: 1508 | LR: 0.000092 | Train Loss: 0.080925 (P:0.0794, S:0.0296, Q:0.0000) | Val Loss: 0.368372 (P:0.3569, S:0.2298, Q:0.0000) | Repr L2μ: 4.1714 Val L2μ: 1.3620 | Repr Cosμ: 0.9302 Val Cosμ: 0.9917 | Pred→Target Cosμ: 0.9601 Val Cosμ: 0.7285 | Repr NormRatio: 1.3153 Val NormRatio: 1.0489 | Train Meta: AdapterScaleμ:0.3198, AdapterMetaScaleμ:0.0724, AdapterGateμ:0.2010, AdapterBias|B|μ:26.3108, AdapterMetaOn:1.00, AdapterMetaNZ%:100.0, AdapterΔ/Input:25.46% | Val Meta: AdapterScaleμ:0.3190, AdapterMetaScaleμ:0.0712, AdapterGateμ:0.1899, AdapterBias|B|μ:24.4039, AdapterMetaOn:1.00, AdapterMetaNZ%:100.0, AdapterΔ/Input:17.10%
   -> Saved improved checkpoint: val_loss=0.368372 at epoch 27
Epoch 28/100 | Steps: 1508 | LR: 0.000091 | Train Loss: 0.081718 (P:0.0796, S:0.0431, Q:0.0000) | Val Loss: 0.466107 (P:0.4531, S:0.2609, Q:0.0000) | Repr L2μ: 5.2040 Val L2μ: 1.7249 | Repr Cosμ: 0.8816 Val Cosμ: 0.9866 | Pred→Target Cosμ: 0.9593 Val Cosμ: 0.7512 | Repr NormRatio: 1.4720 Val NormRatio: 1.0940 | Train Meta: AdapterScaleμ:0.3177, AdapterMetaScaleμ:0.0710, AdapterGateμ:0.1927, AdapterBias|B|μ:26.2777, AdapterMetaOn:1.00, AdapterMetaNZ%:100.0, AdapterΔ/Input:27.81% | Val Meta: AdapterScaleμ:0.3176, AdapterMetaScaleμ:0.0703, AdapterGateμ:0.1795, AdapterBias|B|μ:28.9225, AdapterMetaOn:1.00, AdapterMetaNZ%:100.0, AdapterΔ/Input:21.43%
   -> Saved last checkpoint at epoch 28
Epoch 29/100 | Steps: 1508 | LR: 0.000090 | Train Loss: 0.077845 (P:0.0760, S:0.0360, Q:0.0000) | Val Loss: 0.445364 (P:0.4335, S:0.2369, Q:0.0000) | Repr L2μ: 4.8018 Val L2μ: 1.9781 | Repr Cosμ: 0.8996 Val Cosμ: 0.9813 | Pred→Target Cosμ: 0.9621 Val Cosμ: 0.7501 | Repr NormRatio: 1.3126 Val NormRatio: 1.0844 | Train Meta: AdapterScaleμ:0.3170, AdapterMetaScaleμ:0.0698, AdapterGateμ:0.1855, AdapterBias|B|μ:30.9187, AdapterMetaOn:1.00, AdapterMetaNZ%:100.0, AdapterΔ/Input:25.35% | Val Meta: AdapterScaleμ:0.3174, AdapterMetaScaleμ:0.0681, AdapterGateμ:0.1718, AdapterBias|B|μ:31.0154, AdapterMetaOn:1.00, AdapterMetaNZ%:100.0, AdapterΔ/Input:19.37%
   -> Saved last checkpoint at epoch 29
Epoch 30/100 | Steps: 1508 | LR: 0.000088 | Train Loss: 0.074248 (P:0.0726, S:0.0322, Q:0.0000) | Val Loss: 0.453871 (P:0.4468, S:0.1420, Q:0.0000) | Repr L2μ: 4.5095 Val L2μ: 2.5115 | Repr Cosμ: 0.9084 Val Cosμ: 0.9662 | Pred→Target Cosμ: 0.9618 Val Cosμ: 0.7732 | Repr NormRatio: 1.3186 Val NormRatio: 1.1212 | Train Meta: AdapterScaleμ:0.3163, AdapterMetaScaleμ:0.0665, AdapterGateμ:0.1905, AdapterBias|B|μ:31.2026, AdapterMetaOn:1.00, AdapterMetaNZ%:100.0, AdapterΔ/Input:25.38% | Val Meta: AdapterScaleμ:0.3155, AdapterMetaScaleμ:0.0648, AdapterGateμ:0.2345, AdapterBias|B|μ:29.4667, AdapterMetaOn:1.00, AdapterMetaNZ%:100.0, AdapterΔ/Input:28.90%
   -> Saved last checkpoint at epoch 30
Epoch 31/100 | Steps: 1508 | LR: 0.000087 | Train Loss: 0.081894 (P:0.0799, S:0.0407, Q:0.0000) | Val Loss: 0.427925 (P:0.4206, S:0.1467, Q:0.0000) | Repr L2μ: 4.3650 Val L2μ: 2.2659 | Repr Cosμ: 0.9119 Val Cosμ: 0.9721 | Pred→Target Cosμ: 0.9607 Val Cosμ: 0.8527 | Repr NormRatio: 1.3043 Val NormRatio: 1.1059 | Train Meta: AdapterScaleμ:0.3136, AdapterMetaScaleμ:0.0643, AdapterGateμ:0.1818, AdapterBias|B|μ:29.4348, AdapterMetaOn:1.00, AdapterMetaNZ%:100.0, AdapterΔ/Input:23.46% | Val Meta: AdapterScaleμ:0.3144, AdapterMetaScaleμ:0.0636, AdapterGateμ:0.1713, AdapterBias|B|μ:31.3128, AdapterMetaOn:1.00, AdapterMetaNZ%:100.0, AdapterΔ/Input:27.38%
   -> Saved last checkpoint at epoch 31
Epoch 32/100 | Steps: 1508 | LR: 0.000086 | Train Loss: 0.086404 (P:0.0845, S:0.0376, Q:0.0000) | Val Loss: 0.454505 (P:0.4465, S:0.1597, Q:0.0000) | Repr L2μ: 4.1004 Val L2μ: 2.2429 | Repr Cosμ: 0.9257 Val Cosμ: 0.9707 | Pred→Target Cosμ: 0.9577 Val Cosμ: 0.7531 | Repr NormRatio: 1.3180 Val NormRatio: 1.1574 | Train Meta: AdapterScaleμ:0.3151, AdapterMetaScaleμ:0.0607, AdapterGateμ:0.1851, AdapterBias|B|μ:28.2932, AdapterMetaOn:1.00, AdapterMetaNZ%:100.0, AdapterΔ/Input:28.03% | Val Meta: AdapterScaleμ:0.3146, AdapterMetaScaleμ:0.0593, AdapterGateμ:0.1767, AdapterBias|B|μ:26.5304, AdapterMetaOn:1.00, AdapterMetaNZ%:100.0, AdapterΔ/Input:28.25%
   -> Saved last checkpoint at epoch 32
Epoch 33/100 | Steps: 1508 | LR: 0.000085 | Train Loss: 0.078269 (P:0.0765, S:0.0357, Q:0.0000) | Val Loss: 0.413270 (P:0.4050, S:0.1657, Q:0.0000) | Repr L2μ: 3.9047 Val L2μ: 1.7874 | Repr Cosμ: 0.9314 Val Cosμ: 0.9829 | Pred→Target Cosμ: 0.9611 Val Cosμ: 0.7788 | Repr NormRatio: 1.3195 Val NormRatio: 1.0844 | Train Meta: AdapterScaleμ:0.3120, AdapterMetaScaleμ:0.0587, AdapterGateμ:0.1726, AdapterBias|B|μ:26.5589, AdapterMetaOn:1.00, AdapterMetaNZ%:100.0, AdapterΔ/Input:24.53% | Val Meta: AdapterScaleμ:0.3097, AdapterMetaScaleμ:0.0586, AdapterGateμ:0.1815, AdapterBias|B|μ:29.5572, AdapterMetaOn:1.00, AdapterMetaNZ%:100.0, AdapterΔ/Input:23.65%
   -> Saved last checkpoint at epoch 33
Epoch 34/100 | Steps: 1508 | LR: 0.000084 | Train Loss: 0.076471 (P:0.0748, S:0.0328, Q:0.0000) | Val Loss: 0.535548 (P:0.5236, S:0.2396, Q:0.0000) | Repr L2μ: 3.8125 Val L2μ: 1.6844 | Repr Cosμ: 0.9331 Val Cosμ: 0.9855 | Pred→Target Cosμ: 0.9634 Val Cosμ: 0.7481 | Repr NormRatio: 1.2603 Val NormRatio: 1.0861 | Train Meta: AdapterScaleμ:0.3089, AdapterMetaScaleμ:0.0579, AdapterGateμ:0.1908, AdapterBias|B|μ:28.4841, AdapterMetaOn:1.00, AdapterMetaNZ%:100.0, AdapterΔ/Input:25.78% | Val Meta: AdapterScaleμ:0.3079, AdapterMetaScaleμ:0.0562, AdapterGateμ:0.1670, AdapterBias|B|μ:27.9631, AdapterMetaOn:1.00, AdapterMetaNZ%:100.0, AdapterΔ/Input:22.83%
   -> Saved last checkpoint at epoch 34
Epoch 35/100 | Steps: 1508 | LR: 0.000082 | Train Loss: 0.081969 (P:0.0798, S:0.0436, Q:0.0000) | Val Loss: 0.551286 (P:0.5426, S:0.1733, Q:0.0000) | Repr L2μ: 3.9004 Val L2μ: 2.4853 | Repr Cosμ: 0.9258 Val Cosμ: 0.9664 | Pred→Target Cosμ: 0.9641 Val Cosμ: 0.7928 | Repr NormRatio: 1.2330 Val NormRatio: 1.1345 | Train Meta: AdapterScaleμ:0.3054, AdapterMetaScaleμ:0.0551, AdapterGateμ:0.1811, AdapterBias|B|μ:33.8256, AdapterMetaOn:1.00, AdapterMetaNZ%:100.0, AdapterΔ/Input:23.77% | Val Meta: AdapterScaleμ:0.3050, AdapterMetaScaleμ:0.0536, AdapterGateμ:0.2168, AdapterBias|B|μ:35.4237, AdapterMetaOn:1.00, AdapterMetaNZ%:100.0, AdapterΔ/Input:29.96%
   -> Saved last checkpoint at epoch 35
Epoch 36/100 | Steps: 1508 | LR: 0.000081 | Train Loss: 0.070991 (P:0.0691, S:0.0375, Q:0.0000) | Val Loss: 0.400424 (P:0.3935, S:0.1383, Q:0.0000) | Repr L2μ: 4.1452 Val L2μ: 1.5423 | Repr Cosμ: 0.9171 Val Cosμ: 0.9882 | Pred→Target Cosμ: 0.9663 Val Cosμ: 0.7979 | Repr NormRatio: 1.3259 Val NormRatio: 1.0839 | Train Meta: AdapterScaleμ:0.3030, AdapterMetaScaleμ:0.0534, AdapterGateμ:0.1855, AdapterBias|B|μ:31.3974, AdapterMetaOn:1.00, AdapterMetaNZ%:100.0, AdapterΔ/Input:24.08% | Val Meta: AdapterScaleμ:0.3014, AdapterMetaScaleμ:0.0524, AdapterGateμ:0.1662, AdapterBias|B|μ:28.5981, AdapterMetaOn:1.00, AdapterMetaNZ%:100.0, AdapterΔ/Input:20.79%
   -> Saved last checkpoint at epoch 36
Epoch 37/100 | Steps: 1508 | LR: 0.000080 | Train Loss: 0.080239 (P:0.0781, S:0.0423, Q:0.0000) | Val Loss: 0.357970 (P:0.3509, S:0.1408, Q:0.0000) | Repr L2μ: 3.9558 Val L2μ: 1.7688 | Repr Cosμ: 0.9253 Val Cosμ: 0.9831 | Pred→Target Cosμ: 0.9614 Val Cosμ: 0.8130 | Repr NormRatio: 1.3226 Val NormRatio: 1.0707 | Train Meta: AdapterScaleμ:0.2997, AdapterMetaScaleμ:0.0513, AdapterGateμ:0.1736, AdapterBias|B|μ:25.3404, AdapterMetaOn:1.00, AdapterMetaNZ%:100.0, AdapterΔ/Input:24.43% | Val Meta: AdapterScaleμ:0.2989, AdapterMetaScaleμ:0.0511, AdapterGateμ:0.1791, AdapterBias|B|μ:25.9296, AdapterMetaOn:1.00, AdapterMetaNZ%:100.0, AdapterΔ/Input:22.22%
   -> Saved improved checkpoint: val_loss=0.357970 at epoch 37
Epoch 38/100 | Steps: 1508 | LR: 0.000078 | Train Loss: 0.077880 (P:0.0756, S:0.0464, Q:0.0000) | Val Loss: 0.354060 (P:0.3466, S:0.1500, Q:0.0000) | Repr L2μ: 4.1906 Val L2μ: 1.7855 | Repr Cosμ: 0.9129 Val Cosμ: 0.9832 | Pred→Target Cosμ: 0.9603 Val Cosμ: 0.8094 | Repr NormRatio: 1.3084 Val NormRatio: 1.1058 | Train Meta: AdapterScaleμ:0.2976, AdapterMetaScaleμ:0.0508, AdapterGateμ:0.1714, AdapterBias|B|μ:25.8945, AdapterMetaOn:1.00, AdapterMetaNZ%:100.0, AdapterΔ/Input:25.88% | Val Meta: AdapterScaleμ:0.2975, AdapterMetaScaleμ:0.0505, AdapterGateμ:0.1803, AdapterBias|B|μ:27.6957, AdapterMetaOn:1.00, AdapterMetaNZ%:100.0, AdapterΔ/Input:24.77%
   -> Saved improved checkpoint: val_loss=0.354060 at epoch 38
Epoch 39/100 | Steps: 1508 | LR: 0.000077 | Train Loss: 0.063490 (P:0.0617, S:0.0351, Q:0.0000) | Val Loss: 0.362493 (P:0.3559, S:0.1310, Q:0.0000) | Repr L2μ: 4.1135 Val L2μ: 1.7884 | Repr Cosμ: 0.9184 Val Cosμ: 0.9831 | Pred→Target Cosμ: 0.9667 Val Cosμ: 0.8217 | Repr NormRatio: 1.3532 Val NormRatio: 1.1217 | Train Meta: AdapterScaleμ:0.2977, AdapterMetaScaleμ:0.0497, AdapterGateμ:0.1806, AdapterBias|B|μ:26.9139, AdapterMetaOn:1.00, AdapterMetaNZ%:100.0, AdapterΔ/Input:26.61% | Val Meta: AdapterScaleμ:0.2971, AdapterMetaScaleμ:0.0487, AdapterGateμ:0.1724, AdapterBias|B|μ:29.2858, AdapterMetaOn:1.00, AdapterMetaNZ%:100.0, AdapterΔ/Input:22.52%
   -> Saved last checkpoint at epoch 39
Epoch 40/100 | Steps: 1508 | LR: 0.000075 | Train Loss: 0.066236 (P:0.0644, S:0.0358, Q:0.0000) | Val Loss: 0.407839 (P:0.4008, S:0.1403, Q:0.0000) | Repr L2μ: 4.3164 Val L2μ: 1.7324 | Repr Cosμ: 0.9032 Val Cosμ: 0.9841 | Pred→Target Cosμ: 0.9674 Val Cosμ: 0.7634 | Repr NormRatio: 1.3348 Val NormRatio: 1.1110 | Train Meta: AdapterScaleμ:0.2957, AdapterMetaScaleμ:0.0481, AdapterGateμ:0.1793, AdapterBias|B|μ:26.7165, AdapterMetaOn:1.00, AdapterMetaNZ%:100.0, AdapterΔ/Input:24.61% | Val Meta: AdapterScaleμ:0.2963, AdapterMetaScaleμ:0.0479, AdapterGateμ:0.1797, AdapterBias|B|μ:32.3864, AdapterMetaOn:1.00, AdapterMetaNZ%:100.0, AdapterΔ/Input:24.90%
   -> Saved last checkpoint at epoch 40
Epoch 41/100 | Steps: 1508 | LR: 0.000074 | Train Loss: 0.066927 (P:0.0650, S:0.0387, Q:0.0000) | Val Loss: 0.283497 (P:0.2750, S:0.1703, Q:0.0000) | Repr L2μ: 3.8373 Val L2μ: 1.5288 | Repr Cosμ: 0.9241 Val Cosμ: 0.9848 | Pred→Target Cosμ: 0.9656 Val Cosμ: 0.8417 | Repr NormRatio: 1.2949 Val NormRatio: 1.1362 | Train Meta: AdapterScaleμ:0.2951, AdapterMetaScaleμ:0.0470, AdapterGateμ:0.1720, AdapterBias|B|μ:30.0404, AdapterMetaOn:1.00, AdapterMetaNZ%:100.0, AdapterΔ/Input:23.72% | Val Meta: AdapterScaleμ:0.2921, AdapterMetaScaleμ:0.0466, AdapterGateμ:0.1792, AdapterBias|B|μ:34.8904, AdapterMetaOn:1.00, AdapterMetaNZ%:100.0, AdapterΔ/Input:21.89%
   -> Saved improved checkpoint: val_loss=0.283497 at epoch 41
Epoch 42/100 | Steps: 1508 | LR: 0.000072 | Train Loss: 0.068834 (P:0.0668, S:0.0400, Q:0.0000) | Val Loss: 0.329785 (P:0.3232, S:0.1310, Q:0.0000) | Repr L2μ: 4.3722 Val L2μ: 1.5684 | Repr Cosμ: 0.8995 Val Cosμ: 0.9857 | Pred→Target Cosμ: 0.9676 Val Cosμ: 0.8456 | Repr NormRatio: 1.2922 Val NormRatio: 1.0720 | Train Meta: AdapterScaleμ:0.2916, AdapterMetaScaleμ:0.0457, AdapterGateμ:0.1768, AdapterBias|B|μ:27.1992, AdapterMetaOn:1.00, AdapterMetaNZ%:100.0, AdapterΔ/Input:24.27% | Val Meta: AdapterScaleμ:0.2903, AdapterMetaScaleμ:0.0466, AdapterGateμ:0.1745, AdapterBias|B|μ:25.2298, AdapterMetaOn:1.00, AdapterMetaNZ%:100.0, AdapterΔ/Input:20.70%
   -> Saved last checkpoint at epoch 42
Epoch 43/100 | Steps: 1508 | LR: 0.000071 | Train Loss: 0.070645 (P:0.0689, S:0.0343, Q:0.0000) | Val Loss: 0.332046 (P:0.3266, S:0.1096, Q:0.0000) | Repr L2μ: 4.3124 Val L2μ: 1.7666 | Repr Cosμ: 0.9008 Val Cosμ: 0.9820 | Pred→Target Cosμ: 0.9666 Val Cosμ: 0.8237 | Repr NormRatio: 1.2669 Val NormRatio: 1.0810 | Train Meta: AdapterScaleμ:0.2893, AdapterMetaScaleμ:0.0465, AdapterGateμ:0.1746, AdapterBias|B|μ:25.8983, AdapterMetaOn:1.00, AdapterMetaNZ%:100.0, AdapterΔ/Input:22.50% | Val Meta: AdapterScaleμ:0.2882, AdapterMetaScaleμ:0.0457, AdapterGateμ:0.1886, AdapterBias|B|μ:30.5914, AdapterMetaOn:1.00, AdapterMetaNZ%:100.0, AdapterΔ/Input:21.08%
   -> Saved last checkpoint at epoch 43
Epoch 44/100 | Steps: 1508 | LR: 0.000069 | Train Loss: 0.064643 (P:0.0630, S:0.0324, Q:0.0000) | Val Loss: 0.349777 (P:0.3429, S:0.1376, Q:0.0000) | Repr L2μ: 4.1998 Val L2μ: 1.3587 | Repr Cosμ: 0.9053 Val Cosμ: 0.9896 | Pred→Target Cosμ: 0.9654 Val Cosμ: 0.7976 | Repr NormRatio: 1.2937 Val NormRatio: 1.0494 | Train Meta: AdapterScaleμ:0.2877, AdapterMetaScaleμ:0.0446, AdapterGateμ:0.1852, AdapterBias|B|μ:28.7350, AdapterMetaOn:1.00, AdapterMetaNZ%:100.0, AdapterΔ/Input:23.01% | Val Meta: AdapterScaleμ:0.2878, AdapterMetaScaleμ:0.0443, AdapterGateμ:0.2007, AdapterBias|B|μ:23.5497, AdapterMetaOn:1.00, AdapterMetaNZ%:100.0, AdapterΔ/Input:21.15%
   -> Saved last checkpoint at epoch 44
Epoch 45/100 | Steps: 1508 | LR: 0.000067 | Train Loss: 0.064167 (P:0.0624, S:0.0349, Q:0.0000) | Val Loss: 0.342870 (P:0.3340, S:0.1774, Q:0.0000) | Repr L2μ: 3.7905 Val L2μ: 1.4878 | Repr Cosμ: 0.9240 Val Cosμ: 0.9874 | Pred→Target Cosμ: 0.9651 Val Cosμ: 0.7938 | Repr NormRatio: 1.3049 Val NormRatio: 1.0522 | Train Meta: AdapterScaleμ:0.2865, AdapterMetaScaleμ:0.0444, AdapterGateμ:0.1911, AdapterBias|B|μ:25.9938, AdapterMetaOn:1.00, AdapterMetaNZ%:100.0, AdapterΔ/Input:22.40% | Val Meta: AdapterScaleμ:0.2848, AdapterMetaScaleμ:0.0436, AdapterGateμ:0.1703, AdapterBias|B|μ:30.7783, AdapterMetaOn:1.00, AdapterMetaNZ%:100.0, AdapterΔ/Input:17.18%
   -> Saved last checkpoint at epoch 45
Epoch 46/100 | Steps: 1508 | LR: 0.000066 | Train Loss: 0.062762 (P:0.0607, S:0.0418, Q:0.0000) | Val Loss: 0.294259 (P:0.2870, S:0.1461, Q:0.0000) | Repr L2μ: 3.6211 Val L2μ: 1.3193 | Repr Cosμ: 0.9288 Val Cosμ: 0.9895 | Pred→Target Cosμ: 0.9677 Val Cosμ: 0.8495 | Repr NormRatio: 1.2421 Val NormRatio: 1.0583 | Train Meta: AdapterScaleμ:0.2831, AdapterMetaScaleμ:0.0439, AdapterGateμ:0.1814, AdapterBias|B|μ:27.5287, AdapterMetaOn:1.00, AdapterMetaNZ%:100.0, AdapterΔ/Input:20.83% | Val Meta: AdapterScaleμ:0.2815, AdapterMetaScaleμ:0.0437, AdapterGateμ:0.1839, AdapterBias|B|μ:27.9480, AdapterMetaOn:1.00, AdapterMetaNZ%:100.0, AdapterΔ/Input:17.14%
   -> Saved last checkpoint at epoch 46
Epoch 47/100 | Steps: 1508 | LR: 0.000064 | Train Loss: 0.058966 (P:0.0572, S:0.0356, Q:0.0000) | Val Loss: 0.286680 (P:0.2769, S:0.1951, Q:0.0000) | Repr L2μ: 3.5570 Val L2μ: 1.0185 | Repr Cosμ: 0.9283 Val Cosμ: 0.9939 | Pred→Target Cosμ: 0.9698 Val Cosμ: 0.8368 | Repr NormRatio: 1.2468 Val NormRatio: 1.0452 | Train Meta: AdapterScaleμ:0.2807, AdapterMetaScaleμ:0.0435, AdapterGateμ:0.1870, AdapterBias|B|μ:24.8459, AdapterMetaOn:1.00, AdapterMetaNZ%:100.0, AdapterΔ/Input:20.51% | Val Meta: AdapterScaleμ:0.2804, AdapterMetaScaleμ:0.0417, AdapterGateμ:0.2092, AdapterBias|B|μ:23.1480, AdapterMetaOn:1.00, AdapterMetaNZ%:100.0, AdapterΔ/Input:18.38%
   -> Saved last checkpoint at epoch 47
Epoch 48/100 | Steps: 1508 | LR: 0.000062 | Train Loss: 0.060499 (P:0.0585, S:0.0397, Q:0.0000) | Val Loss: 0.255237 (P:0.2462, S:0.1803, Q:0.0000) | Repr L2μ: 3.7792 Val L2μ: 1.4662 | Repr Cosμ: 0.9138 Val Cosμ: 0.9871 | Pred→Target Cosμ: 0.9693 Val Cosμ: 0.8327 | Repr NormRatio: 1.2430 Val NormRatio: 1.0576 | Train Meta: AdapterScaleμ:0.2789, AdapterMetaScaleμ:0.0418, AdapterGateμ:0.1779, AdapterBias|B|μ:27.2679, AdapterMetaOn:1.00, AdapterMetaNZ%:100.0, AdapterΔ/Input:18.48% | Val Meta: AdapterScaleμ:0.2778, AdapterMetaScaleμ:0.0406, AdapterGateμ:0.1839, AdapterBias|B|μ:24.6893, AdapterMetaOn:1.00, AdapterMetaNZ%:100.0, AdapterΔ/Input:17.07%
   -> Saved improved checkpoint: val_loss=0.255237 at epoch 48
Epoch 49/100 | Steps: 1508 | LR: 0.000061 | Train Loss: 0.060039 (P:0.0583, S:0.0356, Q:0.0000) | Val Loss: 0.242258 (P:0.2351, S:0.1435, Q:0.0000) | Repr L2μ: 3.8694 Val L2μ: 1.5373 | Repr Cosμ: 0.9146 Val Cosμ: 0.9855 | Pred→Target Cosμ: 0.9688 Val Cosμ: 0.8504 | Repr NormRatio: 1.2253 Val NormRatio: 1.0382 | Train Meta: AdapterScaleμ:0.2768, AdapterMetaScaleμ:0.0390, AdapterGateμ:0.1876, AdapterBias|B|μ:23.4557, AdapterMetaOn:1.00, AdapterMetaNZ%:100.0, AdapterΔ/Input:19.53% | Val Meta: AdapterScaleμ:0.2754, AdapterMetaScaleμ:0.0380, AdapterGateμ:0.2179, AdapterBias|B|μ:24.2719, AdapterMetaOn:1.00, AdapterMetaNZ%:100.0, AdapterΔ/Input:18.98%
   -> Saved improved checkpoint: val_loss=0.242258 at epoch 49
Epoch 50/100 | Steps: 1508 | LR: 0.000059 | Train Loss: 0.069509 (P:0.0671, S:0.0486, Q:0.0000) | Val Loss: 0.210455 (P:0.2014, S:0.1801, Q:0.0000) | Repr L2μ: 4.0815 Val L2μ: 1.2173 | Repr Cosμ: 0.9027 Val Cosμ: 0.9902 | Pred→Target Cosμ: 0.9651 Val Cosμ: 0.8704 | Repr NormRatio: 1.2279 Val NormRatio: 1.0953 | Train Meta: AdapterScaleμ:0.2760, AdapterMetaScaleμ:0.0387, AdapterGateμ:0.1969, AdapterBias|B|μ:29.6861, AdapterMetaOn:1.00, AdapterMetaNZ%:100.0, AdapterΔ/Input:21.68% | Val Meta: AdapterScaleμ:0.2756, AdapterMetaScaleμ:0.0402, AdapterGateμ:0.2305, AdapterBias|B|μ:35.3217, AdapterMetaOn:1.00, AdapterMetaNZ%:100.0, AdapterΔ/Input:21.82%
   -> Saved improved checkpoint: val_loss=0.210455 at epoch 50
Epoch 51/100 | Steps: 1508 | LR: 0.000057 | Train Loss: 0.062943 (P:0.0606, S:0.0468, Q:0.0000) | Val Loss: 0.287448 (P:0.2813, S:0.1225, Q:0.0000) | Repr L2μ: 3.9922 Val L2μ: 1.8999 | Repr Cosμ: 0.9081 Val Cosμ: 0.9801 | Pred→Target Cosμ: 0.9694 Val Cosμ: 0.8553 | Repr NormRatio: 1.2500 Val NormRatio: 1.1432 | Train Meta: AdapterScaleμ:0.2755, AdapterMetaScaleμ:0.0392, AdapterGateμ:0.1803, AdapterBias|B|μ:30.0691, AdapterMetaOn:1.00, AdapterMetaNZ%:100.0, AdapterΔ/Input:19.55% | Val Meta: AdapterScaleμ:0.2733, AdapterMetaScaleμ:0.0393, AdapterGateμ:0.1727, AdapterBias|B|μ:28.2574, AdapterMetaOn:1.00, AdapterMetaNZ%:100.0, AdapterΔ/Input:18.31%
   -> Saved last checkpoint at epoch 51
Epoch 52/100 | Steps: 1508 | LR: 0.000056 | Train Loss: 0.064388 (P:0.0620, S:0.0469, Q:0.0000) | Val Loss: 0.250307 (P:0.2427, S:0.1518, Q:0.0000) | Repr L2μ: 4.0618 Val L2μ: 1.5821 | Repr Cosμ: 0.9048 Val Cosμ: 0.9845 | Pred→Target Cosμ: 0.9671 Val Cosμ: 0.8458 | Repr NormRatio: 1.2541 Val NormRatio: 1.0478 | Train Meta: AdapterScaleμ:0.2715, AdapterMetaScaleμ:0.0394, AdapterGateμ:0.1689, AdapterBias|B|μ:31.8447, AdapterMetaOn:1.00, AdapterMetaNZ%:100.0, AdapterΔ/Input:16.82% | Val Meta: AdapterScaleμ:0.2710, AdapterMetaScaleμ:0.0401, AdapterGateμ:0.1763, AdapterBias|B|μ:40.9818, AdapterMetaOn:1.00, AdapterMetaNZ%:100.0, AdapterΔ/Input:14.35%
   -> Saved last checkpoint at epoch 52
Epoch 53/100 | Steps: 1508 | LR: 0.000054 | Train Loss: 0.072923 (P:0.0704, S:0.0499, Q:0.0000) | Val Loss: 0.345110 (P:0.3364, S:0.1739, Q:0.0000) | Repr L2μ: 4.5553 Val L2μ: 2.0831 | Repr Cosμ: 0.8729 Val Cosμ: 0.9684 | Pred→Target Cosμ: 0.9643 Val Cosμ: 0.8689 | Repr NormRatio: 1.3581 Val NormRatio: 1.1174 | Train Meta: AdapterScaleμ:0.2707, AdapterMetaScaleμ:0.0394, AdapterGateμ:0.1818, AdapterBias|B|μ:38.4268, AdapterMetaOn:1.00, AdapterMetaNZ%:100.0, AdapterΔ/Input:19.11% | Val Meta: AdapterScaleμ:0.2692, AdapterMetaScaleμ:0.0404, AdapterGateμ:0.1650, AdapterBias|B|μ:36.6409, AdapterMetaOn:1.00, AdapterMetaNZ%:100.0, AdapterΔ/Input:18.65%
   -> Saved last checkpoint at epoch 53
Epoch 54/100 | Steps: 1508 | LR: 0.000052 | Train Loss: 0.075311 (P:0.0729, S:0.0492, Q:0.0000) | Val Loss: 0.337190 (P:0.3267, S:0.2108, Q:0.0000) | Repr L2μ: 4.8334 Val L2μ: 1.6041 | Repr Cosμ: 0.8592 Val Cosμ: 0.9849 | Pred→Target Cosμ: 0.9650 Val Cosμ: 0.8809 | Repr NormRatio: 1.3867 Val NormRatio: 1.0520 | Train Meta: AdapterScaleμ:0.2691, AdapterMetaScaleμ:0.0402, AdapterGateμ:0.1816, AdapterBias|B|μ:72.7509, AdapterMetaOn:1.00, AdapterMetaNZ%:100.0, AdapterΔ/Input:23.11% | Val Meta: AdapterScaleμ:0.2691, AdapterMetaScaleμ:0.0401, AdapterGateμ:0.2017, AdapterBias|B|μ:131.6221, AdapterMetaOn:1.00, AdapterMetaNZ%:100.0, AdapterΔ/Input:29.18%
   -> Saved last checkpoint at epoch 54
Epoch 55/100 | Steps: 1508 | LR: 0.000051 | Train Loss: 0.069459 (P:0.0674, S:0.0414, Q:0.0000) | Val Loss: 0.281347 (P:0.2714, S:0.1997, Q:0.0000) | Repr L2μ: 3.7140 Val L2μ: 1.4687 | Repr Cosμ: 0.9210 Val Cosμ: 0.9868 | Pred→Target Cosμ: 0.9661 Val Cosμ: 0.8340 | Repr NormRatio: 1.2642 Val NormRatio: 1.0382 | Train Meta: AdapterScaleμ:0.2672, AdapterMetaScaleμ:0.0370, AdapterGateμ:0.1706, AdapterBias|B|μ:73.0032, AdapterMetaOn:1.00, AdapterMetaNZ%:100.0, AdapterΔ/Input:20.58% | Val Meta: AdapterScaleμ:0.2659, AdapterMetaScaleμ:0.0347, AdapterGateμ:0.1683, AdapterBias|B|μ:48.4680, AdapterMetaOn:1.00, AdapterMetaNZ%:100.0, AdapterΔ/Input:16.08%
   -> Saved last checkpoint at epoch 55
Epoch 56/100 | Steps: 1508 | LR: 0.000049 | Train Loss: 0.064804 (P:0.0629, S:0.0383, Q:0.0000) | Val Loss: 0.261381 (P:0.2551, S:0.1262, Q:0.0000) | Repr L2μ: 3.7423 Val L2μ: 1.5929 | Repr Cosμ: 0.9145 Val Cosμ: 0.9835 | Pred→Target Cosμ: 0.9646 Val Cosμ: 0.8440 | Repr NormRatio: 1.2352 Val NormRatio: 1.0650 | Train Meta: AdapterScaleμ:0.2649, AdapterMetaScaleμ:0.0334, AdapterGateμ:0.1684, AdapterBias|B|μ:36.0999, AdapterMetaOn:1.00, AdapterMetaNZ%:100.0, AdapterΔ/Input:17.15% | Val Meta: AdapterScaleμ:0.2636, AdapterMetaScaleμ:0.0325, AdapterGateμ:0.1691, AdapterBias|B|μ:28.1673, AdapterMetaOn:1.00, AdapterMetaNZ%:100.0, AdapterΔ/Input:11.81%
   -> Saved last checkpoint at epoch 56
Epoch 57/100 | Steps: 1508 | LR: 0.000047 | Train Loss: 0.067934 (P:0.0658, S:0.0435, Q:0.0000) | Val Loss: 0.232099 (P:0.2251, S:0.1396, Q:0.0000) | Repr L2μ: 3.7870 Val L2μ: 1.5047 | Repr Cosμ: 0.9094 Val Cosμ: 0.9844 | Pred→Target Cosμ: 0.9670 Val Cosμ: 0.8923 | Repr NormRatio: 1.2366 Val NormRatio: 1.0750 | Train Meta: AdapterScaleμ:0.2640, AdapterMetaScaleμ:0.0325, AdapterGateμ:0.1824, AdapterBias|B|μ:33.2781, AdapterMetaOn:1.00, AdapterMetaNZ%:100.0, AdapterΔ/Input:18.21% | Val Meta: AdapterScaleμ:0.2650, AdapterMetaScaleμ:0.0325, AdapterGateμ:0.1901, AdapterBias|B|μ:41.9982, AdapterMetaOn:1.00, AdapterMetaNZ%:100.0, AdapterΔ/Input:16.50%
   -> Saved last checkpoint at epoch 57
Epoch 58/100 | Steps: 1508 | LR: 0.000045 | Train Loss: 0.065893 (P:0.0637, S:0.0444, Q:0.0000) | Val Loss: 0.253805 (P:0.2467, S:0.1426, Q:0.0000) | Repr L2μ: 3.4747 Val L2μ: 1.2186 | Repr Cosμ: 0.9244 Val Cosμ: 0.9910 | Pred→Target Cosμ: 0.9674 Val Cosμ: 0.8357 | Repr NormRatio: 1.2088 Val NormRatio: 1.0632 | Train Meta: AdapterScaleμ:0.2645, AdapterMetaScaleμ:0.0320, AdapterGateμ:0.1681, AdapterBias|B|μ:43.5528, AdapterMetaOn:1.00, AdapterMetaNZ%:100.0, AdapterΔ/Input:18.60% | Val Meta: AdapterScaleμ:0.2631, AdapterMetaScaleμ:0.0315, AdapterGateμ:0.1580, AdapterBias|B|μ:39.6081, AdapterMetaOn:1.00, AdapterMetaNZ%:100.0, AdapterΔ/Input:14.89%
   -> Saved last checkpoint at epoch 58
Epoch 59/100 | Steps: 1508 | LR: 0.000044 | Train Loss: 0.063863 (P:0.0617, S:0.0439, Q:0.0000) | Val Loss: 0.240553 (P:0.2307, S:0.1974, Q:0.0000) | Repr L2μ: 3.8521 Val L2μ: 1.1787 | Repr Cosμ: 0.8952 Val Cosμ: 0.9916 | Pred→Target Cosμ: 0.9675 Val Cosμ: 0.8719 | Repr NormRatio: 1.2747 Val NormRatio: 1.0370 | Train Meta: AdapterScaleμ:0.2615, AdapterMetaScaleμ:0.0311, AdapterGateμ:0.1594, AdapterBias|B|μ:43.5193, AdapterMetaOn:1.00, AdapterMetaNZ%:100.0, AdapterΔ/Input:17.00% | Val Meta: AdapterScaleμ:0.2597, AdapterMetaScaleμ:0.0309, AdapterGateμ:0.1556, AdapterBias|B|μ:41.2550, AdapterMetaOn:1.00, AdapterMetaNZ%:100.0, AdapterΔ/Input:17.31%
   -> Saved last checkpoint at epoch 59
Epoch 60/100 | Steps: 1508 | LR: 0.000042 | Train Loss: 0.059695 (P:0.0576, S:0.0426, Q:0.0000) | Val Loss: 0.244415 (P:0.2361, S:0.1665, Q:0.0000) | Repr L2μ: 3.8277 Val L2μ: 1.2841 | Repr Cosμ: 0.9026 Val Cosμ: 0.9891 | Pred→Target Cosμ: 0.9688 Val Cosμ: 0.8312 | Repr NormRatio: 1.2173 Val NormRatio: 1.0586 | Train Meta: AdapterScaleμ:0.2589, AdapterMetaScaleμ:0.0295, AdapterGateμ:0.1782, AdapterBias|B|μ:30.7065, AdapterMetaOn:1.00, AdapterMetaNZ%:100.0, AdapterΔ/Input:20.11% | Val Meta: AdapterScaleμ:0.2586, AdapterMetaScaleμ:0.0286, AdapterGateμ:0.1730, AdapterBias|B|μ:25.4923, AdapterMetaOn:1.00, AdapterMetaNZ%:100.0, AdapterΔ/Input:15.61%
   -> Saved last checkpoint at epoch 60
Epoch 61/100 | Steps: 1508 | LR: 0.000040 | Train Loss: 0.059267 (P:0.0571, S:0.0435, Q:0.0000) | Val Loss: 0.202476 (P:0.1947, S:0.1556, Q:0.0000) | Repr L2μ: 3.7717 Val L2μ: 1.3656 | Repr Cosμ: 0.9057 Val Cosμ: 0.9874 | Pred→Target Cosμ: 0.9690 Val Cosμ: 0.8513 | Repr NormRatio: 1.2341 Val NormRatio: 1.0586 | Train Meta: AdapterScaleμ:0.2584, AdapterMetaScaleμ:0.0286, AdapterGateμ:0.1635, AdapterBias|B|μ:32.3899, AdapterMetaOn:1.00, AdapterMetaNZ%:100.0, AdapterΔ/Input:18.64% | Val Meta: AdapterScaleμ:0.2574, AdapterMetaScaleμ:0.0289, AdapterGateμ:0.1617, AdapterBias|B|μ:38.3013, AdapterMetaOn:1.00, AdapterMetaNZ%:100.0, AdapterΔ/Input:17.60%
   -> Saved improved checkpoint: val_loss=0.202476 at epoch 61
Epoch 62/100 | Steps: 1508 | LR: 0.000039 | Train Loss: 0.054440 (P:0.0527, S:0.0354, Q:0.0000) | Val Loss: 0.241960 (P:0.2335, S:0.1690, Q:0.0000) | Repr L2μ: 4.0016 Val L2μ: 1.2896 | Repr Cosμ: 0.8887 Val Cosμ: 0.9877 | Pred→Target Cosμ: 0.9680 Val Cosμ: 0.8571 | Repr NormRatio: 1.2197 Val NormRatio: 1.0678 | Train Meta: AdapterScaleμ:0.2568, AdapterMetaScaleμ:0.0285, AdapterGateμ:0.1589, AdapterBias|B|μ:41.3465, AdapterMetaOn:1.00, AdapterMetaNZ%:100.0, AdapterΔ/Input:16.92% | Val Meta: AdapterScaleμ:0.2565, AdapterMetaScaleμ:0.0275, AdapterGateμ:0.1601, AdapterBias|B|μ:40.9555, AdapterMetaOn:1.00, AdapterMetaNZ%:100.0, AdapterΔ/Input:12.25%
   -> Saved last checkpoint at epoch 62
Epoch 63/100 | Steps: 1508 | LR: 0.000037 | Train Loss: 0.058542 (P:0.0566, S:0.0397, Q:0.0000) | Val Loss: 0.213946 (P:0.2062, S:0.1552, Q:0.0000) | Repr L2μ: 3.9308 Val L2μ: 1.0639 | Repr Cosμ: 0.8931 Val Cosμ: 0.9920 | Pred→Target Cosμ: 0.9698 Val Cosμ: 0.8797 | Repr NormRatio: 1.2360 Val NormRatio: 1.0429 | Train Meta: AdapterScaleμ:0.2566, AdapterMetaScaleμ:0.0282, AdapterGateμ:0.1716, AdapterBias|B|μ:44.3325, AdapterMetaOn:1.00, AdapterMetaNZ%:100.0, AdapterΔ/Input:19.32% | Val Meta: AdapterScaleμ:0.2567, AdapterMetaScaleμ:0.0296, AdapterGateμ:0.1890, AdapterBias|B|μ:44.3460, AdapterMetaOn:1.00, AdapterMetaNZ%:100.0, AdapterΔ/Input:21.74%
   -> Saved last checkpoint at epoch 63
Epoch 64/100 | Steps: 1508 | LR: 0.000035 | Train Loss: 0.063129 (P:0.0609, S:0.0444, Q:0.0000) | Val Loss: 0.261847 (P:0.2544, S:0.1483, Q:0.0000) | Repr L2μ: 3.9926 Val L2μ: 1.3180 | Repr Cosμ: 0.8905 Val Cosμ: 0.9869 | Pred→Target Cosμ: 0.9686 Val Cosμ: 0.8511 | Repr NormRatio: 1.2834 Val NormRatio: 1.1222 | Train Meta: AdapterScaleμ:0.2570, AdapterMetaScaleμ:0.0296, AdapterGateμ:0.1676, AdapterBias|B|μ:46.6527, AdapterMetaOn:1.00, AdapterMetaNZ%:100.0, AdapterΔ/Input:20.58% | Val Meta: AdapterScaleμ:0.2555, AdapterMetaScaleμ:0.0288, AdapterGateμ:0.1276, AdapterBias|B|μ:45.9520, AdapterMetaOn:1.00, AdapterMetaNZ%:100.0, AdapterΔ/Input:11.82%
   -> Saved last checkpoint at epoch 64
Epoch 65/100 | Steps: 1508 | LR: 0.000034 | Train Loss: 0.062967 (P:0.0609, S:0.0414, Q:0.0000) | Val Loss: 0.199610 (P:0.1915, S:0.1622, Q:0.0000) | Repr L2μ: 3.8932 Val L2μ: 1.1654 | Repr Cosμ: 0.8989 Val Cosμ: 0.9911 | Pred→Target Cosμ: 0.9689 Val Cosμ: 0.8607 | Repr NormRatio: 1.2534 Val NormRatio: 1.0733 | Train Meta: AdapterScaleμ:0.2552, AdapterMetaScaleμ:0.0290, AdapterGateμ:0.1444, AdapterBias|B|μ:40.6765, AdapterMetaOn:1.00, AdapterMetaNZ%:100.0, AdapterΔ/Input:15.89% | Val Meta: AdapterScaleμ:0.2546, AdapterMetaScaleμ:0.0289, AdapterGateμ:0.1487, AdapterBias|B|μ:39.7011, AdapterMetaOn:1.00, AdapterMetaNZ%:100.0, AdapterΔ/Input:12.01%
   -> Saved improved checkpoint: val_loss=0.199610 at epoch 65
Epoch 66/100 | Steps: 1508 | LR: 0.000032 | Train Loss: 0.061467 (P:0.0594, S:0.0405, Q:0.0000) | Val Loss: 0.222056 (P:0.2139, S:0.1639, Q:0.0000) | Repr L2μ: 3.5371 Val L2μ: 1.1912 | Repr Cosμ: 0.9153 Val Cosμ: 0.9894 | Pred→Target Cosμ: 0.9696 Val Cosμ: 0.8793 | Repr NormRatio: 1.2249 Val NormRatio: 1.0704 | Train Meta: AdapterScaleμ:0.2544, AdapterMetaScaleμ:0.0288, AdapterGateμ:0.1535, AdapterBias|B|μ:36.3712, AdapterMetaOn:1.00, AdapterMetaNZ%:100.0, AdapterΔ/Input:16.48% | Val Meta: AdapterScaleμ:0.2540, AdapterMetaScaleμ:0.0276, AdapterGateμ:0.1530, AdapterBias|B|μ:27.9760, AdapterMetaOn:1.00, AdapterMetaNZ%:100.0, AdapterΔ/Input:11.43%
   -> Saved last checkpoint at epoch 66
Epoch 67/100 | Steps: 1508 | LR: 0.000030 | Train Loss: 0.057764 (P:0.0559, S:0.0373, Q:0.0000) | Val Loss: 0.216458 (P:0.2094, S:0.1419, Q:0.0000) | Repr L2μ: 3.5776 Val L2μ: 1.3433 | Repr Cosμ: 0.9118 Val Cosμ: 0.9865 | Pred→Target Cosμ: 0.9707 Val Cosμ: 0.8756 | Repr NormRatio: 1.2363 Val NormRatio: 1.0760 | Train Meta: AdapterScaleμ:0.2546, AdapterMetaScaleμ:0.0277, AdapterGateμ:0.1633, AdapterBias|B|μ:30.4209, AdapterMetaOn:1.00, AdapterMetaNZ%:100.0, AdapterΔ/Input:17.51% | Val Meta: AdapterScaleμ:0.2539, AdapterMetaScaleμ:0.0275, AdapterGateμ:0.1633, AdapterBias|B|μ:30.7555, AdapterMetaOn:1.00, AdapterMetaNZ%:100.0, AdapterΔ/Input:15.46%
   -> Saved last checkpoint at epoch 67
Epoch 68/100 | Steps: 1508 | LR: 0.000029 | Train Loss: 0.064175 (P:0.0619, S:0.0459, Q:0.0000) | Val Loss: 0.276713 (P:0.2687, S:0.1605, Q:0.0000) | Repr L2μ: 4.3862 Val L2μ: 1.4886 | Repr Cosμ: 0.8732 Val Cosμ: 0.9853 | Pred→Target Cosμ: 0.9698 Val Cosμ: 0.8454 | Repr NormRatio: 1.3471 Val NormRatio: 1.0705 | Train Meta: AdapterScaleμ:0.2533, AdapterMetaScaleμ:0.0273, AdapterGateμ:0.1578, AdapterBias|B|μ:29.4197, AdapterMetaOn:1.00, AdapterMetaNZ%:100.0, AdapterΔ/Input:19.62% | Val Meta: AdapterScaleμ:0.2527, AdapterMetaScaleμ:0.0269, AdapterGateμ:0.1600, AdapterBias|B|μ:24.9257, AdapterMetaOn:1.00, AdapterMetaNZ%:100.0, AdapterΔ/Input:17.41%
   -> Saved last checkpoint at epoch 68
Epoch 69/100 | Steps: 1508 | LR: 0.000027 | Train Loss: 0.062719 (P:0.0610, S:0.0338, Q:0.0000) | Val Loss: 0.244390 (P:0.2369, S:0.1490, Q:0.0000) | Repr L2μ: 4.2848 Val L2μ: 1.5570 | Repr Cosμ: 0.8799 Val Cosμ: 0.9836 | Pred→Target Cosμ: 0.9695 Val Cosμ: 0.8436 | Repr NormRatio: 1.3284 Val NormRatio: 1.0593 | Train Meta: AdapterScaleμ:0.2520, AdapterMetaScaleμ:0.0272, AdapterGateμ:0.1532, AdapterBias|B|μ:25.9537, AdapterMetaOn:1.00, AdapterMetaNZ%:100.0, AdapterΔ/Input:18.81% | Val Meta: AdapterScaleμ:0.2512, AdapterMetaScaleμ:0.0273, AdapterGateμ:0.1471, AdapterBias|B|μ:26.1072, AdapterMetaOn:1.00, AdapterMetaNZ%:100.0, AdapterΔ/Input:14.43%
   -> Saved last checkpoint at epoch 69
Epoch 70/100 | Steps: 1508 | LR: 0.000026 | Train Loss: 0.057905 (P:0.0562, S:0.0341, Q:0.0000) | Val Loss: 0.245371 (P:0.2384, S:0.1388, Q:0.0000) | Repr L2μ: 3.9526 Val L2μ: 1.4013 | Repr Cosμ: 0.8975 Val Cosμ: 0.9876 | Pred→Target Cosμ: 0.9691 Val Cosμ: 0.8360 | Repr NormRatio: 1.2615 Val NormRatio: 1.0677 | Train Meta: AdapterScaleμ:0.2507, AdapterMetaScaleμ:0.0279, AdapterGateμ:0.1480, AdapterBias|B|μ:26.4217, AdapterMetaOn:1.00, AdapterMetaNZ%:100.0, AdapterΔ/Input:16.23% | Val Meta: AdapterScaleμ:0.2501, AdapterMetaScaleμ:0.0283, AdapterGateμ:0.1563, AdapterBias|B|μ:22.9024, AdapterMetaOn:1.00, AdapterMetaNZ%:100.0, AdapterΔ/Input:14.44%
   -> Saved last checkpoint at epoch 70
Epoch 71/100 | Steps: 1508 | LR: 0.000024 | Train Loss: 0.059645 (P:0.0577, S:0.0384, Q:0.0000) | Val Loss: 0.251766 (P:0.2436, S:0.1634, Q:0.0000) | Repr L2μ: 3.8613 Val L2μ: 1.3634 | Repr Cosμ: 0.9048 Val Cosμ: 0.9884 | Pred→Target Cosμ: 0.9672 Val Cosμ: 0.8352 | Repr NormRatio: 1.2318 Val NormRatio: 1.0409 | Train Meta: AdapterScaleμ:0.2498, AdapterMetaScaleμ:0.0282, AdapterGateμ:0.1559, AdapterBias|B|μ:25.5289, AdapterMetaOn:1.00, AdapterMetaNZ%:100.0, AdapterΔ/Input:16.04% | Val Meta: AdapterScaleμ:0.2494, AdapterMetaScaleμ:0.0285, AdapterGateμ:0.1549, AdapterBias|B|μ:27.7725, AdapterMetaOn:1.00, AdapterMetaNZ%:100.0, AdapterΔ/Input:14.08%
   -> Saved last checkpoint at epoch 71
Epoch 72/100 | Steps: 1508 | LR: 0.000023 | Train Loss: 0.062792 (P:0.0610, S:0.0366, Q:0.0000) | Val Loss: 0.241915 (P:0.2354, S:0.1305, Q:0.0000) | Repr L2μ: 3.7855 Val L2μ: 1.2824 | Repr Cosμ: 0.9103 Val Cosμ: 0.9889 | Pred→Target Cosμ: 0.9663 Val Cosμ: 0.8381 | Repr NormRatio: 1.2297 Val NormRatio: 1.0285 | Train Meta: AdapterScaleμ:0.2491, AdapterMetaScaleμ:0.0292, AdapterGateμ:0.1541, AdapterBias|B|μ:38.1167, AdapterMetaOn:1.00, AdapterMetaNZ%:100.0, AdapterΔ/Input:15.88% | Val Meta: AdapterScaleμ:0.2492, AdapterMetaScaleμ:0.0298, AdapterGateμ:0.1584, AdapterBias|B|μ:41.5792, AdapterMetaOn:1.00, AdapterMetaNZ%:100.0, AdapterΔ/Input:14.24%
   -> Saved last checkpoint at epoch 72
Epoch 73/100 | Steps: 1508 | LR: 0.000021 | Train Loss: 0.062050 (P:0.0603, S:0.0343, Q:0.0000) | Val Loss: 0.269739 (P:0.2616, S:0.1628, Q:0.0000) | Repr L2μ: 3.6581 Val L2μ: 1.2634 | Repr Cosμ: 0.9151 Val Cosμ: 0.9897 | Pred→Target Cosμ: 0.9654 Val Cosμ: 0.8308 | Repr NormRatio: 1.2212 Val NormRatio: 1.0445 | Train Meta: AdapterScaleμ:0.2488, AdapterMetaScaleμ:0.0298, AdapterGateμ:0.1552, AdapterBias|B|μ:40.9946, AdapterMetaOn:1.00, AdapterMetaNZ%:100.0, AdapterΔ/Input:15.56% | Val Meta: AdapterScaleμ:0.2484, AdapterMetaScaleμ:0.0302, AdapterGateμ:0.1525, AdapterBias|B|μ:41.2018, AdapterMetaOn:1.00, AdapterMetaNZ%:100.0, AdapterΔ/Input:12.72%
   -> Saved last checkpoint at epoch 73
Epoch 74/100 | Steps: 1508 | LR: 0.000020 | Train Loss: 0.060970 (P:0.0593, S:0.0326, Q:0.0000) | Val Loss: 0.260878 (P:0.2522, S:0.1733, Q:0.0000) | Repr L2μ: 3.7280 Val L2μ: 1.1862 | Repr Cosμ: 0.9092 Val Cosμ: 0.9906 | Pred→Target Cosμ: 0.9669 Val Cosμ: 0.8505 | Repr NormRatio: 1.2171 Val NormRatio: 1.0351 | Train Meta: AdapterScaleμ:0.2488, AdapterMetaScaleμ:0.0295, AdapterGateμ:0.1581, AdapterBias|B|μ:41.0499, AdapterMetaOn:1.00, AdapterMetaNZ%:100.0, AdapterΔ/Input:15.79% | Val Meta: AdapterScaleμ:0.2489, AdapterMetaScaleμ:0.0288, AdapterGateμ:0.1574, AdapterBias|B|μ:39.7331, AdapterMetaOn:1.00, AdapterMetaNZ%:100.0, AdapterΔ/Input:12.79%
   -> Saved last checkpoint at epoch 74
Epoch 75/100 | Steps: 1508 | LR: 0.000019 | Train Loss: 0.057114 (P:0.0554, S:0.0340, Q:0.0000) | Val Loss: 0.248932 (P:0.2405, S:0.1694, Q:0.0000) | Repr L2μ: 3.5632 Val L2μ: 1.2445 | Repr Cosμ: 0.9159 Val Cosμ: 0.9904 | Pred→Target Cosμ: 0.9691 Val Cosμ: 0.8340 | Repr NormRatio: 1.2010 Val NormRatio: 1.0384 | Train Meta: AdapterScaleμ:0.2489, AdapterMetaScaleμ:0.0288, AdapterGateμ:0.1606, AdapterBias|B|μ:45.2702, AdapterMetaOn:1.00, AdapterMetaNZ%:100.0, AdapterΔ/Input:15.73% | Val Meta: AdapterScaleμ:0.2487, AdapterMetaScaleμ:0.0289, AdapterGateμ:0.1629, AdapterBias|B|μ:50.9964, AdapterMetaOn:1.00, AdapterMetaNZ%:100.0, AdapterΔ/Input:14.84%
   -> Saved last checkpoint at epoch 75
Epoch 76/100 | Steps: 1508 | LR: 0.000017 | Train Loss: 0.053943 (P:0.0524, S:0.0311, Q:0.0000) | Val Loss: 0.263914 (P:0.2562, S:0.1535, Q:0.0000) | Repr L2μ: 3.8074 Val L2μ: 1.0634 | Repr Cosμ: 0.9035 Val Cosμ: 0.9925 | Pred→Target Cosμ: 0.9709 Val Cosμ: 0.8382 | Repr NormRatio: 1.2330 Val NormRatio: 1.0490 | Train Meta: AdapterScaleμ:0.2485, AdapterMetaScaleμ:0.0289, AdapterGateμ:0.1631, AdapterBias|B|μ:52.3880, AdapterMetaOn:1.00, AdapterMetaNZ%:100.0, AdapterΔ/Input:15.57% | Val Meta: AdapterScaleμ:0.2483, AdapterMetaScaleμ:0.0288, AdapterGateμ:0.1665, AdapterBias|B|μ:49.5993, AdapterMetaOn:1.00, AdapterMetaNZ%:100.0, AdapterΔ/Input:12.83%
   -> Saved last checkpoint at epoch 76
Epoch 77/100 | Steps: 1508 | LR: 0.000016 | Train Loss: 0.053832 (P:0.0523, S:0.0303, Q:0.0000) | Val Loss: 0.254762 (P:0.2472, S:0.1519, Q:0.0000) | Repr L2μ: 3.8198 Val L2μ: 1.1166 | Repr Cosμ: 0.9017 Val Cosμ: 0.9915 | Pred→Target Cosμ: 0.9708 Val Cosμ: 0.8541 | Repr NormRatio: 1.2306 Val NormRatio: 1.0523 | Train Meta: AdapterScaleμ:0.2483, AdapterMetaScaleμ:0.0281, AdapterGateμ:0.1649, AdapterBias|B|μ:46.8892, AdapterMetaOn:1.00, AdapterMetaNZ%:100.0, AdapterΔ/Input:15.03% | Val Meta: AdapterScaleμ:0.2488, AdapterMetaScaleμ:0.0276, AdapterGateμ:0.1682, AdapterBias|B|μ:45.7136, AdapterMetaOn:1.00, AdapterMetaNZ%:100.0, AdapterΔ/Input:12.61%
   -> Saved last checkpoint at epoch 77
Epoch 78/100 | Steps: 1508 | LR: 0.000015 | Train Loss: 0.054629 (P:0.0532, S:0.0290, Q:0.0000) | Val Loss: 0.254363 (P:0.2466, S:0.1562, Q:0.0000) | Repr L2μ: 4.0752 Val L2μ: 1.2159 | Repr Cosμ: 0.8832 Val Cosμ: 0.9897 | Pred→Target Cosμ: 0.9700 Val Cosμ: 0.8449 | Repr NormRatio: 1.2515 Val NormRatio: 1.0591 | Train Meta: AdapterScaleμ:0.2492, AdapterMetaScaleμ:0.0267, AdapterGateμ:0.1691, AdapterBias|B|μ:45.4922, AdapterMetaOn:1.00, AdapterMetaNZ%:100.0, AdapterΔ/Input:14.98% | Val Meta: AdapterScaleμ:0.2494, AdapterMetaScaleμ:0.0265, AdapterGateμ:0.1717, AdapterBias|B|μ:48.8578, AdapterMetaOn:1.00, AdapterMetaNZ%:100.0, AdapterΔ/Input:13.79%
   -> Saved last checkpoint at epoch 78
Epoch 79/100 | Steps: 1508 | LR: 0.000014 | Train Loss: 0.054994 (P:0.0536, S:0.0283, Q:0.0000) | Val Loss: 0.275792 (P:0.2677, S:0.1621, Q:0.0000) | Repr L2μ: 4.2071 Val L2μ: 1.2340 | Repr Cosμ: 0.8763 Val Cosμ: 0.9896 | Pred→Target Cosμ: 0.9698 Val Cosμ: 0.8401 | Repr NormRatio: 1.2608 Val NormRatio: 1.0625 | Train Meta: AdapterScaleμ:0.2494, AdapterMetaScaleμ:0.0264, AdapterGateμ:0.1722, AdapterBias|B|μ:47.5144, AdapterMetaOn:1.00, AdapterMetaNZ%:100.0, AdapterΔ/Input:15.87% | Val Meta: AdapterScaleμ:0.2494, AdapterMetaScaleμ:0.0265, AdapterGateμ:0.1735, AdapterBias|B|μ:49.4436, AdapterMetaOn:1.00, AdapterMetaNZ%:100.0, AdapterΔ/Input:15.68%
   -> Saved last checkpoint at epoch 79
Epoch 80/100 | Steps: 1508 | LR: 0.000013 | Train Loss: 0.054068 (P:0.0527, S:0.0279, Q:0.0000) | Val Loss: 0.305512 (P:0.2970, S:0.1695, Q:0.0000) | Repr L2μ: 4.1975 Val L2μ: 1.3348 | Repr Cosμ: 0.8765 Val Cosμ: 0.9882 | Pred→Target Cosμ: 0.9697 Val Cosμ: 0.8188 | Repr NormRatio: 1.2756 Val NormRatio: 1.0511 | Train Meta: AdapterScaleμ:0.2495, AdapterMetaScaleμ:0.0265, AdapterGateμ:0.1718, AdapterBias|B|μ:49.9908, AdapterMetaOn:1.00, AdapterMetaNZ%:100.0, AdapterΔ/Input:16.11% | Val Meta: AdapterScaleμ:0.2497, AdapterMetaScaleμ:0.0265, AdapterGateμ:0.1705, AdapterBias|B|μ:51.4248, AdapterMetaOn:1.00, AdapterMetaNZ%:100.0, AdapterΔ/Input:15.63%
   -> Saved last checkpoint at epoch 80
Epoch 81/100 | Steps: 1508 | LR: 0.000011 | Train Loss: 0.053688 (P:0.0523, S:0.0278, Q:0.0000) | Val Loss: 0.300516 (P:0.2936, S:0.1381, Q:0.0000) | Repr L2μ: 4.1488 Val L2μ: 1.3460 | Repr Cosμ: 0.8797 Val Cosμ: 0.9868 | Pred→Target Cosμ: 0.9695 Val Cosμ: 0.8151 | Repr NormRatio: 1.2766 Val NormRatio: 1.0633 | Train Meta: AdapterScaleμ:0.2496, AdapterMetaScaleμ:0.0265, AdapterGateμ:0.1709, AdapterBias|B|μ:50.4162, AdapterMetaOn:1.00, AdapterMetaNZ%:100.0, AdapterΔ/Input:15.79% | Val Meta: AdapterScaleμ:0.2495, AdapterMetaScaleμ:0.0267, AdapterGateμ:0.1712, AdapterBias|B|μ:50.6440, AdapterMetaOn:1.00, AdapterMetaNZ%:100.0, AdapterΔ/Input:13.39%
   -> Saved last checkpoint at epoch 81
Epoch 82/100 | Steps: 1508 | LR: 0.000010 | Train Loss: 0.053822 (P:0.0525, S:0.0264, Q:0.0000) | Val Loss: 0.304269 (P:0.2968, S:0.1485, Q:0.0000) | Repr L2μ: 4.1370 Val L2μ: 1.2911 | Repr Cosμ: 0.8795 Val Cosμ: 0.9883 | Pred→Target Cosμ: 0.9687 Val Cosμ: 0.8083 | Repr NormRatio: 1.2655 Val NormRatio: 1.0460 | Train Meta: AdapterScaleμ:0.2495, AdapterMetaScaleμ:0.0268, AdapterGateμ:0.1714, AdapterBias|B|μ:51.9721, AdapterMetaOn:1.00, AdapterMetaNZ%:100.0, AdapterΔ/Input:15.31% | Val Meta: AdapterScaleμ:0.2496, AdapterMetaScaleμ:0.0268, AdapterGateμ:0.1719, AdapterBias|B|μ:53.3324, AdapterMetaOn:1.00, AdapterMetaNZ%:100.0, AdapterΔ/Input:15.07%
   -> Saved last checkpoint at epoch 82
Epoch 83/100 | Steps: 1508 | LR: 0.000009 | Train Loss: 0.055099 (P:0.0538, S:0.0265, Q:0.0000) | Val Loss: 0.324526 (P:0.3172, S:0.1467, Q:0.0000) | Repr L2μ: 4.0762 Val L2μ: 1.3419 | Repr Cosμ: 0.8832 Val Cosμ: 0.9880 | Pred→Target Cosμ: 0.9682 Val Cosμ: 0.7934 | Repr NormRatio: 1.2713 Val NormRatio: 1.0465 | Train Meta: AdapterScaleμ:0.2496, AdapterMetaScaleμ:0.0269, AdapterGateμ:0.1719, AdapterBias|B|μ:55.1283, AdapterMetaOn:1.00, AdapterMetaNZ%:100.0, AdapterΔ/Input:15.70% | Val Meta: AdapterScaleμ:0.2497, AdapterMetaScaleμ:0.0267, AdapterGateμ:0.1715, AdapterBias|B|μ:54.9750, AdapterMetaOn:1.00, AdapterMetaNZ%:100.0, AdapterΔ/Input:14.00%
   -> Saved last checkpoint at epoch 83
Epoch 84/100 | Steps: 1508 | LR: 0.000009 | Train Loss: 0.055193 (P:0.0539, S:0.0265, Q:0.0000) | Val Loss: 0.327601 (P:0.3197, S:0.1573, Q:0.0000) | Repr L2μ: 4.0748 Val L2μ: 1.4630 | Repr Cosμ: 0.8840 Val Cosμ: 0.9860 | Pred→Target Cosμ: 0.9679 Val Cosμ: 0.7816 | Repr NormRatio: 1.2780 Val NormRatio: 1.0542 | Train Meta: AdapterScaleμ:0.2498, AdapterMetaScaleμ:0.0265, AdapterGateμ:0.1719, AdapterBias|B|μ:55.2519, AdapterMetaOn:1.00, AdapterMetaNZ%:100.0, AdapterΔ/Input:15.48% | Val Meta: AdapterScaleμ:0.2499, AdapterMetaScaleμ:0.0264, AdapterGateμ:0.1713, AdapterBias|B|μ:58.7953, AdapterMetaOn:1.00, AdapterMetaNZ%:100.0, AdapterΔ/Input:13.93%
   -> Saved last checkpoint at epoch 84
Epoch 85/100 | Steps: 1508 | LR: 0.000008 | Train Loss: 0.056753 (P:0.0553, S:0.0284, Q:0.0000) | Val Loss: 0.332493 (P:0.3239, S:0.1716, Q:0.0000) | Repr L2μ: 4.1013 Val L2μ: 1.3142 | Repr Cosμ: 0.8801 Val Cosμ: 0.9883 | Pred→Target Cosμ: 0.9652 Val Cosμ: 0.7833 | Repr NormRatio: 1.2546 Val NormRatio: 1.0539 | Train Meta: AdapterScaleμ:0.2497, AdapterMetaScaleμ:0.0262, AdapterGateμ:0.1506, AdapterBias|B|μ:64.2579, AdapterMetaOn:1.00, AdapterMetaNZ%:100.0, AdapterΔ/Input:12.76% | Val Meta: AdapterScaleμ:0.2496, AdapterMetaScaleμ:0.0261, AdapterGateμ:0.1379, AdapterBias|B|μ:67.3890, AdapterMetaOn:1.00, AdapterMetaNZ%:100.0, AdapterΔ/Input:10.96%
   -> Saved last checkpoint at epoch 85
Epoch 86/100 | Steps: 1508 | LR: 0.000007 | Train Loss: 0.055716 (P:0.0544, S:0.0260, Q:0.0000) | Val Loss: 0.314889 (P:0.3069, S:0.1593, Q:0.0000) | Repr L2μ: 3.9175 Val L2μ: 1.4421 | Repr Cosμ: 0.8936 Val Cosμ: 0.9863 | Pred→Target Cosμ: 0.9660 Val Cosμ: 0.7932 | Repr NormRatio: 1.2505 Val NormRatio: 1.0610 | Train Meta: AdapterScaleμ:0.2498, AdapterMetaScaleμ:0.0261, AdapterGateμ:0.1676, AdapterBias|B|μ:58.7658, AdapterMetaOn:1.00, AdapterMetaNZ%:100.0, AdapterΔ/Input:14.41% | Val Meta: AdapterScaleμ:0.2499, AdapterMetaScaleμ:0.0263, AdapterGateμ:0.1731, AdapterBias|B|μ:57.2667, AdapterMetaOn:1.00, AdapterMetaNZ%:100.0, AdapterΔ/Input:13.38%
   -> Saved last checkpoint at epoch 86
Epoch 87/100 | Steps: 1508 | LR: 0.000006 | Train Loss: 0.054742 (P:0.0535, S:0.0255, Q:0.0000) | Val Loss: 0.301264 (P:0.2932, S:0.1610, Q:0.0000) | Repr L2μ: 3.9354 Val L2μ: 1.2598 | Repr Cosμ: 0.8926 Val Cosμ: 0.9896 | Pred→Target Cosμ: 0.9670 Val Cosμ: 0.8005 | Repr NormRatio: 1.2428 Val NormRatio: 1.0449 | Train Meta: AdapterScaleμ:0.2499, AdapterMetaScaleμ:0.0259, AdapterGateμ:0.1722, AdapterBias|B|μ:55.8100, AdapterMetaOn:1.00, AdapterMetaNZ%:100.0, AdapterΔ/Input:14.34% | Val Meta: AdapterScaleμ:0.2500, AdapterMetaScaleμ:0.0257, AdapterGateμ:0.1727, AdapterBias|B|μ:54.1628, AdapterMetaOn:1.00, AdapterMetaNZ%:100.0, AdapterΔ/Input:13.63%
   -> Saved last checkpoint at epoch 87
Epoch 88/100 | Steps: 1508 | LR: 0.000005 | Train Loss: 0.053919 (P:0.0526, S:0.0255, Q:0.0000) | Val Loss: 0.323469 (P:0.3156, S:0.1574, Q:0.0000) | Repr L2μ: 3.9358 Val L2μ: 1.2920 | Repr Cosμ: 0.8910 Val Cosμ: 0.9890 | Pred→Target Cosμ: 0.9671 Val Cosμ: 0.7981 | Repr NormRatio: 1.2512 Val NormRatio: 1.0522 | Train Meta: AdapterScaleμ:0.2498, AdapterMetaScaleμ:0.0259, AdapterGateμ:0.1724, AdapterBias|B|μ:53.6553, AdapterMetaOn:1.00, AdapterMetaNZ%:100.0, AdapterΔ/Input:13.87% | Val Meta: AdapterScaleμ:0.2497, AdapterMetaScaleμ:0.0260, AdapterGateμ:0.1726, AdapterBias|B|μ:53.1606, AdapterMetaOn:1.00, AdapterMetaNZ%:100.0, AdapterΔ/Input:13.30%
   -> Saved last checkpoint at epoch 88
Epoch 89/100 | Steps: 1508 | LR: 0.000005 | Train Loss: 0.054340 (P:0.0531, S:0.0250, Q:0.0000) | Val Loss: 0.319539 (P:0.3122, S:0.1473, Q:0.0000) | Repr L2μ: 3.9426 Val L2μ: 1.2964 | Repr Cosμ: 0.8904 Val Cosμ: 0.9886 | Pred→Target Cosμ: 0.9670 Val Cosμ: 0.7962 | Repr NormRatio: 1.2523 Val NormRatio: 1.0587 | Train Meta: AdapterScaleμ:0.2497, AdapterMetaScaleμ:0.0260, AdapterGateμ:0.1721, AdapterBias|B|μ:53.3683, AdapterMetaOn:1.00, AdapterMetaNZ%:100.0, AdapterΔ/Input:13.79% | Val Meta: AdapterScaleμ:0.2497, AdapterMetaScaleμ:0.0259, AdapterGateμ:0.1722, AdapterBias|B|μ:52.7381, AdapterMetaOn:1.00, AdapterMetaNZ%:100.0, AdapterΔ/Input:13.03%
   -> Saved last checkpoint at epoch 89
Epoch 90/100 | Steps: 1508 | LR: 0.000004 | Train Loss: 0.054711 (P:0.0535, S:0.0249, Q:0.0000) | Val Loss: 0.317946 (P:0.3101, S:0.1565, Q:0.0000) | Repr L2μ: 4.0232 Val L2μ: 1.3021 | Repr Cosμ: 0.8847 Val Cosμ: 0.9889 | Pred→Target Cosμ: 0.9670 Val Cosμ: 0.8031 | Repr NormRatio: 1.2569 Val NormRatio: 1.0573 | Train Meta: AdapterScaleμ:0.2498, AdapterMetaScaleμ:0.0260, AdapterGateμ:0.1726, AdapterBias|B|μ:52.5294, AdapterMetaOn:1.00, AdapterMetaNZ%:100.0, AdapterΔ/Input:13.61% | Val Meta: AdapterScaleμ:0.2500, AdapterMetaScaleμ:0.0259, AdapterGateμ:0.1734, AdapterBias|B|μ:52.6663, AdapterMetaOn:1.00, AdapterMetaNZ%:100.0, AdapterΔ/Input:13.71%
   -> Saved last checkpoint at epoch 90
Epoch 91/100 | Steps: 1508 | LR: 0.000003 | Train Loss: 0.053853 (P:0.0526, S:0.0248, Q:0.0000) | Val Loss: 0.317037 (P:0.3092, S:0.1572, Q:0.0000) | Repr L2μ: 3.9135 Val L2μ: 1.3140 | Repr Cosμ: 0.8933 Val Cosμ: 0.9886 | Pred→Target Cosμ: 0.9665 Val Cosμ: 0.7943 | Repr NormRatio: 1.2671 Val NormRatio: 1.0550 | Train Meta: AdapterScaleμ:0.2500, AdapterMetaScaleμ:0.0260, AdapterGateμ:0.1730, AdapterBias|B|μ:53.8945, AdapterMetaOn:1.00, AdapterMetaNZ%:100.0, AdapterΔ/Input:14.21% | Val Meta: AdapterScaleμ:0.2500, AdapterMetaScaleμ:0.0260, AdapterGateμ:0.1733, AdapterBias|B|μ:53.4808, AdapterMetaOn:1.00, AdapterMetaNZ%:100.0, AdapterΔ/Input:13.51%
   -> Saved last checkpoint at epoch 91
Epoch 92/100 | Steps: 1508 | LR: 0.000003 | Train Loss: 0.054003 (P:0.0528, S:0.0247, Q:0.0000) | Val Loss: 0.310583 (P:0.3027, S:0.1570, Q:0.0000) | Repr L2μ: 3.8295 Val L2μ: 1.3286 | Repr Cosμ: 0.8983 Val Cosμ: 0.9886 | Pred→Target Cosμ: 0.9659 Val Cosμ: 0.7847 | Repr NormRatio: 1.2661 Val NormRatio: 1.0543 | Train Meta: AdapterScaleμ:0.2500, AdapterMetaScaleμ:0.0260, AdapterGateμ:0.1728, AdapterBias|B|μ:54.0078, AdapterMetaOn:1.00, AdapterMetaNZ%:100.0, AdapterΔ/Input:14.17% | Val Meta: AdapterScaleμ:0.2500, AdapterMetaScaleμ:0.0260, AdapterGateμ:0.1728, AdapterBias|B|μ:53.9663, AdapterMetaOn:1.00, AdapterMetaNZ%:100.0, AdapterΔ/Input:13.31%
   -> Saved last checkpoint at epoch 92
Epoch 93/100 | Steps: 1508 | LR: 0.000002 | Train Loss: 0.054057 (P:0.0528, S:0.0245, Q:0.0000) | Val Loss: 0.313294 (P:0.3057, S:0.1527, Q:0.0000) | Repr L2μ: 3.8317 Val L2μ: 1.3147 | Repr Cosμ: 0.8970 Val Cosμ: 0.9886 | Pred→Target Cosμ: 0.9661 Val Cosμ: 0.7856 | Repr NormRatio: 1.2684 Val NormRatio: 1.0527 | Train Meta: AdapterScaleμ:0.2499, AdapterMetaScaleμ:0.0260, AdapterGateμ:0.1716, AdapterBias|B|μ:55.2819, AdapterMetaOn:1.00, AdapterMetaNZ%:100.0, AdapterΔ/Input:13.85% | Val Meta: AdapterScaleμ:0.2499, AdapterMetaScaleμ:0.0260, AdapterGateμ:0.1718, AdapterBias|B|μ:55.4967, AdapterMetaOn:1.00, AdapterMetaNZ%:100.0, AdapterΔ/Input:13.22%
   -> Saved last checkpoint at epoch 93
Epoch 94/100 | Steps: 1508 | LR: 0.000002 | Train Loss: 0.054525 (P:0.0533, S:0.0243, Q:0.0000) | Val Loss: 0.323618 (P:0.3158, S:0.1568, Q:0.0000) | Repr L2μ: 3.7900 Val L2μ: 1.3573 | Repr Cosμ: 0.8996 Val Cosμ: 0.9880 | Pred→Target Cosμ: 0.9659 Val Cosμ: 0.7837 | Repr NormRatio: 1.2659 Val NormRatio: 1.0568 | Train Meta: AdapterScaleμ:0.2499, AdapterMetaScaleμ:0.0260, AdapterGateμ:0.1717, AdapterBias|B|μ:55.7301, AdapterMetaOn:1.00, AdapterMetaNZ%:100.0, AdapterΔ/Input:13.89% | Val Meta: AdapterScaleμ:0.2499, AdapterMetaScaleμ:0.0261, AdapterGateμ:0.1718, AdapterBias|B|μ:56.2611, AdapterMetaOn:1.00, AdapterMetaNZ%:100.0, AdapterΔ/Input:13.15%
   -> Saved last checkpoint at epoch 94
Epoch 95/100 | Steps: 1508 | LR: 0.000002 | Train Loss: 0.054157 (P:0.0529, S:0.0242, Q:0.0000) | Val Loss: 0.330998 (P:0.3234, S:0.1515, Q:0.0000) | Repr L2μ: 3.7728 Val L2μ: 1.3165 | Repr Cosμ: 0.9008 Val Cosμ: 0.9887 | Pred→Target Cosμ: 0.9659 Val Cosμ: 0.7913 | Repr NormRatio: 1.2650 Val NormRatio: 1.0554 | Train Meta: AdapterScaleμ:0.2499, AdapterMetaScaleμ:0.0260, AdapterGateμ:0.1716, AdapterBias|B|μ:56.0453, AdapterMetaOn:1.00, AdapterMetaNZ%:100.0, AdapterΔ/Input:13.83% | Val Meta: AdapterScaleμ:0.2498, AdapterMetaScaleμ:0.0260, AdapterGateμ:0.1713, AdapterBias|B|μ:56.0167, AdapterMetaOn:1.00, AdapterMetaNZ%:100.0, AdapterΔ/Input:12.99%
   -> Saved last checkpoint at epoch 95
Epoch 96/100 | Steps: 1508 | LR: 0.000001 | Train Loss: 0.053470 (P:0.0523, S:0.0242, Q:0.0000) | Val Loss: 0.328404 (P:0.3207, S:0.1535, Q:0.0000) | Repr L2μ: 3.7734 Val L2μ: 1.3075 | Repr Cosμ: 0.9010 Val Cosμ: 0.9888 | Pred→Target Cosμ: 0.9665 Val Cosμ: 0.7876 | Repr NormRatio: 1.2638 Val NormRatio: 1.0545 | Train Meta: AdapterScaleμ:0.2498, AdapterMetaScaleμ:0.0260, AdapterGateμ:0.1713, AdapterBias|B|μ:56.0777, AdapterMetaOn:1.00, AdapterMetaNZ%:100.0, AdapterΔ/Input:13.58% | Val Meta: AdapterScaleμ:0.2498, AdapterMetaScaleμ:0.0260, AdapterGateμ:0.1708, AdapterBias|B|μ:56.4012, AdapterMetaOn:1.00, AdapterMetaNZ%:100.0, AdapterΔ/Input:12.61%
   -> Saved last checkpoint at epoch 96
Epoch 97/100 | Steps: 1508 | LR: 0.000001 | Train Loss: 0.054031 (P:0.0528, S:0.0238, Q:0.0000) | Val Loss: 0.320031 (P:0.3126, S:0.1483, Q:0.0000) | Repr L2μ: 3.8243 Val L2μ: 1.3120 | Repr Cosμ: 0.8968 Val Cosμ: 0.9886 | Pred→Target Cosμ: 0.9662 Val Cosμ: 0.7908 | Repr NormRatio: 1.2635 Val NormRatio: 1.0561 | Train Meta: AdapterScaleμ:0.2497, AdapterMetaScaleμ:0.0260, AdapterGateμ:0.1715, AdapterBias|B|μ:55.7928, AdapterMetaOn:1.00, AdapterMetaNZ%:100.0, AdapterΔ/Input:13.29% | Val Meta: AdapterScaleμ:0.2497, AdapterMetaScaleμ:0.0260, AdapterGateμ:0.1718, AdapterBias|B|μ:55.8635, AdapterMetaOn:1.00, AdapterMetaNZ%:100.0, AdapterΔ/Input:12.61%
   -> Saved last checkpoint at epoch 97
Epoch 98/100 | Steps: 1508 | LR: 0.000001 | Train Loss: 0.053403 (P:0.0522, S:0.0238, Q:0.0000) | Val Loss: 0.326147 (P:0.3186, S:0.1500, Q:0.0000) | Repr L2μ: 3.8330 Val L2μ: 1.3225 | Repr Cosμ: 0.8965 Val Cosμ: 0.9885 | Pred→Target Cosμ: 0.9667 Val Cosμ: 0.7912 | Repr NormRatio: 1.2703 Val NormRatio: 1.0566 | Train Meta: AdapterScaleμ:0.2497, AdapterMetaScaleμ:0.0260, AdapterGateμ:0.1724, AdapterBias|B|μ:55.7227, AdapterMetaOn:1.00, AdapterMetaNZ%:100.0, AdapterΔ/Input:13.39% | Val Meta: AdapterScaleμ:0.2498, AdapterMetaScaleμ:0.0261, AdapterGateμ:0.1729, AdapterBias|B|μ:55.6144, AdapterMetaOn:1.00, AdapterMetaNZ%:100.0, AdapterΔ/Input:12.85%
   -> Saved last checkpoint at epoch 98
Epoch 99/100 | Steps: 1508 | LR: 0.000001 | Train Loss: 0.053423 (P:0.0522, S:0.0238, Q:0.0000) | Val Loss: 0.331105 (P:0.3236, S:0.1499, Q:0.0000) | Repr L2μ: 3.8336 Val L2μ: 1.3157 | Repr Cosμ: 0.8969 Val Cosμ: 0.9886 | Pred→Target Cosμ: 0.9666 Val Cosμ: 0.7902 | Repr NormRatio: 1.2721 Val NormRatio: 1.0563 | Train Meta: AdapterScaleμ:0.2497, AdapterMetaScaleμ:0.0261, AdapterGateμ:0.1727, AdapterBias|B|μ:55.5874, AdapterMetaOn:1.00, AdapterMetaNZ%:100.0, AdapterΔ/Input:13.40% | Val Meta: AdapterScaleμ:0.2497, AdapterMetaScaleμ:0.0260, AdapterGateμ:0.1721, AdapterBias|B|μ:55.7214, AdapterMetaOn:1.00, AdapterMetaNZ%:100.0, AdapterΔ/Input:12.64%
   -> Saved last checkpoint at epoch 99
Epoch 100/100 | Steps: 1508 | LR: 0.000001 | Train Loss: 0.053712 (P:0.0525, S:0.0237, Q:0.0000) | Val Loss: 0.320954 (P:0.3133, S:0.1540, Q:0.0000) | Repr L2μ: 3.8529 Val L2μ: 1.3256 | Repr Cosμ: 0.8957 Val Cosμ: 0.9884 | Pred→Target Cosμ: 0.9662 Val Cosμ: 0.7935 | Repr NormRatio: 1.2744 Val NormRatio: 1.0563 | Train Meta: AdapterScaleμ:0.2497, AdapterMetaScaleμ:0.0261, AdapterGateμ:0.1723, AdapterBias|B|μ:55.6852, AdapterMetaOn:1.00, AdapterMetaNZ%:100.0, AdapterΔ/Input:13.37% | Val Meta: AdapterScaleμ:0.2497, AdapterMetaScaleμ:0.0261, AdapterGateμ:0.1728, AdapterBias|B|μ:55.6336, AdapterMetaOn:1.00, AdapterMetaNZ%:100.0, AdapterΔ/Input:12.71%
   -> Saved last checkpoint at epoch 100
