nohup: ignoring input
Text metadata preview | dataset=ETTm1 | domain=ETTm1 | channels=7
   - HUFL: In the ETTm1 domain, this channel belongs to the ETTm1 dataset and represents the feature HUFL.
   - HULL: In the ETTm1 domain, this channel belongs to the ETTm1 dataset and represents the feature HULL.
   - ... (5 more channel descriptions)
Stats metadata preview | dataset=ETTm1 | domain=ETTm1 | channels=7
   - HUFL: Channel statistics over the training split: mean value is -0.000, standard deviation is 1.000, minimum value is -4.418, maximum value is 2.652, median value is 0.128, and mean absolute value is 0.698.
/data/pjh_workspace/ts-env/lib/python3.8/site-packages/torch/nn/modules/transformer.py:307: UserWarning: enable_nested_tensor is True, but self.use_nested_tensor is False because encoder_layer.norm_first was True
  warnings.warn(f"enable_nested_tensor is True, but self.use_nested_tensor is False because {why_not_sparsity_fast_path}")
==================================================
🚀 Architecture: LAYA
📊 Target Dataset: ETTm1 (Channels: 7)
📊 Pretrain Info: electricity (Detected Channels: 7)
📊 Prediction Length: 96
==================================================
✅ Loaded pretrained encoder from ./checkpoints/electricity_laya_mixer_text_stats_avg/laya_ts_electricity_s_best.pt
   - 113/113 keys matched.
ℹ️ Channel Adapter: disabled
📝 metadata: mode=text_stats_avg, fusion=add, relation=none
ℹ️ RevIN: enabled | affine=False | subtract_last=False | eps=1e-05
ℹ️ Metadata Fusion Mode: add
ℹ️ Channel Mixer Relation Mode: none
ℹ️ Encoder Variant: default
ℹ️ Channel Relation Block: disabled
✅ Probing Head [Mixer, channel-wise]: [B*C, 1024] -> [B, 7, 96]
Epoch 1/20 | Steps: 1287 | LR: 0.000100 | Train Loss: 0.302336 | Val Loss: 0.299882 | Train Meta: n/a | Val Meta: n/a
   -> Updated best validation state: val_loss=0.299882 at epoch 1
Epoch 2/20 | Steps: 1287 | LR: 0.000100 | Train Loss: 0.273648 | Val Loss: 0.294813 | Train Meta: n/a | Val Meta: n/a
   -> Updated best validation state: val_loss=0.294813 at epoch 2
Epoch 3/20 | Steps: 1287 | LR: 0.000100 | Train Loss: 0.269450 | Val Loss: 0.288469 | Train Meta: n/a | Val Meta: n/a
   -> Updated best validation state: val_loss=0.288469 at epoch 3
Epoch 4/20 | Steps: 1287 | LR: 0.000100 | Train Loss: 0.267208 | Val Loss: 0.288236 | Train Meta: n/a | Val Meta: n/a
   -> Updated best validation state: val_loss=0.288236 at epoch 4
Epoch 5/20 | Steps: 1287 | LR: 0.000100 | Train Loss: 0.265768 | Val Loss: 0.287567 | Train Meta: n/a | Val Meta: n/a
   -> Updated best validation state: val_loss=0.287567 at epoch 5
Epoch 6/20 | Steps: 1287 | LR: 0.000100 | Train Loss: 0.264865 | Val Loss: 0.287324 | Train Meta: n/a | Val Meta: n/a
   -> Updated best validation state: val_loss=0.287324 at epoch 6
Epoch 7/20 | Steps: 1287 | LR: 0.000100 | Train Loss: 0.264047 | Val Loss: 0.289797 | Train Meta: n/a | Val Meta: n/a
Epoch 8/20 | Steps: 1287 | LR: 0.000100 | Train Loss: 0.263353 | Val Loss: 0.288115 | Train Meta: n/a | Val Meta: n/a
Epoch 9/20 | Steps: 1287 | LR: 0.000100 | Train Loss: 0.262761 | Val Loss: 0.286456 | Train Meta: n/a | Val Meta: n/a
   -> Updated best validation state: val_loss=0.286456 at epoch 9
Epoch 10/20 | Steps: 1287 | LR: 0.000100 | Train Loss: 0.262520 | Val Loss: 0.285482 | Train Meta: n/a | Val Meta: n/a
   -> Updated best validation state: val_loss=0.285482 at epoch 10
Epoch 11/20 | Steps: 1287 | LR: 0.000100 | Train Loss: 0.261973 | Val Loss: 0.287950 | Train Meta: n/a | Val Meta: n/a
Epoch 12/20 | Steps: 1287 | LR: 0.000100 | Train Loss: 0.261521 | Val Loss: 0.286814 | Train Meta: n/a | Val Meta: n/a
Epoch 13/20 | Steps: 1287 | LR: 0.000100 | Train Loss: 0.261332 | Val Loss: 0.285249 | Train Meta: n/a | Val Meta: n/a
   -> Updated best validation state: val_loss=0.285249 at epoch 13
Epoch 14/20 | Steps: 1287 | LR: 0.000100 | Train Loss: 0.261032 | Val Loss: 0.284459 | Train Meta: n/a | Val Meta: n/a
   -> Updated best validation state: val_loss=0.284459 at epoch 14
Epoch 15/20 | Steps: 1287 | LR: 0.000100 | Train Loss: 0.260624 | Val Loss: 0.287037 | Train Meta: n/a | Val Meta: n/a
Epoch 16/20 | Steps: 1287 | LR: 0.000100 | Train Loss: 0.260463 | Val Loss: 0.284297 | Train Meta: n/a | Val Meta: n/a
   -> Updated best validation state: val_loss=0.284297 at epoch 16
Epoch 17/20 | Steps: 1287 | LR: 0.000100 | Train Loss: 0.260354 | Val Loss: 0.285749 | Train Meta: n/a | Val Meta: n/a
Epoch 18/20 | Steps: 1287 | LR: 0.000100 | Train Loss: 0.259999 | Val Loss: 0.284727 | Train Meta: n/a | Val Meta: n/a
Epoch 19/20 | Steps: 1287 | LR: 0.000100 | Train Loss: 0.259705 | Val Loss: 0.283549 | Train Meta: n/a | Val Meta: n/a
   -> Updated best validation state: val_loss=0.283549 at epoch 19
Epoch 20/20 | Steps: 1287 | LR: 0.000100 | Train Loss: 0.259771 | Val Loss: 0.282341 | Train Meta: n/a | Val Meta: n/a
   -> Updated best validation state: val_loss=0.282341 at epoch 20
{'test_mse': 0.36152881383895874, 'test_mae': 0.4147292971611023}
Saved best forecasting checkpoint under checkpoints/forecasting_ettm1_96/electricity_laya_mixer_text_stats_avg_best.pt
Saved attention maps for 3 sample(s) under ./runs/forecasting_electricity_to_ETTm1_laya_mixer_text_stats_avg/pred_96/attention_maps
Text metadata preview | dataset=ETTm1 | domain=ETTm1 | channels=7
   - HUFL: In the ETTm1 domain, this channel belongs to the ETTm1 dataset and represents the feature HUFL.
   - HULL: In the ETTm1 domain, this channel belongs to the ETTm1 dataset and represents the feature HULL.
   - ... (5 more channel descriptions)
Stats metadata preview | dataset=ETTm1 | domain=ETTm1 | channels=7
   - HUFL: Channel statistics over the training split: mean value is -0.000, standard deviation is 1.000, minimum value is -4.418, maximum value is 2.652, median value is 0.128, and mean absolute value is 0.698.
/data/pjh_workspace/ts-env/lib/python3.8/site-packages/torch/nn/modules/transformer.py:307: UserWarning: enable_nested_tensor is True, but self.use_nested_tensor is False because encoder_layer.norm_first was True
  warnings.warn(f"enable_nested_tensor is True, but self.use_nested_tensor is False because {why_not_sparsity_fast_path}")
==================================================
🚀 Architecture: LAYA
📊 Target Dataset: ETTm1 (Channels: 7)
📊 Pretrain Info: electricity (Detected Channels: 7)
📊 Prediction Length: 192
==================================================
✅ Loaded pretrained encoder from ./checkpoints/electricity_laya_mixer_text_stats_avg/laya_ts_electricity_s_best.pt
   - 113/113 keys matched.
ℹ️ Channel Adapter: disabled
📝 metadata: mode=text_stats_avg, fusion=add, relation=none
ℹ️ RevIN: enabled | affine=False | subtract_last=False | eps=1e-05
ℹ️ Metadata Fusion Mode: add
ℹ️ Channel Mixer Relation Mode: none
ℹ️ Encoder Variant: default
ℹ️ Channel Relation Block: disabled
✅ Probing Head [Mixer, channel-wise]: [B*C, 1024] -> [B, 7, 192]
Epoch 1/20 | Steps: 1284 | LR: 0.000100 | Train Loss: 0.345976 | Val Loss: 0.343034 | Train Meta: n/a | Val Meta: n/a
   -> Updated best validation state: val_loss=0.343034 at epoch 1
Epoch 2/20 | Steps: 1284 | LR: 0.000100 | Train Loss: 0.319379 | Val Loss: 0.330221 | Train Meta: n/a | Val Meta: n/a
   -> Updated best validation state: val_loss=0.330221 at epoch 2
Epoch 3/20 | Steps: 1284 | LR: 0.000100 | Train Loss: 0.315780 | Val Loss: 0.327306 | Train Meta: n/a | Val Meta: n/a
   -> Updated best validation state: val_loss=0.327306 at epoch 3
Epoch 4/20 | Steps: 1284 | LR: 0.000100 | Train Loss: 0.313700 | Val Loss: 0.330574 | Train Meta: n/a | Val Meta: n/a
Epoch 5/20 | Steps: 1284 | LR: 0.000100 | Train Loss: 0.312551 | Val Loss: 0.330532 | Train Meta: n/a | Val Meta: n/a
Epoch 6/20 | Steps: 1284 | LR: 0.000100 | Train Loss: 0.311369 | Val Loss: 0.327000 | Train Meta: n/a | Val Meta: n/a
   -> Updated best validation state: val_loss=0.327000 at epoch 6
Epoch 7/20 | Steps: 1284 | LR: 0.000100 | Train Loss: 0.310928 | Val Loss: 0.324112 | Train Meta: n/a | Val Meta: n/a
   -> Updated best validation state: val_loss=0.324112 at epoch 7
Epoch 8/20 | Steps: 1284 | LR: 0.000100 | Train Loss: 0.310133 | Val Loss: 0.326402 | Train Meta: n/a | Val Meta: n/a
Epoch 9/20 | Steps: 1284 | LR: 0.000100 | Train Loss: 0.309755 | Val Loss: 0.326915 | Train Meta: n/a | Val Meta: n/a
Epoch 10/20 | Steps: 1284 | LR: 0.000100 | Train Loss: 0.309335 | Val Loss: 0.323975 | Train Meta: n/a | Val Meta: n/a
   -> Updated best validation state: val_loss=0.323975 at epoch 10
Epoch 11/20 | Steps: 1284 | LR: 0.000100 | Train Loss: 0.308902 | Val Loss: 0.324029 | Train Meta: n/a | Val Meta: n/a
Epoch 12/20 | Steps: 1284 | LR: 0.000100 | Train Loss: 0.308658 | Val Loss: 0.323605 | Train Meta: n/a | Val Meta: n/a
   -> Updated best validation state: val_loss=0.323605 at epoch 12
Epoch 13/20 | Steps: 1284 | LR: 0.000100 | Train Loss: 0.308340 | Val Loss: 0.323366 | Train Meta: n/a | Val Meta: n/a
   -> Updated best validation state: val_loss=0.323366 at epoch 13
Epoch 14/20 | Steps: 1284 | LR: 0.000100 | Train Loss: 0.308078 | Val Loss: 0.326194 | Train Meta: n/a | Val Meta: n/a
Epoch 15/20 | Steps: 1284 | LR: 0.000100 | Train Loss: 0.307842 | Val Loss: 0.324606 | Train Meta: n/a | Val Meta: n/a
Epoch 16/20 | Steps: 1284 | LR: 0.000100 | Train Loss: 0.307655 | Val Loss: 0.323198 | Train Meta: n/a | Val Meta: n/a
   -> Updated best validation state: val_loss=0.323198 at epoch 16
Epoch 17/20 | Steps: 1284 | LR: 0.000100 | Train Loss: 0.307503 | Val Loss: 0.321440 | Train Meta: n/a | Val Meta: n/a
   -> Updated best validation state: val_loss=0.321440 at epoch 17
Epoch 18/20 | Steps: 1284 | LR: 0.000100 | Train Loss: 0.307257 | Val Loss: 0.323312 | Train Meta: n/a | Val Meta: n/a
Epoch 19/20 | Steps: 1284 | LR: 0.000100 | Train Loss: 0.307161 | Val Loss: 0.324539 | Train Meta: n/a | Val Meta: n/a
Epoch 20/20 | Steps: 1284 | LR: 0.000100 | Train Loss: 0.306852 | Val Loss: 0.322702 | Train Meta: n/a | Val Meta: n/a
{'test_mse': 0.4093741476535797, 'test_mae': 0.44131678342819214}
Saved best forecasting checkpoint under checkpoints/forecasting_ettm1_192/electricity_laya_mixer_text_stats_avg_best.pt
Saved attention maps for 3 sample(s) under ./runs/forecasting_electricity_to_ETTm1_laya_mixer_text_stats_avg/pred_192/attention_maps
Text metadata preview | dataset=ETTm1 | domain=ETTm1 | channels=7
   - HUFL: In the ETTm1 domain, this channel belongs to the ETTm1 dataset and represents the feature HUFL.
   - HULL: In the ETTm1 domain, this channel belongs to the ETTm1 dataset and represents the feature HULL.
   - ... (5 more channel descriptions)
Stats metadata preview | dataset=ETTm1 | domain=ETTm1 | channels=7
   - HUFL: Channel statistics over the training split: mean value is -0.000, standard deviation is 1.000, minimum value is -4.418, maximum value is 2.652, median value is 0.128, and mean absolute value is 0.698.
/data/pjh_workspace/ts-env/lib/python3.8/site-packages/torch/nn/modules/transformer.py:307: UserWarning: enable_nested_tensor is True, but self.use_nested_tensor is False because encoder_layer.norm_first was True
  warnings.warn(f"enable_nested_tensor is True, but self.use_nested_tensor is False because {why_not_sparsity_fast_path}")
==================================================
🚀 Architecture: LAYA
📊 Target Dataset: ETTm1 (Channels: 7)
📊 Pretrain Info: electricity (Detected Channels: 7)
📊 Prediction Length: 336
==================================================
✅ Loaded pretrained encoder from ./checkpoints/electricity_laya_mixer_text_stats_avg/laya_ts_electricity_s_best.pt
   - 113/113 keys matched.
ℹ️ Channel Adapter: disabled
📝 metadata: mode=text_stats_avg, fusion=add, relation=none
ℹ️ RevIN: enabled | affine=False | subtract_last=False | eps=1e-05
ℹ️ Metadata Fusion Mode: add
ℹ️ Channel Mixer Relation Mode: none
ℹ️ Encoder Variant: default
ℹ️ Channel Relation Block: disabled
✅ Probing Head [Mixer, channel-wise]: [B*C, 1024] -> [B, 7, 336]
Epoch 1/20 | Steps: 1280 | LR: 0.000100 | Train Loss: 0.396021 | Val Loss: 0.378876 | Train Meta: n/a | Val Meta: n/a
   -> Updated best validation state: val_loss=0.378876 at epoch 1
Epoch 2/20 | Steps: 1280 | LR: 0.000100 | Train Loss: 0.370942 | Val Loss: 0.373793 | Train Meta: n/a | Val Meta: n/a
   -> Updated best validation state: val_loss=0.373793 at epoch 2
Epoch 3/20 | Steps: 1280 | LR: 0.000100 | Train Loss: 0.367534 | Val Loss: 0.372159 | Train Meta: n/a | Val Meta: n/a
   -> Updated best validation state: val_loss=0.372159 at epoch 3
Epoch 4/20 | Steps: 1280 | LR: 0.000100 | Train Loss: 0.365705 | Val Loss: 0.370177 | Train Meta: n/a | Val Meta: n/a
   -> Updated best validation state: val_loss=0.370177 at epoch 4
Epoch 5/20 | Steps: 1280 | LR: 0.000100 | Train Loss: 0.364596 | Val Loss: 0.371568 | Train Meta: n/a | Val Meta: n/a
Epoch 6/20 | Steps: 1280 | LR: 0.000100 | Train Loss: 0.363617 | Val Loss: 0.371834 | Train Meta: n/a | Val Meta: n/a
Epoch 7/20 | Steps: 1280 | LR: 0.000100 | Train Loss: 0.362931 | Val Loss: 0.368347 | Train Meta: n/a | Val Meta: n/a
   -> Updated best validation state: val_loss=0.368347 at epoch 7
Epoch 8/20 | Steps: 1280 | LR: 0.000100 | Train Loss: 0.362316 | Val Loss: 0.367636 | Train Meta: n/a | Val Meta: n/a
   -> Updated best validation state: val_loss=0.367636 at epoch 8
Epoch 9/20 | Steps: 1280 | LR: 0.000100 | Train Loss: 0.361870 | Val Loss: 0.370015 | Train Meta: n/a | Val Meta: n/a
Epoch 10/20 | Steps: 1280 | LR: 0.000100 | Train Loss: 0.361464 | Val Loss: 0.369612 | Train Meta: n/a | Val Meta: n/a
Epoch 11/20 | Steps: 1280 | LR: 0.000100 | Train Loss: 0.361014 | Val Loss: 0.366907 | Train Meta: n/a | Val Meta: n/a
   -> Updated best validation state: val_loss=0.366907 at epoch 11
Epoch 12/20 | Steps: 1280 | LR: 0.000100 | Train Loss: 0.360901 | Val Loss: 0.367978 | Train Meta: n/a | Val Meta: n/a
Epoch 13/20 | Steps: 1280 | LR: 0.000100 | Train Loss: 0.360371 | Val Loss: 0.374515 | Train Meta: n/a | Val Meta: n/a
Epoch 14/20 | Steps: 1280 | LR: 0.000100 | Train Loss: 0.360288 | Val Loss: 0.365201 | Train Meta: n/a | Val Meta: n/a
   -> Updated best validation state: val_loss=0.365201 at epoch 14
Epoch 15/20 | Steps: 1280 | LR: 0.000100 | Train Loss: 0.360050 | Val Loss: 0.367301 | Train Meta: n/a | Val Meta: n/a
Epoch 16/20 | Steps: 1280 | LR: 0.000100 | Train Loss: 0.359954 | Val Loss: 0.368871 | Train Meta: n/a | Val Meta: n/a
Epoch 17/20 | Steps: 1280 | LR: 0.000100 | Train Loss: 0.359609 | Val Loss: 0.363399 | Train Meta: n/a | Val Meta: n/a
   -> Updated best validation state: val_loss=0.363399 at epoch 17
Epoch 18/20 | Steps: 1280 | LR: 0.000100 | Train Loss: 0.359381 | Val Loss: 0.369791 | Train Meta: n/a | Val Meta: n/a
Epoch 19/20 | Steps: 1280 | LR: 0.000100 | Train Loss: 0.359224 | Val Loss: 0.366874 | Train Meta: n/a | Val Meta: n/a
Epoch 20/20 | Steps: 1280 | LR: 0.000100 | Train Loss: 0.359173 | Val Loss: 0.367698 | Train Meta: n/a | Val Meta: n/a
{'test_mse': 0.4604341685771942, 'test_mae': 0.47077304124832153}
Saved best forecasting checkpoint under checkpoints/forecasting_ettm1_336/electricity_laya_mixer_text_stats_avg_best.pt
Saved attention maps for 3 sample(s) under ./runs/forecasting_electricity_to_ETTm1_laya_mixer_text_stats_avg/pred_336/attention_maps
Text metadata preview | dataset=ETTm1 | domain=ETTm1 | channels=7
   - HUFL: In the ETTm1 domain, this channel belongs to the ETTm1 dataset and represents the feature HUFL.
   - HULL: In the ETTm1 domain, this channel belongs to the ETTm1 dataset and represents the feature HULL.
   - ... (5 more channel descriptions)
Stats metadata preview | dataset=ETTm1 | domain=ETTm1 | channels=7
   - HUFL: Channel statistics over the training split: mean value is -0.000, standard deviation is 1.000, minimum value is -4.418, maximum value is 2.652, median value is 0.128, and mean absolute value is 0.698.
/data/pjh_workspace/ts-env/lib/python3.8/site-packages/torch/nn/modules/transformer.py:307: UserWarning: enable_nested_tensor is True, but self.use_nested_tensor is False because encoder_layer.norm_first was True
  warnings.warn(f"enable_nested_tensor is True, but self.use_nested_tensor is False because {why_not_sparsity_fast_path}")
==================================================
🚀 Architecture: LAYA
📊 Target Dataset: ETTm1 (Channels: 7)
📊 Pretrain Info: electricity (Detected Channels: 7)
📊 Prediction Length: 720
==================================================
✅ Loaded pretrained encoder from ./checkpoints/electricity_laya_mixer_text_stats_avg/laya_ts_electricity_s_best.pt
   - 113/113 keys matched.
ℹ️ Channel Adapter: disabled
📝 metadata: mode=text_stats_avg, fusion=add, relation=none
ℹ️ RevIN: enabled | affine=False | subtract_last=False | eps=1e-05
ℹ️ Metadata Fusion Mode: add
ℹ️ Channel Mixer Relation Mode: none
ℹ️ Encoder Variant: default
ℹ️ Channel Relation Block: disabled
✅ Probing Head [Mixer, channel-wise]: [B*C, 1024] -> [B, 7, 720]
Epoch 1/20 | Steps: 1268 | LR: 0.000100 | Train Loss: 0.487176 | Val Loss: 0.450924 | Train Meta: n/a | Val Meta: n/a
   -> Updated best validation state: val_loss=0.450924 at epoch 1
Epoch 2/20 | Steps: 1268 | LR: 0.000100 | Train Loss: 0.463379 | Val Loss: 0.454096 | Train Meta: n/a | Val Meta: n/a
Epoch 3/20 | Steps: 1268 | LR: 0.000100 | Train Loss: 0.460067 | Val Loss: 0.450869 | Train Meta: n/a | Val Meta: n/a
   -> Updated best validation state: val_loss=0.450869 at epoch 3
Epoch 4/20 | Steps: 1268 | LR: 0.000100 | Train Loss: 0.458258 | Val Loss: 0.449326 | Train Meta: n/a | Val Meta: n/a
   -> Updated best validation state: val_loss=0.449326 at epoch 4
Epoch 5/20 | Steps: 1268 | LR: 0.000100 | Train Loss: 0.456976 | Val Loss: 0.443867 | Train Meta: n/a | Val Meta: n/a
   -> Updated best validation state: val_loss=0.443867 at epoch 5
Epoch 6/20 | Steps: 1268 | LR: 0.000100 | Train Loss: 0.456151 | Val Loss: 0.448536 | Train Meta: n/a | Val Meta: n/a
Epoch 7/20 | Steps: 1268 | LR: 0.000100 | Train Loss: 0.455526 | Val Loss: 0.447321 | Train Meta: n/a | Val Meta: n/a
Epoch 8/20 | Steps: 1268 | LR: 0.000100 | Train Loss: 0.454936 | Val Loss: 0.449713 | Train Meta: n/a | Val Meta: n/a
Epoch 9/20 | Steps: 1268 | LR: 0.000100 | Train Loss: 0.454423 | Val Loss: 0.444545 | Train Meta: n/a | Val Meta: n/a
Epoch 10/20 | Steps: 1268 | LR: 0.000100 | Train Loss: 0.454002 | Val Loss: 0.448515 | Train Meta: n/a | Val Meta: n/a
Epoch 11/20 | Steps: 1268 | LR: 0.000100 | Train Loss: 0.453728 | Val Loss: 0.452202 | Train Meta: n/a | Val Meta: n/a
Epoch 12/20 | Steps: 1268 | LR: 0.000100 | Train Loss: 0.453235 | Val Loss: 0.446105 | Train Meta: n/a | Val Meta: n/a
Epoch 13/20 | Steps: 1268 | LR: 0.000100 | Train Loss: 0.452983 | Val Loss: 0.444958 | Train Meta: n/a | Val Meta: n/a
Epoch 14/20 | Steps: 1268 | LR: 0.000100 | Train Loss: 0.452865 | Val Loss: 0.444451 | Train Meta: n/a | Val Meta: n/a
Epoch 15/20 | Steps: 1268 | LR: 0.000100 | Train Loss: 0.452585 | Val Loss: 0.444808 | Train Meta: n/a | Val Meta: n/a
Epoch 16/20 | Steps: 1268 | LR: 0.000100 | Train Loss: 0.452390 | Val Loss: 0.445938 | Train Meta: n/a | Val Meta: n/a
Epoch 17/20 | Steps: 1268 | LR: 0.000100 | Train Loss: 0.452166 | Val Loss: 0.443262 | Train Meta: n/a | Val Meta: n/a
   -> Updated best validation state: val_loss=0.443262 at epoch 17
Epoch 18/20 | Steps: 1268 | LR: 0.000100 | Train Loss: 0.452002 | Val Loss: 0.439644 | Train Meta: n/a | Val Meta: n/a
   -> Updated best validation state: val_loss=0.439644 at epoch 18
Epoch 19/20 | Steps: 1268 | LR: 0.000100 | Train Loss: 0.451825 | Val Loss: 0.443387 | Train Meta: n/a | Val Meta: n/a
Epoch 20/20 | Steps: 1268 | LR: 0.000100 | Train Loss: 0.451864 | Val Loss: 0.446142 | Train Meta: n/a | Val Meta: n/a
{'test_mse': 0.5185786485671997, 'test_mae': 0.5070694088935852}
Saved best forecasting checkpoint under checkpoints/forecasting_ettm1_720/electricity_laya_mixer_text_stats_avg_best.pt
Saved attention maps for 3 sample(s) under ./runs/forecasting_electricity_to_ETTm1_laya_mixer_text_stats_avg/pred_720/attention_maps
Text metadata preview | dataset=ETTm2 | domain=ETTm2 | channels=7
   - HUFL: In the ETTm2 domain, this channel belongs to the ETTm2 dataset and represents the feature HUFL.
   - HULL: In the ETTm2 domain, this channel belongs to the ETTm2 dataset and represents the feature HULL.
   - ... (5 more channel descriptions)
Stats metadata preview | dataset=ETTm2 | domain=ETTm2 | channels=7
   - HUFL: Channel statistics over the training split: mean value is 0.000, standard deviation is 1.000, minimum value is -4.096, maximum value is 6.712, median value is 0.066, and mean absolute value is 0.721.
/data/pjh_workspace/ts-env/lib/python3.8/site-packages/torch/nn/modules/transformer.py:307: UserWarning: enable_nested_tensor is True, but self.use_nested_tensor is False because encoder_layer.norm_first was True
  warnings.warn(f"enable_nested_tensor is True, but self.use_nested_tensor is False because {why_not_sparsity_fast_path}")
==================================================
🚀 Architecture: LAYA
📊 Target Dataset: ETTm2 (Channels: 7)
📊 Pretrain Info: electricity (Detected Channels: 7)
📊 Prediction Length: 96
==================================================
✅ Loaded pretrained encoder from ./checkpoints/electricity_laya_mixer_text_stats_avg/laya_ts_electricity_s_best.pt
   - 113/113 keys matched.
ℹ️ Channel Adapter: disabled
📝 metadata: mode=text_stats_avg, fusion=add, relation=none
ℹ️ RevIN: enabled | affine=False | subtract_last=False | eps=1e-05
ℹ️ Metadata Fusion Mode: add
ℹ️ Channel Mixer Relation Mode: none
ℹ️ Encoder Variant: default
ℹ️ Channel Relation Block: disabled
✅ Probing Head [Mixer, channel-wise]: [B*C, 1024] -> [B, 7, 96]
Epoch 1/20 | Steps: 1287 | LR: 0.000100 | Train Loss: 0.279895 | Val Loss: 0.173621 | Train Meta: n/a | Val Meta: n/a
   -> Updated best validation state: val_loss=0.173621 at epoch 1
Epoch 2/20 | Steps: 1287 | LR: 0.000100 | Train Loss: 0.253035 | Val Loss: 0.171906 | Train Meta: n/a | Val Meta: n/a
   -> Updated best validation state: val_loss=0.171906 at epoch 2
Epoch 3/20 | Steps: 1287 | LR: 0.000100 | Train Loss: 0.246863 | Val Loss: 0.171269 | Train Meta: n/a | Val Meta: n/a
   -> Updated best validation state: val_loss=0.171269 at epoch 3
Epoch 4/20 | Steps: 1287 | LR: 0.000100 | Train Loss: 0.243168 | Val Loss: 0.167256 | Train Meta: n/a | Val Meta: n/a
   -> Updated best validation state: val_loss=0.167256 at epoch 4
Epoch 5/20 | Steps: 1287 | LR: 0.000100 | Train Loss: 0.241079 | Val Loss: 0.168165 | Train Meta: n/a | Val Meta: n/a
Epoch 6/20 | Steps: 1287 | LR: 0.000100 | Train Loss: 0.239205 | Val Loss: 0.168046 | Train Meta: n/a | Val Meta: n/a
Epoch 7/20 | Steps: 1287 | LR: 0.000100 | Train Loss: 0.237795 | Val Loss: 0.167402 | Train Meta: n/a | Val Meta: n/a
Epoch 8/20 | Steps: 1287 | LR: 0.000100 | Train Loss: 0.237544 | Val Loss: 0.169500 | Train Meta: n/a | Val Meta: n/a
Epoch 9/20 | Steps: 1287 | LR: 0.000100 | Train Loss: 0.236586 | Val Loss: 0.167381 | Train Meta: n/a | Val Meta: n/a
Epoch 10/20 | Steps: 1287 | LR: 0.000100 | Train Loss: 0.235330 | Val Loss: 0.167410 | Train Meta: n/a | Val Meta: n/a
Epoch 11/20 | Steps: 1287 | LR: 0.000100 | Train Loss: 0.235122 | Val Loss: 0.168560 | Train Meta: n/a | Val Meta: n/a
Epoch 12/20 | Steps: 1287 | LR: 0.000100 | Train Loss: 0.234894 | Val Loss: 0.167957 | Train Meta: n/a | Val Meta: n/a
Epoch 13/20 | Steps: 1287 | LR: 0.000100 | Train Loss: 0.234025 | Val Loss: 0.168738 | Train Meta: n/a | Val Meta: n/a
Epoch 14/20 | Steps: 1287 | LR: 0.000100 | Train Loss: 0.233639 | Val Loss: 0.168331 | Train Meta: n/a | Val Meta: n/a
Epoch 15/20 | Steps: 1287 | LR: 0.000100 | Train Loss: 0.233659 | Val Loss: 0.167371 | Train Meta: n/a | Val Meta: n/a
Epoch 16/20 | Steps: 1287 | LR: 0.000100 | Train Loss: 0.232826 | Val Loss: 0.167415 | Train Meta: n/a | Val Meta: n/a
Epoch 17/20 | Steps: 1287 | LR: 0.000100 | Train Loss: 0.232138 | Val Loss: 0.168405 | Train Meta: n/a | Val Meta: n/a
Epoch 18/20 | Steps: 1287 | LR: 0.000100 | Train Loss: 0.231940 | Val Loss: 0.170273 | Train Meta: n/a | Val Meta: n/a
Epoch 19/20 | Steps: 1287 | LR: 0.000100 | Train Loss: 0.231695 | Val Loss: 0.169931 | Train Meta: n/a | Val Meta: n/a
Epoch 20/20 | Steps: 1287 | LR: 0.000100 | Train Loss: 0.231407 | Val Loss: 0.171275 | Train Meta: n/a | Val Meta: n/a
{'test_mse': 0.16658924520015717, 'test_mae': 0.27329474687576294}
Saved best forecasting checkpoint under checkpoints/forecasting_ettm2_96/electricity_laya_mixer_text_stats_avg_best.pt
Saved attention maps for 3 sample(s) under ./runs/forecasting_electricity_to_ETTm2_laya_mixer_text_stats_avg/pred_96/attention_maps
Text metadata preview | dataset=ETTm2 | domain=ETTm2 | channels=7
   - HUFL: In the ETTm2 domain, this channel belongs to the ETTm2 dataset and represents the feature HUFL.
   - HULL: In the ETTm2 domain, this channel belongs to the ETTm2 dataset and represents the feature HULL.
   - ... (5 more channel descriptions)
Stats metadata preview | dataset=ETTm2 | domain=ETTm2 | channels=7
   - HUFL: Channel statistics over the training split: mean value is 0.000, standard deviation is 1.000, minimum value is -4.096, maximum value is 6.712, median value is 0.066, and mean absolute value is 0.721.
/data/pjh_workspace/ts-env/lib/python3.8/site-packages/torch/nn/modules/transformer.py:307: UserWarning: enable_nested_tensor is True, but self.use_nested_tensor is False because encoder_layer.norm_first was True
  warnings.warn(f"enable_nested_tensor is True, but self.use_nested_tensor is False because {why_not_sparsity_fast_path}")
==================================================
🚀 Architecture: LAYA
📊 Target Dataset: ETTm2 (Channels: 7)
📊 Pretrain Info: electricity (Detected Channels: 7)
📊 Prediction Length: 192
==================================================
✅ Loaded pretrained encoder from ./checkpoints/electricity_laya_mixer_text_stats_avg/laya_ts_electricity_s_best.pt
   - 113/113 keys matched.
ℹ️ Channel Adapter: disabled
📝 metadata: mode=text_stats_avg, fusion=add, relation=none
ℹ️ RevIN: enabled | affine=False | subtract_last=False | eps=1e-05
ℹ️ Metadata Fusion Mode: add
ℹ️ Channel Mixer Relation Mode: none
ℹ️ Encoder Variant: default
ℹ️ Channel Relation Block: disabled
✅ Probing Head [Mixer, channel-wise]: [B*C, 1024] -> [B, 7, 192]
Epoch 1/20 | Steps: 1284 | LR: 0.000100 | Train Loss: 0.353549 | Val Loss: 0.223861 | Train Meta: n/a | Val Meta: n/a
   -> Updated best validation state: val_loss=0.223861 at epoch 1
Epoch 2/20 | Steps: 1284 | LR: 0.000100 | Train Loss: 0.327525 | Val Loss: 0.219238 | Train Meta: n/a | Val Meta: n/a
   -> Updated best validation state: val_loss=0.219238 at epoch 2
Epoch 3/20 | Steps: 1284 | LR: 0.000100 | Train Loss: 0.321512 | Val Loss: 0.216866 | Train Meta: n/a | Val Meta: n/a
   -> Updated best validation state: val_loss=0.216866 at epoch 3
Epoch 4/20 | Steps: 1284 | LR: 0.000100 | Train Loss: 0.318524 | Val Loss: 0.215654 | Train Meta: n/a | Val Meta: n/a
   -> Updated best validation state: val_loss=0.215654 at epoch 4
Epoch 5/20 | Steps: 1284 | LR: 0.000100 | Train Loss: 0.316102 | Val Loss: 0.215380 | Train Meta: n/a | Val Meta: n/a
   -> Updated best validation state: val_loss=0.215380 at epoch 5
Epoch 6/20 | Steps: 1284 | LR: 0.000100 | Train Loss: 0.314179 | Val Loss: 0.216098 | Train Meta: n/a | Val Meta: n/a
Epoch 7/20 | Steps: 1284 | LR: 0.000100 | Train Loss: 0.312533 | Val Loss: 0.215967 | Train Meta: n/a | Val Meta: n/a
Epoch 8/20 | Steps: 1284 | LR: 0.000100 | Train Loss: 0.312049 | Val Loss: 0.214644 | Train Meta: n/a | Val Meta: n/a
   -> Updated best validation state: val_loss=0.214644 at epoch 8
Epoch 9/20 | Steps: 1284 | LR: 0.000100 | Train Loss: 0.310902 | Val Loss: 0.215507 | Train Meta: n/a | Val Meta: n/a
Epoch 10/20 | Steps: 1284 | LR: 0.000100 | Train Loss: 0.310306 | Val Loss: 0.214292 | Train Meta: n/a | Val Meta: n/a
   -> Updated best validation state: val_loss=0.214292 at epoch 10
Epoch 11/20 | Steps: 1284 | LR: 0.000100 | Train Loss: 0.309107 | Val Loss: 0.215772 | Train Meta: n/a | Val Meta: n/a
Epoch 12/20 | Steps: 1284 | LR: 0.000100 | Train Loss: 0.309310 | Val Loss: 0.216690 | Train Meta: n/a | Val Meta: n/a
Epoch 13/20 | Steps: 1284 | LR: 0.000100 | Train Loss: 0.308433 | Val Loss: 0.218221 | Train Meta: n/a | Val Meta: n/a
Epoch 14/20 | Steps: 1284 | LR: 0.000100 | Train Loss: 0.307855 | Val Loss: 0.217108 | Train Meta: n/a | Val Meta: n/a
Epoch 15/20 | Steps: 1284 | LR: 0.000100 | Train Loss: 0.307398 | Val Loss: 0.217735 | Train Meta: n/a | Val Meta: n/a
Epoch 16/20 | Steps: 1284 | LR: 0.000100 | Train Loss: 0.307637 | Val Loss: 0.219819 | Train Meta: n/a | Val Meta: n/a
Epoch 17/20 | Steps: 1284 | LR: 0.000100 | Train Loss: 0.307035 | Val Loss: 0.218318 | Train Meta: n/a | Val Meta: n/a
Epoch 18/20 | Steps: 1284 | LR: 0.000100 | Train Loss: 0.306517 | Val Loss: 0.216587 | Train Meta: n/a | Val Meta: n/a
Epoch 19/20 | Steps: 1284 | LR: 0.000100 | Train Loss: 0.306255 | Val Loss: 0.217690 | Train Meta: n/a | Val Meta: n/a
Epoch 20/20 | Steps: 1284 | LR: 0.000100 | Train Loss: 0.305904 | Val Loss: 0.217439 | Train Meta: n/a | Val Meta: n/a
{'test_mse': 0.19899746775627136, 'test_mae': 0.29695454239845276}
Saved best forecasting checkpoint under checkpoints/forecasting_ettm2_192/electricity_laya_mixer_text_stats_avg_best.pt
Saved attention maps for 3 sample(s) under ./runs/forecasting_electricity_to_ETTm2_laya_mixer_text_stats_avg/pred_192/attention_maps
Text metadata preview | dataset=ETTm2 | domain=ETTm2 | channels=7
   - HUFL: In the ETTm2 domain, this channel belongs to the ETTm2 dataset and represents the feature HUFL.
   - HULL: In the ETTm2 domain, this channel belongs to the ETTm2 dataset and represents the feature HULL.
   - ... (5 more channel descriptions)
Stats metadata preview | dataset=ETTm2 | domain=ETTm2 | channels=7
   - HUFL: Channel statistics over the training split: mean value is 0.000, standard deviation is 1.000, minimum value is -4.096, maximum value is 6.712, median value is 0.066, and mean absolute value is 0.721.
/data/pjh_workspace/ts-env/lib/python3.8/site-packages/torch/nn/modules/transformer.py:307: UserWarning: enable_nested_tensor is True, but self.use_nested_tensor is False because encoder_layer.norm_first was True
  warnings.warn(f"enable_nested_tensor is True, but self.use_nested_tensor is False because {why_not_sparsity_fast_path}")
==================================================
🚀 Architecture: LAYA
📊 Target Dataset: ETTm2 (Channels: 7)
📊 Pretrain Info: electricity (Detected Channels: 7)
📊 Prediction Length: 336
==================================================
✅ Loaded pretrained encoder from ./checkpoints/electricity_laya_mixer_text_stats_avg/laya_ts_electricity_s_best.pt
   - 113/113 keys matched.
ℹ️ Channel Adapter: disabled
📝 metadata: mode=text_stats_avg, fusion=add, relation=none
ℹ️ RevIN: enabled | affine=False | subtract_last=False | eps=1e-05
ℹ️ Metadata Fusion Mode: add
ℹ️ Channel Mixer Relation Mode: none
ℹ️ Encoder Variant: default
ℹ️ Channel Relation Block: disabled
✅ Probing Head [Mixer, channel-wise]: [B*C, 1024] -> [B, 7, 336]
Epoch 1/20 | Steps: 1280 | LR: 0.000100 | Train Loss: 0.426669 | Val Loss: 0.263010 | Train Meta: n/a | Val Meta: n/a
   -> Updated best validation state: val_loss=0.263010 at epoch 1
Epoch 2/20 | Steps: 1280 | LR: 0.000100 | Train Loss: 0.405042 | Val Loss: 0.261559 | Train Meta: n/a | Val Meta: n/a
   -> Updated best validation state: val_loss=0.261559 at epoch 2
Epoch 3/20 | Steps: 1280 | LR: 0.000100 | Train Loss: 0.399869 | Val Loss: 0.259299 | Train Meta: n/a | Val Meta: n/a
   -> Updated best validation state: val_loss=0.259299 at epoch 3
Epoch 4/20 | Steps: 1280 | LR: 0.000100 | Train Loss: 0.396723 | Val Loss: 0.260600 | Train Meta: n/a | Val Meta: n/a
Epoch 5/20 | Steps: 1280 | LR: 0.000100 | Train Loss: 0.394098 | Val Loss: 0.260915 | Train Meta: n/a | Val Meta: n/a
Epoch 6/20 | Steps: 1280 | LR: 0.000100 | Train Loss: 0.391769 | Val Loss: 0.261063 | Train Meta: n/a | Val Meta: n/a
Epoch 7/20 | Steps: 1280 | LR: 0.000100 | Train Loss: 0.390542 | Val Loss: 0.261598 | Train Meta: n/a | Val Meta: n/a
Epoch 8/20 | Steps: 1280 | LR: 0.000100 | Train Loss: 0.389744 | Val Loss: 0.261214 | Train Meta: n/a | Val Meta: n/a
Epoch 9/20 | Steps: 1280 | LR: 0.000100 | Train Loss: 0.389014 | Val Loss: 0.261868 | Train Meta: n/a | Val Meta: n/a
Epoch 10/20 | Steps: 1280 | LR: 0.000100 | Train Loss: 0.387921 | Val Loss: 0.260700 | Train Meta: n/a | Val Meta: n/a
Epoch 11/20 | Steps: 1280 | LR: 0.000100 | Train Loss: 0.387380 | Val Loss: 0.261395 | Train Meta: n/a | Val Meta: n/a
Epoch 12/20 | Steps: 1280 | LR: 0.000100 | Train Loss: 0.386431 | Val Loss: 0.262419 | Train Meta: n/a | Val Meta: n/a
Epoch 13/20 | Steps: 1280 | LR: 0.000100 | Train Loss: 0.386309 | Val Loss: 0.263159 | Train Meta: n/a | Val Meta: n/a
Epoch 14/20 | Steps: 1280 | LR: 0.000100 | Train Loss: 0.385997 | Val Loss: 0.261080 | Train Meta: n/a | Val Meta: n/a
