nohup: ignoring input
Joint metadata preview | dataset=ETTm1 | domain=ETTm1 | channels=7
   - HUFL: In the ETTm1 domain, this channel belongs to the ETTm1 dataset and represents the feature HUFL. Channel statistics over the training split: mean value is -0.000, standard deviation is 1.000, minimum value is -4.418, maximum value is 2.652, median value is 0.128, and mean absolute value is 0.698.
/data/pjh_workspace/ts-env/lib/python3.8/site-packages/torch/nn/modules/transformer.py:307: UserWarning: enable_nested_tensor is True, but self.use_nested_tensor is False because encoder_layer.norm_first was True
  warnings.warn(f"enable_nested_tensor is True, but self.use_nested_tensor is False because {why_not_sparsity_fast_path}")
==================================================
🚀 Architecture: LAYA
📊 Target Dataset: ETTm1 (Channels: 7)
📊 Pretrain Info: electricity (Detected Channels: 7)
📊 Prediction Length: 96
==================================================
✅ Loaded pretrained encoder from ./checkpoints/electricity_laya_mixer_concat_text_stats_joint/laya_ts_electricity_s_best.pt
   - 107/107 keys matched.
ℹ️ Channel Adapter: disabled
📝 metadata: mode=text_stats_joint, fusion=concat_kv, relation=none
ℹ️ RevIN: enabled | affine=False | subtract_last=False | eps=1e-05
ℹ️ Metadata Fusion Mode: concat_kv
ℹ️ Channel Mixer Relation Mode: none
ℹ️ Encoder Variant: default
ℹ️ Channel Relation Block: disabled
✅ Probing Head [Mixer, channel-wise]: [B*C, 1024] -> [B, 7, 96]
Epoch 1/20 | Steps: 1287 | LR: 0.000100 | Train Loss: 0.338396 | Val Loss: 0.350116 | Train Meta: MetaNormμ:5.9827 | Val Meta: MetaNormμ:5.9827
   -> Updated best validation state: val_loss=0.350116 at epoch 1
Epoch 2/20 | Steps: 1287 | LR: 0.000100 | Train Loss: 0.310587 | Val Loss: 0.341321 | Train Meta: MetaNormμ:5.9827 | Val Meta: MetaNormμ:5.9827
   -> Updated best validation state: val_loss=0.341321 at epoch 2
Epoch 3/20 | Steps: 1287 | LR: 0.000100 | Train Loss: 0.305593 | Val Loss: 0.336978 | Train Meta: MetaNormμ:5.9827 | Val Meta: MetaNormμ:5.9827
   -> Updated best validation state: val_loss=0.336978 at epoch 3
Epoch 4/20 | Steps: 1287 | LR: 0.000100 | Train Loss: 0.303429 | Val Loss: 0.335737 | Train Meta: MetaNormμ:5.9827 | Val Meta: MetaNormμ:5.9827
   -> Updated best validation state: val_loss=0.335737 at epoch 4
Epoch 5/20 | Steps: 1287 | LR: 0.000100 | Train Loss: 0.302327 | Val Loss: 0.334586 | Train Meta: MetaNormμ:5.9827 | Val Meta: MetaNormμ:5.9827
   -> Updated best validation state: val_loss=0.334586 at epoch 5
Epoch 6/20 | Steps: 1287 | LR: 0.000100 | Train Loss: 0.301671 | Val Loss: 0.333751 | Train Meta: MetaNormμ:5.9827 | Val Meta: MetaNormμ:5.9827
   -> Updated best validation state: val_loss=0.333751 at epoch 6
Epoch 7/20 | Steps: 1287 | LR: 0.000100 | Train Loss: 0.301204 | Val Loss: 0.333737 | Train Meta: MetaNormμ:5.9827 | Val Meta: MetaNormμ:5.9827
   -> Updated best validation state: val_loss=0.333737 at epoch 7
Epoch 8/20 | Steps: 1287 | LR: 0.000100 | Train Loss: 0.300999 | Val Loss: 0.332721 | Train Meta: MetaNormμ:5.9827 | Val Meta: MetaNormμ:5.9827
   -> Updated best validation state: val_loss=0.332721 at epoch 8
Epoch 9/20 | Steps: 1287 | LR: 0.000100 | Train Loss: 0.300839 | Val Loss: 0.333461 | Train Meta: MetaNormμ:5.9827 | Val Meta: MetaNormμ:5.9827
Epoch 10/20 | Steps: 1287 | LR: 0.000100 | Train Loss: 0.300601 | Val Loss: 0.333199 | Train Meta: MetaNormμ:5.9827 | Val Meta: MetaNormμ:5.9827
Epoch 11/20 | Steps: 1287 | LR: 0.000100 | Train Loss: 0.300464 | Val Loss: 0.333306 | Train Meta: MetaNormμ:5.9827 | Val Meta: MetaNormμ:5.9827
Epoch 12/20 | Steps: 1287 | LR: 0.000100 | Train Loss: 0.300415 | Val Loss: 0.333677 | Train Meta: MetaNormμ:5.9827 | Val Meta: MetaNormμ:5.9827
Epoch 13/20 | Steps: 1287 | LR: 0.000100 | Train Loss: 0.300295 | Val Loss: 0.332312 | Train Meta: MetaNormμ:5.9827 | Val Meta: MetaNormμ:5.9827
   -> Updated best validation state: val_loss=0.332312 at epoch 13
Epoch 14/20 | Steps: 1287 | LR: 0.000100 | Train Loss: 0.300268 | Val Loss: 0.333143 | Train Meta: MetaNormμ:5.9827 | Val Meta: MetaNormμ:5.9827
Epoch 15/20 | Steps: 1287 | LR: 0.000100 | Train Loss: 0.300196 | Val Loss: 0.333600 | Train Meta: MetaNormμ:5.9827 | Val Meta: MetaNormμ:5.9827
Epoch 16/20 | Steps: 1287 | LR: 0.000100 | Train Loss: 0.300187 | Val Loss: 0.332152 | Train Meta: MetaNormμ:5.9827 | Val Meta: MetaNormμ:5.9827
   -> Updated best validation state: val_loss=0.332152 at epoch 16
Epoch 17/20 | Steps: 1287 | LR: 0.000100 | Train Loss: 0.300088 | Val Loss: 0.332881 | Train Meta: MetaNormμ:5.9827 | Val Meta: MetaNormμ:5.9827
Epoch 18/20 | Steps: 1287 | LR: 0.000100 | Train Loss: 0.300058 | Val Loss: 0.332691 | Train Meta: MetaNormμ:5.9827 | Val Meta: MetaNormμ:5.9827
Epoch 19/20 | Steps: 1287 | LR: 0.000100 | Train Loss: 0.300059 | Val Loss: 0.331714 | Train Meta: MetaNormμ:5.9827 | Val Meta: MetaNormμ:5.9827
   -> Updated best validation state: val_loss=0.331714 at epoch 19
Epoch 20/20 | Steps: 1287 | LR: 0.000100 | Train Loss: 0.300014 | Val Loss: 0.332689 | Train Meta: MetaNormμ:5.9827 | Val Meta: MetaNormμ:5.9827
{'test_mse': 0.4482193887233734, 'test_mae': 0.44587787985801697}
Saved best forecasting checkpoint under checkpoints/forecasting_ettm1_96/electricity_laya_mixer_concat_text_stats_joint_best.pt
Saved attention maps for 3 sample(s) under ./runs/forecasting_electricity_to_ETTm1_laya_mixer_concat_text_stats_joint/pred_96/attention_maps
Joint metadata preview | dataset=ETTm1 | domain=ETTm1 | channels=7
   - HUFL: In the ETTm1 domain, this channel belongs to the ETTm1 dataset and represents the feature HUFL. Channel statistics over the training split: mean value is -0.000, standard deviation is 1.000, minimum value is -4.418, maximum value is 2.652, median value is 0.128, and mean absolute value is 0.698.
/data/pjh_workspace/ts-env/lib/python3.8/site-packages/torch/nn/modules/transformer.py:307: UserWarning: enable_nested_tensor is True, but self.use_nested_tensor is False because encoder_layer.norm_first was True
  warnings.warn(f"enable_nested_tensor is True, but self.use_nested_tensor is False because {why_not_sparsity_fast_path}")
==================================================
🚀 Architecture: LAYA
📊 Target Dataset: ETTm1 (Channels: 7)
📊 Pretrain Info: electricity (Detected Channels: 7)
📊 Prediction Length: 192
==================================================
✅ Loaded pretrained encoder from ./checkpoints/electricity_laya_mixer_concat_text_stats_joint/laya_ts_electricity_s_best.pt
   - 107/107 keys matched.
ℹ️ Channel Adapter: disabled
📝 metadata: mode=text_stats_joint, fusion=concat_kv, relation=none
ℹ️ RevIN: enabled | affine=False | subtract_last=False | eps=1e-05
ℹ️ Metadata Fusion Mode: concat_kv
ℹ️ Channel Mixer Relation Mode: none
ℹ️ Encoder Variant: default
ℹ️ Channel Relation Block: disabled
✅ Probing Head [Mixer, channel-wise]: [B*C, 1024] -> [B, 7, 192]
Epoch 1/20 | Steps: 1284 | LR: 0.000100 | Train Loss: 0.376414 | Val Loss: 0.377567 | Train Meta: MetaNormμ:5.9827 | Val Meta: MetaNormμ:5.9827
   -> Updated best validation state: val_loss=0.377567 at epoch 1
Epoch 2/20 | Steps: 1284 | LR: 0.000100 | Train Loss: 0.352047 | Val Loss: 0.370758 | Train Meta: MetaNormμ:5.9827 | Val Meta: MetaNormμ:5.9827
   -> Updated best validation state: val_loss=0.370758 at epoch 2
Epoch 3/20 | Steps: 1284 | LR: 0.000100 | Train Loss: 0.348047 | Val Loss: 0.367931 | Train Meta: MetaNormμ:5.9827 | Val Meta: MetaNormμ:5.9827
   -> Updated best validation state: val_loss=0.367931 at epoch 3
Epoch 4/20 | Steps: 1284 | LR: 0.000100 | Train Loss: 0.346347 | Val Loss: 0.365875 | Train Meta: MetaNormμ:5.9827 | Val Meta: MetaNormμ:5.9827
   -> Updated best validation state: val_loss=0.365875 at epoch 4
Epoch 5/20 | Steps: 1284 | LR: 0.000100 | Train Loss: 0.345400 | Val Loss: 0.365093 | Train Meta: MetaNormμ:5.9827 | Val Meta: MetaNormμ:5.9827
   -> Updated best validation state: val_loss=0.365093 at epoch 5
Epoch 6/20 | Steps: 1284 | LR: 0.000100 | Train Loss: 0.344878 | Val Loss: 0.364637 | Train Meta: MetaNormμ:5.9827 | Val Meta: MetaNormμ:5.9827
   -> Updated best validation state: val_loss=0.364637 at epoch 6
Epoch 7/20 | Steps: 1284 | LR: 0.000100 | Train Loss: 0.344561 | Val Loss: 0.364466 | Train Meta: MetaNormμ:5.9827 | Val Meta: MetaNormμ:5.9827
   -> Updated best validation state: val_loss=0.364466 at epoch 7
Epoch 8/20 | Steps: 1284 | LR: 0.000100 | Train Loss: 0.344360 | Val Loss: 0.364241 | Train Meta: MetaNormμ:5.9827 | Val Meta: MetaNormμ:5.9827
   -> Updated best validation state: val_loss=0.364241 at epoch 8
Epoch 9/20 | Steps: 1284 | LR: 0.000100 | Train Loss: 0.344193 | Val Loss: 0.363397 | Train Meta: MetaNormμ:5.9827 | Val Meta: MetaNormμ:5.9827
   -> Updated best validation state: val_loss=0.363397 at epoch 9
Epoch 10/20 | Steps: 1284 | LR: 0.000100 | Train Loss: 0.344028 | Val Loss: 0.363728 | Train Meta: MetaNormμ:5.9827 | Val Meta: MetaNormμ:5.9827
Epoch 11/20 | Steps: 1284 | LR: 0.000100 | Train Loss: 0.343970 | Val Loss: 0.364444 | Train Meta: MetaNormμ:5.9827 | Val Meta: MetaNormμ:5.9827
Epoch 12/20 | Steps: 1284 | LR: 0.000100 | Train Loss: 0.343831 | Val Loss: 0.364307 | Train Meta: MetaNormμ:5.9827 | Val Meta: MetaNormμ:5.9827
Epoch 13/20 | Steps: 1284 | LR: 0.000100 | Train Loss: 0.343732 | Val Loss: 0.363601 | Train Meta: MetaNormμ:5.9827 | Val Meta: MetaNormμ:5.9827
Epoch 14/20 | Steps: 1284 | LR: 0.000100 | Train Loss: 0.343722 | Val Loss: 0.363873 | Train Meta: MetaNormμ:5.9827 | Val Meta: MetaNormμ:5.9827
Epoch 15/20 | Steps: 1284 | LR: 0.000100 | Train Loss: 0.343659 | Val Loss: 0.363298 | Train Meta: MetaNormμ:5.9827 | Val Meta: MetaNormμ:5.9827
   -> Updated best validation state: val_loss=0.363298 at epoch 15
Epoch 16/20 | Steps: 1284 | LR: 0.000100 | Train Loss: 0.343631 | Val Loss: 0.363686 | Train Meta: MetaNormμ:5.9827 | Val Meta: MetaNormμ:5.9827
Epoch 17/20 | Steps: 1284 | LR: 0.000100 | Train Loss: 0.343525 | Val Loss: 0.363956 | Train Meta: MetaNormμ:5.9827 | Val Meta: MetaNormμ:5.9827
Epoch 18/20 | Steps: 1284 | LR: 0.000100 | Train Loss: 0.343569 | Val Loss: 0.363461 | Train Meta: MetaNormμ:5.9827 | Val Meta: MetaNormμ:5.9827
Epoch 19/20 | Steps: 1284 | LR: 0.000100 | Train Loss: 0.343536 | Val Loss: 0.363505 | Train Meta: MetaNormμ:5.9827 | Val Meta: MetaNormμ:5.9827
Epoch 20/20 | Steps: 1284 | LR: 0.000100 | Train Loss: 0.343449 | Val Loss: 0.363807 | Train Meta: MetaNormμ:5.9827 | Val Meta: MetaNormμ:5.9827
{'test_mse': 0.487337589263916, 'test_mae': 0.46808889508247375}
Saved best forecasting checkpoint under checkpoints/forecasting_ettm1_192/electricity_laya_mixer_concat_text_stats_joint_best.pt
Saved attention maps for 3 sample(s) under ./runs/forecasting_electricity_to_ETTm1_laya_mixer_concat_text_stats_joint/pred_192/attention_maps
Joint metadata preview | dataset=ETTm1 | domain=ETTm1 | channels=7
   - HUFL: In the ETTm1 domain, this channel belongs to the ETTm1 dataset and represents the feature HUFL. Channel statistics over the training split: mean value is -0.000, standard deviation is 1.000, minimum value is -4.418, maximum value is 2.652, median value is 0.128, and mean absolute value is 0.698.
/data/pjh_workspace/ts-env/lib/python3.8/site-packages/torch/nn/modules/transformer.py:307: UserWarning: enable_nested_tensor is True, but self.use_nested_tensor is False because encoder_layer.norm_first was True
  warnings.warn(f"enable_nested_tensor is True, but self.use_nested_tensor is False because {why_not_sparsity_fast_path}")
==================================================
🚀 Architecture: LAYA
📊 Target Dataset: ETTm1 (Channels: 7)
📊 Pretrain Info: electricity (Detected Channels: 7)
📊 Prediction Length: 336
==================================================
✅ Loaded pretrained encoder from ./checkpoints/electricity_laya_mixer_concat_text_stats_joint/laya_ts_electricity_s_best.pt
   - 107/107 keys matched.
ℹ️ Channel Adapter: disabled
📝 metadata: mode=text_stats_joint, fusion=concat_kv, relation=none
ℹ️ RevIN: enabled | affine=False | subtract_last=False | eps=1e-05
ℹ️ Metadata Fusion Mode: concat_kv
ℹ️ Channel Mixer Relation Mode: none
ℹ️ Encoder Variant: default
ℹ️ Channel Relation Block: disabled
✅ Probing Head [Mixer, channel-wise]: [B*C, 1024] -> [B, 7, 336]
Epoch 1/20 | Steps: 1280 | LR: 0.000100 | Train Loss: 0.426371 | Val Loss: 0.414602 | Train Meta: MetaNormμ:5.9827 | Val Meta: MetaNormμ:5.9827
   -> Updated best validation state: val_loss=0.414602 at epoch 1
Epoch 2/20 | Steps: 1280 | LR: 0.000100 | Train Loss: 0.403955 | Val Loss: 0.406415 | Train Meta: MetaNormμ:5.9827 | Val Meta: MetaNormμ:5.9827
   -> Updated best validation state: val_loss=0.406415 at epoch 2
Epoch 3/20 | Steps: 1280 | LR: 0.000100 | Train Loss: 0.400349 | Val Loss: 0.404323 | Train Meta: MetaNormμ:5.9827 | Val Meta: MetaNormμ:5.9827
   -> Updated best validation state: val_loss=0.404323 at epoch 3
Epoch 4/20 | Steps: 1280 | LR: 0.000100 | Train Loss: 0.398771 | Val Loss: 0.402941 | Train Meta: MetaNormμ:5.9827 | Val Meta: MetaNormμ:5.9827
   -> Updated best validation state: val_loss=0.402941 at epoch 4
Epoch 5/20 | Steps: 1280 | LR: 0.000100 | Train Loss: 0.397916 | Val Loss: 0.402209 | Train Meta: MetaNormμ:5.9827 | Val Meta: MetaNormμ:5.9827
   -> Updated best validation state: val_loss=0.402209 at epoch 5
Epoch 6/20 | Steps: 1280 | LR: 0.000100 | Train Loss: 0.397438 | Val Loss: 0.401803 | Train Meta: MetaNormμ:5.9827 | Val Meta: MetaNormμ:5.9827
   -> Updated best validation state: val_loss=0.401803 at epoch 6
Epoch 7/20 | Steps: 1280 | LR: 0.000100 | Train Loss: 0.397076 | Val Loss: 0.400733 | Train Meta: MetaNormμ:5.9827 | Val Meta: MetaNormμ:5.9827
   -> Updated best validation state: val_loss=0.400733 at epoch 7
Epoch 8/20 | Steps: 1280 | LR: 0.000100 | Train Loss: 0.396864 | Val Loss: 0.402187 | Train Meta: MetaNormμ:5.9827 | Val Meta: MetaNormμ:5.9827
Epoch 9/20 | Steps: 1280 | LR: 0.000100 | Train Loss: 0.396697 | Val Loss: 0.401197 | Train Meta: MetaNormμ:5.9827 | Val Meta: MetaNormμ:5.9827
Epoch 10/20 | Steps: 1280 | LR: 0.000100 | Train Loss: 0.396554 | Val Loss: 0.401046 | Train Meta: MetaNormμ:5.9827 | Val Meta: MetaNormμ:5.9827
Epoch 11/20 | Steps: 1280 | LR: 0.000100 | Train Loss: 0.396456 | Val Loss: 0.401015 | Train Meta: MetaNormμ:5.9827 | Val Meta: MetaNormμ:5.9827
Epoch 12/20 | Steps: 1280 | LR: 0.000100 | Train Loss: 0.396332 | Val Loss: 0.400160 | Train Meta: MetaNormμ:5.9827 | Val Meta: MetaNormμ:5.9827
   -> Updated best validation state: val_loss=0.400160 at epoch 12
Epoch 13/20 | Steps: 1280 | LR: 0.000100 | Train Loss: 0.396297 | Val Loss: 0.400524 | Train Meta: MetaNormμ:5.9827 | Val Meta: MetaNormμ:5.9827
Epoch 14/20 | Steps: 1280 | LR: 0.000100 | Train Loss: 0.396223 | Val Loss: 0.401193 | Train Meta: MetaNormμ:5.9827 | Val Meta: MetaNormμ:5.9827
Epoch 15/20 | Steps: 1280 | LR: 0.000100 | Train Loss: 0.396177 | Val Loss: 0.401393 | Train Meta: MetaNormμ:5.9827 | Val Meta: MetaNormμ:5.9827
Epoch 16/20 | Steps: 1280 | LR: 0.000100 | Train Loss: 0.396141 | Val Loss: 0.402004 | Train Meta: MetaNormμ:5.9827 | Val Meta: MetaNormμ:5.9827
Epoch 17/20 | Steps: 1280 | LR: 0.000100 | Train Loss: 0.396106 | Val Loss: 0.400620 | Train Meta: MetaNormμ:5.9827 | Val Meta: MetaNormμ:5.9827
Epoch 18/20 | Steps: 1280 | LR: 0.000100 | Train Loss: 0.396099 | Val Loss: 0.400383 | Train Meta: MetaNormμ:5.9827 | Val Meta: MetaNormμ:5.9827
Epoch 19/20 | Steps: 1280 | LR: 0.000100 | Train Loss: 0.396019 | Val Loss: 0.400660 | Train Meta: MetaNormμ:5.9827 | Val Meta: MetaNormμ:5.9827
Epoch 20/20 | Steps: 1280 | LR: 0.000100 | Train Loss: 0.396008 | Val Loss: 0.401693 | Train Meta: MetaNormμ:5.9827 | Val Meta: MetaNormμ:5.9827
{'test_mse': 0.526486873626709, 'test_mae': 0.4933367967605591}
Saved best forecasting checkpoint under checkpoints/forecasting_ettm1_336/electricity_laya_mixer_concat_text_stats_joint_best.pt
Saved attention maps for 3 sample(s) under ./runs/forecasting_electricity_to_ETTm1_laya_mixer_concat_text_stats_joint/pred_336/attention_maps
Joint metadata preview | dataset=ETTm1 | domain=ETTm1 | channels=7
   - HUFL: In the ETTm1 domain, this channel belongs to the ETTm1 dataset and represents the feature HUFL. Channel statistics over the training split: mean value is -0.000, standard deviation is 1.000, minimum value is -4.418, maximum value is 2.652, median value is 0.128, and mean absolute value is 0.698.
/data/pjh_workspace/ts-env/lib/python3.8/site-packages/torch/nn/modules/transformer.py:307: UserWarning: enable_nested_tensor is True, but self.use_nested_tensor is False because encoder_layer.norm_first was True
  warnings.warn(f"enable_nested_tensor is True, but self.use_nested_tensor is False because {why_not_sparsity_fast_path}")
==================================================
🚀 Architecture: LAYA
📊 Target Dataset: ETTm1 (Channels: 7)
📊 Pretrain Info: electricity (Detected Channels: 7)
📊 Prediction Length: 720
==================================================
✅ Loaded pretrained encoder from ./checkpoints/electricity_laya_mixer_concat_text_stats_joint/laya_ts_electricity_s_best.pt
   - 107/107 keys matched.
ℹ️ Channel Adapter: disabled
📝 metadata: mode=text_stats_joint, fusion=concat_kv, relation=none
ℹ️ RevIN: enabled | affine=False | subtract_last=False | eps=1e-05
ℹ️ Metadata Fusion Mode: concat_kv
ℹ️ Channel Mixer Relation Mode: none
ℹ️ Encoder Variant: default
ℹ️ Channel Relation Block: disabled
✅ Probing Head [Mixer, channel-wise]: [B*C, 1024] -> [B, 7, 720]
Epoch 1/20 | Steps: 1268 | LR: 0.000100 | Train Loss: 0.518908 | Val Loss: 0.481956 | Train Meta: MetaNormμ:5.9827 | Val Meta: MetaNormμ:5.9827
   -> Updated best validation state: val_loss=0.481956 at epoch 1
Epoch 2/20 | Steps: 1268 | LR: 0.000100 | Train Loss: 0.499183 | Val Loss: 0.474882 | Train Meta: MetaNormμ:5.9827 | Val Meta: MetaNormμ:5.9827
   -> Updated best validation state: val_loss=0.474882 at epoch 2
Epoch 3/20 | Steps: 1268 | LR: 0.000100 | Train Loss: 0.496023 | Val Loss: 0.473912 | Train Meta: MetaNormμ:5.9827 | Val Meta: MetaNormμ:5.9827
   -> Updated best validation state: val_loss=0.473912 at epoch 3
Epoch 4/20 | Steps: 1268 | LR: 0.000100 | Train Loss: 0.494578 | Val Loss: 0.472410 | Train Meta: MetaNormμ:5.9827 | Val Meta: MetaNormμ:5.9827
   -> Updated best validation state: val_loss=0.472410 at epoch 4
Epoch 5/20 | Steps: 1268 | LR: 0.000100 | Train Loss: 0.493775 | Val Loss: 0.472852 | Train Meta: MetaNormμ:5.9827 | Val Meta: MetaNormμ:5.9827
Epoch 6/20 | Steps: 1268 | LR: 0.000100 | Train Loss: 0.493286 | Val Loss: 0.471256 | Train Meta: MetaNormμ:5.9827 | Val Meta: MetaNormμ:5.9827
   -> Updated best validation state: val_loss=0.471256 at epoch 6
Epoch 7/20 | Steps: 1268 | LR: 0.000100 | Train Loss: 0.492979 | Val Loss: 0.471130 | Train Meta: MetaNormμ:5.9827 | Val Meta: MetaNormμ:5.9827
   -> Updated best validation state: val_loss=0.471130 at epoch 7
Epoch 8/20 | Steps: 1268 | LR: 0.000100 | Train Loss: 0.492753 | Val Loss: 0.471244 | Train Meta: MetaNormμ:5.9827 | Val Meta: MetaNormμ:5.9827
Epoch 9/20 | Steps: 1268 | LR: 0.000100 | Train Loss: 0.492554 | Val Loss: 0.471945 | Train Meta: MetaNormμ:5.9827 | Val Meta: MetaNormμ:5.9827
Epoch 10/20 | Steps: 1268 | LR: 0.000100 | Train Loss: 0.492437 | Val Loss: 0.470798 | Train Meta: MetaNormμ:5.9827 | Val Meta: MetaNormμ:5.9827
   -> Updated best validation state: val_loss=0.470798 at epoch 10
Epoch 11/20 | Steps: 1268 | LR: 0.000100 | Train Loss: 0.492310 | Val Loss: 0.470487 | Train Meta: MetaNormμ:5.9827 | Val Meta: MetaNormμ:5.9827
   -> Updated best validation state: val_loss=0.470487 at epoch 11
Epoch 12/20 | Steps: 1268 | LR: 0.000100 | Train Loss: 0.492213 | Val Loss: 0.470773 | Train Meta: MetaNormμ:5.9827 | Val Meta: MetaNormμ:5.9827
Epoch 13/20 | Steps: 1268 | LR: 0.000100 | Train Loss: 0.492115 | Val Loss: 0.469064 | Train Meta: MetaNormμ:5.9827 | Val Meta: MetaNormμ:5.9827
   -> Updated best validation state: val_loss=0.469064 at epoch 13
Epoch 14/20 | Steps: 1268 | LR: 0.000100 | Train Loss: 0.492052 | Val Loss: 0.471650 | Train Meta: MetaNormμ:5.9827 | Val Meta: MetaNormμ:5.9827
Epoch 15/20 | Steps: 1268 | LR: 0.000100 | Train Loss: 0.492009 | Val Loss: 0.469221 | Train Meta: MetaNormμ:5.9827 | Val Meta: MetaNormμ:5.9827
Epoch 16/20 | Steps: 1268 | LR: 0.000100 | Train Loss: 0.491985 | Val Loss: 0.469963 | Train Meta: MetaNormμ:5.9827 | Val Meta: MetaNormμ:5.9827
Epoch 17/20 | Steps: 1268 | LR: 0.000100 | Train Loss: 0.491942 | Val Loss: 0.471371 | Train Meta: MetaNormμ:5.9827 | Val Meta: MetaNormμ:5.9827
Epoch 18/20 | Steps: 1268 | LR: 0.000100 | Train Loss: 0.491874 | Val Loss: 0.470352 | Train Meta: MetaNormμ:5.9827 | Val Meta: MetaNormμ:5.9827
Epoch 19/20 | Steps: 1268 | LR: 0.000100 | Train Loss: 0.491851 | Val Loss: 0.469274 | Train Meta: MetaNormμ:5.9827 | Val Meta: MetaNormμ:5.9827
Epoch 20/20 | Steps: 1268 | LR: 0.000100 | Train Loss: 0.491848 | Val Loss: 0.468603 | Train Meta: MetaNormμ:5.9827 | Val Meta: MetaNormμ:5.9827
   -> Updated best validation state: val_loss=0.468603 at epoch 20
{'test_mse': 0.57826167345047, 'test_mae': 0.5281320810317993}
Saved best forecasting checkpoint under checkpoints/forecasting_ettm1_720/electricity_laya_mixer_concat_text_stats_joint_best.pt
Saved attention maps for 3 sample(s) under ./runs/forecasting_electricity_to_ETTm1_laya_mixer_concat_text_stats_joint/pred_720/attention_maps
Joint metadata preview | dataset=ETTm2 | domain=ETTm2 | channels=7
   - HUFL: In the ETTm2 domain, this channel belongs to the ETTm2 dataset and represents the feature HUFL. Channel statistics over the training split: mean value is 0.000, standard deviation is 1.000, minimum value is -4.096, maximum value is 6.712, median value is 0.066, and mean absolute value is 0.721.
/data/pjh_workspace/ts-env/lib/python3.8/site-packages/torch/nn/modules/transformer.py:307: UserWarning: enable_nested_tensor is True, but self.use_nested_tensor is False because encoder_layer.norm_first was True
  warnings.warn(f"enable_nested_tensor is True, but self.use_nested_tensor is False because {why_not_sparsity_fast_path}")
==================================================
🚀 Architecture: LAYA
📊 Target Dataset: ETTm2 (Channels: 7)
📊 Pretrain Info: electricity (Detected Channels: 7)
📊 Prediction Length: 96
==================================================
✅ Loaded pretrained encoder from ./checkpoints/electricity_laya_mixer_concat_text_stats_joint/laya_ts_electricity_s_best.pt
   - 107/107 keys matched.
ℹ️ Channel Adapter: disabled
📝 metadata: mode=text_stats_joint, fusion=concat_kv, relation=none
ℹ️ RevIN: enabled | affine=False | subtract_last=False | eps=1e-05
ℹ️ Metadata Fusion Mode: concat_kv
ℹ️ Channel Mixer Relation Mode: none
ℹ️ Encoder Variant: default
ℹ️ Channel Relation Block: disabled
✅ Probing Head [Mixer, channel-wise]: [B*C, 1024] -> [B, 7, 96]
Epoch 1/20 | Steps: 1287 | LR: 0.000100 | Train Loss: 0.276261 | Val Loss: 0.173498 | Train Meta: MetaNormμ:6.0746 | Val Meta: MetaNormμ:6.0746
   -> Updated best validation state: val_loss=0.173498 at epoch 1
Epoch 2/20 | Steps: 1287 | LR: 0.000100 | Train Loss: 0.251596 | Val Loss: 0.170527 | Train Meta: MetaNormμ:6.0746 | Val Meta: MetaNormμ:6.0746
   -> Updated best validation state: val_loss=0.170527 at epoch 2
Epoch 3/20 | Steps: 1287 | LR: 0.000100 | Train Loss: 0.245950 | Val Loss: 0.168664 | Train Meta: MetaNormμ:6.0746 | Val Meta: MetaNormμ:6.0746
   -> Updated best validation state: val_loss=0.168664 at epoch 3
Epoch 4/20 | Steps: 1287 | LR: 0.000100 | Train Loss: 0.243693 | Val Loss: 0.168302 | Train Meta: MetaNormμ:6.0746 | Val Meta: MetaNormμ:6.0746
   -> Updated best validation state: val_loss=0.168302 at epoch 4
Epoch 5/20 | Steps: 1287 | LR: 0.000100 | Train Loss: 0.241711 | Val Loss: 0.168302 | Train Meta: MetaNormμ:6.0746 | Val Meta: MetaNormμ:6.0746
   -> Updated best validation state: val_loss=0.168302 at epoch 5
Epoch 6/20 | Steps: 1287 | LR: 0.000100 | Train Loss: 0.240628 | Val Loss: 0.168628 | Train Meta: MetaNormμ:6.0746 | Val Meta: MetaNormμ:6.0746
Epoch 7/20 | Steps: 1287 | LR: 0.000100 | Train Loss: 0.239782 | Val Loss: 0.168498 | Train Meta: MetaNormμ:6.0746 | Val Meta: MetaNormμ:6.0746
Epoch 8/20 | Steps: 1287 | LR: 0.000100 | Train Loss: 0.239231 | Val Loss: 0.168571 | Train Meta: MetaNormμ:6.0746 | Val Meta: MetaNormμ:6.0746
Epoch 9/20 | Steps: 1287 | LR: 0.000100 | Train Loss: 0.238711 | Val Loss: 0.168163 | Train Meta: MetaNormμ:6.0746 | Val Meta: MetaNormμ:6.0746
   -> Updated best validation state: val_loss=0.168163 at epoch 9
Epoch 10/20 | Steps: 1287 | LR: 0.000100 | Train Loss: 0.238333 | Val Loss: 0.168753 | Train Meta: MetaNormμ:6.0746 | Val Meta: MetaNormμ:6.0746
Epoch 11/20 | Steps: 1287 | LR: 0.000100 | Train Loss: 0.237848 | Val Loss: 0.168670 | Train Meta: MetaNormμ:6.0746 | Val Meta: MetaNormμ:6.0746
Epoch 12/20 | Steps: 1287 | LR: 0.000100 | Train Loss: 0.237651 | Val Loss: 0.168886 | Train Meta: MetaNormμ:6.0746 | Val Meta: MetaNormμ:6.0746
Epoch 13/20 | Steps: 1287 | LR: 0.000100 | Train Loss: 0.237442 | Val Loss: 0.169275 | Train Meta: MetaNormμ:6.0746 | Val Meta: MetaNormμ:6.0746
Epoch 14/20 | Steps: 1287 | LR: 0.000100 | Train Loss: 0.237235 | Val Loss: 0.168930 | Train Meta: MetaNormμ:6.0746 | Val Meta: MetaNormμ:6.0746
Epoch 15/20 | Steps: 1287 | LR: 0.000100 | Train Loss: 0.237103 | Val Loss: 0.169175 | Train Meta: MetaNormμ:6.0746 | Val Meta: MetaNormμ:6.0746
Epoch 16/20 | Steps: 1287 | LR: 0.000100 | Train Loss: 0.236804 | Val Loss: 0.169483 | Train Meta: MetaNormμ:6.0746 | Val Meta: MetaNormμ:6.0746
Epoch 17/20 | Steps: 1287 | LR: 0.000100 | Train Loss: 0.236722 | Val Loss: 0.169084 | Train Meta: MetaNormμ:6.0746 | Val Meta: MetaNormμ:6.0746
Epoch 18/20 | Steps: 1287 | LR: 0.000100 | Train Loss: 0.236679 | Val Loss: 0.169229 | Train Meta: MetaNormμ:6.0746 | Val Meta: MetaNormμ:6.0746
Epoch 19/20 | Steps: 1287 | LR: 0.000100 | Train Loss: 0.236630 | Val Loss: 0.169765 | Train Meta: MetaNormμ:6.0746 | Val Meta: MetaNormμ:6.0746
Epoch 20/20 | Steps: 1287 | LR: 0.000100 | Train Loss: 0.236497 | Val Loss: 0.169413 | Train Meta: MetaNormμ:6.0746 | Val Meta: MetaNormμ:6.0746
{'test_mse': 0.16283857822418213, 'test_mae': 0.2738707959651947}
Saved best forecasting checkpoint under checkpoints/forecasting_ettm2_96/electricity_laya_mixer_concat_text_stats_joint_best.pt
Saved attention maps for 3 sample(s) under ./runs/forecasting_electricity_to_ETTm2_laya_mixer_concat_text_stats_joint/pred_96/attention_maps
Joint metadata preview | dataset=ETTm2 | domain=ETTm2 | channels=7
   - HUFL: In the ETTm2 domain, this channel belongs to the ETTm2 dataset and represents the feature HUFL. Channel statistics over the training split: mean value is 0.000, standard deviation is 1.000, minimum value is -4.096, maximum value is 6.712, median value is 0.066, and mean absolute value is 0.721.
/data/pjh_workspace/ts-env/lib/python3.8/site-packages/torch/nn/modules/transformer.py:307: UserWarning: enable_nested_tensor is True, but self.use_nested_tensor is False because encoder_layer.norm_first was True
  warnings.warn(f"enable_nested_tensor is True, but self.use_nested_tensor is False because {why_not_sparsity_fast_path}")
==================================================
🚀 Architecture: LAYA
📊 Target Dataset: ETTm2 (Channels: 7)
📊 Pretrain Info: electricity (Detected Channels: 7)
📊 Prediction Length: 192
==================================================
✅ Loaded pretrained encoder from ./checkpoints/electricity_laya_mixer_concat_text_stats_joint/laya_ts_electricity_s_best.pt
   - 107/107 keys matched.
ℹ️ Channel Adapter: disabled
📝 metadata: mode=text_stats_joint, fusion=concat_kv, relation=none
ℹ️ RevIN: enabled | affine=False | subtract_last=False | eps=1e-05
ℹ️ Metadata Fusion Mode: concat_kv
ℹ️ Channel Mixer Relation Mode: none
ℹ️ Encoder Variant: default
ℹ️ Channel Relation Block: disabled
✅ Probing Head [Mixer, channel-wise]: [B*C, 1024] -> [B, 7, 192]
Epoch 1/20 | Steps: 1284 | LR: 0.000100 | Train Loss: 0.343257 | Val Loss: 0.214432 | Train Meta: MetaNormμ:6.0746 | Val Meta: MetaNormμ:6.0746
   -> Updated best validation state: val_loss=0.214432 at epoch 1
Epoch 2/20 | Steps: 1284 | LR: 0.000100 | Train Loss: 0.321176 | Val Loss: 0.211688 | Train Meta: MetaNormμ:6.0746 | Val Meta: MetaNormμ:6.0746
   -> Updated best validation state: val_loss=0.211688 at epoch 2
Epoch 3/20 | Steps: 1284 | LR: 0.000100 | Train Loss: 0.316632 | Val Loss: 0.210649 | Train Meta: MetaNormμ:6.0746 | Val Meta: MetaNormμ:6.0746
   -> Updated best validation state: val_loss=0.210649 at epoch 3
Epoch 4/20 | Steps: 1284 | LR: 0.000100 | Train Loss: 0.314324 | Val Loss: 0.209913 | Train Meta: MetaNormμ:6.0746 | Val Meta: MetaNormμ:6.0746
   -> Updated best validation state: val_loss=0.209913 at epoch 4
Epoch 5/20 | Steps: 1284 | LR: 0.000100 | Train Loss: 0.312855 | Val Loss: 0.210915 | Train Meta: MetaNormμ:6.0746 | Val Meta: MetaNormμ:6.0746
Epoch 6/20 | Steps: 1284 | LR: 0.000100 | Train Loss: 0.311780 | Val Loss: 0.210249 | Train Meta: MetaNormμ:6.0746 | Val Meta: MetaNormμ:6.0746
Epoch 7/20 | Steps: 1284 | LR: 0.000100 | Train Loss: 0.311103 | Val Loss: 0.210924 | Train Meta: MetaNormμ:6.0746 | Val Meta: MetaNormμ:6.0746
Epoch 8/20 | Steps: 1284 | LR: 0.000100 | Train Loss: 0.310404 | Val Loss: 0.210724 | Train Meta: MetaNormμ:6.0746 | Val Meta: MetaNormμ:6.0746
Epoch 9/20 | Steps: 1284 | LR: 0.000100 | Train Loss: 0.310246 | Val Loss: 0.210487 | Train Meta: MetaNormμ:6.0746 | Val Meta: MetaNormμ:6.0746
Epoch 10/20 | Steps: 1284 | LR: 0.000100 | Train Loss: 0.309680 | Val Loss: 0.211061 | Train Meta: MetaNormμ:6.0746 | Val Meta: MetaNormμ:6.0746
Epoch 11/20 | Steps: 1284 | LR: 0.000100 | Train Loss: 0.309349 | Val Loss: 0.210276 | Train Meta: MetaNormμ:6.0746 | Val Meta: MetaNormμ:6.0746
Epoch 12/20 | Steps: 1284 | LR: 0.000100 | Train Loss: 0.309211 | Val Loss: 0.210554 | Train Meta: MetaNormμ:6.0746 | Val Meta: MetaNormμ:6.0746
Epoch 13/20 | Steps: 1284 | LR: 0.000100 | Train Loss: 0.309113 | Val Loss: 0.210659 | Train Meta: MetaNormμ:6.0746 | Val Meta: MetaNormμ:6.0746
Epoch 14/20 | Steps: 1284 | LR: 0.000100 | Train Loss: 0.308751 | Val Loss: 0.211684 | Train Meta: MetaNormμ:6.0746 | Val Meta: MetaNormμ:6.0746
Epoch 15/20 | Steps: 1284 | LR: 0.000100 | Train Loss: 0.308663 | Val Loss: 0.211165 | Train Meta: MetaNormμ:6.0746 | Val Meta: MetaNormμ:6.0746
Epoch 16/20 | Steps: 1284 | LR: 0.000100 | Train Loss: 0.308530 | Val Loss: 0.211216 | Train Meta: MetaNormμ:6.0746 | Val Meta: MetaNormμ:6.0746
Epoch 17/20 | Steps: 1284 | LR: 0.000100 | Train Loss: 0.308384 | Val Loss: 0.210939 | Train Meta: MetaNormμ:6.0746 | Val Meta: MetaNormμ:6.0746
Epoch 18/20 | Steps: 1284 | LR: 0.000100 | Train Loss: 0.308244 | Val Loss: 0.211667 | Train Meta: MetaNormμ:6.0746 | Val Meta: MetaNormμ:6.0746
Epoch 19/20 | Steps: 1284 | LR: 0.000100 | Train Loss: 0.308041 | Val Loss: 0.210941 | Train Meta: MetaNormμ:6.0746 | Val Meta: MetaNormμ:6.0746
Epoch 20/20 | Steps: 1284 | LR: 0.000100 | Train Loss: 0.308048 | Val Loss: 0.211377 | Train Meta: MetaNormμ:6.0746 | Val Meta: MetaNormμ:6.0746
{'test_mse': 0.1927226036787033, 'test_mae': 0.29609519243240356}
Saved best forecasting checkpoint under checkpoints/forecasting_ettm2_192/electricity_laya_mixer_concat_text_stats_joint_best.pt
Saved attention maps for 3 sample(s) under ./runs/forecasting_electricity_to_ETTm2_laya_mixer_concat_text_stats_joint/pred_192/attention_maps
Joint metadata preview | dataset=ETTm2 | domain=ETTm2 | channels=7
   - HUFL: In the ETTm2 domain, this channel belongs to the ETTm2 dataset and represents the feature HUFL. Channel statistics over the training split: mean value is 0.000, standard deviation is 1.000, minimum value is -4.096, maximum value is 6.712, median value is 0.066, and mean absolute value is 0.721.
/data/pjh_workspace/ts-env/lib/python3.8/site-packages/torch/nn/modules/transformer.py:307: UserWarning: enable_nested_tensor is True, but self.use_nested_tensor is False because encoder_layer.norm_first was True
  warnings.warn(f"enable_nested_tensor is True, but self.use_nested_tensor is False because {why_not_sparsity_fast_path}")
==================================================
🚀 Architecture: LAYA
📊 Target Dataset: ETTm2 (Channels: 7)
📊 Pretrain Info: electricity (Detected Channels: 7)
📊 Prediction Length: 336
==================================================
✅ Loaded pretrained encoder from ./checkpoints/electricity_laya_mixer_concat_text_stats_joint/laya_ts_electricity_s_best.pt
   - 107/107 keys matched.
ℹ️ Channel Adapter: disabled
📝 metadata: mode=text_stats_joint, fusion=concat_kv, relation=none
ℹ️ RevIN: enabled | affine=False | subtract_last=False | eps=1e-05
ℹ️ Metadata Fusion Mode: concat_kv
ℹ️ Channel Mixer Relation Mode: none
ℹ️ Encoder Variant: default
ℹ️ Channel Relation Block: disabled
✅ Probing Head [Mixer, channel-wise]: [B*C, 1024] -> [B, 7, 336]
Epoch 1/20 | Steps: 1280 | LR: 0.000100 | Train Loss: 0.415043 | Val Loss: 0.258165 | Train Meta: MetaNormμ:6.0746 | Val Meta: MetaNormμ:6.0746
   -> Updated best validation state: val_loss=0.258165 at epoch 1
Epoch 2/20 | Steps: 1280 | LR: 0.000100 | Train Loss: 0.395219 | Val Loss: 0.254093 | Train Meta: MetaNormμ:6.0746 | Val Meta: MetaNormμ:6.0746
   -> Updated best validation state: val_loss=0.254093 at epoch 2
Epoch 3/20 | Steps: 1280 | LR: 0.000100 | Train Loss: 0.391027 | Val Loss: 0.254520 | Train Meta: MetaNormμ:6.0746 | Val Meta: MetaNormμ:6.0746
Epoch 4/20 | Steps: 1280 | LR: 0.000100 | Train Loss: 0.388774 | Val Loss: 0.251520 | Train Meta: MetaNormμ:6.0746 | Val Meta: MetaNormμ:6.0746
   -> Updated best validation state: val_loss=0.251520 at epoch 4
Epoch 5/20 | Steps: 1280 | LR: 0.000100 | Train Loss: 0.387503 | Val Loss: 0.253628 | Train Meta: MetaNormμ:6.0746 | Val Meta: MetaNormμ:6.0746
Epoch 6/20 | Steps: 1280 | LR: 0.000100 | Train Loss: 0.386412 | Val Loss: 0.255139 | Train Meta: MetaNormμ:6.0746 | Val Meta: MetaNormμ:6.0746
Epoch 7/20 | Steps: 1280 | LR: 0.000100 | Train Loss: 0.385819 | Val Loss: 0.252983 | Train Meta: MetaNormμ:6.0746 | Val Meta: MetaNormμ:6.0746
Epoch 8/20 | Steps: 1280 | LR: 0.000100 | Train Loss: 0.385305 | Val Loss: 0.254753 | Train Meta: MetaNormμ:6.0746 | Val Meta: MetaNormμ:6.0746
Epoch 9/20 | Steps: 1280 | LR: 0.000100 | Train Loss: 0.384835 | Val Loss: 0.254185 | Train Meta: MetaNormμ:6.0746 | Val Meta: MetaNormμ:6.0746
Epoch 10/20 | Steps: 1280 | LR: 0.000100 | Train Loss: 0.384548 | Val Loss: 0.254221 | Train Meta: MetaNormμ:6.0746 | Val Meta: MetaNormμ:6.0746
Epoch 11/20 | Steps: 1280 | LR: 0.000100 | Train Loss: 0.384243 | Val Loss: 0.254483 | Train Meta: MetaNormμ:6.0746 | Val Meta: MetaNormμ:6.0746
Epoch 12/20 | Steps: 1280 | LR: 0.000100 | Train Loss: 0.384062 | Val Loss: 0.254426 | Train Meta: MetaNormμ:6.0746 | Val Meta: MetaNormμ:6.0746
Epoch 13/20 | Steps: 1280 | LR: 0.000100 | Train Loss: 0.383971 | Val Loss: 0.252682 | Train Meta: MetaNormμ:6.0746 | Val Meta: MetaNormμ:6.0746
Epoch 14/20 | Steps: 1280 | LR: 0.000100 | Train Loss: 0.383700 | Val Loss: 0.254313 | Train Meta: MetaNormμ:6.0746 | Val Meta: MetaNormμ:6.0746
Epoch 15/20 | Steps: 1280 | LR: 0.000100 | Train Loss: 0.383583 | Val Loss: 0.254695 | Train Meta: MetaNormμ:6.0746 | Val Meta: MetaNormμ:6.0746
Epoch 16/20 | Steps: 1280 | LR: 0.000100 | Train Loss: 0.383502 | Val Loss: 0.255685 | Train Meta: MetaNormμ:6.0746 | Val Meta: MetaNormμ:6.0746
Epoch 17/20 | Steps: 1280 | LR: 0.000100 | Train Loss: 0.383380 | Val Loss: 0.255063 | Train Meta: MetaNormμ:6.0746 | Val Meta: MetaNormμ:6.0746
Epoch 18/20 | Steps: 1280 | LR: 0.000100 | Train Loss: 0.383282 | Val Loss: 0.255700 | Train Meta: MetaNormμ:6.0746 | Val Meta: MetaNormμ:6.0746
Epoch 19/20 | Steps: 1280 | LR: 0.000100 | Train Loss: 0.383303 | Val Loss: 0.255300 | Train Meta: MetaNormμ:6.0746 | Val Meta: MetaNormμ:6.0746
Epoch 20/20 | Steps: 1280 | LR: 0.000100 | Train Loss: 0.383199 | Val Loss: 0.254603 | Train Meta: MetaNormμ:6.0746 | Val Meta: MetaNormμ:6.0746
{'test_mse': 0.22656255960464478, 'test_mae': 0.3192003071308136}
Saved best forecasting checkpoint under checkpoints/forecasting_ettm2_336/electricity_laya_mixer_concat_text_stats_joint_best.pt
Saved attention maps for 3 sample(s) under ./runs/forecasting_electricity_to_ETTm2_laya_mixer_concat_text_stats_joint/pred_336/attention_maps
Joint metadata preview | dataset=ETTm2 | domain=ETTm2 | channels=7
   - HUFL: In the ETTm2 domain, this channel belongs to the ETTm2 dataset and represents the feature HUFL. Channel statistics over the training split: mean value is 0.000, standard deviation is 1.000, minimum value is -4.096, maximum value is 6.712, median value is 0.066, and mean absolute value is 0.721.
/data/pjh_workspace/ts-env/lib/python3.8/site-packages/torch/nn/modules/transformer.py:307: UserWarning: enable_nested_tensor is True, but self.use_nested_tensor is False because encoder_layer.norm_first was True
  warnings.warn(f"enable_nested_tensor is True, but self.use_nested_tensor is False because {why_not_sparsity_fast_path}")
==================================================
🚀 Architecture: LAYA
📊 Target Dataset: ETTm2 (Channels: 7)
📊 Pretrain Info: electricity (Detected Channels: 7)
📊 Prediction Length: 720
==================================================
✅ Loaded pretrained encoder from ./checkpoints/electricity_laya_mixer_concat_text_stats_joint/laya_ts_electricity_s_best.pt
   - 107/107 keys matched.
ℹ️ Channel Adapter: disabled
📝 metadata: mode=text_stats_joint, fusion=concat_kv, relation=none
ℹ️ RevIN: enabled | affine=False | subtract_last=False | eps=1e-05
ℹ️ Metadata Fusion Mode: concat_kv
ℹ️ Channel Mixer Relation Mode: none
ℹ️ Encoder Variant: default
ℹ️ Channel Relation Block: disabled
✅ Probing Head [Mixer, channel-wise]: [B*C, 1024] -> [B, 7, 720]
Epoch 1/20 | Steps: 1268 | LR: 0.000100 | Train Loss: 0.515371 | Val Loss: 0.325368 | Train Meta: MetaNormμ:6.0746 | Val Meta: MetaNormμ:6.0746
   -> Updated best validation state: val_loss=0.325368 at epoch 1
Epoch 2/20 | Steps: 1268 | LR: 0.000100 | Train Loss: 0.501395 | Val Loss: 0.321994 | Train Meta: MetaNormμ:6.0746 | Val Meta: MetaNormμ:6.0746
   -> Updated best validation state: val_loss=0.321994 at epoch 2
Epoch 3/20 | Steps: 1268 | LR: 0.000100 | Train Loss: 0.498186 | Val Loss: 0.322829 | Train Meta: MetaNormμ:6.0746 | Val Meta: MetaNormμ:6.0746
Epoch 4/20 | Steps: 1268 | LR: 0.000100 | Train Loss: 0.496378 | Val Loss: 0.320830 | Train Meta: MetaNormμ:6.0746 | Val Meta: MetaNormμ:6.0746
   -> Updated best validation state: val_loss=0.320830 at epoch 4
Epoch 5/20 | Steps: 1268 | LR: 0.000100 | Train Loss: 0.495364 | Val Loss: 0.321094 | Train Meta: MetaNormμ:6.0746 | Val Meta: MetaNormμ:6.0746
Epoch 6/20 | Steps: 1268 | LR: 0.000100 | Train Loss: 0.494529 | Val Loss: 0.319206 | Train Meta: MetaNormμ:6.0746 | Val Meta: MetaNormμ:6.0746
   -> Updated best validation state: val_loss=0.319206 at epoch 6
Epoch 7/20 | Steps: 1268 | LR: 0.000100 | Train Loss: 0.493933 | Val Loss: 0.319703 | Train Meta: MetaNormμ:6.0746 | Val Meta: MetaNormμ:6.0746
Epoch 8/20 | Steps: 1268 | LR: 0.000100 | Train Loss: 0.493608 | Val Loss: 0.319687 | Train Meta: MetaNormμ:6.0746 | Val Meta: MetaNormμ:6.0746
Epoch 9/20 | Steps: 1268 | LR: 0.000100 | Train Loss: 0.493234 | Val Loss: 0.320938 | Train Meta: MetaNormμ:6.0746 | Val Meta: MetaNormμ:6.0746
Epoch 10/20 | Steps: 1268 | LR: 0.000100 | Train Loss: 0.492963 | Val Loss: 0.322126 | Train Meta: MetaNormμ:6.0746 | Val Meta: MetaNormμ:6.0746
Epoch 11/20 | Steps: 1268 | LR: 0.000100 | Train Loss: 0.492803 | Val Loss: 0.320213 | Train Meta: MetaNormμ:6.0746 | Val Meta: MetaNormμ:6.0746
Epoch 12/20 | Steps: 1268 | LR: 0.000100 | Train Loss: 0.492552 | Val Loss: 0.320033 | Train Meta: MetaNormμ:6.0746 | Val Meta: MetaNormμ:6.0746
Epoch 13/20 | Steps: 1268 | LR: 0.000100 | Train Loss: 0.492417 | Val Loss: 0.320556 | Train Meta: MetaNormμ:6.0746 | Val Meta: MetaNormμ:6.0746
Epoch 14/20 | Steps: 1268 | LR: 0.000100 | Train Loss: 0.492333 | Val Loss: 0.323050 | Train Meta: MetaNormμ:6.0746 | Val Meta: MetaNormμ:6.0746
Epoch 15/20 | Steps: 1268 | LR: 0.000100 | Train Loss: 0.492212 | Val Loss: 0.321482 | Train Meta: MetaNormμ:6.0746 | Val Meta: MetaNormμ:6.0746
Epoch 16/20 | Steps: 1268 | LR: 0.000100 | Train Loss: 0.492086 | Val Loss: 0.320581 | Train Meta: MetaNormμ:6.0746 | Val Meta: MetaNormμ:6.0746
Epoch 17/20 | Steps: 1268 | LR: 0.000100 | Train Loss: 0.491969 | Val Loss: 0.322436 | Train Meta: MetaNormμ:6.0746 | Val Meta: MetaNormμ:6.0746
Epoch 18/20 | Steps: 1268 | LR: 0.000100 | Train Loss: 0.491901 | Val Loss: 0.321434 | Train Meta: MetaNormμ:6.0746 | Val Meta: MetaNormμ:6.0746
Epoch 19/20 | Steps: 1268 | LR: 0.000100 | Train Loss: 0.491824 | Val Loss: 0.321635 | Train Meta: MetaNormμ:6.0746 | Val Meta: MetaNormμ:6.0746
Epoch 20/20 | Steps: 1268 | LR: 0.000100 | Train Loss: 0.491778 | Val Loss: 0.322640 | Train Meta: MetaNormμ:6.0746 | Val Meta: MetaNormμ:6.0746
{'test_mse': 0.2811221778392792, 'test_mae': 0.35486072301864624}
Saved best forecasting checkpoint under checkpoints/forecasting_ettm2_720/electricity_laya_mixer_concat_text_stats_joint_best.pt
Saved attention maps for 3 sample(s) under ./runs/forecasting_electricity_to_ETTm2_laya_mixer_concat_text_stats_joint/pred_720/attention_maps
Joint metadata preview | dataset=weather | domain=weather | channels=21
   - p (mbar): In the weather domain, this channel belongs to the weather dataset and represents the feature p (mbar). Channel statistics over the training split: mean value is -0.000, standard deviation is 1.000, minimum value is -3.309, maximum value is 3.410, median value is 0.052, and mean absolute value is 0.768.
/data/pjh_workspace/ts-env/lib/python3.8/site-packages/torch/nn/modules/transformer.py:307: UserWarning: enable_nested_tensor is True, but self.use_nested_tensor is False because encoder_layer.norm_first was True
  warnings.warn(f"enable_nested_tensor is True, but self.use_nested_tensor is False because {why_not_sparsity_fast_path}")
==================================================
🚀 Architecture: LAYA
📊 Target Dataset: weather (Channels: 21)
📊 Pretrain Info: electricity (Detected Channels: 21)
📊 Prediction Length: 96
==================================================
✅ Loaded pretrained encoder from ./checkpoints/electricity_laya_mixer_concat_text_stats_joint/laya_ts_electricity_s_best.pt
   - 107/107 keys matched.
ℹ️ Channel Adapter: disabled
📝 metadata: mode=text_stats_joint, fusion=concat_kv, relation=none
ℹ️ RevIN: enabled | affine=False | subtract_last=False | eps=1e-05
ℹ️ Metadata Fusion Mode: concat_kv
ℹ️ Channel Mixer Relation Mode: none
ℹ️ Encoder Variant: default
ℹ️ Channel Relation Block: disabled
✅ Probing Head [Mixer, channel-wise]: [B*C, 1024] -> [B, 21, 96]
Epoch 1/20 | Steps: 1133 | LR: 0.000100 | Train Loss: 0.634292 | Val Loss: 0.700163 | Train Meta: MetaNormμ:5.9593 | Val Meta: MetaNormμ:5.9593
   -> Updated best validation state: val_loss=0.700163 at epoch 1
Epoch 2/20 | Steps: 1133 | LR: 0.000100 | Train Loss: 0.607733 | Val Loss: 0.692990 | Train Meta: MetaNormμ:5.9593 | Val Meta: MetaNormμ:5.9593
   -> Updated best validation state: val_loss=0.692990 at epoch 2
Epoch 3/20 | Steps: 1133 | LR: 0.000100 | Train Loss: 0.604054 | Val Loss: 0.693359 | Train Meta: MetaNormμ:5.9593 | Val Meta: MetaNormμ:5.9593
Epoch 4/20 | Steps: 1133 | LR: 0.000100 | Train Loss: 0.603089 | Val Loss: 0.694207 | Train Meta: MetaNormμ:5.9593 | Val Meta: MetaNormμ:5.9593
Epoch 5/20 | Steps: 1133 | LR: 0.000100 | Train Loss: 0.602425 | Val Loss: 0.693909 | Train Meta: MetaNormμ:5.9593 | Val Meta: MetaNormμ:5.9593
Epoch 6/20 | Steps: 1133 | LR: 0.000100 | Train Loss: 0.602032 | Val Loss: 0.692840 | Train Meta: MetaNormμ:5.9593 | Val Meta: MetaNormμ:5.9593
   -> Updated best validation state: val_loss=0.692840 at epoch 6
Epoch 7/20 | Steps: 1133 | LR: 0.000100 | Train Loss: 0.601704 | Val Loss: 0.694634 | Train Meta: MetaNormμ:5.9593 | Val Meta: MetaNormμ:5.9593
Epoch 8/20 | Steps: 1133 | LR: 0.000100 | Train Loss: 0.601492 | Val Loss: 0.695820 | Train Meta: MetaNormμ:5.9593 | Val Meta: MetaNormμ:5.9593
Epoch 9/20 | Steps: 1133 | LR: 0.000100 | Train Loss: 0.601361 | Val Loss: 0.694232 | Train Meta: MetaNormμ:5.9593 | Val Meta: MetaNormμ:5.9593
Epoch 10/20 | Steps: 1133 | LR: 0.000100 | Train Loss: 0.601249 | Val Loss: 0.693349 | Train Meta: MetaNormμ:5.9593 | Val Meta: MetaNormμ:5.9593
Epoch 11/20 | Steps: 1133 | LR: 0.000100 | Train Loss: 0.601205 | Val Loss: 0.693892 | Train Meta: MetaNormμ:5.9593 | Val Meta: MetaNormμ:5.9593
Epoch 12/20 | Steps: 1133 | LR: 0.000100 | Train Loss: 0.601016 | Val Loss: 0.694466 | Train Meta: MetaNormμ:5.9593 | Val Meta: MetaNormμ:5.9593
Epoch 13/20 | Steps: 1133 | LR: 0.000100 | Train Loss: 0.600897 | Val Loss: 0.693745 | Train Meta: MetaNormμ:5.9593 | Val Meta: MetaNormμ:5.9593
Epoch 14/20 | Steps: 1133 | LR: 0.000100 | Train Loss: 0.600910 | Val Loss: 0.694249 | Train Meta: MetaNormμ:5.9593 | Val Meta: MetaNormμ:5.9593
Epoch 15/20 | Steps: 1133 | LR: 0.000100 | Train Loss: 0.600790 | Val Loss: 0.695807 | Train Meta: MetaNormμ:5.9593 | Val Meta: MetaNormμ:5.9593
Epoch 16/20 | Steps: 1133 | LR: 0.000100 | Train Loss: 0.600785 | Val Loss: 0.693612 | Train Meta: MetaNormμ:5.9593 | Val Meta: MetaNormμ:5.9593
Epoch 17/20 | Steps: 1133 | LR: 0.000100 | Train Loss: 0.600762 | Val Loss: 0.691925 | Train Meta: MetaNormμ:5.9593 | Val Meta: MetaNormμ:5.9593
   -> Updated best validation state: val_loss=0.691925 at epoch 17
Epoch 18/20 | Steps: 1133 | LR: 0.000100 | Train Loss: 0.600714 | Val Loss: 0.694018 | Train Meta: MetaNormμ:5.9593 | Val Meta: MetaNormμ:5.9593
Epoch 19/20 | Steps: 1133 | LR: 0.000100 | Train Loss: 0.600664 | Val Loss: 0.696215 | Train Meta: MetaNormμ:5.9593 | Val Meta: MetaNormμ:5.9593
Epoch 20/20 | Steps: 1133 | LR: 0.000100 | Train Loss: 0.600666 | Val Loss: 0.695039 | Train Meta: MetaNormμ:5.9593 | Val Meta: MetaNormμ:5.9593
./run_forecasting.py:284: UserWarning: Tight layout not applied. The bottom and top margins cannot be made large enough to accommodate all axes decorations.
  plt.tight_layout()
./run_forecasting.py:296: UserWarning: Tight layout not applied. The bottom and top margins cannot be made large enough to accommodate all axes decorations.
  plt.tight_layout()
{'test_mse': 0.3236268162727356, 'test_mae': 0.3621746897697449}
Saved best forecasting checkpoint under checkpoints/forecasting_weather_96/electricity_laya_mixer_concat_text_stats_joint_best.pt
Saved attention maps for 3 sample(s) under ./runs/forecasting_electricity_to_weather_laya_mixer_concat_text_stats_joint/pred_96/attention_maps
Joint metadata preview | dataset=weather | domain=weather | channels=21
   - p (mbar): In the weather domain, this channel belongs to the weather dataset and represents the feature p (mbar). Channel statistics over the training split: mean value is -0.000, standard deviation is 1.000, minimum value is -3.309, maximum value is 3.410, median value is 0.052, and mean absolute value is 0.768.
/data/pjh_workspace/ts-env/lib/python3.8/site-packages/torch/nn/modules/transformer.py:307: UserWarning: enable_nested_tensor is True, but self.use_nested_tensor is False because encoder_layer.norm_first was True
  warnings.warn(f"enable_nested_tensor is True, but self.use_nested_tensor is False because {why_not_sparsity_fast_path}")
==================================================
🚀 Architecture: LAYA
📊 Target Dataset: weather (Channels: 21)
📊 Pretrain Info: electricity (Detected Channels: 21)
📊 Prediction Length: 192
==================================================
✅ Loaded pretrained encoder from ./checkpoints/electricity_laya_mixer_concat_text_stats_joint/laya_ts_electricity_s_best.pt
   - 107/107 keys matched.
ℹ️ Channel Adapter: disabled
📝 metadata: mode=text_stats_joint, fusion=concat_kv, relation=none
ℹ️ RevIN: enabled | affine=False | subtract_last=False | eps=1e-05
ℹ️ Metadata Fusion Mode: concat_kv
ℹ️ Channel Mixer Relation Mode: none
ℹ️ Encoder Variant: default
ℹ️ Channel Relation Block: disabled
✅ Probing Head [Mixer, channel-wise]: [B*C, 1024] -> [B, 21, 192]
Epoch 1/20 | Steps: 1130 | LR: 0.000100 | Train Loss: 0.665806 | Val Loss: 0.753525 | Train Meta: MetaNormμ:5.9593 | Val Meta: MetaNormμ:5.9593
   -> Updated best validation state: val_loss=0.753525 at epoch 1
Epoch 2/20 | Steps: 1130 | LR: 0.000100 | Train Loss: 0.640711 | Val Loss: 0.749597 | Train Meta: MetaNormμ:5.9593 | Val Meta: MetaNormμ:5.9593
   -> Updated best validation state: val_loss=0.749597 at epoch 2
Epoch 3/20 | Steps: 1130 | LR: 0.000100 | Train Loss: 0.637437 | Val Loss: 0.746386 | Train Meta: MetaNormμ:5.9593 | Val Meta: MetaNormμ:5.9593
   -> Updated best validation state: val_loss=0.746386 at epoch 3
Epoch 4/20 | Steps: 1130 | LR: 0.000100 | Train Loss: 0.636228 | Val Loss: 0.747088 | Train Meta: MetaNormμ:5.9593 | Val Meta: MetaNormμ:5.9593
Epoch 5/20 | Steps: 1130 | LR: 0.000100 | Train Loss: 0.635660 | Val Loss: 0.746941 | Train Meta: MetaNormμ:5.9593 | Val Meta: MetaNormμ:5.9593
Epoch 6/20 | Steps: 1130 | LR: 0.000100 | Train Loss: 0.635277 | Val Loss: 0.744883 | Train Meta: MetaNormμ:5.9593 | Val Meta: MetaNormμ:5.9593
   -> Updated best validation state: val_loss=0.744883 at epoch 6
Epoch 7/20 | Steps: 1130 | LR: 0.000100 | Train Loss: 0.634891 | Val Loss: 0.747029 | Train Meta: MetaNormμ:5.9593 | Val Meta: MetaNormμ:5.9593
Epoch 8/20 | Steps: 1130 | LR: 0.000100 | Train Loss: 0.634918 | Val Loss: 0.746880 | Train Meta: MetaNormμ:5.9593 | Val Meta: MetaNormμ:5.9593
Epoch 9/20 | Steps: 1130 | LR: 0.000100 | Train Loss: 0.634706 | Val Loss: 0.746654 | Train Meta: MetaNormμ:5.9593 | Val Meta: MetaNormμ:5.9593
Epoch 10/20 | Steps: 1130 | LR: 0.000100 | Train Loss: 0.634594 | Val Loss: 0.748649 | Train Meta: MetaNormμ:5.9593 | Val Meta: MetaNormμ:5.9593
Epoch 11/20 | Steps: 1130 | LR: 0.000100 | Train Loss: 0.634568 | Val Loss: 0.745951 | Train Meta: MetaNormμ:5.9593 | Val Meta: MetaNormμ:5.9593
Epoch 12/20 | Steps: 1130 | LR: 0.000100 | Train Loss: 0.634455 | Val Loss: 0.746515 | Train Meta: MetaNormμ:5.9593 | Val Meta: MetaNormμ:5.9593
Epoch 13/20 | Steps: 1130 | LR: 0.000100 | Train Loss: 0.634335 | Val Loss: 0.747401 | Train Meta: MetaNormμ:5.9593 | Val Meta: MetaNormμ:5.9593
Epoch 14/20 | Steps: 1130 | LR: 0.000100 | Train Loss: 0.634312 | Val Loss: 0.747991 | Train Meta: MetaNormμ:5.9593 | Val Meta: MetaNormμ:5.9593
Epoch 15/20 | Steps: 1130 | LR: 0.000100 | Train Loss: 0.634220 | Val Loss: 0.747934 | Train Meta: MetaNormμ:5.9593 | Val Meta: MetaNormμ:5.9593
Epoch 16/20 | Steps: 1130 | LR: 0.000100 | Train Loss: 0.634237 | Val Loss: 0.747427 | Train Meta: MetaNormμ:5.9593 | Val Meta: MetaNormμ:5.9593
Epoch 17/20 | Steps: 1130 | LR: 0.000100 | Train Loss: 0.634071 | Val Loss: 0.747273 | Train Meta: MetaNormμ:5.9593 | Val Meta: MetaNormμ:5.9593
Epoch 18/20 | Steps: 1130 | LR: 0.000100 | Train Loss: 0.634124 | Val Loss: 0.748910 | Train Meta: MetaNormμ:5.9593 | Val Meta: MetaNormμ:5.9593
Epoch 19/20 | Steps: 1130 | LR: 0.000100 | Train Loss: 0.634172 | Val Loss: 0.749542 | Train Meta: MetaNormμ:5.9593 | Val Meta: MetaNormμ:5.9593
Epoch 20/20 | Steps: 1130 | LR: 0.000100 | Train Loss: 0.634106 | Val Loss: 0.747293 | Train Meta: MetaNormμ:5.9593 | Val Meta: MetaNormμ:5.9593
./run_forecasting.py:284: UserWarning: Tight layout not applied. The bottom and top margins cannot be made large enough to accommodate all axes decorations.
  plt.tight_layout()
./run_forecasting.py:296: UserWarning: Tight layout not applied. The bottom and top margins cannot be made large enough to accommodate all axes decorations.
  plt.tight_layout()
{'test_mse': 0.35556524991989136, 'test_mae': 0.38247787952423096}
Saved best forecasting checkpoint under checkpoints/forecasting_weather_192/electricity_laya_mixer_concat_text_stats_joint_best.pt
Saved attention maps for 3 sample(s) under ./runs/forecasting_electricity_to_weather_laya_mixer_concat_text_stats_joint/pred_192/attention_maps
Joint metadata preview | dataset=weather | domain=weather | channels=21
   - p (mbar): In the weather domain, this channel belongs to the weather dataset and represents the feature p (mbar). Channel statistics over the training split: mean value is -0.000, standard deviation is 1.000, minimum value is -3.309, maximum value is 3.410, median value is 0.052, and mean absolute value is 0.768.
/data/pjh_workspace/ts-env/lib/python3.8/site-packages/torch/nn/modules/transformer.py:307: UserWarning: enable_nested_tensor is True, but self.use_nested_tensor is False because encoder_layer.norm_first was True
  warnings.warn(f"enable_nested_tensor is True, but self.use_nested_tensor is False because {why_not_sparsity_fast_path}")
==================================================
🚀 Architecture: LAYA
📊 Target Dataset: weather (Channels: 21)
📊 Pretrain Info: electricity (Detected Channels: 21)
📊 Prediction Length: 336
==================================================
✅ Loaded pretrained encoder from ./checkpoints/electricity_laya_mixer_concat_text_stats_joint/laya_ts_electricity_s_best.pt
   - 107/107 keys matched.
ℹ️ Channel Adapter: disabled
📝 metadata: mode=text_stats_joint, fusion=concat_kv, relation=none
ℹ️ RevIN: enabled | affine=False | subtract_last=False | eps=1e-05
ℹ️ Metadata Fusion Mode: concat_kv
ℹ️ Channel Mixer Relation Mode: none
ℹ️ Encoder Variant: default
ℹ️ Channel Relation Block: disabled
✅ Probing Head [Mixer, channel-wise]: [B*C, 1024] -> [B, 21, 336]
Epoch 1/20 | Steps: 1126 | LR: 0.000100 | Train Loss: 0.700573 | Val Loss: 0.801240 | Train Meta: MetaNormμ:5.9593 | Val Meta: MetaNormμ:5.9593
   -> Updated best validation state: val_loss=0.801240 at epoch 1
Epoch 2/20 | Steps: 1126 | LR: 0.000100 | Train Loss: 0.675723 | Val Loss: 0.794695 | Train Meta: MetaNormμ:5.9593 | Val Meta: MetaNormμ:5.9593
   -> Updated best validation state: val_loss=0.794695 at epoch 2
Epoch 3/20 | Steps: 1126 | LR: 0.000100 | Train Loss: 0.672465 | Val Loss: 0.794758 | Train Meta: MetaNormμ:5.9593 | Val Meta: MetaNormμ:5.9593
Epoch 4/20 | Steps: 1126 | LR: 0.000100 | Train Loss: 0.671340 | Val Loss: 0.793777 | Train Meta: MetaNormμ:5.9593 | Val Meta: MetaNormμ:5.9593
   -> Updated best validation state: val_loss=0.793777 at epoch 4
Epoch 5/20 | Steps: 1126 | LR: 0.000100 | Train Loss: 0.670839 | Val Loss: 0.793136 | Train Meta: MetaNormμ:5.9593 | Val Meta: MetaNormμ:5.9593
   -> Updated best validation state: val_loss=0.793136 at epoch 5
Epoch 6/20 | Steps: 1126 | LR: 0.000100 | Train Loss: 0.670514 | Val Loss: 0.793371 | Train Meta: MetaNormμ:5.9593 | Val Meta: MetaNormμ:5.9593
Epoch 7/20 | Steps: 1126 | LR: 0.000100 | Train Loss: 0.670256 | Val Loss: 0.793393 | Train Meta: MetaNormμ:5.9593 | Val Meta: MetaNormμ:5.9593
Epoch 8/20 | Steps: 1126 | LR: 0.000100 | Train Loss: 0.670150 | Val Loss: 0.794578 | Train Meta: MetaNormμ:5.9593 | Val Meta: MetaNormμ:5.9593
Epoch 9/20 | Steps: 1126 | LR: 0.000100 | Train Loss: 0.669990 | Val Loss: 0.793827 | Train Meta: MetaNormμ:5.9593 | Val Meta: MetaNormμ:5.9593
Epoch 10/20 | Steps: 1126 | LR: 0.000100 | Train Loss: 0.669878 | Val Loss: 0.794880 | Train Meta: MetaNormμ:5.9593 | Val Meta: MetaNormμ:5.9593
Epoch 11/20 | Steps: 1126 | LR: 0.000100 | Train Loss: 0.669794 | Val Loss: 0.794927 | Train Meta: MetaNormμ:5.9593 | Val Meta: MetaNormμ:5.9593
Epoch 12/20 | Steps: 1126 | LR: 0.000100 | Train Loss: 0.669786 | Val Loss: 0.794630 | Train Meta: MetaNormμ:5.9593 | Val Meta: MetaNormμ:5.9593
Epoch 13/20 | Steps: 1126 | LR: 0.000100 | Train Loss: 0.669716 | Val Loss: 0.793464 | Train Meta: MetaNormμ:5.9593 | Val Meta: MetaNormμ:5.9593
Epoch 14/20 | Steps: 1126 | LR: 0.000100 | Train Loss: 0.669641 | Val Loss: 0.793867 | Train Meta: MetaNormμ:5.9593 | Val Meta: MetaNormμ:5.9593
Epoch 15/20 | Steps: 1126 | LR: 0.000100 | Train Loss: 0.669679 | Val Loss: 0.793313 | Train Meta: MetaNormμ:5.9593 | Val Meta: MetaNormμ:5.9593
Epoch 16/20 | Steps: 1126 | LR: 0.000100 | Train Loss: 0.669531 | Val Loss: 0.793931 | Train Meta: MetaNormμ:5.9593 | Val Meta: MetaNormμ:5.9593
Epoch 17/20 | Steps: 1126 | LR: 0.000100 | Train Loss: 0.669585 | Val Loss: 0.793412 | Train Meta: MetaNormμ:5.9593 | Val Meta: MetaNormμ:5.9593
Epoch 18/20 | Steps: 1126 | LR: 0.000100 | Train Loss: 0.669555 | Val Loss: 0.792766 | Train Meta: MetaNormμ:5.9593 | Val Meta: MetaNormμ:5.9593
   -> Updated best validation state: val_loss=0.792766 at epoch 18
Epoch 19/20 | Steps: 1126 | LR: 0.000100 | Train Loss: 0.669409 | Val Loss: 0.793866 | Train Meta: MetaNormμ:5.9593 | Val Meta: MetaNormμ:5.9593
Epoch 20/20 | Steps: 1126 | LR: 0.000100 | Train Loss: 0.669470 | Val Loss: 0.794820 | Train Meta: MetaNormμ:5.9593 | Val Meta: MetaNormμ:5.9593
./run_forecasting.py:284: UserWarning: Tight layout not applied. The bottom and top margins cannot be made large enough to accommodate all axes decorations.
  plt.tight_layout()
./run_forecasting.py:296: UserWarning: Tight layout not applied. The bottom and top margins cannot be made large enough to accommodate all axes decorations.
  plt.tight_layout()
{'test_mse': 0.3891335725784302, 'test_mae': 0.403653621673584}
Saved best forecasting checkpoint under checkpoints/forecasting_weather_336/electricity_laya_mixer_concat_text_stats_joint_best.pt
Saved attention maps for 3 sample(s) under ./runs/forecasting_electricity_to_weather_laya_mixer_concat_text_stats_joint/pred_336/attention_maps
Joint metadata preview | dataset=weather | domain=weather | channels=21
   - p (mbar): In the weather domain, this channel belongs to the weather dataset and represents the feature p (mbar). Channel statistics over the training split: mean value is -0.000, standard deviation is 1.000, minimum value is -3.309, maximum value is 3.410, median value is 0.052, and mean absolute value is 0.768.
/data/pjh_workspace/ts-env/lib/python3.8/site-packages/torch/nn/modules/transformer.py:307: UserWarning: enable_nested_tensor is True, but self.use_nested_tensor is False because encoder_layer.norm_first was True
  warnings.warn(f"enable_nested_tensor is True, but self.use_nested_tensor is False because {why_not_sparsity_fast_path}")
==================================================
🚀 Architecture: LAYA
📊 Target Dataset: weather (Channels: 21)
📊 Pretrain Info: electricity (Detected Channels: 21)
📊 Prediction Length: 720
==================================================
✅ Loaded pretrained encoder from ./checkpoints/electricity_laya_mixer_concat_text_stats_joint/laya_ts_electricity_s_best.pt
   - 107/107 keys matched.
ℹ️ Channel Adapter: disabled
📝 metadata: mode=text_stats_joint, fusion=concat_kv, relation=none
ℹ️ RevIN: enabled | affine=False | subtract_last=False | eps=1e-05
ℹ️ Metadata Fusion Mode: concat_kv
ℹ️ Channel Mixer Relation Mode: none
ℹ️ Encoder Variant: default
ℹ️ Channel Relation Block: disabled
✅ Probing Head [Mixer, channel-wise]: [B*C, 1024] -> [B, 21, 720]
Epoch 1/20 | Steps: 1114 | LR: 0.000100 | Train Loss: 0.744406 | Val Loss: 0.864555 | Train Meta: MetaNormμ:5.9593 | Val Meta: MetaNormμ:5.9593
   -> Updated best validation state: val_loss=0.864555 at epoch 1
Epoch 2/20 | Steps: 1114 | LR: 0.000100 | Train Loss: 0.720748 | Val Loss: 0.857917 | Train Meta: MetaNormμ:5.9593 | Val Meta: MetaNormμ:5.9593
   -> Updated best validation state: val_loss=0.857917 at epoch 2
Epoch 3/20 | Steps: 1114 | LR: 0.000100 | Train Loss: 0.717686 | Val Loss: 0.856520 | Train Meta: MetaNormμ:5.9593 | Val Meta: MetaNormμ:5.9593
   -> Updated best validation state: val_loss=0.856520 at epoch 3
Epoch 4/20 | Steps: 1114 | LR: 0.000100 | Train Loss: 0.716703 | Val Loss: 0.857139 | Train Meta: MetaNormμ:5.9593 | Val Meta: MetaNormμ:5.9593
Epoch 5/20 | Steps: 1114 | LR: 0.000100 | Train Loss: 0.716151 | Val Loss: 0.857594 | Train Meta: MetaNormμ:5.9593 | Val Meta: MetaNormμ:5.9593
Epoch 6/20 | Steps: 1114 | LR: 0.000100 | Train Loss: 0.715934 | Val Loss: 0.856683 | Train Meta: MetaNormμ:5.9593 | Val Meta: MetaNormμ:5.9593
Epoch 7/20 | Steps: 1114 | LR: 0.000100 | Train Loss: 0.715729 | Val Loss: 0.855744 | Train Meta: MetaNormμ:5.9593 | Val Meta: MetaNormμ:5.9593
   -> Updated best validation state: val_loss=0.855744 at epoch 7
Epoch 8/20 | Steps: 1114 | LR: 0.000100 | Train Loss: 0.715613 | Val Loss: 0.855843 | Train Meta: MetaNormμ:5.9593 | Val Meta: MetaNormμ:5.9593
Epoch 9/20 | Steps: 1114 | LR: 0.000100 | Train Loss: 0.715450 | Val Loss: 0.856037 | Train Meta: MetaNormμ:5.9593 | Val Meta: MetaNormμ:5.9593
Epoch 10/20 | Steps: 1114 | LR: 0.000100 | Train Loss: 0.715358 | Val Loss: 0.856303 | Train Meta: MetaNormμ:5.9593 | Val Meta: MetaNormμ:5.9593
Epoch 11/20 | Steps: 1114 | LR: 0.000100 | Train Loss: 0.715330 | Val Loss: 0.855785 | Train Meta: MetaNormμ:5.9593 | Val Meta: MetaNormμ:5.9593
Epoch 12/20 | Steps: 1114 | LR: 0.000100 | Train Loss: 0.715244 | Val Loss: 0.855779 | Train Meta: MetaNormμ:5.9593 | Val Meta: MetaNormμ:5.9593
Epoch 13/20 | Steps: 1114 | LR: 0.000100 | Train Loss: 0.715236 | Val Loss: 0.855975 | Train Meta: MetaNormμ:5.9593 | Val Meta: MetaNormμ:5.9593
Epoch 14/20 | Steps: 1114 | LR: 0.000100 | Train Loss: 0.715204 | Val Loss: 0.856121 | Train Meta: MetaNormμ:5.9593 | Val Meta: MetaNormμ:5.9593
Epoch 15/20 | Steps: 1114 | LR: 0.000100 | Train Loss: 0.715146 | Val Loss: 0.856500 | Train Meta: MetaNormμ:5.9593 | Val Meta: MetaNormμ:5.9593
Epoch 16/20 | Steps: 1114 | LR: 0.000100 | Train Loss: 0.715069 | Val Loss: 0.855685 | Train Meta: MetaNormμ:5.9593 | Val Meta: MetaNormμ:5.9593
   -> Updated best validation state: val_loss=0.855685 at epoch 16
Epoch 17/20 | Steps: 1114 | LR: 0.000100 | Train Loss: 0.715058 | Val Loss: 0.855789 | Train Meta: MetaNormμ:5.9593 | Val Meta: MetaNormμ:5.9593
Epoch 18/20 | Steps: 1114 | LR: 0.000100 | Train Loss: 0.715063 | Val Loss: 0.856159 | Train Meta: MetaNormμ:5.9593 | Val Meta: MetaNormμ:5.9593
Epoch 19/20 | Steps: 1114 | LR: 0.000100 | Train Loss: 0.715003 | Val Loss: 0.856588 | Train Meta: MetaNormμ:5.9593 | Val Meta: MetaNormμ:5.9593
Epoch 20/20 | Steps: 1114 | LR: 0.000100 | Train Loss: 0.715034 | Val Loss: 0.856285 | Train Meta: MetaNormμ:5.9593 | Val Meta: MetaNormμ:5.9593
./run_forecasting.py:284: UserWarning: Tight layout not applied. The bottom and top margins cannot be made large enough to accommodate all axes decorations.
  plt.tight_layout()
./run_forecasting.py:296: UserWarning: Tight layout not applied. The bottom and top margins cannot be made large enough to accommodate all axes decorations.
  plt.tight_layout()
{'test_mse': 0.4489996135234833, 'test_mae': 0.4413839876651764}
Saved best forecasting checkpoint under checkpoints/forecasting_weather_720/electricity_laya_mixer_concat_text_stats_joint_best.pt
Saved attention maps for 3 sample(s) under ./runs/forecasting_electricity_to_weather_laya_mixer_concat_text_stats_joint/pred_720/attention_maps
