nohup: ignoring input
/data/pjh_workspace/ts-env/lib/python3.8/site-packages/torch/nn/modules/transformer.py:307: UserWarning: enable_nested_tensor is True, but self.use_nested_tensor is False because encoder_layer.norm_first was True
  warnings.warn(f"enable_nested_tensor is True, but self.use_nested_tensor is False because {why_not_sparsity_fast_path}")
==================================================
🚀 Architecture: LAYA
📊 Target Dataset: ETTm1 (Channels: 7)
📊 Pretrain Info: electricity (Detected Channels: 7)
📊 Prediction Length: 96
==================================================
✅ Loaded pretrained encoder from ./checkpoints/electricity_laya_mixer_concat_stats/laya_ts_electricity_s_best.pt
   - 107/107 keys matched.
ℹ️ Channel Adapter: disabled
📝 metadata: mode=stats, fusion=concat_kv, relation=none
ℹ️ RevIN: enabled | affine=False | subtract_last=False | eps=1e-05
ℹ️ Metadata Fusion Mode: concat_kv
ℹ️ Channel Mixer Relation Mode: none
ℹ️ Encoder Variant: default
ℹ️ Channel Relation Block: disabled
✅ Probing Head [Mixer, channel-wise]: [B*C, 1024] -> [B, 7, 96]
Epoch 1/20 | Steps: 1287 | LR: 0.000100 | Train Loss: 0.331370 | Val Loss: 0.330329 | Train Meta: MetaNormμ:2.9075 | Val Meta: MetaNormμ:2.9075
   -> Updated best validation state: val_loss=0.330329 at epoch 1
Epoch 2/20 | Steps: 1287 | LR: 0.000100 | Train Loss: 0.319633 | Val Loss: 0.326320 | Train Meta: MetaNormμ:2.9075 | Val Meta: MetaNormμ:2.9075
   -> Updated best validation state: val_loss=0.326320 at epoch 2
Epoch 3/20 | Steps: 1287 | LR: 0.000100 | Train Loss: 0.317601 | Val Loss: 0.327639 | Train Meta: MetaNormμ:2.9075 | Val Meta: MetaNormμ:2.9075
Epoch 4/20 | Steps: 1287 | LR: 0.000100 | Train Loss: 0.316014 | Val Loss: 0.325077 | Train Meta: MetaNormμ:2.9075 | Val Meta: MetaNormμ:2.9075
   -> Updated best validation state: val_loss=0.325077 at epoch 4
Epoch 5/20 | Steps: 1287 | LR: 0.000100 | Train Loss: 0.314260 | Val Loss: 0.320356 | Train Meta: MetaNormμ:2.9075 | Val Meta: MetaNormμ:2.9075
   -> Updated best validation state: val_loss=0.320356 at epoch 5
Epoch 6/20 | Steps: 1287 | LR: 0.000100 | Train Loss: 0.312813 | Val Loss: 0.319233 | Train Meta: MetaNormμ:2.9075 | Val Meta: MetaNormμ:2.9075
   -> Updated best validation state: val_loss=0.319233 at epoch 6
Epoch 7/20 | Steps: 1287 | LR: 0.000100 | Train Loss: 0.311525 | Val Loss: 0.318568 | Train Meta: MetaNormμ:2.9075 | Val Meta: MetaNormμ:2.9075
   -> Updated best validation state: val_loss=0.318568 at epoch 7
Epoch 8/20 | Steps: 1287 | LR: 0.000100 | Train Loss: 0.310646 | Val Loss: 0.317134 | Train Meta: MetaNormμ:2.9075 | Val Meta: MetaNormμ:2.9075
   -> Updated best validation state: val_loss=0.317134 at epoch 8
Epoch 9/20 | Steps: 1287 | LR: 0.000100 | Train Loss: 0.309482 | Val Loss: 0.317263 | Train Meta: MetaNormμ:2.9075 | Val Meta: MetaNormμ:2.9075
Epoch 10/20 | Steps: 1287 | LR: 0.000100 | Train Loss: 0.308574 | Val Loss: 0.313948 | Train Meta: MetaNormμ:2.9075 | Val Meta: MetaNormμ:2.9075
   -> Updated best validation state: val_loss=0.313948 at epoch 10
Epoch 11/20 | Steps: 1287 | LR: 0.000100 | Train Loss: 0.307843 | Val Loss: 0.314892 | Train Meta: MetaNormμ:2.9075 | Val Meta: MetaNormμ:2.9075
Epoch 12/20 | Steps: 1287 | LR: 0.000100 | Train Loss: 0.307089 | Val Loss: 0.311739 | Train Meta: MetaNormμ:2.9075 | Val Meta: MetaNormμ:2.9075
   -> Updated best validation state: val_loss=0.311739 at epoch 12
Epoch 13/20 | Steps: 1287 | LR: 0.000100 | Train Loss: 0.306451 | Val Loss: 0.313702 | Train Meta: MetaNormμ:2.9075 | Val Meta: MetaNormμ:2.9075
Epoch 14/20 | Steps: 1287 | LR: 0.000100 | Train Loss: 0.305818 | Val Loss: 0.310704 | Train Meta: MetaNormμ:2.9075 | Val Meta: MetaNormμ:2.9075
   -> Updated best validation state: val_loss=0.310704 at epoch 14
Epoch 15/20 | Steps: 1287 | LR: 0.000100 | Train Loss: 0.305249 | Val Loss: 0.314436 | Train Meta: MetaNormμ:2.9075 | Val Meta: MetaNormμ:2.9075
Epoch 16/20 | Steps: 1287 | LR: 0.000100 | Train Loss: 0.304836 | Val Loss: 0.311005 | Train Meta: MetaNormμ:2.9075 | Val Meta: MetaNormμ:2.9075
Epoch 17/20 | Steps: 1287 | LR: 0.000100 | Train Loss: 0.304304 | Val Loss: 0.310756 | Train Meta: MetaNormμ:2.9075 | Val Meta: MetaNormμ:2.9075
Epoch 18/20 | Steps: 1287 | LR: 0.000100 | Train Loss: 0.303800 | Val Loss: 0.309631 | Train Meta: MetaNormμ:2.9075 | Val Meta: MetaNormμ:2.9075
   -> Updated best validation state: val_loss=0.309631 at epoch 18
Epoch 19/20 | Steps: 1287 | LR: 0.000100 | Train Loss: 0.303426 | Val Loss: 0.307567 | Train Meta: MetaNormμ:2.9075 | Val Meta: MetaNormμ:2.9075
   -> Updated best validation state: val_loss=0.307567 at epoch 19
Epoch 20/20 | Steps: 1287 | LR: 0.000100 | Train Loss: 0.303174 | Val Loss: 0.307964 | Train Meta: MetaNormμ:2.9075 | Val Meta: MetaNormμ:2.9075
{'test_mse': 0.4196738600730896, 'test_mae': 0.44858789443969727}
Saved best forecasting checkpoint under checkpoints/forecasting_ettm1_96/electricity_laya_mixer_concat_stats_best.pt
Saved attention maps for 3 sample(s) under ./runs/forecasting_electricity_to_ETTm1_laya_mixer_concat_stats/pred_96/attention_maps
/data/pjh_workspace/ts-env/lib/python3.8/site-packages/torch/nn/modules/transformer.py:307: UserWarning: enable_nested_tensor is True, but self.use_nested_tensor is False because encoder_layer.norm_first was True
  warnings.warn(f"enable_nested_tensor is True, but self.use_nested_tensor is False because {why_not_sparsity_fast_path}")
==================================================
🚀 Architecture: LAYA
📊 Target Dataset: ETTm1 (Channels: 7)
📊 Pretrain Info: electricity (Detected Channels: 7)
📊 Prediction Length: 192
==================================================
✅ Loaded pretrained encoder from ./checkpoints/electricity_laya_mixer_concat_stats/laya_ts_electricity_s_best.pt
   - 107/107 keys matched.
ℹ️ Channel Adapter: disabled
📝 metadata: mode=stats, fusion=concat_kv, relation=none
ℹ️ RevIN: enabled | affine=False | subtract_last=False | eps=1e-05
ℹ️ Metadata Fusion Mode: concat_kv
ℹ️ Channel Mixer Relation Mode: none
ℹ️ Encoder Variant: default
ℹ️ Channel Relation Block: disabled
✅ Probing Head [Mixer, channel-wise]: [B*C, 1024] -> [B, 7, 192]
Epoch 1/20 | Steps: 1284 | LR: 0.000100 | Train Loss: 0.369840 | Val Loss: 0.362400 | Train Meta: MetaNormμ:2.9075 | Val Meta: MetaNormμ:2.9075
   -> Updated best validation state: val_loss=0.362400 at epoch 1
Epoch 2/20 | Steps: 1284 | LR: 0.000100 | Train Loss: 0.359229 | Val Loss: 0.361948 | Train Meta: MetaNormμ:2.9075 | Val Meta: MetaNormμ:2.9075
   -> Updated best validation state: val_loss=0.361948 at epoch 2
Epoch 3/20 | Steps: 1284 | LR: 0.000100 | Train Loss: 0.357399 | Val Loss: 0.358627 | Train Meta: MetaNormμ:2.9075 | Val Meta: MetaNormμ:2.9075
   -> Updated best validation state: val_loss=0.358627 at epoch 3
Epoch 4/20 | Steps: 1284 | LR: 0.000100 | Train Loss: 0.355861 | Val Loss: 0.356215 | Train Meta: MetaNormμ:2.9075 | Val Meta: MetaNormμ:2.9075
   -> Updated best validation state: val_loss=0.356215 at epoch 4
Epoch 5/20 | Steps: 1284 | LR: 0.000100 | Train Loss: 0.354422 | Val Loss: 0.353247 | Train Meta: MetaNormμ:2.9075 | Val Meta: MetaNormμ:2.9075
   -> Updated best validation state: val_loss=0.353247 at epoch 5
Epoch 6/20 | Steps: 1284 | LR: 0.000100 | Train Loss: 0.353289 | Val Loss: 0.350989 | Train Meta: MetaNormμ:2.9075 | Val Meta: MetaNormμ:2.9075
   -> Updated best validation state: val_loss=0.350989 at epoch 6
Epoch 7/20 | Steps: 1284 | LR: 0.000100 | Train Loss: 0.352152 | Val Loss: 0.348546 | Train Meta: MetaNormμ:2.9075 | Val Meta: MetaNormμ:2.9075
   -> Updated best validation state: val_loss=0.348546 at epoch 7
Epoch 8/20 | Steps: 1284 | LR: 0.000100 | Train Loss: 0.351184 | Val Loss: 0.350957 | Train Meta: MetaNormμ:2.9075 | Val Meta: MetaNormμ:2.9075
Epoch 9/20 | Steps: 1284 | LR: 0.000100 | Train Loss: 0.350394 | Val Loss: 0.346587 | Train Meta: MetaNormμ:2.9075 | Val Meta: MetaNormμ:2.9075
   -> Updated best validation state: val_loss=0.346587 at epoch 9
Epoch 10/20 | Steps: 1284 | LR: 0.000100 | Train Loss: 0.349440 | Val Loss: 0.346697 | Train Meta: MetaNormμ:2.9075 | Val Meta: MetaNormμ:2.9075
Epoch 11/20 | Steps: 1284 | LR: 0.000100 | Train Loss: 0.348890 | Val Loss: 0.347346 | Train Meta: MetaNormμ:2.9075 | Val Meta: MetaNormμ:2.9075
Epoch 12/20 | Steps: 1284 | LR: 0.000100 | Train Loss: 0.348063 | Val Loss: 0.347576 | Train Meta: MetaNormμ:2.9075 | Val Meta: MetaNormμ:2.9075
Epoch 13/20 | Steps: 1284 | LR: 0.000100 | Train Loss: 0.347503 | Val Loss: 0.343267 | Train Meta: MetaNormμ:2.9075 | Val Meta: MetaNormμ:2.9075
   -> Updated best validation state: val_loss=0.343267 at epoch 13
Epoch 14/20 | Steps: 1284 | LR: 0.000100 | Train Loss: 0.347025 | Val Loss: 0.345270 | Train Meta: MetaNormμ:2.9075 | Val Meta: MetaNormμ:2.9075
Epoch 15/20 | Steps: 1284 | LR: 0.000100 | Train Loss: 0.346570 | Val Loss: 0.343927 | Train Meta: MetaNormμ:2.9075 | Val Meta: MetaNormμ:2.9075
Epoch 16/20 | Steps: 1284 | LR: 0.000100 | Train Loss: 0.346040 | Val Loss: 0.342373 | Train Meta: MetaNormμ:2.9075 | Val Meta: MetaNormμ:2.9075
   -> Updated best validation state: val_loss=0.342373 at epoch 16
Epoch 17/20 | Steps: 1284 | LR: 0.000100 | Train Loss: 0.345603 | Val Loss: 0.343474 | Train Meta: MetaNormμ:2.9075 | Val Meta: MetaNormμ:2.9075
Epoch 18/20 | Steps: 1284 | LR: 0.000100 | Train Loss: 0.345254 | Val Loss: 0.343749 | Train Meta: MetaNormμ:2.9075 | Val Meta: MetaNormμ:2.9075
Epoch 19/20 | Steps: 1284 | LR: 0.000100 | Train Loss: 0.344964 | Val Loss: 0.343932 | Train Meta: MetaNormμ:2.9075 | Val Meta: MetaNormμ:2.9075
Epoch 20/20 | Steps: 1284 | LR: 0.000100 | Train Loss: 0.344685 | Val Loss: 0.339956 | Train Meta: MetaNormμ:2.9075 | Val Meta: MetaNormμ:2.9075
   -> Updated best validation state: val_loss=0.339956 at epoch 20
{'test_mse': 0.45394331216812134, 'test_mae': 0.46844735741615295}
Saved best forecasting checkpoint under checkpoints/forecasting_ettm1_192/electricity_laya_mixer_concat_stats_best.pt
Saved attention maps for 3 sample(s) under ./runs/forecasting_electricity_to_ETTm1_laya_mixer_concat_stats/pred_192/attention_maps
/data/pjh_workspace/ts-env/lib/python3.8/site-packages/torch/nn/modules/transformer.py:307: UserWarning: enable_nested_tensor is True, but self.use_nested_tensor is False because encoder_layer.norm_first was True
  warnings.warn(f"enable_nested_tensor is True, but self.use_nested_tensor is False because {why_not_sparsity_fast_path}")
==================================================
🚀 Architecture: LAYA
📊 Target Dataset: ETTm1 (Channels: 7)
📊 Pretrain Info: electricity (Detected Channels: 7)
📊 Prediction Length: 336
==================================================
✅ Loaded pretrained encoder from ./checkpoints/electricity_laya_mixer_concat_stats/laya_ts_electricity_s_best.pt
   - 107/107 keys matched.
ℹ️ Channel Adapter: disabled
📝 metadata: mode=stats, fusion=concat_kv, relation=none
ℹ️ RevIN: enabled | affine=False | subtract_last=False | eps=1e-05
ℹ️ Metadata Fusion Mode: concat_kv
ℹ️ Channel Mixer Relation Mode: none
ℹ️ Encoder Variant: default
ℹ️ Channel Relation Block: disabled
✅ Probing Head [Mixer, channel-wise]: [B*C, 1024] -> [B, 7, 336]
Epoch 1/20 | Steps: 1280 | LR: 0.000100 | Train Loss: 0.418411 | Val Loss: 0.398159 | Train Meta: MetaNormμ:2.9075 | Val Meta: MetaNormμ:2.9075
   -> Updated best validation state: val_loss=0.398159 at epoch 1
Epoch 2/20 | Steps: 1280 | LR: 0.000100 | Train Loss: 0.407521 | Val Loss: 0.396003 | Train Meta: MetaNormμ:2.9075 | Val Meta: MetaNormμ:2.9075
   -> Updated best validation state: val_loss=0.396003 at epoch 2
Epoch 3/20 | Steps: 1280 | LR: 0.000100 | Train Loss: 0.405830 | Val Loss: 0.392394 | Train Meta: MetaNormμ:2.9075 | Val Meta: MetaNormμ:2.9075
   -> Updated best validation state: val_loss=0.392394 at epoch 3
Epoch 4/20 | Steps: 1280 | LR: 0.000100 | Train Loss: 0.404489 | Val Loss: 0.392775 | Train Meta: MetaNormμ:2.9075 | Val Meta: MetaNormμ:2.9075
Epoch 5/20 | Steps: 1280 | LR: 0.000100 | Train Loss: 0.403188 | Val Loss: 0.391131 | Train Meta: MetaNormμ:2.9075 | Val Meta: MetaNormμ:2.9075
   -> Updated best validation state: val_loss=0.391131 at epoch 5
Epoch 6/20 | Steps: 1280 | LR: 0.000100 | Train Loss: 0.402050 | Val Loss: 0.389254 | Train Meta: MetaNormμ:2.9075 | Val Meta: MetaNormμ:2.9075
   -> Updated best validation state: val_loss=0.389254 at epoch 6
Epoch 7/20 | Steps: 1280 | LR: 0.000100 | Train Loss: 0.400980 | Val Loss: 0.387123 | Train Meta: MetaNormμ:2.9075 | Val Meta: MetaNormμ:2.9075
   -> Updated best validation state: val_loss=0.387123 at epoch 7
Epoch 8/20 | Steps: 1280 | LR: 0.000100 | Train Loss: 0.400091 | Val Loss: 0.386922 | Train Meta: MetaNormμ:2.9075 | Val Meta: MetaNormμ:2.9075
   -> Updated best validation state: val_loss=0.386922 at epoch 8
Epoch 9/20 | Steps: 1280 | LR: 0.000100 | Train Loss: 0.399263 | Val Loss: 0.387133 | Train Meta: MetaNormμ:2.9075 | Val Meta: MetaNormμ:2.9075
Epoch 10/20 | Steps: 1280 | LR: 0.000100 | Train Loss: 0.398519 | Val Loss: 0.384688 | Train Meta: MetaNormμ:2.9075 | Val Meta: MetaNormμ:2.9075
   -> Updated best validation state: val_loss=0.384688 at epoch 10
Epoch 11/20 | Steps: 1280 | LR: 0.000100 | Train Loss: 0.397885 | Val Loss: 0.385012 | Train Meta: MetaNormμ:2.9075 | Val Meta: MetaNormμ:2.9075
Epoch 12/20 | Steps: 1280 | LR: 0.000100 | Train Loss: 0.397249 | Val Loss: 0.384104 | Train Meta: MetaNormμ:2.9075 | Val Meta: MetaNormμ:2.9075
   -> Updated best validation state: val_loss=0.384104 at epoch 12
Epoch 13/20 | Steps: 1280 | LR: 0.000100 | Train Loss: 0.396719 | Val Loss: 0.383932 | Train Meta: MetaNormμ:2.9075 | Val Meta: MetaNormμ:2.9075
   -> Updated best validation state: val_loss=0.383932 at epoch 13
Epoch 14/20 | Steps: 1280 | LR: 0.000100 | Train Loss: 0.396160 | Val Loss: 0.384409 | Train Meta: MetaNormμ:2.9075 | Val Meta: MetaNormμ:2.9075
Epoch 15/20 | Steps: 1280 | LR: 0.000100 | Train Loss: 0.395730 | Val Loss: 0.382052 | Train Meta: MetaNormμ:2.9075 | Val Meta: MetaNormμ:2.9075
   -> Updated best validation state: val_loss=0.382052 at epoch 15
Epoch 16/20 | Steps: 1280 | LR: 0.000100 | Train Loss: 0.395370 | Val Loss: 0.383937 | Train Meta: MetaNormμ:2.9075 | Val Meta: MetaNormμ:2.9075
Epoch 17/20 | Steps: 1280 | LR: 0.000100 | Train Loss: 0.394897 | Val Loss: 0.381537 | Train Meta: MetaNormμ:2.9075 | Val Meta: MetaNormμ:2.9075
   -> Updated best validation state: val_loss=0.381537 at epoch 17
Epoch 18/20 | Steps: 1280 | LR: 0.000100 | Train Loss: 0.394665 | Val Loss: 0.381319 | Train Meta: MetaNormμ:2.9075 | Val Meta: MetaNormμ:2.9075
   -> Updated best validation state: val_loss=0.381319 at epoch 18
Epoch 19/20 | Steps: 1280 | LR: 0.000100 | Train Loss: 0.394270 | Val Loss: 0.380287 | Train Meta: MetaNormμ:2.9075 | Val Meta: MetaNormμ:2.9075
   -> Updated best validation state: val_loss=0.380287 at epoch 19
Epoch 20/20 | Steps: 1280 | LR: 0.000100 | Train Loss: 0.393879 | Val Loss: 0.382184 | Train Meta: MetaNormμ:2.9075 | Val Meta: MetaNormμ:2.9075
{'test_mse': 0.5067854523658752, 'test_mae': 0.4998861849308014}
Saved best forecasting checkpoint under checkpoints/forecasting_ettm1_336/electricity_laya_mixer_concat_stats_best.pt
Saved attention maps for 3 sample(s) under ./runs/forecasting_electricity_to_ETTm1_laya_mixer_concat_stats/pred_336/attention_maps
/data/pjh_workspace/ts-env/lib/python3.8/site-packages/torch/nn/modules/transformer.py:307: UserWarning: enable_nested_tensor is True, but self.use_nested_tensor is False because encoder_layer.norm_first was True
  warnings.warn(f"enable_nested_tensor is True, but self.use_nested_tensor is False because {why_not_sparsity_fast_path}")
==================================================
🚀 Architecture: LAYA
📊 Target Dataset: ETTm1 (Channels: 7)
📊 Pretrain Info: electricity (Detected Channels: 7)
📊 Prediction Length: 720
==================================================
✅ Loaded pretrained encoder from ./checkpoints/electricity_laya_mixer_concat_stats/laya_ts_electricity_s_best.pt
   - 107/107 keys matched.
ℹ️ Channel Adapter: disabled
📝 metadata: mode=stats, fusion=concat_kv, relation=none
ℹ️ RevIN: enabled | affine=False | subtract_last=False | eps=1e-05
ℹ️ Metadata Fusion Mode: concat_kv
ℹ️ Channel Mixer Relation Mode: none
ℹ️ Encoder Variant: default
ℹ️ Channel Relation Block: disabled
✅ Probing Head [Mixer, channel-wise]: [B*C, 1024] -> [B, 7, 720]
Epoch 1/20 | Steps: 1268 | LR: 0.000100 | Train Loss: 0.506662 | Val Loss: 0.470172 | Train Meta: MetaNormμ:2.9075 | Val Meta: MetaNormμ:2.9075
   -> Updated best validation state: val_loss=0.470172 at epoch 1
Epoch 2/20 | Steps: 1268 | LR: 0.000100 | Train Loss: 0.496604 | Val Loss: 0.467900 | Train Meta: MetaNormμ:2.9075 | Val Meta: MetaNormμ:2.9075
   -> Updated best validation state: val_loss=0.467900 at epoch 2
Epoch 3/20 | Steps: 1268 | LR: 0.000100 | Train Loss: 0.494974 | Val Loss: 0.465048 | Train Meta: MetaNormμ:2.9075 | Val Meta: MetaNormμ:2.9075
   -> Updated best validation state: val_loss=0.465048 at epoch 3
Epoch 4/20 | Steps: 1268 | LR: 0.000100 | Train Loss: 0.493842 | Val Loss: 0.463435 | Train Meta: MetaNormμ:2.9075 | Val Meta: MetaNormμ:2.9075
   -> Updated best validation state: val_loss=0.463435 at epoch 4
Epoch 5/20 | Steps: 1268 | LR: 0.000100 | Train Loss: 0.492566 | Val Loss: 0.460734 | Train Meta: MetaNormμ:2.9075 | Val Meta: MetaNormμ:2.9075
   -> Updated best validation state: val_loss=0.460734 at epoch 5
Epoch 6/20 | Steps: 1268 | LR: 0.000100 | Train Loss: 0.491545 | Val Loss: 0.462885 | Train Meta: MetaNormμ:2.9075 | Val Meta: MetaNormμ:2.9075
Epoch 7/20 | Steps: 1268 | LR: 0.000100 | Train Loss: 0.490686 | Val Loss: 0.459817 | Train Meta: MetaNormμ:2.9075 | Val Meta: MetaNormμ:2.9075
   -> Updated best validation state: val_loss=0.459817 at epoch 7
Epoch 8/20 | Steps: 1268 | LR: 0.000100 | Train Loss: 0.489948 | Val Loss: 0.458680 | Train Meta: MetaNormμ:2.9075 | Val Meta: MetaNormμ:2.9075
   -> Updated best validation state: val_loss=0.458680 at epoch 8
Epoch 9/20 | Steps: 1268 | LR: 0.000100 | Train Loss: 0.489171 | Val Loss: 0.457411 | Train Meta: MetaNormμ:2.9075 | Val Meta: MetaNormμ:2.9075
   -> Updated best validation state: val_loss=0.457411 at epoch 9
Epoch 10/20 | Steps: 1268 | LR: 0.000100 | Train Loss: 0.488514 | Val Loss: 0.459059 | Train Meta: MetaNormμ:2.9075 | Val Meta: MetaNormμ:2.9075
Epoch 11/20 | Steps: 1268 | LR: 0.000100 | Train Loss: 0.487919 | Val Loss: 0.457047 | Train Meta: MetaNormμ:2.9075 | Val Meta: MetaNormμ:2.9075
   -> Updated best validation state: val_loss=0.457047 at epoch 11
Epoch 12/20 | Steps: 1268 | LR: 0.000100 | Train Loss: 0.487381 | Val Loss: 0.456692 | Train Meta: MetaNormμ:2.9075 | Val Meta: MetaNormμ:2.9075
   -> Updated best validation state: val_loss=0.456692 at epoch 12
Epoch 13/20 | Steps: 1268 | LR: 0.000100 | Train Loss: 0.486867 | Val Loss: 0.456697 | Train Meta: MetaNormμ:2.9075 | Val Meta: MetaNormμ:2.9075
Epoch 14/20 | Steps: 1268 | LR: 0.000100 | Train Loss: 0.486428 | Val Loss: 0.456705 | Train Meta: MetaNormμ:2.9075 | Val Meta: MetaNormμ:2.9075
Epoch 15/20 | Steps: 1268 | LR: 0.000100 | Train Loss: 0.485901 | Val Loss: 0.455017 | Train Meta: MetaNormμ:2.9075 | Val Meta: MetaNormμ:2.9075
   -> Updated best validation state: val_loss=0.455017 at epoch 15
Epoch 16/20 | Steps: 1268 | LR: 0.000100 | Train Loss: 0.485547 | Val Loss: 0.454945 | Train Meta: MetaNormμ:2.9075 | Val Meta: MetaNormμ:2.9075
   -> Updated best validation state: val_loss=0.454945 at epoch 16
Epoch 17/20 | Steps: 1268 | LR: 0.000100 | Train Loss: 0.485273 | Val Loss: 0.453561 | Train Meta: MetaNormμ:2.9075 | Val Meta: MetaNormμ:2.9075
   -> Updated best validation state: val_loss=0.453561 at epoch 17
Epoch 18/20 | Steps: 1268 | LR: 0.000100 | Train Loss: 0.484862 | Val Loss: 0.454706 | Train Meta: MetaNormμ:2.9075 | Val Meta: MetaNormμ:2.9075
Epoch 19/20 | Steps: 1268 | LR: 0.000100 | Train Loss: 0.484609 | Val Loss: 0.453965 | Train Meta: MetaNormμ:2.9075 | Val Meta: MetaNormμ:2.9075
Epoch 20/20 | Steps: 1268 | LR: 0.000100 | Train Loss: 0.484183 | Val Loss: 0.453186 | Train Meta: MetaNormμ:2.9075 | Val Meta: MetaNormμ:2.9075
   -> Updated best validation state: val_loss=0.453186 at epoch 20
{'test_mse': 0.556318461894989, 'test_mae': 0.5304561853408813}
Saved best forecasting checkpoint under checkpoints/forecasting_ettm1_720/electricity_laya_mixer_concat_stats_best.pt
Saved attention maps for 3 sample(s) under ./runs/forecasting_electricity_to_ETTm1_laya_mixer_concat_stats/pred_720/attention_maps
/data/pjh_workspace/ts-env/lib/python3.8/site-packages/torch/nn/modules/transformer.py:307: UserWarning: enable_nested_tensor is True, but self.use_nested_tensor is False because encoder_layer.norm_first was True
  warnings.warn(f"enable_nested_tensor is True, but self.use_nested_tensor is False because {why_not_sparsity_fast_path}")
==================================================
🚀 Architecture: LAYA
📊 Target Dataset: ETTm2 (Channels: 7)
📊 Pretrain Info: electricity (Detected Channels: 7)
📊 Prediction Length: 96
==================================================
✅ Loaded pretrained encoder from ./checkpoints/electricity_laya_mixer_concat_stats/laya_ts_electricity_s_best.pt
   - 107/107 keys matched.
ℹ️ Channel Adapter: disabled
📝 metadata: mode=stats, fusion=concat_kv, relation=none
ℹ️ RevIN: enabled | affine=False | subtract_last=False | eps=1e-05
ℹ️ Metadata Fusion Mode: concat_kv
ℹ️ Channel Mixer Relation Mode: none
ℹ️ Encoder Variant: default
ℹ️ Channel Relation Block: disabled
✅ Probing Head [Mixer, channel-wise]: [B*C, 1024] -> [B, 7, 96]
Epoch 1/20 | Steps: 1287 | LR: 0.000100 | Train Loss: 0.296576 | Val Loss: 0.188806 | Train Meta: MetaNormμ:3.1259 | Val Meta: MetaNormμ:3.1259
   -> Updated best validation state: val_loss=0.188806 at epoch 1
Epoch 2/20 | Steps: 1287 | LR: 0.000100 | Train Loss: 0.289317 | Val Loss: 0.186307 | Train Meta: MetaNormμ:3.1259 | Val Meta: MetaNormμ:3.1259
   -> Updated best validation state: val_loss=0.186307 at epoch 2
Epoch 3/20 | Steps: 1287 | LR: 0.000100 | Train Loss: 0.287439 | Val Loss: 0.184454 | Train Meta: MetaNormμ:3.1259 | Val Meta: MetaNormμ:3.1259
   -> Updated best validation state: val_loss=0.184454 at epoch 3
Epoch 4/20 | Steps: 1287 | LR: 0.000100 | Train Loss: 0.287090 | Val Loss: 0.186411 | Train Meta: MetaNormμ:3.1259 | Val Meta: MetaNormμ:3.1259
Epoch 5/20 | Steps: 1287 | LR: 0.000100 | Train Loss: 0.286092 | Val Loss: 0.185976 | Train Meta: MetaNormμ:3.1259 | Val Meta: MetaNormμ:3.1259
Epoch 6/20 | Steps: 1287 | LR: 0.000100 | Train Loss: 0.285251 | Val Loss: 0.185377 | Train Meta: MetaNormμ:3.1259 | Val Meta: MetaNormμ:3.1259
Epoch 7/20 | Steps: 1287 | LR: 0.000100 | Train Loss: 0.284724 | Val Loss: 0.185205 | Train Meta: MetaNormμ:3.1259 | Val Meta: MetaNormμ:3.1259
Epoch 8/20 | Steps: 1287 | LR: 0.000100 | Train Loss: 0.284224 | Val Loss: 0.183902 | Train Meta: MetaNormμ:3.1259 | Val Meta: MetaNormμ:3.1259
   -> Updated best validation state: val_loss=0.183902 at epoch 8
Epoch 9/20 | Steps: 1287 | LR: 0.000100 | Train Loss: 0.283789 | Val Loss: 0.184859 | Train Meta: MetaNormμ:3.1259 | Val Meta: MetaNormμ:3.1259
Epoch 10/20 | Steps: 1287 | LR: 0.000100 | Train Loss: 0.283202 | Val Loss: 0.184275 | Train Meta: MetaNormμ:3.1259 | Val Meta: MetaNormμ:3.1259
Epoch 11/20 | Steps: 1287 | LR: 0.000100 | Train Loss: 0.282327 | Val Loss: 0.183055 | Train Meta: MetaNormμ:3.1259 | Val Meta: MetaNormμ:3.1259
   -> Updated best validation state: val_loss=0.183055 at epoch 11
Epoch 12/20 | Steps: 1287 | LR: 0.000100 | Train Loss: 0.281861 | Val Loss: 0.186585 | Train Meta: MetaNormμ:3.1259 | Val Meta: MetaNormμ:3.1259
Epoch 13/20 | Steps: 1287 | LR: 0.000100 | Train Loss: 0.281188 | Val Loss: 0.183916 | Train Meta: MetaNormμ:3.1259 | Val Meta: MetaNormμ:3.1259
Epoch 14/20 | Steps: 1287 | LR: 0.000100 | Train Loss: 0.280923 | Val Loss: 0.182576 | Train Meta: MetaNormμ:3.1259 | Val Meta: MetaNormμ:3.1259
   -> Updated best validation state: val_loss=0.182576 at epoch 14
Epoch 15/20 | Steps: 1287 | LR: 0.000100 | Train Loss: 0.280924 | Val Loss: 0.182795 | Train Meta: MetaNormμ:3.1259 | Val Meta: MetaNormμ:3.1259
Epoch 16/20 | Steps: 1287 | LR: 0.000100 | Train Loss: 0.280430 | Val Loss: 0.182988 | Train Meta: MetaNormμ:3.1259 | Val Meta: MetaNormμ:3.1259
Epoch 17/20 | Steps: 1287 | LR: 0.000100 | Train Loss: 0.279795 | Val Loss: 0.181173 | Train Meta: MetaNormμ:3.1259 | Val Meta: MetaNormμ:3.1259
   -> Updated best validation state: val_loss=0.181173 at epoch 17
Epoch 18/20 | Steps: 1287 | LR: 0.000100 | Train Loss: 0.280016 | Val Loss: 0.181593 | Train Meta: MetaNormμ:3.1259 | Val Meta: MetaNormμ:3.1259
Epoch 19/20 | Steps: 1287 | LR: 0.000100 | Train Loss: 0.279457 | Val Loss: 0.183617 | Train Meta: MetaNormμ:3.1259 | Val Meta: MetaNormμ:3.1259
Epoch 20/20 | Steps: 1287 | LR: 0.000100 | Train Loss: 0.279285 | Val Loss: 0.182978 | Train Meta: MetaNormμ:3.1259 | Val Meta: MetaNormμ:3.1259
{'test_mse': 0.17468629777431488, 'test_mae': 0.28126081824302673}
Saved best forecasting checkpoint under checkpoints/forecasting_ettm2_96/electricity_laya_mixer_concat_stats_best.pt
Saved attention maps for 3 sample(s) under ./runs/forecasting_electricity_to_ETTm2_laya_mixer_concat_stats/pred_96/attention_maps
/data/pjh_workspace/ts-env/lib/python3.8/site-packages/torch/nn/modules/transformer.py:307: UserWarning: enable_nested_tensor is True, but self.use_nested_tensor is False because encoder_layer.norm_first was True
  warnings.warn(f"enable_nested_tensor is True, but self.use_nested_tensor is False because {why_not_sparsity_fast_path}")
==================================================
🚀 Architecture: LAYA
📊 Target Dataset: ETTm2 (Channels: 7)
📊 Pretrain Info: electricity (Detected Channels: 7)
📊 Prediction Length: 192
==================================================
✅ Loaded pretrained encoder from ./checkpoints/electricity_laya_mixer_concat_stats/laya_ts_electricity_s_best.pt
   - 107/107 keys matched.
ℹ️ Channel Adapter: disabled
📝 metadata: mode=stats, fusion=concat_kv, relation=none
ℹ️ RevIN: enabled | affine=False | subtract_last=False | eps=1e-05
ℹ️ Metadata Fusion Mode: concat_kv
ℹ️ Channel Mixer Relation Mode: none
ℹ️ Encoder Variant: default
ℹ️ Channel Relation Block: disabled
✅ Probing Head [Mixer, channel-wise]: [B*C, 1024] -> [B, 7, 192]
Epoch 1/20 | Steps: 1284 | LR: 0.000100 | Train Loss: 0.363059 | Val Loss: 0.231657 | Train Meta: MetaNormμ:3.1259 | Val Meta: MetaNormμ:3.1259
   -> Updated best validation state: val_loss=0.231657 at epoch 1
Epoch 2/20 | Steps: 1284 | LR: 0.000100 | Train Loss: 0.354938 | Val Loss: 0.228403 | Train Meta: MetaNormμ:3.1259 | Val Meta: MetaNormμ:3.1259
   -> Updated best validation state: val_loss=0.228403 at epoch 2
Epoch 3/20 | Steps: 1284 | LR: 0.000100 | Train Loss: 0.353795 | Val Loss: 0.226610 | Train Meta: MetaNormμ:3.1259 | Val Meta: MetaNormμ:3.1259
   -> Updated best validation state: val_loss=0.226610 at epoch 3
Epoch 4/20 | Steps: 1284 | LR: 0.000100 | Train Loss: 0.353212 | Val Loss: 0.230692 | Train Meta: MetaNormμ:3.1259 | Val Meta: MetaNormμ:3.1259
Epoch 5/20 | Steps: 1284 | LR: 0.000100 | Train Loss: 0.352166 | Val Loss: 0.230151 | Train Meta: MetaNormμ:3.1259 | Val Meta: MetaNormμ:3.1259
Epoch 6/20 | Steps: 1284 | LR: 0.000100 | Train Loss: 0.351699 | Val Loss: 0.227230 | Train Meta: MetaNormμ:3.1259 | Val Meta: MetaNormμ:3.1259
Epoch 7/20 | Steps: 1284 | LR: 0.000100 | Train Loss: 0.350953 | Val Loss: 0.228198 | Train Meta: MetaNormμ:3.1259 | Val Meta: MetaNormμ:3.1259
Epoch 8/20 | Steps: 1284 | LR: 0.000100 | Train Loss: 0.349801 | Val Loss: 0.228207 | Train Meta: MetaNormμ:3.1259 | Val Meta: MetaNormμ:3.1259
Epoch 9/20 | Steps: 1284 | LR: 0.000100 | Train Loss: 0.350030 | Val Loss: 0.225830 | Train Meta: MetaNormμ:3.1259 | Val Meta: MetaNormμ:3.1259
   -> Updated best validation state: val_loss=0.225830 at epoch 9
Epoch 10/20 | Steps: 1284 | LR: 0.000100 | Train Loss: 0.349283 | Val Loss: 0.226718 | Train Meta: MetaNormμ:3.1259 | Val Meta: MetaNormμ:3.1259
Epoch 11/20 | Steps: 1284 | LR: 0.000100 | Train Loss: 0.348508 | Val Loss: 0.225150 | Train Meta: MetaNormμ:3.1259 | Val Meta: MetaNormμ:3.1259
   -> Updated best validation state: val_loss=0.225150 at epoch 11
Epoch 12/20 | Steps: 1284 | LR: 0.000100 | Train Loss: 0.348000 | Val Loss: 0.225221 | Train Meta: MetaNormμ:3.1259 | Val Meta: MetaNormμ:3.1259
Epoch 13/20 | Steps: 1284 | LR: 0.000100 | Train Loss: 0.348321 | Val Loss: 0.225998 | Train Meta: MetaNormμ:3.1259 | Val Meta: MetaNormμ:3.1259
Epoch 14/20 | Steps: 1284 | LR: 0.000100 | Train Loss: 0.347223 | Val Loss: 0.227252 | Train Meta: MetaNormμ:3.1259 | Val Meta: MetaNormμ:3.1259
Epoch 15/20 | Steps: 1284 | LR: 0.000100 | Train Loss: 0.347171 | Val Loss: 0.225063 | Train Meta: MetaNormμ:3.1259 | Val Meta: MetaNormμ:3.1259
   -> Updated best validation state: val_loss=0.225063 at epoch 15
Epoch 16/20 | Steps: 1284 | LR: 0.000100 | Train Loss: 0.346790 | Val Loss: 0.227669 | Train Meta: MetaNormμ:3.1259 | Val Meta: MetaNormμ:3.1259
Epoch 17/20 | Steps: 1284 | LR: 0.000100 | Train Loss: 0.346335 | Val Loss: 0.226312 | Train Meta: MetaNormμ:3.1259 | Val Meta: MetaNormμ:3.1259
Epoch 18/20 | Steps: 1284 | LR: 0.000100 | Train Loss: 0.345862 | Val Loss: 0.225193 | Train Meta: MetaNormμ:3.1259 | Val Meta: MetaNormμ:3.1259
Epoch 19/20 | Steps: 1284 | LR: 0.000100 | Train Loss: 0.345820 | Val Loss: 0.225959 | Train Meta: MetaNormμ:3.1259 | Val Meta: MetaNormμ:3.1259
Epoch 20/20 | Steps: 1284 | LR: 0.000100 | Train Loss: 0.345617 | Val Loss: 0.225928 | Train Meta: MetaNormμ:3.1259 | Val Meta: MetaNormμ:3.1259
{'test_mse': 0.20290519297122955, 'test_mae': 0.3012121319770813}
Saved best forecasting checkpoint under checkpoints/forecasting_ettm2_192/electricity_laya_mixer_concat_stats_best.pt
Saved attention maps for 3 sample(s) under ./runs/forecasting_electricity_to_ETTm2_laya_mixer_concat_stats/pred_192/attention_maps
/data/pjh_workspace/ts-env/lib/python3.8/site-packages/torch/nn/modules/transformer.py:307: UserWarning: enable_nested_tensor is True, but self.use_nested_tensor is False because encoder_layer.norm_first was True
  warnings.warn(f"enable_nested_tensor is True, but self.use_nested_tensor is False because {why_not_sparsity_fast_path}")
==================================================
🚀 Architecture: LAYA
📊 Target Dataset: ETTm2 (Channels: 7)
📊 Pretrain Info: electricity (Detected Channels: 7)
📊 Prediction Length: 336
==================================================
✅ Loaded pretrained encoder from ./checkpoints/electricity_laya_mixer_concat_stats/laya_ts_electricity_s_best.pt
   - 107/107 keys matched.
ℹ️ Channel Adapter: disabled
📝 metadata: mode=stats, fusion=concat_kv, relation=none
ℹ️ RevIN: enabled | affine=False | subtract_last=False | eps=1e-05
ℹ️ Metadata Fusion Mode: concat_kv
ℹ️ Channel Mixer Relation Mode: none
ℹ️ Encoder Variant: default
ℹ️ Channel Relation Block: disabled
✅ Probing Head [Mixer, channel-wise]: [B*C, 1024] -> [B, 7, 336]
Epoch 1/20 | Steps: 1280 | LR: 0.000100 | Train Loss: 0.432782 | Val Loss: 0.271427 | Train Meta: MetaNormμ:3.1259 | Val Meta: MetaNormμ:3.1259
   -> Updated best validation state: val_loss=0.271427 at epoch 1
Epoch 2/20 | Steps: 1280 | LR: 0.000100 | Train Loss: 0.424261 | Val Loss: 0.267601 | Train Meta: MetaNormμ:3.1259 | Val Meta: MetaNormμ:3.1259
   -> Updated best validation state: val_loss=0.267601 at epoch 2
Epoch 3/20 | Steps: 1280 | LR: 0.000100 | Train Loss: 0.423274 | Val Loss: 0.270049 | Train Meta: MetaNormμ:3.1259 | Val Meta: MetaNormμ:3.1259
Epoch 4/20 | Steps: 1280 | LR: 0.000100 | Train Loss: 0.422396 | Val Loss: 0.265771 | Train Meta: MetaNormμ:3.1259 | Val Meta: MetaNormμ:3.1259
   -> Updated best validation state: val_loss=0.265771 at epoch 4
Epoch 5/20 | Steps: 1280 | LR: 0.000100 | Train Loss: 0.421343 | Val Loss: 0.267641 | Train Meta: MetaNormμ:3.1259 | Val Meta: MetaNormμ:3.1259
Epoch 6/20 | Steps: 1280 | LR: 0.000100 | Train Loss: 0.420484 | Val Loss: 0.268503 | Train Meta: MetaNormμ:3.1259 | Val Meta: MetaNormμ:3.1259
Epoch 7/20 | Steps: 1280 | LR: 0.000100 | Train Loss: 0.420430 | Val Loss: 0.263354 | Train Meta: MetaNormμ:3.1259 | Val Meta: MetaNormμ:3.1259
   -> Updated best validation state: val_loss=0.263354 at epoch 7
Epoch 8/20 | Steps: 1280 | LR: 0.000100 | Train Loss: 0.419563 | Val Loss: 0.271579 | Train Meta: MetaNormμ:3.1259 | Val Meta: MetaNormμ:3.1259
Epoch 9/20 | Steps: 1280 | LR: 0.000100 | Train Loss: 0.418699 | Val Loss: 0.269941 | Train Meta: MetaNormμ:3.1259 | Val Meta: MetaNormμ:3.1259
Epoch 10/20 | Steps: 1280 | LR: 0.000100 | Train Loss: 0.418342 | Val Loss: 0.269104 | Train Meta: MetaNormμ:3.1259 | Val Meta: MetaNormμ:3.1259
Epoch 11/20 | Steps: 1280 | LR: 0.000100 | Train Loss: 0.417583 | Val Loss: 0.265589 | Train Meta: MetaNormμ:3.1259 | Val Meta: MetaNormμ:3.1259
Epoch 12/20 | Steps: 1280 | LR: 0.000100 | Train Loss: 0.417007 | Val Loss: 0.266656 | Train Meta: MetaNormμ:3.1259 | Val Meta: MetaNormμ:3.1259
Epoch 13/20 | Steps: 1280 | LR: 0.000100 | Train Loss: 0.417162 | Val Loss: 0.266020 | Train Meta: MetaNormμ:3.1259 | Val Meta: MetaNormμ:3.1259
Epoch 14/20 | Steps: 1280 | LR: 0.000100 | Train Loss: 0.416334 | Val Loss: 0.264797 | Train Meta: MetaNormμ:3.1259 | Val Meta: MetaNormμ:3.1259
Epoch 15/20 | Steps: 1280 | LR: 0.000100 | Train Loss: 0.416383 | Val Loss: 0.266109 | Train Meta: MetaNormμ:3.1259 | Val Meta: MetaNormμ:3.1259
Epoch 16/20 | Steps: 1280 | LR: 0.000100 | Train Loss: 0.415960 | Val Loss: 0.265055 | Train Meta: MetaNormμ:3.1259 | Val Meta: MetaNormμ:3.1259
Epoch 17/20 | Steps: 1280 | LR: 0.000100 | Train Loss: 0.415761 | Val Loss: 0.269348 | Train Meta: MetaNormμ:3.1259 | Val Meta: MetaNormμ:3.1259
Epoch 18/20 | Steps: 1280 | LR: 0.000100 | Train Loss: 0.415883 | Val Loss: 0.266679 | Train Meta: MetaNormμ:3.1259 | Val Meta: MetaNormμ:3.1259
Epoch 19/20 | Steps: 1280 | LR: 0.000100 | Train Loss: 0.415100 | Val Loss: 0.270147 | Train Meta: MetaNormμ:3.1259 | Val Meta: MetaNormμ:3.1259
Epoch 20/20 | Steps: 1280 | LR: 0.000100 | Train Loss: 0.414699 | Val Loss: 0.264907 | Train Meta: MetaNormμ:3.1259 | Val Meta: MetaNormμ:3.1259
{'test_mse': 0.23964793980121613, 'test_mae': 0.3262843191623688}
Saved best forecasting checkpoint under checkpoints/forecasting_ettm2_336/electricity_laya_mixer_concat_stats_best.pt
Saved attention maps for 3 sample(s) under ./runs/forecasting_electricity_to_ETTm2_laya_mixer_concat_stats/pred_336/attention_maps
/data/pjh_workspace/ts-env/lib/python3.8/site-packages/torch/nn/modules/transformer.py:307: UserWarning: enable_nested_tensor is True, but self.use_nested_tensor is False because encoder_layer.norm_first was True
  warnings.warn(f"enable_nested_tensor is True, but self.use_nested_tensor is False because {why_not_sparsity_fast_path}")
==================================================
🚀 Architecture: LAYA
📊 Target Dataset: ETTm2 (Channels: 7)
📊 Pretrain Info: electricity (Detected Channels: 7)
📊 Prediction Length: 720
==================================================
✅ Loaded pretrained encoder from ./checkpoints/electricity_laya_mixer_concat_stats/laya_ts_electricity_s_best.pt
   - 107/107 keys matched.
ℹ️ Channel Adapter: disabled
📝 metadata: mode=stats, fusion=concat_kv, relation=none
ℹ️ RevIN: enabled | affine=False | subtract_last=False | eps=1e-05
ℹ️ Metadata Fusion Mode: concat_kv
ℹ️ Channel Mixer Relation Mode: none
ℹ️ Encoder Variant: default
ℹ️ Channel Relation Block: disabled
✅ Probing Head [Mixer, channel-wise]: [B*C, 1024] -> [B, 7, 720]
Epoch 1/20 | Steps: 1268 | LR: 0.000100 | Train Loss: 0.531500 | Val Loss: 0.338755 | Train Meta: MetaNormμ:3.1259 | Val Meta: MetaNormμ:3.1259
   -> Updated best validation state: val_loss=0.338755 at epoch 1
Epoch 2/20 | Steps: 1268 | LR: 0.000100 | Train Loss: 0.524508 | Val Loss: 0.333630 | Train Meta: MetaNormμ:3.1259 | Val Meta: MetaNormμ:3.1259
   -> Updated best validation state: val_loss=0.333630 at epoch 2
Epoch 3/20 | Steps: 1268 | LR: 0.000100 | Train Loss: 0.523660 | Val Loss: 0.336833 | Train Meta: MetaNormμ:3.1259 | Val Meta: MetaNormμ:3.1259
Epoch 4/20 | Steps: 1268 | LR: 0.000100 | Train Loss: 0.523120 | Val Loss: 0.332158 | Train Meta: MetaNormμ:3.1259 | Val Meta: MetaNormμ:3.1259
   -> Updated best validation state: val_loss=0.332158 at epoch 4
Epoch 5/20 | Steps: 1268 | LR: 0.000100 | Train Loss: 0.522793 | Val Loss: 0.334501 | Train Meta: MetaNormμ:3.1259 | Val Meta: MetaNormμ:3.1259
Epoch 6/20 | Steps: 1268 | LR: 0.000100 | Train Loss: 0.521932 | Val Loss: 0.332051 | Train Meta: MetaNormμ:3.1259 | Val Meta: MetaNormμ:3.1259
   -> Updated best validation state: val_loss=0.332051 at epoch 6
Epoch 7/20 | Steps: 1268 | LR: 0.000100 | Train Loss: 0.520863 | Val Loss: 0.331041 | Train Meta: MetaNormμ:3.1259 | Val Meta: MetaNormμ:3.1259
   -> Updated best validation state: val_loss=0.331041 at epoch 7
Epoch 8/20 | Steps: 1268 | LR: 0.000100 | Train Loss: 0.520637 | Val Loss: 0.332533 | Train Meta: MetaNormμ:3.1259 | Val Meta: MetaNormμ:3.1259
Epoch 9/20 | Steps: 1268 | LR: 0.000100 | Train Loss: 0.520087 | Val Loss: 0.331720 | Train Meta: MetaNormμ:3.1259 | Val Meta: MetaNormμ:3.1259
Epoch 10/20 | Steps: 1268 | LR: 0.000100 | Train Loss: 0.519398 | Val Loss: 0.332260 | Train Meta: MetaNormμ:3.1259 | Val Meta: MetaNormμ:3.1259
Epoch 11/20 | Steps: 1268 | LR: 0.000100 | Train Loss: 0.519106 | Val Loss: 0.337300 | Train Meta: MetaNormμ:3.1259 | Val Meta: MetaNormμ:3.1259
Epoch 12/20 | Steps: 1268 | LR: 0.000100 | Train Loss: 0.518835 | Val Loss: 0.333185 | Train Meta: MetaNormμ:3.1259 | Val Meta: MetaNormμ:3.1259
Epoch 13/20 | Steps: 1268 | LR: 0.000100 | Train Loss: 0.518293 | Val Loss: 0.331117 | Train Meta: MetaNormμ:3.1259 | Val Meta: MetaNormμ:3.1259
Epoch 14/20 | Steps: 1268 | LR: 0.000100 | Train Loss: 0.517943 | Val Loss: 0.332556 | Train Meta: MetaNormμ:3.1259 | Val Meta: MetaNormμ:3.1259
Epoch 15/20 | Steps: 1268 | LR: 0.000100 | Train Loss: 0.517897 | Val Loss: 0.332143 | Train Meta: MetaNormμ:3.1259 | Val Meta: MetaNormμ:3.1259
Epoch 16/20 | Steps: 1268 | LR: 0.000100 | Train Loss: 0.517508 | Val Loss: 0.330471 | Train Meta: MetaNormμ:3.1259 | Val Meta: MetaNormμ:3.1259
   -> Updated best validation state: val_loss=0.330471 at epoch 16
Epoch 17/20 | Steps: 1268 | LR: 0.000100 | Train Loss: 0.517567 | Val Loss: 0.333771 | Train Meta: MetaNormμ:3.1259 | Val Meta: MetaNormμ:3.1259
Epoch 18/20 | Steps: 1268 | LR: 0.000100 | Train Loss: 0.516908 | Val Loss: 0.331872 | Train Meta: MetaNormμ:3.1259 | Val Meta: MetaNormμ:3.1259
Epoch 19/20 | Steps: 1268 | LR: 0.000100 | Train Loss: 0.516609 | Val Loss: 0.330308 | Train Meta: MetaNormμ:3.1259 | Val Meta: MetaNormμ:3.1259
   -> Updated best validation state: val_loss=0.330308 at epoch 19
Epoch 20/20 | Steps: 1268 | LR: 0.000100 | Train Loss: 0.517412 | Val Loss: 0.332902 | Train Meta: MetaNormμ:3.1259 | Val Meta: MetaNormμ:3.1259
{'test_mse': 0.2908851206302643, 'test_mae': 0.358775794506073}
Saved best forecasting checkpoint under checkpoints/forecasting_ettm2_720/electricity_laya_mixer_concat_stats_best.pt
Saved attention maps for 3 sample(s) under ./runs/forecasting_electricity_to_ETTm2_laya_mixer_concat_stats/pred_720/attention_maps
/data/pjh_workspace/ts-env/lib/python3.8/site-packages/torch/nn/modules/transformer.py:307: UserWarning: enable_nested_tensor is True, but self.use_nested_tensor is False because encoder_layer.norm_first was True
  warnings.warn(f"enable_nested_tensor is True, but self.use_nested_tensor is False because {why_not_sparsity_fast_path}")
==================================================
🚀 Architecture: LAYA
📊 Target Dataset: weather (Channels: 21)
📊 Pretrain Info: electricity (Detected Channels: 21)
📊 Prediction Length: 96
==================================================
✅ Loaded pretrained encoder from ./checkpoints/electricity_laya_mixer_concat_stats/laya_ts_electricity_s_best.pt
   - 107/107 keys matched.
ℹ️ Channel Adapter: disabled
📝 metadata: mode=stats, fusion=concat_kv, relation=none
ℹ️ RevIN: enabled | affine=False | subtract_last=False | eps=1e-05
ℹ️ Metadata Fusion Mode: concat_kv
ℹ️ Channel Mixer Relation Mode: none
ℹ️ Encoder Variant: default
ℹ️ Channel Relation Block: disabled
✅ Probing Head [Mixer, channel-wise]: [B*C, 1024] -> [B, 21, 96]
Epoch 1/20 | Steps: 1133 | LR: 0.000100 | Train Loss: 0.529216 | Val Loss: 0.617099 | Train Meta: MetaNormμ:2.2005 | Val Meta: MetaNormμ:2.2005
   -> Updated best validation state: val_loss=0.617099 at epoch 1
Epoch 2/20 | Steps: 1133 | LR: 0.000100 | Train Loss: 0.513065 | Val Loss: 0.612080 | Train Meta: MetaNormμ:2.2005 | Val Meta: MetaNormμ:2.2005
   -> Updated best validation state: val_loss=0.612080 at epoch 2
Epoch 3/20 | Steps: 1133 | LR: 0.000100 | Train Loss: 0.509275 | Val Loss: 0.608905 | Train Meta: MetaNormμ:2.2005 | Val Meta: MetaNormμ:2.2005
   -> Updated best validation state: val_loss=0.608905 at epoch 3
Epoch 4/20 | Steps: 1133 | LR: 0.000100 | Train Loss: 0.506557 | Val Loss: 0.606030 | Train Meta: MetaNormμ:2.2005 | Val Meta: MetaNormμ:2.2005
   -> Updated best validation state: val_loss=0.606030 at epoch 4
Epoch 5/20 | Steps: 1133 | LR: 0.000100 | Train Loss: 0.504231 | Val Loss: 0.605928 | Train Meta: MetaNormμ:2.2005 | Val Meta: MetaNormμ:2.2005
   -> Updated best validation state: val_loss=0.605928 at epoch 5
Epoch 6/20 | Steps: 1133 | LR: 0.000100 | Train Loss: 0.502155 | Val Loss: 0.604363 | Train Meta: MetaNormμ:2.2005 | Val Meta: MetaNormμ:2.2005
   -> Updated best validation state: val_loss=0.604363 at epoch 6
Epoch 7/20 | Steps: 1133 | LR: 0.000100 | Train Loss: 0.500507 | Val Loss: 0.600618 | Train Meta: MetaNormμ:2.2005 | Val Meta: MetaNormμ:2.2005
   -> Updated best validation state: val_loss=0.600618 at epoch 7
Epoch 8/20 | Steps: 1133 | LR: 0.000100 | Train Loss: 0.498872 | Val Loss: 0.601548 | Train Meta: MetaNormμ:2.2005 | Val Meta: MetaNormμ:2.2005
Epoch 9/20 | Steps: 1133 | LR: 0.000100 | Train Loss: 0.497790 | Val Loss: 0.596989 | Train Meta: MetaNormμ:2.2005 | Val Meta: MetaNormμ:2.2005
   -> Updated best validation state: val_loss=0.596989 at epoch 9
Epoch 10/20 | Steps: 1133 | LR: 0.000100 | Train Loss: 0.496663 | Val Loss: 0.602392 | Train Meta: MetaNormμ:2.2005 | Val Meta: MetaNormμ:2.2005
Epoch 11/20 | Steps: 1133 | LR: 0.000100 | Train Loss: 0.495775 | Val Loss: 0.599623 | Train Meta: MetaNormμ:2.2005 | Val Meta: MetaNormμ:2.2005
Epoch 12/20 | Steps: 1133 | LR: 0.000100 | Train Loss: 0.494844 | Val Loss: 0.597631 | Train Meta: MetaNormμ:2.2005 | Val Meta: MetaNormμ:2.2005
Epoch 13/20 | Steps: 1133 | LR: 0.000100 | Train Loss: 0.494137 | Val Loss: 0.599439 | Train Meta: MetaNormμ:2.2005 | Val Meta: MetaNormμ:2.2005
Epoch 14/20 | Steps: 1133 | LR: 0.000100 | Train Loss: 0.493570 | Val Loss: 0.596982 | Train Meta: MetaNormμ:2.2005 | Val Meta: MetaNormμ:2.2005
   -> Updated best validation state: val_loss=0.596982 at epoch 14
Epoch 15/20 | Steps: 1133 | LR: 0.000100 | Train Loss: 0.493165 | Val Loss: 0.596368 | Train Meta: MetaNormμ:2.2005 | Val Meta: MetaNormμ:2.2005
   -> Updated best validation state: val_loss=0.596368 at epoch 15
Epoch 16/20 | Steps: 1133 | LR: 0.000100 | Train Loss: 0.492474 | Val Loss: 0.595285 | Train Meta: MetaNormμ:2.2005 | Val Meta: MetaNormμ:2.2005
   -> Updated best validation state: val_loss=0.595285 at epoch 16
Epoch 17/20 | Steps: 1133 | LR: 0.000100 | Train Loss: 0.492223 | Val Loss: 0.599704 | Train Meta: MetaNormμ:2.2005 | Val Meta: MetaNormμ:2.2005
Epoch 18/20 | Steps: 1133 | LR: 0.000100 | Train Loss: 0.491933 | Val Loss: 0.593592 | Train Meta: MetaNormμ:2.2005 | Val Meta: MetaNormμ:2.2005
   -> Updated best validation state: val_loss=0.593592 at epoch 18
Epoch 19/20 | Steps: 1133 | LR: 0.000100 | Train Loss: 0.491424 | Val Loss: 0.595390 | Train Meta: MetaNormμ:2.2005 | Val Meta: MetaNormμ:2.2005
Epoch 20/20 | Steps: 1133 | LR: 0.000100 | Train Loss: 0.491162 | Val Loss: 0.595808 | Train Meta: MetaNormμ:2.2005 | Val Meta: MetaNormμ:2.2005
./run_forecasting.py:313: UserWarning: Tight layout not applied. The bottom and top margins cannot be made large enough to accommodate all axes decorations.
  plt.tight_layout()
./run_forecasting.py:325: UserWarning: Tight layout not applied. The bottom and top margins cannot be made large enough to accommodate all axes decorations.
  plt.tight_layout()
{'test_mse': 0.2751235365867615, 'test_mae': 0.327831506729126}
Saved best forecasting checkpoint under checkpoints/forecasting_weather_96/electricity_laya_mixer_concat_stats_best.pt
Saved attention maps for 3 sample(s) under ./runs/forecasting_electricity_to_weather_laya_mixer_concat_stats/pred_96/attention_maps
/data/pjh_workspace/ts-env/lib/python3.8/site-packages/torch/nn/modules/transformer.py:307: UserWarning: enable_nested_tensor is True, but self.use_nested_tensor is False because encoder_layer.norm_first was True
  warnings.warn(f"enable_nested_tensor is True, but self.use_nested_tensor is False because {why_not_sparsity_fast_path}")
==================================================
🚀 Architecture: LAYA
📊 Target Dataset: weather (Channels: 21)
📊 Pretrain Info: electricity (Detected Channels: 21)
📊 Prediction Length: 192
==================================================
✅ Loaded pretrained encoder from ./checkpoints/electricity_laya_mixer_concat_stats/laya_ts_electricity_s_best.pt
   - 107/107 keys matched.
ℹ️ Channel Adapter: disabled
📝 metadata: mode=stats, fusion=concat_kv, relation=none
ℹ️ RevIN: enabled | affine=False | subtract_last=False | eps=1e-05
ℹ️ Metadata Fusion Mode: concat_kv
ℹ️ Channel Mixer Relation Mode: none
ℹ️ Encoder Variant: default
ℹ️ Channel Relation Block: disabled
✅ Probing Head [Mixer, channel-wise]: [B*C, 1024] -> [B, 21, 192]
Epoch 1/20 | Steps: 1130 | LR: 0.000100 | Train Loss: 0.566394 | Val Loss: 0.671882 | Train Meta: MetaNormμ:2.2005 | Val Meta: MetaNormμ:2.2005
   -> Updated best validation state: val_loss=0.671882 at epoch 1
Epoch 2/20 | Steps: 1130 | LR: 0.000100 | Train Loss: 0.550841 | Val Loss: 0.670069 | Train Meta: MetaNormμ:2.2005 | Val Meta: MetaNormμ:2.2005
   -> Updated best validation state: val_loss=0.670069 at epoch 2
Epoch 3/20 | Steps: 1130 | LR: 0.000100 | Train Loss: 0.547805 | Val Loss: 0.665499 | Train Meta: MetaNormμ:2.2005 | Val Meta: MetaNormμ:2.2005
   -> Updated best validation state: val_loss=0.665499 at epoch 3
Epoch 4/20 | Steps: 1130 | LR: 0.000100 | Train Loss: 0.544914 | Val Loss: 0.668317 | Train Meta: MetaNormμ:2.2005 | Val Meta: MetaNormμ:2.2005
Epoch 5/20 | Steps: 1130 | LR: 0.000100 | Train Loss: 0.542756 | Val Loss: 0.663470 | Train Meta: MetaNormμ:2.2005 | Val Meta: MetaNormμ:2.2005
   -> Updated best validation state: val_loss=0.663470 at epoch 5
Epoch 6/20 | Steps: 1130 | LR: 0.000100 | Train Loss: 0.540840 | Val Loss: 0.660709 | Train Meta: MetaNormμ:2.2005 | Val Meta: MetaNormμ:2.2005
   -> Updated best validation state: val_loss=0.660709 at epoch 6
Epoch 7/20 | Steps: 1130 | LR: 0.000100 | Train Loss: 0.539189 | Val Loss: 0.659858 | Train Meta: MetaNormμ:2.2005 | Val Meta: MetaNormμ:2.2005
   -> Updated best validation state: val_loss=0.659858 at epoch 7
Epoch 8/20 | Steps: 1130 | LR: 0.000100 | Train Loss: 0.538091 | Val Loss: 0.658182 | Train Meta: MetaNormμ:2.2005 | Val Meta: MetaNormμ:2.2005
   -> Updated best validation state: val_loss=0.658182 at epoch 8
Epoch 9/20 | Steps: 1130 | LR: 0.000100 | Train Loss: 0.536913 | Val Loss: 0.658556 | Train Meta: MetaNormμ:2.2005 | Val Meta: MetaNormμ:2.2005
Epoch 10/20 | Steps: 1130 | LR: 0.000100 | Train Loss: 0.536015 | Val Loss: 0.655983 | Train Meta: MetaNormμ:2.2005 | Val Meta: MetaNormμ:2.2005
   -> Updated best validation state: val_loss=0.655983 at epoch 10
Epoch 11/20 | Steps: 1130 | LR: 0.000100 | Train Loss: 0.535174 | Val Loss: 0.658080 | Train Meta: MetaNormμ:2.2005 | Val Meta: MetaNormμ:2.2005
Epoch 12/20 | Steps: 1130 | LR: 0.000100 | Train Loss: 0.534344 | Val Loss: 0.656330 | Train Meta: MetaNormμ:2.2005 | Val Meta: MetaNormμ:2.2005
Epoch 13/20 | Steps: 1130 | LR: 0.000100 | Train Loss: 0.533770 | Val Loss: 0.654561 | Train Meta: MetaNormμ:2.2005 | Val Meta: MetaNormμ:2.2005
   -> Updated best validation state: val_loss=0.654561 at epoch 13
Epoch 14/20 | Steps: 1130 | LR: 0.000100 | Train Loss: 0.533182 | Val Loss: 0.654846 | Train Meta: MetaNormμ:2.2005 | Val Meta: MetaNormμ:2.2005
Epoch 15/20 | Steps: 1130 | LR: 0.000100 | Train Loss: 0.532502 | Val Loss: 0.652200 | Train Meta: MetaNormμ:2.2005 | Val Meta: MetaNormμ:2.2005
   -> Updated best validation state: val_loss=0.652200 at epoch 15
Epoch 16/20 | Steps: 1130 | LR: 0.000100 | Train Loss: 0.532246 | Val Loss: 0.652901 | Train Meta: MetaNormμ:2.2005 | Val Meta: MetaNormμ:2.2005
Epoch 17/20 | Steps: 1130 | LR: 0.000100 | Train Loss: 0.531792 | Val Loss: 0.653995 | Train Meta: MetaNormμ:2.2005 | Val Meta: MetaNormμ:2.2005
Epoch 18/20 | Steps: 1130 | LR: 0.000100 | Train Loss: 0.531535 | Val Loss: 0.653947 | Train Meta: MetaNormμ:2.2005 | Val Meta: MetaNormμ:2.2005
Epoch 19/20 | Steps: 1130 | LR: 0.000100 | Train Loss: 0.531206 | Val Loss: 0.658902 | Train Meta: MetaNormμ:2.2005 | Val Meta: MetaNormμ:2.2005
Epoch 20/20 | Steps: 1130 | LR: 0.000100 | Train Loss: 0.530967 | Val Loss: 0.653082 | Train Meta: MetaNormμ:2.2005 | Val Meta: MetaNormμ:2.2005
./run_forecasting.py:313: UserWarning: Tight layout not applied. The bottom and top margins cannot be made large enough to accommodate all axes decorations.
  plt.tight_layout()
./run_forecasting.py:325: UserWarning: Tight layout not applied. The bottom and top margins cannot be made large enough to accommodate all axes decorations.
  plt.tight_layout()
{'test_mse': 0.31665855646133423, 'test_mae': 0.35580193996429443}
Saved best forecasting checkpoint under checkpoints/forecasting_weather_192/electricity_laya_mixer_concat_stats_best.pt
Saved attention maps for 3 sample(s) under ./runs/forecasting_electricity_to_weather_laya_mixer_concat_stats/pred_192/attention_maps
/data/pjh_workspace/ts-env/lib/python3.8/site-packages/torch/nn/modules/transformer.py:307: UserWarning: enable_nested_tensor is True, but self.use_nested_tensor is False because encoder_layer.norm_first was True
  warnings.warn(f"enable_nested_tensor is True, but self.use_nested_tensor is False because {why_not_sparsity_fast_path}")
==================================================
🚀 Architecture: LAYA
📊 Target Dataset: weather (Channels: 21)
📊 Pretrain Info: electricity (Detected Channels: 21)
📊 Prediction Length: 336
==================================================
✅ Loaded pretrained encoder from ./checkpoints/electricity_laya_mixer_concat_stats/laya_ts_electricity_s_best.pt
   - 107/107 keys matched.
ℹ️ Channel Adapter: disabled
📝 metadata: mode=stats, fusion=concat_kv, relation=none
ℹ️ RevIN: enabled | affine=False | subtract_last=False | eps=1e-05
ℹ️ Metadata Fusion Mode: concat_kv
ℹ️ Channel Mixer Relation Mode: none
ℹ️ Encoder Variant: default
ℹ️ Channel Relation Block: disabled
✅ Probing Head [Mixer, channel-wise]: [B*C, 1024] -> [B, 21, 336]
Epoch 1/20 | Steps: 1126 | LR: 0.000100 | Train Loss: 0.606905 | Val Loss: 0.731642 | Train Meta: MetaNormμ:2.2005 | Val Meta: MetaNormμ:2.2005
   -> Updated best validation state: val_loss=0.731642 at epoch 1
Epoch 2/20 | Steps: 1126 | LR: 0.000100 | Train Loss: 0.591214 | Val Loss: 0.724130 | Train Meta: MetaNormμ:2.2005 | Val Meta: MetaNormμ:2.2005
   -> Updated best validation state: val_loss=0.724130 at epoch 2
Epoch 3/20 | Steps: 1126 | LR: 0.000100 | Train Loss: 0.588234 | Val Loss: 0.725196 | Train Meta: MetaNormμ:2.2005 | Val Meta: MetaNormμ:2.2005
Epoch 4/20 | Steps: 1126 | LR: 0.000100 | Train Loss: 0.585838 | Val Loss: 0.724062 | Train Meta: MetaNormμ:2.2005 | Val Meta: MetaNormμ:2.2005
   -> Updated best validation state: val_loss=0.724062 at epoch 4
Epoch 5/20 | Steps: 1126 | LR: 0.000100 | Train Loss: 0.583704 | Val Loss: 0.720940 | Train Meta: MetaNormμ:2.2005 | Val Meta: MetaNormμ:2.2005
   -> Updated best validation state: val_loss=0.720940 at epoch 5
Epoch 6/20 | Steps: 1126 | LR: 0.000100 | Train Loss: 0.582021 | Val Loss: 0.716929 | Train Meta: MetaNormμ:2.2005 | Val Meta: MetaNormμ:2.2005
   -> Updated best validation state: val_loss=0.716929 at epoch 6
Epoch 7/20 | Steps: 1126 | LR: 0.000100 | Train Loss: 0.580641 | Val Loss: 0.716652 | Train Meta: MetaNormμ:2.2005 | Val Meta: MetaNormμ:2.2005
   -> Updated best validation state: val_loss=0.716652 at epoch 7
Epoch 8/20 | Steps: 1126 | LR: 0.000100 | Train Loss: 0.579484 | Val Loss: 0.715156 | Train Meta: MetaNormμ:2.2005 | Val Meta: MetaNormμ:2.2005
   -> Updated best validation state: val_loss=0.715156 at epoch 8
Epoch 9/20 | Steps: 1126 | LR: 0.000100 | Train Loss: 0.578256 | Val Loss: 0.714991 | Train Meta: MetaNormμ:2.2005 | Val Meta: MetaNormμ:2.2005
   -> Updated best validation state: val_loss=0.714991 at epoch 9
Epoch 10/20 | Steps: 1126 | LR: 0.000100 | Train Loss: 0.577280 | Val Loss: 0.715424 | Train Meta: MetaNormμ:2.2005 | Val Meta: MetaNormμ:2.2005
Epoch 11/20 | Steps: 1126 | LR: 0.000100 | Train Loss: 0.576604 | Val Loss: 0.720699 | Train Meta: MetaNormμ:2.2005 | Val Meta: MetaNormμ:2.2005
Epoch 12/20 | Steps: 1126 | LR: 0.000100 | Train Loss: 0.575911 | Val Loss: 0.710568 | Train Meta: MetaNormμ:2.2005 | Val Meta: MetaNormμ:2.2005
   -> Updated best validation state: val_loss=0.710568 at epoch 12
Epoch 13/20 | Steps: 1126 | LR: 0.000100 | Train Loss: 0.575298 | Val Loss: 0.712174 | Train Meta: MetaNormμ:2.2005 | Val Meta: MetaNormμ:2.2005
Epoch 14/20 | Steps: 1126 | LR: 0.000100 | Train Loss: 0.574734 | Val Loss: 0.716699 | Train Meta: MetaNormμ:2.2005 | Val Meta: MetaNormμ:2.2005
Epoch 15/20 | Steps: 1126 | LR: 0.000100 | Train Loss: 0.574226 | Val Loss: 0.713669 | Train Meta: MetaNormμ:2.2005 | Val Meta: MetaNormμ:2.2005
Epoch 16/20 | Steps: 1126 | LR: 0.000100 | Train Loss: 0.573850 | Val Loss: 0.714764 | Train Meta: MetaNormμ:2.2005 | Val Meta: MetaNormμ:2.2005
Epoch 17/20 | Steps: 1126 | LR: 0.000100 | Train Loss: 0.573532 | Val Loss: 0.712322 | Train Meta: MetaNormμ:2.2005 | Val Meta: MetaNormμ:2.2005
Epoch 18/20 | Steps: 1126 | LR: 0.000100 | Train Loss: 0.573132 | Val Loss: 0.711358 | Train Meta: MetaNormμ:2.2005 | Val Meta: MetaNormμ:2.2005
Epoch 19/20 | Steps: 1126 | LR: 0.000100 | Train Loss: 0.572813 | Val Loss: 0.711097 | Train Meta: MetaNormμ:2.2005 | Val Meta: MetaNormμ:2.2005
Epoch 20/20 | Steps: 1126 | LR: 0.000100 | Train Loss: 0.572507 | Val Loss: 0.711246 | Train Meta: MetaNormμ:2.2005 | Val Meta: MetaNormμ:2.2005
./run_forecasting.py:313: UserWarning: Tight layout not applied. The bottom and top margins cannot be made large enough to accommodate all axes decorations.
  plt.tight_layout()
./run_forecasting.py:325: UserWarning: Tight layout not applied. The bottom and top margins cannot be made large enough to accommodate all axes decorations.
  plt.tight_layout()
{'test_mse': 0.3603839874267578, 'test_mae': 0.38271668553352356}
Saved best forecasting checkpoint under checkpoints/forecasting_weather_336/electricity_laya_mixer_concat_stats_best.pt
Saved attention maps for 3 sample(s) under ./runs/forecasting_electricity_to_weather_laya_mixer_concat_stats/pred_336/attention_maps
/data/pjh_workspace/ts-env/lib/python3.8/site-packages/torch/nn/modules/transformer.py:307: UserWarning: enable_nested_tensor is True, but self.use_nested_tensor is False because encoder_layer.norm_first was True
  warnings.warn(f"enable_nested_tensor is True, but self.use_nested_tensor is False because {why_not_sparsity_fast_path}")
==================================================
🚀 Architecture: LAYA
📊 Target Dataset: weather (Channels: 21)
📊 Pretrain Info: electricity (Detected Channels: 21)
📊 Prediction Length: 720
==================================================
✅ Loaded pretrained encoder from ./checkpoints/electricity_laya_mixer_concat_stats/laya_ts_electricity_s_best.pt
   - 107/107 keys matched.
ℹ️ Channel Adapter: disabled
📝 metadata: mode=stats, fusion=concat_kv, relation=none
ℹ️ RevIN: enabled | affine=False | subtract_last=False | eps=1e-05
ℹ️ Metadata Fusion Mode: concat_kv
ℹ️ Channel Mixer Relation Mode: none
ℹ️ Encoder Variant: default
ℹ️ Channel Relation Block: disabled
✅ Probing Head [Mixer, channel-wise]: [B*C, 1024] -> [B, 21, 720]
Epoch 1/20 | Steps: 1114 | LR: 0.000100 | Train Loss: 0.659773 | Val Loss: 0.804539 | Train Meta: MetaNormμ:2.2005 | Val Meta: MetaNormμ:2.2005
   -> Updated best validation state: val_loss=0.804539 at epoch 1
Epoch 2/20 | Steps: 1114 | LR: 0.000100 | Train Loss: 0.645366 | Val Loss: 0.804920 | Train Meta: MetaNormμ:2.2005 | Val Meta: MetaNormμ:2.2005
Epoch 3/20 | Steps: 1114 | LR: 0.000100 | Train Loss: 0.642544 | Val Loss: 0.805598 | Train Meta: MetaNormμ:2.2005 | Val Meta: MetaNormμ:2.2005
Epoch 4/20 | Steps: 1114 | LR: 0.000100 | Train Loss: 0.640372 | Val Loss: 0.794053 | Train Meta: MetaNormμ:2.2005 | Val Meta: MetaNormμ:2.2005
   -> Updated best validation state: val_loss=0.794053 at epoch 4
Epoch 5/20 | Steps: 1114 | LR: 0.000100 | Train Loss: 0.638364 | Val Loss: 0.800600 | Train Meta: MetaNormμ:2.2005 | Val Meta: MetaNormμ:2.2005
Epoch 6/20 | Steps: 1114 | LR: 0.000100 | Train Loss: 0.636805 | Val Loss: 0.792004 | Train Meta: MetaNormμ:2.2005 | Val Meta: MetaNormμ:2.2005
   -> Updated best validation state: val_loss=0.792004 at epoch 6
Epoch 7/20 | Steps: 1114 | LR: 0.000100 | Train Loss: 0.635546 | Val Loss: 0.793721 | Train Meta: MetaNormμ:2.2005 | Val Meta: MetaNormμ:2.2005
Epoch 8/20 | Steps: 1114 | LR: 0.000100 | Train Loss: 0.634271 | Val Loss: 0.791483 | Train Meta: MetaNormμ:2.2005 | Val Meta: MetaNormμ:2.2005
   -> Updated best validation state: val_loss=0.791483 at epoch 8
Epoch 9/20 | Steps: 1114 | LR: 0.000100 | Train Loss: 0.633171 | Val Loss: 0.793873 | Train Meta: MetaNormμ:2.2005 | Val Meta: MetaNormμ:2.2005
Epoch 10/20 | Steps: 1114 | LR: 0.000100 | Train Loss: 0.632469 | Val Loss: 0.791766 | Train Meta: MetaNormμ:2.2005 | Val Meta: MetaNormμ:2.2005
Epoch 11/20 | Steps: 1114 | LR: 0.000100 | Train Loss: 0.631703 | Val Loss: 0.791800 | Train Meta: MetaNormμ:2.2005 | Val Meta: MetaNormμ:2.2005
Epoch 12/20 | Steps: 1114 | LR: 0.000100 | Train Loss: 0.631015 | Val Loss: 0.791276 | Train Meta: MetaNormμ:2.2005 | Val Meta: MetaNormμ:2.2005
   -> Updated best validation state: val_loss=0.791276 at epoch 12
Epoch 13/20 | Steps: 1114 | LR: 0.000100 | Train Loss: 0.630457 | Val Loss: 0.792541 | Train Meta: MetaNormμ:2.2005 | Val Meta: MetaNormμ:2.2005
Epoch 14/20 | Steps: 1114 | LR: 0.000100 | Train Loss: 0.629957 | Val Loss: 0.787302 | Train Meta: MetaNormμ:2.2005 | Val Meta: MetaNormμ:2.2005
   -> Updated best validation state: val_loss=0.787302 at epoch 14
Epoch 15/20 | Steps: 1114 | LR: 0.000100 | Train Loss: 0.629324 | Val Loss: 0.789370 | Train Meta: MetaNormμ:2.2005 | Val Meta: MetaNormμ:2.2005
Epoch 16/20 | Steps: 1114 | LR: 0.000100 | Train Loss: 0.629066 | Val Loss: 0.789102 | Train Meta: MetaNormμ:2.2005 | Val Meta: MetaNormμ:2.2005
Epoch 17/20 | Steps: 1114 | LR: 0.000100 | Train Loss: 0.628656 | Val Loss: 0.788622 | Train Meta: MetaNormμ:2.2005 | Val Meta: MetaNormμ:2.2005
Epoch 18/20 | Steps: 1114 | LR: 0.000100 | Train Loss: 0.628404 | Val Loss: 0.789475 | Train Meta: MetaNormμ:2.2005 | Val Meta: MetaNormμ:2.2005
Epoch 19/20 | Steps: 1114 | LR: 0.000100 | Train Loss: 0.628118 | Val Loss: 0.791010 | Train Meta: MetaNormμ:2.2005 | Val Meta: MetaNormμ:2.2005
Epoch 20/20 | Steps: 1114 | LR: 0.000100 | Train Loss: 0.627843 | Val Loss: 0.788946 | Train Meta: MetaNormμ:2.2005 | Val Meta: MetaNormμ:2.2005
./run_forecasting.py:313: UserWarning: Tight layout not applied. The bottom and top margins cannot be made large enough to accommodate all axes decorations.
  plt.tight_layout()
./run_forecasting.py:325: UserWarning: Tight layout not applied. The bottom and top margins cannot be made large enough to accommodate all axes decorations.
  plt.tight_layout()
{'test_mse': 0.4271978437900543, 'test_mae': 0.4250875413417816}
Saved best forecasting checkpoint under checkpoints/forecasting_weather_720/electricity_laya_mixer_concat_stats_best.pt
Saved attention maps for 3 sample(s) under ./runs/forecasting_electricity_to_weather_laya_mixer_concat_stats/pred_720/attention_maps
