nohup: ignoring input
==================================================
🚀 Architecture: LAYA
📊 Target Dataset: ETTm1 (Channels: 7)
📊 Pretrain Info: electricity (Detected Channels: 7)
📊 Prediction Length: 96
==================================================
✅ Loaded pretrained encoder from ./checkpoints/electricity_laya_ci_none/laya_ts_electricity_s_best.pt
   - 40/40 keys matched.
ℹ️ Channel Adapter: disabled
📝 metadata: mode=none, fusion=none, relation=none
ℹ️ RevIN: enabled | affine=False | subtract_last=False | eps=1e-05
ℹ️ Metadata Fusion Mode: none
ℹ️ Channel Mixer Relation Mode: none
ℹ️ Encoder Variant: default
ℹ️ Channel Relation Block: disabled
✅ Probing Head [CI, channel-wise]: [B*C, 8192] -> [B, 7, 96]
Epoch 1/20 | Steps: 1287 | LR: 0.000100 | Train Loss: 0.259274 | Val Loss: 0.273284 | Train Meta: n/a | Val Meta: n/a
   -> Updated best validation state: val_loss=0.273284 at epoch 1
Epoch 2/20 | Steps: 1287 | LR: 0.000100 | Train Loss: 0.243192 | Val Loss: 0.271328 | Train Meta: n/a | Val Meta: n/a
   -> Updated best validation state: val_loss=0.271328 at epoch 2
Epoch 3/20 | Steps: 1287 | LR: 0.000100 | Train Loss: 0.238902 | Val Loss: 0.269686 | Train Meta: n/a | Val Meta: n/a
   -> Updated best validation state: val_loss=0.269686 at epoch 3
Epoch 4/20 | Steps: 1287 | LR: 0.000100 | Train Loss: 0.236390 | Val Loss: 0.270239 | Train Meta: n/a | Val Meta: n/a
Epoch 5/20 | Steps: 1287 | LR: 0.000100 | Train Loss: 0.234120 | Val Loss: 0.278753 | Train Meta: n/a | Val Meta: n/a
Epoch 6/20 | Steps: 1287 | LR: 0.000100 | Train Loss: 0.232140 | Val Loss: 0.265952 | Train Meta: n/a | Val Meta: n/a
   -> Updated best validation state: val_loss=0.265952 at epoch 6
Epoch 7/20 | Steps: 1287 | LR: 0.000100 | Train Loss: 0.230861 | Val Loss: 0.276363 | Train Meta: n/a | Val Meta: n/a
Epoch 8/20 | Steps: 1287 | LR: 0.000100 | Train Loss: 0.229948 | Val Loss: 0.271615 | Train Meta: n/a | Val Meta: n/a
Epoch 9/20 | Steps: 1287 | LR: 0.000100 | Train Loss: 0.228482 | Val Loss: 0.271850 | Train Meta: n/a | Val Meta: n/a
Epoch 10/20 | Steps: 1287 | LR: 0.000100 | Train Loss: 0.227371 | Val Loss: 0.272773 | Train Meta: n/a | Val Meta: n/a
Epoch 11/20 | Steps: 1287 | LR: 0.000100 | Train Loss: 0.226830 | Val Loss: 0.271147 | Train Meta: n/a | Val Meta: n/a
Epoch 12/20 | Steps: 1287 | LR: 0.000100 | Train Loss: 0.226539 | Val Loss: 0.264130 | Train Meta: n/a | Val Meta: n/a
   -> Updated best validation state: val_loss=0.264130 at epoch 12
Epoch 13/20 | Steps: 1287 | LR: 0.000100 | Train Loss: 0.225236 | Val Loss: 0.280111 | Train Meta: n/a | Val Meta: n/a
Epoch 14/20 | Steps: 1287 | LR: 0.000100 | Train Loss: 0.224633 | Val Loss: 0.279307 | Train Meta: n/a | Val Meta: n/a
Epoch 15/20 | Steps: 1287 | LR: 0.000100 | Train Loss: 0.223869 | Val Loss: 0.270819 | Train Meta: n/a | Val Meta: n/a
Epoch 16/20 | Steps: 1287 | LR: 0.000100 | Train Loss: 0.223082 | Val Loss: 0.266833 | Train Meta: n/a | Val Meta: n/a
Epoch 17/20 | Steps: 1287 | LR: 0.000100 | Train Loss: 0.222890 | Val Loss: 0.262559 | Train Meta: n/a | Val Meta: n/a
   -> Updated best validation state: val_loss=0.262559 at epoch 17
Epoch 18/20 | Steps: 1287 | LR: 0.000100 | Train Loss: 0.222754 | Val Loss: 0.287869 | Train Meta: n/a | Val Meta: n/a
Epoch 19/20 | Steps: 1287 | LR: 0.000100 | Train Loss: 0.221893 | Val Loss: 0.270123 | Train Meta: n/a | Val Meta: n/a
Epoch 20/20 | Steps: 1287 | LR: 0.000100 | Train Loss: 0.221706 | Val Loss: 0.263687 | Train Meta: n/a | Val Meta: n/a
{'test_mse': 0.32809725403785706, 'test_mae': 0.38633209466934204}
Saved best forecasting checkpoint under checkpoints/forecasting_ettm1_96/electricity_laya_ci_none_best.pt
==================================================
🚀 Architecture: LAYA
📊 Target Dataset: ETTm1 (Channels: 7)
📊 Pretrain Info: electricity (Detected Channels: 7)
📊 Prediction Length: 192
==================================================
✅ Loaded pretrained encoder from ./checkpoints/electricity_laya_ci_none/laya_ts_electricity_s_best.pt
   - 40/40 keys matched.
ℹ️ Channel Adapter: disabled
📝 metadata: mode=none, fusion=none, relation=none
ℹ️ RevIN: enabled | affine=False | subtract_last=False | eps=1e-05
ℹ️ Metadata Fusion Mode: none
ℹ️ Channel Mixer Relation Mode: none
ℹ️ Encoder Variant: default
ℹ️ Channel Relation Block: disabled
✅ Probing Head [CI, channel-wise]: [B*C, 8192] -> [B, 7, 192]
Epoch 1/20 | Steps: 1284 | LR: 0.000100 | Train Loss: 0.308894 | Val Loss: 0.317532 | Train Meta: n/a | Val Meta: n/a
   -> Updated best validation state: val_loss=0.317532 at epoch 1
Epoch 2/20 | Steps: 1284 | LR: 0.000100 | Train Loss: 0.293486 | Val Loss: 0.321548 | Train Meta: n/a | Val Meta: n/a
Epoch 3/20 | Steps: 1284 | LR: 0.000100 | Train Loss: 0.289074 | Val Loss: 0.311934 | Train Meta: n/a | Val Meta: n/a
   -> Updated best validation state: val_loss=0.311934 at epoch 3
Epoch 4/20 | Steps: 1284 | LR: 0.000100 | Train Loss: 0.285976 | Val Loss: 0.319948 | Train Meta: n/a | Val Meta: n/a
Epoch 5/20 | Steps: 1284 | LR: 0.000100 | Train Loss: 0.283899 | Val Loss: 0.321185 | Train Meta: n/a | Val Meta: n/a
Epoch 6/20 | Steps: 1284 | LR: 0.000100 | Train Loss: 0.281792 | Val Loss: 0.314280 | Train Meta: n/a | Val Meta: n/a
Epoch 7/20 | Steps: 1284 | LR: 0.000100 | Train Loss: 0.280481 | Val Loss: 0.319748 | Train Meta: n/a | Val Meta: n/a
Epoch 8/20 | Steps: 1284 | LR: 0.000100 | Train Loss: 0.279220 | Val Loss: 0.309664 | Train Meta: n/a | Val Meta: n/a
   -> Updated best validation state: val_loss=0.309664 at epoch 8
Epoch 9/20 | Steps: 1284 | LR: 0.000100 | Train Loss: 0.278514 | Val Loss: 0.307785 | Train Meta: n/a | Val Meta: n/a
   -> Updated best validation state: val_loss=0.307785 at epoch 9
Epoch 10/20 | Steps: 1284 | LR: 0.000100 | Train Loss: 0.276685 | Val Loss: 0.314592 | Train Meta: n/a | Val Meta: n/a
Epoch 11/20 | Steps: 1284 | LR: 0.000100 | Train Loss: 0.276149 | Val Loss: 0.319388 | Train Meta: n/a | Val Meta: n/a
Epoch 12/20 | Steps: 1284 | LR: 0.000100 | Train Loss: 0.275163 | Val Loss: 0.318605 | Train Meta: n/a | Val Meta: n/a
Epoch 13/20 | Steps: 1284 | LR: 0.000100 | Train Loss: 0.274207 | Val Loss: 0.315683 | Train Meta: n/a | Val Meta: n/a
Epoch 14/20 | Steps: 1284 | LR: 0.000100 | Train Loss: 0.274281 | Val Loss: 0.315044 | Train Meta: n/a | Val Meta: n/a
Epoch 15/20 | Steps: 1284 | LR: 0.000100 | Train Loss: 0.273277 | Val Loss: 0.313184 | Train Meta: n/a | Val Meta: n/a
Epoch 16/20 | Steps: 1284 | LR: 0.000100 | Train Loss: 0.272545 | Val Loss: 0.314813 | Train Meta: n/a | Val Meta: n/a
Epoch 17/20 | Steps: 1284 | LR: 0.000100 | Train Loss: 0.271892 | Val Loss: 0.321491 | Train Meta: n/a | Val Meta: n/a
Epoch 18/20 | Steps: 1284 | LR: 0.000100 | Train Loss: 0.271619 | Val Loss: 0.314888 | Train Meta: n/a | Val Meta: n/a
Epoch 19/20 | Steps: 1284 | LR: 0.000100 | Train Loss: 0.270530 | Val Loss: 0.324044 | Train Meta: n/a | Val Meta: n/a
Epoch 20/20 | Steps: 1284 | LR: 0.000100 | Train Loss: 0.270676 | Val Loss: 0.313441 | Train Meta: n/a | Val Meta: n/a
{'test_mse': 0.3785880506038666, 'test_mae': 0.4180344343185425}
Saved best forecasting checkpoint under checkpoints/forecasting_ettm1_192/electricity_laya_ci_none_best.pt
==================================================
🚀 Architecture: LAYA
📊 Target Dataset: ETTm1 (Channels: 7)
📊 Pretrain Info: electricity (Detected Channels: 7)
📊 Prediction Length: 336
==================================================
✅ Loaded pretrained encoder from ./checkpoints/electricity_laya_ci_none/laya_ts_electricity_s_best.pt
   - 40/40 keys matched.
ℹ️ Channel Adapter: disabled
📝 metadata: mode=none, fusion=none, relation=none
ℹ️ RevIN: enabled | affine=False | subtract_last=False | eps=1e-05
ℹ️ Metadata Fusion Mode: none
ℹ️ Channel Mixer Relation Mode: none
ℹ️ Encoder Variant: default
ℹ️ Channel Relation Block: disabled
✅ Probing Head [CI, channel-wise]: [B*C, 8192] -> [B, 7, 336]
Epoch 1/20 | Steps: 1280 | LR: 0.000100 | Train Loss: 0.363065 | Val Loss: 0.364093 | Train Meta: n/a | Val Meta: n/a
   -> Updated best validation state: val_loss=0.364093 at epoch 1
Epoch 2/20 | Steps: 1280 | LR: 0.000100 | Train Loss: 0.348132 | Val Loss: 0.362567 | Train Meta: n/a | Val Meta: n/a
   -> Updated best validation state: val_loss=0.362567 at epoch 2
Epoch 3/20 | Steps: 1280 | LR: 0.000100 | Train Loss: 0.343630 | Val Loss: 0.359146 | Train Meta: n/a | Val Meta: n/a
   -> Updated best validation state: val_loss=0.359146 at epoch 3
Epoch 4/20 | Steps: 1280 | LR: 0.000100 | Train Loss: 0.340215 | Val Loss: 0.369436 | Train Meta: n/a | Val Meta: n/a
Epoch 5/20 | Steps: 1280 | LR: 0.000100 | Train Loss: 0.337777 | Val Loss: 0.363512 | Train Meta: n/a | Val Meta: n/a
Epoch 6/20 | Steps: 1280 | LR: 0.000100 | Train Loss: 0.335867 | Val Loss: 0.368272 | Train Meta: n/a | Val Meta: n/a
Epoch 7/20 | Steps: 1280 | LR: 0.000100 | Train Loss: 0.333886 | Val Loss: 0.358488 | Train Meta: n/a | Val Meta: n/a
   -> Updated best validation state: val_loss=0.358488 at epoch 7
Epoch 8/20 | Steps: 1280 | LR: 0.000100 | Train Loss: 0.332834 | Val Loss: 0.357967 | Train Meta: n/a | Val Meta: n/a
   -> Updated best validation state: val_loss=0.357967 at epoch 8
Epoch 9/20 | Steps: 1280 | LR: 0.000100 | Train Loss: 0.331099 | Val Loss: 0.356663 | Train Meta: n/a | Val Meta: n/a
   -> Updated best validation state: val_loss=0.356663 at epoch 9
Epoch 10/20 | Steps: 1280 | LR: 0.000100 | Train Loss: 0.330597 | Val Loss: 0.360321 | Train Meta: n/a | Val Meta: n/a
Epoch 11/20 | Steps: 1280 | LR: 0.000100 | Train Loss: 0.329523 | Val Loss: 0.361871 | Train Meta: n/a | Val Meta: n/a
Epoch 12/20 | Steps: 1280 | LR: 0.000100 | Train Loss: 0.328303 | Val Loss: 0.362862 | Train Meta: n/a | Val Meta: n/a
Epoch 13/20 | Steps: 1280 | LR: 0.000100 | Train Loss: 0.327090 | Val Loss: 0.360537 | Train Meta: n/a | Val Meta: n/a
Epoch 14/20 | Steps: 1280 | LR: 0.000100 | Train Loss: 0.327171 | Val Loss: 0.355759 | Train Meta: n/a | Val Meta: n/a
   -> Updated best validation state: val_loss=0.355759 at epoch 14
Epoch 15/20 | Steps: 1280 | LR: 0.000100 | Train Loss: 0.325834 | Val Loss: 0.368141 | Train Meta: n/a | Val Meta: n/a
Epoch 16/20 | Steps: 1280 | LR: 0.000100 | Train Loss: 0.325285 | Val Loss: 0.369938 | Train Meta: n/a | Val Meta: n/a
Epoch 17/20 | Steps: 1280 | LR: 0.000100 | Train Loss: 0.324527 | Val Loss: 0.363974 | Train Meta: n/a | Val Meta: n/a
Epoch 18/20 | Steps: 1280 | LR: 0.000100 | Train Loss: 0.324313 | Val Loss: 0.369673 | Train Meta: n/a | Val Meta: n/a
Epoch 19/20 | Steps: 1280 | LR: 0.000100 | Train Loss: 0.323523 | Val Loss: 0.358448 | Train Meta: n/a | Val Meta: n/a
Epoch 20/20 | Steps: 1280 | LR: 0.000100 | Train Loss: 0.323359 | Val Loss: 0.363021 | Train Meta: n/a | Val Meta: n/a
{'test_mse': 0.43742579221725464, 'test_mae': 0.45643705129623413}
Saved best forecasting checkpoint under checkpoints/forecasting_ettm1_336/electricity_laya_ci_none_best.pt
==================================================
🚀 Architecture: LAYA
📊 Target Dataset: ETTm1 (Channels: 7)
📊 Pretrain Info: electricity (Detected Channels: 7)
📊 Prediction Length: 720
==================================================
✅ Loaded pretrained encoder from ./checkpoints/electricity_laya_ci_none/laya_ts_electricity_s_best.pt
   - 40/40 keys matched.
ℹ️ Channel Adapter: disabled
📝 metadata: mode=none, fusion=none, relation=none
ℹ️ RevIN: enabled | affine=False | subtract_last=False | eps=1e-05
ℹ️ Metadata Fusion Mode: none
ℹ️ Channel Mixer Relation Mode: none
ℹ️ Encoder Variant: default
ℹ️ Channel Relation Block: disabled
✅ Probing Head [CI, channel-wise]: [B*C, 8192] -> [B, 7, 720]
Epoch 1/20 | Steps: 1268 | LR: 0.000100 | Train Loss: 0.458062 | Val Loss: 0.434789 | Train Meta: n/a | Val Meta: n/a
   -> Updated best validation state: val_loss=0.434789 at epoch 1
Epoch 2/20 | Steps: 1268 | LR: 0.000100 | Train Loss: 0.441793 | Val Loss: 0.432442 | Train Meta: n/a | Val Meta: n/a
   -> Updated best validation state: val_loss=0.432442 at epoch 2
Epoch 3/20 | Steps: 1268 | LR: 0.000100 | Train Loss: 0.437152 | Val Loss: 0.431550 | Train Meta: n/a | Val Meta: n/a
   -> Updated best validation state: val_loss=0.431550 at epoch 3
Epoch 4/20 | Steps: 1268 | LR: 0.000100 | Train Loss: 0.432405 | Val Loss: 0.436076 | Train Meta: n/a | Val Meta: n/a
Epoch 5/20 | Steps: 1268 | LR: 0.000100 | Train Loss: 0.429862 | Val Loss: 0.452642 | Train Meta: n/a | Val Meta: n/a
Epoch 6/20 | Steps: 1268 | LR: 0.000100 | Train Loss: 0.428075 | Val Loss: 0.435696 | Train Meta: n/a | Val Meta: n/a
Epoch 7/20 | Steps: 1268 | LR: 0.000100 | Train Loss: 0.425952 | Val Loss: 0.436361 | Train Meta: n/a | Val Meta: n/a
Epoch 8/20 | Steps: 1268 | LR: 0.000100 | Train Loss: 0.423837 | Val Loss: 0.443168 | Train Meta: n/a | Val Meta: n/a
Epoch 9/20 | Steps: 1268 | LR: 0.000100 | Train Loss: 0.422571 | Val Loss: 0.434132 | Train Meta: n/a | Val Meta: n/a
Epoch 10/20 | Steps: 1268 | LR: 0.000100 | Train Loss: 0.421117 | Val Loss: 0.437197 | Train Meta: n/a | Val Meta: n/a
Epoch 11/20 | Steps: 1268 | LR: 0.000100 | Train Loss: 0.420223 | Val Loss: 0.444927 | Train Meta: n/a | Val Meta: n/a
Epoch 12/20 | Steps: 1268 | LR: 0.000100 | Train Loss: 0.418893 | Val Loss: 0.432682 | Train Meta: n/a | Val Meta: n/a
Epoch 13/20 | Steps: 1268 | LR: 0.000100 | Train Loss: 0.417720 | Val Loss: 0.441126 | Train Meta: n/a | Val Meta: n/a
Epoch 14/20 | Steps: 1268 | LR: 0.000100 | Train Loss: 0.416924 | Val Loss: 0.456872 | Train Meta: n/a | Val Meta: n/a
Epoch 15/20 | Steps: 1268 | LR: 0.000100 | Train Loss: 0.415722 | Val Loss: 0.446967 | Train Meta: n/a | Val Meta: n/a
Epoch 16/20 | Steps: 1268 | LR: 0.000100 | Train Loss: 0.415550 | Val Loss: 0.461448 | Train Meta: n/a | Val Meta: n/a
Epoch 17/20 | Steps: 1268 | LR: 0.000100 | Train Loss: 0.414511 | Val Loss: 0.442019 | Train Meta: n/a | Val Meta: n/a
Epoch 18/20 | Steps: 1268 | LR: 0.000100 | Train Loss: 0.413584 | Val Loss: 0.453337 | Train Meta: n/a | Val Meta: n/a
Epoch 19/20 | Steps: 1268 | LR: 0.000100 | Train Loss: 0.413370 | Val Loss: 0.450530 | Train Meta: n/a | Val Meta: n/a
Epoch 20/20 | Steps: 1268 | LR: 0.000100 | Train Loss: 0.412659 | Val Loss: 0.436019 | Train Meta: n/a | Val Meta: n/a
{'test_mse': 0.49755778908729553, 'test_mae': 0.49427518248558044}
Saved best forecasting checkpoint under checkpoints/forecasting_ettm1_720/electricity_laya_ci_none_best.pt
==================================================
🚀 Architecture: LAYA
📊 Target Dataset: ETTm2 (Channels: 7)
📊 Pretrain Info: electricity (Detected Channels: 7)
📊 Prediction Length: 96
==================================================
✅ Loaded pretrained encoder from ./checkpoints/electricity_laya_ci_none/laya_ts_electricity_s_best.pt
   - 40/40 keys matched.
ℹ️ Channel Adapter: disabled
📝 metadata: mode=none, fusion=none, relation=none
ℹ️ RevIN: enabled | affine=False | subtract_last=False | eps=1e-05
ℹ️ Metadata Fusion Mode: none
ℹ️ Channel Mixer Relation Mode: none
ℹ️ Encoder Variant: default
ℹ️ Channel Relation Block: disabled
✅ Probing Head [CI, channel-wise]: [B*C, 8192] -> [B, 7, 96]
Epoch 1/20 | Steps: 1287 | LR: 0.000100 | Train Loss: 0.221690 | Val Loss: 0.165665 | Train Meta: n/a | Val Meta: n/a
   -> Updated best validation state: val_loss=0.165665 at epoch 1
Epoch 2/20 | Steps: 1287 | LR: 0.000100 | Train Loss: 0.201683 | Val Loss: 0.159807 | Train Meta: n/a | Val Meta: n/a
   -> Updated best validation state: val_loss=0.159807 at epoch 2
Epoch 3/20 | Steps: 1287 | LR: 0.000100 | Train Loss: 0.193774 | Val Loss: 0.172450 | Train Meta: n/a | Val Meta: n/a
Epoch 4/20 | Steps: 1287 | LR: 0.000100 | Train Loss: 0.191189 | Val Loss: 0.162624 | Train Meta: n/a | Val Meta: n/a
Epoch 5/20 | Steps: 1287 | LR: 0.000100 | Train Loss: 0.187747 | Val Loss: 0.166673 | Train Meta: n/a | Val Meta: n/a
Epoch 6/20 | Steps: 1287 | LR: 0.000100 | Train Loss: 0.185334 | Val Loss: 0.162207 | Train Meta: n/a | Val Meta: n/a
Epoch 7/20 | Steps: 1287 | LR: 0.000100 | Train Loss: 0.182635 | Val Loss: 0.162533 | Train Meta: n/a | Val Meta: n/a
Epoch 8/20 | Steps: 1287 | LR: 0.000100 | Train Loss: 0.182998 | Val Loss: 0.176235 | Train Meta: n/a | Val Meta: n/a
Epoch 9/20 | Steps: 1287 | LR: 0.000100 | Train Loss: 0.180519 | Val Loss: 0.163901 | Train Meta: n/a | Val Meta: n/a
Epoch 10/20 | Steps: 1287 | LR: 0.000100 | Train Loss: 0.179318 | Val Loss: 0.167478 | Train Meta: n/a | Val Meta: n/a
Epoch 11/20 | Steps: 1287 | LR: 0.000100 | Train Loss: 0.177727 | Val Loss: 0.168827 | Train Meta: n/a | Val Meta: n/a
Epoch 12/20 | Steps: 1287 | LR: 0.000100 | Train Loss: 0.177766 | Val Loss: 0.161595 | Train Meta: n/a | Val Meta: n/a
Epoch 13/20 | Steps: 1287 | LR: 0.000100 | Train Loss: 0.176366 | Val Loss: 0.171590 | Train Meta: n/a | Val Meta: n/a
Epoch 14/20 | Steps: 1287 | LR: 0.000100 | Train Loss: 0.175071 | Val Loss: 0.171435 | Train Meta: n/a | Val Meta: n/a
Epoch 15/20 | Steps: 1287 | LR: 0.000100 | Train Loss: 0.175551 | Val Loss: 0.165431 | Train Meta: n/a | Val Meta: n/a
Epoch 16/20 | Steps: 1287 | LR: 0.000100 | Train Loss: 0.174711 | Val Loss: 0.175567 | Train Meta: n/a | Val Meta: n/a
Epoch 17/20 | Steps: 1287 | LR: 0.000100 | Train Loss: 0.173410 | Val Loss: 0.165999 | Train Meta: n/a | Val Meta: n/a
Epoch 18/20 | Steps: 1287 | LR: 0.000100 | Train Loss: 0.172417 | Val Loss: 0.172966 | Train Meta: n/a | Val Meta: n/a
Epoch 19/20 | Steps: 1287 | LR: 0.000100 | Train Loss: 0.172486 | Val Loss: 0.167275 | Train Meta: n/a | Val Meta: n/a
Epoch 20/20 | Steps: 1287 | LR: 0.000100 | Train Loss: 0.171922 | Val Loss: 0.165887 | Train Meta: n/a | Val Meta: n/a
{'test_mse': 0.15321573615074158, 'test_mae': 0.2609406113624573}
Saved best forecasting checkpoint under checkpoints/forecasting_ettm2_96/electricity_laya_ci_none_best.pt
==================================================
🚀 Architecture: LAYA
📊 Target Dataset: ETTm2 (Channels: 7)
📊 Pretrain Info: electricity (Detected Channels: 7)
📊 Prediction Length: 192
==================================================
✅ Loaded pretrained encoder from ./checkpoints/electricity_laya_ci_none/laya_ts_electricity_s_best.pt
   - 40/40 keys matched.
ℹ️ Channel Adapter: disabled
📝 metadata: mode=none, fusion=none, relation=none
ℹ️ RevIN: enabled | affine=False | subtract_last=False | eps=1e-05
ℹ️ Metadata Fusion Mode: none
ℹ️ Channel Mixer Relation Mode: none
ℹ️ Encoder Variant: default
ℹ️ Channel Relation Block: disabled
✅ Probing Head [CI, channel-wise]: [B*C, 8192] -> [B, 7, 192]
Epoch 1/20 | Steps: 1284 | LR: 0.000100 | Train Loss: 0.291927 | Val Loss: 0.212252 | Train Meta: n/a | Val Meta: n/a
   -> Updated best validation state: val_loss=0.212252 at epoch 1
Epoch 2/20 | Steps: 1284 | LR: 0.000100 | Train Loss: 0.266000 | Val Loss: 0.216750 | Train Meta: n/a | Val Meta: n/a
Epoch 3/20 | Steps: 1284 | LR: 0.000100 | Train Loss: 0.257746 | Val Loss: 0.214691 | Train Meta: n/a | Val Meta: n/a
Epoch 4/20 | Steps: 1284 | LR: 0.000100 | Train Loss: 0.252511 | Val Loss: 0.224716 | Train Meta: n/a | Val Meta: n/a
Epoch 5/20 | Steps: 1284 | LR: 0.000100 | Train Loss: 0.248255 | Val Loss: 0.220213 | Train Meta: n/a | Val Meta: n/a
Epoch 6/20 | Steps: 1284 | LR: 0.000100 | Train Loss: 0.244159 | Val Loss: 0.226394 | Train Meta: n/a | Val Meta: n/a
Epoch 7/20 | Steps: 1284 | LR: 0.000100 | Train Loss: 0.242566 | Val Loss: 0.242560 | Train Meta: n/a | Val Meta: n/a
Epoch 8/20 | Steps: 1284 | LR: 0.000100 | Train Loss: 0.240218 | Val Loss: 0.222570 | Train Meta: n/a | Val Meta: n/a
Epoch 9/20 | Steps: 1284 | LR: 0.000100 | Train Loss: 0.238241 | Val Loss: 0.223414 | Train Meta: n/a | Val Meta: n/a
Epoch 10/20 | Steps: 1284 | LR: 0.000100 | Train Loss: 0.237592 | Val Loss: 0.219133 | Train Meta: n/a | Val Meta: n/a
Epoch 11/20 | Steps: 1284 | LR: 0.000100 | Train Loss: 0.235547 | Val Loss: 0.226747 | Train Meta: n/a | Val Meta: n/a
Epoch 12/20 | Steps: 1284 | LR: 0.000100 | Train Loss: 0.234022 | Val Loss: 0.227321 | Train Meta: n/a | Val Meta: n/a
Epoch 13/20 | Steps: 1284 | LR: 0.000100 | Train Loss: 0.233045 | Val Loss: 0.228769 | Train Meta: n/a | Val Meta: n/a
Epoch 14/20 | Steps: 1284 | LR: 0.000100 | Train Loss: 0.231509 | Val Loss: 0.232983 | Train Meta: n/a | Val Meta: n/a
Epoch 15/20 | Steps: 1284 | LR: 0.000100 | Train Loss: 0.231084 | Val Loss: 0.229611 | Train Meta: n/a | Val Meta: n/a
Epoch 16/20 | Steps: 1284 | LR: 0.000100 | Train Loss: 0.229733 | Val Loss: 0.222767 | Train Meta: n/a | Val Meta: n/a
Epoch 17/20 | Steps: 1284 | LR: 0.000100 | Train Loss: 0.228620 | Val Loss: 0.222298 | Train Meta: n/a | Val Meta: n/a
Epoch 18/20 | Steps: 1284 | LR: 0.000100 | Train Loss: 0.228810 | Val Loss: 0.226992 | Train Meta: n/a | Val Meta: n/a
Epoch 19/20 | Steps: 1284 | LR: 0.000100 | Train Loss: 0.227528 | Val Loss: 0.226317 | Train Meta: n/a | Val Meta: n/a
Epoch 20/20 | Steps: 1284 | LR: 0.000100 | Train Loss: 0.227701 | Val Loss: 0.228842 | Train Meta: n/a | Val Meta: n/a
{'test_mse': 0.18723995983600616, 'test_mae': 0.28509658575057983}
Saved best forecasting checkpoint under checkpoints/forecasting_ettm2_192/electricity_laya_ci_none_best.pt
==================================================
🚀 Architecture: LAYA
📊 Target Dataset: ETTm2 (Channels: 7)
📊 Pretrain Info: electricity (Detected Channels: 7)
📊 Prediction Length: 336
==================================================
✅ Loaded pretrained encoder from ./checkpoints/electricity_laya_ci_none/laya_ts_electricity_s_best.pt
   - 40/40 keys matched.
ℹ️ Channel Adapter: disabled
📝 metadata: mode=none, fusion=none, relation=none
ℹ️ RevIN: enabled | affine=False | subtract_last=False | eps=1e-05
ℹ️ Metadata Fusion Mode: none
ℹ️ Channel Mixer Relation Mode: none
ℹ️ Encoder Variant: default
ℹ️ Channel Relation Block: disabled
✅ Probing Head [CI, channel-wise]: [B*C, 8192] -> [B, 7, 336]
Epoch 1/20 | Steps: 1280 | LR: 0.000100 | Train Loss: 0.367661 | Val Loss: 0.268200 | Train Meta: n/a | Val Meta: n/a
   -> Updated best validation state: val_loss=0.268200 at epoch 1
Epoch 2/20 | Steps: 1280 | LR: 0.000100 | Train Loss: 0.339516 | Val Loss: 0.267379 | Train Meta: n/a | Val Meta: n/a
   -> Updated best validation state: val_loss=0.267379 at epoch 2
Epoch 3/20 | Steps: 1280 | LR: 0.000100 | Train Loss: 0.326638 | Val Loss: 0.273348 | Train Meta: n/a | Val Meta: n/a
Epoch 4/20 | Steps: 1280 | LR: 0.000100 | Train Loss: 0.319492 | Val Loss: 0.277122 | Train Meta: n/a | Val Meta: n/a
Epoch 5/20 | Steps: 1280 | LR: 0.000100 | Train Loss: 0.314449 | Val Loss: 0.266990 | Train Meta: n/a | Val Meta: n/a
   -> Updated best validation state: val_loss=0.266990 at epoch 5
Epoch 6/20 | Steps: 1280 | LR: 0.000100 | Train Loss: 0.310264 | Val Loss: 0.277549 | Train Meta: n/a | Val Meta: n/a
Epoch 7/20 | Steps: 1280 | LR: 0.000100 | Train Loss: 0.306519 | Val Loss: 0.275068 | Train Meta: n/a | Val Meta: n/a
Epoch 8/20 | Steps: 1280 | LR: 0.000100 | Train Loss: 0.304215 | Val Loss: 0.269000 | Train Meta: n/a | Val Meta: n/a
Epoch 9/20 | Steps: 1280 | LR: 0.000100 | Train Loss: 0.301276 | Val Loss: 0.280137 | Train Meta: n/a | Val Meta: n/a
Epoch 10/20 | Steps: 1280 | LR: 0.000100 | Train Loss: 0.299897 | Val Loss: 0.285110 | Train Meta: n/a | Val Meta: n/a
Epoch 11/20 | Steps: 1280 | LR: 0.000100 | Train Loss: 0.297741 | Val Loss: 0.285523 | Train Meta: n/a | Val Meta: n/a
Epoch 12/20 | Steps: 1280 | LR: 0.000100 | Train Loss: 0.296283 | Val Loss: 0.277927 | Train Meta: n/a | Val Meta: n/a
Epoch 13/20 | Steps: 1280 | LR: 0.000100 | Train Loss: 0.295219 | Val Loss: 0.274873 | Train Meta: n/a | Val Meta: n/a
Epoch 14/20 | Steps: 1280 | LR: 0.000100 | Train Loss: 0.293007 | Val Loss: 0.276025 | Train Meta: n/a | Val Meta: n/a
Epoch 15/20 | Steps: 1280 | LR: 0.000100 | Train Loss: 0.292404 | Val Loss: 0.270698 | Train Meta: n/a | Val Meta: n/a
Epoch 16/20 | Steps: 1280 | LR: 0.000100 | Train Loss: 0.290251 | Val Loss: 0.283394 | Train Meta: n/a | Val Meta: n/a
Epoch 17/20 | Steps: 1280 | LR: 0.000100 | Train Loss: 0.290592 | Val Loss: 0.281952 | Train Meta: n/a | Val Meta: n/a
Epoch 18/20 | Steps: 1280 | LR: 0.000100 | Train Loss: 0.289617 | Val Loss: 0.277682 | Train Meta: n/a | Val Meta: n/a
Epoch 19/20 | Steps: 1280 | LR: 0.000100 | Train Loss: 0.287895 | Val Loss: 0.281777 | Train Meta: n/a | Val Meta: n/a
Epoch 20/20 | Steps: 1280 | LR: 0.000100 | Train Loss: 0.287779 | Val Loss: 0.274162 | Train Meta: n/a | Val Meta: n/a
{'test_mse': 0.22732415795326233, 'test_mae': 0.3158625364303589}
Saved best forecasting checkpoint under checkpoints/forecasting_ettm2_336/electricity_laya_ci_none_best.pt
==================================================
🚀 Architecture: LAYA
📊 Target Dataset: ETTm2 (Channels: 7)
📊 Pretrain Info: electricity (Detected Channels: 7)
📊 Prediction Length: 720
==================================================
✅ Loaded pretrained encoder from ./checkpoints/electricity_laya_ci_none/laya_ts_electricity_s_best.pt
   - 40/40 keys matched.
ℹ️ Channel Adapter: disabled
📝 metadata: mode=none, fusion=none, relation=none
ℹ️ RevIN: enabled | affine=False | subtract_last=False | eps=1e-05
ℹ️ Metadata Fusion Mode: none
ℹ️ Channel Mixer Relation Mode: none
ℹ️ Encoder Variant: default
ℹ️ Channel Relation Block: disabled
✅ Probing Head [CI, channel-wise]: [B*C, 8192] -> [B, 7, 720]
Epoch 1/20 | Steps: 1268 | LR: 0.000100 | Train Loss: 0.476926 | Val Loss: 0.336142 | Train Meta: n/a | Val Meta: n/a
   -> Updated best validation state: val_loss=0.336142 at epoch 1
Epoch 2/20 | Steps: 1268 | LR: 0.000100 | Train Loss: 0.442887 | Val Loss: 0.347733 | Train Meta: n/a | Val Meta: n/a
Epoch 3/20 | Steps: 1268 | LR: 0.000100 | Train Loss: 0.430637 | Val Loss: 0.330701 | Train Meta: n/a | Val Meta: n/a
   -> Updated best validation state: val_loss=0.330701 at epoch 3
Epoch 4/20 | Steps: 1268 | LR: 0.000100 | Train Loss: 0.421365 | Val Loss: 0.346559 | Train Meta: n/a | Val Meta: n/a
Epoch 5/20 | Steps: 1268 | LR: 0.000100 | Train Loss: 0.416198 | Val Loss: 0.341754 | Train Meta: n/a | Val Meta: n/a
Epoch 6/20 | Steps: 1268 | LR: 0.000100 | Train Loss: 0.410815 | Val Loss: 0.348679 | Train Meta: n/a | Val Meta: n/a
Epoch 7/20 | Steps: 1268 | LR: 0.000100 | Train Loss: 0.406843 | Val Loss: 0.337040 | Train Meta: n/a | Val Meta: n/a
Epoch 8/20 | Steps: 1268 | LR: 0.000100 | Train Loss: 0.403923 | Val Loss: 0.341328 | Train Meta: n/a | Val Meta: n/a
Epoch 9/20 | Steps: 1268 | LR: 0.000100 | Train Loss: 0.400298 | Val Loss: 0.349182 | Train Meta: n/a | Val Meta: n/a
Epoch 10/20 | Steps: 1268 | LR: 0.000100 | Train Loss: 0.398592 | Val Loss: 0.348293 | Train Meta: n/a | Val Meta: n/a
Epoch 11/20 | Steps: 1268 | LR: 0.000100 | Train Loss: 0.396582 | Val Loss: 0.344102 | Train Meta: n/a | Val Meta: n/a
Epoch 12/20 | Steps: 1268 | LR: 0.000100 | Train Loss: 0.394788 | Val Loss: 0.344614 | Train Meta: n/a | Val Meta: n/a
Epoch 13/20 | Steps: 1268 | LR: 0.000100 | Train Loss: 0.392228 | Val Loss: 0.354626 | Train Meta: n/a | Val Meta: n/a
Epoch 14/20 | Steps: 1268 | LR: 0.000100 | Train Loss: 0.391145 | Val Loss: 0.357586 | Train Meta: n/a | Val Meta: n/a
Epoch 15/20 | Steps: 1268 | LR: 0.000100 | Train Loss: 0.389225 | Val Loss: 0.347994 | Train Meta: n/a | Val Meta: n/a
Epoch 16/20 | Steps: 1268 | LR: 0.000100 | Train Loss: 0.388269 | Val Loss: 0.349757 | Train Meta: n/a | Val Meta: n/a
Epoch 17/20 | Steps: 1268 | LR: 0.000100 | Train Loss: 0.387458 | Val Loss: 0.357126 | Train Meta: n/a | Val Meta: n/a
Epoch 18/20 | Steps: 1268 | LR: 0.000100 | Train Loss: 0.385310 | Val Loss: 0.349928 | Train Meta: n/a | Val Meta: n/a
Epoch 19/20 | Steps: 1268 | LR: 0.000100 | Train Loss: 0.384302 | Val Loss: 0.347118 | Train Meta: n/a | Val Meta: n/a
Epoch 20/20 | Steps: 1268 | LR: 0.000100 | Train Loss: 0.383612 | Val Loss: 0.350366 | Train Meta: n/a | Val Meta: n/a
{'test_mse': 0.2936229705810547, 'test_mae': 0.3648732900619507}
Saved best forecasting checkpoint under checkpoints/forecasting_ettm2_720/electricity_laya_ci_none_best.pt
==================================================
🚀 Architecture: LAYA
📊 Target Dataset: weather (Channels: 21)
📊 Pretrain Info: electricity (Detected Channels: 21)
📊 Prediction Length: 96
==================================================
✅ Loaded pretrained encoder from ./checkpoints/electricity_laya_ci_none/laya_ts_electricity_s_best.pt
   - 40/40 keys matched.
ℹ️ Channel Adapter: disabled
📝 metadata: mode=none, fusion=none, relation=none
ℹ️ RevIN: enabled | affine=False | subtract_last=False | eps=1e-05
ℹ️ Metadata Fusion Mode: none
ℹ️ Channel Mixer Relation Mode: none
ℹ️ Encoder Variant: default
ℹ️ Channel Relation Block: disabled
✅ Probing Head [CI, channel-wise]: [B*C, 8192] -> [B, 21, 96]
Epoch 1/20 | Steps: 1133 | LR: 0.000100 | Train Loss: 0.378546 | Val Loss: 0.469448 | Train Meta: n/a | Val Meta: n/a
   -> Updated best validation state: val_loss=0.469448 at epoch 1
Epoch 2/20 | Steps: 1133 | LR: 0.000100 | Train Loss: 0.363475 | Val Loss: 0.464791 | Train Meta: n/a | Val Meta: n/a
   -> Updated best validation state: val_loss=0.464791 at epoch 2
Epoch 3/20 | Steps: 1133 | LR: 0.000100 | Train Loss: 0.358799 | Val Loss: 0.464138 | Train Meta: n/a | Val Meta: n/a
   -> Updated best validation state: val_loss=0.464138 at epoch 3
Epoch 4/20 | Steps: 1133 | LR: 0.000100 | Train Loss: 0.356197 | Val Loss: 0.471499 | Train Meta: n/a | Val Meta: n/a
Epoch 5/20 | Steps: 1133 | LR: 0.000100 | Train Loss: 0.354392 | Val Loss: 0.462745 | Train Meta: n/a | Val Meta: n/a
   -> Updated best validation state: val_loss=0.462745 at epoch 5
Epoch 6/20 | Steps: 1133 | LR: 0.000100 | Train Loss: 0.352604 | Val Loss: 0.463032 | Train Meta: n/a | Val Meta: n/a
Epoch 7/20 | Steps: 1133 | LR: 0.000100 | Train Loss: 0.351507 | Val Loss: 0.461688 | Train Meta: n/a | Val Meta: n/a
   -> Updated best validation state: val_loss=0.461688 at epoch 7
Epoch 8/20 | Steps: 1133 | LR: 0.000100 | Train Loss: 0.350108 | Val Loss: 0.462263 | Train Meta: n/a | Val Meta: n/a
Epoch 9/20 | Steps: 1133 | LR: 0.000100 | Train Loss: 0.349707 | Val Loss: 0.458257 | Train Meta: n/a | Val Meta: n/a
   -> Updated best validation state: val_loss=0.458257 at epoch 9
Epoch 10/20 | Steps: 1133 | LR: 0.000100 | Train Loss: 0.348451 | Val Loss: 0.462778 | Train Meta: n/a | Val Meta: n/a
Epoch 11/20 | Steps: 1133 | LR: 0.000100 | Train Loss: 0.347233 | Val Loss: 0.460659 | Train Meta: n/a | Val Meta: n/a
Epoch 12/20 | Steps: 1133 | LR: 0.000100 | Train Loss: 0.347058 | Val Loss: 0.465909 | Train Meta: n/a | Val Meta: n/a
Epoch 13/20 | Steps: 1133 | LR: 0.000100 | Train Loss: 0.346355 | Val Loss: 0.469114 | Train Meta: n/a | Val Meta: n/a
Epoch 14/20 | Steps: 1133 | LR: 0.000100 | Train Loss: 0.345825 | Val Loss: 0.463563 | Train Meta: n/a | Val Meta: n/a
Epoch 15/20 | Steps: 1133 | LR: 0.000100 | Train Loss: 0.345024 | Val Loss: 0.469410 | Train Meta: n/a | Val Meta: n/a
Epoch 16/20 | Steps: 1133 | LR: 0.000100 | Train Loss: 0.344502 | Val Loss: 0.465202 | Train Meta: n/a | Val Meta: n/a
Epoch 17/20 | Steps: 1133 | LR: 0.000100 | Train Loss: 0.344009 | Val Loss: 0.460720 | Train Meta: n/a | Val Meta: n/a
Epoch 18/20 | Steps: 1133 | LR: 0.000100 | Train Loss: 0.343776 | Val Loss: 0.463772 | Train Meta: n/a | Val Meta: n/a
Epoch 19/20 | Steps: 1133 | LR: 0.000100 | Train Loss: 0.343377 | Val Loss: 0.460714 | Train Meta: n/a | Val Meta: n/a
Epoch 20/20 | Steps: 1133 | LR: 0.000100 | Train Loss: 0.342604 | Val Loss: 0.465263 | Train Meta: n/a | Val Meta: n/a
{'test_mse': 0.20420394837856293, 'test_mae': 0.25726813077926636}
Saved best forecasting checkpoint under checkpoints/forecasting_weather_96/electricity_laya_ci_none_best.pt
==================================================
🚀 Architecture: LAYA
📊 Target Dataset: weather (Channels: 21)
📊 Pretrain Info: electricity (Detected Channels: 21)
📊 Prediction Length: 192
==================================================
✅ Loaded pretrained encoder from ./checkpoints/electricity_laya_ci_none/laya_ts_electricity_s_best.pt
   - 40/40 keys matched.
ℹ️ Channel Adapter: disabled
📝 metadata: mode=none, fusion=none, relation=none
ℹ️ RevIN: enabled | affine=False | subtract_last=False | eps=1e-05
ℹ️ Metadata Fusion Mode: none
ℹ️ Channel Mixer Relation Mode: none
ℹ️ Encoder Variant: default
ℹ️ Channel Relation Block: disabled
✅ Probing Head [CI, channel-wise]: [B*C, 8192] -> [B, 21, 192]
Epoch 1/20 | Steps: 1130 | LR: 0.000100 | Train Loss: 0.434853 | Val Loss: 0.546645 | Train Meta: n/a | Val Meta: n/a
   -> Updated best validation state: val_loss=0.546645 at epoch 1
Epoch 2/20 | Steps: 1130 | LR: 0.000100 | Train Loss: 0.420091 | Val Loss: 0.545559 | Train Meta: n/a | Val Meta: n/a
   -> Updated best validation state: val_loss=0.545559 at epoch 2
Epoch 3/20 | Steps: 1130 | LR: 0.000100 | Train Loss: 0.416076 | Val Loss: 0.540992 | Train Meta: n/a | Val Meta: n/a
   -> Updated best validation state: val_loss=0.540992 at epoch 3
Epoch 4/20 | Steps: 1130 | LR: 0.000100 | Train Loss: 0.413702 | Val Loss: 0.553052 | Train Meta: n/a | Val Meta: n/a
Epoch 5/20 | Steps: 1130 | LR: 0.000100 | Train Loss: 0.411598 | Val Loss: 0.539807 | Train Meta: n/a | Val Meta: n/a
   -> Updated best validation state: val_loss=0.539807 at epoch 5
Epoch 6/20 | Steps: 1130 | LR: 0.000100 | Train Loss: 0.409895 | Val Loss: 0.545019 | Train Meta: n/a | Val Meta: n/a
Epoch 7/20 | Steps: 1130 | LR: 0.000100 | Train Loss: 0.408473 | Val Loss: 0.549239 | Train Meta: n/a | Val Meta: n/a
Epoch 8/20 | Steps: 1130 | LR: 0.000100 | Train Loss: 0.407474 | Val Loss: 0.554017 | Train Meta: n/a | Val Meta: n/a
Epoch 9/20 | Steps: 1130 | LR: 0.000100 | Train Loss: 0.405981 | Val Loss: 0.543435 | Train Meta: n/a | Val Meta: n/a
Epoch 10/20 | Steps: 1130 | LR: 0.000100 | Train Loss: 0.405105 | Val Loss: 0.539787 | Train Meta: n/a | Val Meta: n/a
   -> Updated best validation state: val_loss=0.539787 at epoch 10
Epoch 11/20 | Steps: 1130 | LR: 0.000100 | Train Loss: 0.404733 | Val Loss: 0.549762 | Train Meta: n/a | Val Meta: n/a
Epoch 12/20 | Steps: 1130 | LR: 0.000100 | Train Loss: 0.404038 | Val Loss: 0.538574 | Train Meta: n/a | Val Meta: n/a
   -> Updated best validation state: val_loss=0.538574 at epoch 12
Epoch 13/20 | Steps: 1130 | LR: 0.000100 | Train Loss: 0.403125 | Val Loss: 0.544862 | Train Meta: n/a | Val Meta: n/a
Epoch 14/20 | Steps: 1130 | LR: 0.000100 | Train Loss: 0.402610 | Val Loss: 0.545702 | Train Meta: n/a | Val Meta: n/a
Epoch 15/20 | Steps: 1130 | LR: 0.000100 | Train Loss: 0.402202 | Val Loss: 0.545229 | Train Meta: n/a | Val Meta: n/a
Epoch 16/20 | Steps: 1130 | LR: 0.000100 | Train Loss: 0.401775 | Val Loss: 0.542459 | Train Meta: n/a | Val Meta: n/a
Epoch 17/20 | Steps: 1130 | LR: 0.000100 | Train Loss: 0.401200 | Val Loss: 0.546211 | Train Meta: n/a | Val Meta: n/a
Epoch 18/20 | Steps: 1130 | LR: 0.000100 | Train Loss: 0.400595 | Val Loss: 0.547091 | Train Meta: n/a | Val Meta: n/a
Epoch 19/20 | Steps: 1130 | LR: 0.000100 | Train Loss: 0.400413 | Val Loss: 0.543912 | Train Meta: n/a | Val Meta: n/a
Epoch 20/20 | Steps: 1130 | LR: 0.000100 | Train Loss: 0.399437 | Val Loss: 0.541438 | Train Meta: n/a | Val Meta: n/a
{'test_mse': 0.2619416117668152, 'test_mae': 0.3041403293609619}
Saved best forecasting checkpoint under checkpoints/forecasting_weather_192/electricity_laya_ci_none_best.pt
==================================================
🚀 Architecture: LAYA
📊 Target Dataset: weather (Channels: 21)
📊 Pretrain Info: electricity (Detected Channels: 21)
📊 Prediction Length: 336
==================================================
✅ Loaded pretrained encoder from ./checkpoints/electricity_laya_ci_none/laya_ts_electricity_s_best.pt
   - 40/40 keys matched.
ℹ️ Channel Adapter: disabled
📝 metadata: mode=none, fusion=none, relation=none
ℹ️ RevIN: enabled | affine=False | subtract_last=False | eps=1e-05
ℹ️ Metadata Fusion Mode: none
ℹ️ Channel Mixer Relation Mode: none
ℹ️ Encoder Variant: default
ℹ️ Channel Relation Block: disabled
✅ Probing Head [CI, channel-wise]: [B*C, 8192] -> [B, 21, 336]
Epoch 1/20 | Steps: 1126 | LR: 0.000100 | Train Loss: 0.488558 | Val Loss: 0.629983 | Train Meta: n/a | Val Meta: n/a
   -> Updated best validation state: val_loss=0.629983 at epoch 1
Epoch 2/20 | Steps: 1126 | LR: 0.000100 | Train Loss: 0.474827 | Val Loss: 0.631166 | Train Meta: n/a | Val Meta: n/a
Epoch 3/20 | Steps: 1126 | LR: 0.000100 | Train Loss: 0.470945 | Val Loss: 0.629265 | Train Meta: n/a | Val Meta: n/a
   -> Updated best validation state: val_loss=0.629265 at epoch 3
Epoch 4/20 | Steps: 1126 | LR: 0.000100 | Train Loss: 0.468136 | Val Loss: 0.627650 | Train Meta: n/a | Val Meta: n/a
   -> Updated best validation state: val_loss=0.627650 at epoch 4
Epoch 5/20 | Steps: 1126 | LR: 0.000100 | Train Loss: 0.466503 | Val Loss: 0.627623 | Train Meta: n/a | Val Meta: n/a
   -> Updated best validation state: val_loss=0.627623 at epoch 5
Epoch 6/20 | Steps: 1126 | LR: 0.000100 | Train Loss: 0.464746 | Val Loss: 0.620272 | Train Meta: n/a | Val Meta: n/a
   -> Updated best validation state: val_loss=0.620272 at epoch 6
Epoch 7/20 | Steps: 1126 | LR: 0.000100 | Train Loss: 0.463468 | Val Loss: 0.627536 | Train Meta: n/a | Val Meta: n/a
Epoch 8/20 | Steps: 1126 | LR: 0.000100 | Train Loss: 0.462421 | Val Loss: 0.629930 | Train Meta: n/a | Val Meta: n/a
Epoch 9/20 | Steps: 1126 | LR: 0.000100 | Train Loss: 0.461320 | Val Loss: 0.626460 | Train Meta: n/a | Val Meta: n/a
Epoch 10/20 | Steps: 1126 | LR: 0.000100 | Train Loss: 0.460584 | Val Loss: 0.622799 | Train Meta: n/a | Val Meta: n/a
Epoch 11/20 | Steps: 1126 | LR: 0.000100 | Train Loss: 0.459786 | Val Loss: 0.633045 | Train Meta: n/a | Val Meta: n/a
Epoch 12/20 | Steps: 1126 | LR: 0.000100 | Train Loss: 0.458908 | Val Loss: 0.621048 | Train Meta: n/a | Val Meta: n/a
Epoch 13/20 | Steps: 1126 | LR: 0.000100 | Train Loss: 0.458691 | Val Loss: 0.624692 | Train Meta: n/a | Val Meta: n/a
Epoch 14/20 | Steps: 1126 | LR: 0.000100 | Train Loss: 0.457856 | Val Loss: 0.620810 | Train Meta: n/a | Val Meta: n/a
Epoch 15/20 | Steps: 1126 | LR: 0.000100 | Train Loss: 0.457436 | Val Loss: 0.627362 | Train Meta: n/a | Val Meta: n/a
Epoch 16/20 | Steps: 1126 | LR: 0.000100 | Train Loss: 0.457102 | Val Loss: 0.625881 | Train Meta: n/a | Val Meta: n/a
Epoch 17/20 | Steps: 1126 | LR: 0.000100 | Train Loss: 0.456514 | Val Loss: 0.631997 | Train Meta: n/a | Val Meta: n/a
Epoch 18/20 | Steps: 1126 | LR: 0.000100 | Train Loss: 0.455832 | Val Loss: 0.625557 | Train Meta: n/a | Val Meta: n/a
Epoch 19/20 | Steps: 1126 | LR: 0.000100 | Train Loss: 0.455426 | Val Loss: 0.640459 | Train Meta: n/a | Val Meta: n/a
Epoch 20/20 | Steps: 1126 | LR: 0.000100 | Train Loss: 0.454907 | Val Loss: 0.631014 | Train Meta: n/a | Val Meta: n/a
{'test_mse': 0.31966203451156616, 'test_mae': 0.3456259071826935}
Saved best forecasting checkpoint under checkpoints/forecasting_weather_336/electricity_laya_ci_none_best.pt
==================================================
🚀 Architecture: LAYA
📊 Target Dataset: weather (Channels: 21)
📊 Pretrain Info: electricity (Detected Channels: 21)
📊 Prediction Length: 720
==================================================
✅ Loaded pretrained encoder from ./checkpoints/electricity_laya_ci_none/laya_ts_electricity_s_best.pt
   - 40/40 keys matched.
ℹ️ Channel Adapter: disabled
📝 metadata: mode=none, fusion=none, relation=none
ℹ️ RevIN: enabled | affine=False | subtract_last=False | eps=1e-05
ℹ️ Metadata Fusion Mode: none
ℹ️ Channel Mixer Relation Mode: none
ℹ️ Encoder Variant: default
ℹ️ Channel Relation Block: disabled
✅ Probing Head [CI, channel-wise]: [B*C, 8192] -> [B, 21, 720]
Epoch 1/20 | Steps: 1114 | LR: 0.000100 | Train Loss: 0.557743 | Val Loss: 0.727881 | Train Meta: n/a | Val Meta: n/a
   -> Updated best validation state: val_loss=0.727881 at epoch 1
Epoch 2/20 | Steps: 1114 | LR: 0.000100 | Train Loss: 0.544545 | Val Loss: 0.728687 | Train Meta: n/a | Val Meta: n/a
Epoch 3/20 | Steps: 1114 | LR: 0.000100 | Train Loss: 0.540315 | Val Loss: 0.721793 | Train Meta: n/a | Val Meta: n/a
   -> Updated best validation state: val_loss=0.721793 at epoch 3
Epoch 4/20 | Steps: 1114 | LR: 0.000100 | Train Loss: 0.537402 | Val Loss: 0.726888 | Train Meta: n/a | Val Meta: n/a
Epoch 5/20 | Steps: 1114 | LR: 0.000100 | Train Loss: 0.535743 | Val Loss: 0.729632 | Train Meta: n/a | Val Meta: n/a
Epoch 6/20 | Steps: 1114 | LR: 0.000100 | Train Loss: 0.534126 | Val Loss: 0.732946 | Train Meta: n/a | Val Meta: n/a
Epoch 7/20 | Steps: 1114 | LR: 0.000100 | Train Loss: 0.532737 | Val Loss: 0.726177 | Train Meta: n/a | Val Meta: n/a
Epoch 8/20 | Steps: 1114 | LR: 0.000100 | Train Loss: 0.531897 | Val Loss: 0.725288 | Train Meta: n/a | Val Meta: n/a
Epoch 9/20 | Steps: 1114 | LR: 0.000100 | Train Loss: 0.530736 | Val Loss: 0.729503 | Train Meta: n/a | Val Meta: n/a
Epoch 10/20 | Steps: 1114 | LR: 0.000100 | Train Loss: 0.529570 | Val Loss: 0.726906 | Train Meta: n/a | Val Meta: n/a
Epoch 11/20 | Steps: 1114 | LR: 0.000100 | Train Loss: 0.528881 | Val Loss: 0.725569 | Train Meta: n/a | Val Meta: n/a
Epoch 12/20 | Steps: 1114 | LR: 0.000100 | Train Loss: 0.528218 | Val Loss: 0.731142 | Train Meta: n/a | Val Meta: n/a
Epoch 13/20 | Steps: 1114 | LR: 0.000100 | Train Loss: 0.527709 | Val Loss: 0.725019 | Train Meta: n/a | Val Meta: n/a
Epoch 14/20 | Steps: 1114 | LR: 0.000100 | Train Loss: 0.526738 | Val Loss: 0.721373 | Train Meta: n/a | Val Meta: n/a
   -> Updated best validation state: val_loss=0.721373 at epoch 14
Epoch 15/20 | Steps: 1114 | LR: 0.000100 | Train Loss: 0.526434 | Val Loss: 0.724016 | Train Meta: n/a | Val Meta: n/a
Epoch 16/20 | Steps: 1114 | LR: 0.000100 | Train Loss: 0.525909 | Val Loss: 0.724012 | Train Meta: n/a | Val Meta: n/a
Epoch 17/20 | Steps: 1114 | LR: 0.000100 | Train Loss: 0.525528 | Val Loss: 0.739654 | Train Meta: n/a | Val Meta: n/a
Epoch 18/20 | Steps: 1114 | LR: 0.000100 | Train Loss: 0.524984 | Val Loss: 0.723878 | Train Meta: n/a | Val Meta: n/a
Epoch 19/20 | Steps: 1114 | LR: 0.000100 | Train Loss: 0.524353 | Val Loss: 0.738836 | Train Meta: n/a | Val Meta: n/a
Epoch 20/20 | Steps: 1114 | LR: 0.000100 | Train Loss: 0.523919 | Val Loss: 0.722412 | Train Meta: n/a | Val Meta: n/a
{'test_mse': 0.4016515016555786, 'test_mae': 0.400803804397583}
Saved best forecasting checkpoint under checkpoints/forecasting_weather_720/electricity_laya_ci_none_best.pt
