nohup: ignoring input
Text metadata preview | dataset=ETTm1 | domain=ETTm1 | channels=7
   - HUFL: In the ETTm1 domain, this channel belongs to the ETTm1 dataset and represents the feature HUFL.
   - HULL: In the ETTm1 domain, this channel belongs to the ETTm1 dataset and represents the feature HULL.
   - ... (5 more channel descriptions)
/data/pjh_workspace/ts-env/lib/python3.8/site-packages/torch/nn/modules/transformer.py:307: UserWarning: enable_nested_tensor is True, but self.use_nested_tensor is False because encoder_layer.norm_first was True
  warnings.warn(f"enable_nested_tensor is True, but self.use_nested_tensor is False because {why_not_sparsity_fast_path}")
==================================================
🚀 Architecture: LAYA
📊 Target Dataset: ETTm1 (Channels: 7)
📊 Pretrain Info: electricity (Detected Channels: 7)
📊 Prediction Length: 96
==================================================
✅ Loaded pretrained encoder from ./checkpoints/electricity_laya_mixer_concat_text/laya_ts_electricity_s_best.pt
   - 107/107 keys matched.
ℹ️ Channel Adapter: disabled
📝 metadata: mode=text, fusion=concat_kv, relation=none
ℹ️ RevIN: enabled | affine=False | subtract_last=False | eps=1e-05
ℹ️ Metadata Fusion Mode: concat_kv
ℹ️ Channel Mixer Relation Mode: none
ℹ️ Encoder Variant: default
ℹ️ Channel Relation Block: disabled
✅ Probing Head [Mixer, channel-wise]: [B*C, 1024] -> [B, 7, 96]
Epoch 1/20 | Steps: 1287 | LR: 0.000100 | Train Loss: 0.326888 | Val Loss: 0.314521 | Train Meta: MetaNormμ:4.0646 | Val Meta: MetaNormμ:4.0646
   -> Updated best validation state: val_loss=0.314521 at epoch 1
Epoch 2/20 | Steps: 1287 | LR: 0.000100 | Train Loss: 0.312028 | Val Loss: 0.309910 | Train Meta: MetaNormμ:4.0646 | Val Meta: MetaNormμ:4.0646
   -> Updated best validation state: val_loss=0.309910 at epoch 2
Epoch 3/20 | Steps: 1287 | LR: 0.000100 | Train Loss: 0.309893 | Val Loss: 0.310430 | Train Meta: MetaNormμ:4.0646 | Val Meta: MetaNormμ:4.0646
Epoch 4/20 | Steps: 1287 | LR: 0.000100 | Train Loss: 0.308424 | Val Loss: 0.307059 | Train Meta: MetaNormμ:4.0646 | Val Meta: MetaNormμ:4.0646
   -> Updated best validation state: val_loss=0.307059 at epoch 4
Epoch 5/20 | Steps: 1287 | LR: 0.000100 | Train Loss: 0.306905 | Val Loss: 0.303403 | Train Meta: MetaNormμ:4.0646 | Val Meta: MetaNormμ:4.0646
   -> Updated best validation state: val_loss=0.303403 at epoch 5
Epoch 6/20 | Steps: 1287 | LR: 0.000100 | Train Loss: 0.305587 | Val Loss: 0.302446 | Train Meta: MetaNormμ:4.0646 | Val Meta: MetaNormμ:4.0646
   -> Updated best validation state: val_loss=0.302446 at epoch 6
Epoch 7/20 | Steps: 1287 | LR: 0.000100 | Train Loss: 0.304564 | Val Loss: 0.302933 | Train Meta: MetaNormμ:4.0646 | Val Meta: MetaNormμ:4.0646
Epoch 8/20 | Steps: 1287 | LR: 0.000100 | Train Loss: 0.303810 | Val Loss: 0.302273 | Train Meta: MetaNormμ:4.0646 | Val Meta: MetaNormμ:4.0646
   -> Updated best validation state: val_loss=0.302273 at epoch 8
Epoch 9/20 | Steps: 1287 | LR: 0.000100 | Train Loss: 0.303007 | Val Loss: 0.301872 | Train Meta: MetaNormμ:4.0646 | Val Meta: MetaNormμ:4.0646
   -> Updated best validation state: val_loss=0.301872 at epoch 9
Epoch 10/20 | Steps: 1287 | LR: 0.000100 | Train Loss: 0.302305 | Val Loss: 0.298600 | Train Meta: MetaNormμ:4.0646 | Val Meta: MetaNormμ:4.0646
   -> Updated best validation state: val_loss=0.298600 at epoch 10
Epoch 11/20 | Steps: 1287 | LR: 0.000100 | Train Loss: 0.301746 | Val Loss: 0.299238 | Train Meta: MetaNormμ:4.0646 | Val Meta: MetaNormμ:4.0646
Epoch 12/20 | Steps: 1287 | LR: 0.000100 | Train Loss: 0.301217 | Val Loss: 0.296026 | Train Meta: MetaNormμ:4.0646 | Val Meta: MetaNormμ:4.0646
   -> Updated best validation state: val_loss=0.296026 at epoch 12
Epoch 13/20 | Steps: 1287 | LR: 0.000100 | Train Loss: 0.300685 | Val Loss: 0.300146 | Train Meta: MetaNormμ:4.0646 | Val Meta: MetaNormμ:4.0646
Epoch 14/20 | Steps: 1287 | LR: 0.000100 | Train Loss: 0.300309 | Val Loss: 0.297757 | Train Meta: MetaNormμ:4.0646 | Val Meta: MetaNormμ:4.0646
Epoch 15/20 | Steps: 1287 | LR: 0.000100 | Train Loss: 0.299849 | Val Loss: 0.300647 | Train Meta: MetaNormμ:4.0646 | Val Meta: MetaNormμ:4.0646
Epoch 16/20 | Steps: 1287 | LR: 0.000100 | Train Loss: 0.299590 | Val Loss: 0.296873 | Train Meta: MetaNormμ:4.0646 | Val Meta: MetaNormμ:4.0646
Epoch 17/20 | Steps: 1287 | LR: 0.000100 | Train Loss: 0.299229 | Val Loss: 0.299412 | Train Meta: MetaNormμ:4.0646 | Val Meta: MetaNormμ:4.0646
Epoch 18/20 | Steps: 1287 | LR: 0.000100 | Train Loss: 0.298920 | Val Loss: 0.297961 | Train Meta: MetaNormμ:4.0646 | Val Meta: MetaNormμ:4.0646
Epoch 19/20 | Steps: 1287 | LR: 0.000100 | Train Loss: 0.298643 | Val Loss: 0.294337 | Train Meta: MetaNormμ:4.0646 | Val Meta: MetaNormμ:4.0646
   -> Updated best validation state: val_loss=0.294337 at epoch 19
Epoch 20/20 | Steps: 1287 | LR: 0.000100 | Train Loss: 0.298535 | Val Loss: 0.295188 | Train Meta: MetaNormμ:4.0646 | Val Meta: MetaNormμ:4.0646
{'test_mse': 0.4149254560470581, 'test_mae': 0.4542374908924103}
Saved best forecasting checkpoint under checkpoints/forecasting_ettm1_96/electricity_laya_mixer_concat_text_best.pt
Saved attention maps for 3 sample(s) under ./runs/forecasting_electricity_to_ETTm1_laya_mixer_concat_text/pred_96/attention_maps
Text metadata preview | dataset=ETTm1 | domain=ETTm1 | channels=7
   - HUFL: In the ETTm1 domain, this channel belongs to the ETTm1 dataset and represents the feature HUFL.
   - HULL: In the ETTm1 domain, this channel belongs to the ETTm1 dataset and represents the feature HULL.
   - ... (5 more channel descriptions)
/data/pjh_workspace/ts-env/lib/python3.8/site-packages/torch/nn/modules/transformer.py:307: UserWarning: enable_nested_tensor is True, but self.use_nested_tensor is False because encoder_layer.norm_first was True
  warnings.warn(f"enable_nested_tensor is True, but self.use_nested_tensor is False because {why_not_sparsity_fast_path}")
==================================================
🚀 Architecture: LAYA
📊 Target Dataset: ETTm1 (Channels: 7)
📊 Pretrain Info: electricity (Detected Channels: 7)
📊 Prediction Length: 192
==================================================
✅ Loaded pretrained encoder from ./checkpoints/electricity_laya_mixer_concat_text/laya_ts_electricity_s_best.pt
   - 107/107 keys matched.
ℹ️ Channel Adapter: disabled
📝 metadata: mode=text, fusion=concat_kv, relation=none
ℹ️ RevIN: enabled | affine=False | subtract_last=False | eps=1e-05
ℹ️ Metadata Fusion Mode: concat_kv
ℹ️ Channel Mixer Relation Mode: none
ℹ️ Encoder Variant: default
ℹ️ Channel Relation Block: disabled
✅ Probing Head [Mixer, channel-wise]: [B*C, 1024] -> [B, 7, 192]
Epoch 1/20 | Steps: 1284 | LR: 0.000100 | Train Loss: 0.366873 | Val Loss: 0.349467 | Train Meta: MetaNormμ:4.0646 | Val Meta: MetaNormμ:4.0646
   -> Updated best validation state: val_loss=0.349467 at epoch 1
Epoch 2/20 | Steps: 1284 | LR: 0.000100 | Train Loss: 0.353119 | Val Loss: 0.347799 | Train Meta: MetaNormμ:4.0646 | Val Meta: MetaNormμ:4.0646
   -> Updated best validation state: val_loss=0.347799 at epoch 2
Epoch 3/20 | Steps: 1284 | LR: 0.000100 | Train Loss: 0.351245 | Val Loss: 0.347245 | Train Meta: MetaNormμ:4.0646 | Val Meta: MetaNormμ:4.0646
   -> Updated best validation state: val_loss=0.347245 at epoch 3
Epoch 4/20 | Steps: 1284 | LR: 0.000100 | Train Loss: 0.349712 | Val Loss: 0.342232 | Train Meta: MetaNormμ:4.0646 | Val Meta: MetaNormμ:4.0646
   -> Updated best validation state: val_loss=0.342232 at epoch 4
Epoch 5/20 | Steps: 1284 | LR: 0.000100 | Train Loss: 0.348580 | Val Loss: 0.338567 | Train Meta: MetaNormμ:4.0646 | Val Meta: MetaNormμ:4.0646
   -> Updated best validation state: val_loss=0.338567 at epoch 5
Epoch 6/20 | Steps: 1284 | LR: 0.000100 | Train Loss: 0.347609 | Val Loss: 0.338161 | Train Meta: MetaNormμ:4.0646 | Val Meta: MetaNormμ:4.0646
   -> Updated best validation state: val_loss=0.338161 at epoch 6
Epoch 7/20 | Steps: 1284 | LR: 0.000100 | Train Loss: 0.346629 | Val Loss: 0.334958 | Train Meta: MetaNormμ:4.0646 | Val Meta: MetaNormμ:4.0646
   -> Updated best validation state: val_loss=0.334958 at epoch 7
Epoch 8/20 | Steps: 1284 | LR: 0.000100 | Train Loss: 0.345941 | Val Loss: 0.336153 | Train Meta: MetaNormμ:4.0646 | Val Meta: MetaNormμ:4.0646
Epoch 9/20 | Steps: 1284 | LR: 0.000100 | Train Loss: 0.345265 | Val Loss: 0.334109 | Train Meta: MetaNormμ:4.0646 | Val Meta: MetaNormμ:4.0646
   -> Updated best validation state: val_loss=0.334109 at epoch 9
Epoch 10/20 | Steps: 1284 | LR: 0.000100 | Train Loss: 0.344597 | Val Loss: 0.333043 | Train Meta: MetaNormμ:4.0646 | Val Meta: MetaNormμ:4.0646
   -> Updated best validation state: val_loss=0.333043 at epoch 10
Epoch 11/20 | Steps: 1284 | LR: 0.000100 | Train Loss: 0.344305 | Val Loss: 0.334406 | Train Meta: MetaNormμ:4.0646 | Val Meta: MetaNormμ:4.0646
Epoch 12/20 | Steps: 1284 | LR: 0.000100 | Train Loss: 0.343552 | Val Loss: 0.335236 | Train Meta: MetaNormμ:4.0646 | Val Meta: MetaNormμ:4.0646
Epoch 13/20 | Steps: 1284 | LR: 0.000100 | Train Loss: 0.343214 | Val Loss: 0.332074 | Train Meta: MetaNormμ:4.0646 | Val Meta: MetaNormμ:4.0646
   -> Updated best validation state: val_loss=0.332074 at epoch 13
Epoch 14/20 | Steps: 1284 | LR: 0.000100 | Train Loss: 0.342878 | Val Loss: 0.334667 | Train Meta: MetaNormμ:4.0646 | Val Meta: MetaNormμ:4.0646
Epoch 15/20 | Steps: 1284 | LR: 0.000100 | Train Loss: 0.342578 | Val Loss: 0.332235 | Train Meta: MetaNormμ:4.0646 | Val Meta: MetaNormμ:4.0646
Epoch 16/20 | Steps: 1284 | LR: 0.000100 | Train Loss: 0.342227 | Val Loss: 0.331897 | Train Meta: MetaNormμ:4.0646 | Val Meta: MetaNormμ:4.0646
   -> Updated best validation state: val_loss=0.331897 at epoch 16
Epoch 17/20 | Steps: 1284 | LR: 0.000100 | Train Loss: 0.341878 | Val Loss: 0.332057 | Train Meta: MetaNormμ:4.0646 | Val Meta: MetaNormμ:4.0646
Epoch 18/20 | Steps: 1284 | LR: 0.000100 | Train Loss: 0.341629 | Val Loss: 0.333844 | Train Meta: MetaNormμ:4.0646 | Val Meta: MetaNormμ:4.0646
Epoch 19/20 | Steps: 1284 | LR: 0.000100 | Train Loss: 0.341554 | Val Loss: 0.332702 | Train Meta: MetaNormμ:4.0646 | Val Meta: MetaNormμ:4.0646
Epoch 20/20 | Steps: 1284 | LR: 0.000100 | Train Loss: 0.341362 | Val Loss: 0.330176 | Train Meta: MetaNormμ:4.0646 | Val Meta: MetaNormμ:4.0646
   -> Updated best validation state: val_loss=0.330176 at epoch 20
{'test_mse': 0.4568694233894348, 'test_mae': 0.47806844115257263}
Saved best forecasting checkpoint under checkpoints/forecasting_ettm1_192/electricity_laya_mixer_concat_text_best.pt
Saved attention maps for 3 sample(s) under ./runs/forecasting_electricity_to_ETTm1_laya_mixer_concat_text/pred_192/attention_maps
Text metadata preview | dataset=ETTm1 | domain=ETTm1 | channels=7
   - HUFL: In the ETTm1 domain, this channel belongs to the ETTm1 dataset and represents the feature HUFL.
   - HULL: In the ETTm1 domain, this channel belongs to the ETTm1 dataset and represents the feature HULL.
   - ... (5 more channel descriptions)
/data/pjh_workspace/ts-env/lib/python3.8/site-packages/torch/nn/modules/transformer.py:307: UserWarning: enable_nested_tensor is True, but self.use_nested_tensor is False because encoder_layer.norm_first was True
  warnings.warn(f"enable_nested_tensor is True, but self.use_nested_tensor is False because {why_not_sparsity_fast_path}")
==================================================
🚀 Architecture: LAYA
📊 Target Dataset: ETTm1 (Channels: 7)
📊 Pretrain Info: electricity (Detected Channels: 7)
📊 Prediction Length: 336
==================================================
✅ Loaded pretrained encoder from ./checkpoints/electricity_laya_mixer_concat_text/laya_ts_electricity_s_best.pt
   - 107/107 keys matched.
ℹ️ Channel Adapter: disabled
📝 metadata: mode=text, fusion=concat_kv, relation=none
ℹ️ RevIN: enabled | affine=False | subtract_last=False | eps=1e-05
ℹ️ Metadata Fusion Mode: concat_kv
ℹ️ Channel Mixer Relation Mode: none
ℹ️ Encoder Variant: default
ℹ️ Channel Relation Block: disabled
✅ Probing Head [Mixer, channel-wise]: [B*C, 1024] -> [B, 7, 336]
Epoch 1/20 | Steps: 1280 | LR: 0.000100 | Train Loss: 0.416173 | Val Loss: 0.386389 | Train Meta: MetaNormμ:4.0646 | Val Meta: MetaNormμ:4.0646
   -> Updated best validation state: val_loss=0.386389 at epoch 1
Epoch 2/20 | Steps: 1280 | LR: 0.000100 | Train Loss: 0.402113 | Val Loss: 0.384467 | Train Meta: MetaNormμ:4.0646 | Val Meta: MetaNormμ:4.0646
   -> Updated best validation state: val_loss=0.384467 at epoch 2
Epoch 3/20 | Steps: 1280 | LR: 0.000100 | Train Loss: 0.400403 | Val Loss: 0.378435 | Train Meta: MetaNormμ:4.0646 | Val Meta: MetaNormμ:4.0646
   -> Updated best validation state: val_loss=0.378435 at epoch 3
Epoch 4/20 | Steps: 1280 | LR: 0.000100 | Train Loss: 0.399004 | Val Loss: 0.378487 | Train Meta: MetaNormμ:4.0646 | Val Meta: MetaNormμ:4.0646
Epoch 5/20 | Steps: 1280 | LR: 0.000100 | Train Loss: 0.397907 | Val Loss: 0.378087 | Train Meta: MetaNormμ:4.0646 | Val Meta: MetaNormμ:4.0646
   -> Updated best validation state: val_loss=0.378087 at epoch 5
Epoch 6/20 | Steps: 1280 | LR: 0.000100 | Train Loss: 0.396941 | Val Loss: 0.377675 | Train Meta: MetaNormμ:4.0646 | Val Meta: MetaNormμ:4.0646
   -> Updated best validation state: val_loss=0.377675 at epoch 6
Epoch 7/20 | Steps: 1280 | LR: 0.000100 | Train Loss: 0.396119 | Val Loss: 0.376272 | Train Meta: MetaNormμ:4.0646 | Val Meta: MetaNormμ:4.0646
   -> Updated best validation state: val_loss=0.376272 at epoch 7
Epoch 8/20 | Steps: 1280 | LR: 0.000100 | Train Loss: 0.395458 | Val Loss: 0.375148 | Train Meta: MetaNormμ:4.0646 | Val Meta: MetaNormμ:4.0646
   -> Updated best validation state: val_loss=0.375148 at epoch 8
Epoch 9/20 | Steps: 1280 | LR: 0.000100 | Train Loss: 0.394862 | Val Loss: 0.375341 | Train Meta: MetaNormμ:4.0646 | Val Meta: MetaNormμ:4.0646
Epoch 10/20 | Steps: 1280 | LR: 0.000100 | Train Loss: 0.394233 | Val Loss: 0.373901 | Train Meta: MetaNormμ:4.0646 | Val Meta: MetaNormμ:4.0646
   -> Updated best validation state: val_loss=0.373901 at epoch 10
Epoch 11/20 | Steps: 1280 | LR: 0.000100 | Train Loss: 0.393785 | Val Loss: 0.375612 | Train Meta: MetaNormμ:4.0646 | Val Meta: MetaNormμ:4.0646
Epoch 12/20 | Steps: 1280 | LR: 0.000100 | Train Loss: 0.393324 | Val Loss: 0.373656 | Train Meta: MetaNormμ:4.0646 | Val Meta: MetaNormμ:4.0646
   -> Updated best validation state: val_loss=0.373656 at epoch 12
Epoch 13/20 | Steps: 1280 | LR: 0.000100 | Train Loss: 0.393013 | Val Loss: 0.373426 | Train Meta: MetaNormμ:4.0646 | Val Meta: MetaNormμ:4.0646
   -> Updated best validation state: val_loss=0.373426 at epoch 13
Epoch 14/20 | Steps: 1280 | LR: 0.000100 | Train Loss: 0.392511 | Val Loss: 0.373416 | Train Meta: MetaNormμ:4.0646 | Val Meta: MetaNormμ:4.0646
   -> Updated best validation state: val_loss=0.373416 at epoch 14
Epoch 15/20 | Steps: 1280 | LR: 0.000100 | Train Loss: 0.392271 | Val Loss: 0.372571 | Train Meta: MetaNormμ:4.0646 | Val Meta: MetaNormμ:4.0646
   -> Updated best validation state: val_loss=0.372571 at epoch 15
Epoch 16/20 | Steps: 1280 | LR: 0.000100 | Train Loss: 0.392076 | Val Loss: 0.373553 | Train Meta: MetaNormμ:4.0646 | Val Meta: MetaNormμ:4.0646
Epoch 17/20 | Steps: 1280 | LR: 0.000100 | Train Loss: 0.391743 | Val Loss: 0.372252 | Train Meta: MetaNormμ:4.0646 | Val Meta: MetaNormμ:4.0646
   -> Updated best validation state: val_loss=0.372252 at epoch 17
Epoch 18/20 | Steps: 1280 | LR: 0.000100 | Train Loss: 0.391585 | Val Loss: 0.372421 | Train Meta: MetaNormμ:4.0646 | Val Meta: MetaNormμ:4.0646
Epoch 19/20 | Steps: 1280 | LR: 0.000100 | Train Loss: 0.391351 | Val Loss: 0.371157 | Train Meta: MetaNormμ:4.0646 | Val Meta: MetaNormμ:4.0646
   -> Updated best validation state: val_loss=0.371157 at epoch 19
Epoch 20/20 | Steps: 1280 | LR: 0.000100 | Train Loss: 0.391033 | Val Loss: 0.373135 | Train Meta: MetaNormμ:4.0646 | Val Meta: MetaNormμ:4.0646
{'test_mse': 0.5113250017166138, 'test_mae': 0.5101366639137268}
Saved best forecasting checkpoint under checkpoints/forecasting_ettm1_336/electricity_laya_mixer_concat_text_best.pt
Saved attention maps for 3 sample(s) under ./runs/forecasting_electricity_to_ETTm1_laya_mixer_concat_text/pred_336/attention_maps
Text metadata preview | dataset=ETTm1 | domain=ETTm1 | channels=7
   - HUFL: In the ETTm1 domain, this channel belongs to the ETTm1 dataset and represents the feature HUFL.
   - HULL: In the ETTm1 domain, this channel belongs to the ETTm1 dataset and represents the feature HULL.
   - ... (5 more channel descriptions)
/data/pjh_workspace/ts-env/lib/python3.8/site-packages/torch/nn/modules/transformer.py:307: UserWarning: enable_nested_tensor is True, but self.use_nested_tensor is False because encoder_layer.norm_first was True
  warnings.warn(f"enable_nested_tensor is True, but self.use_nested_tensor is False because {why_not_sparsity_fast_path}")
==================================================
🚀 Architecture: LAYA
📊 Target Dataset: ETTm1 (Channels: 7)
📊 Pretrain Info: electricity (Detected Channels: 7)
📊 Prediction Length: 720
==================================================
✅ Loaded pretrained encoder from ./checkpoints/electricity_laya_mixer_concat_text/laya_ts_electricity_s_best.pt
   - 107/107 keys matched.
ℹ️ Channel Adapter: disabled
📝 metadata: mode=text, fusion=concat_kv, relation=none
ℹ️ RevIN: enabled | affine=False | subtract_last=False | eps=1e-05
ℹ️ Metadata Fusion Mode: concat_kv
ℹ️ Channel Mixer Relation Mode: none
ℹ️ Encoder Variant: default
ℹ️ Channel Relation Block: disabled
✅ Probing Head [Mixer, channel-wise]: [B*C, 1024] -> [B, 7, 720]
Epoch 1/20 | Steps: 1268 | LR: 0.000100 | Train Loss: 0.506437 | Val Loss: 0.459181 | Train Meta: MetaNormμ:4.0646 | Val Meta: MetaNormμ:4.0646
   -> Updated best validation state: val_loss=0.459181 at epoch 1
Epoch 2/20 | Steps: 1268 | LR: 0.000100 | Train Loss: 0.493144 | Val Loss: 0.457740 | Train Meta: MetaNormμ:4.0646 | Val Meta: MetaNormμ:4.0646
   -> Updated best validation state: val_loss=0.457740 at epoch 2
Epoch 3/20 | Steps: 1268 | LR: 0.000100 | Train Loss: 0.491445 | Val Loss: 0.453897 | Train Meta: MetaNormμ:4.0646 | Val Meta: MetaNormμ:4.0646
   -> Updated best validation state: val_loss=0.453897 at epoch 3
Epoch 4/20 | Steps: 1268 | LR: 0.000100 | Train Loss: 0.490264 | Val Loss: 0.451229 | Train Meta: MetaNormμ:4.0646 | Val Meta: MetaNormμ:4.0646
   -> Updated best validation state: val_loss=0.451229 at epoch 4
Epoch 5/20 | Steps: 1268 | LR: 0.000100 | Train Loss: 0.489084 | Val Loss: 0.449065 | Train Meta: MetaNormμ:4.0646 | Val Meta: MetaNormμ:4.0646
   -> Updated best validation state: val_loss=0.449065 at epoch 5
Epoch 6/20 | Steps: 1268 | LR: 0.000100 | Train Loss: 0.488271 | Val Loss: 0.452228 | Train Meta: MetaNormμ:4.0646 | Val Meta: MetaNormμ:4.0646
Epoch 7/20 | Steps: 1268 | LR: 0.000100 | Train Loss: 0.487555 | Val Loss: 0.448067 | Train Meta: MetaNormμ:4.0646 | Val Meta: MetaNormμ:4.0646
   -> Updated best validation state: val_loss=0.448067 at epoch 7
Epoch 8/20 | Steps: 1268 | LR: 0.000100 | Train Loss: 0.486987 | Val Loss: 0.448495 | Train Meta: MetaNormμ:4.0646 | Val Meta: MetaNormμ:4.0646
Epoch 9/20 | Steps: 1268 | LR: 0.000100 | Train Loss: 0.486345 | Val Loss: 0.447352 | Train Meta: MetaNormμ:4.0646 | Val Meta: MetaNormμ:4.0646
   -> Updated best validation state: val_loss=0.447352 at epoch 9
Epoch 10/20 | Steps: 1268 | LR: 0.000100 | Train Loss: 0.485892 | Val Loss: 0.450353 | Train Meta: MetaNormμ:4.0646 | Val Meta: MetaNormμ:4.0646
Epoch 11/20 | Steps: 1268 | LR: 0.000100 | Train Loss: 0.485388 | Val Loss: 0.448155 | Train Meta: MetaNormμ:4.0646 | Val Meta: MetaNormμ:4.0646
Epoch 12/20 | Steps: 1268 | LR: 0.000100 | Train Loss: 0.485038 | Val Loss: 0.448522 | Train Meta: MetaNormμ:4.0646 | Val Meta: MetaNormμ:4.0646
Epoch 13/20 | Steps: 1268 | LR: 0.000100 | Train Loss: 0.484779 | Val Loss: 0.448083 | Train Meta: MetaNormμ:4.0646 | Val Meta: MetaNormμ:4.0646
Epoch 14/20 | Steps: 1268 | LR: 0.000100 | Train Loss: 0.484459 | Val Loss: 0.449414 | Train Meta: MetaNormμ:4.0646 | Val Meta: MetaNormμ:4.0646
Epoch 15/20 | Steps: 1268 | LR: 0.000100 | Train Loss: 0.483936 | Val Loss: 0.445831 | Train Meta: MetaNormμ:4.0646 | Val Meta: MetaNormμ:4.0646
   -> Updated best validation state: val_loss=0.445831 at epoch 15
Epoch 16/20 | Steps: 1268 | LR: 0.000100 | Train Loss: 0.483795 | Val Loss: 0.448446 | Train Meta: MetaNormμ:4.0646 | Val Meta: MetaNormμ:4.0646
Epoch 17/20 | Steps: 1268 | LR: 0.000100 | Train Loss: 0.483642 | Val Loss: 0.445127 | Train Meta: MetaNormμ:4.0646 | Val Meta: MetaNormμ:4.0646
   -> Updated best validation state: val_loss=0.445127 at epoch 17
Epoch 18/20 | Steps: 1268 | LR: 0.000100 | Train Loss: 0.483261 | Val Loss: 0.448138 | Train Meta: MetaNormμ:4.0646 | Val Meta: MetaNormμ:4.0646
Epoch 19/20 | Steps: 1268 | LR: 0.000100 | Train Loss: 0.483205 | Val Loss: 0.445910 | Train Meta: MetaNormμ:4.0646 | Val Meta: MetaNormμ:4.0646
Epoch 20/20 | Steps: 1268 | LR: 0.000100 | Train Loss: 0.482835 | Val Loss: 0.447894 | Train Meta: MetaNormμ:4.0646 | Val Meta: MetaNormμ:4.0646
{'test_mse': 0.5607684254646301, 'test_mae': 0.540907084941864}
Saved best forecasting checkpoint under checkpoints/forecasting_ettm1_720/electricity_laya_mixer_concat_text_best.pt
Saved attention maps for 3 sample(s) under ./runs/forecasting_electricity_to_ETTm1_laya_mixer_concat_text/pred_720/attention_maps
Text metadata preview | dataset=ETTm2 | domain=ETTm2 | channels=7
   - HUFL: In the ETTm2 domain, this channel belongs to the ETTm2 dataset and represents the feature HUFL.
   - HULL: In the ETTm2 domain, this channel belongs to the ETTm2 dataset and represents the feature HULL.
   - ... (5 more channel descriptions)
/data/pjh_workspace/ts-env/lib/python3.8/site-packages/torch/nn/modules/transformer.py:307: UserWarning: enable_nested_tensor is True, but self.use_nested_tensor is False because encoder_layer.norm_first was True
  warnings.warn(f"enable_nested_tensor is True, but self.use_nested_tensor is False because {why_not_sparsity_fast_path}")
==================================================
🚀 Architecture: LAYA
📊 Target Dataset: ETTm2 (Channels: 7)
📊 Pretrain Info: electricity (Detected Channels: 7)
📊 Prediction Length: 96
==================================================
✅ Loaded pretrained encoder from ./checkpoints/electricity_laya_mixer_concat_text/laya_ts_electricity_s_best.pt
   - 107/107 keys matched.
ℹ️ Channel Adapter: disabled
📝 metadata: mode=text, fusion=concat_kv, relation=none
ℹ️ RevIN: enabled | affine=False | subtract_last=False | eps=1e-05
ℹ️ Metadata Fusion Mode: concat_kv
ℹ️ Channel Mixer Relation Mode: none
ℹ️ Encoder Variant: default
ℹ️ Channel Relation Block: disabled
✅ Probing Head [Mixer, channel-wise]: [B*C, 1024] -> [B, 7, 96]
Epoch 1/20 | Steps: 1287 | LR: 0.000100 | Train Loss: 0.305943 | Val Loss: 0.196500 | Train Meta: MetaNormμ:4.0793 | Val Meta: MetaNormμ:4.0793
   -> Updated best validation state: val_loss=0.196500 at epoch 1
Epoch 2/20 | Steps: 1287 | LR: 0.000100 | Train Loss: 0.297690 | Val Loss: 0.195445 | Train Meta: MetaNormμ:4.0793 | Val Meta: MetaNormμ:4.0793
   -> Updated best validation state: val_loss=0.195445 at epoch 2
Epoch 3/20 | Steps: 1287 | LR: 0.000100 | Train Loss: 0.296318 | Val Loss: 0.195819 | Train Meta: MetaNormμ:4.0793 | Val Meta: MetaNormμ:4.0793
Epoch 4/20 | Steps: 1287 | LR: 0.000100 | Train Loss: 0.295515 | Val Loss: 0.195649 | Train Meta: MetaNormμ:4.0793 | Val Meta: MetaNormμ:4.0793
Epoch 5/20 | Steps: 1287 | LR: 0.000100 | Train Loss: 0.295062 | Val Loss: 0.196440 | Train Meta: MetaNormμ:4.0793 | Val Meta: MetaNormμ:4.0793
Epoch 6/20 | Steps: 1287 | LR: 0.000100 | Train Loss: 0.294408 | Val Loss: 0.195955 | Train Meta: MetaNormμ:4.0793 | Val Meta: MetaNormμ:4.0793
Epoch 7/20 | Steps: 1287 | LR: 0.000100 | Train Loss: 0.293893 | Val Loss: 0.196149 | Train Meta: MetaNormμ:4.0793 | Val Meta: MetaNormμ:4.0793
Epoch 8/20 | Steps: 1287 | LR: 0.000100 | Train Loss: 0.293606 | Val Loss: 0.196358 | Train Meta: MetaNormμ:4.0793 | Val Meta: MetaNormμ:4.0793
Epoch 9/20 | Steps: 1287 | LR: 0.000100 | Train Loss: 0.293132 | Val Loss: 0.195832 | Train Meta: MetaNormμ:4.0793 | Val Meta: MetaNormμ:4.0793
Epoch 10/20 | Steps: 1287 | LR: 0.000100 | Train Loss: 0.292571 | Val Loss: 0.197505 | Train Meta: MetaNormμ:4.0793 | Val Meta: MetaNormμ:4.0793
Epoch 11/20 | Steps: 1287 | LR: 0.000100 | Train Loss: 0.291886 | Val Loss: 0.194542 | Train Meta: MetaNormμ:4.0793 | Val Meta: MetaNormμ:4.0793
   -> Updated best validation state: val_loss=0.194542 at epoch 11
Epoch 12/20 | Steps: 1287 | LR: 0.000100 | Train Loss: 0.291572 | Val Loss: 0.196157 | Train Meta: MetaNormμ:4.0793 | Val Meta: MetaNormμ:4.0793
Epoch 13/20 | Steps: 1287 | LR: 0.000100 | Train Loss: 0.291165 | Val Loss: 0.195597 | Train Meta: MetaNormμ:4.0793 | Val Meta: MetaNormμ:4.0793
Epoch 14/20 | Steps: 1287 | LR: 0.000100 | Train Loss: 0.290941 | Val Loss: 0.194808 | Train Meta: MetaNormμ:4.0793 | Val Meta: MetaNormμ:4.0793
Epoch 15/20 | Steps: 1287 | LR: 0.000100 | Train Loss: 0.291135 | Val Loss: 0.194588 | Train Meta: MetaNormμ:4.0793 | Val Meta: MetaNormμ:4.0793
Epoch 16/20 | Steps: 1287 | LR: 0.000100 | Train Loss: 0.290646 | Val Loss: 0.193634 | Train Meta: MetaNormμ:4.0793 | Val Meta: MetaNormμ:4.0793
   -> Updated best validation state: val_loss=0.193634 at epoch 16
Epoch 17/20 | Steps: 1287 | LR: 0.000100 | Train Loss: 0.289838 | Val Loss: 0.194450 | Train Meta: MetaNormμ:4.0793 | Val Meta: MetaNormμ:4.0793
Epoch 18/20 | Steps: 1287 | LR: 0.000100 | Train Loss: 0.290265 | Val Loss: 0.193741 | Train Meta: MetaNormμ:4.0793 | Val Meta: MetaNormμ:4.0793
Epoch 19/20 | Steps: 1287 | LR: 0.000100 | Train Loss: 0.289589 | Val Loss: 0.195494 | Train Meta: MetaNormμ:4.0793 | Val Meta: MetaNormμ:4.0793
Epoch 20/20 | Steps: 1287 | LR: 0.000100 | Train Loss: 0.289383 | Val Loss: 0.193609 | Train Meta: MetaNormμ:4.0793 | Val Meta: MetaNormμ:4.0793
   -> Updated best validation state: val_loss=0.193609 at epoch 20
{'test_mse': 0.18196386098861694, 'test_mae': 0.2868879437446594}
Saved best forecasting checkpoint under checkpoints/forecasting_ettm2_96/electricity_laya_mixer_concat_text_best.pt
Saved attention maps for 3 sample(s) under ./runs/forecasting_electricity_to_ETTm2_laya_mixer_concat_text/pred_96/attention_maps
Text metadata preview | dataset=ETTm2 | domain=ETTm2 | channels=7
   - HUFL: In the ETTm2 domain, this channel belongs to the ETTm2 dataset and represents the feature HUFL.
   - HULL: In the ETTm2 domain, this channel belongs to the ETTm2 dataset and represents the feature HULL.
   - ... (5 more channel descriptions)
/data/pjh_workspace/ts-env/lib/python3.8/site-packages/torch/nn/modules/transformer.py:307: UserWarning: enable_nested_tensor is True, but self.use_nested_tensor is False because encoder_layer.norm_first was True
  warnings.warn(f"enable_nested_tensor is True, but self.use_nested_tensor is False because {why_not_sparsity_fast_path}")
==================================================
🚀 Architecture: LAYA
📊 Target Dataset: ETTm2 (Channels: 7)
📊 Pretrain Info: electricity (Detected Channels: 7)
📊 Prediction Length: 192
==================================================
✅ Loaded pretrained encoder from ./checkpoints/electricity_laya_mixer_concat_text/laya_ts_electricity_s_best.pt
   - 107/107 keys matched.
ℹ️ Channel Adapter: disabled
📝 metadata: mode=text, fusion=concat_kv, relation=none
ℹ️ RevIN: enabled | affine=False | subtract_last=False | eps=1e-05
ℹ️ Metadata Fusion Mode: concat_kv
ℹ️ Channel Mixer Relation Mode: none
ℹ️ Encoder Variant: default
ℹ️ Channel Relation Block: disabled
✅ Probing Head [Mixer, channel-wise]: [B*C, 1024] -> [B, 7, 192]
Epoch 1/20 | Steps: 1284 | LR: 0.000100 | Train Loss: 0.368860 | Val Loss: 0.236968 | Train Meta: MetaNormμ:4.0793 | Val Meta: MetaNormμ:4.0793
   -> Updated best validation state: val_loss=0.236968 at epoch 1
Epoch 2/20 | Steps: 1284 | LR: 0.000100 | Train Loss: 0.360158 | Val Loss: 0.234654 | Train Meta: MetaNormμ:4.0793 | Val Meta: MetaNormμ:4.0793
   -> Updated best validation state: val_loss=0.234654 at epoch 2
Epoch 3/20 | Steps: 1284 | LR: 0.000100 | Train Loss: 0.359086 | Val Loss: 0.233633 | Train Meta: MetaNormμ:4.0793 | Val Meta: MetaNormμ:4.0793
   -> Updated best validation state: val_loss=0.233633 at epoch 3
Epoch 4/20 | Steps: 1284 | LR: 0.000100 | Train Loss: 0.358313 | Val Loss: 0.235579 | Train Meta: MetaNormμ:4.0793 | Val Meta: MetaNormμ:4.0793
Epoch 5/20 | Steps: 1284 | LR: 0.000100 | Train Loss: 0.357889 | Val Loss: 0.236950 | Train Meta: MetaNormμ:4.0793 | Val Meta: MetaNormμ:4.0793
Epoch 6/20 | Steps: 1284 | LR: 0.000100 | Train Loss: 0.357251 | Val Loss: 0.234311 | Train Meta: MetaNormμ:4.0793 | Val Meta: MetaNormμ:4.0793
Epoch 7/20 | Steps: 1284 | LR: 0.000100 | Train Loss: 0.356800 | Val Loss: 0.233911 | Train Meta: MetaNormμ:4.0793 | Val Meta: MetaNormμ:4.0793
Epoch 8/20 | Steps: 1284 | LR: 0.000100 | Train Loss: 0.355970 | Val Loss: 0.235060 | Train Meta: MetaNormμ:4.0793 | Val Meta: MetaNormμ:4.0793
Epoch 9/20 | Steps: 1284 | LR: 0.000100 | Train Loss: 0.355913 | Val Loss: 0.233003 | Train Meta: MetaNormμ:4.0793 | Val Meta: MetaNormμ:4.0793
   -> Updated best validation state: val_loss=0.233003 at epoch 9
Epoch 10/20 | Steps: 1284 | LR: 0.000100 | Train Loss: 0.355346 | Val Loss: 0.233523 | Train Meta: MetaNormμ:4.0793 | Val Meta: MetaNormμ:4.0793
Epoch 11/20 | Steps: 1284 | LR: 0.000100 | Train Loss: 0.355082 | Val Loss: 0.232338 | Train Meta: MetaNormμ:4.0793 | Val Meta: MetaNormμ:4.0793
   -> Updated best validation state: val_loss=0.232338 at epoch 11
Epoch 12/20 | Steps: 1284 | LR: 0.000100 | Train Loss: 0.354487 | Val Loss: 0.234546 | Train Meta: MetaNormμ:4.0793 | Val Meta: MetaNormμ:4.0793
Epoch 13/20 | Steps: 1284 | LR: 0.000100 | Train Loss: 0.354607 | Val Loss: 0.234318 | Train Meta: MetaNormμ:4.0793 | Val Meta: MetaNormμ:4.0793
Epoch 14/20 | Steps: 1284 | LR: 0.000100 | Train Loss: 0.354240 | Val Loss: 0.234306 | Train Meta: MetaNormμ:4.0793 | Val Meta: MetaNormμ:4.0793
Epoch 15/20 | Steps: 1284 | LR: 0.000100 | Train Loss: 0.353947 | Val Loss: 0.231943 | Train Meta: MetaNormμ:4.0793 | Val Meta: MetaNormμ:4.0793
   -> Updated best validation state: val_loss=0.231943 at epoch 15
Epoch 16/20 | Steps: 1284 | LR: 0.000100 | Train Loss: 0.353668 | Val Loss: 0.235966 | Train Meta: MetaNormμ:4.0793 | Val Meta: MetaNormμ:4.0793
Epoch 17/20 | Steps: 1284 | LR: 0.000100 | Train Loss: 0.353065 | Val Loss: 0.233368 | Train Meta: MetaNormμ:4.0793 | Val Meta: MetaNormμ:4.0793
Epoch 18/20 | Steps: 1284 | LR: 0.000100 | Train Loss: 0.353023 | Val Loss: 0.232675 | Train Meta: MetaNormμ:4.0793 | Val Meta: MetaNormμ:4.0793
Epoch 19/20 | Steps: 1284 | LR: 0.000100 | Train Loss: 0.352558 | Val Loss: 0.233061 | Train Meta: MetaNormμ:4.0793 | Val Meta: MetaNormμ:4.0793
Epoch 20/20 | Steps: 1284 | LR: 0.000100 | Train Loss: 0.352860 | Val Loss: 0.233513 | Train Meta: MetaNormμ:4.0793 | Val Meta: MetaNormμ:4.0793
{'test_mse': 0.2097824215888977, 'test_mae': 0.3065619170665741}
Saved best forecasting checkpoint under checkpoints/forecasting_ettm2_192/electricity_laya_mixer_concat_text_best.pt
Saved attention maps for 3 sample(s) under ./runs/forecasting_electricity_to_ETTm2_laya_mixer_concat_text/pred_192/attention_maps
Text metadata preview | dataset=ETTm2 | domain=ETTm2 | channels=7
   - HUFL: In the ETTm2 domain, this channel belongs to the ETTm2 dataset and represents the feature HUFL.
   - HULL: In the ETTm2 domain, this channel belongs to the ETTm2 dataset and represents the feature HULL.
   - ... (5 more channel descriptions)
/data/pjh_workspace/ts-env/lib/python3.8/site-packages/torch/nn/modules/transformer.py:307: UserWarning: enable_nested_tensor is True, but self.use_nested_tensor is False because encoder_layer.norm_first was True
  warnings.warn(f"enable_nested_tensor is True, but self.use_nested_tensor is False because {why_not_sparsity_fast_path}")
==================================================
🚀 Architecture: LAYA
📊 Target Dataset: ETTm2 (Channels: 7)
📊 Pretrain Info: electricity (Detected Channels: 7)
📊 Prediction Length: 336
==================================================
✅ Loaded pretrained encoder from ./checkpoints/electricity_laya_mixer_concat_text/laya_ts_electricity_s_best.pt
   - 107/107 keys matched.
ℹ️ Channel Adapter: disabled
📝 metadata: mode=text, fusion=concat_kv, relation=none
ℹ️ RevIN: enabled | affine=False | subtract_last=False | eps=1e-05
ℹ️ Metadata Fusion Mode: concat_kv
ℹ️ Channel Mixer Relation Mode: none
ℹ️ Encoder Variant: default
ℹ️ Channel Relation Block: disabled
✅ Probing Head [Mixer, channel-wise]: [B*C, 1024] -> [B, 7, 336]
Epoch 1/20 | Steps: 1280 | LR: 0.000100 | Train Loss: 0.438550 | Val Loss: 0.276438 | Train Meta: MetaNormμ:4.0793 | Val Meta: MetaNormμ:4.0793
   -> Updated best validation state: val_loss=0.276438 at epoch 1
Epoch 2/20 | Steps: 1280 | LR: 0.000100 | Train Loss: 0.428965 | Val Loss: 0.271736 | Train Meta: MetaNormμ:4.0793 | Val Meta: MetaNormμ:4.0793
   -> Updated best validation state: val_loss=0.271736 at epoch 2
Epoch 3/20 | Steps: 1280 | LR: 0.000100 | Train Loss: 0.428528 | Val Loss: 0.274341 | Train Meta: MetaNormμ:4.0793 | Val Meta: MetaNormμ:4.0793
Epoch 4/20 | Steps: 1280 | LR: 0.000100 | Train Loss: 0.427428 | Val Loss: 0.270918 | Train Meta: MetaNormμ:4.0793 | Val Meta: MetaNormμ:4.0793
   -> Updated best validation state: val_loss=0.270918 at epoch 4
Epoch 5/20 | Steps: 1280 | LR: 0.000100 | Train Loss: 0.426682 | Val Loss: 0.273904 | Train Meta: MetaNormμ:4.0793 | Val Meta: MetaNormμ:4.0793
Epoch 6/20 | Steps: 1280 | LR: 0.000100 | Train Loss: 0.426089 | Val Loss: 0.272408 | Train Meta: MetaNormμ:4.0793 | Val Meta: MetaNormμ:4.0793
Epoch 7/20 | Steps: 1280 | LR: 0.000100 | Train Loss: 0.426290 | Val Loss: 0.270042 | Train Meta: MetaNormμ:4.0793 | Val Meta: MetaNormμ:4.0793
   -> Updated best validation state: val_loss=0.270042 at epoch 7
