nohup: ignoring input
🚀 Laya-TS Pretraining: electricity (laya + mixer_concat_text_stats_avg)
📊 data_path: ../Dataset/long_term_forecast/electricity/electricity.csv
📝 metadata: mode=text_stats_avg, fusion=concat_kv, relation=none, stats_dim=384
📝 log_dir: ./runs/pretrain_electricity_laya_mixer_concat_text_stats_avg
Text metadata preview | dataset=electricity | domain=electricity | channels=321
   - 0: In the electricity domain, this channel belongs to the electricity dataset and represents the feature 0.
   - 1: In the electricity domain, this channel belongs to the electricity dataset and represents the feature 1.
   - ... (319 more channel descriptions)
Stats metadata preview | dataset=electricity | domain=electricity | channels=321
   - 0: Channel statistics over the training split: mean value is -0.000, standard deviation is 1.000, minimum value is -1.018, maximum value is 4.540, median value is -0.531, and mean absolute value is 0.830.
/data/pjh_workspace/ts-env/lib/python3.8/site-packages/torch/nn/modules/transformer.py:307: UserWarning: enable_nested_tensor is True, but self.use_nested_tensor is False because encoder_layer.norm_first was True
  warnings.warn(f"enable_nested_tensor is True, but self.use_nested_tensor is False because {why_not_sparsity_fast_path}")
📊 Dataset Statistics:
   - Sequence Length (T): 512
   - Train Samples: 17903, Steps: 559
   - Val Samples: 2119, Steps: 67
🔧 Encoder Hyperparameters:
   - d_model: 256
   - n_heads: 8
   - n_layers: 3
   - proj_dim: 128
   - predictor_depth: 2
   - predictor_heads: 4
   - patch_size: 16
   - metadata_fusion_mode: concat_kv
   - channel_mixer_relation_mode: none
   - encoder_variant: default
   - temporal_patchifier_mode: fixed
   - use_channel_relation_block: False
🧮 Parameter Counts:
   - Total Parameters: 4,474,400
   - Trainable Parameters: 4,474,400
⏱️ Schedule:
   - total_steps: 55900
   - warmup_steps: 5590
   - derived_epochs: 100
Epoch 1/100 | Steps: 559 | LR: 0.000010 | Train Loss: 1.859927 (P:0.8483, S:0.2332, Q:1.0000) | Val Loss: 1.985706 (P:0.9640, S:0.4345, Q:1.0000) | Repr L2μ: 2.8333 Val L2μ: 1.4691 | Repr Cosμ: 0.9778 Val Cosμ: 0.9942 | Pred→Target Cosμ: 0.3871 Val Cosμ: 0.3314 | Repr NormRatio: 1.0666 Val NormRatio: 1.0308 | Train Meta: MetaNormμ:3.8885 | Val Meta: MetaNormμ:3.9145
   -> Saved improved checkpoint: val_loss=1.985706 at epoch 1
Epoch 2/100 | Steps: 559 | LR: 0.000020 | Train Loss: 1.664826 (P:0.6590, S:0.1202, Q:0.9998) | Val Loss: 2.080355 (P:1.0598, S:0.4238, Q:0.9994) | Repr L2μ: 2.7194 Val L2μ: 1.4497 | Repr Cosμ: 0.9796 Val Cosμ: 0.9943 | Pred→Target Cosμ: 0.6278 Val Cosμ: 0.3553 | Repr NormRatio: 1.0591 Val NormRatio: 1.0295 | Train Meta: MetaNormμ:3.9159 | Val Meta: MetaNormμ:3.9382
Epoch 3/100 | Steps: 559 | LR: 0.000030 | Train Loss: 1.422433 (P:0.4508, S:0.0812, Q:0.9675) | Val Loss: 1.853746 (P:0.9902, S:0.4113, Q:0.8430) | Repr L2μ: 3.0340 Val L2μ: 2.8191 | Repr Cosμ: 0.9730 Val Cosμ: 0.9751 | Pred→Target Cosμ: 0.8862 Val Cosμ: 0.4084 | Repr NormRatio: 1.0682 Val NormRatio: 1.0757 | Train Meta: MetaNormμ:2.9143 | Val Meta: MetaNormμ:0.7270
   -> Saved improved checkpoint: val_loss=1.853746 at epoch 3
Epoch 4/100 | Steps: 559 | LR: 0.000040 | Train Loss: 1.008496 (P:0.3981, S:0.0671, Q:0.6070) | Val Loss: 1.555783 (P:1.0345, S:0.4260, Q:0.5000) | Repr L2μ: 4.3965 Val L2μ: 2.8290 | Repr Cosμ: 0.9403 Val Cosμ: 0.9760 | Pred→Target Cosμ: 0.9098 Val Cosμ: 0.3994 | Repr NormRatio: 1.0962 Val NormRatio: 1.0528 | Train Meta: MetaNormμ:1.6737 | Val Meta: MetaNormμ:2.6070
   -> Saved improved checkpoint: val_loss=1.555783 at epoch 4
Epoch 5/100 | Steps: 559 | LR: 0.000050 | Train Loss: 0.828049 (P:0.3405, S:0.0550, Q:0.4847) | Val Loss: 1.466236 (P:0.9691, S:0.4382, Q:0.4752) | Repr L2μ: 5.0870 Val L2μ: 3.0732 | Repr Cosμ: 0.9225 Val Cosμ: 0.9725 | Pred→Target Cosμ: 0.9208 Val Cosμ: 0.4404 | Repr NormRatio: 1.0876 Val NormRatio: 1.0334 | Train Meta: MetaNormμ:2.6560 | Val Meta: MetaNormμ:2.5999
   -> Saved improved checkpoint: val_loss=1.466236 at epoch 5
Epoch 6/100 | Steps: 559 | LR: 0.000060 | Train Loss: 0.734461 (P:0.2710, S:0.0497, Q:0.4610) | Val Loss: 1.564865 (P:1.1045, S:0.5074, Q:0.4350) | Repr L2μ: 5.7248 Val L2μ: 3.1575 | Repr Cosμ: 0.9047 Val Cosμ: 0.9722 | Pred→Target Cosμ: 0.9121 Val Cosμ: 0.4489 | Repr NormRatio: 1.0670 Val NormRatio: 1.0291 | Train Meta: MetaNormμ:2.3056 | Val Meta: MetaNormμ:2.0096
Epoch 7/100 | Steps: 559 | LR: 0.000070 | Train Loss: 0.592774 (P:0.1806, S:0.0490, Q:0.4097) | Val Loss: 1.239154 (P:0.8454, S:0.4308, Q:0.3722) | Repr L2μ: 7.2527 Val L2μ: 6.1144 | Repr Cosμ: 0.8581 Val Cosμ: 0.8980 | Pred→Target Cosμ: 0.9221 Val Cosμ: 0.6420 | Repr NormRatio: 1.0542 Val NormRatio: 1.0126 | Train Meta: MetaNormμ:2.2577 | Val Meta: MetaNormμ:2.9341
   -> Saved improved checkpoint: val_loss=1.239154 at epoch 7
Epoch 8/100 | Steps: 559 | LR: 0.000080 | Train Loss: 0.462273 (P:0.1141, S:0.0528, Q:0.3456) | Val Loss: 0.988327 (P:0.6377, S:0.3799, Q:0.3317) | Repr L2μ: 8.3138 Val L2μ: 6.2123 | Repr Cosμ: 0.8276 Val Cosμ: 0.8999 | Pred→Target Cosμ: 0.9400 Val Cosμ: 0.6565 | Repr NormRatio: 1.0382 Val NormRatio: 1.0169 | Train Meta: MetaNormμ:3.1152 | Val Meta: MetaNormμ:3.1841
   -> Saved improved checkpoint: val_loss=0.988327 at epoch 8
Epoch 9/100 | Steps: 559 | LR: 0.000090 | Train Loss: 0.418516 (P:0.1030, S:0.0599, Q:0.3125) | Val Loss: 0.900783 (P:0.5897, S:0.3334, Q:0.2944) | Repr L2μ: 7.5357 Val L2μ: 5.5093 | Repr Cosμ: 0.8565 Val Cosμ: 0.9207 | Pred→Target Cosμ: 0.9468 Val Cosμ: 0.7560 | Repr NormRatio: 1.0344 Val NormRatio: 1.0206 | Train Meta: MetaNormμ:3.1351 | Val Meta: MetaNormμ:2.9929
   -> Saved improved checkpoint: val_loss=0.900783 at epoch 9
Epoch 10/100 | Steps: 559 | LR: 0.000100 | Train Loss: 0.357049 (P:0.0773, S:0.0555, Q:0.2769) | Val Loss: 0.930358 (P:0.6511, S:0.3083, Q:0.2639) | Repr L2μ: 7.1405 Val L2μ: 5.2136 | Repr Cosμ: 0.8758 Val Cosμ: 0.9273 | Pred→Target Cosμ: 0.9646 Val Cosμ: 0.7164 | Repr NormRatio: 1.0204 Val NormRatio: 1.0144 | Train Meta: MetaNormμ:3.1292 | Val Meta: MetaNormμ:3.2526
Epoch 11/100 | Steps: 559 | LR: 0.000100 | Train Loss: 0.362512 (P:0.1127, S:0.0652, Q:0.2466) | Val Loss: 0.760746 (P:0.5133, S:0.2840, Q:0.2332) | Repr L2μ: 6.8835 Val L2μ: 7.6294 | Repr Cosμ: 0.8763 Val Cosμ: 0.8410 | Pred→Target Cosμ: 0.9600 Val Cosμ: 0.7325 | Repr NormRatio: 1.0342 Val NormRatio: 1.0227 | Train Meta: MetaNormμ:3.2765 | Val Meta: MetaNormμ:3.2905
   -> Saved improved checkpoint: val_loss=0.760746 at epoch 11
Epoch 12/100 | Steps: 559 | LR: 0.000100 | Train Loss: 0.347913 (P:0.1159, S:0.0645, Q:0.2287) | Val Loss: 0.918649 (P:0.6779, S:0.3882, Q:0.2213) | Repr L2μ: 6.2921 Val L2μ: 5.1958 | Repr Cosμ: 0.8956 Val Cosμ: 0.9280 | Pred→Target Cosμ: 0.9641 Val Cosμ: 0.6294 | Repr NormRatio: 1.0257 Val NormRatio: 1.0161 | Train Meta: MetaNormμ:3.3167 | Val Meta: MetaNormμ:3.4068
Epoch 13/100 | Steps: 559 | LR: 0.000100 | Train Loss: 0.343828 (P:0.1227, S:0.0647, Q:0.2179) | Val Loss: 0.604352 (P:0.3855, S:0.1762, Q:0.2101) | Repr L2μ: 5.8510 Val L2μ: 6.9430 | Repr Cosμ: 0.9096 Val Cosμ: 0.8624 | Pred→Target Cosμ: 0.9670 Val Cosμ: 0.8323 | Repr NormRatio: 1.0208 Val NormRatio: 1.0093 | Train Meta: MetaNormμ:3.3297 | Val Meta: MetaNormμ:3.1413
   -> Saved improved checkpoint: val_loss=0.604352 at epoch 13
Epoch 14/100 | Steps: 559 | LR: 0.000100 | Train Loss: 0.324639 (P:0.1423, S:0.0724, Q:0.1787) | Val Loss: 0.848085 (P:0.6923, S:0.2508, Q:0.1432) | Repr L2μ: 5.0538 Val L2μ: 4.6173 | Repr Cosμ: 0.9328 Val Cosμ: 0.9420 | Pred→Target Cosμ: 0.9646 Val Cosμ: 0.7792 | Repr NormRatio: 1.0253 Val NormRatio: 1.0220 | Train Meta: MetaNormμ:2.8937 | Val Meta: MetaNormμ:2.6870
Epoch 15/100 | Steps: 559 | LR: 0.000099 | Train Loss: 0.226648 (P:0.0941, S:0.0665, Q:0.1292) | Val Loss: 0.996237 (P:0.8710, S:0.2622, Q:0.1122) | Repr L2μ: 5.4326 Val L2μ: 4.3442 | Repr Cosμ: 0.9231 Val Cosμ: 0.9458 | Pred→Target Cosμ: 0.9777 Val Cosμ: 0.6677 | Repr NormRatio: 1.0212 Val NormRatio: 1.0078 | Train Meta: MetaNormμ:2.6881 | Val Meta: MetaNormμ:2.6111
Epoch 16/100 | Steps: 559 | LR: 0.000099 | Train Loss: 0.246454 (P:0.1334, S:0.0804, Q:0.1090) | Val Loss: 0.876272 (P:0.7603, S:0.3647, Q:0.0977) | Repr L2μ: 6.1893 Val L2μ: 4.8767 | Repr Cosμ: 0.8954 Val Cosμ: 0.9315 | Pred→Target Cosμ: 0.9745 Val Cosμ: 0.7694 | Repr NormRatio: 1.0202 Val NormRatio: 1.0277 | Train Meta: MetaNormμ:2.6539 | Val Meta: MetaNormμ:2.6409
Epoch 17/100 | Steps: 559 | LR: 0.000099 | Train Loss: 0.206261 (P:0.1205, S:0.0691, Q:0.0823) | Val Loss: 0.863813 (P:0.7799, S:0.3145, Q:0.0682) | Repr L2μ: 5.3542 Val L2μ: 4.8261 | Repr Cosμ: 0.9232 Val Cosμ: 0.9335 | Pred→Target Cosμ: 0.9787 Val Cosμ: 0.6790 | Repr NormRatio: 1.0285 Val NormRatio: 1.0283 | Train Meta: MetaNormμ:2.7481 | Val Meta: MetaNormμ:2.8416
Epoch 18/100 | Steps: 559 | LR: 0.000098 | Train Loss: 0.153307 (P:0.0919, S:0.0595, Q:0.0584) | Val Loss: 0.843677 (P:0.7787, S:0.2291, Q:0.0535) | Repr L2μ: 5.1449 Val L2μ: 4.5146 | Repr Cosμ: 0.9309 Val Cosμ: 0.9433 | Pred→Target Cosμ: 0.9803 Val Cosμ: 0.7664 | Repr NormRatio: 1.0234 Val NormRatio: 1.0291 | Train Meta: MetaNormμ:2.8612 | Val Meta: MetaNormμ:2.8211
Epoch 19/100 | Steps: 559 | LR: 0.000098 | Train Loss: 0.151145 (P:0.0996, S:0.0577, Q:0.0486) | Val Loss: 1.033357 (P:0.9719, S:0.2994, Q:0.0465) | Repr L2μ: 4.8567 Val L2μ: 4.0306 | Repr Cosμ: 0.9389 Val Cosμ: 0.9558 | Pred→Target Cosμ: 0.9823 Val Cosμ: 0.6477 | Repr NormRatio: 1.0294 Val NormRatio: 1.0158 | Train Meta: MetaNormμ:2.8289 | Val Meta: MetaNormμ:2.7909
Epoch 20/100 | Steps: 559 | LR: 0.000097 | Train Loss: 0.146767 (P:0.1001, S:0.0601, Q:0.0437) | Val Loss: 0.732567 (P:0.6762, S:0.2597, Q:0.0434) | Repr L2μ: 5.6685 Val L2μ: 6.3430 | Repr Cosμ: 0.9123 Val Cosμ: 0.8655 | Pred→Target Cosμ: 0.9827 Val Cosμ: 0.7705 | Repr NormRatio: 1.0518 Val NormRatio: 1.0236 | Train Meta: MetaNormμ:2.7450 | Val Meta: MetaNormμ:2.6998
Epoch 21/100 | Steps: 559 | LR: 0.000096 | Train Loss: 0.134203 (P:0.0925, S:0.0659, Q:0.0384) | Val Loss: 0.714642 (P:0.6670, S:0.2493, Q:0.0352) | Repr L2μ: 6.8347 Val L2μ: 5.2454 | Repr Cosμ: 0.8728 Val Cosμ: 0.9190 | Pred→Target Cosμ: 0.9813 Val Cosμ: 0.7947 | Repr NormRatio: 1.0391 Val NormRatio: 1.0345 | Train Meta: MetaNormμ:2.7983 | Val Meta: MetaNormμ:2.7714
Epoch 22/100 | Steps: 559 | LR: 0.000096 | Train Loss: 0.106723 (P:0.0717, S:0.0507, Q:0.0325) | Val Loss: 0.729873 (P:0.6862, S:0.1986, Q:0.0337) | Repr L2μ: 6.5325 Val L2μ: 5.3136 | Repr Cosμ: 0.8867 Val Cosμ: 0.9187 | Pred→Target Cosμ: 0.9858 Val Cosμ: 0.8201 | Repr NormRatio: 1.0316 Val NormRatio: 1.0189 | Train Meta: MetaNormμ:2.7464 | Val Meta: MetaNormμ:2.5675
Epoch 23/100 | Steps: 559 | LR: 0.000095 | Train Loss: 0.111672 (P:0.0803, S:0.0676, Q:0.0280) | Val Loss: 0.747823 (P:0.7119, S:0.2081, Q:0.0255) | Repr L2μ: 6.9314 Val L2μ: 6.0001 | Repr Cosμ: 0.8646 Val Cosμ: 0.8870 | Pred→Target Cosμ: 0.9783 Val Cosμ: 0.7857 | Repr NormRatio: 1.0641 Val NormRatio: 1.0655 | Train Meta: MetaNormμ:2.7120 | Val Meta: MetaNormμ:2.7721
Epoch 24/100 | Steps: 559 | LR: 0.000094 | Train Loss: 0.082372 (P:0.0590, S:0.0567, Q:0.0205) | Val Loss: 1.004644 (P:0.9627, S:0.4774, Q:0.0181) | Repr L2μ: 7.0850 Val L2μ: 3.1182 | Repr Cosμ: 0.8532 Val Cosμ: 0.9731 | Pred→Target Cosμ: 0.9825 Val Cosμ: 0.6777 | Repr NormRatio: 1.0863 Val NormRatio: 1.0211 | Train Meta: MetaNormμ:2.8827 | Val Meta: MetaNormμ:2.8629
Epoch 25/100 | Steps: 559 | LR: 0.000093 | Train Loss: 0.074398 (P:0.0558, S:0.0570, Q:0.0158) | Val Loss: 0.872555 (P:0.8378, S:0.4037, Q:0.0146) | Repr L2μ: 5.9303 Val L2μ: 5.0318 | Repr Cosμ: 0.9009 Val Cosμ: 0.9225 | Pred→Target Cosμ: 0.9822 Val Cosμ: 0.6668 | Repr NormRatio: 1.0901 Val NormRatio: 1.1137 | Train Meta: MetaNormμ:2.9210 | Val Meta: MetaNormμ:2.9676
Epoch 26/100 | Steps: 559 | LR: 0.000092 | Train Loss: 0.065667 (P:0.0485, S:0.0573, Q:0.0143) | Val Loss: 0.760074 (P:0.7317, S:0.3082, Q:0.0129) | Repr L2μ: 7.1011 Val L2μ: 5.7637 | Repr Cosμ: 0.8508 Val Cosμ: 0.8980 | Pred→Target Cosμ: 0.9850 Val Cosμ: 0.7228 | Repr NormRatio: 1.0911 Val NormRatio: 1.0319 | Train Meta: MetaNormμ:2.9641 | Val Meta: MetaNormμ:2.9786
Epoch 27/100 | Steps: 559 | LR: 0.000092 | Train Loss: 0.061042 (P:0.0452, S:0.0544, Q:0.0132) | Val Loss: 0.899263 (P:0.8720, S:0.2972, Q:0.0124) | Repr L2μ: 6.5675 Val L2μ: 5.4638 | Repr Cosμ: 0.8706 Val Cosμ: 0.9049 | Pred→Target Cosμ: 0.9846 Val Cosμ: 0.6853 | Repr NormRatio: 1.0900 Val NormRatio: 1.1202 | Train Meta: MetaNormμ:3.0058 | Val Meta: MetaNormμ:3.0203
Epoch 28/100 | Steps: 559 | LR: 0.000091 | Train Loss: 0.045182 (P:0.0311, S:0.0486, Q:0.0116) | Val Loss: 0.848066 (P:0.8227, S:0.2711, Q:0.0118) | Repr L2μ: 6.7976 Val L2μ: 6.4622 | Repr Cosμ: 0.8605 Val Cosμ: 0.8495 | Pred→Target Cosμ: 0.9892 Val Cosμ: 0.7167 | Repr NormRatio: 1.1684 Val NormRatio: 1.2073 | Train Meta: MetaNormμ:3.0361 | Val Meta: MetaNormμ:3.0129
Epoch 29/100 | Steps: 559 | LR: 0.000090 | Train Loss: 0.050185 (P:0.0365, S:0.0488, Q:0.0113) | Val Loss: 0.849052 (P:0.8224, S:0.3141, Q:0.0110) | Repr L2μ: 6.3731 Val L2μ: 5.6434 | Repr Cosμ: 0.8745 Val Cosμ: 0.8938 | Pred→Target Cosμ: 0.9892 Val Cosμ: 0.6425 | Repr NormRatio: 1.1374 Val NormRatio: 1.1178 | Train Meta: MetaNormμ:3.0047 | Val Meta: MetaNormμ:3.0491
Epoch 30/100 | Steps: 559 | LR: 0.000088 | Train Loss: 0.041035 (P:0.0280, S:0.0437, Q:0.0108) | Val Loss: 0.797190 (P:0.7700, S:0.3330, Q:0.0106) | Repr L2μ: 6.9474 Val L2μ: 5.2657 | Repr Cosμ: 0.8580 Val Cosμ: 0.9100 | Pred→Target Cosμ: 0.9908 Val Cosμ: 0.6379 | Repr NormRatio: 1.2195 Val NormRatio: 1.1489 | Train Meta: MetaNormμ:3.0188 | Val Meta: MetaNormμ:3.0405
Epoch 31/100 | Steps: 559 | LR: 0.000087 | Train Loss: 0.038243 (P:0.0258, S:0.0434, Q:0.0103) | Val Loss: 0.724663 (P:0.6925, S:0.4399, Q:0.0101) | Repr L2μ: 7.1188 Val L2μ: 4.1853 | Repr Cosμ: 0.8499 Val Cosμ: 0.9397 | Pred→Target Cosμ: 0.9911 Val Cosμ: 0.7366 | Repr NormRatio: 1.2457 Val NormRatio: 1.0498 | Train Meta: MetaNormμ:3.0425 | Val Meta: MetaNormμ:3.0556
Epoch 32/100 | Steps: 559 | LR: 0.000086 | Train Loss: 0.056642 (P:0.0431, S:0.0495, Q:0.0110) | Val Loss: 0.782255 (P:0.7484, S:0.4698, Q:0.0104) | Repr L2μ: 6.8691 Val L2μ: 4.0332 | Repr Cosμ: 0.8560 Val Cosμ: 0.9494 | Pred→Target Cosμ: 0.9847 Val Cosμ: 0.7291 | Repr NormRatio: 1.1505 Val NormRatio: 1.0628 | Train Meta: MetaNormμ:3.0400 | Val Meta: MetaNormμ:3.0632
Epoch 33/100 | Steps: 559 | LR: 0.000085 | Train Loss: 0.035945 (P:0.0237, S:0.0444, Q:0.0100) | Val Loss: 0.729408 (P:0.6998, S:0.3982, Q:0.0097) | Repr L2μ: 6.3751 Val L2μ: 5.0005 | Repr Cosμ: 0.8859 Val Cosμ: 0.9212 | Pred→Target Cosμ: 0.9896 Val Cosμ: 0.6791 | Repr NormRatio: 1.0529 Val NormRatio: 1.0319 | Train Meta: MetaNormμ:3.0788 | Val Meta: MetaNormμ:3.0618
Epoch 34/100 | Steps: 559 | LR: 0.000084 | Train Loss: 0.033133 (P:0.0212, S:0.0426, Q:0.0098) | Val Loss: 0.698894 (P:0.6715, S:0.3568, Q:0.0096) | Repr L2μ: 7.4301 Val L2μ: 3.7075 | Repr Cosμ: 0.8420 Val Cosμ: 0.9598 | Pred→Target Cosμ: 0.9899 Val Cosμ: 0.6661 | Repr NormRatio: 1.0592 Val NormRatio: 1.0189 | Train Meta: MetaNormμ:3.0709 | Val Meta: MetaNormμ:3.0602
Epoch 35/100 | Steps: 559 | LR: 0.000082 | Train Loss: 0.029665 (P:0.0181, S:0.0404, Q:0.0096) | Val Loss: 0.638508 (P:0.6102, S:0.3782, Q:0.0094) | Repr L2μ: 7.9901 Val L2μ: 5.0094 | Repr Cosμ: 0.8209 Val Cosμ: 0.9222 | Pred→Target Cosμ: 0.9904 Val Cosμ: 0.7142 | Repr NormRatio: 1.0658 Val NormRatio: 1.0403 | Train Meta: MetaNormμ:3.0423 | Val Meta: MetaNormμ:3.0227
Epoch 36/100 | Steps: 559 | LR: 0.000081 | Train Loss: 0.026222 (P:0.0149, S:0.0395, Q:0.0094) | Val Loss: 0.631167 (P:0.6064, S:0.3097, Q:0.0093) | Repr L2μ: 8.5888 Val L2μ: 5.8412 | Repr Cosμ: 0.7885 Val Cosμ: 0.8887 | Pred→Target Cosμ: 0.9919 Val Cosμ: 0.6836 | Repr NormRatio: 1.0867 Val NormRatio: 1.0993 | Train Meta: MetaNormμ:3.0419 | Val Meta: MetaNormμ:3.0264
Epoch 37/100 | Steps: 559 | LR: 0.000080 | Train Loss: 0.028992 (P:0.0175, S:0.0409, Q:0.0094) | Val Loss: 0.690654 (P:0.6645, S:0.3242, Q:0.0100) | Repr L2μ: 9.1997 Val L2μ: 6.5037 | Repr Cosμ: 0.7422 Val Cosμ: 0.8398 | Pred→Target Cosμ: 0.9907 Val Cosμ: 0.7571 | Repr NormRatio: 1.1335 Val NormRatio: 1.1301 | Train Meta: MetaNormμ:3.0293 | Val Meta: MetaNormμ:2.8889
Epoch 38/100 | Steps: 559 | LR: 0.000078 | Train Loss: 0.034051 (P:0.0223, S:0.0479, Q:0.0094) | Val Loss: 0.763909 (P:0.7403, S:0.2891, Q:0.0092) | Repr L2μ: 7.3353 Val L2μ: 4.9811 | Repr Cosμ: 0.8368 Val Cosμ: 0.9218 | Pred→Target Cosμ: 0.9892 Val Cosμ: 0.7191 | Repr NormRatio: 1.0838 Val NormRatio: 1.0574 | Train Meta: MetaNormμ:3.0558 | Val Meta: MetaNormμ:3.0786
Epoch 39/100 | Steps: 559 | LR: 0.000077 | Train Loss: 0.026377 (P:0.0153, S:0.0396, Q:0.0091) | Val Loss: 0.645375 (P:0.6214, S:0.2997, Q:0.0090) | Repr L2μ: 7.7914 Val L2μ: 5.2913 | Repr Cosμ: 0.8270 Val Cosμ: 0.9157 | Pred→Target Cosμ: 0.9920 Val Cosμ: 0.6732 | Repr NormRatio: 1.0718 Val NormRatio: 1.0283 | Train Meta: MetaNormμ:3.0402 | Val Meta: MetaNormμ:3.0560
Epoch 40/100 | Steps: 559 | LR: 0.000075 | Train Loss: 0.022809 (P:0.0119, S:0.0380, Q:0.0090) | Val Loss: 0.569363 (P:0.5435, S:0.3409, Q:0.0088) | Repr L2μ: 8.6108 Val L2μ: 5.1820 | Repr Cosμ: 0.7848 Val Cosμ: 0.9188 | Pred→Target Cosμ: 0.9932 Val Cosμ: 0.7041 | Repr NormRatio: 1.0981 Val NormRatio: 1.0455 | Train Meta: MetaNormμ:3.0645 | Val Meta: MetaNormμ:3.0676
   -> Saved improved checkpoint: val_loss=0.569363 at epoch 40
Epoch 41/100 | Steps: 559 | LR: 0.000074 | Train Loss: 0.027109 (P:0.0160, S:0.0415, Q:0.0090) | Val Loss: 0.676674 (P:0.6522, S:0.3110, Q:0.0089) | Repr L2μ: 8.0480 Val L2μ: 5.6574 | Repr Cosμ: 0.8072 Val Cosμ: 0.8975 | Pred→Target Cosμ: 0.9917 Val Cosμ: 0.6659 | Repr NormRatio: 1.0857 Val NormRatio: 1.0463 | Train Meta: MetaNormμ:3.0637 | Val Meta: MetaNormμ:3.0662
