nohup: ignoring input
🚀 Laya-TS Pretraining: electricity (laya + attention_suppress_gate)
📊 data_path: ../Dataset/long_term_forecast/electricity/electricity.csv
📝 metadata: mode=text, fusion=attention_suppress_gate, relation=none
🔗 suppression relation: metric=cosine, lambda_init=1.0, gamma_init=1.0
📝 log_dir: ./runs/pretrain_electricity_laya_attention_suppress_gate_text
Text metadata preview | dataset=electricity | domain=electricity | channels=321
   - 0: In the electricity domain, this channel belongs to the electricity dataset and represents the feature 0.
   - 1: In the electricity domain, this channel belongs to the electricity dataset and represents the feature 1.
   - ... (319 more channel descriptions)
📊 Dataset Statistics:
   - Sequence Length (T): 512
   - Train Samples: 17903, Steps: 559
   - Val Samples: 2119, Steps: 67
🔧 Encoder Hyperparameters:
   - d_model: 128
   - n_heads: 8
   - n_layers: 3
   - proj_dim: 256
   - patch_size: 16
   - metadata_fusion_mode: attention_suppress_gate
   - channel_mixer_relation_mode: none
   - description_relation_metric: cosine
   - description_relation_lambda_init: 1.0
   - description_relation_gamma_init: 1.0
   - encoder_variant: default
   - temporal_patchifier_mode: fixed
   - use_channel_relation_block: False
🧮 Parameter Counts:
   - Total Parameters: 4,330,434
   - Trainable Parameters: 4,330,434
⏱️ Schedule:
   - total_steps: 55900
   - warmup_steps: 5590
   - derived_epochs: 100
Epoch 1/100 | Steps: 559 | LR: 0.000010 | Train Loss: 1.754531 (P:0.7407, S:0.2769, Q:1.0000) | Val Loss: 1.656156 (P:0.6352, S:0.4192, Q:1.0000) | Repr L2μ: 5.8094 Val L2μ: 1.9729 | Repr Cosμ: 0.8133 Val Cosμ: 0.9805 | Pred→Target Cosμ: 0.5260 Val Cosμ: 0.6051 | Repr NormRatio: 1.0438 Val NormRatio: 1.0130 | Train Meta: Scaleμ:6.5661 | Val Meta: Scaleμ:6.5658
   -> Saved improved checkpoint: val_loss=1.656156 at epoch 1
Epoch 2/100 | Steps: 559 | LR: 0.000020 | Train Loss: 1.553155 (P:0.5435, S:0.1964, Q:0.9999) | Val Loss: 1.569505 (P:0.5486, S:0.4263, Q:0.9996) | Repr L2μ: 5.9420 Val L2μ: 2.2531 | Repr Cosμ: 0.8056 Val Cosμ: 0.9740 | Pred→Target Cosμ: 0.7353 Val Cosμ: 0.6716 | Repr NormRatio: 1.0518 Val NormRatio: 1.0164 | Train Meta: Scaleμ:6.5651 | Val Meta: Scaleμ:6.5643
   -> Saved improved checkpoint: val_loss=1.569505 at epoch 2
Epoch 3/100 | Steps: 559 | LR: 0.000030 | Train Loss: 1.384539 (P:0.3911, S:0.1268, Q:0.9871) | Val Loss: 1.482432 (P:0.5347, S:0.4118, Q:0.9271) | Repr L2μ: 5.3588 Val L2μ: 2.1097 | Repr Cosμ: 0.8393 Val Cosμ: 0.9767 | Pred→Target Cosμ: 0.8696 Val Cosμ: 0.6566 | Repr NormRatio: 1.0663 Val NormRatio: 1.0228 | Train Meta: Scaleμ:6.5631 | Val Meta: Scaleμ:6.5617
   -> Saved improved checkpoint: val_loss=1.482432 at epoch 3
Epoch 4/100 | Steps: 559 | LR: 0.000040 | Train Loss: 0.897093 (P:0.3372, S:0.0962, Q:0.5551) | Val Loss: 1.368456 (P:0.8988, S:0.4055, Q:0.4494) | Repr L2μ: 4.6368 Val L2μ: 1.5985 | Repr Cosμ: 0.8774 Val Cosμ: 0.9859 | Pred→Target Cosμ: 0.9144 Val Cosμ: 0.4035 | Repr NormRatio: 1.0585 Val NormRatio: 1.0331 | Train Meta: Scaleμ:6.5600 | Val Meta: Scaleμ:6.5581
   -> Saved improved checkpoint: val_loss=1.368456 at epoch 4
Epoch 5/100 | Steps: 559 | LR: 0.000050 | Train Loss: 0.718265 (P:0.3095, S:0.0770, Q:0.4049) | Val Loss: 1.011342 (P:0.6725, S:0.4571, Q:0.3160) | Repr L2μ: 4.4880 Val L2μ: 1.5135 | Repr Cosμ: 0.8882 Val Cosμ: 0.9866 | Pred→Target Cosμ: 0.9083 Val Cosμ: 0.5667 | Repr NormRatio: 1.0759 Val NormRatio: 1.0277 | Train Meta: Scaleμ:6.5559 | Val Meta: Scaleμ:6.5535
   -> Saved improved checkpoint: val_loss=1.011342 at epoch 5
Epoch 6/100 | Steps: 559 | LR: 0.000060 | Train Loss: 0.572567 (P:0.2716, S:0.0701, Q:0.2975) | Val Loss: 0.820164 (P:0.5422, S:0.4779, Q:0.2541) | Repr L2μ: 4.6267 Val L2μ: 1.3642 | Repr Cosμ: 0.8842 Val Cosμ: 0.9895 | Pred→Target Cosμ: 0.8983 Val Cosμ: 0.6914 | Repr NormRatio: 1.0910 Val NormRatio: 1.0225 | Train Meta: Scaleμ:6.5508 | Val Meta: Scaleμ:6.5479
   -> Saved improved checkpoint: val_loss=0.820164 at epoch 6
Epoch 7/100 | Steps: 559 | LR: 0.000070 | Train Loss: 0.485382 (P:0.2314, S:0.0616, Q:0.2509) | Val Loss: 0.665405 (P:0.4074, S:0.4248, Q:0.2368) | Repr L2μ: 4.2269 Val L2μ: 1.3657 | Repr Cosμ: 0.9062 Val Cosμ: 0.9897 | Pred→Target Cosμ: 0.8983 Val Cosμ: 0.7482 | Repr NormRatio: 1.0876 Val NormRatio: 1.0212 | Train Meta: Scaleμ:6.5447 | Val Meta: Scaleμ:6.5413
   -> Saved improved checkpoint: val_loss=0.665405 at epoch 7
Epoch 8/100 | Steps: 559 | LR: 0.000080 | Train Loss: 0.436312 (P:0.1988, S:0.0561, Q:0.2347) | Val Loss: 0.752759 (P:0.5020, S:0.4404, Q:0.2287) | Repr L2μ: 4.0863 Val L2μ: 1.1839 | Repr Cosμ: 0.9128 Val Cosμ: 0.9924 | Pred→Target Cosμ: 0.8973 Val Cosμ: 0.6560 | Repr NormRatio: 1.0916 Val NormRatio: 1.0179 | Train Meta: Scaleμ:6.5376 | Val Meta: Scaleμ:6.5337
Epoch 9/100 | Steps: 559 | LR: 0.000090 | Train Loss: 0.403028 (P:0.1735, S:0.0519, Q:0.2269) | Val Loss: 0.639609 (P:0.3942, S:0.4316, Q:0.2239) | Repr L2μ: 4.0124 Val L2μ: 1.4452 | Repr Cosμ: 0.9161 Val Cosμ: 0.9882 | Pred→Target Cosμ: 0.8920 Val Cosμ: 0.7024 | Repr NormRatio: 1.1011 Val NormRatio: 1.0218 | Train Meta: Scaleμ:6.5295 | Val Meta: Scaleμ:6.5252
   -> Saved improved checkpoint: val_loss=0.639609 at epoch 9
Epoch 10/100 | Steps: 559 | LR: 0.000100 | Train Loss: 0.370184 (P:0.1455, S:0.0482, Q:0.2223) | Val Loss: 0.635563 (P:0.3929, S:0.4470, Q:0.2204) | Repr L2μ: 3.9144 Val L2μ: 1.3301 | Repr Cosμ: 0.9204 Val Cosμ: 0.9900 | Pred→Target Cosμ: 0.8907 Val Cosμ: 0.7039 | Repr NormRatio: 1.1073 Val NormRatio: 1.0201 | Train Meta: Scaleμ:6.5205 | Val Meta: Scaleμ:6.5156
   -> Saved improved checkpoint: val_loss=0.635563 at epoch 10
Epoch 11/100 | Steps: 559 | LR: 0.000100 | Train Loss: 0.340900 (P:0.1196, S:0.0457, Q:0.2191) | Val Loss: 0.655255 (P:0.4162, S:0.4287, Q:0.2176) | Repr L2μ: 3.9122 Val L2μ: 1.2147 | Repr Cosμ: 0.9204 Val Cosμ: 0.9918 | Pred→Target Cosμ: 0.8885 Val Cosμ: 0.6359 | Repr NormRatio: 1.1174 Val NormRatio: 1.0195 | Train Meta: Scaleμ:6.5106 | Val Meta: Scaleμ:6.5055
Epoch 12/100 | Steps: 559 | LR: 0.000100 | Train Loss: 0.318356 (P:0.0996, S:0.0437, Q:0.2166) | Val Loss: 0.624122 (P:0.3860, S:0.4594, Q:0.2152) | Repr L2μ: 3.9142 Val L2μ: 1.3057 | Repr Cosμ: 0.9197 Val Cosμ: 0.9902 | Pred→Target Cosμ: 0.8874 Val Cosμ: 0.6560 | Repr NormRatio: 1.1280 Val NormRatio: 1.0229 | Train Meta: Scaleμ:6.5005 | Val Meta: Scaleμ:6.4956
   -> Saved improved checkpoint: val_loss=0.624122 at epoch 12
Epoch 13/100 | Steps: 559 | LR: 0.000100 | Train Loss: 0.300846 (P:0.0843, S:0.0416, Q:0.2145) | Val Loss: 0.563895 (P:0.3279, S:0.4589, Q:0.2131) | Repr L2μ: 4.0092 Val L2μ: 1.2751 | Repr Cosμ: 0.9146 Val Cosμ: 0.9906 | Pred→Target Cosμ: 0.8889 Val Cosμ: 0.7071 | Repr NormRatio: 1.1431 Val NormRatio: 1.0250 | Train Meta: Scaleμ:6.4906 | Val Meta: Scaleμ:6.4856
   -> Saved improved checkpoint: val_loss=0.563895 at epoch 13
Epoch 14/100 | Steps: 559 | LR: 0.000100 | Train Loss: 0.285575 (P:0.0733, S:0.0403, Q:0.2102) | Val Loss: 0.555363 (P:0.3315, S:0.4482, Q:0.2015) | Repr L2μ: 4.1429 Val L2μ: 1.2690 | Repr Cosμ: 0.9072 Val Cosμ: 0.9906 | Pred→Target Cosμ: 0.8936 Val Cosμ: 0.7096 | Repr NormRatio: 1.1575 Val NormRatio: 1.0236 | Train Meta: Scaleμ:6.4807 | Val Meta: Scaleμ:6.4757
   -> Saved improved checkpoint: val_loss=0.555363 at epoch 14
Epoch 15/100 | Steps: 559 | LR: 0.000099 | Train Loss: 0.266301 (P:0.0682, S:0.0393, Q:0.1962) | Val Loss: 0.566471 (P:0.3560, S:0.4761, Q:0.1867) | Repr L2μ: 4.2226 Val L2μ: 1.3080 | Repr Cosμ: 0.9014 Val Cosμ: 0.9899 | Pred→Target Cosμ: 0.8959 Val Cosμ: 0.6868 | Repr NormRatio: 1.1716 Val NormRatio: 1.0244 | Train Meta: Scaleμ:6.4708 | Val Meta: Scaleμ:6.4659
Epoch 16/100 | Steps: 559 | LR: 0.000099 | Train Loss: 0.249062 (P:0.0690, S:0.0382, Q:0.1782) | Val Loss: 0.503950 (P:0.3163, S:0.4754, Q:0.1639) | Repr L2μ: 4.5547 Val L2μ: 1.4786 | Repr Cosμ: 0.8809 Val Cosμ: 0.9869 | Pred→Target Cosμ: 0.8940 Val Cosμ: 0.6754 | Repr NormRatio: 1.2152 Val NormRatio: 1.0297 | Train Meta: Scaleμ:6.4610 | Val Meta: Scaleμ:6.4561
   -> Saved improved checkpoint: val_loss=0.503950 at epoch 16
Epoch 17/100 | Steps: 559 | LR: 0.000099 | Train Loss: 0.233327 (P:0.0764, S:0.0374, Q:0.1550) | Val Loss: 0.496493 (P:0.3306, S:0.4611, Q:0.1428) | Repr L2μ: 4.7939 Val L2μ: 1.7433 | Repr Cosμ: 0.8649 Val Cosμ: 0.9814 | Pred→Target Cosμ: 0.8845 Val Cosμ: 0.6825 | Repr NormRatio: 1.2578 Val NormRatio: 1.0371 | Train Meta: Scaleμ:6.4513 | Val Meta: Scaleμ:6.4465
   -> Saved improved checkpoint: val_loss=0.496493 at epoch 17
Epoch 18/100 | Steps: 559 | LR: 0.000098 | Train Loss: 0.209799 (P:0.0896, S:0.0371, Q:0.1183) | Val Loss: 0.461422 (P:0.3535, S:0.4735, Q:0.0842) | Repr L2μ: 4.9340 Val L2μ: 1.9669 | Repr Cosμ: 0.8537 Val Cosμ: 0.9768 | Pred→Target Cosμ: 0.8672 Val Cosμ: 0.6848 | Repr NormRatio: 1.2676 Val NormRatio: 1.0465 | Train Meta: Scaleμ:6.4417 | Val Meta: Scaleμ:6.4369
   -> Saved improved checkpoint: val_loss=0.461422 at epoch 18
Epoch 19/100 | Steps: 559 | LR: 0.000098 | Train Loss: 0.157904 (P:0.0920, S:0.0364, Q:0.0641) | Val Loss: 0.493965 (P:0.4110, S:0.4913, Q:0.0584) | Repr L2μ: 5.0813 Val L2μ: 2.1165 | Repr Cosμ: 0.8416 Val Cosμ: 0.9702 | Pred→Target Cosμ: 0.8675 Val Cosμ: 0.6884 | Repr NormRatio: 1.2703 Val NormRatio: 1.0390 | Train Meta: Scaleμ:6.4321 | Val Meta: Scaleμ:6.4274
Epoch 20/100 | Steps: 559 | LR: 0.000097 | Train Loss: 0.135412 (P:0.0829, S:0.0350, Q:0.0508) | Val Loss: 0.443197 (P:0.3631, S:0.5018, Q:0.0550) | Repr L2μ: 5.1920 Val L2μ: 2.0226 | Repr Cosμ: 0.8348 Val Cosμ: 0.9737 | Pred→Target Cosμ: 0.8865 Val Cosμ: 0.6646 | Repr NormRatio: 1.2509 Val NormRatio: 1.0374 | Train Meta: Scaleμ:6.4226 | Val Meta: Scaleμ:6.4179
   -> Saved improved checkpoint: val_loss=0.443197 at epoch 20
Epoch 21/100 | Steps: 559 | LR: 0.000096 | Train Loss: 0.125021 (P:0.0773, S:0.0343, Q:0.0460) | Val Loss: 0.501988 (P:0.4261, S:0.5135, Q:0.0502) | Repr L2μ: 5.1125 Val L2μ: 1.8848 | Repr Cosμ: 0.8410 Val Cosμ: 0.9778 | Pred→Target Cosμ: 0.8949 Val Cosμ: 0.6020 | Repr NormRatio: 1.2446 Val NormRatio: 1.0350 | Train Meta: Scaleμ:6.4132 | Val Meta: Scaleμ:6.4085
Epoch 22/100 | Steps: 559 | LR: 0.000096 | Train Loss: 0.125153 (P:0.0812, S:0.0340, Q:0.0423) | Val Loss: 0.470499 (P:0.3972, S:0.5444, Q:0.0460) | Repr L2μ: 5.0258 Val L2μ: 2.1231 | Repr Cosμ: 0.8465 Val Cosμ: 0.9705 | Pred→Target Cosμ: 0.8906 Val Cosμ: 0.6370 | Repr NormRatio: 1.2337 Val NormRatio: 1.0337 | Train Meta: Scaleμ:6.4039 | Val Meta: Scaleμ:6.3993
Epoch 23/100 | Steps: 559 | LR: 0.000095 | Train Loss: 0.122123 (P:0.0815, S:0.0336, Q:0.0390) | Val Loss: 0.542990 (P:0.4763, S:0.5008, Q:0.0417) | Repr L2μ: 4.9141 Val L2μ: 1.9649 | Repr Cosμ: 0.8544 Val Cosμ: 0.9756 | Pred→Target Cosμ: 0.8927 Val Cosμ: 0.6645 | Repr NormRatio: 1.2253 Val NormRatio: 1.0437 | Train Meta: Scaleμ:6.3947 | Val Meta: Scaleμ:6.3901
Epoch 24/100 | Steps: 559 | LR: 0.000094 | Train Loss: 0.115661 (P:0.0784, S:0.0333, Q:0.0356) | Val Loss: 0.487044 (P:0.4210, S:0.5579, Q:0.0381) | Repr L2μ: 5.0302 Val L2μ: 1.9064 | Repr Cosμ: 0.8463 Val Cosμ: 0.9775 | Pred→Target Cosμ: 0.8981 Val Cosμ: 0.6125 | Repr NormRatio: 1.2308 Val NormRatio: 1.0304 | Train Meta: Scaleμ:6.3856 | Val Meta: Scaleμ:6.3811
Epoch 25/100 | Steps: 559 | LR: 0.000093 | Train Loss: 0.116908 (P:0.0830, S:0.0335, Q:0.0322) | Val Loss: 0.468481 (P:0.4069, S:0.5414, Q:0.0345) | Repr L2μ: 4.8515 Val L2μ: 1.9822 | Repr Cosμ: 0.8572 Val Cosμ: 0.9755 | Pred→Target Cosμ: 0.8928 Val Cosμ: 0.6157 | Repr NormRatio: 1.2112 Val NormRatio: 1.0368 | Train Meta: Scaleμ:6.3766 | Val Meta: Scaleμ:6.3721
Epoch 26/100 | Steps: 559 | LR: 0.000092 | Train Loss: 0.118137 (P:0.0874, S:0.0333, Q:0.0291) | Val Loss: 0.531255 (P:0.4716, S:0.5702, Q:0.0312) | Repr L2μ: 4.6957 Val L2μ: 2.4910 | Repr Cosμ: 0.8680 Val Cosμ: 0.9595 | Pred→Target Cosμ: 0.8907 Val Cosμ: 0.5990 | Repr NormRatio: 1.1983 Val NormRatio: 1.0448 | Train Meta: Scaleμ:6.3677 | Val Meta: Scaleμ:6.3632
Epoch 27/100 | Steps: 559 | LR: 0.000092 | Train Loss: 0.115640 (P:0.0878, S:0.0330, Q:0.0262) | Val Loss: 0.576781 (P:0.5204, S:0.5627, Q:0.0282) | Repr L2μ: 4.4296 Val L2μ: 1.9818 | Repr Cosμ: 0.8831 Val Cosμ: 0.9747 | Pred→Target Cosμ: 0.8930 Val Cosμ: 0.6463 | Repr NormRatio: 1.1945 Val NormRatio: 1.0296 | Train Meta: Scaleμ:6.3589 | Val Meta: Scaleμ:6.3545
Epoch 28/100 | Steps: 559 | LR: 0.000091 | Train Loss: 0.112270 (P:0.0872, S:0.0329, Q:0.0234) | Val Loss: 0.617514 (P:0.5663, S:0.5065, Q:0.0259) | Repr L2μ: 4.7124 Val L2μ: 2.3814 | Repr Cosμ: 0.8589 Val Cosμ: 0.9629 | Pred→Target Cosμ: 0.8968 Val Cosμ: 0.6939 | Repr NormRatio: 1.2044 Val NormRatio: 1.0434 | Train Meta: Scaleμ:6.3502 | Val Meta: Scaleμ:6.3459
Epoch 29/100 | Steps: 559 | LR: 0.000090 | Train Loss: 0.110968 (P:0.0882, S:0.0330, Q:0.0212) | Val Loss: 0.589162 (P:0.5361, S:0.5916, Q:0.0235) | Repr L2μ: 4.5146 Val L2μ: 2.4940 | Repr Cosμ: 0.8729 Val Cosμ: 0.9593 | Pred→Target Cosμ: 0.8978 Val Cosμ: 0.6241 | Repr NormRatio: 1.2031 Val NormRatio: 1.0411 | Train Meta: Scaleμ:6.3417 | Val Meta: Scaleμ:6.3375
Epoch 30/100 | Steps: 559 | LR: 0.000088 | Train Loss: 0.111904 (P:0.0908, S:0.0330, Q:0.0195) | Val Loss: 0.636813 (P:0.5880, S:0.5363, Q:0.0220) | Repr L2μ: 4.4443 Val L2μ: 2.4652 | Repr Cosμ: 0.8796 Val Cosμ: 0.9605 | Pred→Target Cosμ: 0.8966 Val Cosμ: 0.6696 | Repr NormRatio: 1.1901 Val NormRatio: 1.0476 | Train Meta: Scaleμ:6.3333 | Val Meta: Scaleμ:6.3291
Epoch 31/100 | Steps: 559 | LR: 0.000087 | Train Loss: 0.112449 (P:0.0928, S:0.0340, Q:0.0179) | Val Loss: 0.597682 (P:0.5481, S:0.5885, Q:0.0202) | Repr L2μ: 4.2191 Val L2μ: 3.2375 | Repr Cosμ: 0.8832 Val Cosμ: 0.9189 | Pred→Target Cosμ: 0.8967 Val Cosμ: 0.6317 | Repr NormRatio: 1.1784 Val NormRatio: 1.0875 | Train Meta: Scaleμ:6.3250 | Val Meta: Scaleμ:6.3209
Epoch 32/100 | Steps: 559 | LR: 0.000086 | Train Loss: 0.103244 (P:0.0851, S:0.0329, Q:0.0165) | Val Loss: 0.667342 (P:0.6224, S:0.5237, Q:0.0188) | Repr L2μ: 4.1735 Val L2μ: 2.3329 | Repr Cosμ: 0.8891 Val Cosμ: 0.9655 | Pred→Target Cosμ: 0.9060 Val Cosμ: 0.7304 | Repr NormRatio: 1.1717 Val NormRatio: 1.0409 | Train Meta: Scaleμ:6.3169 | Val Meta: Scaleμ:6.3128
Epoch 33/100 | Steps: 559 | LR: 0.000085 | Train Loss: 0.101045 (P:0.0842, S:0.0321, Q:0.0152) | Val Loss: 0.651303 (P:0.6053, S:0.5684, Q:0.0176) | Repr L2μ: 4.4353 Val L2μ: 1.8285 | Repr Cosμ: 0.8789 Val Cosμ: 0.9796 | Pred→Target Cosμ: 0.9080 Val Cosμ: 0.6713 | Repr NormRatio: 1.1849 Val NormRatio: 1.0234 | Train Meta: Scaleμ:6.3088 | Val Meta: Scaleμ:6.3049
Epoch 34/100 | Steps: 559 | LR: 0.000084 | Train Loss: 0.099448 (P:0.0836, S:0.0321, Q:0.0143) | Val Loss: 0.654931 (P:0.6098, S:0.5721, Q:0.0165) | Repr L2μ: 4.3175 Val L2μ: 2.2745 | Repr Cosμ: 0.8826 Val Cosμ: 0.9669 | Pred→Target Cosμ: 0.9085 Val Cosμ: 0.6547 | Repr NormRatio: 1.1688 Val NormRatio: 1.0510 | Train Meta: Scaleμ:6.3009 | Val Meta: Scaleμ:6.2970
Epoch 35/100 | Steps: 559 | LR: 0.000082 | Train Loss: 0.095714 (P:0.0808, S:0.0318, Q:0.0134) | Val Loss: 0.685457 (P:0.6421, S:0.5521, Q:0.0157) | Repr L2μ: 4.2424 Val L2μ: 2.2531 | Repr Cosμ: 0.8902 Val Cosμ: 0.9674 | Pred→Target Cosμ: 0.9138 Val Cosμ: 0.5718 | Repr NormRatio: 1.1722 Val NormRatio: 1.0606 | Train Meta: Scaleμ:6.2932 | Val Meta: Scaleμ:6.2893
Epoch 36/100 | Steps: 559 | LR: 0.000081 | Train Loss: 0.093655 (P:0.0795, S:0.0318, Q:0.0126) | Val Loss: 0.675772 (P:0.6331, S:0.5601, Q:0.0147) | Repr L2μ: 4.2826 Val L2μ: 2.3047 | Repr Cosμ: 0.8871 Val Cosμ: 0.9664 | Pred→Target Cosμ: 0.9153 Val Cosμ: 0.6992 | Repr NormRatio: 1.1816 Val NormRatio: 1.0529 | Train Meta: Scaleμ:6.2855 | Val Meta: Scaleμ:6.2818
Epoch 37/100 | Steps: 559 | LR: 0.000080 | Train Loss: 0.095925 (P:0.0823, S:0.0319, Q:0.0120) | Val Loss: 0.692204 (P:0.6507, S:0.5491, Q:0.0141) | Repr L2μ: 4.3497 Val L2μ: 2.3150 | Repr Cosμ: 0.8805 Val Cosμ: 0.9651 | Pred→Target Cosμ: 0.9131 Val Cosμ: 0.6775 | Repr NormRatio: 1.1873 Val NormRatio: 1.0421 | Train Meta: Scaleμ:6.2780 | Val Meta: Scaleμ:6.2743
Epoch 38/100 | Steps: 559 | LR: 0.000078 | Train Loss: 0.090734 (P:0.0777, S:0.0314, Q:0.0114) | Val Loss: 0.679184 (P:0.6364, S:0.5851, Q:0.0135) | Repr L2μ: 4.1250 Val L2μ: 2.0386 | Repr Cosμ: 0.8960 Val Cosμ: 0.9735 | Pred→Target Cosμ: 0.9193 Val Cosμ: 0.6747 | Repr NormRatio: 1.1703 Val NormRatio: 1.0509 | Train Meta: Scaleμ:6.2707 | Val Meta: Scaleμ:6.2670
Epoch 39/100 | Steps: 559 | LR: 0.000077 | Train Loss: 0.093751 (P:0.0811, S:0.0317, Q:0.0111) | Val Loss: 0.734034 (P:0.6891, S:0.6354, Q:0.0132) | Repr L2μ: 4.2172 Val L2μ: 1.8797 | Repr Cosμ: 0.8903 Val Cosμ: 0.9773 | Pred→Target Cosμ: 0.9171 Val Cosμ: 0.6314 | Repr NormRatio: 1.1668 Val NormRatio: 1.0363 | Train Meta: Scaleμ:6.2635 | Val Meta: Scaleμ:6.2599
Epoch 40/100 | Steps: 559 | LR: 0.000075 | Train Loss: 0.091346 (P:0.0791, S:0.0313, Q:0.0107) | Val Loss: 0.699778 (P:0.6568, S:0.5995, Q:0.0130) | Repr L2μ: 4.2426 Val L2μ: 2.1210 | Repr Cosμ: 0.8870 Val Cosμ: 0.9705 | Pred→Target Cosμ: 0.9200 Val Cosμ: 0.6579 | Repr NormRatio: 1.1747 Val NormRatio: 1.0420 | Train Meta: Scaleμ:6.2564 | Val Meta: Scaleμ:6.2529
Epoch 41/100 | Steps: 559 | LR: 0.000074 | Train Loss: 0.093307 (P:0.0814, S:0.0315, Q:0.0104) | Val Loss: 0.697299 (P:0.6562, S:0.5806, Q:0.0120) | Repr L2μ: 4.1813 Val L2μ: 1.8662 | Repr Cosμ: 0.8892 Val Cosμ: 0.9782 | Pred→Target Cosμ: 0.9186 Val Cosμ: 0.6541 | Repr NormRatio: 1.1787 Val NormRatio: 1.0514 | Train Meta: Scaleμ:6.2495 | Val Meta: Scaleμ:6.2461
Epoch 42/100 | Steps: 559 | LR: 0.000072 | Train Loss: 0.083158 (P:0.0717, S:0.0307, Q:0.0099) | Val Loss: 0.651546 (P:0.6110, S:0.5827, Q:0.0114) | Repr L2μ: 4.6268 Val L2μ: 1.8558 | Repr Cosμ: 0.8608 Val Cosμ: 0.9788 | Pred→Target Cosμ: 0.9293 Val Cosμ: 0.6614 | Repr NormRatio: 1.2032 Val NormRatio: 1.0334 | Train Meta: Scaleμ:6.2428 | Val Meta: Scaleμ:6.2395
Epoch 43/100 | Steps: 559 | LR: 0.000071 | Train Loss: 0.082896 (P:0.0717, S:0.0307, Q:0.0096) | Val Loss: 0.748898 (P:0.7082, S:0.5904, Q:0.0112) | Repr L2μ: 4.4901 Val L2μ: 2.6866 | Repr Cosμ: 0.8684 Val Cosμ: 0.9496 | Pred→Target Cosμ: 0.9287 Val Cosμ: 0.6173 | Repr NormRatio: 1.1931 Val NormRatio: 1.0904 | Train Meta: Scaleμ:6.2362 | Val Meta: Scaleμ:6.2330
Epoch 44/100 | Steps: 559 | LR: 0.000069 | Train Loss: 0.084193 (P:0.0733, S:0.0307, Q:0.0094) | Val Loss: 0.728319 (P:0.6886, S:0.5753, Q:0.0110) | Repr L2μ: 4.4461 Val L2μ: 2.1455 | Repr Cosμ: 0.8725 Val Cosμ: 0.9698 | Pred→Target Cosμ: 0.9274 Val Cosμ: 0.6358 | Repr NormRatio: 1.1826 Val NormRatio: 1.0581 | Train Meta: Scaleμ:6.2298 | Val Meta: Scaleμ:6.2267
Epoch 45/100 | Steps: 559 | LR: 0.000067 | Train Loss: 0.080019 (P:0.0693, S:0.0302, Q:0.0092) | Val Loss: 0.712200 (P:0.6742, S:0.5474, Q:0.0106) | Repr L2μ: 4.6213 Val L2μ: 2.7233 | Repr Cosμ: 0.8576 Val Cosμ: 0.9506 | Pred→Target Cosμ: 0.9314 Val Cosμ: 0.6706 | Repr NormRatio: 1.2023 Val NormRatio: 1.0545 | Train Meta: Scaleμ:6.2236 | Val Meta: Scaleμ:6.2205
Epoch 46/100 | Steps: 559 | LR: 0.000066 | Train Loss: 0.075128 (P:0.0647, S:0.0296, Q:0.0089) | Val Loss: 0.674574 (P:0.6352, S:0.5773, Q:0.0105) | Repr L2μ: 4.6130 Val L2μ: 1.6890 | Repr Cosμ: 0.8611 Val Cosμ: 0.9822 | Pred→Target Cosμ: 0.9342 Val Cosμ: 0.6906 | Repr NormRatio: 1.1964 Val NormRatio: 1.0255 | Train Meta: Scaleμ:6.2174 | Val Meta: Scaleμ:6.2144
Epoch 47/100 | Steps: 559 | LR: 0.000064 | Train Loss: 0.080104 (P:0.0699, S:0.0301, Q:0.0087) | Val Loss: 0.822078 (P:0.7841, S:0.5542, Q:0.0102) | Repr L2μ: 4.3583 Val L2μ: 2.8864 | Repr Cosμ: 0.8732 Val Cosμ: 0.9427 | Pred→Target Cosμ: 0.9294 Val Cosμ: 0.6123 | Repr NormRatio: 1.1962 Val NormRatio: 1.1167 | Train Meta: Scaleμ:6.2115 | Val Meta: Scaleμ:6.2086
Epoch 48/100 | Steps: 559 | LR: 0.000062 | Train Loss: 0.080607 (P:0.0706, S:0.0303, Q:0.0085) | Val Loss: 0.739391 (P:0.7025, S:0.5418, Q:0.0098) | Repr L2μ: 4.4133 Val L2μ: 3.0776 | Repr Cosμ: 0.8700 Val Cosμ: 0.9310 | Pred→Target Cosμ: 0.9298 Val Cosμ: 0.6910 | Repr NormRatio: 1.1875 Val NormRatio: 1.0563 | Train Meta: Scaleμ:6.2057 | Val Meta: Scaleμ:6.2029
Epoch 49/100 | Steps: 559 | LR: 0.000061 | Train Loss: 0.080272 (P:0.0704, S:0.0305, Q:0.0084) | Val Loss: 0.894333 (P:0.8569, S:0.5563, Q:0.0096) | Repr L2μ: 4.3374 Val L2μ: 2.7269 | Repr Cosμ: 0.8726 Val Cosμ: 0.9476 | Pred→Target Cosμ: 0.9309 Val Cosμ: 0.5971 | Repr NormRatio: 1.1905 Val NormRatio: 1.0927 | Train Meta: Scaleμ:6.2001 | Val Meta: Scaleμ:6.1973
Epoch 50/100 | Steps: 559 | LR: 0.000059 | Train Loss: 0.081708 (P:0.0719, S:0.0306, Q:0.0083) | Val Loss: 0.725365 (P:0.6875, S:0.5643, Q:0.0096) | Repr L2μ: 4.3503 Val L2μ: 2.8338 | Repr Cosμ: 0.8666 Val Cosμ: 0.9379 | Pred→Target Cosμ: 0.9303 Val Cosμ: 0.6677 | Repr NormRatio: 1.1928 Val NormRatio: 1.0859 | Train Meta: Scaleμ:6.1946 | Val Meta: Scaleμ:6.1920
Epoch 51/100 | Steps: 559 | LR: 0.000057 | Train Loss: 0.076397 (P:0.0667, S:0.0305, Q:0.0081) | Val Loss: 0.787189 (P:0.7480, S:0.5949, Q:0.0094) | Repr L2μ: 4.3745 Val L2μ: 2.3587 | Repr Cosμ: 0.8646 Val Cosμ: 0.9632 | Pred→Target Cosμ: 0.9354 Val Cosμ: 0.5974 | Repr NormRatio: 1.2000 Val NormRatio: 1.0496 | Train Meta: Scaleμ:6.1894 | Val Meta: Scaleμ:6.1868
Epoch 52/100 | Steps: 559 | LR: 0.000056 | Train Loss: 0.073124 (P:0.0637, S:0.0305, Q:0.0079) | Val Loss: 0.810896 (P:0.7746, S:0.5439, Q:0.0091) | Repr L2μ: 4.5058 Val L2μ: 2.8581 | Repr Cosμ: 0.8608 Val Cosμ: 0.9434 | Pred→Target Cosμ: 0.9379 Val Cosμ: 0.6423 | Repr NormRatio: 1.1991 Val NormRatio: 1.0850 | Train Meta: Scaleμ:6.1843 | Val Meta: Scaleμ:6.1818
Epoch 53/100 | Steps: 559 | LR: 0.000054 | Train Loss: 0.076425 (P:0.0671, S:0.0307, Q:0.0078) | Val Loss: 0.865516 (P:0.8302, S:0.5287, Q:0.0089) | Repr L2μ: 4.4033 Val L2μ: 2.9414 | Repr Cosμ: 0.8654 Val Cosμ: 0.9367 | Pred→Target Cosμ: 0.9351 Val Cosμ: 0.6097 | Repr NormRatio: 1.1943 Val NormRatio: 1.0940 | Train Meta: Scaleμ:6.1793 | Val Meta: Scaleμ:6.1769
Epoch 54/100 | Steps: 559 | LR: 0.000052 | Train Loss: 0.074615 (P:0.0654, S:0.0310, Q:0.0077) | Val Loss: 0.680648 (P:0.6466, S:0.5021, Q:0.0090) | Repr L2μ: 4.4572 Val L2μ: 2.4771 | Repr Cosμ: 0.8617 Val Cosμ: 0.9547 | Pred→Target Cosμ: 0.9366 Val Cosμ: 0.7212 | Repr NormRatio: 1.1951 Val NormRatio: 1.0938 | Train Meta: Scaleμ:6.1746 | Val Meta: Scaleμ:6.1723
Epoch 55/100 | Steps: 559 | LR: 0.000051 | Train Loss: 0.076860 (P:0.0677, S:0.0309, Q:0.0076) | Val Loss: 0.738235 (P:0.7032, S:0.5262, Q:0.0087) | Repr L2μ: 4.3314 Val L2μ: 2.1714 | Repr Cosμ: 0.8714 Val Cosμ: 0.9682 | Pred→Target Cosμ: 0.9331 Val Cosμ: 0.6649 | Repr NormRatio: 1.1931 Val NormRatio: 1.0452 | Train Meta: Scaleμ:6.1700 | Val Meta: Scaleμ:6.1678
Epoch 56/100 | Steps: 559 | LR: 0.000049 | Train Loss: 0.073732 (P:0.0647, S:0.0308, Q:0.0075) | Val Loss: 0.637664 (P:0.6015, S:0.5485, Q:0.0087) | Repr L2μ: 4.3580 Val L2μ: 3.1471 | Repr Cosμ: 0.8688 Val Cosμ: 0.9202 | Pred→Target Cosμ: 0.9358 Val Cosμ: 0.7380 | Repr NormRatio: 1.1945 Val NormRatio: 1.0845 | Train Meta: Scaleμ:6.1656 | Val Meta: Scaleμ:6.1634
Epoch 57/100 | Steps: 559 | LR: 0.000047 | Train Loss: 0.070697 (P:0.0617, S:0.0308, Q:0.0074) | Val Loss: 0.781680 (P:0.7477, S:0.5105, Q:0.0085) | Repr L2μ: 4.1957 Val L2μ: 3.1149 | Repr Cosμ: 0.8822 Val Cosμ: 0.9325 | Pred→Target Cosμ: 0.9396 Val Cosμ: 0.6665 | Repr NormRatio: 1.1750 Val NormRatio: 1.0591 | Train Meta: Scaleμ:6.1613 | Val Meta: Scaleμ:6.1593
Epoch 58/100 | Steps: 559 | LR: 0.000045 | Train Loss: 0.070024 (P:0.0612, S:0.0308, Q:0.0073) | Val Loss: 0.744900 (P:0.7100, S:0.5322, Q:0.0083) | Repr L2μ: 4.7339 Val L2μ: 3.5398 | Repr Cosμ: 0.8400 Val Cosμ: 0.9035 | Pred→Target Cosμ: 0.9413 Val Cosμ: 0.6804 | Repr NormRatio: 1.2153 Val NormRatio: 1.1169 | Train Meta: Scaleμ:6.1572 | Val Meta: Scaleμ:6.1552
Epoch 59/100 | Steps: 559 | LR: 0.000044 | Train Loss: 0.067166 (P:0.0585, S:0.0303, Q:0.0072) | Val Loss: 0.756341 (P:0.7234, S:0.4932, Q:0.0083) | Repr L2μ: 4.6590 Val L2μ: 3.3628 | Repr Cosμ: 0.8496 Val Cosμ: 0.9108 | Pred→Target Cosμ: 0.9434 Val Cosμ: 0.6664 | Repr NormRatio: 1.2067 Val NormRatio: 1.1101 | Train Meta: Scaleμ:6.1532 | Val Meta: Scaleμ:6.1512
Epoch 60/100 | Steps: 559 | LR: 0.000042 | Train Loss: 0.064448 (P:0.0558, S:0.0304, Q:0.0071) | Val Loss: 0.766869 (P:0.7336, S:0.5044, Q:0.0081) | Repr L2μ: 4.6977 Val L2μ: 3.1046 | Repr Cosμ: 0.8466 Val Cosμ: 0.9291 | Pred→Target Cosμ: 0.9445 Val Cosμ: 0.6719 | Repr NormRatio: 1.2116 Val NormRatio: 1.1305 | Train Meta: Scaleμ:6.1493 | Val Meta: Scaleμ:6.1475
Epoch 61/100 | Steps: 559 | LR: 0.000040 | Train Loss: 0.063465 (P:0.0550, S:0.0300, Q:0.0070) | Val Loss: 0.767180 (P:0.7334, S:0.5143, Q:0.0081) | Repr L2μ: 4.6536 Val L2μ: 2.4916 | Repr Cosμ: 0.8491 Val Cosμ: 0.9585 | Pred→Target Cosμ: 0.9460 Val Cosμ: 0.6646 | Repr NormRatio: 1.2329 Val NormRatio: 1.0542 | Train Meta: Scaleμ:6.1457 | Val Meta: Scaleμ:6.1439
Epoch 62/100 | Steps: 559 | LR: 0.000039 | Train Loss: 0.063523 (P:0.0551, S:0.0299, Q:0.0069) | Val Loss: 0.758060 (P:0.7236, S:0.5327, Q:0.0079) | Repr L2μ: 4.4481 Val L2μ: 2.1975 | Repr Cosμ: 0.8630 Val Cosμ: 0.9671 | Pred→Target Cosμ: 0.9456 Val Cosμ: 0.6753 | Repr NormRatio: 1.2130 Val NormRatio: 1.0383 | Train Meta: Scaleμ:6.1422 | Val Meta: Scaleμ:6.1405
Epoch 63/100 | Steps: 559 | LR: 0.000037 | Train Loss: 0.063424 (P:0.0551, S:0.0306, Q:0.0068) | Val Loss: 0.765592 (P:0.7321, S:0.5159, Q:0.0077) | Repr L2μ: 4.5588 Val L2μ: 2.9999 | Repr Cosμ: 0.8546 Val Cosμ: 0.9369 | Pred→Target Cosμ: 0.9448 Val Cosμ: 0.6377 | Repr NormRatio: 1.2074 Val NormRatio: 1.0773 | Train Meta: Scaleμ:6.1388 | Val Meta: Scaleμ:6.1372
Epoch 64/100 | Steps: 559 | LR: 0.000035 | Train Loss: 0.062689 (P:0.0545, S:0.0303, Q:0.0067) | Val Loss: 0.773278 (P:0.7375, S:0.5627, Q:0.0076) | Repr L2μ: 4.3091 Val L2μ: 2.1280 | Repr Cosμ: 0.8717 Val Cosμ: 0.9696 | Pred→Target Cosμ: 0.9464 Val Cosμ: 0.6695 | Repr NormRatio: 1.2041 Val NormRatio: 1.0431 | Train Meta: Scaleμ:6.1357 | Val Meta: Scaleμ:6.1341
Epoch 65/100 | Steps: 559 | LR: 0.000034 | Train Loss: 0.060574 (P:0.0525, S:0.0298, Q:0.0066) | Val Loss: 0.741145 (P:0.7089, S:0.4963, Q:0.0075) | Repr L2μ: 4.2439 Val L2μ: 2.7802 | Repr Cosμ: 0.8756 Val Cosμ: 0.9460 | Pred→Target Cosμ: 0.9475 Val Cosμ: 0.6295 | Repr NormRatio: 1.2055 Val NormRatio: 1.0773 | Train Meta: Scaleμ:6.1326 | Val Meta: Scaleμ:6.1311
Epoch 66/100 | Steps: 559 | LR: 0.000032 | Train Loss: 0.064378 (P:0.0563, S:0.0304, Q:0.0065) | Val Loss: 0.828245 (P:0.7961, S:0.4939, Q:0.0075) | Repr L2μ: 4.0723 Val L2μ: 3.1427 | Repr Cosμ: 0.8845 Val Cosμ: 0.9207 | Pred→Target Cosμ: 0.9441 Val Cosμ: 0.7076 | Repr NormRatio: 1.1807 Val NormRatio: 1.1352 | Train Meta: Scaleμ:6.1297 | Val Meta: Scaleμ:6.1282
Epoch 67/100 | Steps: 559 | LR: 0.000030 | Train Loss: 0.059619 (P:0.0516, S:0.0299, Q:0.0065) | Val Loss: 0.797507 (P:0.7652, S:0.4992, Q:0.0074) | Repr L2μ: 4.2610 Val L2μ: 3.4084 | Repr Cosμ: 0.8729 Val Cosμ: 0.9028 | Pred→Target Cosμ: 0.9481 Val Cosμ: 0.6931 | Repr NormRatio: 1.2080 Val NormRatio: 1.1067 | Train Meta: Scaleμ:6.1269 | Val Meta: Scaleμ:6.1255
Epoch 68/100 | Steps: 559 | LR: 0.000029 | Train Loss: 0.059584 (P:0.0516, S:0.0303, Q:0.0064) | Val Loss: 0.723190 (P:0.6891, S:0.5376, Q:0.0072) | Repr L2μ: 4.3317 Val L2μ: 2.4163 | Repr Cosμ: 0.8657 Val Cosμ: 0.9570 | Pred→Target Cosμ: 0.9480 Val Cosμ: 0.7107 | Repr NormRatio: 1.2030 Val NormRatio: 1.0658 | Train Meta: Scaleμ:6.1242 | Val Meta: Scaleμ:6.1229
Epoch 69/100 | Steps: 559 | LR: 0.000027 | Train Loss: 0.057731 (P:0.0499, S:0.0300, Q:0.0063) | Val Loss: 0.755685 (P:0.7216, S:0.5374, Q:0.0072) | Repr L2μ: 3.9150 Val L2μ: 2.6558 | Repr Cosμ: 0.8915 Val Cosμ: 0.9510 | Pred→Target Cosμ: 0.9485 Val Cosμ: 0.6575 | Repr NormRatio: 1.1802 Val NormRatio: 1.0624 | Train Meta: Scaleμ:6.1217 | Val Meta: Scaleμ:6.1205
Epoch 70/100 | Steps: 559 | LR: 0.000026 | Train Loss: 0.056276 (P:0.0485, S:0.0298, Q:0.0063) | Val Loss: 0.743318 (P:0.7092, S:0.5384, Q:0.0072) | Repr L2μ: 4.1952 Val L2μ: 3.0780 | Repr Cosμ: 0.8748 Val Cosμ: 0.9275 | Pred→Target Cosμ: 0.9503 Val Cosμ: 0.6731 | Repr NormRatio: 1.2045 Val NormRatio: 1.1236 | Train Meta: Scaleμ:6.1194 | Val Meta: Scaleμ:6.1183
Epoch 71/100 | Steps: 559 | LR: 0.000024 | Train Loss: 0.054201 (P:0.0465, S:0.0296, Q:0.0062) | Val Loss: 0.765335 (P:0.7325, S:0.5120, Q:0.0072) | Repr L2μ: 4.1452 Val L2μ: 2.5938 | Repr Cosμ: 0.8779 Val Cosμ: 0.9543 | Pred→Target Cosμ: 0.9518 Val Cosμ: 0.6915 | Repr NormRatio: 1.2103 Val NormRatio: 1.0459 | Train Meta: Scaleμ:6.1172 | Val Meta: Scaleμ:6.1161
Epoch 72/100 | Steps: 559 | LR: 0.000023 | Train Loss: 0.056447 (P:0.0487, S:0.0300, Q:0.0062) | Val Loss: 0.833707 (P:0.8019, S:0.4931, Q:0.0072) | Repr L2μ: 4.1064 Val L2μ: 3.3667 | Repr Cosμ: 0.8758 Val Cosμ: 0.9067 | Pred→Target Cosμ: 0.9497 Val Cosμ: 0.6953 | Repr NormRatio: 1.2022 Val NormRatio: 1.1342 | Train Meta: Scaleμ:6.1151 | Val Meta: Scaleμ:6.1141
Epoch 73/100 | Steps: 559 | LR: 0.000021 | Train Loss: 0.053807 (P:0.0462, S:0.0297, Q:0.0061) | Val Loss: 0.783491 (P:0.7480, S:0.5705, Q:0.0070) | Repr L2μ: 4.1548 Val L2μ: 2.4803 | Repr Cosμ: 0.8724 Val Cosμ: 0.9571 | Pred→Target Cosμ: 0.9517 Val Cosμ: 0.6698 | Repr NormRatio: 1.2199 Val NormRatio: 1.0650 | Train Meta: Scaleμ:6.1132 | Val Meta: Scaleμ:6.1122
Epoch 74/100 | Steps: 559 | LR: 0.000020 | Train Loss: 0.052423 (P:0.0449, S:0.0295, Q:0.0061) | Val Loss: 0.783744 (P:0.7515, S:0.5038, Q:0.0071) | Repr L2μ: 4.0845 Val L2μ: 3.1395 | Repr Cosμ: 0.8811 Val Cosμ: 0.9285 | Pred→Target Cosμ: 0.9532 Val Cosμ: 0.6841 | Repr NormRatio: 1.2036 Val NormRatio: 1.1002 | Train Meta: Scaleμ:6.1113 | Val Meta: Scaleμ:6.1104
Epoch 75/100 | Steps: 559 | LR: 0.000019 | Train Loss: 0.052002 (P:0.0445, S:0.0297, Q:0.0060) | Val Loss: 0.799560 (P:0.7653, S:0.5456, Q:0.0070) | Repr L2μ: 4.2246 Val L2μ: 3.5955 | Repr Cosμ: 0.8661 Val Cosμ: 0.8750 | Pred→Target Cosμ: 0.9530 Val Cosμ: 0.7263 | Repr NormRatio: 1.2187 Val NormRatio: 1.1218 | Train Meta: Scaleμ:6.1095 | Val Meta: Scaleμ:6.1087
Epoch 76/100 | Steps: 559 | LR: 0.000017 | Train Loss: 0.051618 (P:0.0442, S:0.0297, Q:0.0060) | Val Loss: 0.741650 (P:0.7071, S:0.5534, Q:0.0068) | Repr L2μ: 4.3174 Val L2μ: 2.7517 | Repr Cosμ: 0.8554 Val Cosμ: 0.9459 | Pred→Target Cosμ: 0.9533 Val Cosμ: 0.6433 | Repr NormRatio: 1.2274 Val NormRatio: 1.0763 | Train Meta: Scaleμ:6.1079 | Val Meta: Scaleμ:6.1072
Epoch 77/100 | Steps: 559 | LR: 0.000016 | Train Loss: 0.051392 (P:0.0440, S:0.0297, Q:0.0059) | Val Loss: 0.775564 (P:0.7433, S:0.5077, Q:0.0069) | Repr L2μ: 4.1962 Val L2μ: 3.3260 | Repr Cosμ: 0.8686 Val Cosμ: 0.9203 | Pred→Target Cosμ: 0.9536 Val Cosμ: 0.6242 | Repr NormRatio: 1.2201 Val NormRatio: 1.1451 | Train Meta: Scaleμ:6.1065 | Val Meta: Scaleμ:6.1058
Epoch 78/100 | Steps: 559 | LR: 0.000015 | Train Loss: 0.050288 (P:0.0429, S:0.0296, Q:0.0059) | Val Loss: 0.779051 (P:0.7451, S:0.5427, Q:0.0068) | Repr L2μ: 4.3543 Val L2μ: 4.0250 | Repr Cosμ: 0.8521 Val Cosμ: 0.8392 | Pred→Target Cosμ: 0.9547 Val Cosμ: 0.7041 | Repr NormRatio: 1.2291 Val NormRatio: 1.1182 | Train Meta: Scaleμ:6.1051 | Val Meta: Scaleμ:6.1045
Epoch 79/100 | Steps: 559 | LR: 0.000014 | Train Loss: 0.049419 (P:0.0421, S:0.0293, Q:0.0059) | Val Loss: 0.792517 (P:0.7595, S:0.5261, Q:0.0067) | Repr L2μ: 4.1843 Val L2μ: 3.9810 | Repr Cosμ: 0.8696 Val Cosμ: 0.8478 | Pred→Target Cosμ: 0.9551 Val Cosμ: 0.6800 | Repr NormRatio: 1.2161 Val NormRatio: 1.1676 | Train Meta: Scaleμ:6.1039 | Val Meta: Scaleμ:6.1033
Epoch 80/100 | Steps: 559 | LR: 0.000013 | Train Loss: 0.049469 (P:0.0422, S:0.0294, Q:0.0058) | Val Loss: 0.771516 (P:0.7387, S:0.5218, Q:0.0067) | Repr L2μ: 4.1763 Val L2μ: 2.2187 | Repr Cosμ: 0.8631 Val Cosμ: 0.9670 | Pred→Target Cosμ: 0.9550 Val Cosμ: 0.6939 | Repr NormRatio: 1.2157 Val NormRatio: 1.0235 | Train Meta: Scaleμ:6.1027 | Val Meta: Scaleμ:6.1021
Epoch 81/100 | Steps: 559 | LR: 0.000011 | Train Loss: 0.048787 (P:0.0415, S:0.0294, Q:0.0058) | Val Loss: 0.799786 (P:0.7687, S:0.4887, Q:0.0067) | Repr L2μ: 4.5636 Val L2μ: 3.5784 | Repr Cosμ: 0.8278 Val Cosμ: 0.9032 | Pred→Target Cosμ: 0.9557 Val Cosμ: 0.6508 | Repr NormRatio: 1.2626 Val NormRatio: 1.1563 | Train Meta: Scaleμ:6.1016 | Val Meta: Scaleμ:6.1010
Epoch 82/100 | Steps: 559 | LR: 0.000010 | Train Loss: 0.048120 (P:0.0409, S:0.0296, Q:0.0058) | Val Loss: 0.752364 (P:0.7203, S:0.5083, Q:0.0066) | Repr L2μ: 4.6128 Val L2μ: 3.2405 | Repr Cosμ: 0.8224 Val Cosμ: 0.9245 | Pred→Target Cosμ: 0.9571 Val Cosμ: 0.6348 | Repr NormRatio: 1.2548 Val NormRatio: 1.1161 | Train Meta: Scaleμ:6.1006 | Val Meta: Scaleμ:6.1001
Epoch 83/100 | Steps: 559 | LR: 0.000009 | Train Loss: 0.047696 (P:0.0405, S:0.0290, Q:0.0057) | Val Loss: 0.767494 (P:0.7364, S:0.4906, Q:0.0066) | Repr L2μ: 4.1846 Val L2μ: 3.8685 | Repr Cosμ: 0.8690 Val Cosμ: 0.8829 | Pred→Target Cosμ: 0.9562 Val Cosμ: 0.6468 | Repr NormRatio: 1.2286 Val NormRatio: 1.2112 | Train Meta: Scaleμ:6.0996 | Val Meta: Scaleμ:6.0992
Epoch 84/100 | Steps: 559 | LR: 0.000009 | Train Loss: 0.045899 (P:0.0387, S:0.0291, Q:0.0057) | Val Loss: 0.804550 (P:0.7731, S:0.4973, Q:0.0066) | Repr L2μ: 4.4799 Val L2μ: 3.9382 | Repr Cosμ: 0.8482 Val Cosμ: 0.8781 | Pred→Target Cosμ: 0.9579 Val Cosμ: 0.6339 | Repr NormRatio: 1.2661 Val NormRatio: 1.2042 | Train Meta: Scaleμ:6.0988 | Val Meta: Scaleμ:6.0985
Epoch 85/100 | Steps: 559 | LR: 0.000008 | Train Loss: 0.046404 (P:0.0393, S:0.0290, Q:0.0057) | Val Loss: 0.749415 (P:0.7144, S:0.5714, Q:0.0065) | Repr L2μ: 4.1685 Val L2μ: 2.6092 | Repr Cosμ: 0.8704 Val Cosμ: 0.9508 | Pred→Target Cosμ: 0.9575 Val Cosμ: 0.6947 | Repr NormRatio: 1.2259 Val NormRatio: 1.0774 | Train Meta: Scaleμ:6.0981 | Val Meta: Scaleμ:6.0978
Epoch 86/100 | Steps: 559 | LR: 0.000007 | Train Loss: 0.045386 (P:0.0383, S:0.0292, Q:0.0057) | Val Loss: 0.754462 (P:0.7199, S:0.5622, Q:0.0065) | Repr L2μ: 4.6264 Val L2μ: 2.7014 | Repr Cosμ: 0.8386 Val Cosμ: 0.9472 | Pred→Target Cosμ: 0.9590 Val Cosμ: 0.6623 | Repr NormRatio: 1.2784 Val NormRatio: 1.0831 | Train Meta: Scaleμ:6.0975 | Val Meta: Scaleμ:6.0972
Epoch 87/100 | Steps: 559 | LR: 0.000006 | Train Loss: 0.045141 (P:0.0381, S:0.0288, Q:0.0056) | Val Loss: 0.731798 (P:0.6985, S:0.5363, Q:0.0065) | Repr L2μ: 3.9788 Val L2μ: 2.4058 | Repr Cosμ: 0.8850 Val Cosμ: 0.9597 | Pred→Target Cosμ: 0.9582 Val Cosμ: 0.7118 | Repr NormRatio: 1.2060 Val NormRatio: 1.0399 | Train Meta: Scaleμ:6.0969 | Val Meta: Scaleμ:6.0967
Epoch 88/100 | Steps: 559 | LR: 0.000005 | Train Loss: 0.044587 (P:0.0375, S:0.0287, Q:0.0056) | Val Loss: 0.755857 (P:0.7210, S:0.5698, Q:0.0064) | Repr L2μ: 4.3051 Val L2μ: 2.6314 | Repr Cosμ: 0.8603 Val Cosμ: 0.9500 | Pred→Target Cosμ: 0.9587 Val Cosμ: 0.6912 | Repr NormRatio: 1.2566 Val NormRatio: 1.0753 | Train Meta: Scaleμ:6.0964 | Val Meta: Scaleμ:6.0962
Epoch 89/100 | Steps: 559 | LR: 0.000005 | Train Loss: 0.044892 (P:0.0378, S:0.0289, Q:0.0056) | Val Loss: 0.726203 (P:0.6937, S:0.5201, Q:0.0065) | Repr L2μ: 4.0894 Val L2μ: 2.6638 | Repr Cosμ: 0.8781 Val Cosμ: 0.9495 | Pred→Target Cosμ: 0.9589 Val Cosμ: 0.7260 | Repr NormRatio: 1.2020 Val NormRatio: 1.0575 | Train Meta: Scaleμ:6.0961 | Val Meta: Scaleμ:6.0959
Epoch 90/100 | Steps: 559 | LR: 0.000004 | Train Loss: 0.043814 (P:0.0368, S:0.0287, Q:0.0056) | Val Loss: 0.738916 (P:0.7038, S:0.5739, Q:0.0064) | Repr L2μ: 4.3182 Val L2μ: 2.4333 | Repr Cosμ: 0.8620 Val Cosμ: 0.9580 | Pred→Target Cosμ: 0.9592 Val Cosμ: 0.6911 | Repr NormRatio: 1.2564 Val NormRatio: 1.0665 | Train Meta: Scaleμ:6.0957 | Val Meta: Scaleμ:6.0955
Epoch 91/100 | Steps: 559 | LR: 0.000003 | Train Loss: 0.044332 (P:0.0373, S:0.0289, Q:0.0056) | Val Loss: 0.728864 (P:0.6957, S:0.5335, Q:0.0064) | Repr L2μ: 4.3601 Val L2μ: 2.3441 | Repr Cosμ: 0.8604 Val Cosμ: 0.9616 | Pred→Target Cosμ: 0.9596 Val Cosμ: 0.7192 | Repr NormRatio: 1.2383 Val NormRatio: 1.0405 | Train Meta: Scaleμ:6.0953 | Val Meta: Scaleμ:6.0952
Epoch 92/100 | Steps: 559 | LR: 0.000003 | Train Loss: 0.045097 (P:0.0381, S:0.0290, Q:0.0056) | Val Loss: 0.756552 (P:0.7245, S:0.5142, Q:0.0064) | Repr L2μ: 4.1198 Val L2μ: 3.8626 | Repr Cosμ: 0.8708 Val Cosμ: 0.8790 | Pred→Target Cosμ: 0.9589 Val Cosμ: 0.6463 | Repr NormRatio: 1.2154 Val NormRatio: 1.1998 | Train Meta: Scaleμ:6.0950 | Val Meta: Scaleμ:6.0948
Epoch 93/100 | Steps: 559 | LR: 0.000002 | Train Loss: 0.045213 (P:0.0382, S:0.0295, Q:0.0056) | Val Loss: 0.777385 (P:0.7467, S:0.4861, Q:0.0064) | Repr L2μ: 5.3433 Val L2μ: 4.0360 | Repr Cosμ: 0.7721 Val Cosμ: 0.8642 | Pred→Target Cosμ: 0.9598 Val Cosμ: 0.6505 | Repr NormRatio: 1.3771 Val NormRatio: 1.2390 | Train Meta: Scaleμ:6.0947 | Val Meta: Scaleμ:6.0946
Epoch 94/100 | Steps: 559 | LR: 0.000002 | Train Loss: 0.043390 (P:0.0364, S:0.0292, Q:0.0056) | Val Loss: 0.753913 (P:0.7217, S:0.5162, Q:0.0064) | Repr L2μ: 4.9297 Val L2μ: 3.8053 | Repr Cosμ: 0.8076 Val Cosμ: 0.8751 | Pred→Target Cosμ: 0.9619 Val Cosμ: 0.6896 | Repr NormRatio: 1.3108 Val NormRatio: 1.2298 | Train Meta: Scaleμ:6.0945 | Val Meta: Scaleμ:6.0944
Epoch 95/100 | Steps: 559 | LR: 0.000002 | Train Loss: 0.043109 (P:0.0361, S:0.0288, Q:0.0055) | Val Loss: 0.764216 (P:0.7299, S:0.5606, Q:0.0063) | Repr L2μ: 4.8971 Val L2μ: 2.9118 | Repr Cosμ: 0.8085 Val Cosμ: 0.9374 | Pred→Target Cosμ: 0.9603 Val Cosμ: 0.6481 | Repr NormRatio: 1.3142 Val NormRatio: 1.0924 | Train Meta: Scaleμ:6.0942 | Val Meta: Scaleμ:6.0941
Epoch 96/100 | Steps: 559 | LR: 0.000001 | Train Loss: 0.041792 (P:0.0348, S:0.0284, Q:0.0055) | Val Loss: 0.743241 (P:0.7087, S:0.5638, Q:0.0063) | Repr L2μ: 3.7462 Val L2μ: 2.4997 | Repr Cosμ: 0.9039 Val Cosμ: 0.9554 | Pred→Target Cosμ: 0.9598 Val Cosμ: 0.6919 | Repr NormRatio: 1.1964 Val NormRatio: 1.0687 | Train Meta: Scaleμ:6.0941 | Val Meta: Scaleμ:6.0940
Epoch 97/100 | Steps: 559 | LR: 0.000001 | Train Loss: 0.040666 (P:0.0337, S:0.0282, Q:0.0055) | Val Loss: 0.754323 (P:0.7214, S:0.5327, Q:0.0063) | Repr L2μ: 4.0943 Val L2μ: 3.5362 | Repr Cosμ: 0.8817 Val Cosμ: 0.9035 | Pred→Target Cosμ: 0.9616 Val Cosμ: 0.6665 | Repr NormRatio: 1.2258 Val NormRatio: 1.1266 | Train Meta: Scaleμ:6.0940 | Val Meta: Scaleμ:6.0939
Epoch 98/100 | Steps: 559 | LR: 0.000001 | Train Loss: 0.045953 (P:0.0390, S:0.0289, Q:0.0055) | Val Loss: 0.767103 (P:0.7358, S:0.4987, Q:0.0064) | Repr L2μ: 5.2361 Val L2μ: 3.7435 | Repr Cosμ: 0.7906 Val Cosμ: 0.8909 | Pred→Target Cosμ: 0.9593 Val Cosμ: 0.6427 | Repr NormRatio: 1.3352 Val NormRatio: 1.2040 | Train Meta: Scaleμ:6.0939 | Val Meta: Scaleμ:6.0938
Epoch 99/100 | Steps: 559 | LR: 0.000001 | Train Loss: 0.044134 (P:0.0372, S:0.0287, Q:0.0055) | Val Loss: 0.729447 (P:0.6966, S:0.5304, Q:0.0064) | Repr L2μ: 4.4798 Val L2μ: 2.6637 | Repr Cosμ: 0.8545 Val Cosμ: 0.9493 | Pred→Target Cosμ: 0.9610 Val Cosμ: 0.7046 | Repr NormRatio: 1.2290 Val NormRatio: 1.0592 | Train Meta: Scaleμ:6.0937 | Val Meta: Scaleμ:6.0937
Epoch 100/100 | Steps: 559 | LR: 0.000001 | Train Loss: 0.044201 (P:0.0372, S:0.0289, Q:0.0055) | Val Loss: 0.737351 (P:0.7043, S:0.5332, Q:0.0064) | Repr L2μ: 3.3932 Val L2μ: 2.3905 | Repr Cosμ: 0.9239 Val Cosμ: 0.9601 | Pred→Target Cosμ: 0.9585 Val Cosμ: 0.7234 | Repr NormRatio: 1.1252 Val NormRatio: 1.0428 | Train Meta: Scaleμ:6.0936 | Val Meta: Scaleμ:6.0936
Saved attention maps for 100 epoch snapshot(s) under ./runs/pretrain_electricity_laya_attention_suppress_gate_text/attention_maps
