nohup: ignoring input
🚀 Laya-TS Pretraining: electricity (laya + metadata_query_gate_text_stats_avg)
📊 data_path: ../Dataset/long_term_forecast/electricity/electricity.csv
📝 metadata: mode=text_stats_avg, fusion=none, relation=metadata_query_gate, stats_dim=384
🔗 query-bias scale init: 1.0
📝 log_dir: ./runs/pretrain_electricity_laya_metadata_query_gate_text_stats_avg
Text metadata preview | dataset=electricity | domain=electricity | channels=321
   - 0: In the electricity domain, this channel belongs to the electricity dataset and represents the feature 0.
   - 1: In the electricity domain, this channel belongs to the electricity dataset and represents the feature 1.
   - ... (319 more channel descriptions)
Stats metadata preview | dataset=electricity | domain=electricity | channels=321
   - 0: Channel statistics over the training split: mean value is -0.000, standard deviation is 1.000, minimum value is -1.018, maximum value is 4.540, median value is -0.531, and mean absolute value is 0.830.
/data/pjh_workspace/ts-env/lib/python3.8/site-packages/torch/nn/modules/transformer.py:307: UserWarning: enable_nested_tensor is True, but self.use_nested_tensor is False because encoder_layer.norm_first was True
  warnings.warn(f"enable_nested_tensor is True, but self.use_nested_tensor is False because {why_not_sparsity_fast_path}")
📊 Dataset Statistics:
   - Sequence Length (T): 512
   - Train Samples: 17903, Steps: 559
   - Val Samples: 2119, Steps: 67
🔧 Encoder Hyperparameters:
   - d_model: 256
   - n_heads: 8
   - n_layers: 3
   - proj_dim: 128
   - predictor_depth: 2
   - predictor_heads: 4
   - patch_size: 16
   - metadata_fusion_mode: none
   - channel_mixer_relation_mode: metadata_query_gate
   - channel_mixer_relation_scale_init: 1.0
   - encoder_variant: default
   - temporal_patchifier_mode: fixed
   - use_channel_relation_block: False
🧮 Parameter Counts:
   - Total Parameters: 4,471,169
   - Trainable Parameters: 4,471,169
⏱️ Schedule:
   - total_steps: 55900
   - warmup_steps: 5590
   - derived_epochs: 100
Epoch 1/100 | Steps: 559 | LR: 0.000010 | Train Loss: 1.863487 (P:0.8517, S:0.2363, Q:1.0000) | Val Loss: 1.878927 (P:0.8595, S:0.3886, Q:1.0000) | Repr L2μ: 4.9426 Val L2μ: 4.2622 | Repr Cosμ: 0.8987 Val Cosμ: 0.9229 | Pred→Target Cosμ: 0.3797 Val Cosμ: 0.3889 | Repr NormRatio: 1.2030 Val NormRatio: 1.1462 | Train Meta: Scaleμ:0.7620, Signal|S|μ:0.0061, Delta|S|μ:0.0000, Delta/Signal:0.50%, Gateμ:0.0003, Gate0%:0.0, MetaNormμ:3.9684 | Val Meta: Scaleμ:0.7631, Signal|S|μ:0.0063, Delta|S|μ:0.0001, Delta/Signal:0.85%, Gateμ:0.0024, Gate0%:0.0, MetaNormμ:4.3798
   -> Saved improved checkpoint: val_loss=1.878927 at epoch 1
Epoch 2/100 | Steps: 559 | LR: 0.000020 | Train Loss: 1.703637 (P:0.6981, S:0.1137, Q:0.9999) | Val Loss: 1.956145 (P:0.9368, S:0.3943, Q:0.9996) | Repr L2μ: 5.1056 Val L2μ: 4.2608 | Repr Cosμ: 0.8909 Val Cosμ: 0.9163 | Pred→Target Cosμ: 0.5736 Val Cosμ: 0.3717 | Repr NormRatio: 1.2045 Val NormRatio: 1.1904 | Train Meta: Scaleμ:0.7665, Signal|S|μ:0.0098, Delta|S|μ:0.0002, Delta/Signal:1.93%, Gateμ:0.0070, Gate0%:0.0, MetaNormμ:5.2985 | Val Meta: Scaleμ:0.7714, Signal|S|μ:0.0152, Delta|S|μ:0.0005, Delta/Signal:3.51%, Gateμ:0.0117, Gate0%:0.0, MetaNormμ:5.7629
Epoch 3/100 | Steps: 559 | LR: 0.000030 | Train Loss: 1.504211 (P:0.5056, S:0.0766, Q:0.9947) | Val Loss: 1.883919 (P:0.8826, S:0.4417, Q:0.9792) | Repr L2μ: 4.4744 Val L2μ: 4.1359 | Repr Cosμ: 0.9087 Val Cosμ: 0.9171 | Pred→Target Cosμ: 0.8475 Val Cosμ: 0.4486 | Repr NormRatio: 1.2160 Val NormRatio: 1.1912 | Train Meta: Scaleμ:0.7800, Signal|S|μ:0.0498, Delta|S|μ:0.0062, Delta/Signal:9.67%, Gateμ:0.0201, Gate0%:0.0, MetaNormμ:6.0012 | Val Meta: Scaleμ:0.7901, Signal|S|μ:0.1040, Delta|S|μ:0.0221, Delta/Signal:21.26%, Gateμ:0.0392, Gate0%:0.0, MetaNormμ:6.2918
Epoch 4/100 | Steps: 559 | LR: 0.000040 | Train Loss: 1.189939 (P:0.4401, S:0.0622, Q:0.7468) | Val Loss: 1.426284 (P:0.9473, S:0.4658, Q:0.4557) | Repr L2μ: 5.2175 Val L2μ: 4.0568 | Repr Cosμ: 0.8685 Val Cosμ: 0.9086 | Pred→Target Cosμ: 0.8839 Val Cosμ: 0.4834 | Repr NormRatio: 1.2607 Val NormRatio: 1.2389 | Train Meta: Scaleμ:0.8022, Signal|S|μ:0.3520, Delta|S|μ:0.1678, Delta/Signal:42.92%, Gateμ:0.1116, Gate0%:0.0, MetaNormμ:6.5887 | Val Meta: Scaleμ:0.8118, Signal|S|μ:0.5596, Delta|S|μ:0.2972, Delta/Signal:53.10%, Gateμ:0.1840, Gate0%:0.0, MetaNormμ:6.6054
   -> Saved improved checkpoint: val_loss=1.426284 at epoch 4
Epoch 5/100 | Steps: 559 | LR: 0.000050 | Train Loss: 0.765438 (P:0.3737, S:0.0522, Q:0.3891) | Val Loss: 1.298357 (P:0.9654, S:0.4945, Q:0.3083) | Repr L2μ: 6.2699 Val L2μ: 5.1827 | Repr Cosμ: 0.8046 Val Cosμ: 0.8557 | Pred→Target Cosμ: 0.8854 Val Cosμ: 0.5391 | Repr NormRatio: 1.3180 Val NormRatio: 1.2460 | Train Meta: Scaleμ:0.8168, Signal|S|μ:0.7302, Delta|S|μ:0.2792, Delta/Signal:38.44%, Gateμ:0.0787, Gate0%:0.0, MetaNormμ:4.6713 | Val Meta: Scaleμ:0.8217, Signal|S|μ:0.7880, Delta|S|μ:0.3361, Delta/Signal:42.65%, Gateμ:-0.0022, Gate0%:0.0, MetaNormμ:3.9121
   -> Saved improved checkpoint: val_loss=1.298357 at epoch 5
Epoch 6/100 | Steps: 559 | LR: 0.000060 | Train Loss: 0.583440 (P:0.2898, S:0.0482, Q:0.2913) | Val Loss: 1.392999 (P:1.0819, S:0.6039, Q:0.2809) | Repr L2μ: 8.0165 Val L2μ: 6.4068 | Repr Cosμ: 0.7182 Val Cosμ: 0.8091 | Pred→Target Cosμ: 0.8904 Val Cosμ: 0.5347 | Repr NormRatio: 1.3295 Val NormRatio: 1.1618 | Train Meta: Scaleμ:0.8248, Signal|S|μ:0.8867, Delta|S|μ:0.4232, Delta/Signal:47.67%, Gateμ:-0.0214, Gate0%:0.0, MetaNormμ:3.8601 | Val Meta: Scaleμ:0.8273, Signal|S|μ:0.8844, Delta|S|μ:0.4344, Delta/Signal:49.12%, Gateμ:-0.0123, Gate0%:0.0, MetaNormμ:3.8786
Epoch 7/100 | Steps: 559 | LR: 0.000070 | Train Loss: 0.477271 (P:0.1981, S:0.0531, Q:0.2765) | Val Loss: 1.565993 (P:1.2635, S:0.5546, Q:0.2748) | Repr L2μ: 9.6394 Val L2μ: 7.8284 | Repr Cosμ: 0.6655 Val Cosμ: 0.8140 | Pred→Target Cosμ: 0.9027 Val Cosμ: 0.5876 | Repr NormRatio: 1.3339 Val NormRatio: 1.1593 | Train Meta: Scaleμ:0.8292, Signal|S|μ:0.9732, Delta|S|μ:0.4893, Delta/Signal:50.28%, Gateμ:-0.0080, Gate0%:0.0, MetaNormμ:3.9622 | Val Meta: Scaleμ:0.8315, Signal|S|μ:0.9713, Delta|S|μ:0.5004, Delta/Signal:51.52%, Gateμ:0.0316, Gate0%:0.0, MetaNormμ:3.9853
Epoch 8/100 | Steps: 559 | LR: 0.000080 | Train Loss: 0.364148 (P:0.1212, S:0.0551, Q:0.2402) | Val Loss: 1.359929 (P:1.1156, S:0.4333, Q:0.2226) | Repr L2μ: 10.6138 Val L2μ: 9.3005 | Repr Cosμ: 0.6640 Val Cosμ: 0.7374 | Pred→Target Cosμ: 0.9391 Val Cosμ: 0.6229 | Repr NormRatio: 1.2056 Val NormRatio: 1.0685 | Train Meta: Scaleμ:0.8349, Signal|S|μ:1.0514, Delta|S|μ:0.5529, Delta/Signal:52.57%, Gateμ:0.0051, Gate0%:0.0, MetaNormμ:4.3096 | Val Meta: Scaleμ:0.8381, Signal|S|μ:1.0253, Delta|S|μ:0.5607, Delta/Signal:54.69%, Gateμ:0.0198, Gate0%:0.0, MetaNormμ:4.5570
Epoch 9/100 | Steps: 559 | LR: 0.000090 | Train Loss: 0.330092 (P:0.1131, S:0.0562, Q:0.2142) | Val Loss: 1.291447 (P:1.0560, S:0.5607, Q:0.2074) | Repr L2μ: 9.7485 Val L2μ: 5.7867 | Repr Cosμ: 0.7296 Val Cosμ: 0.9120 | Pred→Target Cosμ: 0.9482 Val Cosμ: 0.5072 | Repr NormRatio: 1.1306 Val NormRatio: 1.0144 | Train Meta: Scaleμ:0.8409, Signal|S|μ:1.1005, Delta|S|μ:0.5826, Delta/Signal:52.96%, Gateμ:0.0378, Gate0%:0.0, MetaNormμ:4.9092 | Val Meta: Scaleμ:0.8443, Signal|S|μ:1.0926, Delta|S|μ:0.5515, Delta/Signal:50.47%, Gateμ:0.0492, Gate0%:0.0, MetaNormμ:5.5969
   -> Saved improved checkpoint: val_loss=1.291447 at epoch 9
Epoch 10/100 | Steps: 559 | LR: 0.000100 | Train Loss: 0.312255 (P:0.1420, S:0.0581, Q:0.1674) | Val Loss: 1.471589 (P:1.2853, S:0.5317, Q:0.1597) | Repr L2μ: 6.8603 Val L2μ: 4.6165 | Repr Cosμ: 0.8536 Val Cosμ: 0.9415 | Pred→Target Cosμ: 0.9596 Val Cosμ: 0.5528 | Repr NormRatio: 1.1312 Val NormRatio: 1.0693 | Train Meta: Scaleμ:0.8509, Signal|S|μ:1.2343, Delta|S|μ:0.6506, Delta/Signal:52.67%, Gateμ:0.0498, Gate0%:0.0, MetaNormμ:5.8470 | Val Meta: Scaleμ:0.8574, Signal|S|μ:1.2604, Delta|S|μ:0.7037, Delta/Signal:55.83%, Gateμ:0.0273, Gate0%:0.0, MetaNormμ:6.0172
Epoch 11/100 | Steps: 559 | LR: 0.000100 | Train Loss: 0.278154 (P:0.1638, S:0.0620, Q:0.1112) | Val Loss: 1.567146 (P:1.4244, S:0.7103, Q:0.1072) | Repr L2μ: 5.2913 Val L2μ: 3.0414 | Repr Cosμ: 0.9237 Val Cosμ: 0.9736 | Pred→Target Cosμ: 0.9567 Val Cosμ: 0.2073 | Repr NormRatio: 1.0891 Val NormRatio: 1.0268 | Train Meta: Scaleμ:0.8630, Signal|S|μ:1.4208, Delta|S|μ:0.8376, Delta/Signal:58.86%, Gateμ:-0.0049, Gate0%:0.0, MetaNormμ:6.5141 | Val Meta: Scaleμ:0.8686, Signal|S|μ:1.4641, Delta|S|μ:0.9201, Delta/Signal:62.84%, Gateμ:-0.0303, Gate0%:0.0, MetaNormμ:6.8573
Epoch 12/100 | Steps: 559 | LR: 0.000100 | Train Loss: 0.294041 (P:0.2060, S:0.0715, Q:0.0845) | Val Loss: 1.790583 (P:1.6568, S:0.8886, Q:0.0893) | Repr L2μ: 4.7280 Val L2μ: 2.1802 | Repr Cosμ: 0.9315 Val Cosμ: 0.9876 | Pred→Target Cosμ: 0.9546 Val Cosμ: 0.4915 | Repr NormRatio: 1.0349 Val NormRatio: 1.0081 | Train Meta: Scaleμ:0.8729, Signal|S|μ:1.6540, Delta|S|μ:1.0664, Delta/Signal:64.43%, Gateμ:-0.0643, Gate0%:0.0, MetaNormμ:6.8343 | Val Meta: Scaleμ:0.8773, Signal|S|μ:1.6831, Delta|S|μ:1.1023, Delta/Signal:65.49%, Gateμ:-0.1006, Gate0%:0.0, MetaNormμ:6.6483
Epoch 13/100 | Steps: 559 | LR: 0.000100 | Train Loss: 0.208100 (P:0.1405, S:0.0562, Q:0.0648) | Val Loss: 1.257429 (P:1.1678, S:0.4555, Q:0.0668) | Repr L2μ: 4.0257 Val L2μ: 3.0698 | Repr Cosμ: 0.9576 Val Cosμ: 0.9740 | Pred→Target Cosμ: 0.9695 Val Cosμ: 0.6281 | Repr NormRatio: 1.0190 Val NormRatio: 1.0079 | Train Meta: Scaleμ:0.8821, Signal|S|μ:1.9042, Delta|S|μ:1.2937, Delta/Signal:67.89%, Gateμ:-0.1159, Gate0%:0.0, MetaNormμ:6.6278 | Val Meta: Scaleμ:0.8863, Signal|S|μ:1.9285, Delta|S|μ:1.3461, Delta/Signal:69.80%, Gateμ:-0.1277, Gate0%:0.0, MetaNormμ:6.6240
   -> Saved improved checkpoint: val_loss=1.257429 at epoch 13
Epoch 14/100 | Steps: 559 | LR: 0.000100 | Train Loss: 0.254754 (P:0.1940, S:0.0756, Q:0.0570) | Val Loss: 1.423491 (P:1.3499, S:0.3165, Q:0.0577) | Repr L2μ: 5.0889 Val L2μ: 7.8763 | Repr Cosμ: 0.9289 Val Cosμ: 0.8134 | Pred→Target Cosμ: 0.9628 Val Cosμ: 0.5926 | Repr NormRatio: 1.0293 Val NormRatio: 1.0095 | Train Meta: Scaleμ:0.8899, Signal|S|μ:2.1451, Delta|S|μ:1.5287, Delta/Signal:71.24%, Gateμ:-0.1282, Gate0%:0.0, MetaNormμ:6.7005 | Val Meta: Scaleμ:0.8929, Signal|S|μ:2.1386, Delta|S|μ:1.5532, Delta/Signal:72.63%, Gateμ:-0.1289, Gate0%:0.0, MetaNormμ:6.8445
Epoch 15/100 | Steps: 559 | LR: 0.000099 | Train Loss: 0.242714 (P:0.1867, S:0.0729, Q:0.0524) | Val Loss: 1.300931 (P:1.2241, S:0.4128, Q:0.0562) | Repr L2μ: 5.1012 Val L2μ: 3.9035 | Repr Cosμ: 0.9267 Val Cosμ: 0.9593 | Pred→Target Cosμ: 0.9772 Val Cosμ: 0.5591 | Repr NormRatio: 1.0297 Val NormRatio: 1.0111 | Train Meta: Scaleμ:0.8959, Signal|S|μ:2.3501, Delta|S|μ:1.7319, Delta/Signal:73.68%, Gateμ:-0.1354, Gate0%:0.0, MetaNormμ:6.8263 | Val Meta: Scaleμ:0.8988, Signal|S|μ:2.3194, Delta|S|μ:1.7352, Delta/Signal:74.81%, Gateμ:-0.1393, Gate0%:0.0, MetaNormμ:6.8732
Epoch 16/100 | Steps: 559 | LR: 0.000099 | Train Loss: 0.235308 (P:0.1837, S:0.0597, Q:0.0487) | Val Loss: 1.164476 (P:1.0924, S:0.3980, Q:0.0522) | Repr L2μ: 4.6437 Val L2μ: 3.8377 | Repr Cosμ: 0.9437 Val Cosμ: 0.9581 | Pred→Target Cosμ: 0.9775 Val Cosμ: 0.7504 | Repr NormRatio: 1.0266 Val NormRatio: 1.0135 | Train Meta: Scaleμ:0.9015, Signal|S|μ:2.5436, Delta|S|μ:1.9214, Delta/Signal:75.53%, Gateμ:-0.1424, Gate0%:0.0, MetaNormμ:6.9178 | Val Meta: Scaleμ:0.9041, Signal|S|μ:2.5034, Delta|S|μ:1.9103, Delta/Signal:76.31%, Gateμ:-0.1420, Gate0%:0.0, MetaNormμ:6.9810
   -> Saved improved checkpoint: val_loss=1.164476 at epoch 16
Epoch 17/100 | Steps: 559 | LR: 0.000099 | Train Loss: 0.174832 (P:0.1267, S:0.0581, Q:0.0452) | Val Loss: 1.315422 (P:1.2371, S:0.3056, Q:0.0630) | Repr L2μ: 5.8280 Val L2μ: 7.0088 | Repr Cosμ: 0.9095 Val Cosμ: 0.8618 | Pred→Target Cosμ: 0.9742 Val Cosμ: 0.6518 | Repr NormRatio: 1.0247 Val NormRatio: 1.0547 | Train Meta: Scaleμ:0.9064, Signal|S|μ:2.7450, Delta|S|μ:2.1144, Delta/Signal:77.02%, Gateμ:-0.1506, Gate0%:0.0, MetaNormμ:6.9502 | Val Meta: Scaleμ:0.9089, Signal|S|μ:2.7028, Delta|S|μ:2.1246, Delta/Signal:78.60%, Gateμ:-0.1741, Gate0%:0.0, MetaNormμ:6.9613
Epoch 18/100 | Steps: 559 | LR: 0.000098 | Train Loss: 0.175141 (P:0.1308, S:0.0606, Q:0.0413) | Val Loss: 1.154889 (P:1.0920, S:0.3150, Q:0.0471) | Repr L2μ: 4.7643 Val L2μ: 4.9656 | Repr Cosμ: 0.9403 Val Cosμ: 0.9318 | Pred→Target Cosμ: 0.9778 Val Cosμ: 0.7186 | Repr NormRatio: 1.0215 Val NormRatio: 1.0148 | Train Meta: Scaleμ:0.9118, Signal|S|μ:2.9421, Delta|S|μ:2.3009, Delta/Signal:78.20%, Gateμ:-0.1616, Gate0%:0.0, MetaNormμ:6.9972 | Val Meta: Scaleμ:0.9144, Signal|S|μ:2.8661, Delta|S|μ:2.2569, Delta/Signal:78.74%, Gateμ:-0.1616, Gate0%:0.0, MetaNormμ:7.0085
   -> Saved improved checkpoint: val_loss=1.154889 at epoch 18
Epoch 19/100 | Steps: 559 | LR: 0.000098 | Train Loss: 0.142707 (P:0.1004, S:0.0578, Q:0.0394) | Val Loss: 1.109717 (P:1.0369, S:0.5153, Q:0.0470) | Repr L2μ: 6.2672 Val L2μ: 5.6610 | Repr Cosμ: 0.8968 Val Cosμ: 0.9104 | Pred→Target Cosμ: 0.9817 Val Cosμ: 0.6550 | Repr NormRatio: 1.0227 Val NormRatio: 1.0126 | Train Meta: Scaleμ:0.9167, Signal|S|μ:3.1295, Delta|S|μ:2.4783, Delta/Signal:79.19%, Gateμ:-0.1624, Gate0%:0.0, MetaNormμ:6.9720 | Val Meta: Scaleμ:0.9190, Signal|S|μ:3.0289, Delta|S|μ:2.4126, Delta/Signal:79.65%, Gateμ:-0.1678, Gate0%:0.0, MetaNormμ:6.9676
   -> Saved improved checkpoint: val_loss=1.109717 at epoch 19
Epoch 20/100 | Steps: 559 | LR: 0.000097 | Train Loss: 0.233524 (P:0.1903, S:0.0783, Q:0.0393) | Val Loss: 2.130322 (P:2.0603, S:0.5348, Q:0.0433) | Repr L2μ: 5.6817 Val L2μ: 5.1893 | Repr Cosμ: 0.9097 Val Cosμ: 0.9232 | Pred→Target Cosμ: 0.9695 Val Cosμ: 0.8427 | Repr NormRatio: 1.0525 Val NormRatio: 1.0184 | Train Meta: Scaleμ:0.9211, Signal|S|μ:3.2692, Delta|S|μ:2.6205, Delta/Signal:80.15%, Gateμ:-0.1748, Gate0%:0.0, MetaNormμ:6.9790 | Val Meta: Scaleμ:0.9228, Signal|S|μ:3.1368, Delta|S|μ:2.5399, Delta/Signal:80.97%, Gateμ:-0.1759, Gate0%:0.0, MetaNormμ:7.0307
Epoch 21/100 | Steps: 559 | LR: 0.000096 | Train Loss: 0.140118 (P:0.0994, S:0.0656, Q:0.0374) | Val Loss: 1.013807 (P:0.9525, S:0.3812, Q:0.0423) | Repr L2μ: 6.6822 Val L2μ: 6.2919 | Repr Cosμ: 0.8809 Val Cosμ: 0.8886 | Pred→Target Cosμ: 0.9751 Val Cosμ: 0.7355 | Repr NormRatio: 1.0322 Val NormRatio: 1.0216 | Train Meta: Scaleμ:0.9246, Signal|S|μ:3.3882, Delta|S|μ:2.7427, Delta/Signal:80.95%, Gateμ:-0.1800, Gate0%:0.0, MetaNormμ:6.9797 | Val Meta: Scaleμ:0.9264, Signal|S|μ:3.2480, Delta|S|μ:2.6423, Delta/Signal:81.35%, Gateμ:-0.1823, Gate0%:0.0, MetaNormμ:6.9757
   -> Saved improved checkpoint: val_loss=1.013807 at epoch 21
Epoch 22/100 | Steps: 559 | LR: 0.000096 | Train Loss: 0.107654 (P:0.0701, S:0.0611, Q:0.0345) | Val Loss: 0.851053 (P:0.7983, S:0.2839, Q:0.0385) | Repr L2μ: 6.2373 Val L2μ: 6.0479 | Repr Cosμ: 0.8978 Val Cosμ: 0.9016 | Pred→Target Cosμ: 0.9804 Val Cosμ: 0.8009 | Repr NormRatio: 1.0288 Val NormRatio: 1.0170 | Train Meta: Scaleμ:0.9282, Signal|S|μ:3.5286, Delta|S|μ:2.8818, Delta/Signal:81.67%, Gateμ:-0.1823, Gate0%:0.0, MetaNormμ:6.9903 | Val Meta: Scaleμ:0.9298, Signal|S|μ:3.3759, Delta|S|μ:2.7682, Delta/Signal:82.00%, Gateμ:-0.1820, Gate0%:0.0, MetaNormμ:7.0305
   -> Saved improved checkpoint: val_loss=0.851053 at epoch 22
Epoch 23/100 | Steps: 559 | LR: 0.000095 | Train Loss: 0.084815 (P:0.0487, S:0.0507, Q:0.0335) | Val Loss: 0.638993 (P:0.5890, S:0.2527, Q:0.0374) | Repr L2μ: 6.4749 Val L2μ: 6.1382 | Repr Cosμ: 0.8930 Val Cosμ: 0.8971 | Pred→Target Cosμ: 0.9831 Val Cosμ: 0.8083 | Repr NormRatio: 1.0208 Val NormRatio: 1.0125 | Train Meta: Scaleμ:0.9314, Signal|S|μ:3.6657, Delta|S|μ:3.0143, Delta/Signal:82.23%, Gateμ:-0.1834, Gate0%:0.0, MetaNormμ:6.9928 | Val Meta: Scaleμ:0.9331, Signal|S|μ:3.4936, Delta|S|μ:2.8841, Delta/Signal:82.55%, Gateμ:-0.1845, Gate0%:0.0, MetaNormμ:7.0063
   -> Saved improved checkpoint: val_loss=0.638993 at epoch 23
Epoch 24/100 | Steps: 559 | LR: 0.000094 | Train Loss: 0.088723 (P:0.0532, S:0.0561, Q:0.0327) | Val Loss: 0.921526 (P:0.8686, S:0.3360, Q:0.0362) | Repr L2μ: 6.9214 Val L2μ: 3.3442 | Repr Cosμ: 0.8719 Val Cosμ: 0.9691 | Pred→Target Cosμ: 0.9831 Val Cosμ: 0.7796 | Repr NormRatio: 1.0316 Val NormRatio: 1.0124 | Train Meta: Scaleμ:0.9348, Signal|S|μ:3.7870, Delta|S|μ:3.1360, Delta/Signal:82.81%, Gateμ:-0.1904, Gate0%:0.0, MetaNormμ:7.0350 | Val Meta: Scaleμ:0.9365, Signal|S|μ:3.5987, Delta|S|μ:2.9859, Delta/Signal:82.97%, Gateμ:-0.2063, Gate0%:0.0, MetaNormμ:7.1457
Epoch 25/100 | Steps: 559 | LR: 0.000093 | Train Loss: 0.070416 (P:0.0376, S:0.0504, Q:0.0303) | Val Loss: 0.739729 (P:0.6825, S:0.4251, Q:0.0359) | Repr L2μ: 5.2578 Val L2μ: 5.1718 | Repr Cosμ: 0.9285 Val Cosμ: 0.9250 | Pred→Target Cosμ: 0.9905 Val Cosμ: 0.7516 | Repr NormRatio: 1.0256 Val NormRatio: 1.0271 | Train Meta: Scaleμ:0.9384, Signal|S|μ:3.9213, Delta|S|μ:3.2711, Delta/Signal:83.42%, Gateμ:-0.2037, Gate0%:0.0, MetaNormμ:7.1407 | Val Meta: Scaleμ:0.9403, Signal|S|μ:3.7477, Delta|S|μ:3.1369, Delta/Signal:83.70%, Gateμ:-0.2106, Gate0%:0.0, MetaNormμ:7.1160
Epoch 26/100 | Steps: 559 | LR: 0.000092 | Train Loss: 0.057446 (P:0.0269, S:0.0439, Q:0.0283) | Val Loss: 0.625893 (P:0.5739, S:0.3165, Q:0.0362) | Repr L2μ: 6.5854 Val L2μ: 5.0529 | Repr Cosμ: 0.8879 Val Cosμ: 0.9282 | Pred→Target Cosμ: 0.9894 Val Cosμ: 0.7930 | Repr NormRatio: 1.0382 Val NormRatio: 1.0344 | Train Meta: Scaleμ:0.9421, Signal|S|μ:4.0879, Delta|S|μ:3.4282, Delta/Signal:83.86%, Gateμ:-0.2183, Gate0%:0.0, MetaNormμ:7.1450 | Val Meta: Scaleμ:0.9440, Signal|S|μ:3.9020, Delta|S|μ:3.2907, Delta/Signal:84.33%, Gateμ:-0.2144, Gate0%:0.0, MetaNormμ:7.1797
   -> Saved improved checkpoint: val_loss=0.625893 at epoch 26
Epoch 27/100 | Steps: 559 | LR: 0.000092 | Train Loss: 0.053492 (P:0.0252, S:0.0455, Q:0.0261) | Val Loss: 0.593967 (P:0.5478, S:0.2480, Q:0.0338) | Repr L2μ: 7.6621 Val L2μ: 6.6169 | Repr Cosμ: 0.8444 Val Cosμ: 0.8728 | Pred→Target Cosμ: 0.9883 Val Cosμ: 0.8406 | Repr NormRatio: 1.0442 Val NormRatio: 1.0472 | Train Meta: Scaleμ:0.9455, Signal|S|μ:4.2438, Delta|S|μ:3.5675, Delta/Signal:84.06%, Gateμ:-0.2299, Gate0%:0.0, MetaNormμ:7.1375 | Val Meta: Scaleμ:0.9470, Signal|S|μ:4.0015, Delta|S|μ:3.3739, Delta/Signal:84.31%, Gateμ:-0.2374, Gate0%:0.0, MetaNormμ:7.1635
   -> Saved improved checkpoint: val_loss=0.593967 at epoch 27
Epoch 28/100 | Steps: 559 | LR: 0.000091 | Train Loss: 0.049379 (P:0.0243, S:0.0470, Q:0.0227) | Val Loss: 0.603368 (P:0.5621, S:0.2612, Q:0.0282) | Repr L2μ: 7.4075 Val L2μ: 5.3877 | Repr Cosμ: 0.8536 Val Cosμ: 0.9184 | Pred→Target Cosμ: 0.9890 Val Cosμ: 0.7973 | Repr NormRatio: 1.0545 Val NormRatio: 1.0405 | Train Meta: Scaleμ:0.9485, Signal|S|μ:4.3134, Delta|S|μ:3.6358, Delta/Signal:84.29%, Gateμ:-0.2433, Gate0%:0.0, MetaNormμ:7.1378 | Val Meta: Scaleμ:0.9498, Signal|S|μ:4.0844, Delta|S|μ:3.4472, Delta/Signal:84.40%, Gateμ:-0.2474, Gate0%:0.0, MetaNormμ:7.1746
Epoch 29/100 | Steps: 559 | LR: 0.000090 | Train Loss: 0.037363 (P:0.0179, S:0.0407, Q:0.0174) | Val Loss: 0.555940 (P:0.5157, S:0.2248, Q:0.0290) | Repr L2μ: 7.5513 Val L2μ: 7.0060 | Repr Cosμ: 0.8483 Val Cosμ: 0.8578 | Pred→Target Cosμ: 0.9912 Val Cosμ: 0.7499 | Repr NormRatio: 1.0769 Val NormRatio: 1.0984 | Train Meta: Scaleμ:0.9508, Signal|S|μ:4.4681, Delta|S|μ:3.7828, Delta/Signal:84.66%, Gateμ:-0.2546, Gate0%:0.0, MetaNormμ:7.0921 | Val Meta: Scaleμ:0.9518, Signal|S|μ:4.2248, Delta|S|μ:3.5857, Delta/Signal:84.87%, Gateμ:-0.2594, Gate0%:0.0, MetaNormμ:7.2255
   -> Saved improved checkpoint: val_loss=0.555940 at epoch 29
Epoch 30/100 | Steps: 559 | LR: 0.000088 | Train Loss: 0.047364 (P:0.0282, S:0.0485, Q:0.0167) | Val Loss: 0.600925 (P:0.5653, S:0.3034, Q:0.0205) | Repr L2μ: 7.8280 Val L2μ: 5.5490 | Repr Cosμ: 0.8303 Val Cosμ: 0.9115 | Pred→Target Cosμ: 0.9864 Val Cosμ: 0.7623 | Repr NormRatio: 1.0935 Val NormRatio: 1.0140 | Train Meta: Scaleμ:0.9529, Signal|S|μ:4.6318, Delta|S|μ:3.9381, Delta/Signal:85.02%, Gateμ:-0.2643, Gate0%:0.0, MetaNormμ:7.1192 | Val Meta: Scaleμ:0.9540, Signal|S|μ:4.3722, Delta|S|μ:3.7104, Delta/Signal:84.86%, Gateμ:-0.2761, Gate0%:0.0, MetaNormμ:7.0881
Epoch 31/100 | Steps: 559 | LR: 0.000087 | Train Loss: 0.040274 (P:0.0233, S:0.0448, Q:0.0147) | Val Loss: 0.554513 (P:0.5227, S:0.2578, Q:0.0189) | Repr L2μ: 6.8507 Val L2μ: 6.2247 | Repr Cosμ: 0.8761 Val Cosμ: 0.8902 | Pred→Target Cosμ: 0.9885 Val Cosμ: 0.7740 | Repr NormRatio: 1.0240 Val NormRatio: 1.0299 | Train Meta: Scaleμ:0.9548, Signal|S|μ:4.7450, Delta|S|μ:4.0399, Delta/Signal:85.14%, Gateμ:-0.2754, Gate0%:0.0, MetaNormμ:7.0980 | Val Meta: Scaleμ:0.9555, Signal|S|μ:4.4307, Delta|S|μ:3.7609, Delta/Signal:84.88%, Gateμ:-0.2764, Gate0%:0.0, MetaNormμ:7.1179
   -> Saved improved checkpoint: val_loss=0.554513 at epoch 31
Epoch 32/100 | Steps: 559 | LR: 0.000086 | Train Loss: 0.041756 (P:0.0252, S:0.0461, Q:0.0143) | Val Loss: 0.767228 (P:0.6997, S:0.2742, Q:0.0538) | Repr L2μ: 6.9321 Val L2μ: 4.9984 | Repr Cosμ: 0.8714 Val Cosμ: 0.9284 | Pred→Target Cosμ: 0.9883 Val Cosμ: 0.7509 | Repr NormRatio: 1.0313 Val NormRatio: 1.0200 | Train Meta: Scaleμ:0.9562, Signal|S|μ:4.8261, Delta|S|μ:4.1216, Delta/Signal:85.40%, Gateμ:-0.2773, Gate0%:0.0, MetaNormμ:7.1011 | Val Meta: Scaleμ:0.9570, Signal|S|μ:4.4981, Delta|S|μ:3.9024, Delta/Signal:86.76%, Gateμ:-0.2883, Gate0%:0.0, MetaNormμ:7.5126
Epoch 33/100 | Steps: 559 | LR: 0.000085 | Train Loss: 0.040976 (P:0.0250, S:0.0478, Q:0.0136) | Val Loss: 0.521805 (P:0.4916, S:0.2529, Q:0.0176) | Repr L2μ: 5.5834 Val L2μ: 4.6243 | Repr Cosμ: 0.9172 Val Cosμ: 0.9394 | Pred→Target Cosμ: 0.9886 Val Cosμ: 0.7973 | Repr NormRatio: 1.0178 Val NormRatio: 1.0102 | Train Meta: Scaleμ:0.9577, Signal|S|μ:4.9078, Delta|S|μ:4.2167, Delta/Signal:85.92%, Gateμ:-0.2853, Gate0%:0.0, MetaNormμ:7.1536 | Val Meta: Scaleμ:0.9583, Signal|S|μ:4.5693, Delta|S|μ:3.9326, Delta/Signal:86.06%, Gateμ:-0.2884, Gate0%:0.0, MetaNormμ:7.0945
   -> Saved improved checkpoint: val_loss=0.521805 at epoch 33
Epoch 34/100 | Steps: 559 | LR: 0.000084 | Train Loss: 0.033716 (P:0.0194, S:0.0397, Q:0.0123) | Val Loss: 0.460922 (P:0.4302, S:0.2616, Q:0.0176) | Repr L2μ: 5.7465 Val L2μ: 4.4687 | Repr Cosμ: 0.9135 Val Cosμ: 0.9440 | Pred→Target Cosμ: 0.9905 Val Cosμ: 0.8292 | Repr NormRatio: 1.0184 Val NormRatio: 1.0107 | Train Meta: Scaleμ:0.9589, Signal|S|μ:5.0006, Delta|S|μ:4.3200, Delta/Signal:86.39%, Gateμ:-0.2910, Gate0%:0.0, MetaNormμ:7.1137 | Val Meta: Scaleμ:0.9597, Signal|S|μ:4.6534, Delta|S|μ:4.0283, Delta/Signal:86.56%, Gateμ:-0.2952, Gate0%:0.0, MetaNormμ:7.1261
   -> Saved improved checkpoint: val_loss=0.460922 at epoch 34
Epoch 35/100 | Steps: 559 | LR: 0.000082 | Train Loss: 0.031902 (P:0.0181, S:0.0393, Q:0.0119) | Val Loss: 0.415970 (P:0.3864, S:0.2572, Q:0.0167) | Repr L2μ: 6.0449 Val L2μ: 5.4030 | Repr Cosμ: 0.9039 Val Cosμ: 0.9153 | Pred→Target Cosμ: 0.9906 Val Cosμ: 0.8169 | Repr NormRatio: 1.0165 Val NormRatio: 1.0150 | Train Meta: Scaleμ:0.9603, Signal|S|μ:5.1041, Delta|S|μ:4.4251, Delta/Signal:86.70%, Gateμ:-0.2941, Gate0%:0.0, MetaNormμ:7.1239 | Val Meta: Scaleμ:0.9609, Signal|S|μ:4.7408, Delta|S|μ:4.1158, Delta/Signal:86.81%, Gateμ:-0.2983, Gate0%:0.0, MetaNormμ:7.1357
   -> Saved improved checkpoint: val_loss=0.415970 at epoch 35
Epoch 36/100 | Steps: 559 | LR: 0.000081 | Train Loss: 0.031383 (P:0.0180, S:0.0380, Q:0.0115) | Val Loss: 0.388117 (P:0.3594, S:0.2062, Q:0.0185) | Repr L2μ: 6.4584 Val L2μ: 4.5910 | Repr Cosμ: 0.8897 Val Cosμ: 0.9406 | Pred→Target Cosμ: 0.9906 Val Cosμ: 0.8516 | Repr NormRatio: 1.0193 Val NormRatio: 1.0116 | Train Meta: Scaleμ:0.9616, Signal|S|μ:5.2003, Delta|S|μ:4.5304, Delta/Signal:87.12%, Gateμ:-0.2981, Gate0%:0.0, MetaNormμ:7.1834 | Val Meta: Scaleμ:0.9623, Signal|S|μ:4.8040, Delta|S|μ:4.1956, Delta/Signal:87.33%, Gateμ:-0.3036, Gate0%:0.0, MetaNormμ:7.2791
   -> Saved improved checkpoint: val_loss=0.388117 at epoch 36
Epoch 37/100 | Steps: 559 | LR: 0.000080 | Train Loss: 0.027711 (P:0.0155, S:0.0364, Q:0.0104) | Val Loss: 0.381188 (P:0.3534, S:0.2315, Q:0.0162) | Repr L2μ: 6.2456 Val L2μ: 5.2772 | Repr Cosμ: 0.8977 Val Cosμ: 0.9217 | Pred→Target Cosμ: 0.9917 Val Cosμ: 0.8403 | Repr NormRatio: 1.0213 Val NormRatio: 1.0204 | Train Meta: Scaleμ:0.9628, Signal|S|μ:5.2761, Delta|S|μ:4.6152, Delta/Signal:87.47%, Gateμ:-0.3021, Gate0%:0.0, MetaNormμ:7.2044 | Val Meta: Scaleμ:0.9634, Signal|S|μ:4.8623, Delta|S|μ:4.2549, Delta/Signal:87.50%, Gateμ:-0.3022, Gate0%:0.0, MetaNormμ:7.1775
   -> Saved improved checkpoint: val_loss=0.381188 at epoch 37
Epoch 38/100 | Steps: 559 | LR: 0.000078 | Train Loss: 0.027516 (P:0.0155, S:0.0357, Q:0.0102) | Val Loss: 0.422046 (P:0.3924, S:0.2656, Q:0.0163) | Repr L2μ: 7.0091 Val L2μ: 6.2459 | Repr Cosμ: 0.8691 Val Cosμ: 0.8882 | Pred→Target Cosμ: 0.9917 Val Cosμ: 0.8180 | Repr NormRatio: 1.0246 Val NormRatio: 1.0234 | Train Meta: Scaleμ:0.9640, Signal|S|μ:5.3538, Delta|S|μ:4.6873, Delta/Signal:87.55%, Gateμ:-0.3032, Gate0%:0.0, MetaNormμ:7.1807 | Val Meta: Scaleμ:0.9645, Signal|S|μ:4.9173, Delta|S|μ:4.3031, Delta/Signal:87.51%, Gateμ:-0.2984, Gate0%:0.0, MetaNormμ:7.1371
Epoch 39/100 | Steps: 559 | LR: 0.000077 | Train Loss: 0.028645 (P:0.0167, S:0.0373, Q:0.0101) | Val Loss: 0.356110 (P:0.3278, S:0.2772, Q:0.0145) | Repr L2μ: 7.7334 Val L2μ: 5.1032 | Repr Cosμ: 0.8374 Val Cosμ: 0.9227 | Pred→Target Cosμ: 0.9910 Val Cosμ: 0.8471 | Repr NormRatio: 1.0215 Val NormRatio: 1.0106 | Train Meta: Scaleμ:0.9649, Signal|S|μ:5.4103, Delta|S|μ:4.7427, Delta/Signal:87.66%, Gateμ:-0.3054, Gate0%:0.0, MetaNormμ:7.1143 | Val Meta: Scaleμ:0.9653, Signal|S|μ:4.9355, Delta|S|μ:4.3020, Delta/Signal:87.16%, Gateμ:-0.3021, Gate0%:0.0, MetaNormμ:7.0338
   -> Saved improved checkpoint: val_loss=0.356110 at epoch 39
Epoch 40/100 | Steps: 559 | LR: 0.000075 | Train Loss: 0.029160 (P:0.0174, S:0.0381, Q:0.0098) | Val Loss: 0.285916 (P:0.2591, S:0.1976, Q:0.0170) | Repr L2μ: 8.2303 Val L2μ: 6.3538 | Repr Cosμ: 0.8142 Val Cosμ: 0.8804 | Pred→Target Cosμ: 0.9906 Val Cosμ: 0.8609 | Repr NormRatio: 1.0244 Val NormRatio: 1.0170 | Train Meta: Scaleμ:0.9658, Signal|S|μ:5.4483, Delta|S|μ:4.7880, Delta/Signal:87.88%, Gateμ:-0.3071, Gate0%:0.0, MetaNormμ:7.1218 | Val Meta: Scaleμ:0.9663, Signal|S|μ:4.9568, Delta|S|μ:4.3685, Delta/Signal:88.13%, Gateμ:-0.3106, Gate0%:0.0, MetaNormμ:7.1950
   -> Saved improved checkpoint: val_loss=0.285916 at epoch 40
Epoch 41/100 | Steps: 559 | LR: 0.000074 | Train Loss: 0.026030 (P:0.0148, S:0.0347, Q:0.0095) | Val Loss: 0.307868 (P:0.2807, S:0.2107, Q:0.0166) | Repr L2μ: 8.4339 Val L2μ: 6.9190 | Repr Cosμ: 0.8051 Val Cosμ: 0.8575 | Pred→Target Cosμ: 0.9918 Val Cosμ: 0.8482 | Repr NormRatio: 1.0213 Val NormRatio: 1.0222 | Train Meta: Scaleμ:0.9666, Signal|S|μ:5.4927, Delta|S|μ:4.8371, Delta/Signal:88.06%, Gateμ:-0.3073, Gate0%:0.0, MetaNormμ:7.1300 | Val Meta: Scaleμ:0.9669, Signal|S|μ:4.9777, Delta|S|μ:4.3851, Delta/Signal:88.09%, Gateμ:-0.3051, Gate0%:0.0, MetaNormμ:7.1286
Epoch 42/100 | Steps: 559 | LR: 0.000072 | Train Loss: 0.025250 (P:0.0142, S:0.0342, Q:0.0094) | Val Loss: 0.356432 (P:0.3283, S:0.2447, Q:0.0159) | Repr L2μ: 9.0354 Val L2μ: 7.1328 | Repr Cosμ: 0.7735 Val Cosμ: 0.8473 | Pred→Target Cosμ: 0.9920 Val Cosμ: 0.8333 | Repr NormRatio: 1.0290 Val NormRatio: 1.0236 | Train Meta: Scaleμ:0.9672, Signal|S|μ:5.5378, Delta|S|μ:4.8803, Delta/Signal:88.13%, Gateμ:-0.3064, Gate0%:0.0, MetaNormμ:7.1067 | Val Meta: Scaleμ:0.9674, Signal|S|μ:5.0152, Delta|S|μ:4.4145, Delta/Signal:88.02%, Gateμ:-0.3058, Gate0%:0.0, MetaNormμ:7.1296
Epoch 43/100 | Steps: 559 | LR: 0.000071 | Train Loss: 0.028916 (P:0.0173, S:0.0389, Q:0.0097) | Val Loss: 0.299450 (P:0.2721, S:0.2544, Q:0.0147) | Repr L2μ: 9.3117 Val L2μ: 7.7668 | Repr Cosμ: 0.7470 Val Cosμ: 0.7984 | Pred→Target Cosμ: 0.9902 Val Cosμ: 0.8541 | Repr NormRatio: 1.0408 Val NormRatio: 1.0450 | Train Meta: Scaleμ:0.9678, Signal|S|μ:5.5874, Delta|S|μ:4.9386, Delta/Signal:88.39%, Gateμ:-0.3140, Gate0%:0.0, MetaNormμ:7.1626 | Val Meta: Scaleμ:0.9680, Signal|S|μ:5.0329, Delta|S|μ:4.4406, Delta/Signal:88.23%, Gateμ:-0.3124, Gate0%:0.0, MetaNormμ:7.1389
Epoch 44/100 | Steps: 559 | LR: 0.000069 | Train Loss: 0.024674 (P:0.0137, S:0.0367, Q:0.0091) | Val Loss: 0.310040 (P:0.2819, S:0.2739, Q:0.0144) | Repr L2μ: 9.5846 Val L2μ: 6.7351 | Repr Cosμ: 0.7318 Val Cosμ: 0.8523 | Pred→Target Cosμ: 0.9922 Val Cosμ: 0.8487 | Repr NormRatio: 1.0426 Val NormRatio: 1.0280 | Train Meta: Scaleμ:0.9682, Signal|S|μ:5.6080, Delta|S|μ:4.9496, Delta/Signal:88.26%, Gateμ:-0.3103, Gate0%:0.0, MetaNormμ:7.0869 | Val Meta: Scaleμ:0.9684, Signal|S|μ:5.0424, Delta|S|μ:4.4470, Delta/Signal:88.19%, Gateμ:-0.3095, Gate0%:0.0, MetaNormμ:7.0943
