nohup: ignoring input
🚀 Laya-TS Pretraining: electricity (laya + attention_suppress_gate_text_stats_avg)
📊 data_path: ../Dataset/long_term_forecast/electricity/electricity.csv
📝 metadata: mode=text_stats_avg, fusion=attention_suppress_gate, relation=none, stats_dim=384
🔗 suppression relation: metric=cosine, lambda_init=1.0, gamma_init=1.0
📝 log_dir: ./runs/pretrain_electricity_laya_attention_suppress_gate_text_stats_avg
Text metadata preview | dataset=electricity | domain=electricity | channels=321
   - 0: In the electricity domain, this channel belongs to the electricity dataset and represents the feature 0.
   - 1: In the electricity domain, this channel belongs to the electricity dataset and represents the feature 1.
   - ... (319 more channel descriptions)
Stats metadata preview | dataset=electricity | domain=electricity | channels=321
   - 0: Channel statistics over the training split: mean value is 25.086, standard deviation is 24.648, minimum value is 0.000, maximum value is 137.000, median value is 12.000, and mean absolute value is 25.086.
📊 Dataset Statistics:
   - Sequence Length (T): 512
   - Train Samples: 17903, Steps: 559
   - Val Samples: 2119, Steps: 67
🔧 Encoder Hyperparameters:
   - d_model: 128
   - n_heads: 8
   - n_layers: 3
   - proj_dim: 256
   - patch_size: 16
   - metadata_fusion_mode: attention_suppress_gate
   - channel_mixer_relation_mode: none
   - description_relation_metric: cosine
   - description_relation_lambda_init: 1.0
   - description_relation_gamma_init: 1.0
   - encoder_variant: default
   - temporal_patchifier_mode: fixed
   - use_channel_relation_block: False
🧮 Parameter Counts:
   - Total Parameters: 4,367,586
   - Trainable Parameters: 4,367,586
⏱️ Schedule:
   - total_steps: 55900
   - warmup_steps: 5590
   - derived_epochs: 100
Epoch 1/100 | Steps: 559 | LR: 0.000010 | Train Loss: 1.789141 (P:0.7753, S:0.2778, Q:0.9999) | Val Loss: 1.694881 (P:0.6739, S:0.4206, Q:0.9999) | Repr L2μ: 4.9552 Val L2μ: 1.7316 | Repr Cosμ: 0.8555 Val Cosμ: 0.9848 | Pred→Target Cosμ: 0.4814 Val Cosμ: 0.5718 | Repr NormRatio: 1.0627 Val NormRatio: 1.0231 | Train Meta: Scaleμ:6.5661 | Val Meta: Scaleμ:6.5658
   -> Saved improved checkpoint: val_loss=1.694881 at epoch 1
Epoch 2/100 | Steps: 559 | LR: 0.000020 | Train Loss: 1.626453 (P:0.6164, S:0.2052, Q:0.9998) | Val Loss: 1.587139 (P:0.5672, S:0.4142, Q:0.9992) | Repr L2μ: 4.7053 Val L2μ: 1.7939 | Repr Cosμ: 0.8682 Val Cosμ: 0.9834 | Pred→Target Cosμ: 0.6595 Val Cosμ: 0.6480 | Repr NormRatio: 1.0639 Val NormRatio: 1.0265 | Train Meta: Scaleμ:6.5651 | Val Meta: Scaleμ:6.5643
   -> Saved improved checkpoint: val_loss=1.587139 at epoch 2
Epoch 3/100 | Steps: 559 | LR: 0.000030 | Train Loss: 1.396601 (P:0.4137, S:0.1351, Q:0.9761) | Val Loss: 1.292137 (P:0.4194, S:0.4234, Q:0.8516) | Repr L2μ: 4.6206 Val L2μ: 1.8971 | Repr Cosμ: 0.8715 Val Cosμ: 0.9805 | Pred→Target Cosμ: 0.8832 Val Cosμ: 0.7444 | Repr NormRatio: 1.0856 Val NormRatio: 1.0390 | Train Meta: Scaleμ:6.5631 | Val Meta: Scaleμ:6.5617
   -> Saved improved checkpoint: val_loss=1.292137 at epoch 3
Epoch 4/100 | Steps: 559 | LR: 0.000040 | Train Loss: 0.871733 (P:0.3447, S:0.1015, Q:0.5219) | Val Loss: 1.113021 (P:0.6329, S:0.4061, Q:0.4598) | Repr L2μ: 4.9748 Val L2μ: 1.8213 | Repr Cosμ: 0.8564 Val Cosμ: 0.9821 | Pred→Target Cosμ: 0.9200 Val Cosμ: 0.5673 | Repr NormRatio: 1.0771 Val NormRatio: 1.0334 | Train Meta: Scaleμ:6.5600 | Val Meta: Scaleμ:6.5581
   -> Saved improved checkpoint: val_loss=1.113021 at epoch 4
Epoch 5/100 | Steps: 559 | LR: 0.000050 | Train Loss: 0.748482 (P:0.3176, S:0.0874, Q:0.4265) | Val Loss: 0.963012 (P:0.5916, S:0.4082, Q:0.3510) | Repr L2μ: 3.9978 Val L2μ: 1.5745 | Repr Cosμ: 0.9097 Val Cosμ: 0.9864 | Pred→Target Cosμ: 0.9126 Val Cosμ: 0.6016 | Repr NormRatio: 1.0701 Val NormRatio: 1.0220 | Train Meta: Scaleμ:6.5559 | Val Meta: Scaleμ:6.5535
   -> Saved improved checkpoint: val_loss=0.963012 at epoch 5
Epoch 6/100 | Steps: 559 | LR: 0.000060 | Train Loss: 0.582225 (P:0.2694, S:0.0719, Q:0.3092) | Val Loss: 0.722848 (P:0.4460, S:0.4574, Q:0.2540) | Repr L2μ: 4.4102 Val L2μ: 1.5287 | Repr Cosμ: 0.8974 Val Cosμ: 0.9871 | Pred→Target Cosμ: 0.9073 Val Cosμ: 0.7144 | Repr NormRatio: 1.0833 Val NormRatio: 1.0187 | Train Meta: Scaleμ:6.5508 | Val Meta: Scaleμ:6.5479
   -> Saved improved checkpoint: val_loss=0.722848 at epoch 6
Epoch 7/100 | Steps: 559 | LR: 0.000070 | Train Loss: 0.496486 (P:0.2381, S:0.0644, Q:0.2551) | Val Loss: 0.622105 (P:0.3645, S:0.4678, Q:0.2342) | Repr L2μ: 4.3355 Val L2μ: 1.3594 | Repr Cosμ: 0.9030 Val Cosμ: 0.9900 | Pred→Target Cosμ: 0.8990 Val Cosμ: 0.7817 | Repr NormRatio: 1.0847 Val NormRatio: 1.0149 | Train Meta: Scaleμ:6.5447 | Val Meta: Scaleμ:6.5413
   -> Saved improved checkpoint: val_loss=0.622105 at epoch 7
Epoch 8/100 | Steps: 559 | LR: 0.000080 | Train Loss: 0.447060 (P:0.2077, S:0.0597, Q:0.2363) | Val Loss: 0.599829 (P:0.3511, S:0.4463, Q:0.2264) | Repr L2μ: 4.0702 Val L2μ: 1.4372 | Repr Cosμ: 0.9154 Val Cosμ: 0.9889 | Pred→Target Cosμ: 0.8948 Val Cosμ: 0.7978 | Repr NormRatio: 1.0884 Val NormRatio: 1.0153 | Train Meta: Scaleμ:6.5376 | Val Meta: Scaleμ:6.5337
   -> Saved improved checkpoint: val_loss=0.599829 at epoch 8
Epoch 9/100 | Steps: 559 | LR: 0.000090 | Train Loss: 0.407281 (P:0.1772, S:0.0554, Q:0.2273) | Val Loss: 0.575541 (P:0.3308, S:0.4537, Q:0.2221) | Repr L2μ: 4.0049 Val L2μ: 1.4276 | Repr Cosμ: 0.9186 Val Cosμ: 0.9890 | Pred→Target Cosμ: 0.8945 Val Cosμ: 0.7584 | Repr NormRatio: 1.0938 Val NormRatio: 1.0160 | Train Meta: Scaleμ:6.5295 | Val Meta: Scaleμ:6.5252
   -> Saved improved checkpoint: val_loss=0.575541 at epoch 9
Epoch 10/100 | Steps: 559 | LR: 0.000100 | Train Loss: 0.375435 (P:0.1508, S:0.0516, Q:0.2220) | Val Loss: 0.682749 (P:0.4416, S:0.4527, Q:0.2186) | Repr L2μ: 3.9170 Val L2μ: 1.3315 | Repr Cosμ: 0.9224 Val Cosμ: 0.9904 | Pred→Target Cosμ: 0.8897 Val Cosμ: 0.6063 | Repr NormRatio: 1.1021 Val NormRatio: 1.0176 | Train Meta: Scaleμ:6.5205 | Val Meta: Scaleμ:6.5156
Epoch 11/100 | Steps: 559 | LR: 0.000100 | Train Loss: 0.345621 (P:0.1251, S:0.0485, Q:0.2181) | Val Loss: 0.635433 (P:0.3971, S:0.4613, Q:0.2153) | Repr L2μ: 3.9701 Val L2μ: 1.4251 | Repr Cosμ: 0.9200 Val Cosμ: 0.9888 | Pred→Target Cosμ: 0.8868 Val Cosμ: 0.6448 | Repr NormRatio: 1.1130 Val NormRatio: 1.0230 | Train Meta: Scaleμ:6.5106 | Val Meta: Scaleμ:6.5055
Epoch 12/100 | Steps: 559 | LR: 0.000100 | Train Loss: 0.317913 (P:0.1049, S:0.0455, Q:0.2108) | Val Loss: 0.570995 (P:0.3462, S:0.4322, Q:0.2031) | Repr L2μ: 4.0484 Val L2μ: 1.5558 | Repr Cosμ: 0.9155 Val Cosμ: 0.9863 | Pred→Target Cosμ: 0.8851 Val Cosμ: 0.6889 | Repr NormRatio: 1.1311 Val NormRatio: 1.0269 | Train Meta: Scaleμ:6.5005 | Val Meta: Scaleμ:6.4956
   -> Saved improved checkpoint: val_loss=0.570995 at epoch 12
Epoch 13/100 | Steps: 559 | LR: 0.000100 | Train Loss: 0.292875 (P:0.0911, S:0.0437, Q:0.1996) | Val Loss: 0.588382 (P:0.3717, S:0.4569, Q:0.1938) | Repr L2μ: 4.0922 Val L2μ: 1.5670 | Repr Cosμ: 0.9122 Val Cosμ: 0.9861 | Pred→Target Cosμ: 0.8849 Val Cosμ: 0.6300 | Repr NormRatio: 1.1657 Val NormRatio: 1.0336 | Train Meta: Scaleμ:6.4906 | Val Meta: Scaleμ:6.4856
Epoch 14/100 | Steps: 559 | LR: 0.000100 | Train Loss: 0.272369 (P:0.0812, S:0.0413, Q:0.1891) | Val Loss: 0.566119 (P:0.3648, S:0.4441, Q:0.1791) | Repr L2μ: 4.2436 Val L2μ: 1.7851 | Repr Cosμ: 0.9047 Val Cosμ: 0.9816 | Pred→Target Cosμ: 0.8871 Val Cosμ: 0.6677 | Repr NormRatio: 1.1897 Val NormRatio: 1.0375 | Train Meta: Scaleμ:6.4807 | Val Meta: Scaleμ:6.4757
   -> Saved improved checkpoint: val_loss=0.566119 at epoch 14
Epoch 15/100 | Steps: 559 | LR: 0.000099 | Train Loss: 0.251882 (P:0.0839, S:0.0406, Q:0.1659) | Val Loss: 0.586092 (P:0.4101, S:0.4527, Q:0.1534) | Repr L2μ: 4.4309 Val L2μ: 1.9063 | Repr Cosμ: 0.8942 Val Cosμ: 0.9791 | Pred→Target Cosμ: 0.8778 Val Cosμ: 0.6482 | Repr NormRatio: 1.2233 Val NormRatio: 1.0376 | Train Meta: Scaleμ:6.4708 | Val Meta: Scaleμ:6.4659
Epoch 16/100 | Steps: 559 | LR: 0.000099 | Train Loss: 0.228704 (P:0.0890, S:0.0395, Q:0.1377) | Val Loss: 0.494346 (P:0.3554, S:0.4347, Q:0.1172) | Repr L2μ: 4.5937 Val L2μ: 2.1528 | Repr Cosμ: 0.8841 Val Cosμ: 0.9734 | Pred→Target Cosμ: 0.8690 Val Cosμ: 0.6231 | Repr NormRatio: 1.2547 Val NormRatio: 1.0491 | Train Meta: Scaleμ:6.4610 | Val Meta: Scaleμ:6.4561
   -> Saved improved checkpoint: val_loss=0.494346 at epoch 16
Epoch 17/100 | Steps: 559 | LR: 0.000099 | Train Loss: 0.183369 (P:0.0937, S:0.0390, Q:0.0877) | Val Loss: 0.512813 (P:0.4248, S:0.4399, Q:0.0660) | Repr L2μ: 4.7870 Val L2μ: 2.2383 | Repr Cosμ: 0.8713 Val Cosμ: 0.9700 | Pred→Target Cosμ: 0.8647 Val Cosμ: 0.6332 | Repr NormRatio: 1.2325 Val NormRatio: 1.0360 | Train Meta: Scaleμ:6.4513 | Val Meta: Scaleμ:6.4465
Epoch 18/100 | Steps: 559 | LR: 0.000098 | Train Loss: 0.155774 (P:0.0945, S:0.0382, Q:0.0593) | Val Loss: 0.549369 (P:0.4661, S:0.5180, Q:0.0573) | Repr L2μ: 4.6793 Val L2μ: 2.0605 | Repr Cosμ: 0.8777 Val Cosμ: 0.9749 | Pred→Target Cosμ: 0.8720 Val Cosμ: 0.6618 | Repr NormRatio: 1.2002 Val NormRatio: 1.0324 | Train Meta: Scaleμ:6.4417 | Val Meta: Scaleμ:6.4369
Epoch 19/100 | Steps: 559 | LR: 0.000098 | Train Loss: 0.143997 (P:0.0906, S:0.0370, Q:0.0515) | Val Loss: 0.520828 (P:0.4426, S:0.5064, Q:0.0529) | Repr L2μ: 4.5833 Val L2μ: 1.9509 | Repr Cosμ: 0.8840 Val Cosμ: 0.9776 | Pred→Target Cosμ: 0.8812 Val Cosμ: 0.6058 | Repr NormRatio: 1.1992 Val NormRatio: 1.0229 | Train Meta: Scaleμ:6.4321 | Val Meta: Scaleμ:6.4274
Epoch 20/100 | Steps: 559 | LR: 0.000097 | Train Loss: 0.136758 (P:0.0877, S:0.0363, Q:0.0472) | Val Loss: 0.588467 (P:0.5144, S:0.5042, Q:0.0488) | Repr L2μ: 4.5939 Val L2μ: 1.7440 | Repr Cosμ: 0.8830 Val Cosμ: 0.9826 | Pred→Target Cosμ: 0.8854 Val Cosμ: 0.6029 | Repr NormRatio: 1.1909 Val NormRatio: 1.0187 | Train Meta: Scaleμ:6.4226 | Val Meta: Scaleμ:6.4179
Epoch 21/100 | Steps: 559 | LR: 0.000096 | Train Loss: 0.130643 (P:0.0857, S:0.0362, Q:0.0431) | Val Loss: 0.605674 (P:0.5355, S:0.5000, Q:0.0452) | Repr L2μ: 4.4885 Val L2μ: 2.1320 | Repr Cosμ: 0.8878 Val Cosμ: 0.9734 | Pred→Target Cosμ: 0.8925 Val Cosμ: 0.5814 | Repr NormRatio: 1.1762 Val NormRatio: 1.0254 | Train Meta: Scaleμ:6.4132 | Val Meta: Scaleμ:6.4085
Epoch 22/100 | Steps: 559 | LR: 0.000096 | Train Loss: 0.128126 (P:0.0873, S:0.0359, Q:0.0390) | Val Loss: 0.569664 (P:0.5010, S:0.5601, Q:0.0406) | Repr L2μ: 4.3367 Val L2μ: 1.8130 | Repr Cosμ: 0.8945 Val Cosμ: 0.9813 | Pred→Target Cosμ: 0.8925 Val Cosμ: 0.5812 | Repr NormRatio: 1.1644 Val NormRatio: 1.0263 | Train Meta: Scaleμ:6.4039 | Val Meta: Scaleμ:6.3993
Epoch 23/100 | Steps: 559 | LR: 0.000095 | Train Loss: 0.125182 (P:0.0889, S:0.0361, Q:0.0345) | Val Loss: 0.597500 (P:0.5342, S:0.5445, Q:0.0361) | Repr L2μ: 4.3099 Val L2μ: 2.2357 | Repr Cosμ: 0.8962 Val Cosμ: 0.9710 | Pred→Target Cosμ: 0.8947 Val Cosμ: 0.6177 | Repr NormRatio: 1.1526 Val NormRatio: 1.0329 | Train Meta: Scaleμ:6.3947 | Val Meta: Scaleμ:6.3901
Epoch 24/100 | Steps: 559 | LR: 0.000094 | Train Loss: 0.123574 (P:0.0917, S:0.0372, Q:0.0300) | Val Loss: 0.641323 (P:0.5847, S:0.5022, Q:0.0316) | Repr L2μ: 4.2020 Val L2μ: 2.0760 | Repr Cosμ: 0.8977 Val Cosμ: 0.9752 | Pred→Target Cosμ: 0.8948 Val Cosμ: 0.6354 | Repr NormRatio: 1.1536 Val NormRatio: 1.0303 | Train Meta: Scaleμ:6.3856 | Val Meta: Scaleμ:6.3811
Epoch 25/100 | Steps: 559 | LR: 0.000093 | Train Loss: 0.121019 (P:0.0933, S:0.0377, Q:0.0258) | Val Loss: 0.738637 (P:0.6854, S:0.5129, Q:0.0276) | Repr L2μ: 4.3235 Val L2μ: 2.4557 | Repr Cosμ: 0.8856 Val Cosμ: 0.9643 | Pred→Target Cosμ: 0.8961 Val Cosμ: 0.5523 | Repr NormRatio: 1.1605 Val NormRatio: 1.0448 | Train Meta: Scaleμ:6.3766 | Val Meta: Scaleμ:6.3721
Epoch 26/100 | Steps: 559 | LR: 0.000092 | Train Loss: 0.115598 (P:0.0914, S:0.0361, Q:0.0224) | Val Loss: 0.609649 (P:0.5585, S:0.5484, Q:0.0238) | Repr L2μ: 4.2391 Val L2μ: 3.1335 | Repr Cosμ: 0.8900 Val Cosμ: 0.9355 | Pred→Target Cosμ: 0.9034 Val Cosμ: 0.6494 | Repr NormRatio: 1.1578 Val NormRatio: 1.0475 | Train Meta: Scaleμ:6.3677 | Val Meta: Scaleμ:6.3632
Epoch 27/100 | Steps: 559 | LR: 0.000092 | Train Loss: 0.112760 (P:0.0914, S:0.0356, Q:0.0196) | Val Loss: 0.815909 (P:0.7665, S:0.5648, Q:0.0211) | Repr L2μ: 4.6024 Val L2μ: 2.2112 | Repr Cosμ: 0.8770 Val Cosμ: 0.9717 | Pred→Target Cosμ: 0.9081 Val Cosμ: 0.4953 | Repr NormRatio: 1.1839 Val NormRatio: 1.0455 | Train Meta: Scaleμ:6.3589 | Val Meta: Scaleμ:6.3545
Epoch 28/100 | Steps: 559 | LR: 0.000091 | Train Loss: 0.109389 (P:0.0901, S:0.0344, Q:0.0176) | Val Loss: 0.746453 (P:0.6974, S:0.5978, Q:0.0192) | Repr L2μ: 4.6246 Val L2μ: 2.2444 | Repr Cosμ: 0.8710 Val Cosμ: 0.9697 | Pred→Target Cosμ: 0.9086 Val Cosμ: 0.5714 | Repr NormRatio: 1.1797 Val NormRatio: 1.0323 | Train Meta: Scaleμ:6.3502 | Val Meta: Scaleμ:6.3459
Epoch 29/100 | Steps: 559 | LR: 0.000090 | Train Loss: 0.107292 (P:0.0895, S:0.0348, Q:0.0160) | Val Loss: 0.735364 (P:0.6922, S:0.5102, Q:0.0176) | Repr L2μ: 4.7423 Val L2μ: 4.6111 | Repr Cosμ: 0.8580 Val Cosμ: 0.8409 | Pred→Target Cosμ: 0.9099 Val Cosμ: 0.6662 | Repr NormRatio: 1.1802 Val NormRatio: 1.1273 | Train Meta: Scaleμ:6.3417 | Val Meta: Scaleμ:6.3375
Epoch 30/100 | Steps: 559 | LR: 0.000088 | Train Loss: 0.099613 (P:0.0830, S:0.0342, Q:0.0149) | Val Loss: 0.627508 (P:0.5836, S:0.5556, Q:0.0161) | Repr L2μ: 4.5145 Val L2μ: 3.1733 | Repr Cosμ: 0.8776 Val Cosμ: 0.9335 | Pred→Target Cosμ: 0.9181 Val Cosμ: 0.6791 | Repr NormRatio: 1.1814 Val NormRatio: 1.0522 | Train Meta: Scaleμ:6.3333 | Val Meta: Scaleμ:6.3291
Epoch 31/100 | Steps: 559 | LR: 0.000087 | Train Loss: 0.102571 (P:0.0869, S:0.0345, Q:0.0139) | Val Loss: 0.720082 (P:0.6692, S:0.7083, Q:0.0154) | Repr L2μ: 4.3558 Val L2μ: 1.2461 | Repr Cosμ: 0.8801 Val Cosμ: 0.9914 | Pred→Target Cosμ: 0.9133 Val Cosμ: 0.4545 | Repr NormRatio: 1.1602 Val NormRatio: 1.0107 | Train Meta: Scaleμ:6.3250 | Val Meta: Scaleμ:6.3209
Epoch 32/100 | Steps: 559 | LR: 0.000086 | Train Loss: 0.102102 (P:0.0872, S:0.0341, Q:0.0132) | Val Loss: 0.763523 (P:0.7214, S:0.5511, Q:0.0146) | Repr L2μ: 4.2046 Val L2μ: 2.0481 | Repr Cosμ: 0.8855 Val Cosμ: 0.9764 | Pred→Target Cosμ: 0.9162 Val Cosμ: 0.6562 | Repr NormRatio: 1.1618 Val NormRatio: 1.0217 | Train Meta: Scaleμ:6.3169 | Val Meta: Scaleμ:6.3128
Epoch 33/100 | Steps: 559 | LR: 0.000085 | Train Loss: 0.107281 (P:0.0929, S:0.0350, Q:0.0126) | Val Loss: 0.683202 (P:0.6448, S:0.4955, Q:0.0137) | Repr L2μ: 4.0318 Val L2μ: 2.3209 | Repr Cosμ: 0.8924 Val Cosμ: 0.9691 | Pred→Target Cosμ: 0.9131 Val Cosμ: 0.6066 | Repr NormRatio: 1.1615 Val NormRatio: 1.0412 | Train Meta: Scaleμ:6.3088 | Val Meta: Scaleμ:6.3049
Epoch 34/100 | Steps: 559 | LR: 0.000084 | Train Loss: 0.099778 (P:0.0859, S:0.0345, Q:0.0121) | Val Loss: 0.888107 (P:0.8478, S:0.5347, Q:0.0136) | Repr L2μ: 3.7924 Val L2μ: 2.2543 | Repr Cosμ: 0.9067 Val Cosμ: 0.9703 | Pred→Target Cosμ: 0.9202 Val Cosμ: 0.5819 | Repr NormRatio: 1.1401 Val NormRatio: 1.0677 | Train Meta: Scaleμ:6.3009 | Val Meta: Scaleμ:6.2970
Epoch 35/100 | Steps: 559 | LR: 0.000082 | Train Loss: 0.098486 (P:0.0852, S:0.0335, Q:0.0116) | Val Loss: 0.807320 (P:0.7641, S:0.6054, Q:0.0129) | Repr L2μ: 3.9996 Val L2μ: 1.5994 | Repr Cosμ: 0.9016 Val Cosμ: 0.9853 | Pred→Target Cosμ: 0.9253 Val Cosμ: 0.6442 | Repr NormRatio: 1.1762 Val NormRatio: 1.0234 | Train Meta: Scaleμ:6.2932 | Val Meta: Scaleμ:6.2893
Epoch 36/100 | Steps: 559 | LR: 0.000081 | Train Loss: 0.095816 (P:0.0829, S:0.0343, Q:0.0112) | Val Loss: 0.784166 (P:0.7454, S:0.5301, Q:0.0123) | Repr L2μ: 4.0948 Val L2μ: 3.2894 | Repr Cosμ: 0.8854 Val Cosμ: 0.9267 | Pred→Target Cosμ: 0.9249 Val Cosμ: 0.5777 | Repr NormRatio: 1.1681 Val NormRatio: 1.0962 | Train Meta: Scaleμ:6.2855 | Val Meta: Scaleμ:6.2818
Epoch 37/100 | Steps: 559 | LR: 0.000080 | Train Loss: 0.105780 (P:0.0930, S:0.0359, Q:0.0110) | Val Loss: 0.744043 (P:0.7017, S:0.6040, Q:0.0121) | Repr L2μ: 4.4525 Val L2μ: 1.7979 | Repr Cosμ: 0.8599 Val Cosμ: 0.9810 | Pred→Target Cosμ: 0.9164 Val Cosμ: 0.4902 | Repr NormRatio: 1.1633 Val NormRatio: 1.0264 | Train Meta: Scaleμ:6.2780 | Val Meta: Scaleμ:6.2743
Epoch 38/100 | Steps: 559 | LR: 0.000078 | Train Loss: 0.102647 (P:0.0901, S:0.0349, Q:0.0108) | Val Loss: 0.867920 (P:0.8305, S:0.5110, Q:0.0118) | Repr L2μ: 4.8066 Val L2μ: 4.3749 | Repr Cosμ: 0.8342 Val Cosμ: 0.8562 | Pred→Target Cosμ: 0.9211 Val Cosμ: 0.6635 | Repr NormRatio: 1.1884 Val NormRatio: 1.1533 | Train Meta: Scaleμ:6.2707 | Val Meta: Scaleμ:6.2670
Epoch 39/100 | Steps: 559 | LR: 0.000077 | Train Loss: 0.102564 (P:0.0902, S:0.0341, Q:0.0107) | Val Loss: 1.030199 (P:0.9936, S:0.5003, Q:0.0116) | Repr L2μ: 4.1962 Val L2μ: 1.5930 | Repr Cosμ: 0.8760 Val Cosμ: 0.9856 | Pred→Target Cosμ: 0.9220 Val Cosμ: 0.6966 | Repr NormRatio: 1.1738 Val NormRatio: 1.0179 | Train Meta: Scaleμ:6.2635 | Val Meta: Scaleμ:6.2599
Epoch 40/100 | Steps: 559 | LR: 0.000075 | Train Loss: 0.094201 (P:0.0820, S:0.0340, Q:0.0105) | Val Loss: 0.939994 (P:0.9022, S:0.5292, Q:0.0113) | Repr L2μ: 4.6529 Val L2μ: 2.9039 | Repr Cosμ: 0.8495 Val Cosμ: 0.9456 | Pred→Target Cosμ: 0.9285 Val Cosμ: 0.6643 | Repr NormRatio: 1.1710 Val NormRatio: 1.0415 | Train Meta: Scaleμ:6.2564 | Val Meta: Scaleμ:6.2529
Epoch 41/100 | Steps: 559 | LR: 0.000074 | Train Loss: 0.092405 (P:0.0805, S:0.0337, Q:0.0102) | Val Loss: 0.834092 (P:0.7974, S:0.5095, Q:0.0112) | Repr L2μ: 4.6618 Val L2μ: 3.5932 | Repr Cosμ: 0.8615 Val Cosμ: 0.9118 | Pred→Target Cosμ: 0.9335 Val Cosμ: 0.6209 | Repr NormRatio: 1.1811 Val NormRatio: 1.1116 | Train Meta: Scaleμ:6.2495 | Val Meta: Scaleμ:6.2461
Epoch 42/100 | Steps: 559 | LR: 0.000072 | Train Loss: 0.091076 (P:0.0794, S:0.0343, Q:0.0100) | Val Loss: 0.819603 (P:0.7796, S:0.5856, Q:0.0107) | Repr L2μ: 4.8952 Val L2μ: 1.5543 | Repr Cosμ: 0.8428 Val Cosμ: 0.9857 | Pred→Target Cosμ: 0.9312 Val Cosμ: 0.5998 | Repr NormRatio: 1.1594 Val NormRatio: 1.0160 | Train Meta: Scaleμ:6.2428 | Val Meta: Scaleμ:6.2395
Epoch 43/100 | Steps: 559 | LR: 0.000071 | Train Loss: 0.087771 (P:0.0763, S:0.0348, Q:0.0097) | Val Loss: 0.887271 (P:0.8481, S:0.5751, Q:0.0104) | Repr L2μ: 5.0250 Val L2μ: 1.6275 | Repr Cosμ: 0.8281 Val Cosμ: 0.9842 | Pred→Target Cosμ: 0.9319 Val Cosμ: 0.5569 | Repr NormRatio: 1.1571 Val NormRatio: 1.0188 | Train Meta: Scaleμ:6.2362 | Val Meta: Scaleμ:6.2330
Epoch 44/100 | Steps: 559 | LR: 0.000069 | Train Loss: 0.089548 (P:0.0782, S:0.0347, Q:0.0096) | Val Loss: 0.862324 (P:0.8259, S:0.5185, Q:0.0105) | Repr L2μ: 4.1884 Val L2μ: 2.9909 | Repr Cosμ: 0.8793 Val Cosμ: 0.9421 | Pred→Target Cosμ: 0.9305 Val Cosμ: 0.6608 | Repr NormRatio: 1.1338 Val NormRatio: 1.0435 | Train Meta: Scaleμ:6.2298 | Val Meta: Scaleμ:6.2267
Epoch 45/100 | Steps: 559 | LR: 0.000067 | Train Loss: 0.089321 (P:0.0781, S:0.0348, Q:0.0094) | Val Loss: 0.987173 (P:0.9544, S:0.4511, Q:0.0103) | Repr L2μ: 4.2207 Val L2μ: 4.3490 | Repr Cosμ: 0.8698 Val Cosμ: 0.8576 | Pred→Target Cosμ: 0.9320 Val Cosμ: 0.6888 | Repr NormRatio: 1.1481 Val NormRatio: 1.1552 | Train Meta: Scaleμ:6.2236 | Val Meta: Scaleμ:6.2205
Epoch 46/100 | Steps: 559 | LR: 0.000066 | Train Loss: 0.085827 (P:0.0748, S:0.0343, Q:0.0093) | Val Loss: 0.883752 (P:0.8485, S:0.5038, Q:0.0101) | Repr L2μ: 4.1095 Val L2μ: 2.4649 | Repr Cosμ: 0.8847 Val Cosμ: 0.9614 | Pred→Target Cosμ: 0.9352 Val Cosμ: 0.6771 | Repr NormRatio: 1.1416 Val NormRatio: 1.0406 | Train Meta: Scaleμ:6.2174 | Val Meta: Scaleμ:6.2144
Epoch 47/100 | Steps: 559 | LR: 0.000064 | Train Loss: 0.080390 (P:0.0696, S:0.0336, Q:0.0091) | Val Loss: 0.856197 (P:0.8147, S:0.6332, Q:0.0099) | Repr L2μ: 5.0232 Val L2μ: 3.7130 | Repr Cosμ: 0.8232 Val Cosμ: 0.9038 | Pred→Target Cosμ: 0.9390 Val Cosμ: 0.5341 | Repr NormRatio: 1.1844 Val NormRatio: 1.0745 | Train Meta: Scaleμ:6.2115 | Val Meta: Scaleμ:6.2086
Epoch 48/100 | Steps: 559 | LR: 0.000062 | Train Loss: 0.087938 (P:0.0771, S:0.0340, Q:0.0091) | Val Loss: 0.991740 (P:0.9531, S:0.5749, Q:0.0099) | Repr L2μ: 4.3946 Val L2μ: 1.5742 | Repr Cosμ: 0.8469 Val Cosμ: 0.9851 | Pred→Target Cosμ: 0.9316 Val Cosμ: 0.6441 | Repr NormRatio: 1.1782 Val NormRatio: 1.0192 | Train Meta: Scaleμ:6.2057 | Val Meta: Scaleμ:6.2029
Epoch 49/100 | Steps: 559 | LR: 0.000061 | Train Loss: 0.079458 (P:0.0690, S:0.0323, Q:0.0089) | Val Loss: 1.015554 (P:0.9779, S:0.5642, Q:0.0095) | Repr L2μ: 3.7548 Val L2μ: 1.9890 | Repr Cosμ: 0.8963 Val Cosμ: 0.9750 | Pred→Target Cosμ: 0.9438 Val Cosμ: 0.6337 | Repr NormRatio: 1.1481 Val NormRatio: 1.0440 | Train Meta: Scaleμ:6.2001 | Val Meta: Scaleμ:6.1973
Epoch 50/100 | Steps: 559 | LR: 0.000059 | Train Loss: 0.087474 (P:0.0769, S:0.0334, Q:0.0089) | Val Loss: 1.244735 (P:1.2182, S:0.3401, Q:0.0095) | Repr L2μ: 3.9226 Val L2μ: 6.3900 | Repr Cosμ: 0.8862 Val Cosμ: 0.6105 | Pred→Target Cosμ: 0.9362 Val Cosμ: 0.7761 | Repr NormRatio: 1.1593 Val NormRatio: 1.3952 | Train Meta: Scaleμ:6.1946 | Val Meta: Scaleμ:6.1920
Epoch 51/100 | Steps: 559 | LR: 0.000057 | Train Loss: 0.090009 (P:0.0793, S:0.0341, Q:0.0090) | Val Loss: 0.872186 (P:0.8332, S:0.5897, Q:0.0095) | Repr L2μ: 4.1142 Val L2μ: 3.1304 | Repr Cosμ: 0.8609 Val Cosμ: 0.9314 | Pred→Target Cosμ: 0.9324 Val Cosμ: 0.6573 | Repr NormRatio: 1.1712 Val NormRatio: 1.0887 | Train Meta: Scaleμ:6.1894 | Val Meta: Scaleμ:6.1868
Epoch 52/100 | Steps: 559 | LR: 0.000056 | Train Loss: 0.083765 (P:0.0733, S:0.0331, Q:0.0088) | Val Loss: 0.906877 (P:0.8685, S:0.5771, Q:0.0095) | Repr L2μ: 4.5971 Val L2μ: 3.8115 | Repr Cosμ: 0.8337 Val Cosμ: 0.8918 | Pred→Target Cosμ: 0.9397 Val Cosμ: 0.5828 | Repr NormRatio: 1.2198 Val NormRatio: 1.1171 | Train Meta: Scaleμ:6.1843 | Val Meta: Scaleμ:6.1818
Epoch 53/100 | Steps: 559 | LR: 0.000054 | Train Loss: 0.084553 (P:0.0741, S:0.0333, Q:0.0087) | Val Loss: 0.969420 (P:0.9301, S:0.5959, Q:0.0095) | Repr L2μ: 3.8801 Val L2μ: 2.4020 | Repr Cosμ: 0.8821 Val Cosμ: 0.9616 | Pred→Target Cosμ: 0.9394 Val Cosμ: 0.6642 | Repr NormRatio: 1.1754 Val NormRatio: 1.0646 | Train Meta: Scaleμ:6.1793 | Val Meta: Scaleμ:6.1769
Epoch 54/100 | Steps: 559 | LR: 0.000052 | Train Loss: 0.081800 (P:0.0715, S:0.0331, Q:0.0087) | Val Loss: 0.971066 (P:0.9323, S:0.5922, Q:0.0091) | Repr L2μ: 3.6581 Val L2μ: 1.4788 | Repr Cosμ: 0.8963 Val Cosμ: 0.9866 | Pred→Target Cosμ: 0.9409 Val Cosμ: 0.6107 | Repr NormRatio: 1.1503 Val NormRatio: 1.0119 | Train Meta: Scaleμ:6.1746 | Val Meta: Scaleμ:6.1723
Epoch 55/100 | Steps: 559 | LR: 0.000051 | Train Loss: 0.078446 (P:0.0682, S:0.0330, Q:0.0086) | Val Loss: 0.924520 (P:0.8879, S:0.5511, Q:0.0091) | Repr L2μ: 3.7619 Val L2μ: 1.6584 | Repr Cosμ: 0.8841 Val Cosμ: 0.9831 | Pred→Target Cosμ: 0.9431 Val Cosμ: 0.5939 | Repr NormRatio: 1.1602 Val NormRatio: 1.0147 | Train Meta: Scaleμ:6.1700 | Val Meta: Scaleμ:6.1678
Epoch 56/100 | Steps: 559 | LR: 0.000049 | Train Loss: 0.073567 (P:0.0635, S:0.0321, Q:0.0085) | Val Loss: 0.939519 (P:0.9010, S:0.5880, Q:0.0091) | Repr L2μ: 3.5933 Val L2μ: 3.2586 | Repr Cosμ: 0.9009 Val Cosμ: 0.9255 | Pred→Target Cosμ: 0.9450 Val Cosμ: 0.6457 | Repr NormRatio: 1.1302 Val NormRatio: 1.0810 | Train Meta: Scaleμ:6.1656 | Val Meta: Scaleμ:6.1634
Epoch 57/100 | Steps: 559 | LR: 0.000047 | Train Loss: 0.073498 (P:0.0635, S:0.0317, Q:0.0084) | Val Loss: 0.966550 (P:0.9291, S:0.5716, Q:0.0089) | Repr L2μ: 3.9894 Val L2μ: 1.5077 | Repr Cosμ: 0.8776 Val Cosμ: 0.9861 | Pred→Target Cosμ: 0.9466 Val Cosμ: 0.6549 | Repr NormRatio: 1.1633 Val NormRatio: 1.0094 | Train Meta: Scaleμ:6.1613 | Val Meta: Scaleμ:6.1593
Epoch 58/100 | Steps: 559 | LR: 0.000045 | Train Loss: 0.070459 (P:0.0606, S:0.0314, Q:0.0083) | Val Loss: 0.981493 (P:0.9456, S:0.5420, Q:0.0088) | Repr L2μ: 3.7457 Val L2μ: 2.9220 | Repr Cosμ: 0.8958 Val Cosμ: 0.9412 | Pred→Target Cosμ: 0.9478 Val Cosμ: 0.6745 | Repr NormRatio: 1.1596 Val NormRatio: 1.0880 | Train Meta: Scaleμ:6.1572 | Val Meta: Scaleμ:6.1552
Epoch 59/100 | Steps: 559 | LR: 0.000044 | Train Loss: 0.070880 (P:0.0611, S:0.0312, Q:0.0082) | Val Loss: 0.953080 (P:0.9198, S:0.4911, Q:0.0087) | Repr L2μ: 3.3741 Val L2μ: 2.1770 | Repr Cosμ: 0.9200 Val Cosμ: 0.9697 | Pred→Target Cosμ: 0.9462 Val Cosμ: 0.6340 | Repr NormRatio: 1.1217 Val NormRatio: 1.0215 | Train Meta: Scaleμ:6.1532 | Val Meta: Scaleμ:6.1512
Epoch 60/100 | Steps: 559 | LR: 0.000042 | Train Loss: 0.071465 (P:0.0617, S:0.0318, Q:0.0081) | Val Loss: 0.957251 (P:0.9252, S:0.4701, Q:0.0086) | Repr L2μ: 3.8592 Val L2μ: 2.2217 | Repr Cosμ: 0.8927 Val Cosμ: 0.9684 | Pred→Target Cosμ: 0.9465 Val Cosμ: 0.6752 | Repr NormRatio: 1.1647 Val NormRatio: 1.0253 | Train Meta: Scaleμ:6.1493 | Val Meta: Scaleμ:6.1475
Epoch 61/100 | Steps: 559 | LR: 0.000040 | Train Loss: 0.064879 (P:0.0553, S:0.0310, Q:0.0080) | Val Loss: 0.964812 (P:0.9286, S:0.5524, Q:0.0085) | Repr L2μ: 3.8307 Val L2μ: 3.3837 | Repr Cosμ: 0.8991 Val Cosμ: 0.9172 | Pred→Target Cosμ: 0.9518 Val Cosμ: 0.6441 | Repr NormRatio: 1.1715 Val NormRatio: 1.0854 | Train Meta: Scaleμ:6.1457 | Val Meta: Scaleμ:6.1439
Epoch 62/100 | Steps: 559 | LR: 0.000039 | Train Loss: 0.066752 (P:0.0573, S:0.0311, Q:0.0079) | Val Loss: 0.937176 (P:0.9046, S:0.4826, Q:0.0084) | Repr L2μ: 3.6005 Val L2μ: 2.1848 | Repr Cosμ: 0.9077 Val Cosμ: 0.9698 | Pred→Target Cosμ: 0.9480 Val Cosμ: 0.6462 | Repr NormRatio: 1.1199 Val NormRatio: 1.0160 | Train Meta: Scaleμ:6.1422 | Val Meta: Scaleμ:6.1405
Epoch 63/100 | Steps: 559 | LR: 0.000037 | Train Loss: 0.064520 (P:0.0551, S:0.0313, Q:0.0078) | Val Loss: 1.000274 (P:0.9642, S:0.5531, Q:0.0084) | Repr L2μ: 3.7747 Val L2μ: 2.9474 | Repr Cosμ: 0.8991 Val Cosμ: 0.9410 | Pred→Target Cosμ: 0.9512 Val Cosμ: 0.6457 | Repr NormRatio: 1.1287 Val NormRatio: 1.0514 | Train Meta: Scaleμ:6.1388 | Val Meta: Scaleμ:6.1372
Epoch 64/100 | Steps: 559 | LR: 0.000035 | Train Loss: 0.070077 (P:0.0607, S:0.0314, Q:0.0078) | Val Loss: 0.969166 (P:0.9362, S:0.4925, Q:0.0084) | Repr L2μ: 3.8437 Val L2μ: 2.6048 | Repr Cosμ: 0.8891 Val Cosμ: 0.9546 | Pred→Target Cosμ: 0.9458 Val Cosμ: 0.6621 | Repr NormRatio: 1.1470 Val NormRatio: 1.0340 | Train Meta: Scaleμ:6.1357 | Val Meta: Scaleμ:6.1341
Epoch 65/100 | Steps: 559 | LR: 0.000034 | Train Loss: 0.066826 (P:0.0575, S:0.0310, Q:0.0077) | Val Loss: 0.979306 (P:0.9442, S:0.5365, Q:0.0082) | Repr L2μ: 3.8922 Val L2μ: 1.7462 | Repr Cosμ: 0.8905 Val Cosμ: 0.9809 | Pred→Target Cosμ: 0.9494 Val Cosμ: 0.6760 | Repr NormRatio: 1.1483 Val NormRatio: 1.0079 | Train Meta: Scaleμ:6.1326 | Val Meta: Scaleμ:6.1311
Epoch 66/100 | Steps: 559 | LR: 0.000032 | Train Loss: 0.064780 (P:0.0555, S:0.0311, Q:0.0077) | Val Loss: 0.868237 (P:0.8355, S:0.4900, Q:0.0082) | Repr L2μ: 4.0869 Val L2μ: 3.1420 | Repr Cosμ: 0.8756 Val Cosμ: 0.9319 | Pred→Target Cosμ: 0.9518 Val Cosμ: 0.6167 | Repr NormRatio: 1.1776 Val NormRatio: 1.0544 | Train Meta: Scaleμ:6.1297 | Val Meta: Scaleμ:6.1282
Epoch 67/100 | Steps: 559 | LR: 0.000030 | Train Loss: 0.066204 (P:0.0570, S:0.0311, Q:0.0077) | Val Loss: 1.001290 (P:0.9665, S:0.5334, Q:0.0082) | Repr L2μ: 3.9007 Val L2μ: 1.9447 | Repr Cosμ: 0.8816 Val Cosμ: 0.9758 | Pred→Target Cosμ: 0.9492 Val Cosμ: 0.6507 | Repr NormRatio: 1.1486 Val NormRatio: 1.0159 | Train Meta: Scaleμ:6.1269 | Val Meta: Scaleμ:6.1255
Epoch 68/100 | Steps: 559 | LR: 0.000029 | Train Loss: 0.065498 (P:0.0563, S:0.0314, Q:0.0076) | Val Loss: 0.969771 (P:0.9351, S:0.5349, Q:0.0079) | Repr L2μ: 4.0195 Val L2μ: 4.2235 | Repr Cosμ: 0.8736 Val Cosμ: 0.8490 | Pred→Target Cosμ: 0.9496 Val Cosμ: 0.7216 | Repr NormRatio: 1.1567 Val NormRatio: 1.1462 | Train Meta: Scaleμ:6.1242 | Val Meta: Scaleμ:6.1229
Epoch 69/100 | Steps: 559 | LR: 0.000027 | Train Loss: 0.063326 (P:0.0542, S:0.0311, Q:0.0076) | Val Loss: 0.902193 (P:0.8662, S:0.5568, Q:0.0081) | Repr L2μ: 4.1233 Val L2μ: 2.5241 | Repr Cosμ: 0.8678 Val Cosμ: 0.9577 | Pred→Target Cosμ: 0.9515 Val Cosμ: 0.5877 | Repr NormRatio: 1.1642 Val NormRatio: 1.0441 | Train Meta: Scaleμ:6.1217 | Val Meta: Scaleμ:6.1205
Epoch 70/100 | Steps: 559 | LR: 0.000026 | Train Loss: 0.061919 (P:0.0528, S:0.0308, Q:0.0075) | Val Loss: 0.939768 (P:0.9071, S:0.4936, Q:0.0079) | Repr L2μ: 3.6698 Val L2μ: 2.1185 | Repr Cosμ: 0.8936 Val Cosμ: 0.9712 | Pred→Target Cosμ: 0.9526 Val Cosμ: 0.6878 | Repr NormRatio: 1.1522 Val NormRatio: 1.0146 | Train Meta: Scaleμ:6.1194 | Val Meta: Scaleμ:6.1183
Epoch 71/100 | Steps: 559 | LR: 0.000024 | Train Loss: 0.062619 (P:0.0536, S:0.0312, Q:0.0075) | Val Loss: 0.953480 (P:0.9194, S:0.5219, Q:0.0080) | Repr L2μ: 3.8079 Val L2μ: 1.7956 | Repr Cosμ: 0.8814 Val Cosμ: 0.9797 | Pred→Target Cosμ: 0.9518 Val Cosμ: 0.6846 | Repr NormRatio: 1.1606 Val NormRatio: 1.0083 | Train Meta: Scaleμ:6.1172 | Val Meta: Scaleμ:6.1161
Epoch 72/100 | Steps: 559 | LR: 0.000023 | Train Loss: 0.060184 (P:0.0512, S:0.0310, Q:0.0074) | Val Loss: 0.954648 (P:0.9213, S:0.5126, Q:0.0078) | Repr L2μ: 4.0673 Val L2μ: 4.9514 | Repr Cosμ: 0.8568 Val Cosμ: 0.7459 | Pred→Target Cosμ: 0.9540 Val Cosμ: 0.6996 | Repr NormRatio: 1.1844 Val NormRatio: 1.2903 | Train Meta: Scaleμ:6.1151 | Val Meta: Scaleμ:6.1141
Epoch 73/100 | Steps: 559 | LR: 0.000021 | Train Loss: 0.058984 (P:0.0501, S:0.0308, Q:0.0074) | Val Loss: 1.008993 (P:0.9768, S:0.4877, Q:0.0078) | Repr L2μ: 3.7564 Val L2μ: 3.0628 | Repr Cosμ: 0.8685 Val Cosμ: 0.9340 | Pred→Target Cosμ: 0.9546 Val Cosμ: 0.6030 | Repr NormRatio: 1.1734 Val NormRatio: 1.1195 | Train Meta: Scaleμ:6.1132 | Val Meta: Scaleμ:6.1122
Epoch 74/100 | Steps: 559 | LR: 0.000020 | Train Loss: 0.058408 (P:0.0495, S:0.0310, Q:0.0073) | Val Loss: 0.867399 (P:0.8338, S:0.5176, Q:0.0077) | Repr L2μ: 4.6063 Val L2μ: 4.2544 | Repr Cosμ: 0.8097 Val Cosμ: 0.8469 | Pred→Target Cosμ: 0.9555 Val Cosμ: 0.6974 | Repr NormRatio: 1.2456 Val NormRatio: 1.1552 | Train Meta: Scaleμ:6.1113 | Val Meta: Scaleμ:6.1104
Epoch 75/100 | Steps: 559 | LR: 0.000019 | Train Loss: 0.058599 (P:0.0497, S:0.0308, Q:0.0073) | Val Loss: 0.913214 (P:0.8816, S:0.4783, Q:0.0077) | Repr L2μ: 4.3769 Val L2μ: 2.8441 | Repr Cosμ: 0.8311 Val Cosμ: 0.9436 | Pred→Target Cosμ: 0.9561 Val Cosμ: 0.6281 | Repr NormRatio: 1.2306 Val NormRatio: 1.0857 | Train Meta: Scaleμ:6.1095 | Val Meta: Scaleμ:6.1087
Epoch 76/100 | Steps: 559 | LR: 0.000017 | Train Loss: 0.056744 (P:0.0479, S:0.0306, Q:0.0073) | Val Loss: 0.927280 (P:0.8962, S:0.4685, Q:0.0076) | Repr L2μ: 4.0322 Val L2μ: 2.2764 | Repr Cosμ: 0.8596 Val Cosμ: 0.9663 | Pred→Target Cosμ: 0.9574 Val Cosμ: 0.6830 | Repr NormRatio: 1.2019 Val NormRatio: 1.0316 | Train Meta: Scaleμ:6.1079 | Val Meta: Scaleμ:6.1072
Epoch 77/100 | Steps: 559 | LR: 0.000016 | Train Loss: 0.056373 (P:0.0476, S:0.0304, Q:0.0072) | Val Loss: 0.935457 (P:0.9033, S:0.4920, Q:0.0076) | Repr L2μ: 4.2457 Val L2μ: 4.8658 | Repr Cosμ: 0.8257 Val Cosμ: 0.7471 | Pred→Target Cosμ: 0.9585 Val Cosμ: 0.5951 | Repr NormRatio: 1.2701 Val NormRatio: 1.4385 | Train Meta: Scaleμ:6.1065 | Val Meta: Scaleμ:6.1058
Epoch 78/100 | Steps: 559 | LR: 0.000015 | Train Loss: 0.054603 (P:0.0459, S:0.0304, Q:0.0072) | Val Loss: 0.851969 (P:0.8174, S:0.5387, Q:0.0076) | Repr L2μ: 3.9015 Val L2μ: 3.7085 | Repr Cosμ: 0.8610 Val Cosμ: 0.8954 | Pred→Target Cosμ: 0.9587 Val Cosμ: 0.6874 | Repr NormRatio: 1.2393 Val NormRatio: 1.0706 | Train Meta: Scaleμ:6.1051 | Val Meta: Scaleμ:6.1045
Epoch 79/100 | Steps: 559 | LR: 0.000014 | Train Loss: 0.054097 (P:0.0454, S:0.0301, Q:0.0072) | Val Loss: 0.867111 (P:0.8331, S:0.5290, Q:0.0075) | Repr L2μ: 4.0126 Val L2μ: 3.8088 | Repr Cosμ: 0.8555 Val Cosμ: 0.8880 | Pred→Target Cosμ: 0.9597 Val Cosμ: 0.6805 | Repr NormRatio: 1.2129 Val NormRatio: 1.0950 | Train Meta: Scaleμ:6.1039 | Val Meta: Scaleμ:6.1033
Epoch 80/100 | Steps: 559 | LR: 0.000013 | Train Loss: 0.053474 (P:0.0448, S:0.0302, Q:0.0071) | Val Loss: 0.922704 (P:0.8898, S:0.5074, Q:0.0076) | Repr L2μ: 3.9466 Val L2μ: 4.9129 | Repr Cosμ: 0.8439 Val Cosμ: 0.7303 | Pred→Target Cosμ: 0.9600 Val Cosμ: 0.6604 | Repr NormRatio: 1.2567 Val NormRatio: 1.4008 | Train Meta: Scaleμ:6.1027 | Val Meta: Scaleμ:6.1021
Epoch 81/100 | Steps: 559 | LR: 0.000011 | Train Loss: 0.055656 (P:0.0470, S:0.0306, Q:0.0071) | Val Loss: 0.923712 (P:0.8923, S:0.4778, Q:0.0075) | Repr L2μ: 4.7136 Val L2μ: 3.6676 | Repr Cosμ: 0.8075 Val Cosμ: 0.8949 | Pred→Target Cosμ: 0.9625 Val Cosμ: 0.5564 | Repr NormRatio: 1.5118 Val NormRatio: 1.3506 | Train Meta: Scaleμ:6.1016 | Val Meta: Scaleμ:6.1010
Epoch 82/100 | Steps: 559 | LR: 0.000010 | Train Loss: 0.052065 (P:0.0435, S:0.0298, Q:0.0071) | Val Loss: 0.866906 (P:0.8321, S:0.5468, Q:0.0075) | Repr L2μ: 3.4363 Val L2μ: 4.2598 | Repr Cosμ: 0.8903 Val Cosμ: 0.8507 | Pred→Target Cosμ: 0.9605 Val Cosμ: 0.6661 | Repr NormRatio: 1.2000 Val NormRatio: 1.1219 | Train Meta: Scaleμ:6.1006 | Val Meta: Scaleμ:6.1001
Epoch 83/100 | Steps: 559 | LR: 0.000009 | Train Loss: 0.052509 (P:0.0439, S:0.0300, Q:0.0071) | Val Loss: 0.896220 (P:0.8641, S:0.4932, Q:0.0074) | Repr L2μ: 4.0150 Val L2μ: 1.9057 | Repr Cosμ: 0.8558 Val Cosμ: 0.9768 | Pred→Target Cosμ: 0.9607 Val Cosμ: 0.6774 | Repr NormRatio: 1.2617 Val NormRatio: 1.0189 | Train Meta: Scaleμ:6.0996 | Val Meta: Scaleμ:6.0992
Epoch 84/100 | Steps: 559 | LR: 0.000009 | Train Loss: 0.053366 (P:0.0448, S:0.0300, Q:0.0070) | Val Loss: 0.917167 (P:0.8849, S:0.4975, Q:0.0074) | Repr L2μ: 4.2695 Val L2μ: 2.3275 | Repr Cosμ: 0.8252 Val Cosμ: 0.9634 | Pred→Target Cosμ: 0.9609 Val Cosμ: 0.6460 | Repr NormRatio: 1.3498 Val NormRatio: 1.0463 | Train Meta: Scaleμ:6.0988 | Val Meta: Scaleμ:6.0985
Epoch 85/100 | Steps: 559 | LR: 0.000008 | Train Loss: 0.047798 (P:0.0393, S:0.0295, Q:0.0070) | Val Loss: 0.878934 (P:0.8480, S:0.4706, Q:0.0074) | Repr L2μ: 2.7113 Val L2μ: 2.4967 | Repr Cosμ: 0.9551 Val Cosμ: 0.9568 | Pred→Target Cosμ: 0.9638 Val Cosμ: 0.6655 | Repr NormRatio: 1.0915 Val NormRatio: 1.0669 | Train Meta: Scaleμ:6.0981 | Val Meta: Scaleμ:6.0978
Epoch 86/100 | Steps: 559 | LR: 0.000007 | Train Loss: 0.055771 (P:0.0472, S:0.0306, Q:0.0070) | Val Loss: 0.889526 (P:0.8569, S:0.5052, Q:0.0074) | Repr L2μ: 4.6528 Val L2μ: 2.3269 | Repr Cosμ: 0.7978 Val Cosμ: 0.9631 | Pred→Target Cosμ: 0.9590 Val Cosμ: 0.6176 | Repr NormRatio: 1.3745 Val NormRatio: 1.0411 | Train Meta: Scaleμ:6.0975 | Val Meta: Scaleμ:6.0972
Epoch 87/100 | Steps: 559 | LR: 0.000006 | Train Loss: 0.053195 (P:0.0447, S:0.0304, Q:0.0070) | Val Loss: 0.895379 (P:0.8636, S:0.4884, Q:0.0074) | Repr L2μ: 5.2940 Val L2μ: 4.2684 | Repr Cosμ: 0.7260 Val Cosμ: 0.7970 | Pred→Target Cosμ: 0.9617 Val Cosμ: 0.5877 | Repr NormRatio: 1.5345 Val NormRatio: 1.4473 | Train Meta: Scaleμ:6.0969 | Val Meta: Scaleμ:6.0967
Epoch 88/100 | Steps: 559 | LR: 0.000005 | Train Loss: 0.053586 (P:0.0451, S:0.0305, Q:0.0070) | Val Loss: 0.887077 (P:0.8558, S:0.4773, Q:0.0074) | Repr L2μ: 4.0802 Val L2μ: 4.0751 | Repr Cosμ: 0.8708 Val Cosμ: 0.8570 | Pred→Target Cosμ: 0.9619 Val Cosμ: 0.5571 | Repr NormRatio: 1.4525 Val NormRatio: 1.4981 | Train Meta: Scaleμ:6.0964 | Val Meta: Scaleμ:6.0962
Epoch 89/100 | Steps: 559 | LR: 0.000005 | Train Loss: 0.050155 (P:0.0417, S:0.0302, Q:0.0070) | Val Loss: 0.888284 (P:0.8562, S:0.4954, Q:0.0073) | Repr L2μ: 5.7539 Val L2μ: 4.2782 | Repr Cosμ: 0.6646 Val Cosμ: 0.7990 | Pred→Target Cosμ: 0.9633 Val Cosμ: 0.5592 | Repr NormRatio: 1.6107 Val NormRatio: 1.5117 | Train Meta: Scaleμ:6.0961 | Val Meta: Scaleμ:6.0959
Epoch 90/100 | Steps: 559 | LR: 0.000004 | Train Loss: 0.052772 (P:0.0443, S:0.0301, Q:0.0070) | Val Loss: 0.977764 (P:0.9453, S:0.5019, Q:0.0074) | Repr L2μ: 3.6717 Val L2μ: 2.6132 | Repr Cosμ: 0.8962 Val Cosμ: 0.9505 | Pred→Target Cosμ: 0.9607 Val Cosμ: 0.6053 | Repr NormRatio: 1.3430 Val NormRatio: 1.1298 | Train Meta: Scaleμ:6.0957 | Val Meta: Scaleμ:6.0955
Epoch 91/100 | Steps: 559 | LR: 0.000003 | Train Loss: 0.052498 (P:0.0440, S:0.0301, Q:0.0070) | Val Loss: 0.849145 (P:0.8177, S:0.4810, Q:0.0074) | Repr L2μ: 4.9490 Val L2μ: 4.4995 | Repr Cosμ: 0.7857 Val Cosμ: 0.7956 | Pred→Target Cosμ: 0.9630 Val Cosμ: 0.5955 | Repr NormRatio: 1.6023 Val NormRatio: 1.5246 | Train Meta: Scaleμ:6.0953 | Val Meta: Scaleμ:6.0952
Epoch 92/100 | Steps: 559 | LR: 0.000003 | Train Loss: 0.047385 (P:0.0390, S:0.0296, Q:0.0069) | Val Loss: 0.893402 (P:0.8614, S:0.4930, Q:0.0073) | Repr L2μ: 5.3851 Val L2μ: 4.2200 | Repr Cosμ: 0.7419 Val Cosμ: 0.8384 | Pred→Target Cosμ: 0.9668 Val Cosμ: 0.5214 | Repr NormRatio: 1.6713 Val NormRatio: 1.6125 | Train Meta: Scaleμ:6.0950 | Val Meta: Scaleμ:6.0948
Epoch 93/100 | Steps: 559 | LR: 0.000002 | Train Loss: 0.047534 (P:0.0391, S:0.0295, Q:0.0069) | Val Loss: 0.878002 (P:0.8460, S:0.4937, Q:0.0073) | Repr L2μ: 5.1984 Val L2μ: 4.1566 | Repr Cosμ: 0.7681 Val Cosμ: 0.8473 | Pred→Target Cosμ: 0.9676 Val Cosμ: 0.5406 | Repr NormRatio: 1.6835 Val NormRatio: 1.6060 | Train Meta: Scaleμ:6.0947 | Val Meta: Scaleμ:6.0946
Epoch 94/100 | Steps: 559 | LR: 0.000002 | Train Loss: 0.048161 (P:0.0398, S:0.0295, Q:0.0069) | Val Loss: 0.905935 (P:0.8733, S:0.5070, Q:0.0073) | Repr L2μ: 4.8799 Val L2μ: 2.9321 | Repr Cosμ: 0.8034 Val Cosμ: 0.9360 | Pred→Target Cosμ: 0.9670 Val Cosμ: 0.5428 | Repr NormRatio: 1.6540 Val NormRatio: 1.2408 | Train Meta: Scaleμ:6.0945 | Val Meta: Scaleμ:6.0944
Epoch 95/100 | Steps: 559 | LR: 0.000002 | Train Loss: 0.052337 (P:0.0439, S:0.0301, Q:0.0069) | Val Loss: 0.898861 (P:0.8651, S:0.5282, Q:0.0073) | Repr L2μ: 3.1559 Val L2μ: 2.2489 | Repr Cosμ: 0.9349 Val Cosμ: 0.9656 | Pred→Target Cosμ: 0.9595 Val Cosμ: 0.6260 | Repr NormRatio: 1.2442 Val NormRatio: 1.0612 | Train Meta: Scaleμ:6.0942 | Val Meta: Scaleμ:6.0941
Epoch 96/100 | Steps: 559 | LR: 0.000001 | Train Loss: 0.053193 (P:0.0448, S:0.0297, Q:0.0069) | Val Loss: 0.902065 (P:0.8695, S:0.5049, Q:0.0073) | Repr L2μ: 3.3423 Val L2μ: 2.7593 | Repr Cosμ: 0.9256 Val Cosμ: 0.9436 | Pred→Target Cosμ: 0.9630 Val Cosμ: 0.5651 | Repr NormRatio: 1.3393 Val NormRatio: 1.1960 | Train Meta: Scaleμ:6.0941 | Val Meta: Scaleμ:6.0940
Epoch 97/100 | Steps: 559 | LR: 0.000001 | Train Loss: 0.055871 (P:0.0474, S:0.0301, Q:0.0069) | Val Loss: 0.953184 (P:0.9221, S:0.4762, Q:0.0073) | Repr L2μ: 3.7298 Val L2μ: 2.9532 | Repr Cosμ: 0.9029 Val Cosμ: 0.9335 | Pred→Target Cosμ: 0.9646 Val Cosμ: 0.5984 | Repr NormRatio: 1.5028 Val NormRatio: 1.2385 | Train Meta: Scaleμ:6.0940 | Val Meta: Scaleμ:6.0939
Epoch 98/100 | Steps: 559 | LR: 0.000001 | Train Loss: 0.055238 (P:0.0468, S:0.0299, Q:0.0069) | Val Loss: 0.907976 (P:0.8770, S:0.4729, Q:0.0073) | Repr L2μ: 3.7618 Val L2μ: 2.8361 | Repr Cosμ: 0.9007 Val Cosμ: 0.9394 | Pred→Target Cosμ: 0.9652 Val Cosμ: 0.5950 | Repr NormRatio: 1.4958 Val NormRatio: 1.1979 | Train Meta: Scaleμ:6.0939 | Val Meta: Scaleμ:6.0938
Epoch 99/100 | Steps: 559 | LR: 0.000001 | Train Loss: 0.054871 (P:0.0465, S:0.0297, Q:0.0069) | Val Loss: 0.930057 (P:0.8988, S:0.4796, Q:0.0073) | Repr L2μ: 3.7587 Val L2μ: 2.9974 | Repr Cosμ: 0.9009 Val Cosμ: 0.9310 | Pred→Target Cosμ: 0.9655 Val Cosμ: 0.5866 | Repr NormRatio: 1.4779 Val NormRatio: 1.2460 | Train Meta: Scaleμ:6.0937 | Val Meta: Scaleμ:6.0937
Epoch 100/100 | Steps: 559 | LR: 0.000001 | Train Loss: 0.051603 (P:0.0432, S:0.0295, Q:0.0069) | Val Loss: 0.840008 (P:0.8088, S:0.4786, Q:0.0073) | Repr L2μ: 4.4471 Val L2μ: 4.1848 | Repr Cosμ: 0.8474 Val Cosμ: 0.8469 | Pred→Target Cosμ: 0.9658 Val Cosμ: 0.5684 | Repr NormRatio: 1.5839 Val NormRatio: 1.4984 | Train Meta: Scaleμ:6.0936 | Val Meta: Scaleμ:6.0936
Saved attention maps for 100 epoch snapshot(s) under ./runs/pretrain_electricity_laya_attention_suppress_gate_text_stats_avg/attention_maps
