nohup: ignoring input
🚀 Laya-TS Pretraining: electricity (laya + mixer_concat_stats)
📊 data_path: ../Dataset/long_term_forecast/electricity/electricity.csv
📝 metadata: mode=stats, fusion=concat_kv, relation=none, stats_dim=384
📝 log_dir: ./runs/pretrain_electricity_laya_mixer_concat_stats
Stats metadata preview | dataset=electricity | domain=electricity | channels=321
   - 0: Channel statistics over the training split: mean value is 25.086, standard deviation is 24.648, minimum value is 0.000, maximum value is 137.000, median value is 12.000, and mean absolute value is 25.086.
📊 Dataset Statistics:
   - Sequence Length (T): 512
   - Train Samples: 17903, Steps: 559
   - Val Samples: 2119, Steps: 67
🔧 Encoder Hyperparameters:
   - d_model: 128
   - n_heads: 8
   - n_layers: 3
   - proj_dim: 256
   - patch_size: 16
   - metadata_fusion_mode: concat_kv
   - channel_mixer_relation_mode: none
   - encoder_variant: default
   - temporal_patchifier_mode: fixed
   - use_channel_relation_block: False
🧮 Parameter Counts:
   - Total Parameters: 4,327,232
   - Trainable Parameters: 4,327,232
⏱️ Schedule:
   - total_steps: 55900
   - warmup_steps: 5590
   - derived_epochs: 100
Epoch 1/100 | Steps: 559 | LR: 0.000010 | Train Loss: 1.806069 (P:0.7926, S:0.2698, Q:1.0000) | Val Loss: 2.314021 (P:1.2890, S:0.5015, Q:0.9999) | Repr L2μ: 1.1331 Val L2μ: 0.4465 | Repr Cosμ: 0.9933 Val Cosμ: 0.9990 | Pred→Target Cosμ: 0.4610 Val Cosμ: 0.3344 | Repr NormRatio: 1.0053 Val NormRatio: 1.0030
   -> Saved improved checkpoint: val_loss=2.314021 at epoch 1
Epoch 2/100 | Steps: 559 | LR: 0.000020 | Train Loss: 1.602720 (P:0.5940, S:0.1832, Q:0.9996) | Val Loss: 2.303547 (P:1.2815, S:0.4744, Q:0.9983) | Repr L2μ: 1.1571 Val L2μ: 0.4616 | Repr Cosμ: 0.9929 Val Cosμ: 0.9989 | Pred→Target Cosμ: 0.7045 Val Cosμ: 0.3204 | Repr NormRatio: 1.0060 Val NormRatio: 1.0036
   -> Saved improved checkpoint: val_loss=2.303547 at epoch 2
Epoch 3/100 | Steps: 559 | LR: 0.000030 | Train Loss: 1.373786 (P:0.4137, S:0.1246, Q:0.9538) | Val Loss: 2.018708 (P:1.1775, S:0.4576, Q:0.8183) | Repr L2μ: 1.1727 Val L2μ: 0.5171 | Repr Cosμ: 0.9928 Val Cosμ: 0.9986 | Pred→Target Cosμ: 0.9175 Val Cosμ: 0.3793 | Repr NormRatio: 1.0067 Val NormRatio: 1.0042
   -> Saved improved checkpoint: val_loss=2.018708 at epoch 3
Epoch 4/100 | Steps: 559 | LR: 0.000040 | Train Loss: 0.971800 (P:0.3806, S:0.0973, Q:0.5863) | Val Loss: 1.730196 (P:1.2139, S:0.4371, Q:0.4944) | Repr L2μ: 1.3180 Val L2μ: 0.5632 | Repr Cosμ: 0.9912 Val Cosμ: 0.9984 | Pred→Target Cosμ: 0.9128 Val Cosμ: 0.3321 | Repr NormRatio: 1.0065 Val NormRatio: 1.0035
   -> Saved improved checkpoint: val_loss=1.730196 at epoch 4
Epoch 5/100 | Steps: 559 | LR: 0.000050 | Train Loss: 0.826348 (P:0.3398, S:0.0803, Q:0.4825) | Val Loss: 1.717390 (P:1.2218, S:0.4380, Q:0.4736) | Repr L2μ: 1.2892 Val L2μ: 0.5674 | Repr Cosμ: 0.9918 Val Cosμ: 0.9984 | Pred→Target Cosμ: 0.9097 Val Cosμ: 0.3520 | Repr NormRatio: 1.0062 Val NormRatio: 1.0027
   -> Saved improved checkpoint: val_loss=1.717390 at epoch 5
Epoch 6/100 | Steps: 559 | LR: 0.000060 | Train Loss: 0.759781 (P:0.3017, S:0.0700, Q:0.4546) | Val Loss: 1.490558 (P:1.0285, S:0.4348, Q:0.4403) | Repr L2μ: 1.2637 Val L2μ: 0.5610 | Repr Cosμ: 0.9922 Val Cosμ: 0.9985 | Pred→Target Cosμ: 0.9048 Val Cosμ: 0.4102 | Repr NormRatio: 1.0056 Val NormRatio: 1.0031
   -> Saved improved checkpoint: val_loss=1.490558 at epoch 6
Epoch 7/100 | Steps: 559 | LR: 0.000070 | Train Loss: 0.674545 (P:0.2630, S:0.0625, Q:0.4084) | Val Loss: 1.489905 (P:1.0770, S:0.4387, Q:0.3909) | Repr L2μ: 1.2737 Val L2μ: 0.5741 | Repr Cosμ: 0.9920 Val Cosμ: 0.9984 | Pred→Target Cosμ: 0.8984 Val Cosμ: 0.3605 | Repr NormRatio: 1.0061 Val NormRatio: 1.0032
   -> Saved improved checkpoint: val_loss=1.489905 at epoch 7
Epoch 8/100 | Steps: 559 | LR: 0.000080 | Train Loss: 0.573185 (P:0.2186, S:0.0578, Q:0.3517) | Val Loss: 1.264768 (P:0.9217, S:0.6009, Q:0.3130) | Repr L2μ: 1.3703 Val L2μ: 0.5307 | Repr Cosμ: 0.9909 Val Cosμ: 0.9986 | Pred→Target Cosμ: 0.8939 Val Cosμ: 0.5501 | Repr NormRatio: 1.0061 Val NormRatio: 1.0018
   -> Saved improved checkpoint: val_loss=1.264768 at epoch 8
Epoch 9/100 | Steps: 559 | LR: 0.000090 | Train Loss: 0.466962 (P:0.1691, S:0.0617, Q:0.2947) | Val Loss: 1.040922 (P:0.7261, S:0.5007, Q:0.2898) | Repr L2μ: 1.6703 Val L2μ: 0.4019 | Repr Cosμ: 0.9867 Val Cosμ: 0.9992 | Pred→Target Cosμ: 0.8924 Val Cosμ: 0.4859 | Repr NormRatio: 1.0052 Val NormRatio: 1.0012
   -> Saved improved checkpoint: val_loss=1.040922 at epoch 9
Epoch 10/100 | Steps: 559 | LR: 0.000100 | Train Loss: 0.407788 (P:0.1297, S:0.0558, Q:0.2753) | Val Loss: 0.897979 (P:0.6080, S:0.5400, Q:0.2629) | Repr L2μ: 1.6426 Val L2μ: 0.5287 | Repr Cosμ: 0.9873 Val Cosμ: 0.9986 | Pred→Target Cosμ: 0.9086 Val Cosμ: 0.4476 | Repr NormRatio: 1.0042 Val NormRatio: 1.0015
   -> Saved improved checkpoint: val_loss=0.897979 at epoch 10
Epoch 11/100 | Steps: 559 | LR: 0.000100 | Train Loss: 0.365513 (P:0.1274, S:0.0583, Q:0.2352) | Val Loss: 0.706895 (P:0.4899, S:0.8162, Q:0.1762) | Repr L2μ: 1.7943 Val L2μ: 0.7685 | Repr Cosμ: 0.9841 Val Cosμ: 0.9968 | Pred→Target Cosμ: 0.8987 Val Cosμ: 0.7911 | Repr NormRatio: 1.0036 Val NormRatio: 1.0017
   -> Saved improved checkpoint: val_loss=0.706895 at epoch 11
Epoch 12/100 | Steps: 559 | LR: 0.000100 | Train Loss: 0.259687 (P:0.1197, S:0.0544, Q:0.1373) | Val Loss: 2.782688 (P:2.5864, S:1.7969, Q:0.1064) | Repr L2μ: 1.9448 Val L2μ: 0.8369 | Repr Cosμ: 0.9809 Val Cosμ: 0.9963 | Pred→Target Cosμ: 0.9096 Val Cosμ: 0.8554 | Repr NormRatio: 1.0026 Val NormRatio: 1.0013
Epoch 13/100 | Steps: 559 | LR: 0.000100 | Train Loss: 0.209237 (P:0.1179, S:0.0531, Q:0.0887) | Val Loss: 0.989887 (P:0.8822, S:0.7630, Q:0.0696) | Repr L2μ: 2.5527 Val L2μ: 1.5002 | Repr Cosμ: 0.9663 Val Cosμ: 0.9883 | Pred→Target Cosμ: 0.9234 Val Cosμ: 0.8297 | Repr NormRatio: 1.0044 Val NormRatio: 1.0007
Epoch 14/100 | Steps: 559 | LR: 0.000100 | Train Loss: 0.170109 (P:0.1019, S:0.0474, Q:0.0658) | Val Loss: 0.949815 (P:0.8582, S:0.5960, Q:0.0618) | Repr L2μ: 2.4286 Val L2μ: 0.7609 | Repr Cosμ: 0.9715 Val Cosμ: 0.9969 | Pred→Target Cosμ: 0.9402 Val Cosμ: 0.6723 | Repr NormRatio: 1.0035 Val NormRatio: 1.0010
Epoch 15/100 | Steps: 559 | LR: 0.000099 | Train Loss: 0.155298 (P:0.0985, S:0.0450, Q:0.0545) | Val Loss: 0.789325 (P:0.7037, S:0.7931, Q:0.0459) | Repr L2μ: 2.1596 Val L2μ: 1.1476 | Repr Cosμ: 0.9769 Val Cosμ: 0.9932 | Pred→Target Cosμ: 0.9436 Val Cosμ: 0.6814 | Repr NormRatio: 1.0034 Val NormRatio: 1.0008
Epoch 16/100 | Steps: 559 | LR: 0.000099 | Train Loss: 0.148453 (P:0.1014, S:0.0446, Q:0.0448) | Val Loss: 0.854327 (P:0.7664, S:0.8676, Q:0.0446) | Repr L2μ: 1.9865 Val L2μ: 1.0966 | Repr Cosμ: 0.9793 Val Cosμ: 0.9937 | Pred→Target Cosμ: 0.9438 Val Cosμ: 0.6611 | Repr NormRatio: 1.0028 Val NormRatio: 1.0007
Epoch 17/100 | Steps: 559 | LR: 0.000099 | Train Loss: 0.137167 (P:0.1009, S:0.0438, Q:0.0341) | Val Loss: 1.973369 (P:1.8858, S:1.2100, Q:0.0270) | Repr L2μ: 1.8461 Val L2μ: 0.6685 | Repr Cosμ: 0.9833 Val Cosμ: 0.9977 | Pred→Target Cosμ: 0.9484 Val Cosμ: 0.7789 | Repr NormRatio: 1.0022 Val NormRatio: 1.0004
Epoch 18/100 | Steps: 559 | LR: 0.000098 | Train Loss: 0.128077 (P:0.1016, S:0.0426, Q:0.0243) | Val Loss: 0.712928 (P:0.6731, S:0.4687, Q:0.0164) | Repr L2μ: 1.8184 Val L2μ: 0.8575 | Repr Cosμ: 0.9839 Val Cosμ: 0.9963 | Pred→Target Cosμ: 0.9502 Val Cosμ: 0.6081 | Repr NormRatio: 1.0022 Val NormRatio: 1.0006
Epoch 19/100 | Steps: 559 | LR: 0.000098 | Train Loss: 0.106470 (P:0.0893, S:0.0412, Q:0.0151) | Val Loss: 25.750492 (P:25.5864, S:2.9895, Q:0.0146) | Repr L2μ: 1.8868 Val L2μ: 0.5363 | Repr Cosμ: 0.9827 Val Cosμ: 0.9986 | Pred→Target Cosμ: 0.9582 Val Cosμ: 0.9572 | Repr NormRatio: 1.0018 Val NormRatio: 1.0005
Epoch 20/100 | Steps: 559 | LR: 0.000097 | Train Loss: 0.099850 (P:0.0867, S:0.0404, Q:0.0111) | Val Loss: 1.208407 (P:1.1716, S:0.6005, Q:0.0068) | Repr L2μ: 2.0342 Val L2μ: 1.3560 | Repr Cosμ: 0.9796 Val Cosμ: 0.9906 | Pred→Target Cosμ: 0.9590 Val Cosμ: 0.3796 | Repr NormRatio: 1.0022 Val NormRatio: 1.0025
Epoch 21/100 | Steps: 559 | LR: 0.000096 | Train Loss: 0.091443 (P:0.0814, S:0.0395, Q:0.0081) | Val Loss: 0.651376 (P:0.6210, S:0.5072, Q:0.0051) | Repr L2μ: 2.1195 Val L2μ: 1.4199 | Repr Cosμ: 0.9776 Val Cosμ: 0.9897 | Pred→Target Cosμ: 0.9616 Val Cosμ: 0.8767 | Repr NormRatio: 1.0028 Val NormRatio: 1.0022
   -> Saved improved checkpoint: val_loss=0.651376 at epoch 21
Epoch 22/100 | Steps: 559 | LR: 0.000096 | Train Loss: 0.087021 (P:0.0789, S:0.0390, Q:0.0061) | Val Loss: 0.542657 (P:0.5133, S:0.5160, Q:0.0035) | Repr L2μ: 2.1647 Val L2μ: 0.9901 | Repr Cosμ: 0.9763 Val Cosμ: 0.9950 | Pred→Target Cosμ: 0.9634 Val Cosμ: 0.6738 | Repr NormRatio: 1.0024 Val NormRatio: 1.0013
   -> Saved improved checkpoint: val_loss=0.542657 at epoch 22
Epoch 23/100 | Steps: 559 | LR: 0.000095 | Train Loss: 0.078340 (P:0.0721, S:0.0386, Q:0.0043) | Val Loss: 0.966663 (P:0.9250, S:0.7548, Q:0.0039) | Repr L2μ: 2.2847 Val L2μ: 1.2046 | Repr Cosμ: 0.9748 Val Cosμ: 0.9924 | Pred→Target Cosμ: 0.9671 Val Cosμ: 0.7517 | Repr NormRatio: 1.0024 Val NormRatio: 1.0011
Epoch 24/100 | Steps: 559 | LR: 0.000094 | Train Loss: 0.074606 (P:0.0691, S:0.0381, Q:0.0036) | Val Loss: 0.833368 (P:0.8103, S:0.4064, Q:0.0027) | Repr L2μ: 2.4692 Val L2μ: 1.2843 | Repr Cosμ: 0.9697 Val Cosμ: 0.9916 | Pred→Target Cosμ: 0.9680 Val Cosμ: 0.7963 | Repr NormRatio: 1.0026 Val NormRatio: 1.0012
Epoch 25/100 | Steps: 559 | LR: 0.000093 | Train Loss: 0.074977 (P:0.0698, S:0.0387, Q:0.0033) | Val Loss: 1.048422 (P:1.0290, S:0.3340, Q:0.0027) | Repr L2μ: 2.5222 Val L2μ: 0.8822 | Repr Cosμ: 0.9680 Val Cosμ: 0.9959 | Pred→Target Cosμ: 0.9670 Val Cosμ: 0.7891 | Repr NormRatio: 1.0024 Val NormRatio: 1.0007
Epoch 26/100 | Steps: 559 | LR: 0.000092 | Train Loss: 0.075379 (P:0.0703, S:0.0391, Q:0.0031) | Val Loss: 0.771226 (P:0.7485, S:0.4115, Q:0.0022) | Repr L2μ: 2.4666 Val L2μ: 1.2844 | Repr Cosμ: 0.9678 Val Cosμ: 0.9915 | Pred→Target Cosμ: 0.9666 Val Cosμ: 0.8868 | Repr NormRatio: 1.0024 Val NormRatio: 1.0014
Epoch 27/100 | Steps: 559 | LR: 0.000092 | Train Loss: 0.069130 (P:0.0645, S:0.0402, Q:0.0026) | Val Loss: 5.559243 (P:5.4519, S:2.1075, Q:0.0020) | Repr L2μ: 2.6531 Val L2μ: 0.8381 | Repr Cosμ: 0.9632 Val Cosμ: 0.9964 | Pred→Target Cosμ: 0.9680 Val Cosμ: 0.9570 | Repr NormRatio: 1.0026 Val NormRatio: 1.0011
Epoch 28/100 | Steps: 559 | LR: 0.000091 | Train Loss: 0.067440 (P:0.0629, S:0.0425, Q:0.0024) | Val Loss: 0.325064 (P:0.2880, S:0.6998, Q:0.0020) | Repr L2μ: 2.6367 Val L2μ: 1.0739 | Repr Cosμ: 0.9632 Val Cosμ: 0.9940 | Pred→Target Cosμ: 0.9677 Val Cosμ: 0.9139 | Repr NormRatio: 1.0025 Val NormRatio: 1.0014
   -> Saved improved checkpoint: val_loss=0.325064 at epoch 28
Epoch 29/100 | Steps: 559 | LR: 0.000090 | Train Loss: 0.063181 (P:0.0588, S:0.0447, Q:0.0021) | Val Loss: 4.982900 (P:4.8812, S:2.0116, Q:0.0011) | Repr L2μ: 2.7424 Val L2μ: 1.0470 | Repr Cosμ: 0.9592 Val Cosμ: 0.9943 | Pred→Target Cosμ: 0.9693 Val Cosμ: 0.9525 | Repr NormRatio: 1.0025 Val NormRatio: 1.0011
Epoch 30/100 | Steps: 559 | LR: 0.000088 | Train Loss: 0.059770 (P:0.0558, S:0.0450, Q:0.0018) | Val Loss: 0.476326 (P:0.4448, S:0.6025, Q:0.0014) | Repr L2μ: 2.6407 Val L2μ: 0.8209 | Repr Cosμ: 0.9622 Val Cosμ: 0.9965 | Pred→Target Cosμ: 0.9703 Val Cosμ: 0.8657 | Repr NormRatio: 1.0021 Val NormRatio: 1.0004
Epoch 31/100 | Steps: 559 | LR: 0.000087 | Train Loss: 0.056888 (P:0.0530, S:0.0468, Q:0.0015) | Val Loss: 0.557142 (P:0.5016, S:1.0882, Q:0.0012) | Repr L2μ: 2.8776 Val L2μ: 0.7088 | Repr Cosμ: 0.9541 Val Cosμ: 0.9974 | Pred→Target Cosμ: 0.9714 Val Cosμ: 0.9522 | Repr NormRatio: 1.0025 Val NormRatio: 1.0005
Epoch 32/100 | Steps: 559 | LR: 0.000086 | Train Loss: 0.058182 (P:0.0543, S:0.0473, Q:0.0016) | Val Loss: 0.488116 (P:0.4583, S:0.5788, Q:0.0009) | Repr L2μ: 2.5043 Val L2μ: 0.7368 | Repr Cosμ: 0.9661 Val Cosμ: 0.9972 | Pred→Target Cosμ: 0.9717 Val Cosμ: 0.8064 | Repr NormRatio: 1.0023 Val NormRatio: 1.0006
Epoch 33/100 | Steps: 559 | LR: 0.000085 | Train Loss: 0.054570 (P:0.0507, S:0.0463, Q:0.0015) | Val Loss: 0.527616 (P:0.4714, S:1.1040, Q:0.0010) | Repr L2μ: 2.4191 Val L2μ: 0.4714 | Repr Cosμ: 0.9678 Val Cosμ: 0.9988 | Pred→Target Cosμ: 0.9731 Val Cosμ: 0.9293 | Repr NormRatio: 1.0022 Val NormRatio: 1.0003
Epoch 34/100 | Steps: 559 | LR: 0.000084 | Train Loss: 0.056185 (P:0.0524, S:0.0477, Q:0.0014) | Val Loss: 0.516678 (P:0.4835, S:0.6415, Q:0.0011) | Repr L2μ: 2.2761 Val L2μ: 0.5998 | Repr Cosμ: 0.9714 Val Cosμ: 0.9981 | Pred→Target Cosμ: 0.9724 Val Cosμ: 0.8411 | Repr NormRatio: 1.0020 Val NormRatio: 1.0004
Epoch 35/100 | Steps: 559 | LR: 0.000082 | Train Loss: 0.054387 (P:0.0507, S:0.0467, Q:0.0013) | Val Loss: 0.433971 (P:0.3939, S:0.7863, Q:0.0007) | Repr L2μ: 2.4034 Val L2μ: 0.7686 | Repr Cosμ: 0.9675 Val Cosμ: 0.9969 | Pred→Target Cosμ: 0.9738 Val Cosμ: 0.9224 | Repr NormRatio: 1.0022 Val NormRatio: 1.0003
Epoch 36/100 | Steps: 559 | LR: 0.000081 | Train Loss: 0.048164 (P:0.0447, S:0.0451, Q:0.0013) | Val Loss: 0.361034 (P:0.3215, S:0.7777, Q:0.0007) | Repr L2μ: 2.2069 Val L2μ: 1.0909 | Repr Cosμ: 0.9735 Val Cosμ: 0.9937 | Pred→Target Cosμ: 0.9763 Val Cosμ: 0.9451 | Repr NormRatio: 1.0019 Val NormRatio: 1.0009
Epoch 37/100 | Steps: 559 | LR: 0.000080 | Train Loss: 0.052326 (P:0.0486, S:0.0468, Q:0.0014) | Val Loss: 0.286729 (P:0.2600, S:0.5162, Q:0.0009) | Repr L2μ: 2.4025 Val L2μ: 0.8481 | Repr Cosμ: 0.9672 Val Cosμ: 0.9962 | Pred→Target Cosμ: 0.9742 Val Cosμ: 0.8906 | Repr NormRatio: 1.0022 Val NormRatio: 1.0005
   -> Saved improved checkpoint: val_loss=0.286729 at epoch 37
Epoch 38/100 | Steps: 559 | LR: 0.000078 | Train Loss: 0.054625 (P:0.0507, S:0.0472, Q:0.0016) | Val Loss: 0.505801 (P:0.4804, S:0.4844, Q:0.0012) | Repr L2μ: 2.2209 Val L2μ: 0.5043 | Repr Cosμ: 0.9711 Val Cosμ: 0.9987 | Pred→Target Cosμ: 0.9730 Val Cosμ: 0.7716 | Repr NormRatio: 1.0020 Val NormRatio: 1.0002
Epoch 39/100 | Steps: 559 | LR: 0.000077 | Train Loss: 0.050492 (P:0.0467, S:0.0465, Q:0.0015) | Val Loss: 0.423515 (P:0.3954, S:0.5451, Q:0.0008) | Repr L2μ: 2.1619 Val L2μ: 0.6247 | Repr Cosμ: 0.9712 Val Cosμ: 0.9979 | Pred→Target Cosμ: 0.9754 Val Cosμ: 0.8240 | Repr NormRatio: 1.0021 Val NormRatio: 1.0007
Epoch 40/100 | Steps: 559 | LR: 0.000075 | Train Loss: 0.052095 (P:0.0488, S:0.0443, Q:0.0011) | Val Loss: 0.330410 (P:0.3078, S:0.4415, Q:0.0005) | Repr L2μ: 2.0863 Val L2μ: 0.9813 | Repr Cosμ: 0.9742 Val Cosμ: 0.9946 | Pred→Target Cosμ: 0.9741 Val Cosμ: 0.8632 | Repr NormRatio: 1.0043 Val NormRatio: 1.0037
Epoch 41/100 | Steps: 559 | LR: 0.000074 | Train Loss: 0.075315 (P:0.0717, S:0.0472, Q:0.0012) | Val Loss: 0.536308 (P:0.5157, S:0.3987, Q:0.0007) | Repr L2μ: 2.7695 Val L2μ: 1.5790 | Repr Cosμ: 0.9525 Val Cosμ: 0.9844 | Pred→Target Cosμ: 0.9625 Val Cosμ: 0.8844 | Repr NormRatio: 1.0267 Val NormRatio: 1.0036
Epoch 42/100 | Steps: 559 | LR: 0.000072 | Train Loss: 0.078218 (P:0.0721, S:0.0520, Q:0.0035) | Val Loss: 0.589814 (P:0.5778, S:0.2259, Q:0.0007) | Repr L2μ: 3.0375 Val L2μ: 7.6579 | Repr Cosμ: 0.9332 Val Cosμ: 0.5829 | Pred→Target Cosμ: 0.9678 Val Cosμ: 0.9084 | Repr NormRatio: 1.0165 Val NormRatio: 1.0343
Epoch 43/100 | Steps: 559 | LR: 0.000071 | Train Loss: 0.062230 (P:0.0585, S:0.0497, Q:0.0012) | Val Loss: 0.319064 (P:0.3057, S:0.2536, Q:0.0007) | Repr L2μ: 3.7102 Val L2μ: 4.0273 | Repr Cosμ: 0.9038 Val Cosμ: 0.8916 | Pred→Target Cosμ: 0.9706 Val Cosμ: 0.8858 | Repr NormRatio: 1.0196 Val NormRatio: 1.0769
Epoch 44/100 | Steps: 559 | LR: 0.000069 | Train Loss: 0.057956 (P:0.0547, S:0.0448, Q:0.0010) | Val Loss: 0.624302 (P:0.6082, S:0.3076, Q:0.0008) | Repr L2μ: 3.2498 Val L2μ: 2.2944 | Repr Cosμ: 0.9368 Val Cosμ: 0.9697 | Pred→Target Cosμ: 0.9746 Val Cosμ: 0.8760 | Repr NormRatio: 1.0206 Val NormRatio: 1.0305
Epoch 45/100 | Steps: 559 | LR: 0.000067 | Train Loss: 0.060566 (P:0.0569, S:0.0462, Q:0.0014) | Val Loss: 0.461198 (P:0.4454, S:0.2965, Q:0.0010) | Repr L2μ: 3.1699 Val L2μ: 2.7506 | Repr Cosμ: 0.9352 Val Cosμ: 0.9479 | Pred→Target Cosμ: 0.9715 Val Cosμ: 0.8348 | Repr NormRatio: 1.0212 Val NormRatio: 1.0063
Epoch 46/100 | Steps: 559 | LR: 0.000066 | Train Loss: 0.055162 (P:0.0516, S:0.0498, Q:0.0010) | Val Loss: 0.451891 (P:0.4367, S:0.2923, Q:0.0005) | Repr L2μ: 3.7506 Val L2μ: 1.5815 | Repr Cosμ: 0.8954 Val Cosμ: 0.9853 | Pred→Target Cosμ: 0.9726 Val Cosμ: 0.8728 | Repr NormRatio: 1.0220 Val NormRatio: 1.0034
Epoch 47/100 | Steps: 559 | LR: 0.000064 | Train Loss: 0.055731 (P:0.0523, S:0.0461, Q:0.0011) | Val Loss: 0.475235 (P:0.4585, S:0.3191, Q:0.0008) | Repr L2μ: 3.4873 Val L2μ: 1.2412 | Repr Cosμ: 0.9154 Val Cosμ: 0.9913 | Pred→Target Cosμ: 0.9728 Val Cosμ: 0.8779 | Repr NormRatio: 1.0252 Val NormRatio: 1.0050
Epoch 48/100 | Steps: 559 | LR: 0.000062 | Train Loss: 0.054892 (P:0.0516, S:0.0461, Q:0.0009) | Val Loss: 0.350051 (P:0.3363, S:0.2568, Q:0.0009) | Repr L2μ: 3.6865 Val L2μ: 4.3293 | Repr Cosμ: 0.8992 Val Cosμ: 0.8545 | Pred→Target Cosμ: 0.9752 Val Cosμ: 0.8980 | Repr NormRatio: 1.0296 Val NormRatio: 1.0099
Epoch 49/100 | Steps: 559 | LR: 0.000061 | Train Loss: 0.048552 (P:0.0453, S:0.0455, Q:0.0010) | Val Loss: 0.364456 (P:0.3457, S:0.3656, Q:0.0005) | Repr L2μ: 4.0530 Val L2μ: 6.8041 | Repr Cosμ: 0.8732 Val Cosμ: 0.6581 | Pred→Target Cosμ: 0.9771 Val Cosμ: 0.9545 | Repr NormRatio: 1.0384 Val NormRatio: 1.0353
Epoch 50/100 | Steps: 559 | LR: 0.000059 | Train Loss: 0.046317 (P:0.0433, S:0.0427, Q:0.0009) | Val Loss: 0.408265 (P:0.3910, S:0.3319, Q:0.0006) | Repr L2μ: 3.2825 Val L2μ: 2.8035 | Repr Cosμ: 0.9254 Val Cosμ: 0.9469 | Pred→Target Cosμ: 0.9781 Val Cosμ: 0.9375 | Repr NormRatio: 1.0277 Val NormRatio: 1.0199
Epoch 51/100 | Steps: 559 | LR: 0.000057 | Train Loss: 0.044858 (P:0.0419, S:0.0434, Q:0.0008) | Val Loss: 0.495455 (P:0.4756, S:0.3840, Q:0.0006) | Repr L2μ: 3.6361 Val L2μ: 2.3221 | Repr Cosμ: 0.9080 Val Cosμ: 0.9633 | Pred→Target Cosμ: 0.9782 Val Cosμ: 0.9249 | Repr NormRatio: 1.0320 Val NormRatio: 1.0211
Epoch 52/100 | Steps: 559 | LR: 0.000056 | Train Loss: 0.042119 (P:0.0393, S:0.0418, Q:0.0007) | Val Loss: 0.450609 (P:0.4359, S:0.2853, Q:0.0005) | Repr L2μ: 3.6383 Val L2μ: 4.4250 | Repr Cosμ: 0.9042 Val Cosμ: 0.8587 | Pred→Target Cosμ: 0.9786 Val Cosμ: 0.9320 | Repr NormRatio: 1.0398 Val NormRatio: 1.0775
Epoch 53/100 | Steps: 559 | LR: 0.000054 | Train Loss: 0.045192 (P:0.0423, S:0.0426, Q:0.0008) | Val Loss: 0.462933 (P:0.4474, S:0.3006, Q:0.0005) | Repr L2μ: 3.5886 Val L2μ: 2.6823 | Repr Cosμ: 0.9099 Val Cosμ: 0.9568 | Pred→Target Cosμ: 0.9774 Val Cosμ: 0.9440 | Repr NormRatio: 1.0603 Val NormRatio: 1.0211
Epoch 54/100 | Steps: 559 | LR: 0.000052 | Train Loss: 0.053167 (P:0.0501, S:0.0439, Q:0.0009) | Val Loss: 0.294981 (P:0.2679, S:0.5288, Q:0.0006) | Repr L2μ: 3.1885 Val L2μ: 2.1093 | Repr Cosμ: 0.9241 Val Cosμ: 0.9708 | Pred→Target Cosμ: 0.9732 Val Cosμ: 0.9116 | Repr NormRatio: 1.0675 Val NormRatio: 1.0120
Epoch 55/100 | Steps: 559 | LR: 0.000051 | Train Loss: 0.047944 (P:0.0449, S:0.0454, Q:0.0008) | Val Loss: 0.450048 (P:0.4348, S:0.2982, Q:0.0003) | Repr L2μ: 3.8478 Val L2μ: 3.2376 | Repr Cosμ: 0.8939 Val Cosμ: 0.9293 | Pred→Target Cosμ: 0.9765 Val Cosμ: 0.9365 | Repr NormRatio: 1.0627 Val NormRatio: 1.0246
Epoch 56/100 | Steps: 559 | LR: 0.000049 | Train Loss: 0.050873 (P:0.0477, S:0.0458, Q:0.0009) | Val Loss: 0.526708 (P:0.5036, S:0.4323, Q:0.0015) | Repr L2μ: 3.4997 Val L2μ: 1.0065 | Repr Cosμ: 0.8996 Val Cosμ: 0.9941 | Pred→Target Cosμ: 0.9750 Val Cosμ: 0.9327 | Repr NormRatio: 1.0981 Val NormRatio: 1.0030
Epoch 57/100 | Steps: 559 | LR: 0.000047 | Train Loss: 0.046383 (P:0.0434, S:0.0432, Q:0.0008) | Val Loss: 0.341488 (P:0.3175, S:0.4486, Q:0.0016) | Repr L2μ: 3.4286 Val L2μ: 2.9656 | Repr Cosμ: 0.9232 Val Cosμ: 0.9364 | Pred→Target Cosμ: 0.9766 Val Cosμ: 0.8653 | Repr NormRatio: 1.0652 Val NormRatio: 1.1272
Epoch 58/100 | Steps: 559 | LR: 0.000045 | Train Loss: 0.047405 (P:0.0446, S:0.0430, Q:0.0007) | Val Loss: 0.271981 (P:0.2472, S:0.4792, Q:0.0008) | Repr L2μ: 3.1741 Val L2μ: 1.4774 | Repr Cosμ: 0.9216 Val Cosμ: 0.9867 | Pred→Target Cosμ: 0.9758 Val Cosμ: 0.8837 | Repr NormRatio: 1.0833 Val NormRatio: 1.0149
   -> Saved improved checkpoint: val_loss=0.271981 at epoch 58
Epoch 59/100 | Steps: 559 | LR: 0.000044 | Train Loss: 0.042405 (P:0.0396, S:0.0434, Q:0.0006) | Val Loss: 0.403816 (P:0.3861, S:0.3463, Q:0.0004) | Repr L2μ: 3.5433 Val L2μ: 3.4203 | Repr Cosμ: 0.9115 Val Cosμ: 0.9143 | Pred→Target Cosμ: 0.9770 Val Cosμ: 0.8912 | Repr NormRatio: 1.0798 Val NormRatio: 1.0822
Epoch 60/100 | Steps: 559 | LR: 0.000042 | Train Loss: 0.046964 (P:0.0442, S:0.0423, Q:0.0006) | Val Loss: 0.364937 (P:0.3498, S:0.2942, Q:0.0004) | Repr L2μ: 3.1943 Val L2μ: 1.6299 | Repr Cosμ: 0.9186 Val Cosμ: 0.9844 | Pred→Target Cosμ: 0.9763 Val Cosμ: 0.9177 | Repr NormRatio: 1.0887 Val NormRatio: 1.0081
Epoch 61/100 | Steps: 559 | LR: 0.000040 | Train Loss: 0.044441 (P:0.0418, S:0.0416, Q:0.0006) | Val Loss: 0.436194 (P:0.4205, S:0.3069, Q:0.0004) | Repr L2μ: 3.0153 Val L2μ: 1.3631 | Repr Cosμ: 0.9329 Val Cosμ: 0.9891 | Pred→Target Cosμ: 0.9766 Val Cosμ: 0.9064 | Repr NormRatio: 1.0780 Val NormRatio: 1.0065
Epoch 62/100 | Steps: 559 | LR: 0.000039 | Train Loss: 0.049209 (P:0.0462, S:0.0440, Q:0.0008) | Val Loss: 0.454526 (P:0.4363, S:0.3493, Q:0.0008) | Repr L2μ: 3.2879 Val L2μ: 0.9314 | Repr Cosμ: 0.9131 Val Cosμ: 0.9946 | Pred→Target Cosμ: 0.9751 Val Cosμ: 0.8729 | Repr NormRatio: 1.1012 Val NormRatio: 1.0054
Epoch 63/100 | Steps: 559 | LR: 0.000037 | Train Loss: 0.043567 (P:0.0407, S:0.0449, Q:0.0006) | Val Loss: 0.402700 (P:0.3878, S:0.2896, Q:0.0004) | Repr L2μ: 4.0211 Val L2μ: 3.3579 | Repr Cosμ: 0.8750 Val Cosμ: 0.8976 | Pred→Target Cosμ: 0.9771 Val Cosμ: 0.9151 | Repr NormRatio: 1.1168 Val NormRatio: 1.1002
Epoch 64/100 | Steps: 559 | LR: 0.000035 | Train Loss: 0.049982 (P:0.0469, S:0.0455, Q:0.0008) | Val Loss: 0.552488 (P:0.5331, S:0.3736, Q:0.0008) | Repr L2μ: 3.3782 Val L2μ: 0.9711 | Repr Cosμ: 0.9124 Val Cosμ: 0.9942 | Pred→Target Cosμ: 0.9763 Val Cosμ: 0.8591 | Repr NormRatio: 1.1084 Val NormRatio: 1.0081
Epoch 65/100 | Steps: 559 | LR: 0.000034 | Train Loss: 0.047388 (P:0.0444, S:0.0480, Q:0.0006) | Val Loss: 0.291834 (P:0.2748, S:0.3272, Q:0.0006) | Repr L2μ: 3.9877 Val L2μ: 1.9572 | Repr Cosμ: 0.8660 Val Cosμ: 0.9762 | Pred→Target Cosμ: 0.9778 Val Cosμ: 0.9025 | Repr NormRatio: 1.1270 Val NormRatio: 1.0241
Epoch 66/100 | Steps: 559 | LR: 0.000032 | Train Loss: 0.058381 (P:0.0555, S:0.0449, Q:0.0006) | Val Loss: 0.417047 (P:0.3984, S:0.3670, Q:0.0003) | Repr L2μ: 3.2318 Val L2μ: 0.9933 | Repr Cosμ: 0.8967 Val Cosμ: 0.9940 | Pred→Target Cosμ: 0.9765 Val Cosμ: 0.8719 | Repr NormRatio: 1.1752 Val NormRatio: 1.0060
Epoch 67/100 | Steps: 559 | LR: 0.000030 | Train Loss: 0.044477 (P:0.0418, S:0.0442, Q:0.0005) | Val Loss: 0.412688 (P:0.3933, S:0.3728, Q:0.0008) | Repr L2μ: 3.9203 Val L2μ: 3.1057 | Repr Cosμ: 0.8711 Val Cosμ: 0.9261 | Pred→Target Cosμ: 0.9785 Val Cosμ: 0.8666 | Repr NormRatio: 1.1622 Val NormRatio: 1.2648
Epoch 68/100 | Steps: 559 | LR: 0.000029 | Train Loss: 0.045595 (P:0.0428, S:0.0445, Q:0.0006) | Val Loss: 0.349028 (P:0.3337, S:0.2966, Q:0.0005) | Repr L2μ: 3.8183 Val L2μ: 1.5530 | Repr Cosμ: 0.8797 Val Cosμ: 0.9854 | Pred→Target Cosμ: 0.9786 Val Cosμ: 0.9286 | Repr NormRatio: 1.1638 Val NormRatio: 1.0070
Epoch 69/100 | Steps: 559 | LR: 0.000027 | Train Loss: 0.044078 (P:0.0414, S:0.0435, Q:0.0005) | Val Loss: 0.327016 (P:0.3103, S:0.3234, Q:0.0005) | Repr L2μ: 3.8611 Val L2μ: 1.6698 | Repr Cosμ: 0.8839 Val Cosμ: 0.9826 | Pred→Target Cosμ: 0.9779 Val Cosμ: 0.9126 | Repr NormRatio: 1.1718 Val NormRatio: 1.0154
Epoch 70/100 | Steps: 559 | LR: 0.000026 | Train Loss: 0.051838 (P:0.0491, S:0.0452, Q:0.0005) | Val Loss: 0.458195 (P:0.4375, S:0.4048, Q:0.0005) | Repr L2μ: 3.8180 Val L2μ: 1.3192 | Repr Cosμ: 0.8846 Val Cosμ: 0.9883 | Pred→Target Cosμ: 0.9767 Val Cosμ: 0.8498 | Repr NormRatio: 1.2318 Val NormRatio: 1.0108
Epoch 71/100 | Steps: 559 | LR: 0.000024 | Train Loss: 0.053583 (P:0.0508, S:0.0449, Q:0.0005) | Val Loss: 0.585371 (P:0.5677, S:0.3462, Q:0.0003) | Repr L2μ: 3.3672 Val L2μ: 2.0763 | Repr Cosμ: 0.9065 Val Cosμ: 0.9632 | Pred→Target Cosμ: 0.9772 Val Cosμ: 0.8810 | Repr NormRatio: 1.2381 Val NormRatio: 1.2041
Epoch 72/100 | Steps: 559 | LR: 0.000023 | Train Loss: 0.055139 (P:0.0525, S:0.0453, Q:0.0004) | Val Loss: 0.638862 (P:0.6221, S:0.3283, Q:0.0003) | Repr L2μ: 3.1373 Val L2μ: 1.8018 | Repr Cosμ: 0.9131 Val Cosμ: 0.9728 | Pred→Target Cosμ: 0.9794 Val Cosμ: 0.8875 | Repr NormRatio: 1.2797 Val NormRatio: 1.1925
Epoch 73/100 | Steps: 559 | LR: 0.000021 | Train Loss: 0.084273 (P:0.0817, S:0.0444, Q:0.0003) | Val Loss: 0.445570 (P:0.4280, S:0.3459, Q:0.0003) | Repr L2μ: 2.6161 Val L2μ: 1.3297 | Repr Cosμ: 0.9390 Val Cosμ: 0.9864 | Pred→Target Cosμ: 0.9804 Val Cosμ: 0.8756 | Repr NormRatio: 1.5736 Val NormRatio: 1.0684
Epoch 74/100 | Steps: 559 | LR: 0.000020 | Train Loss: 0.098070 (P:0.0955, S:0.0451, Q:0.0004) | Val Loss: 0.433657 (P:0.4151, S:0.3655, Q:0.0003) | Repr L2μ: 2.1099 Val L2μ: 0.7428 | Repr Cosμ: 0.9597 Val Cosμ: 0.9967 | Pred→Target Cosμ: 0.9786 Val Cosμ: 0.9237 | Repr NormRatio: 1.5679 Val NormRatio: 1.0026
Epoch 75/100 | Steps: 559 | LR: 0.000019 | Train Loss: 0.102354 (P:0.0998, S:0.0452, Q:0.0003) | Val Loss: 0.510393 (P:0.4914, S:0.3730, Q:0.0003) | Repr L2μ: 2.4510 Val L2μ: 2.1212 | Repr Cosμ: 0.9483 Val Cosμ: 0.9578 | Pred→Target Cosμ: 0.9805 Val Cosμ: 0.8205 | Repr NormRatio: 2.0326 Val NormRatio: 2.1800
Epoch 76/100 | Steps: 559 | LR: 0.000017 | Train Loss: 0.113602 (P:0.1111, S:0.0434, Q:0.0003) | Val Loss: 0.706887 (P:0.6873, S:0.3863, Q:0.0003) | Repr L2μ: 2.3619 Val L2μ: 1.4881 | Repr Cosμ: 0.9515 Val Cosμ: 0.9786 | Pred→Target Cosμ: 0.9814 Val Cosμ: 0.8147 | Repr NormRatio: 2.2855 Val NormRatio: 1.4215
Epoch 77/100 | Steps: 559 | LR: 0.000016 | Train Loss: 0.121003 (P:0.1186, S:0.0417, Q:0.0003) | Val Loss: 0.930791 (P:0.9121, S:0.3679, Q:0.0003) | Repr L2μ: 2.2204 Val L2μ: 1.8745 | Repr Cosμ: 0.9611 Val Cosμ: 0.9695 | Pred→Target Cosμ: 0.9822 Val Cosμ: 0.8187 | Repr NormRatio: 2.1968 Val NormRatio: 2.0201
Epoch 78/100 | Steps: 559 | LR: 0.000015 | Train Loss: 0.124083 (P:0.1217, S:0.0414, Q:0.0003) | Val Loss: 0.534262 (P:0.5131, S:0.4179, Q:0.0003) | Repr L2μ: 2.0709 Val L2μ: 1.3153 | Repr Cosμ: 0.9671 Val Cosμ: 0.9818 | Pred→Target Cosμ: 0.9819 Val Cosμ: 0.8150 | Repr NormRatio: 2.0929 Val NormRatio: 1.2394
Epoch 79/100 | Steps: 559 | LR: 0.000014 | Train Loss: 0.116028 (P:0.1137, S:0.0411, Q:0.0003) | Val Loss: 0.473406 (P:0.4539, S:0.3810, Q:0.0005) | Repr L2μ: 1.9116 Val L2μ: 1.1425 | Repr Cosμ: 0.9709 Val Cosμ: 0.9868 | Pred→Target Cosμ: 0.9822 Val Cosμ: 0.8113 | Repr NormRatio: 2.0635 Val NormRatio: 1.1231
Epoch 80/100 | Steps: 559 | LR: 0.000013 | Train Loss: 0.114100 (P:0.1117, S:0.0415, Q:0.0003) | Val Loss: 0.452027 (P:0.4314, S:0.4054, Q:0.0004) | Repr L2μ: 2.0834 Val L2μ: 0.8990 | Repr Cosμ: 0.9653 Val Cosμ: 0.9929 | Pred→Target Cosμ: 0.9819 Val Cosμ: 0.8231 | Repr NormRatio: 2.3403 Val NormRatio: 1.0736
Epoch 81/100 | Steps: 559 | LR: 0.000011 | Train Loss: 0.110320 (P:0.1080, S:0.0401, Q:0.0003) | Val Loss: 0.580630 (P:0.5614, S:0.3783, Q:0.0004) | Repr L2μ: 2.1467 Val L2μ: 1.8945 | Repr Cosμ: 0.9659 Val Cosμ: 0.9669 | Pred→Target Cosμ: 0.9828 Val Cosμ: 0.8054 | Repr NormRatio: 2.3973 Val NormRatio: 2.1237
Epoch 82/100 | Steps: 559 | LR: 0.000010 | Train Loss: 0.110145 (P:0.1078, S:0.0405, Q:0.0003) | Val Loss: 0.447744 (P:0.4272, S:0.4065, Q:0.0003) | Repr L2μ: 2.1581 Val L2μ: 0.9094 | Repr Cosμ: 0.9588 Val Cosμ: 0.9920 | Pred→Target Cosμ: 0.9824 Val Cosμ: 0.8226 | Repr NormRatio: 2.3885 Val NormRatio: 1.0792
Epoch 83/100 | Steps: 559 | LR: 0.000009 | Train Loss: 0.120078 (P:0.1177, S:0.0407, Q:0.0003) | Val Loss: 0.707204 (P:0.6869, S:0.4005, Q:0.0002) | Repr L2μ: 2.0072 Val L2μ: 1.0921 | Repr Cosμ: 0.9664 Val Cosμ: 0.9870 | Pred→Target Cosμ: 0.9819 Val Cosμ: 0.8167 | Repr NormRatio: 2.3483 Val NormRatio: 1.1602
Epoch 84/100 | Steps: 559 | LR: 0.000009 | Train Loss: 0.121627 (P:0.1193, S:0.0402, Q:0.0003) | Val Loss: 0.693913 (P:0.6749, S:0.3733, Q:0.0003) | Repr L2μ: 1.9138 Val L2μ: 1.9267 | Repr Cosμ: 0.9705 Val Cosμ: 0.9641 | Pred→Target Cosμ: 0.9827 Val Cosμ: 0.8026 | Repr NormRatio: 2.2446 Val NormRatio: 2.1446
Epoch 85/100 | Steps: 559 | LR: 0.000008 | Train Loss: 0.117762 (P:0.1154, S:0.0402, Q:0.0003) | Val Loss: 1.627020 (P:1.6088, S:0.3586, Q:0.0003) | Repr L2μ: 1.9016 Val L2μ: 1.6959 | Repr Cosμ: 0.9717 Val Cosμ: 0.9694 | Pred→Target Cosμ: 0.9825 Val Cosμ: 0.8237 | Repr NormRatio: 2.3530 Val NormRatio: 1.7681
Epoch 86/100 | Steps: 559 | LR: 0.000007 | Train Loss: 0.116144 (P:0.1139, S:0.0404, Q:0.0003) | Val Loss: 0.267455 (P:0.2462, S:0.4201, Q:0.0002) | Repr L2μ: 1.8931 Val L2μ: 0.5364 | Repr Cosμ: 0.9711 Val Cosμ: 0.9982 | Pred→Target Cosμ: 0.9825 Val Cosμ: 0.8273 | Repr NormRatio: 2.2812 Val NormRatio: 1.0030
   -> Saved improved checkpoint: val_loss=0.267455 at epoch 86
Epoch 87/100 | Steps: 559 | LR: 0.000006 | Train Loss: 0.114724 (P:0.1124, S:0.0403, Q:0.0003) | Val Loss: 0.284237 (P:0.2632, S:0.4166, Q:0.0002) | Repr L2μ: 1.9179 Val L2μ: 0.8115 | Repr Cosμ: 0.9717 Val Cosμ: 0.9943 | Pred→Target Cosμ: 0.9821 Val Cosμ: 0.7823 | Repr NormRatio: 2.2367 Val NormRatio: 1.0439
Epoch 88/100 | Steps: 559 | LR: 0.000005 | Train Loss: 0.123009 (P:0.1208, S:0.0396, Q:0.0003) | Val Loss: 0.835188 (P:0.8154, S:0.3899, Q:0.0003) | Repr L2μ: 1.8668 Val L2μ: 1.7777 | Repr Cosμ: 0.9737 Val Cosμ: 0.9708 | Pred→Target Cosμ: 0.9834 Val Cosμ: 0.8061 | Repr NormRatio: 2.3506 Val NormRatio: 2.0255
Epoch 89/100 | Steps: 559 | LR: 0.000005 | Train Loss: 0.099296 (P:0.0971, S:0.0387, Q:0.0003) | Val Loss: 0.811313 (P:0.7916, S:0.3895, Q:0.0003) | Repr L2μ: 2.2173 Val L2μ: 1.5836 | Repr Cosμ: 0.9617 Val Cosμ: 0.9701 | Pred→Target Cosμ: 0.9832 Val Cosμ: 0.7801 | Repr NormRatio: 2.4628 Val NormRatio: 1.5932
Epoch 90/100 | Steps: 559 | LR: 0.000004 | Train Loss: 0.109785 (P:0.1075, S:0.0409, Q:0.0003) | Val Loss: 1.100585 (P:1.0807, S:0.3920, Q:0.0002) | Repr L2μ: 1.9186 Val L2μ: 1.4202 | Repr Cosμ: 0.9689 Val Cosμ: 0.9769 | Pred→Target Cosμ: 0.9824 Val Cosμ: 0.7968 | Repr NormRatio: 2.5027 Val NormRatio: 1.4715
Epoch 91/100 | Steps: 559 | LR: 0.000003 | Train Loss: 0.109078 (P:0.1068, S:0.0398, Q:0.0003) | Val Loss: 1.032249 (P:1.0119, S:0.4017, Q:0.0002) | Repr L2μ: 1.9732 Val L2μ: 1.4977 | Repr Cosμ: 0.9688 Val Cosμ: 0.9749 | Pred→Target Cosμ: 0.9830 Val Cosμ: 0.7982 | Repr NormRatio: 2.5822 Val NormRatio: 1.5912
Epoch 92/100 | Steps: 559 | LR: 0.000003 | Train Loss: 0.107866 (P:0.1056, S:0.0400, Q:0.0003) | Val Loss: 1.012851 (P:0.9930, S:0.3923, Q:0.0002) | Repr L2μ: 2.0000 Val L2μ: 1.1643 | Repr Cosμ: 0.9668 Val Cosμ: 0.9842 | Pred→Target Cosμ: 0.9831 Val Cosμ: 0.7995 | Repr NormRatio: 2.6105 Val NormRatio: 1.2353
Epoch 93/100 | Steps: 559 | LR: 0.000002 | Train Loss: 0.109964 (P:0.1077, S:0.0400, Q:0.0002) | Val Loss: 0.929936 (P:0.9103, S:0.3877, Q:0.0002) | Repr L2μ: 1.9633 Val L2μ: 1.0231 | Repr Cosμ: 0.9690 Val Cosμ: 0.9883 | Pred→Target Cosμ: 0.9834 Val Cosμ: 0.8135 | Repr NormRatio: 2.5518 Val NormRatio: 1.1383
Epoch 94/100 | Steps: 559 | LR: 0.000002 | Train Loss: 0.108310 (P:0.1061, S:0.0398, Q:0.0002) | Val Loss: 1.341270 (P:1.3216, S:0.3877, Q:0.0002) | Repr L2μ: 1.9233 Val L2μ: 1.2513 | Repr Cosμ: 0.9716 Val Cosμ: 0.9817 | Pred→Target Cosμ: 0.9835 Val Cosμ: 0.8043 | Repr NormRatio: 2.5391 Val NormRatio: 1.3085
Epoch 95/100 | Steps: 559 | LR: 0.000002 | Train Loss: 0.110124 (P:0.1079, S:0.0392, Q:0.0002) | Val Loss: 1.484429 (P:1.4655, S:0.3749, Q:0.0002) | Repr L2μ: 1.9395 Val L2μ: 1.1223 | Repr Cosμ: 0.9718 Val Cosμ: 0.9855 | Pred→Target Cosμ: 0.9834 Val Cosμ: 0.8227 | Repr NormRatio: 2.5518 Val NormRatio: 1.2076
Epoch 96/100 | Steps: 559 | LR: 0.000001 | Train Loss: 0.109614 (P:0.1074, S:0.0398, Q:0.0002) | Val Loss: 0.776806 (P:0.7568, S:0.3959, Q:0.0002) | Repr L2μ: 1.9409 Val L2μ: 1.0593 | Repr Cosμ: 0.9721 Val Cosμ: 0.9874 | Pred→Target Cosμ: 0.9832 Val Cosμ: 0.7952 | Repr NormRatio: 2.5116 Val NormRatio: 1.1736
Epoch 97/100 | Steps: 559 | LR: 0.000001 | Train Loss: 0.111808 (P:0.1096, S:0.0394, Q:0.0002) | Val Loss: 0.996344 (P:0.9767, S:0.3883, Q:0.0002) | Repr L2μ: 1.9201 Val L2μ: 1.0932 | Repr Cosμ: 0.9729 Val Cosμ: 0.9864 | Pred→Target Cosμ: 0.9833 Val Cosμ: 0.8048 | Repr NormRatio: 2.5227 Val NormRatio: 1.1972
Epoch 98/100 | Steps: 559 | LR: 0.000001 | Train Loss: 0.110956 (P:0.1087, S:0.0396, Q:0.0002) | Val Loss: 0.900641 (P:0.8807, S:0.3933, Q:0.0002) | Repr L2μ: 1.9470 Val L2μ: 1.1379 | Repr Cosμ: 0.9714 Val Cosμ: 0.9851 | Pred→Target Cosμ: 0.9834 Val Cosμ: 0.7929 | Repr NormRatio: 2.5648 Val NormRatio: 1.2306
Epoch 99/100 | Steps: 559 | LR: 0.000001 | Train Loss: 0.110906 (P:0.1087, S:0.0395, Q:0.0002) | Val Loss: 1.560479 (P:1.5416, S:0.3720, Q:0.0002) | Repr L2μ: 1.9273 Val L2μ: 1.2911 | Repr Cosμ: 0.9724 Val Cosμ: 0.9806 | Pred→Target Cosμ: 0.9834 Val Cosμ: 0.8171 | Repr NormRatio: 2.5391 Val NormRatio: 1.3604
Epoch 100/100 | Steps: 559 | LR: 0.000001 | Train Loss: 0.112833 (P:0.1106, S:0.0394, Q:0.0002) | Val Loss: 1.006342 (P:0.9865, S:0.3932, Q:0.0002) | Repr L2μ: 1.9378 Val L2μ: 1.3196 | Repr Cosμ: 0.9724 Val Cosμ: 0.9797 | Pred→Target Cosμ: 0.9836 Val Cosμ: 0.7927 | Repr NormRatio: 2.5605 Val NormRatio: 1.3902
Saved attention maps for 100 epoch snapshot(s) under ./runs/pretrain_electricity_laya_mixer_concat_stats/attention_maps
