nohup: ignoring input
🚀 Laya-TS Pretraining: electricity (laya + mixer_concat_text)
📊 data_path: ../Dataset/long_term_forecast/electricity/electricity.csv
📝 metadata: mode=text, fusion=concat_kv, relation=none
📝 log_dir: ./runs/pretrain_electricity_laya_mixer_concat_text
Text metadata preview | dataset=electricity | domain=electricity | channels=321
   - 0: In the electricity domain, this channel belongs to the electricity dataset and represents the feature 0.
   - 1: In the electricity domain, this channel belongs to the electricity dataset and represents the feature 1.
   - ... (319 more channel descriptions)
/data/pjh_workspace/ts-env/lib/python3.8/site-packages/torch/nn/modules/transformer.py:307: UserWarning: enable_nested_tensor is True, but self.use_nested_tensor is False because encoder_layer.norm_first was True
  warnings.warn(f"enable_nested_tensor is True, but self.use_nested_tensor is False because {why_not_sparsity_fast_path}")
📊 Dataset Statistics:
   - Sequence Length (T): 512
   - Train Samples: 17903, Steps: 559
   - Val Samples: 2119, Steps: 67
🔧 Encoder Hyperparameters:
   - d_model: 256
   - n_heads: 8
   - n_layers: 3
   - proj_dim: 128
   - predictor_depth: 2
   - predictor_heads: 4
   - patch_size: 16
   - metadata_fusion_mode: concat_kv
   - channel_mixer_relation_mode: none
   - encoder_variant: default
   - temporal_patchifier_mode: fixed
   - use_channel_relation_block: False
🧮 Parameter Counts:
   - Total Parameters: 4,437,248
   - Trainable Parameters: 4,437,248
⏱️ Schedule:
   - total_steps: 55900
   - warmup_steps: 5590
   - derived_epochs: 100
Epoch 1/100 | Steps: 559 | LR: 0.000010 | Train Loss: 1.832260 (P:0.8212, S:0.2222, Q:1.0000) | Val Loss: 2.255333 (P:1.2318, S:0.4710, Q:1.0000) | Repr L2μ: 0.8048 Val L2μ: 0.4283 | Repr Cosμ: 0.9983 Val Cosμ: 0.9996 | Pred→Target Cosμ: 0.4208 Val Cosμ: 0.2278 | Repr NormRatio: 1.0055 Val NormRatio: 1.0046 | Train Meta: MetaNormμ:5.6295 | Val Meta: MetaNormμ:5.6288
   -> Saved improved checkpoint: val_loss=2.255333 at epoch 1
Epoch 2/100 | Steps: 559 | LR: 0.000020 | Train Loss: 1.715031 (P:0.7095, S:0.1129, Q:0.9999) | Val Loss: 2.320269 (P:1.2973, S:0.4647, Q:0.9997) | Repr L2μ: 0.9149 Val L2μ: 0.4475 | Repr Cosμ: 0.9978 Val Cosμ: 0.9995 | Pred→Target Cosμ: 0.5414 Val Cosμ: 0.2535 | Repr NormRatio: 1.0068 Val NormRatio: 1.0051 | Train Meta: MetaNormμ:5.6269 | Val Meta: MetaNormμ:5.6249
Epoch 3/100 | Steps: 559 | LR: 0.000030 | Train Loss: 1.446928 (P:0.4685, S:0.0783, Q:0.9745) | Val Loss: 2.003946 (P:1.2094, S:0.4502, Q:0.7720) | Repr L2μ: 1.0129 Val L2μ: 0.9424 | Repr Cosμ: 0.9973 Val Cosμ: 0.9978 | Pred→Target Cosμ: 0.8455 Val Cosμ: 0.2737 | Repr NormRatio: 1.0097 Val NormRatio: 1.0210 | Train Meta: MetaNormμ:5.5965 | Val Meta: MetaNormμ:5.4719
   -> Saved improved checkpoint: val_loss=2.003946 at epoch 3
Epoch 4/100 | Steps: 559 | LR: 0.000040 | Train Loss: 0.953835 (P:0.3934, S:0.0646, Q:0.5572) | Val Loss: 1.759995 (P:1.2440, S:0.4547, Q:0.4932) | Repr L2μ: 1.8036 Val L2μ: 1.2177 | Repr Cosμ: 0.9921 Val Cosμ: 0.9964 | Pred→Target Cosμ: 0.8932 Val Cosμ: 0.2430 | Repr NormRatio: 1.0174 Val NormRatio: 1.0104 | Train Meta: MetaNormμ:5.5148 | Val Meta: MetaNormμ:5.5428
   -> Saved improved checkpoint: val_loss=1.759995 at epoch 4
Epoch 5/100 | Steps: 559 | LR: 0.000050 | Train Loss: 0.812275 (P:0.3299, S:0.0530, Q:0.4797) | Val Loss: 1.711795 (P:1.2144, S:0.4609, Q:0.4743) | Repr L2μ: 2.0675 Val L2μ: 1.3582 | Repr Cosμ: 0.9898 Val Cosμ: 0.9955 | Pred→Target Cosμ: 0.9192 Val Cosμ: 0.3015 | Repr NormRatio: 1.0137 Val NormRatio: 1.0085 | Train Meta: MetaNormμ:5.5547 | Val Meta: MetaNormμ:5.5618
   -> Saved improved checkpoint: val_loss=1.711795 at epoch 5
Epoch 6/100 | Steps: 559 | LR: 0.000060 | Train Loss: 0.754755 (P:0.2816, S:0.0463, Q:0.4709) | Val Loss: 1.620069 (P:1.1277, S:0.4597, Q:0.4694) | Repr L2μ: 2.3746 Val L2μ: 1.7391 | Repr Cosμ: 0.9867 Val Cosμ: 0.9926 | Pred→Target Cosμ: 0.9244 Val Cosμ: 0.3740 | Repr NormRatio: 1.0142 Val NormRatio: 1.0088 | Train Meta: MetaNormμ:5.5629 | Val Meta: MetaNormμ:5.5616
   -> Saved improved checkpoint: val_loss=1.620069 at epoch 6
Epoch 7/100 | Steps: 559 | LR: 0.000070 | Train Loss: 0.709123 (P:0.2395, S:0.0449, Q:0.4674) | Val Loss: 2.181726 (P:1.6908, S:0.5512, Q:0.4633) | Repr L2μ: 2.5527 Val L2μ: 1.4179 | Repr Cosμ: 0.9847 Val Cosμ: 0.9951 | Pred→Target Cosμ: 0.9053 Val Cosμ: 0.2523 | Repr NormRatio: 1.0159 Val NormRatio: 1.0069 | Train Meta: MetaNormμ:5.5558 | Val Meta: MetaNormμ:5.5357
Epoch 8/100 | Steps: 559 | LR: 0.000080 | Train Loss: 0.620258 (P:0.1887, S:0.0464, Q:0.4292) | Val Loss: 1.598777 (P:1.2046, S:0.6330, Q:0.3625) | Repr L2μ: 2.9415 Val L2μ: 3.3168 | Repr Cosμ: 0.9786 Val Cosμ: 0.9716 | Pred→Target Cosμ: 0.8957 Val Cosμ: 0.5505 | Repr NormRatio: 1.0205 Val NormRatio: 1.0213 | Train Meta: MetaNormμ:5.5115 | Val Meta: MetaNormμ:5.5236
   -> Saved improved checkpoint: val_loss=1.598777 at epoch 8
Epoch 9/100 | Steps: 559 | LR: 0.000090 | Train Loss: 0.465265 (P:0.1300, S:0.0520, Q:0.3326) | Val Loss: 1.870841 (P:1.5471, S:0.5356, Q:0.2969) | Repr L2μ: 5.0060 Val L2μ: 4.6198 | Repr Cosμ: 0.9398 Val Cosμ: 0.9421 | Pred→Target Cosμ: 0.9215 Val Cosμ: 0.5250 | Repr NormRatio: 1.0217 Val NormRatio: 1.0209 | Train Meta: MetaNormμ:5.5519 | Val Meta: MetaNormμ:5.5733
Epoch 10/100 | Steps: 559 | LR: 0.000100 | Train Loss: 0.379816 (P:0.0991, S:0.0441, Q:0.2785) | Val Loss: 1.403089 (P:1.1386, S:0.5074, Q:0.2391) | Repr L2μ: 5.2033 Val L2μ: 3.4302 | Repr Cosμ: 0.9373 Val Cosμ: 0.9699 | Pred→Target Cosμ: 0.9441 Val Cosμ: 0.7166 | Repr NormRatio: 1.0147 Val NormRatio: 1.0060 | Train Meta: MetaNormμ:5.5714 | Val Meta: MetaNormμ:5.5684
   -> Saved improved checkpoint: val_loss=1.403089 at epoch 10
Epoch 11/100 | Steps: 559 | LR: 0.000100 | Train Loss: 0.330412 (P:0.1211, S:0.0476, Q:0.2069) | Val Loss: 2.114535 (P:1.9059, S:0.7420, Q:0.1716) | Repr L2μ: 5.4543 Val L2μ: 1.6689 | Repr Cosμ: 0.9303 Val Cosμ: 0.9931 | Pred→Target Cosμ: 0.9323 Val Cosμ: 0.4563 | Repr NormRatio: 1.0139 Val NormRatio: 1.0052 | Train Meta: MetaNormμ:5.5308 | Val Meta: MetaNormμ:5.5184
Epoch 12/100 | Steps: 559 | LR: 0.000100 | Train Loss: 0.277376 (P:0.1216, S:0.0564, Q:0.1530) | Val Loss: 1.266798 (P:1.0896, S:0.6696, Q:0.1437) | Repr L2μ: 6.2873 Val L2μ: 4.2457 | Repr Cosμ: 0.9005 Val Cosμ: 0.9532 | Pred→Target Cosμ: 0.9437 Val Cosμ: 0.6242 | Repr NormRatio: 1.0183 Val NormRatio: 1.0108 | Train Meta: MetaNormμ:5.4612 | Val Meta: MetaNormμ:5.4315
   -> Saved improved checkpoint: val_loss=1.266798 at epoch 12
Epoch 13/100 | Steps: 559 | LR: 0.000100 | Train Loss: 0.258889 (P:0.1286, S:0.0650, Q:0.1270) | Val Loss: 2.381150 (P:2.2504, S:0.3279, Q:0.1144) | Repr L2μ: 7.1416 Val L2μ: 5.7828 | Repr Cosμ: 0.8686 Val Cosμ: 0.9048 | Pred→Target Cosμ: 0.9563 Val Cosμ: 0.6518 | Repr NormRatio: 1.0271 Val NormRatio: 1.0201 | Train Meta: MetaNormμ:5.3784 | Val Meta: MetaNormμ:5.3277
Epoch 14/100 | Steps: 559 | LR: 0.000100 | Train Loss: 0.283381 (P:0.1820, S:0.0760, Q:0.0976) | Val Loss: 1.428589 (P:1.3209, S:0.3254, Q:0.0914) | Repr L2μ: 6.2537 Val L2μ: 3.8401 | Repr Cosμ: 0.8920 Val Cosμ: 0.9599 | Pred→Target Cosμ: 0.9562 Val Cosμ: 0.6182 | Repr NormRatio: 1.0234 Val NormRatio: 1.0208 | Train Meta: MetaNormμ:5.2914 | Val Meta: MetaNormμ:5.2601
Epoch 15/100 | Steps: 559 | LR: 0.000099 | Train Loss: 0.241219 (P:0.1570, S:0.0692, Q:0.0808) | Val Loss: 1.407165 (P:1.3119, S:0.4721, Q:0.0717) | Repr L2μ: 5.7905 Val L2μ: 2.8701 | Repr Cosμ: 0.9111 Val Cosμ: 0.9776 | Pred→Target Cosμ: 0.9677 Val Cosμ: 0.6424 | Repr NormRatio: 1.0269 Val NormRatio: 1.0236 | Train Meta: MetaNormμ:5.2264 | Val Meta: MetaNormμ:5.1947
Epoch 16/100 | Steps: 559 | LR: 0.000099 | Train Loss: 0.302079 (P:0.2354, S:0.0652, Q:0.0634) | Val Loss: 1.420149 (P:1.3364, S:0.5930, Q:0.0541) | Repr L2μ: 4.5059 Val L2μ: 2.7101 | Repr Cosμ: 0.9453 Val Cosμ: 0.9798 | Pred→Target Cosμ: 0.9750 Val Cosμ: 0.5802 | Repr NormRatio: 1.0387 Val NormRatio: 1.0270 | Train Meta: MetaNormμ:5.1689 | Val Meta: MetaNormμ:5.1384
Epoch 17/100 | Steps: 559 | LR: 0.000099 | Train Loss: 0.224215 (P:0.1679, S:0.0599, Q:0.0533) | Val Loss: 1.445832 (P:1.3778, S:0.4572, Q:0.0451) | Repr L2μ: 4.3049 Val L2μ: 3.7039 | Repr Cosμ: 0.9513 Val Cosμ: 0.9587 | Pred→Target Cosμ: 0.9739 Val Cosμ: 0.6900 | Repr NormRatio: 1.0312 Val NormRatio: 1.0113 | Train Meta: MetaNormμ:5.0971 | Val Meta: MetaNormμ:5.0779
Epoch 18/100 | Steps: 559 | LR: 0.000098 | Train Loss: 0.236167 (P:0.1885, S:0.0648, Q:0.0444) | Val Loss: 1.436580 (P:1.3809, S:0.3806, Q:0.0366) | Repr L2μ: 4.6108 Val L2μ: 3.1964 | Repr Cosμ: 0.9423 Val Cosμ: 0.9700 | Pred→Target Cosμ: 0.9762 Val Cosμ: 0.5993 | Repr NormRatio: 1.0226 Val NormRatio: 1.0117 | Train Meta: MetaNormμ:5.0490 | Val Meta: MetaNormμ:5.0269
Epoch 19/100 | Steps: 559 | LR: 0.000098 | Train Loss: 0.146221 (P:0.1068, S:0.0589, Q:0.0365) | Val Loss: 1.647337 (P:1.5983, S:0.3678, Q:0.0307) | Repr L2μ: 3.6036 Val L2μ: 3.0166 | Repr Cosμ: 0.9642 Val Cosμ: 0.9745 | Pred→Target Cosμ: 0.9794 Val Cosμ: 0.6163 | Repr NormRatio: 1.0165 Val NormRatio: 1.0124 | Train Meta: MetaNormμ:4.9914 | Val Meta: MetaNormμ:4.9669
Epoch 20/100 | Steps: 559 | LR: 0.000097 | Train Loss: 0.199220 (P:0.1642, S:0.0655, Q:0.0317) | Val Loss: 1.840915 (P:1.7945, S:0.4111, Q:0.0259) | Repr L2μ: 3.4949 Val L2μ: 2.6165 | Repr Cosμ: 0.9677 Val Cosμ: 0.9799 | Pred→Target Cosμ: 0.9740 Val Cosμ: 0.6611 | Repr NormRatio: 1.0180 Val NormRatio: 1.0193 | Train Meta: MetaNormμ:4.9476 | Val Meta: MetaNormμ:4.9329
Epoch 21/100 | Steps: 559 | LR: 0.000096 | Train Loss: 0.184257 (P:0.1541, S:0.0656, Q:0.0268) | Val Loss: 1.311410 (P:1.2728, S:0.3220, Q:0.0226) | Repr L2μ: 4.1964 Val L2μ: 3.6193 | Repr Cosμ: 0.9531 Val Cosμ: 0.9657 | Pred→Target Cosμ: 0.9790 Val Cosμ: 0.5638 | Repr NormRatio: 1.0213 Val NormRatio: 1.0116 | Train Meta: MetaNormμ:4.9108 | Val Meta: MetaNormμ:4.9119
Epoch 22/100 | Steps: 559 | LR: 0.000096 | Train Loss: 0.157127 (P:0.1307, S:0.0660, Q:0.0231) | Val Loss: 1.309583 (P:1.2718, S:0.3767, Q:0.0190) | Repr L2μ: 4.1854 Val L2μ: 3.2828 | Repr Cosμ: 0.9547 Val Cosμ: 0.9707 | Pred→Target Cosμ: 0.9767 Val Cosμ: 0.6485 | Repr NormRatio: 1.0197 Val NormRatio: 1.0108 | Train Meta: MetaNormμ:4.8729 | Val Meta: MetaNormμ:4.8615
Epoch 23/100 | Steps: 559 | LR: 0.000095 | Train Loss: 0.149405 (P:0.1260, S:0.0689, Q:0.0200) | Val Loss: 1.033710 (P:1.0056, S:0.2266, Q:0.0168) | Repr L2μ: 4.7794 Val L2μ: 4.6982 | Repr Cosμ: 0.9357 Val Cosμ: 0.9373 | Pred→Target Cosμ: 0.9807 Val Cosμ: 0.7080 | Repr NormRatio: 1.0304 Val NormRatio: 1.0335 | Train Meta: MetaNormμ:4.8414 | Val Meta: MetaNormμ:4.8192
   -> Saved improved checkpoint: val_loss=1.033710 at epoch 23
Epoch 24/100 | Steps: 559 | LR: 0.000094 | Train Loss: 0.108362 (P:0.0871, S:0.0696, Q:0.0178) | Val Loss: 0.833469 (P:0.8063, S:0.2458, Q:0.0149) | Repr L2μ: 4.6681 Val L2μ: 4.0563 | Repr Cosμ: 0.9399 Val Cosμ: 0.9552 | Pred→Target Cosμ: 0.9803 Val Cosμ: 0.7171 | Repr NormRatio: 1.0241 Val NormRatio: 1.0107 | Train Meta: MetaNormμ:4.8138 | Val Meta: MetaNormμ:4.7922
   -> Saved improved checkpoint: val_loss=0.833469 at epoch 24
Epoch 25/100 | Steps: 559 | LR: 0.000093 | Train Loss: 0.071498 (P:0.0529, S:0.0603, Q:0.0156) | Val Loss: 1.014417 (P:0.9826, S:0.3771, Q:0.0130) | Repr L2μ: 4.0701 Val L2μ: 3.3514 | Repr Cosμ: 0.9560 Val Cosμ: 0.9691 | Pred→Target Cosμ: 0.9837 Val Cosμ: 0.5777 | Repr NormRatio: 1.0178 Val NormRatio: 1.0118 | Train Meta: MetaNormμ:4.7849 | Val Meta: MetaNormμ:4.7763
Epoch 26/100 | Steps: 559 | LR: 0.000092 | Train Loss: 0.062526 (P:0.0455, S:0.0592, Q:0.0140) | Val Loss: 0.802501 (P:0.7758, S:0.2980, Q:0.0118) | Repr L2μ: 5.7367 Val L2μ: 3.7942 | Repr Cosμ: 0.9088 Val Cosμ: 0.9591 | Pred→Target Cosμ: 0.9842 Val Cosμ: 0.7029 | Repr NormRatio: 1.0364 Val NormRatio: 1.0335 | Train Meta: MetaNormμ:4.7602 | Val Meta: MetaNormμ:4.7455
   -> Saved improved checkpoint: val_loss=0.802501 at epoch 26
Epoch 27/100 | Steps: 559 | LR: 0.000092 | Train Loss: 0.061548 (P:0.0459, S:0.0585, Q:0.0128) | Val Loss: 0.845847 (P:0.8203, S:0.3042, Q:0.0104) | Repr L2μ: 5.8307 Val L2μ: 5.2278 | Repr Cosμ: 0.9060 Val Cosμ: 0.9159 | Pred→Target Cosμ: 0.9844 Val Cosμ: 0.6884 | Repr NormRatio: 1.0351 Val NormRatio: 1.0268 | Train Meta: MetaNormμ:4.7346 | Val Meta: MetaNormμ:4.7049
Epoch 28/100 | Steps: 559 | LR: 0.000091 | Train Loss: 0.072279 (P:0.0574, S:0.0618, Q:0.0118) | Val Loss: 0.864552 (P:0.8433, S:0.2301, Q:0.0097) | Repr L2μ: 5.4197 Val L2μ: 3.7291 | Repr Cosμ: 0.9173 Val Cosμ: 0.9610 | Pred→Target Cosμ: 0.9835 Val Cosμ: 0.6479 | Repr NormRatio: 1.0371 Val NormRatio: 1.0140 | Train Meta: MetaNormμ:4.7068 | Val Meta: MetaNormμ:4.6888
Epoch 29/100 | Steps: 559 | LR: 0.000090 | Train Loss: 0.054586 (P:0.0411, S:0.0577, Q:0.0107) | Val Loss: 0.798783 (P:0.7757, S:0.2830, Q:0.0089) | Repr L2μ: 5.3491 Val L2μ: 4.4718 | Repr Cosμ: 0.9194 Val Cosμ: 0.9404 | Pred→Target Cosμ: 0.9860 Val Cosμ: 0.6551 | Repr NormRatio: 1.0853 Val NormRatio: 1.0407 | Train Meta: MetaNormμ:4.6826 | Val Meta: MetaNormμ:4.6721
   -> Saved improved checkpoint: val_loss=0.798783 at epoch 29
Epoch 30/100 | Steps: 559 | LR: 0.000088 | Train Loss: 0.064416 (P:0.0513, S:0.0608, Q:0.0100) | Val Loss: 1.008514 (P:0.9868, S:0.2614, Q:0.0086) | Repr L2μ: 6.1106 Val L2μ: 4.9601 | Repr Cosμ: 0.8916 Val Cosμ: 0.9245 | Pred→Target Cosμ: 0.9870 Val Cosμ: 0.6316 | Repr NormRatio: 1.0698 Val NormRatio: 1.0356 | Train Meta: MetaNormμ:4.6637 | Val Meta: MetaNormμ:4.6420
Epoch 31/100 | Steps: 559 | LR: 0.000087 | Train Loss: 0.051552 (P:0.0402, S:0.0502, Q:0.0089) | Val Loss: 0.963154 (P:0.9400, S:0.3077, Q:0.0078) | Repr L2μ: 6.6158 Val L2μ: 4.7948 | Repr Cosμ: 0.8777 Val Cosμ: 0.9311 | Pred→Target Cosμ: 0.9904 Val Cosμ: 0.6251 | Repr NormRatio: 1.0721 Val NormRatio: 1.0348 | Train Meta: MetaNormμ:4.6311 | Val Meta: MetaNormμ:4.6245
Epoch 32/100 | Steps: 559 | LR: 0.000086 | Train Loss: 0.043875 (P:0.0325, S:0.0527, Q:0.0087) | Val Loss: 0.805882 (P:0.7822, S:0.3282, Q:0.0072) | Repr L2μ: 4.6782 Val L2μ: 3.7098 | Repr Cosμ: 0.9404 Val Cosμ: 0.9582 | Pred→Target Cosμ: 0.9864 Val Cosμ: 0.6715 | Repr NormRatio: 1.0269 Val NormRatio: 1.0216 | Train Meta: MetaNormμ:4.6182 | Val Meta: MetaNormμ:4.6122
Epoch 33/100 | Steps: 559 | LR: 0.000085 | Train Loss: 0.038194 (P:0.0277, S:0.0524, Q:0.0078) | Val Loss: 0.774304 (P:0.7526, S:0.3005, Q:0.0066) | Repr L2μ: 4.7280 Val L2μ: 4.1287 | Repr Cosμ: 0.9393 Val Cosμ: 0.9521 | Pred→Target Cosμ: 0.9871 Val Cosμ: 0.6806 | Repr NormRatio: 1.0209 Val NormRatio: 1.0136 | Train Meta: MetaNormμ:4.5958 | Val Meta: MetaNormμ:4.5784
   -> Saved improved checkpoint: val_loss=0.774304 at epoch 33
Epoch 34/100 | Steps: 559 | LR: 0.000084 | Train Loss: 0.036580 (P:0.0267, S:0.0471, Q:0.0075) | Val Loss: 0.820694 (P:0.8000, S:0.2866, Q:0.0064) | Repr L2μ: 5.0862 Val L2μ: 3.8300 | Repr Cosμ: 0.9298 Val Cosμ: 0.9573 | Pred→Target Cosμ: 0.9874 Val Cosμ: 0.6909 | Repr NormRatio: 1.0240 Val NormRatio: 1.0172 | Train Meta: MetaNormμ:4.5818 | Val Meta: MetaNormμ:4.5723
Epoch 35/100 | Steps: 559 | LR: 0.000082 | Train Loss: 0.026734 (P:0.0180, S:0.0409, Q:0.0067) | Val Loss: 0.625550 (P:0.6066, S:0.2534, Q:0.0063) | Repr L2μ: 5.7618 Val L2μ: 4.6898 | Repr Cosμ: 0.9110 Val Cosμ: 0.9371 | Pred→Target Cosμ: 0.9908 Val Cosμ: 0.7451 | Repr NormRatio: 1.0317 Val NormRatio: 1.0196 | Train Meta: MetaNormμ:4.5561 | Val Meta: MetaNormμ:4.5431
   -> Saved improved checkpoint: val_loss=0.625550 at epoch 35
Epoch 36/100 | Steps: 559 | LR: 0.000081 | Train Loss: 0.025173 (P:0.0170, S:0.0401, Q:0.0062) | Val Loss: 0.675384 (P:0.6541, S:0.3189, Q:0.0054) | Repr L2μ: 5.9058 Val L2μ: 4.6658 | Repr Cosμ: 0.9063 Val Cosμ: 0.9371 | Pred→Target Cosμ: 0.9913 Val Cosμ: 0.7253 | Repr NormRatio: 1.0263 Val NormRatio: 1.0145 | Train Meta: MetaNormμ:4.5337 | Val Meta: MetaNormμ:4.5223
