nohup: ignoring input
🚀 Laya-TS Pretraining: electricity (laya + laya_ci_multiscale)
📊 data_path: ../Dataset/long_term_forecast/electricity/electricity.csv
📝 metadata: mode=none, fusion=none
📝 multiscale: mode=multiscale, sizes=4,8,16,32, base=16, temp=1.0
📝 log_dir: ./runs/pretrain_electricity_laya_ci_multiscale
📊 Dataset Statistics:
   - Sequence Length (T): 512
   - Train Samples: 17903, Steps: 559
   - Val Samples: 2119, Steps: 67
🔧 Encoder Hyperparameters:
   - d_model: 256
   - n_heads: 8
   - n_layers: 3
   - proj_dim: 128
   - predictor_depth: 2
   - predictor_heads: 4
   - patch_size: 16
   - model_id: laya_ci_multiscale
   - patchifier_mode: multiscale
   - multiscale_patch_sizes: (4, 8, 16, 32)
   - multiscale_base_patch: 16
   - multiscale_gate_temperature: 1.0
   - metadata_fusion_mode: none
   - channel_mixer_relation_mode: none
   - use_relation_adapter: False
   - encoder_variant: default
   - temporal_patchifier_mode: fixed
   - use_channel_relation_block: False
🧮 Parameter Counts:
   - Total Parameters: 4,496,644
   - Trainable Parameters: 4,496,644
⏱️ Schedule:
   - total_steps: 55900
   - warmup_steps: 5590
   - derived_epochs: 100
Epoch 1/100 | Steps: 559 | LR: 0.000010 | Train Loss: 0.739728 (P:0.7279, S:0.2370, Q:0.0000) | Val Loss: 0.525873 (P:0.5115, S:0.2873, Q:0.0000) | Repr L2μ: 5.2926 Val L2μ: 2.1486 | Repr Cosμ: 0.8778 Val Cosμ: 0.9825 | Pred→Target Cosμ: 0.5203 Val Cosμ: 0.7060 | Repr NormRatio: 1.2618 Val NormRatio: 1.0231 | Train Meta: p4μ:0.2790, p8μ:0.2545, p16μ:0.2386, p32μ:0.2279 | Val Meta: p4μ:0.3581, p8μ:0.2576, p16μ:0.1983, p32μ:0.1860
   -> Saved improved checkpoint: val_loss=0.525873 at epoch 1
Epoch 2/100 | Steps: 559 | LR: 0.000020 | Train Loss: 0.424678 (P:0.4191, S:0.1118, Q:0.0000) | Val Loss: 0.493839 (P:0.4839, S:0.1995, Q:0.0000) | Repr L2μ: 5.6377 Val L2μ: 2.1029 | Repr Cosμ: 0.8656 Val Cosμ: 0.9835 | Pred→Target Cosμ: 0.8141 Val Cosμ: 0.7061 | Repr NormRatio: 1.3062 Val NormRatio: 1.0213 | Train Meta: p4μ:0.3649, p8μ:0.2579, p16μ:0.1899, p32μ:0.1874 | Val Meta: p4μ:0.3982, p8μ:0.2408, p16μ:0.1698, p32μ:0.1912
   -> Saved improved checkpoint: val_loss=0.493839 at epoch 2
Epoch 3/100 | Steps: 559 | LR: 0.000030 | Train Loss: 0.340169 (P:0.3369, S:0.0644, Q:0.0000) | Val Loss: 0.524204 (P:0.5151, S:0.1819, Q:0.0000) | Repr L2μ: 5.4250 Val L2μ: 2.8411 | Repr Cosμ: 0.8799 Val Cosμ: 0.9686 | Pred→Target Cosμ: 0.8587 Val Cosμ: 0.6808 | Repr NormRatio: 1.2868 Val NormRatio: 1.0299 | Train Meta: p4μ:0.3825, p8μ:0.2302, p16μ:0.1780, p32μ:0.2093 | Val Meta: p4μ:0.3764, p8μ:0.2146, p16μ:0.1867, p32μ:0.2222
   -> Saved last checkpoint at epoch 3
Epoch 4/100 | Steps: 559 | LR: 0.000040 | Train Loss: 0.255645 (P:0.2533, S:0.0460, Q:0.0000) | Val Loss: 0.620077 (P:0.6106, S:0.1900, Q:0.0000) | Repr L2μ: 5.5679 Val L2μ: 4.1493 | Repr Cosμ: 0.8776 Val Cosμ: 0.9295 | Pred→Target Cosμ: 0.9033 Val Cosμ: 0.6468 | Repr NormRatio: 1.2076 Val NormRatio: 1.0516 | Train Meta: p4μ:0.3532, p8μ:0.2189, p16μ:0.1932, p32μ:0.2347 | Val Meta: p4μ:0.3472, p8μ:0.2128, p16μ:0.1984, p32μ:0.2416
   -> Saved last checkpoint at epoch 4
Epoch 5/100 | Steps: 559 | LR: 0.000050 | Train Loss: 0.212116 (P:0.2103, S:0.0366, Q:0.0000) | Val Loss: 0.716245 (P:0.7057, S:0.2100, Q:0.0000) | Repr L2μ: 6.1971 Val L2μ: 5.2232 | Repr Cosμ: 0.8473 Val Cosμ: 0.8821 | Pred→Target Cosμ: 0.9199 Val Cosμ: 0.6101 | Repr NormRatio: 1.1727 Val NormRatio: 1.0600 | Train Meta: p4μ:0.3312, p8μ:0.2155, p16μ:0.2014, p32μ:0.2519 | Val Meta: p4μ:0.3261, p8μ:0.2082, p16μ:0.2070, p32μ:0.2587
   -> Saved last checkpoint at epoch 5
Epoch 6/100 | Steps: 559 | LR: 0.000060 | Train Loss: 0.184070 (P:0.1825, S:0.0309, Q:0.0000) | Val Loss: 0.787315 (P:0.7772, S:0.2032, Q:0.0000) | Repr L2μ: 6.7814 Val L2μ: 6.3339 | Repr Cosμ: 0.7989 Val Cosμ: 0.8075 | Pred→Target Cosμ: 0.9255 Val Cosμ: 0.6278 | Repr NormRatio: 1.1499 Val NormRatio: 1.0956 | Train Meta: p4μ:0.3107, p8μ:0.2087, p16μ:0.2087, p32μ:0.2719 | Val Meta: p4μ:0.2998, p8μ:0.1988, p16μ:0.2133, p32μ:0.2880
   -> Saved last checkpoint at epoch 6
Epoch 7/100 | Steps: 559 | LR: 0.000070 | Train Loss: 0.157985 (P:0.1566, S:0.0267, Q:0.0000) | Val Loss: 0.992748 (P:0.9815, S:0.2248, Q:0.0000) | Repr L2μ: 6.9640 Val L2μ: 6.8945 | Repr Cosμ: 0.7530 Val Cosμ: 0.7296 | Pred→Target Cosμ: 0.9259 Val Cosμ: 0.5719 | Repr NormRatio: 1.1692 Val NormRatio: 1.1434 | Train Meta: p4μ:0.2805, p8μ:0.1950, p16μ:0.2105, p32μ:0.3140 | Val Meta: p4μ:0.2657, p8μ:0.1882, p16μ:0.2131, p32μ:0.3329
   -> Saved last checkpoint at epoch 7
Epoch 8/100 | Steps: 559 | LR: 0.000080 | Train Loss: 0.124277 (P:0.1229, S:0.0284, Q:0.0000) | Val Loss: 0.768383 (P:0.7584, S:0.1989, Q:0.0000) | Repr L2μ: 7.1889 Val L2μ: 6.9132 | Repr Cosμ: 0.7144 Val Cosμ: 0.7194 | Pred→Target Cosμ: 0.9281 Val Cosμ: 0.6061 | Repr NormRatio: 1.1865 Val NormRatio: 1.1372 | Train Meta: p4μ:0.2453, p8μ:0.1813, p16μ:0.2172, p32μ:0.3561 | Val Meta: p4μ:0.2400, p8μ:0.1608, p16μ:0.2140, p32μ:0.3852
   -> Saved last checkpoint at epoch 8
Epoch 9/100 | Steps: 559 | LR: 0.000090 | Train Loss: 0.115303 (P:0.1139, S:0.0284, Q:0.0000) | Val Loss: 1.032530 (P:1.0230, S:0.1896, Q:0.0000) | Repr L2μ: 6.6175 Val L2μ: 6.5046 | Repr Cosμ: 0.7678 Val Cosμ: 0.7161 | Pred→Target Cosμ: 0.9300 Val Cosμ: 0.5692 | Repr NormRatio: 1.2382 Val NormRatio: 1.2605 | Train Meta: p4μ:0.2245, p8μ:0.1625, p16μ:0.2168, p32μ:0.3963 | Val Meta: p4μ:0.2246, p8μ:0.1418, p16μ:0.2152, p32μ:0.4184
   -> Saved last checkpoint at epoch 9
Epoch 10/100 | Steps: 559 | LR: 0.000100 | Train Loss: 0.152539 (P:0.1508, S:0.0355, Q:0.0000) | Val Loss: 0.972117 (P:0.9674, S:0.0938, Q:0.0000) | Repr L2μ: 6.2740 Val L2μ: 5.9942 | Repr Cosμ: 0.8223 Val Cosμ: 0.8423 | Pred→Target Cosμ: 0.9268 Val Cosμ: 0.6434 | Repr NormRatio: 1.2999 Val NormRatio: 1.1526 | Train Meta: p4μ:0.2244, p8μ:0.1524, p16μ:0.2121, p32μ:0.4111 | Val Meta: p4μ:0.2495, p8μ:0.1535, p16μ:0.2036, p32μ:0.3934
   -> Saved last checkpoint at epoch 10
Epoch 11/100 | Steps: 559 | LR: 0.000100 | Train Loss: 0.241336 (P:0.2388, S:0.0506, Q:0.0000) | Val Loss: 1.008511 (P:1.0002, S:0.1668, Q:0.0000) | Repr L2μ: 5.4217 Val L2μ: 4.6383 | Repr Cosμ: 0.8864 Val Cosμ: 0.9291 | Pred→Target Cosμ: 0.9308 Val Cosμ: 0.6752 | Repr NormRatio: 1.2026 Val NormRatio: 1.1221 | Train Meta: p4μ:0.2475, p8μ:0.1314, p16μ:0.2080, p32μ:0.4130 | Val Meta: p4μ:0.2479, p8μ:0.1114, p16μ:0.2412, p32μ:0.3996
   -> Saved last checkpoint at epoch 11
Epoch 12/100 | Steps: 559 | LR: 0.000100 | Train Loss: 0.620638 (P:0.6167, S:0.0789, Q:0.0000) | Val Loss: 3.340613 (P:3.3280, S:0.2517, Q:0.0000) | Repr L2μ: 3.3735 Val L2μ: 1.6454 | Repr Cosμ: 0.9642 Val Cosμ: 0.9921 | Pred→Target Cosμ: 0.8783 Val Cosμ: 0.5707 | Repr NormRatio: 1.0986 Val NormRatio: 1.0464 | Train Meta: p4μ:0.2490, p8μ:0.1312, p16μ:0.2484, p32μ:0.3714 | Val Meta: p4μ:0.2473, p8μ:0.1345, p16μ:0.2193, p32μ:0.3989
   -> Saved last checkpoint at epoch 12
Epoch 13/100 | Steps: 559 | LR: 0.000100 | Train Loss: 0.943227 (P:0.9393, S:0.0787, Q:0.0000) | Val Loss: 5.225551 (P:5.2011, S:0.4890, Q:0.0000) | Repr L2μ: 2.1677 Val L2μ: 2.4361 | Repr Cosμ: 0.9872 Val Cosμ: 0.9828 | Pred→Target Cosμ: 0.9095 Val Cosμ: 0.4443 | Repr NormRatio: 1.0954 Val NormRatio: 1.1111 | Train Meta: p4μ:0.2405, p8μ:0.1681, p16μ:0.1998, p32μ:0.3916 | Val Meta: p4μ:0.2679, p8μ:0.1435, p16μ:0.2385, p32μ:0.3501
   -> Saved last checkpoint at epoch 13
Epoch 14/100 | Steps: 559 | LR: 0.000100 | Train Loss: 0.778165 (P:0.7741, S:0.0822, Q:0.0000) | Val Loss: 4.230320 (P:4.2217, S:0.1717, Q:0.0000) | Repr L2μ: 1.9473 Val L2μ: 1.9514 | Repr Cosμ: 0.9890 Val Cosμ: 0.9888 | Pred→Target Cosμ: 0.9212 Val Cosμ: 0.5700 | Repr NormRatio: 1.0470 Val NormRatio: 1.0391 | Train Meta: p4μ:0.1742, p8μ:0.1447, p16μ:0.1634, p32μ:0.5178 | Val Meta: p4μ:0.1975, p8μ:0.1442, p16μ:0.1546, p32μ:0.5037
   -> Saved last checkpoint at epoch 14
