nohup: ignoring input
🚀 Laya-TS Pretraining: electricity (laya + mixer_concat_text_stats_joint)
📊 data_path: ../Dataset/long_term_forecast/electricity/electricity.csv
📝 metadata: mode=text_stats_joint, fusion=concat_kv, relation=none, stats_dim=384
📝 log_dir: ./runs/pretrain_electricity_laya_mixer_concat_text_stats_joint
Joint metadata preview | dataset=electricity | domain=electricity | channels=321
   - 0: In the electricity domain, this channel belongs to the electricity dataset and represents the feature 0. Channel statistics over the training split: mean value is -0.000, standard deviation is 1.000, minimum value is -1.018, maximum value is 4.540, median value is -0.531, and mean absolute value is 0.830.
/data/pjh_workspace/ts-env/lib/python3.8/site-packages/torch/nn/modules/transformer.py:307: UserWarning: enable_nested_tensor is True, but self.use_nested_tensor is False because encoder_layer.norm_first was True
  warnings.warn(f"enable_nested_tensor is True, but self.use_nested_tensor is False because {why_not_sparsity_fast_path}")
📊 Dataset Statistics:
   - Sequence Length (T): 512
   - Train Samples: 17903, Steps: 559
   - Val Samples: 2119, Steps: 67
🔧 Encoder Hyperparameters:
   - d_model: 256
   - n_heads: 8
   - n_layers: 3
   - proj_dim: 128
   - predictor_depth: 2
   - predictor_heads: 4
   - patch_size: 16
   - metadata_fusion_mode: concat_kv
   - channel_mixer_relation_mode: none
   - encoder_variant: default
   - temporal_patchifier_mode: fixed
   - use_channel_relation_block: False
🧮 Parameter Counts:
   - Total Parameters: 4,437,248
   - Trainable Parameters: 4,437,248
⏱️ Schedule:
   - total_steps: 55900
   - warmup_steps: 5590
   - derived_epochs: 100
Epoch 1/100 | Steps: 559 | LR: 0.000010 | Train Loss: 1.841417 (P:0.8306, S:0.2163, Q:1.0000) | Val Loss: 2.114542 (P:1.0917, S:0.4565, Q:1.0000) | Repr L2μ: 0.8903 Val L2μ: 0.5059 | Repr Cosμ: 0.9980 Val Cosμ: 0.9994 | Pred→Target Cosμ: 0.4090 Val Cosμ: 0.3845 | Repr NormRatio: 1.0062 Val NormRatio: 1.0058 | Train Meta: MetaNormμ:5.6313 | Val Meta: MetaNormμ:5.6308
   -> Saved improved checkpoint: val_loss=2.114542 at epoch 1
Epoch 2/100 | Steps: 559 | LR: 0.000020 | Train Loss: 1.724413 (P:0.7192, S:0.1071, Q:0.9999) | Val Loss: 2.311569 (P:1.2886, S:0.4669, Q:0.9997) | Repr L2μ: 1.0619 Val L2μ: 0.5550 | Repr Cosμ: 0.9971 Val Cosμ: 0.9993 | Pred→Target Cosμ: 0.5292 Val Cosμ: 0.3252 | Repr NormRatio: 1.0084 Val NormRatio: 1.0069 | Train Meta: MetaNormμ:5.6294 | Val Meta: MetaNormμ:5.6281
   -> Saved last checkpoint at epoch 2
Epoch 3/100 | Steps: 559 | LR: 0.000030 | Train Loss: 1.459335 (P:0.4660, S:0.0760, Q:0.9895) | Val Loss: 2.190593 (P:1.2085, S:0.4557, Q:0.9593) | Repr L2μ: 1.0962 Val L2μ: 0.7059 | Repr Cosμ: 0.9970 Val Cosμ: 0.9988 | Pred→Target Cosμ: 0.8476 Val Cosμ: 0.3405 | Repr NormRatio: 1.0090 Val NormRatio: 1.0068 | Train Meta: MetaNormμ:5.6164 | Val Meta: MetaNormμ:5.5737
   -> Saved last checkpoint at epoch 3
Epoch 4/100 | Steps: 559 | LR: 0.000040 | Train Loss: 1.119495 (P:0.3867, S:0.0623, Q:0.7296) | Val Loss: 1.753629 (P:1.2052, S:0.4613, Q:0.5254) | Repr L2μ: 1.5994 Val L2μ: 0.9117 | Repr Cosμ: 0.9935 Val Cosμ: 0.9979 | Pred→Target Cosμ: 0.9034 Val Cosμ: 0.2937 | Repr NormRatio: 1.0104 Val NormRatio: 1.0086 | Train Meta: MetaNormμ:5.3771 | Val Meta: MetaNormμ:5.1701
   -> Saved improved checkpoint: val_loss=1.753629 at epoch 4
Epoch 5/100 | Steps: 559 | LR: 0.000050 | Train Loss: 0.843393 (P:0.3509, S:0.0545, Q:0.4897) | Val Loss: 1.499401 (P:1.0051, S:0.4728, Q:0.4707) | Repr L2μ: 2.0450 Val L2μ: 1.0713 | Repr Cosμ: 0.9897 Val Cosμ: 0.9969 | Pred→Target Cosμ: 0.8964 Val Cosμ: 0.4353 | Repr NormRatio: 1.0145 Val NormRatio: 1.0087 | Train Meta: MetaNormμ:4.9469 | Val Meta: MetaNormμ:4.4222
   -> Saved improved checkpoint: val_loss=1.499401 at epoch 5
Epoch 6/100 | Steps: 559 | LR: 0.000060 | Train Loss: 0.779155 (P:0.3112, S:0.0525, Q:0.4653) | Val Loss: 1.711150 (P:1.2340, S:0.5197, Q:0.4511) | Repr L2μ: 2.4766 Val L2μ: 1.4310 | Repr Cosμ: 0.9854 Val Cosμ: 0.9947 | Pred→Target Cosμ: 0.8707 Val Cosμ: 0.3809 | Repr NormRatio: 1.0163 Val NormRatio: 1.0186 | Train Meta: MetaNormμ:4.4816 | Val Meta: MetaNormμ:4.5757
   -> Saved last checkpoint at epoch 6
Epoch 7/100 | Steps: 559 | LR: 0.000070 | Train Loss: 0.653742 (P:0.2314, S:0.0504, Q:0.4198) | Val Loss: 1.336426 (P:0.9331, S:0.5624, Q:0.3752) | Repr L2μ: 2.8482 Val L2μ: 1.6257 | Repr Cosμ: 0.9802 Val Cosμ: 0.9932 | Pred→Target Cosμ: 0.8834 Val Cosμ: 0.5360 | Repr NormRatio: 1.0146 Val NormRatio: 1.0055 | Train Meta: MetaNormμ:4.7068 | Val Meta: MetaNormμ:4.8804
   -> Saved improved checkpoint: val_loss=1.336426 at epoch 7
Epoch 8/100 | Steps: 559 | LR: 0.000080 | Train Loss: 0.485919 (P:0.1546, S:0.0535, Q:0.3286) | Val Loss: 1.486439 (P:1.1601, S:0.4551, Q:0.3036) | Repr L2μ: 4.3179 Val L2μ: 5.7898 | Repr Cosμ: 0.9526 Val Cosμ: 0.8977 | Pred→Target Cosμ: 0.9119 Val Cosμ: 0.7663 | Repr NormRatio: 1.0251 Val NormRatio: 1.0435 | Train Meta: MetaNormμ:5.0615 | Val Meta: MetaNormμ:5.1705
   -> Saved last checkpoint at epoch 8
Epoch 9/100 | Steps: 559 | LR: 0.000090 | Train Loss: 0.406218 (P:0.1078, S:0.0501, Q:0.2960) | Val Loss: 1.400283 (P:1.0838, S:0.4918, Q:0.2918) | Repr L2μ: 4.5275 Val L2μ: 3.6061 | Repr Cosμ: 0.9511 Val Cosμ: 0.9667 | Pred→Target Cosμ: 0.9409 Val Cosμ: 0.6248 | Repr NormRatio: 1.0153 Val NormRatio: 1.0033 | Train Meta: MetaNormμ:5.1704 | Val Meta: MetaNormμ:5.1403
   -> Saved last checkpoint at epoch 9
Epoch 10/100 | Steps: 559 | LR: 0.000100 | Train Loss: 0.377573 (P:0.0879, S:0.0473, Q:0.2873) | Val Loss: 1.168908 (P:0.8685, S:0.3298, Q:0.2839) | Repr L2μ: 5.3449 Val L2μ: 4.4189 | Repr Cosμ: 0.9329 Val Cosμ: 0.9500 | Pred→Target Cosμ: 0.9541 Val Cosμ: 0.7335 | Repr NormRatio: 1.0148 Val NormRatio: 1.0074 | Train Meta: MetaNormμ:5.0774 | Val Meta: MetaNormμ:5.0636
   -> Saved improved checkpoint: val_loss=1.168908 at epoch 10
Epoch 11/100 | Steps: 559 | LR: 0.000100 | Train Loss: 0.364528 (P:0.0854, S:0.0510, Q:0.2766) | Val Loss: 0.878138 (P:0.5887, S:0.4015, Q:0.2694) | Repr L2μ: 6.4911 Val L2μ: 4.2613 | Repr Cosμ: 0.8974 Val Cosμ: 0.9515 | Pred→Target Cosμ: 0.9578 Val Cosμ: 0.7269 | Repr NormRatio: 1.0173 Val NormRatio: 1.0162 | Train Meta: MetaNormμ:4.9659 | Val Meta: MetaNormμ:4.9643
   -> Saved improved checkpoint: val_loss=0.878138 at epoch 11
Epoch 12/100 | Steps: 559 | LR: 0.000100 | Train Loss: 0.349663 (P:0.0900, S:0.0524, Q:0.2570) | Val Loss: 1.208257 (P:0.9505, S:0.2731, Q:0.2441) | Repr L2μ: 6.9508 Val L2μ: 8.8959 | Repr Cosμ: 0.8792 Val Cosμ: 0.7872 | Pred→Target Cosμ: 0.9601 Val Cosμ: 0.8395 | Repr NormRatio: 1.0232 Val NormRatio: 1.0171 | Train Meta: MetaNormμ:4.9800 | Val Meta: MetaNormμ:5.1080
   -> Saved last checkpoint at epoch 12
Epoch 13/100 | Steps: 559 | LR: 0.000100 | Train Loss: 0.371368 (P:0.1485, S:0.0706, Q:0.2193) | Val Loss: 0.838737 (P:0.6349, S:0.3215, Q:0.1878) | Repr L2μ: 5.3949 Val L2μ: 4.7328 | Repr Cosμ: 0.9203 Val Cosμ: 0.9389 | Pred→Target Cosμ: 0.9535 Val Cosμ: 0.6884 | Repr NormRatio: 1.0181 Val NormRatio: 1.0067 | Train Meta: MetaNormμ:5.1146 | Val Meta: MetaNormμ:5.0409
   -> Saved improved checkpoint: val_loss=0.838737 at epoch 13
Epoch 14/100 | Steps: 559 | LR: 0.000100 | Train Loss: 0.267087 (P:0.1129, S:0.0599, Q:0.1512) | Val Loss: 0.915727 (P:0.7669, S:0.3035, Q:0.1336) | Repr L2μ: 6.0972 Val L2μ: 4.4376 | Repr Cosμ: 0.9023 Val Cosμ: 0.9471 | Pred→Target Cosμ: 0.9714 Val Cosμ: 0.6488 | Repr NormRatio: 1.0200 Val NormRatio: 1.0099 | Train Meta: MetaNormμ:5.0373 | Val Meta: MetaNormμ:5.0162
   -> Saved last checkpoint at epoch 14
Epoch 15/100 | Steps: 559 | LR: 0.000099 | Train Loss: 0.208868 (P:0.0981, S:0.0637, Q:0.1076) | Val Loss: 1.070596 (P:0.9424, S:0.4420, Q:0.1061) | Repr L2μ: 5.7508 Val L2μ: 5.0124 | Repr Cosμ: 0.9147 Val Cosμ: 0.9345 | Pred→Target Cosμ: 0.9720 Val Cosμ: 0.5465 | Repr NormRatio: 1.0141 Val NormRatio: 1.0127 | Train Meta: MetaNormμ:5.0678 | Val Meta: MetaNormμ:5.1212
   -> Saved last checkpoint at epoch 15
Epoch 16/100 | Steps: 559 | LR: 0.000099 | Train Loss: 0.237866 (P:0.1455, S:0.0662, Q:0.0891) | Val Loss: 0.994697 (P:0.8927, S:0.3421, Q:0.0849) | Repr L2μ: 6.2853 Val L2μ: 4.4499 | Repr Cosμ: 0.8933 Val Cosμ: 0.9409 | Pred→Target Cosμ: 0.9686 Val Cosμ: 0.6957 | Repr NormRatio: 1.0268 Val NormRatio: 1.0232 | Train Meta: MetaNormμ:5.1264 | Val Meta: MetaNormμ:5.1243
   -> Saved last checkpoint at epoch 16
Epoch 17/100 | Steps: 559 | LR: 0.000099 | Train Loss: 0.227733 (P:0.1486, S:0.0709, Q:0.0756) | Val Loss: 0.957789 (P:0.8828, S:0.2615, Q:0.0619) | Repr L2μ: 4.5761 Val L2μ: 3.3738 | Repr Cosμ: 0.9374 Val Cosμ: 0.9705 | Pred→Target Cosμ: 0.9681 Val Cosμ: 0.6902 | Repr NormRatio: 1.0166 Val NormRatio: 1.0059 | Train Meta: MetaNormμ:5.2044 | Val Meta: MetaNormμ:5.1461
   -> Saved last checkpoint at epoch 17
Epoch 18/100 | Steps: 559 | LR: 0.000098 | Train Loss: 0.199175 (P:0.1387, S:0.0678, Q:0.0571) | Val Loss: 0.958350 (P:0.8915, S:0.2897, Q:0.0523) | Repr L2μ: 5.1587 Val L2μ: 4.4983 | Repr Cosμ: 0.9261 Val Cosμ: 0.9468 | Pred→Target Cosμ: 0.9687 Val Cosμ: 0.7013 | Repr NormRatio: 1.0390 Val NormRatio: 1.0159 | Train Meta: MetaNormμ:5.2367 | Val Meta: MetaNormμ:5.1758
   -> Saved last checkpoint at epoch 18
Epoch 19/100 | Steps: 559 | LR: 0.000098 | Train Loss: 0.167690 (P:0.1185, S:0.0584, Q:0.0463) | Val Loss: 1.082836 (P:1.0253, S:0.2597, Q:0.0445) | Repr L2μ: 6.2570 Val L2μ: 5.3664 | Repr Cosμ: 0.8964 Val Cosμ: 0.9174 | Pred→Target Cosμ: 0.9814 Val Cosμ: 0.6726 | Repr NormRatio: 1.0332 Val NormRatio: 1.0208 | Train Meta: MetaNormμ:5.1726 | Val Meta: MetaNormμ:5.1714
   -> Saved last checkpoint at epoch 19
Epoch 20/100 | Steps: 559 | LR: 0.000097 | Train Loss: 0.137728 (P:0.0980, S:0.0594, Q:0.0368) | Val Loss: 0.927832 (P:0.8812, S:0.2343, Q:0.0349) | Repr L2μ: 6.3823 Val L2μ: 5.2303 | Repr Cosμ: 0.8935 Val Cosμ: 0.9254 | Pred→Target Cosμ: 0.9822 Val Cosμ: 0.6714 | Repr NormRatio: 1.0318 Val NormRatio: 1.0152 | Train Meta: MetaNormμ:5.1737 | Val Meta: MetaNormμ:5.1697
   -> Saved last checkpoint at epoch 20
Epoch 21/100 | Steps: 559 | LR: 0.000096 | Train Loss: 0.110718 (P:0.0796, S:0.0628, Q:0.0280) | Val Loss: 0.997936 (P:0.9564, S:0.3006, Q:0.0265) | Repr L2μ: 5.9083 Val L2μ: 5.2252 | Repr Cosμ: 0.9037 Val Cosμ: 0.9188 | Pred→Target Cosμ: 0.9816 Val Cosμ: 0.6824 | Repr NormRatio: 1.0341 Val NormRatio: 1.0203 | Train Meta: MetaNormμ:5.1897 | Val Meta: MetaNormμ:5.1914
   -> Saved last checkpoint at epoch 21
Epoch 22/100 | Steps: 559 | LR: 0.000096 | Train Loss: 0.105145 (P:0.0807, S:0.0562, Q:0.0216) | Val Loss: 0.736205 (P:0.7037, S:0.2156, Q:0.0217) | Repr L2μ: 6.1503 Val L2μ: 5.0239 | Repr Cosμ: 0.8951 Val Cosμ: 0.9299 | Pred→Target Cosμ: 0.9845 Val Cosμ: 0.7311 | Repr NormRatio: 1.0401 Val NormRatio: 1.0205 | Train Meta: MetaNormμ:5.1969 | Val Meta: MetaNormμ:5.1782
   -> Saved improved checkpoint: val_loss=0.736205 at epoch 22
Epoch 23/100 | Steps: 559 | LR: 0.000095 | Train Loss: 0.101012 (P:0.0796, S:0.0664, Q:0.0181) | Val Loss: 0.976118 (P:0.9437, S:0.2892, Q:0.0180) | Repr L2μ: 6.4998 Val L2μ: 3.1837 | Repr Cosμ: 0.8738 Val Cosμ: 0.9715 | Pred→Target Cosμ: 0.9811 Val Cosμ: 0.7161 | Repr NormRatio: 1.0737 Val NormRatio: 1.0103 | Train Meta: MetaNormμ:5.2290 | Val Meta: MetaNormμ:5.2481
   -> Saved last checkpoint at epoch 23
Epoch 24/100 | Steps: 559 | LR: 0.000094 | Train Loss: 0.089219 (P:0.0713, S:0.0564, Q:0.0151) | Val Loss: 0.914339 (P:0.8808, S:0.3410, Q:0.0164) | Repr L2μ: 4.9820 Val L2μ: 3.4393 | Repr Cosμ: 0.9317 Val Cosμ: 0.9671 | Pred→Target Cosμ: 0.9843 Val Cosμ: 0.7247 | Repr NormRatio: 1.0372 Val NormRatio: 1.0135 | Train Meta: MetaNormμ:5.2367 | Val Meta: MetaNormμ:5.3691
   -> Saved last checkpoint at epoch 24
Epoch 25/100 | Steps: 559 | LR: 0.000093 | Train Loss: 0.114170 (P:0.0948, S:0.0740, Q:0.0157) | Val Loss: 0.766621 (P:0.7371, S:0.2915, Q:0.0150) | Repr L2μ: 5.0304 Val L2μ: 3.5202 | Repr Cosμ: 0.9288 Val Cosμ: 0.9665 | Pred→Target Cosμ: 0.9740 Val Cosμ: 0.6519 | Repr NormRatio: 1.0397 Val NormRatio: 1.0117 | Train Meta: MetaNormμ:5.3427 | Val Meta: MetaNormμ:5.3237
   -> Saved last checkpoint at epoch 25
Epoch 26/100 | Steps: 559 | LR: 0.000092 | Train Loss: 0.069402 (P:0.0541, S:0.0543, Q:0.0126) | Val Loss: 0.883617 (P:0.8573, S:0.2637, Q:0.0132) | Repr L2μ: 6.5106 Val L2μ: 6.4560 | Repr Cosμ: 0.8732 Val Cosμ: 0.8702 | Pred→Target Cosμ: 0.9858 Val Cosμ: 0.7219 | Repr NormRatio: 1.1519 Val NormRatio: 1.1285 | Train Meta: MetaNormμ:5.2971 | Val Meta: MetaNormμ:5.2800
   -> Saved last checkpoint at epoch 26
Epoch 27/100 | Steps: 559 | LR: 0.000092 | Train Loss: 0.107035 (P:0.0871, S:0.0684, Q:0.0165) | Val Loss: 0.876174 (P:0.8282, S:0.2699, Q:0.0345) | Repr L2μ: 5.8680 Val L2μ: 2.5911 | Repr Cosμ: 0.8885 Val Cosμ: 0.9809 | Pred→Target Cosμ: 0.9776 Val Cosμ: 0.7992 | Repr NormRatio: 1.1060 Val NormRatio: 1.0106 | Train Meta: MetaNormμ:5.4103 | Val Meta: MetaNormμ:5.5928
   -> Saved last checkpoint at epoch 27
Epoch 28/100 | Steps: 559 | LR: 0.000091 | Train Loss: 0.106033 (P:0.0875, S:0.0761, Q:0.0147) | Val Loss: 0.992717 (P:0.9669, S:0.2710, Q:0.0123) | Repr L2μ: 5.9140 Val L2μ: 5.9972 | Repr Cosμ: 0.8850 Val Cosμ: 0.8735 | Pred→Target Cosμ: 0.9763 Val Cosμ: 0.8095 | Repr NormRatio: 1.0878 Val NormRatio: 1.0844 | Train Meta: MetaNormμ:5.4367 | Val Meta: MetaNormμ:5.3624
   -> Saved last checkpoint at epoch 28
Epoch 29/100 | Steps: 559 | LR: 0.000090 | Train Loss: 0.084161 (P:0.0692, S:0.0584, Q:0.0120) | Val Loss: 1.039186 (P:1.0073, S:0.4053, Q:0.0116) | Repr L2μ: 5.8343 Val L2μ: 2.6655 | Repr Cosμ: 0.8846 Val Cosμ: 0.9795 | Pred→Target Cosμ: 0.9823 Val Cosμ: 0.7744 | Repr NormRatio: 1.0796 Val NormRatio: 1.0116 | Train Meta: MetaNormμ:5.3954 | Val Meta: MetaNormμ:5.3533
   -> Saved last checkpoint at epoch 29
Epoch 30/100 | Steps: 559 | LR: 0.000088 | Train Loss: 0.060246 (P:0.0465, S:0.0513, Q:0.0111) | Val Loss: 0.814871 (P:0.7902, S:0.2653, Q:0.0114) | Repr L2μ: 4.5080 Val L2μ: 5.1508 | Repr Cosμ: 0.9418 Val Cosμ: 0.9212 | Pred→Target Cosμ: 0.9847 Val Cosμ: 0.7553 | Repr NormRatio: 1.0366 Val NormRatio: 1.0353 | Train Meta: MetaNormμ:5.3558 | Val Meta: MetaNormμ:5.3512
   -> Saved last checkpoint at epoch 30
Epoch 31/100 | Steps: 559 | LR: 0.000087 | Train Loss: 0.059303 (P:0.0451, S:0.0542, Q:0.0115) | Val Loss: 0.915991 (P:0.8855, S:0.3722, Q:0.0119) | Repr L2μ: 6.3172 Val L2μ: 4.6674 | Repr Cosμ: 0.8877 Val Cosμ: 0.9334 | Pred→Target Cosμ: 0.9831 Val Cosμ: 0.6995 | Repr NormRatio: 1.0324 Val NormRatio: 1.0203 | Train Meta: MetaNormμ:5.3903 | Val Meta: MetaNormμ:5.3867
   -> Saved last checkpoint at epoch 31
Epoch 32/100 | Steps: 559 | LR: 0.000086 | Train Loss: 0.039205 (P:0.0289, S:0.0467, Q:0.0079) | Val Loss: 0.883092 (P:0.8567, S:0.3960, Q:0.0066) | Repr L2μ: 7.0354 Val L2μ: 5.2397 | Repr Cosμ: 0.8621 Val Cosμ: 0.9150 | Pred→Target Cosμ: 0.9867 Val Cosμ: 0.6944 | Repr NormRatio: 1.0317 Val NormRatio: 1.0195 | Train Meta: MetaNormμ:5.3578 | Val Meta: MetaNormμ:5.3428
   -> Saved last checkpoint at epoch 32
Epoch 33/100 | Steps: 559 | LR: 0.000085 | Train Loss: 0.047966 (P:0.0403, S:0.0534, Q:0.0050) | Val Loss: 0.785498 (P:0.7659, S:0.3152, Q:0.0039) | Repr L2μ: 5.7503 Val L2μ: 4.5445 | Repr Cosμ: 0.9073 Val Cosμ: 0.9385 | Pred→Target Cosμ: 0.9823 Val Cosμ: 0.7527 | Repr NormRatio: 1.0246 Val NormRatio: 1.0134 | Train Meta: MetaNormμ:5.3916 | Val Meta: MetaNormμ:5.4105
   -> Saved last checkpoint at epoch 33
Epoch 34/100 | Steps: 559 | LR: 0.000084 | Train Loss: 0.038518 (P:0.0325, S:0.0507, Q:0.0035) | Val Loss: 0.757808 (P:0.7353, S:0.3899, Q:0.0031) | Repr L2μ: 6.5918 Val L2μ: 4.4556 | Repr Cosμ: 0.8765 Val Cosμ: 0.9386 | Pred→Target Cosμ: 0.9841 Val Cosμ: 0.6743 | Repr NormRatio: 1.0273 Val NormRatio: 1.0193 | Train Meta: MetaNormμ:5.3972 | Val Meta: MetaNormμ:5.3856
   -> Saved last checkpoint at epoch 34
Epoch 35/100 | Steps: 559 | LR: 0.000082 | Train Loss: 0.030022 (P:0.0250, S:0.0473, Q:0.0026) | Val Loss: 0.736884 (P:0.7135, S:0.4078, Q:0.0030) | Repr L2μ: 7.7392 Val L2μ: 4.5029 | Repr Cosμ: 0.8276 Val Cosμ: 0.9384 | Pred→Target Cosμ: 0.9868 Val Cosμ: 0.7196 | Repr NormRatio: 1.0465 Val NormRatio: 1.0196 | Train Meta: MetaNormμ:5.3869 | Val Meta: MetaNormμ:5.4045
   -> Saved last checkpoint at epoch 35
Epoch 36/100 | Steps: 559 | LR: 0.000081 | Train Loss: 0.030718 (P:0.0258, S:0.0470, Q:0.0025) | Val Loss: 0.627203 (P:0.6081, S:0.3360, Q:0.0023) | Repr L2μ: 7.6090 Val L2μ: 3.3074 | Repr Cosμ: 0.8331 Val Cosμ: 0.9671 | Pred→Target Cosμ: 0.9866 Val Cosμ: 0.7791 | Repr NormRatio: 1.0371 Val NormRatio: 1.0076 | Train Meta: MetaNormμ:5.3859 | Val Meta: MetaNormμ:5.3525
   -> Saved improved checkpoint: val_loss=0.627203 at epoch 36
Epoch 37/100 | Steps: 559 | LR: 0.000080 | Train Loss: 0.039930 (P:0.0347, S:0.0565, Q:0.0024) | Val Loss: 0.651079 (P:0.6351, S:0.2667, Q:0.0027) | Repr L2μ: 5.9215 Val L2μ: 3.0416 | Repr Cosμ: 0.8956 Val Cosμ: 0.9733 | Pred→Target Cosμ: 0.9844 Val Cosμ: 0.6832 | Repr NormRatio: 1.0264 Val NormRatio: 1.0142 | Train Meta: MetaNormμ:5.3914 | Val Meta: MetaNormμ:5.3705
   -> Saved last checkpoint at epoch 37
Epoch 38/100 | Steps: 559 | LR: 0.000078 | Train Loss: 0.025833 (P:0.0216, S:0.0480, Q:0.0019) | Val Loss: 0.547513 (P:0.5333, S:0.2445, Q:0.0020) | Repr L2μ: 5.7396 Val L2μ: 5.4302 | Repr Cosμ: 0.9069 Val Cosμ: 0.9091 | Pred→Target Cosμ: 0.9888 Val Cosμ: 0.7756 | Repr NormRatio: 1.0418 Val NormRatio: 1.0293 | Train Meta: MetaNormμ:5.3956 | Val Meta: MetaNormμ:5.4085
   -> Saved improved checkpoint: val_loss=0.547513 at epoch 38
Epoch 39/100 | Steps: 559 | LR: 0.000077 | Train Loss: 0.020415 (P:0.0166, S:0.0433, Q:0.0016) | Val Loss: 0.502569 (P:0.4872, S:0.2746, Q:0.0017) | Repr L2μ: 7.3174 Val L2μ: 5.5838 | Repr Cosμ: 0.8472 Val Cosμ: 0.9009 | Pred→Target Cosμ: 0.9908 Val Cosμ: 0.7846 | Repr NormRatio: 1.0654 Val NormRatio: 1.0433 | Train Meta: MetaNormμ:5.3813 | Val Meta: MetaNormμ:5.3933
   -> Saved improved checkpoint: val_loss=0.502569 at epoch 39
Epoch 40/100 | Steps: 559 | LR: 0.000075 | Train Loss: 0.018130 (P:0.0145, S:0.0415, Q:0.0015) | Val Loss: 0.487909 (P:0.4727, S:0.2745, Q:0.0014) | Repr L2μ: 7.4082 Val L2μ: 5.3915 | Repr Cosμ: 0.8430 Val Cosμ: 0.9093 | Pred→Target Cosμ: 0.9918 Val Cosμ: 0.7986 | Repr NormRatio: 1.0656 Val NormRatio: 1.0344 | Train Meta: MetaNormμ:5.3822 | Val Meta: MetaNormμ:5.3644
   -> Saved improved checkpoint: val_loss=0.487909 at epoch 40
Epoch 41/100 | Steps: 559 | LR: 0.000074 | Train Loss: 0.017623 (P:0.0142, S:0.0415, Q:0.0014) | Val Loss: 0.497768 (P:0.4809, S:0.2896, Q:0.0024) | Repr L2μ: 7.4245 Val L2μ: 4.8756 | Repr Cosμ: 0.8424 Val Cosμ: 0.9260 | Pred→Target Cosμ: 0.9921 Val Cosμ: 0.7796 | Repr NormRatio: 1.0609 Val NormRatio: 1.0363 | Train Meta: MetaNormμ:5.3765 | Val Meta: MetaNormμ:5.4371
   -> Saved last checkpoint at epoch 41
Epoch 42/100 | Steps: 559 | LR: 0.000072 | Train Loss: 0.018791 (P:0.0154, S:0.0418, Q:0.0013) | Val Loss: 0.441242 (P:0.4263, S:0.2743, Q:0.0012) | Repr L2μ: 7.3877 Val L2μ: 5.3256 | Repr Cosμ: 0.8447 Val Cosμ: 0.9134 | Pred→Target Cosμ: 0.9916 Val Cosμ: 0.8388 | Repr NormRatio: 1.0485 Val NormRatio: 1.0236 | Train Meta: MetaNormμ:5.3731 | Val Meta: MetaNormμ:5.3964
   -> Saved improved checkpoint: val_loss=0.441242 at epoch 42
Epoch 43/100 | Steps: 559 | LR: 0.000071 | Train Loss: 0.019118 (P:0.0160, S:0.0405, Q:0.0011) | Val Loss: 0.464904 (P:0.4502, S:0.2707, Q:0.0012) | Repr L2μ: 7.3469 Val L2μ: 5.9167 | Repr Cosμ: 0.8481 Val Cosμ: 0.8934 | Pred→Target Cosμ: 0.9918 Val Cosμ: 0.8420 | Repr NormRatio: 1.0473 Val NormRatio: 1.0404 | Train Meta: MetaNormμ:5.3694 | Val Meta: MetaNormμ:5.4014
   -> Saved last checkpoint at epoch 43
Epoch 44/100 | Steps: 559 | LR: 0.000069 | Train Loss: 0.018190 (P:0.0153, S:0.0388, Q:0.0009) | Val Loss: 0.451232 (P:0.4370, S:0.2626, Q:0.0011) | Repr L2μ: 7.6039 Val L2μ: 5.9046 | Repr Cosμ: 0.8370 Val Cosμ: 0.8927 | Pred→Target Cosμ: 0.9924 Val Cosμ: 0.8169 | Repr NormRatio: 1.0508 Val NormRatio: 1.0411 | Train Meta: MetaNormμ:5.3608 | Val Meta: MetaNormμ:5.3791
   -> Saved last checkpoint at epoch 44
Epoch 45/100 | Steps: 559 | LR: 0.000067 | Train Loss: 0.023382 (P:0.0202, S:0.0448, Q:0.0009) | Val Loss: 0.469407 (P:0.4545, S:0.2808, Q:0.0008) | Repr L2μ: 7.2229 Val L2μ: 5.6579 | Repr Cosμ: 0.8454 Val Cosμ: 0.8945 | Pred→Target Cosμ: 0.9902 Val Cosμ: 0.8369 | Repr NormRatio: 1.0678 Val NormRatio: 1.0397 | Train Meta: MetaNormμ:5.3681 | Val Meta: MetaNormμ:5.3690
   -> Saved last checkpoint at epoch 45
Epoch 46/100 | Steps: 559 | LR: 0.000066 | Train Loss: 0.017915 (P:0.0151, S:0.0409, Q:0.0008) | Val Loss: 0.525770 (P:0.5099, S:0.3003, Q:0.0008) | Repr L2μ: 7.6082 Val L2μ: 5.8225 | Repr Cosμ: 0.8259 Val Cosμ: 0.8887 | Pred→Target Cosμ: 0.9921 Val Cosμ: 0.7916 | Repr NormRatio: 1.0706 Val NormRatio: 1.0444 | Train Meta: MetaNormμ:5.3637 | Val Meta: MetaNormμ:5.3734
   -> Saved last checkpoint at epoch 46
Epoch 47/100 | Steps: 559 | LR: 0.000064 | Train Loss: 0.016692 (P:0.0140, S:0.0391, Q:0.0007) | Val Loss: 0.489590 (P:0.4729, S:0.3165, Q:0.0008) | Repr L2μ: 7.9951 Val L2μ: 5.7404 | Repr Cosμ: 0.8060 Val Cosμ: 0.8932 | Pred→Target Cosμ: 0.9926 Val Cosμ: 0.7871 | Repr NormRatio: 1.0884 Val NormRatio: 1.0494 | Train Meta: MetaNormμ:5.3681 | Val Meta: MetaNormμ:5.4092
   -> Saved last checkpoint at epoch 47
Epoch 48/100 | Steps: 559 | LR: 0.000062 | Train Loss: 0.025715 (P:0.0225, S:0.0464, Q:0.0009) | Val Loss: 0.590511 (P:0.5672, S:0.4510, Q:0.0008) | Repr L2μ: 7.2619 Val L2μ: 3.5087 | Repr Cosμ: 0.8361 Val Cosμ: 0.9618 | Pred→Target Cosμ: 0.9888 Val Cosμ: 0.7300 | Repr NormRatio: 1.0728 Val NormRatio: 1.0073 | Train Meta: MetaNormμ:5.3856 | Val Meta: MetaNormμ:5.3557
   -> Saved last checkpoint at epoch 48
Epoch 49/100 | Steps: 559 | LR: 0.000061 | Train Loss: 0.016266 (P:0.0135, S:0.0436, Q:0.0006) | Val Loss: 0.494823 (P:0.4749, S:0.3865, Q:0.0006) | Repr L2μ: 6.9739 Val L2μ: 4.5676 | Repr Cosμ: 0.8605 Val Cosμ: 0.9354 | Pred→Target Cosμ: 0.9918 Val Cosμ: 0.7697 | Repr NormRatio: 1.0191 Val NormRatio: 1.0143 | Train Meta: MetaNormμ:5.3640 | Val Meta: MetaNormμ:5.3713
   -> Saved last checkpoint at epoch 49
Epoch 50/100 | Steps: 559 | LR: 0.000059 | Train Loss: 0.014202 (P:0.0117, S:0.0405, Q:0.0005) | Val Loss: 0.454099 (P:0.4352, S:0.3673, Q:0.0005) | Repr L2μ: 8.0760 Val L2μ: 5.3403 | Repr Cosμ: 0.8109 Val Cosμ: 0.9119 | Pred→Target Cosμ: 0.9927 Val Cosμ: 0.7974 | Repr NormRatio: 1.0293 Val NormRatio: 1.0184 | Train Meta: MetaNormμ:5.3708 | Val Meta: MetaNormμ:5.3608
   -> Saved last checkpoint at epoch 50
Epoch 51/100 | Steps: 559 | LR: 0.000057 | Train Loss: 0.013569 (P:0.0111, S:0.0396, Q:0.0005) | Val Loss: 0.433495 (P:0.4165, S:0.3288, Q:0.0006) | Repr L2μ: 8.4532 Val L2μ: 6.1272 | Repr Cosμ: 0.7914 Val Cosμ: 0.8832 | Pred→Target Cosμ: 0.9931 Val Cosμ: 0.8090 | Repr NormRatio: 1.0353 Val NormRatio: 1.0227 | Train Meta: MetaNormμ:5.3662 | Val Meta: MetaNormμ:5.3454
   -> Saved improved checkpoint: val_loss=0.433495 at epoch 51
Epoch 52/100 | Steps: 559 | LR: 0.000056 | Train Loss: 0.016928 (P:0.0143, S:0.0408, Q:0.0006) | Val Loss: 0.486663 (P:0.4607, S:0.4936, Q:0.0013) | Repr L2μ: 8.8108 Val L2μ: 5.0244 | Repr Cosμ: 0.7693 Val Cosμ: 0.9226 | Pred→Target Cosμ: 0.9916 Val Cosμ: 0.8108 | Repr NormRatio: 1.0371 Val NormRatio: 1.0126 | Train Meta: MetaNormμ:5.3695 | Val Meta: MetaNormμ:5.3602
   -> Saved last checkpoint at epoch 52
Epoch 53/100 | Steps: 559 | LR: 0.000054 | Train Loss: 0.022316 (P:0.0194, S:0.0447, Q:0.0007) | Val Loss: 0.406783 (P:0.3844, S:0.4375, Q:0.0005) | Repr L2μ: 7.6827 Val L2μ: 4.2182 | Repr Cosμ: 0.8233 Val Cosμ: 0.9444 | Pred→Target Cosμ: 0.9894 Val Cosμ: 0.8339 | Repr NormRatio: 1.0336 Val NormRatio: 1.0232 | Train Meta: MetaNormμ:5.3673 | Val Meta: MetaNormμ:5.3342
   -> Saved improved checkpoint: val_loss=0.406783 at epoch 53
Epoch 54/100 | Steps: 559 | LR: 0.000052 | Train Loss: 0.016947 (P:0.0144, S:0.0413, Q:0.0005) | Val Loss: 0.471021 (P:0.4492, S:0.4243, Q:0.0006) | Repr L2μ: 8.5932 Val L2μ: 4.8906 | Repr Cosμ: 0.7785 Val Cosμ: 0.9240 | Pred→Target Cosμ: 0.9919 Val Cosμ: 0.8120 | Repr NormRatio: 1.0463 Val NormRatio: 1.0288 | Train Meta: MetaNormμ:5.3504 | Val Meta: MetaNormμ:5.3731
   -> Saved last checkpoint at epoch 54
Epoch 55/100 | Steps: 559 | LR: 0.000051 | Train Loss: 0.015202 (P:0.0129, S:0.0382, Q:0.0004) | Val Loss: 0.464718 (P:0.4452, S:0.3811, Q:0.0005) | Repr L2μ: 9.1769 Val L2μ: 5.1595 | Repr Cosμ: 0.7440 Val Cosμ: 0.9158 | Pred→Target Cosμ: 0.9928 Val Cosμ: 0.8156 | Repr NormRatio: 1.0543 Val NormRatio: 1.0272 | Train Meta: MetaNormμ:5.3471 | Val Meta: MetaNormμ:5.3276
   -> Saved last checkpoint at epoch 55
Epoch 56/100 | Steps: 559 | LR: 0.000049 | Train Loss: 0.016022 (P:0.0136, S:0.0386, Q:0.0004) | Val Loss: 0.406326 (P:0.3881, S:0.3566, Q:0.0004) | Repr L2μ: 8.8364 Val L2μ: 5.6101 | Repr Cosμ: 0.7614 Val Cosμ: 0.8997 | Pred→Target Cosμ: 0.9925 Val Cosμ: 0.8387 | Repr NormRatio: 1.0531 Val NormRatio: 1.0333 | Train Meta: MetaNormμ:5.3449 | Val Meta: MetaNormμ:5.3447
   -> Saved improved checkpoint: val_loss=0.406326 at epoch 56
Epoch 57/100 | Steps: 559 | LR: 0.000047 | Train Loss: 0.015934 (P:0.0135, S:0.0399, Q:0.0004) | Val Loss: 0.421825 (P:0.4074, S:0.2768, Q:0.0006) | Repr L2μ: 9.3513 Val L2μ: 6.0572 | Repr Cosμ: 0.7312 Val Cosμ: 0.8805 | Pred→Target Cosμ: 0.9925 Val Cosμ: 0.8292 | Repr NormRatio: 1.0565 Val NormRatio: 1.0356 | Train Meta: MetaNormμ:5.3440 | Val Meta: MetaNormμ:5.3077
   -> Saved last checkpoint at epoch 57
Epoch 58/100 | Steps: 559 | LR: 0.000045 | Train Loss: 0.015235 (P:0.0129, S:0.0388, Q:0.0004) | Val Loss: 0.376604 (P:0.3579, S:0.3645, Q:0.0005) | Repr L2μ: 9.4536 Val L2μ: 5.5367 | Repr Cosμ: 0.7255 Val Cosμ: 0.9023 | Pred→Target Cosμ: 0.9927 Val Cosμ: 0.8586 | Repr NormRatio: 1.0579 Val NormRatio: 1.0256 | Train Meta: MetaNormμ:5.3312 | Val Meta: MetaNormμ:5.3060
   -> Saved improved checkpoint: val_loss=0.376604 at epoch 58
Epoch 59/100 | Steps: 559 | LR: 0.000044 | Train Loss: 0.017544 (P:0.0150, S:0.0405, Q:0.0005) | Val Loss: 0.325751 (P:0.3028, S:0.4470, Q:0.0006) | Repr L2μ: 9.1471 Val L2μ: 5.3816 | Repr Cosμ: 0.7377 Val Cosμ: 0.9079 | Pred→Target Cosμ: 0.9917 Val Cosμ: 0.8842 | Repr NormRatio: 1.0508 Val NormRatio: 1.0170 | Train Meta: MetaNormμ:5.3338 | Val Meta: MetaNormμ:5.3184
   -> Saved improved checkpoint: val_loss=0.325751 at epoch 59
Epoch 60/100 | Steps: 559 | LR: 0.000042 | Train Loss: 0.017440 (P:0.0149, S:0.0413, Q:0.0005) | Val Loss: 0.404257 (P:0.3787, S:0.4969, Q:0.0007) | Repr L2μ: 9.0595 Val L2μ: 5.9789 | Repr Cosμ: 0.7364 Val Cosμ: 0.8877 | Pred→Target Cosμ: 0.9917 Val Cosμ: 0.8534 | Repr NormRatio: 1.0468 Val NormRatio: 1.0182 | Train Meta: MetaNormμ:5.3338 | Val Meta: MetaNormμ:5.3662
   -> Saved last checkpoint at epoch 60
Epoch 61/100 | Steps: 559 | LR: 0.000040 | Train Loss: 0.017391 (P:0.0149, S:0.0407, Q:0.0005) | Val Loss: 0.377539 (P:0.3592, S:0.3581, Q:0.0005) | Repr L2μ: 9.0069 Val L2μ: 5.2946 | Repr Cosμ: 0.7364 Val Cosμ: 0.9120 | Pred→Target Cosμ: 0.9920 Val Cosμ: 0.8516 | Repr NormRatio: 1.0425 Val NormRatio: 1.0156 | Train Meta: MetaNormμ:5.3487 | Val Meta: MetaNormμ:5.3337
   -> Saved last checkpoint at epoch 61
Epoch 62/100 | Steps: 559 | LR: 0.000039 | Train Loss: 0.017477 (P:0.0150, S:0.0408, Q:0.0004) | Val Loss: 0.362807 (P:0.3484, S:0.2796, Q:0.0004) | Repr L2μ: 8.4016 Val L2μ: 4.8389 | Repr Cosμ: 0.7712 Val Cosμ: 0.9256 | Pred→Target Cosμ: 0.9919 Val Cosμ: 0.8198 | Repr NormRatio: 1.0446 Val NormRatio: 1.0215 | Train Meta: MetaNormμ:5.3407 | Val Meta: MetaNormμ:5.3413
   -> Saved last checkpoint at epoch 62
Epoch 63/100 | Steps: 559 | LR: 0.000037 | Train Loss: 0.015301 (P:0.0129, S:0.0411, Q:0.0004) | Val Loss: 0.356890 (P:0.3389, S:0.3532, Q:0.0004) | Repr L2μ: 9.5366 Val L2μ: 6.2636 | Repr Cosμ: 0.7021 Val Cosμ: 0.8731 | Pred→Target Cosμ: 0.9925 Val Cosμ: 0.8487 | Repr NormRatio: 1.0572 Val NormRatio: 1.0248 | Train Meta: MetaNormμ:5.3297 | Val Meta: MetaNormμ:5.3311
   -> Saved last checkpoint at epoch 63
Epoch 64/100 | Steps: 559 | LR: 0.000035 | Train Loss: 0.015833 (P:0.0133, S:0.0414, Q:0.0004) | Val Loss: 0.370540 (P:0.3523, S:0.3573, Q:0.0004) | Repr L2μ: 9.8292 Val L2μ: 6.6025 | Repr Cosμ: 0.6809 Val Cosμ: 0.8595 | Pred→Target Cosμ: 0.9924 Val Cosμ: 0.8591 | Repr NormRatio: 1.0583 Val NormRatio: 1.0295 | Train Meta: MetaNormμ:5.3338 | Val Meta: MetaNormμ:5.3160
   -> Saved last checkpoint at epoch 64
Epoch 65/100 | Steps: 559 | LR: 0.000034 | Train Loss: 0.015048 (P:0.0126, S:0.0417, Q:0.0004) | Val Loss: 0.359421 (P:0.3431, S:0.3130, Q:0.0007) | Repr L2μ: 9.4758 Val L2μ: 7.4127 | Repr Cosμ: 0.7047 Val Cosμ: 0.8212 | Pred→Target Cosμ: 0.9929 Val Cosμ: 0.8630 | Repr NormRatio: 1.0608 Val NormRatio: 1.0296 | Train Meta: MetaNormμ:5.3215 | Val Meta: MetaNormμ:5.2870
   -> Saved last checkpoint at epoch 65
Epoch 66/100 | Steps: 559 | LR: 0.000032 | Train Loss: 0.014579 (P:0.0122, S:0.0403, Q:0.0004) | Val Loss: 0.397145 (P:0.3741, S:0.4509, Q:0.0005) | Repr L2μ: 8.7957 Val L2μ: 6.7638 | Repr Cosμ: 0.7517 Val Cosμ: 0.8537 | Pred→Target Cosμ: 0.9930 Val Cosμ: 0.8725 | Repr NormRatio: 1.0531 Val NormRatio: 1.0253 | Train Meta: MetaNormμ:5.3004 | Val Meta: MetaNormμ:5.2840
   -> Saved last checkpoint at epoch 66
Epoch 67/100 | Steps: 559 | LR: 0.000030 | Train Loss: 0.012960 (P:0.0107, S:0.0393, Q:0.0003) | Val Loss: 0.333448 (P:0.3164, S:0.3338, Q:0.0003) | Repr L2μ: 8.9816 Val L2μ: 6.7487 | Repr Cosμ: 0.7430 Val Cosμ: 0.8542 | Pred→Target Cosμ: 0.9937 Val Cosμ: 0.8729 | Repr NormRatio: 1.0570 Val NormRatio: 1.0262 | Train Meta: MetaNormμ:5.3230 | Val Meta: MetaNormμ:5.2931
   -> Saved last checkpoint at epoch 67
Epoch 68/100 | Steps: 559 | LR: 0.000029 | Train Loss: 0.012851 (P:0.0106, S:0.0397, Q:0.0003) | Val Loss: 0.324456 (P:0.3118, S:0.2460, Q:0.0004) | Repr L2μ: 8.8197 Val L2μ: 5.9684 | Repr Cosμ: 0.7493 Val Cosμ: 0.8889 | Pred→Target Cosμ: 0.9936 Val Cosμ: 0.8391 | Repr NormRatio: 1.0571 Val NormRatio: 1.0335 | Train Meta: MetaNormμ:5.3149 | Val Meta: MetaNormμ:5.3132
   -> Saved improved checkpoint: val_loss=0.324456 at epoch 68
Epoch 69/100 | Steps: 559 | LR: 0.000027 | Train Loss: 0.012584 (P:0.0103, S:0.0397, Q:0.0003) | Val Loss: 0.298613 (P:0.2842, S:0.2820, Q:0.0003) | Repr L2μ: 8.9496 Val L2μ: 5.6625 | Repr Cosμ: 0.7392 Val Cosμ: 0.8986 | Pred→Target Cosμ: 0.9938 Val Cosμ: 0.8510 | Repr NormRatio: 1.0588 Val NormRatio: 1.0342 | Train Meta: MetaNormμ:5.2977 | Val Meta: MetaNormμ:5.2952
   -> Saved improved checkpoint: val_loss=0.298613 at epoch 69
Epoch 70/100 | Steps: 559 | LR: 0.000026 | Train Loss: 0.011874 (P:0.0097, S:0.0391, Q:0.0002) | Val Loss: 0.265781 (P:0.2493, S:0.3249, Q:0.0002) | Repr L2μ: 9.0760 Val L2μ: 5.5998 | Repr Cosμ: 0.7346 Val Cosμ: 0.9002 | Pred→Target Cosμ: 0.9943 Val Cosμ: 0.8571 | Repr NormRatio: 1.0644 Val NormRatio: 1.0371 | Train Meta: MetaNormμ:5.3022 | Val Meta: MetaNormμ:5.3107
   -> Saved improved checkpoint: val_loss=0.265781 at epoch 70
Epoch 71/100 | Steps: 559 | LR: 0.000024 | Train Loss: 0.011685 (P:0.0095, S:0.0389, Q:0.0003) | Val Loss: 0.308124 (P:0.2940, S:0.2778, Q:0.0003) | Repr L2μ: 9.0476 Val L2μ: 5.8060 | Repr Cosμ: 0.7364 Val Cosμ: 0.8928 | Pred→Target Cosμ: 0.9943 Val Cosμ: 0.8423 | Repr NormRatio: 1.0656 Val NormRatio: 1.0425 | Train Meta: MetaNormμ:5.3000 | Val Meta: MetaNormμ:5.2967
   -> Saved last checkpoint at epoch 71
Epoch 72/100 | Steps: 559 | LR: 0.000023 | Train Loss: 0.011319 (P:0.0092, S:0.0387, Q:0.0002) | Val Loss: 0.292793 (P:0.2782, S:0.2876, Q:0.0002) | Repr L2μ: 9.4798 Val L2μ: 6.7332 | Repr Cosμ: 0.7103 Val Cosμ: 0.8509 | Pred→Target Cosμ: 0.9945 Val Cosμ: 0.8477 | Repr NormRatio: 1.0761 Val NormRatio: 1.0472 | Train Meta: MetaNormμ:5.2979 | Val Meta: MetaNormμ:5.2837
   -> Saved last checkpoint at epoch 72
Epoch 73/100 | Steps: 559 | LR: 0.000021 | Train Loss: 0.011020 (P:0.0089, S:0.0384, Q:0.0002) | Val Loss: 0.266126 (P:0.2497, S:0.3223, Q:0.0003) | Repr L2μ: 9.8645 Val L2μ: 6.8373 | Repr Cosμ: 0.6841 Val Cosμ: 0.8474 | Pred→Target Cosμ: 0.9945 Val Cosμ: 0.8795 | Repr NormRatio: 1.0837 Val NormRatio: 1.0458 | Train Meta: MetaNormμ:5.2869 | Val Meta: MetaNormμ:5.3208
   -> Saved last checkpoint at epoch 73
Epoch 74/100 | Steps: 559 | LR: 0.000020 | Train Loss: 0.011904 (P:0.0097, S:0.0393, Q:0.0003) | Val Loss: 0.288490 (P:0.2713, S:0.3401, Q:0.0002) | Repr L2μ: 9.9056 Val L2μ: 7.0295 | Repr Cosμ: 0.6786 Val Cosμ: 0.8344 | Pred→Target Cosμ: 0.9941 Val Cosμ: 0.8555 | Repr NormRatio: 1.0780 Val NormRatio: 1.0660 | Train Meta: MetaNormμ:5.2837 | Val Meta: MetaNormμ:5.2926
   -> Saved last checkpoint at epoch 74
Epoch 75/100 | Steps: 559 | LR: 0.000019 | Train Loss: 0.010872 (P:0.0088, S:0.0375, Q:0.0002) | Val Loss: 0.325468 (P:0.3098, S:0.3089, Q:0.0002) | Repr L2μ: 10.9206 Val L2μ: 6.9045 | Repr Cosμ: 0.6071 Val Cosμ: 0.8400 | Pred→Target Cosμ: 0.9945 Val Cosμ: 0.8283 | Repr NormRatio: 1.0944 Val NormRatio: 1.0644 | Train Meta: MetaNormμ:5.3007 | Val Meta: MetaNormμ:5.2699
   -> Saved last checkpoint at epoch 75
Epoch 76/100 | Steps: 559 | LR: 0.000017 | Train Loss: 0.011584 (P:0.0094, S:0.0386, Q:0.0002) | Val Loss: 0.351336 (P:0.3317, S:0.3874, Q:0.0002) | Repr L2μ: 10.9988 Val L2μ: 7.8152 | Repr Cosμ: 0.5973 Val Cosμ: 0.7927 | Pred→Target Cosμ: 0.9941 Val Cosμ: 0.8678 | Repr NormRatio: 1.1017 Val NormRatio: 1.0616 | Train Meta: MetaNormμ:5.2914 | Val Meta: MetaNormμ:5.3175
   -> Saved last checkpoint at epoch 76
Epoch 77/100 | Steps: 559 | LR: 0.000016 | Train Loss: 0.011110 (P:0.0089, S:0.0390, Q:0.0002) | Val Loss: 0.324176 (P:0.3091, S:0.2975, Q:0.0002) | Repr L2μ: 10.3432 Val L2μ: 6.1927 | Repr Cosμ: 0.6450 Val Cosμ: 0.8726 | Pred→Target Cosμ: 0.9942 Val Cosμ: 0.8244 | Repr NormRatio: 1.0934 Val NormRatio: 1.0557 | Train Meta: MetaNormμ:5.2869 | Val Meta: MetaNormμ:5.3214
   -> Saved last checkpoint at epoch 77
Epoch 78/100 | Steps: 559 | LR: 0.000015 | Train Loss: 0.011355 (P:0.0092, S:0.0384, Q:0.0002) | Val Loss: 0.317088 (P:0.3005, S:0.3274, Q:0.0002) | Repr L2μ: 10.8952 Val L2μ: 7.0444 | Repr Cosμ: 0.6036 Val Cosμ: 0.8279 | Pred→Target Cosμ: 0.9940 Val Cosμ: 0.8276 | Repr NormRatio: 1.1060 Val NormRatio: 1.0772 | Train Meta: MetaNormμ:5.2903 | Val Meta: MetaNormμ:5.2845
   -> Saved last checkpoint at epoch 78
Epoch 79/100 | Steps: 559 | LR: 0.000014 | Train Loss: 0.011043 (P:0.0090, S:0.0368, Q:0.0002) | Val Loss: 0.336272 (P:0.3196, S:0.3295, Q:0.0002) | Repr L2μ: 11.2883 Val L2μ: 7.4804 | Repr Cosμ: 0.5711 Val Cosμ: 0.8083 | Pred→Target Cosμ: 0.9942 Val Cosμ: 0.8416 | Repr NormRatio: 1.1229 Val NormRatio: 1.0589 | Train Meta: MetaNormμ:5.2993 | Val Meta: MetaNormμ:5.3063
   -> Saved last checkpoint at epoch 79
Epoch 80/100 | Steps: 559 | LR: 0.000013 | Train Loss: 0.011458 (P:0.0094, S:0.0377, Q:0.0002) | Val Loss: 0.320235 (P:0.3040, S:0.3211, Q:0.0002) | Repr L2μ: 10.1962 Val L2μ: 6.9662 | Repr Cosμ: 0.6551 Val Cosμ: 0.8345 | Pred→Target Cosμ: 0.9937 Val Cosμ: 0.8375 | Repr NormRatio: 1.1012 Val NormRatio: 1.0553 | Train Meta: MetaNormμ:5.2824 | Val Meta: MetaNormμ:5.2985
   -> Saved last checkpoint at epoch 80
Epoch 81/100 | Steps: 559 | LR: 0.000011 | Train Loss: 0.011662 (P:0.0096, S:0.0367, Q:0.0002) | Val Loss: 0.360947 (P:0.3457, S:0.3017, Q:0.0002) | Repr L2μ: 10.7938 Val L2μ: 7.9261 | Repr Cosμ: 0.6114 Val Cosμ: 0.7804 | Pred→Target Cosμ: 0.9936 Val Cosμ: 0.8369 | Repr NormRatio: 1.1125 Val NormRatio: 1.0609 | Train Meta: MetaNormμ:5.2936 | Val Meta: MetaNormμ:5.2937
   -> Saved last checkpoint at epoch 81
Epoch 82/100 | Steps: 559 | LR: 0.000010 | Train Loss: 0.011316 (P:0.0093, S:0.0365, Q:0.0002) | Val Loss: 0.381817 (P:0.3671, S:0.2912, Q:0.0002) | Repr L2μ: 10.7914 Val L2μ: 8.0042 | Repr Cosμ: 0.6099 Val Cosμ: 0.7732 | Pred→Target Cosμ: 0.9938 Val Cosμ: 0.8193 | Repr NormRatio: 1.1183 Val NormRatio: 1.0734 | Train Meta: MetaNormμ:5.2977 | Val Meta: MetaNormμ:5.3049
   -> Saved last checkpoint at epoch 82
Epoch 83/100 | Steps: 559 | LR: 0.000009 | Train Loss: 0.011606 (P:0.0096, S:0.0371, Q:0.0002) | Val Loss: 0.395184 (P:0.3797, S:0.3053, Q:0.0002) | Repr L2μ: 10.7942 Val L2μ: 8.0162 | Repr Cosμ: 0.6043 Val Cosμ: 0.7708 | Pred→Target Cosμ: 0.9936 Val Cosμ: 0.8066 | Repr NormRatio: 1.1237 Val NormRatio: 1.0825 | Train Meta: MetaNormμ:5.3008 | Val Meta: MetaNormμ:5.3054
   -> Saved last checkpoint at epoch 83
Epoch 84/100 | Steps: 559 | LR: 0.000009 | Train Loss: 0.011744 (P:0.0097, S:0.0371, Q:0.0002) | Val Loss: 0.375495 (P:0.3604, S:0.2955, Q:0.0003) | Repr L2μ: 10.5584 Val L2μ: 7.2072 | Repr Cosμ: 0.6207 Val Cosμ: 0.8191 | Pred→Target Cosμ: 0.9935 Val Cosμ: 0.8073 | Repr NormRatio: 1.1217 Val NormRatio: 1.0769 | Train Meta: MetaNormμ:5.2957 | Val Meta: MetaNormμ:5.2706
   -> Saved last checkpoint at epoch 84
Epoch 85/100 | Steps: 559 | LR: 0.000008 | Train Loss: 0.011645 (P:0.0096, S:0.0367, Q:0.0002) | Val Loss: 0.400966 (P:0.3851, S:0.3128, Q:0.0002) | Repr L2μ: 10.7189 Val L2μ: 8.0065 | Repr Cosμ: 0.6066 Val Cosμ: 0.7690 | Pred→Target Cosμ: 0.9936 Val Cosμ: 0.7982 | Repr NormRatio: 1.1286 Val NormRatio: 1.0897 | Train Meta: MetaNormμ:5.2954 | Val Meta: MetaNormμ:5.3068
   -> Saved last checkpoint at epoch 85
Epoch 86/100 | Steps: 559 | LR: 0.000007 | Train Loss: 0.011739 (P:0.0098, S:0.0360, Q:0.0002) | Val Loss: 0.415935 (P:0.4000, S:0.3145, Q:0.0002) | Repr L2μ: 10.5379 Val L2μ: 7.2977 | Repr Cosμ: 0.6193 Val Cosμ: 0.8122 | Pred→Target Cosμ: 0.9936 Val Cosμ: 0.7874 | Repr NormRatio: 1.1295 Val NormRatio: 1.0825 | Train Meta: MetaNormμ:5.2909 | Val Meta: MetaNormμ:5.2927
   -> Saved last checkpoint at epoch 86
Epoch 87/100 | Steps: 559 | LR: 0.000006 | Train Loss: 0.011397 (P:0.0095, S:0.0356, Q:0.0001) | Val Loss: 0.420708 (P:0.4042, S:0.3273, Q:0.0002) | Repr L2μ: 10.7167 Val L2μ: 7.5081 | Repr Cosμ: 0.6041 Val Cosμ: 0.7981 | Pred→Target Cosμ: 0.9938 Val Cosμ: 0.7897 | Repr NormRatio: 1.1379 Val NormRatio: 1.0939 | Train Meta: MetaNormμ:5.2964 | Val Meta: MetaNormμ:5.2905
   -> Saved last checkpoint at epoch 87
Epoch 88/100 | Steps: 559 | LR: 0.000005 | Train Loss: 0.011271 (P:0.0093, S:0.0357, Q:0.0001) | Val Loss: 0.427397 (P:0.4101, S:0.3420, Q:0.0002) | Repr L2μ: 10.6231 Val L2μ: 7.8197 | Repr Cosμ: 0.6095 Val Cosμ: 0.7784 | Pred→Target Cosμ: 0.9939 Val Cosμ: 0.7889 | Repr NormRatio: 1.1412 Val NormRatio: 1.1004 | Train Meta: MetaNormμ:5.2930 | Val Meta: MetaNormμ:5.2907
   -> Saved last checkpoint at epoch 88
Epoch 89/100 | Steps: 559 | LR: 0.000005 | Train Loss: 0.011255 (P:0.0093, S:0.0356, Q:0.0001) | Val Loss: 0.423531 (P:0.4067, S:0.3325, Q:0.0002) | Repr L2μ: 10.7569 Val L2μ: 7.4171 | Repr Cosμ: 0.5979 Val Cosμ: 0.8020 | Pred→Target Cosμ: 0.9940 Val Cosμ: 0.7848 | Repr NormRatio: 1.1459 Val NormRatio: 1.0964 | Train Meta: MetaNormμ:5.2927 | Val Meta: MetaNormμ:5.2833
   -> Saved last checkpoint at epoch 89
Epoch 90/100 | Steps: 559 | LR: 0.000004 | Train Loss: 0.011133 (P:0.0092, S:0.0354, Q:0.0001) | Val Loss: 0.422865 (P:0.4061, S:0.3321, Q:0.0002) | Repr L2μ: 10.6811 Val L2μ: 7.7543 | Repr Cosμ: 0.6032 Val Cosμ: 0.7809 | Pred→Target Cosμ: 0.9940 Val Cosμ: 0.7850 | Repr NormRatio: 1.1506 Val NormRatio: 1.1026 | Train Meta: MetaNormμ:5.2877 | Val Meta: MetaNormμ:5.2921
   -> Saved last checkpoint at epoch 90
Epoch 91/100 | Steps: 559 | LR: 0.000003 | Train Loss: 0.011099 (P:0.0092, S:0.0353, Q:0.0001) | Val Loss: 0.413956 (P:0.3975, S:0.3257, Q:0.0002) | Repr L2μ: 10.7417 Val L2μ: 7.4754 | Repr Cosμ: 0.5970 Val Cosμ: 0.7976 | Pred→Target Cosμ: 0.9941 Val Cosμ: 0.7834 | Repr NormRatio: 1.1556 Val NormRatio: 1.1004 | Train Meta: MetaNormμ:5.2902 | Val Meta: MetaNormμ:5.2808
   -> Saved last checkpoint at epoch 91
Epoch 92/100 | Steps: 559 | LR: 0.000003 | Train Loss: 0.010882 (P:0.0089, S:0.0359, Q:0.0001) | Val Loss: 0.444768 (P:0.4271, S:0.3509, Q:0.0002) | Repr L2μ: 10.5529 Val L2μ: 7.8171 | Repr Cosμ: 0.6111 Val Cosμ: 0.7764 | Pred→Target Cosμ: 0.9941 Val Cosμ: 0.7783 | Repr NormRatio: 1.1555 Val NormRatio: 1.1082 | Train Meta: MetaNormμ:5.2822 | Val Meta: MetaNormμ:5.2893
   -> Saved last checkpoint at epoch 92
Epoch 93/100 | Steps: 559 | LR: 0.000002 | Train Loss: 0.010782 (P:0.0089, S:0.0352, Q:0.0001) | Val Loss: 0.433512 (P:0.4173, S:0.3202, Q:0.0002) | Repr L2μ: 10.7144 Val L2μ: 7.5962 | Repr Cosμ: 0.5975 Val Cosμ: 0.7900 | Pred→Target Cosμ: 0.9943 Val Cosμ: 0.7810 | Repr NormRatio: 1.1599 Val NormRatio: 1.1056 | Train Meta: MetaNormμ:5.2844 | Val Meta: MetaNormμ:5.2841
   -> Saved last checkpoint at epoch 93
Epoch 94/100 | Steps: 559 | LR: 0.000002 | Train Loss: 0.010556 (P:0.0087, S:0.0352, Q:0.0001) | Val Loss: 0.420194 (P:0.4040, S:0.3206, Q:0.0002) | Repr L2μ: 10.8283 Val L2μ: 7.6510 | Repr Cosμ: 0.5880 Val Cosμ: 0.7865 | Pred→Target Cosμ: 0.9943 Val Cosμ: 0.7800 | Repr NormRatio: 1.1670 Val NormRatio: 1.1034 | Train Meta: MetaNormμ:5.2839 | Val Meta: MetaNormμ:5.2878
   -> Saved last checkpoint at epoch 94
Epoch 95/100 | Steps: 559 | LR: 0.000002 | Train Loss: 0.010259 (P:0.0084, S:0.0352, Q:0.0001) | Val Loss: 0.411993 (P:0.3956, S:0.3241, Q:0.0002) | Repr L2μ: 10.8140 Val L2μ: 7.7250 | Repr Cosμ: 0.5892 Val Cosμ: 0.7817 | Pred→Target Cosμ: 0.9945 Val Cosμ: 0.7813 | Repr NormRatio: 1.1536 Val NormRatio: 1.1047 | Train Meta: MetaNormμ:5.2849 | Val Meta: MetaNormμ:5.2877
   -> Saved last checkpoint at epoch 95
Epoch 96/100 | Steps: 559 | LR: 0.000001 | Train Loss: 0.010109 (P:0.0082, S:0.0351, Q:0.0001) | Val Loss: 0.423518 (P:0.4070, S:0.3263, Q:0.0002) | Repr L2μ: 10.8801 Val L2μ: 7.7534 | Repr Cosμ: 0.5837 Val Cosμ: 0.7791 | Pred→Target Cosμ: 0.9946 Val Cosμ: 0.7813 | Repr NormRatio: 1.1508 Val NormRatio: 1.1057 | Train Meta: MetaNormμ:5.2869 | Val Meta: MetaNormμ:5.2897
   -> Saved last checkpoint at epoch 96
Epoch 97/100 | Steps: 559 | LR: 0.000001 | Train Loss: 0.010070 (P:0.0082, S:0.0350, Q:0.0001) | Val Loss: 0.414651 (P:0.3983, S:0.3230, Q:0.0002) | Repr L2μ: 10.8610 Val L2μ: 7.8368 | Repr Cosμ: 0.5846 Val Cosμ: 0.7740 | Pred→Target Cosμ: 0.9946 Val Cosμ: 0.7880 | Repr NormRatio: 1.1501 Val NormRatio: 1.1080 | Train Meta: MetaNormμ:5.2889 | Val Meta: MetaNormμ:5.2879
   -> Saved last checkpoint at epoch 97
Epoch 98/100 | Steps: 559 | LR: 0.000001 | Train Loss: 0.010016 (P:0.0081, S:0.0350, Q:0.0001) | Val Loss: 0.428222 (P:0.4118, S:0.3244, Q:0.0002) | Repr L2μ: 10.8644 Val L2μ: 7.7467 | Repr Cosμ: 0.5841 Val Cosμ: 0.7795 | Pred→Target Cosμ: 0.9946 Val Cosμ: 0.7801 | Repr NormRatio: 1.1511 Val NormRatio: 1.1062 | Train Meta: MetaNormμ:5.2879 | Val Meta: MetaNormμ:5.2874
   -> Saved last checkpoint at epoch 98
Epoch 99/100 | Steps: 559 | LR: 0.000001 | Train Loss: 0.010041 (P:0.0082, S:0.0349, Q:0.0001) | Val Loss: 0.427606 (P:0.4111, S:0.3272, Q:0.0002) | Repr L2μ: 10.8899 Val L2μ: 7.8317 | Repr Cosμ: 0.5823 Val Cosμ: 0.7737 | Pred→Target Cosμ: 0.9946 Val Cosμ: 0.7899 | Repr NormRatio: 1.1499 Val NormRatio: 1.1094 | Train Meta: MetaNormμ:5.2881 | Val Meta: MetaNormμ:5.2862
   -> Saved last checkpoint at epoch 99
Epoch 100/100 | Steps: 559 | LR: 0.000001 | Train Loss: 0.010004 (P:0.0081, S:0.0349, Q:0.0001) | Val Loss: 0.432362 (P:0.4155, S:0.3341, Q:0.0002) | Repr L2μ: 10.8571 Val L2μ: 7.7788 | Repr Cosμ: 0.5842 Val Cosμ: 0.7768 | Pred→Target Cosμ: 0.9946 Val Cosμ: 0.7791 | Repr NormRatio: 1.1499 Val NormRatio: 1.1080 | Train Meta: MetaNormμ:5.2883 | Val Meta: MetaNormμ:5.2881
   -> Saved last checkpoint at epoch 100
Saved attention maps for 100 epoch snapshot(s) under ./runs/pretrain_electricity_laya_mixer_concat_text_stats_joint/attention_maps
