nohup: ignoring input
🚀 Laya-TS Pretraining: electricity (laya + metadata_query_gate)
📊 data_path: ../Dataset/long_term_forecast/electricity/electricity.csv
📝 metadata: mode=text, fusion=none, relation=metadata_query_gate
🔗 query-bias scale init: 1.0
📝 log_dir: ./runs/pretrain_electricity_laya_metadata_query_gate_text
Text metadata preview | dataset=electricity | domain=electricity | channels=321
   - 0: In the electricity domain, this channel belongs to the electricity dataset and represents the feature 0.
   - 1: In the electricity domain, this channel belongs to the electricity dataset and represents the feature 1.
   - ... (319 more channel descriptions)
/data/pjh_workspace/ts-env/lib/python3.8/site-packages/torch/nn/modules/transformer.py:307: UserWarning: enable_nested_tensor is True, but self.use_nested_tensor is False because encoder_layer.norm_first was True
  warnings.warn(f"enable_nested_tensor is True, but self.use_nested_tensor is False because {why_not_sparsity_fast_path}")
📊 Dataset Statistics:
   - Sequence Length (T): 512
   - Train Samples: 17903, Steps: 559
   - Val Samples: 2119, Steps: 67
🔧 Encoder Hyperparameters:
   - d_model: 256
   - n_heads: 8
   - n_layers: 3
   - proj_dim: 128
   - predictor_depth: 2
   - predictor_heads: 4
   - patch_size: 16
   - metadata_fusion_mode: none
   - channel_mixer_relation_mode: metadata_query_gate
   - channel_mixer_relation_scale_init: 1.0
   - encoder_variant: default
   - temporal_patchifier_mode: fixed
   - use_channel_relation_block: False
🧮 Parameter Counts:
   - Total Parameters: 4,434,017
   - Trainable Parameters: 4,434,017
⏱️ Schedule:
   - total_steps: 55900
   - warmup_steps: 5590
   - derived_epochs: 100
Epoch 1/100 | Steps: 559 | LR: 0.000010 | Train Loss: 1.845368 (P:0.8342, S:0.2233, Q:1.0000) | Val Loss: 1.844461 (P:0.8220, S:0.4504, Q:1.0000) | Repr L2μ: 4.3490 Val L2μ: 2.0180 | Repr Cosμ: 0.9122 Val Cosμ: 0.9801 | Pred→Target Cosμ: 0.4026 Val Cosμ: 0.4616 | Repr NormRatio: 1.3506 Val NormRatio: 1.1018 | Train Meta: Scaleμ:0.7616, Signal|S|μ:0.0048, Delta|S|μ:0.0000, Delta/Signal:0.70%, Gateμ:-0.0011, Gate0%:0.0, MetaNormμ:5.6310 | Val Meta: Scaleμ:0.7622, Signal|S|μ:0.0050, Delta|S|μ:0.0000, Delta/Signal:0.86%, Gateμ:0.0035, Gate0%:0.0, MetaNormμ:5.6388
   -> Saved improved checkpoint: val_loss=1.844461 at epoch 1
Epoch 2/100 | Steps: 559 | LR: 0.000020 | Train Loss: 1.709904 (P:0.7046, S:0.1085, Q:0.9999) | Val Loss: 1.799759 (P:0.7781, S:0.4404, Q:0.9996) | Repr L2μ: 4.3327 Val L2μ: 2.2801 | Repr Cosμ: 0.9171 Val Cosμ: 0.9786 | Pred→Target Cosμ: 0.5525 Val Cosμ: 0.5879 | Repr NormRatio: 1.3376 Val NormRatio: 1.2248 | Train Meta: Scaleμ:0.7659, Signal|S|μ:0.0082, Delta|S|μ:0.0001, Delta/Signal:1.44%, Gateμ:0.0104, Gate0%:0.0, MetaNormμ:5.6979 | Val Meta: Scaleμ:0.7712, Signal|S|μ:0.0139, Delta|S|μ:0.0003, Delta/Signal:2.51%, Gateμ:0.0169, Gate0%:0.0, MetaNormμ:5.8091
   -> Saved improved checkpoint: val_loss=1.799759 at epoch 2
Epoch 3/100 | Steps: 559 | LR: 0.000030 | Train Loss: 1.456497 (P:0.4616, S:0.0756, Q:0.9911) | Val Loss: 1.889504 (P:0.9070, S:0.4566, Q:0.9596) | Repr L2μ: 3.4721 Val L2μ: 2.0984 | Repr Cosμ: 0.9541 Val Cosμ: 0.9820 | Pred→Target Cosμ: 0.8504 Val Cosμ: 0.4871 | Repr NormRatio: 1.2160 Val NormRatio: 1.0790 | Train Meta: Scaleμ:0.7802, Signal|S|μ:0.0521, Delta|S|μ:0.0060, Delta/Signal:8.55%, Gateμ:0.0333, Gate0%:0.0, MetaNormμ:6.0488 | Val Meta: Scaleμ:0.7908, Signal|S|μ:0.1201, Delta|S|μ:0.0242, Delta/Signal:20.12%, Gateμ:0.0612, Gate0%:0.0, MetaNormμ:6.3476
   -> Saved last checkpoint at epoch 3
Epoch 4/100 | Steps: 559 | LR: 0.000040 | Train Loss: 1.096225 (P:0.4161, S:0.0618, Q:0.6770) | Val Loss: 1.397594 (P:0.9098, S:0.4617, Q:0.4647) | Repr L2μ: 4.1998 Val L2μ: 2.7135 | Repr Cosμ: 0.9330 Val Cosμ: 0.9665 | Pred→Target Cosμ: 0.8908 Val Cosμ: 0.4924 | Repr NormRatio: 1.2769 Val NormRatio: 1.1239 | Train Meta: Scaleμ:0.8020, Signal|S|μ:0.3728, Delta|S|μ:0.1245, Delta/Signal:32.46%, Gateμ:0.1107, Gate0%:0.0, MetaNormμ:6.5595 | Val Meta: Scaleμ:0.8090, Signal|S|μ:0.5596, Delta|S|μ:0.1729, Delta/Signal:30.90%, Gateμ:0.0840, Gate0%:0.0, MetaNormμ:6.3984
   -> Saved improved checkpoint: val_loss=1.397594 at epoch 4
Epoch 5/100 | Steps: 559 | LR: 0.000050 | Train Loss: 0.788546 (P:0.3842, S:0.0536, Q:0.4016) | Val Loss: 1.179369 (P:0.8271, S:0.4766, Q:0.3284) | Repr L2μ: 5.6276 Val L2μ: 3.6655 | Repr Cosμ: 0.8845 Val Cosμ: 0.9433 | Pred→Target Cosμ: 0.8686 Val Cosμ: 0.5138 | Repr NormRatio: 1.3347 Val NormRatio: 1.1439 | Train Meta: Scaleμ:0.8127, Signal|S|μ:0.7153, Delta|S|μ:0.3529, Delta/Signal:48.59%, Gateμ:0.0252, Gate0%:0.0, MetaNormμ:6.1677 | Val Meta: Scaleμ:0.8160, Signal|S|μ:0.7861, Delta|S|μ:0.4577, Delta/Signal:58.22%, Gateμ:0.0247, Gate0%:0.0, MetaNormμ:6.1757
   -> Saved improved checkpoint: val_loss=1.179369 at epoch 5
Epoch 6/100 | Steps: 559 | LR: 0.000060 | Train Loss: 0.648139 (P:0.3144, S:0.0473, Q:0.3314) | Val Loss: 0.975163 (P:0.6386, S:0.4981, Q:0.3116) | Repr L2μ: 6.7747 Val L2μ: 4.5574 | Repr Cosμ: 0.8392 Val Cosμ: 0.9158 | Pred→Target Cosμ: 0.8820 Val Cosμ: 0.6587 | Repr NormRatio: 1.3208 Val NormRatio: 1.1815 | Train Meta: Scaleμ:0.8187, Signal|S|μ:0.9189, Delta|S|μ:0.5536, Delta/Signal:60.18%, Gateμ:0.0459, Gate0%:0.0, MetaNormμ:6.3182 | Val Meta: Scaleμ:0.8210, Signal|S|μ:0.9785, Delta|S|μ:0.6131, Delta/Signal:62.65%, Gateμ:0.0613, Gate0%:0.0, MetaNormμ:6.4249
   -> Saved improved checkpoint: val_loss=0.975163 at epoch 6
Epoch 7/100 | Steps: 559 | LR: 0.000070 | Train Loss: 0.547887 (P:0.2296, S:0.0477, Q:0.3159) | Val Loss: 0.977059 (P:0.6502, S:0.4858, Q:0.3026) | Repr L2μ: 8.5434 Val L2μ: 4.4418 | Repr Cosμ: 0.7614 Val Cosμ: 0.9355 | Pred→Target Cosμ: 0.8903 Val Cosμ: 0.6951 | Repr NormRatio: 1.3191 Val NormRatio: 1.0816 | Train Meta: Scaleμ:0.8229, Signal|S|μ:1.0986, Delta|S|μ:0.6484, Delta/Signal:59.15%, Gateμ:0.0597, Gate0%:0.0, MetaNormμ:6.5044 | Val Meta: Scaleμ:0.8250, Signal|S|μ:1.1595, Delta|S|μ:0.6159, Delta/Signal:53.12%, Gateμ:0.0659, Gate0%:0.0, MetaNormμ:6.6886
   -> Saved last checkpoint at epoch 7
Epoch 8/100 | Steps: 559 | LR: 0.000080 | Train Loss: 0.400743 (P:0.1474, S:0.0535, Q:0.2506) | Val Loss: 1.032262 (P:0.7945, S:0.5082, Q:0.2123) | Repr L2μ: 10.4115 Val L2μ: 7.4656 | Repr Cosμ: 0.6962 Val Cosμ: 0.8457 | Pred→Target Cosμ: 0.9183 Val Cosμ: 0.4960 | Repr NormRatio: 1.2043 Val NormRatio: 1.0267 | Train Meta: Scaleμ:0.8292, Signal|S|μ:1.2866, Delta|S|μ:0.6756, Delta/Signal:52.55%, Gateμ:0.0206, Gate0%:0.0, MetaNormμ:6.5578 | Val Meta: Scaleμ:0.8344, Signal|S|μ:1.3380, Delta|S|μ:0.6733, Delta/Signal:50.32%, Gateμ:0.0114, Gate0%:0.0, MetaNormμ:6.5526
   -> Saved last checkpoint at epoch 8
Epoch 9/100 | Steps: 559 | LR: 0.000090 | Train Loss: 0.262891 (P:0.1025, S:0.0534, Q:0.1577) | Val Loss: 0.638033 (P:0.4792, S:0.2942, Q:0.1441) | Repr L2μ: 11.5019 Val L2μ: 10.5454 | Repr Cosμ: 0.6537 Val Cosμ: 0.6978 | Pred→Target Cosμ: 0.9440 Val Cosμ: 0.7468 | Repr NormRatio: 1.1303 Val NormRatio: 1.0214 | Train Meta: Scaleμ:0.8409, Signal|S|μ:1.4446, Delta|S|μ:0.7549, Delta/Signal:52.21%, Gateμ:0.0159, Gate0%:0.0, MetaNormμ:6.6822 | Val Meta: Scaleμ:0.8476, Signal|S|μ:1.4688, Delta|S|μ:0.8211, Delta/Signal:55.90%, Gateμ:0.0259, Gate0%:0.0, MetaNormμ:6.8334
   -> Saved improved checkpoint: val_loss=0.638033 at epoch 9
Epoch 10/100 | Steps: 559 | LR: 0.000100 | Train Loss: 0.233174 (P:0.1081, S:0.0616, Q:0.1220) | Val Loss: 0.822460 (P:0.6811, S:0.3384, Q:0.1245) | Repr L2μ: 8.7724 Val L2μ: 6.8846 | Repr Cosμ: 0.8033 Val Cosμ: 0.8536 | Pred→Target Cosμ: 0.9504 Val Cosμ: 0.7670 | Repr NormRatio: 1.0440 Val NormRatio: 1.0175 | Train Meta: Scaleμ:0.8532, Signal|S|μ:1.5810, Delta|S|μ:0.8837, Delta/Signal:55.89%, Gateμ:0.0220, Gate0%:0.0, MetaNormμ:6.9257 | Val Meta: Scaleμ:0.8587, Signal|S|μ:1.6064, Delta|S|μ:0.9036, Delta/Signal:56.25%, Gateμ:0.0219, Gate0%:0.0, MetaNormμ:7.0230
   -> Saved last checkpoint at epoch 10
Epoch 11/100 | Steps: 559 | LR: 0.000100 | Train Loss: 0.225616 (P:0.1154, S:0.0673, Q:0.1068) | Val Loss: 0.830821 (P:0.6960, S:0.3193, Q:0.1188) | Repr L2μ: 7.9551 Val L2μ: 9.8777 | Repr Cosμ: 0.8340 Val Cosμ: 0.7232 | Pred→Target Cosμ: 0.9576 Val Cosμ: 0.7234 | Repr NormRatio: 1.0485 Val NormRatio: 1.0468 | Train Meta: Scaleμ:0.8639, Signal|S|μ:1.7363, Delta|S|μ:1.0167, Delta/Signal:58.53%, Gateμ:0.0345, Gate0%:0.0, MetaNormμ:7.1655 | Val Meta: Scaleμ:0.8688, Signal|S|μ:1.7583, Delta|S|μ:1.0698, Delta/Signal:60.84%, Gateμ:0.0400, Gate0%:0.0, MetaNormμ:7.2955
   -> Saved last checkpoint at epoch 11
Epoch 12/100 | Steps: 559 | LR: 0.000100 | Train Loss: 0.232874 (P:0.1334, S:0.0685, Q:0.0961) | Val Loss: 0.957836 (P:0.8229, S:0.4254, Q:0.1136) | Repr L2μ: 7.9860 Val L2μ: 5.5644 | Repr Cosμ: 0.8269 Val Cosμ: 0.9121 | Pred→Target Cosμ: 0.9634 Val Cosμ: 0.6758 | Repr NormRatio: 1.0476 Val NormRatio: 1.0092 | Train Meta: Scaleμ:0.8729, Signal|S|μ:1.8889, Delta|S|μ:1.1775, Delta/Signal:62.31%, Gateμ:0.0438, Gate0%:0.0, MetaNormμ:7.4020 | Val Meta: Scaleμ:0.8769, Signal|S|μ:1.8914, Delta|S|μ:1.2004, Delta/Signal:63.46%, Gateμ:0.0459, Gate0%:0.0, MetaNormμ:7.5037
   -> Saved last checkpoint at epoch 12
Epoch 13/100 | Steps: 559 | LR: 0.000100 | Train Loss: 0.222079 (P:0.1301, S:0.0653, Q:0.0888) | Val Loss: 0.855057 (P:0.7329, S:0.3740, Q:0.1034) | Repr L2μ: 6.6901 Val L2μ: 4.6992 | Repr Cosμ: 0.8783 Val Cosμ: 0.9421 | Pred→Target Cosμ: 0.9635 Val Cosμ: 0.7280 | Repr NormRatio: 1.0475 Val NormRatio: 1.0256 | Train Meta: Scaleμ:0.8804, Signal|S|μ:2.0125, Delta|S|μ:1.3006, Delta/Signal:64.62%, Gateμ:0.0473, Gate0%:0.0, MetaNormμ:7.5919 | Val Meta: Scaleμ:0.8840, Signal|S|μ:1.9894, Delta|S|μ:1.2959, Delta/Signal:65.14%, Gateμ:0.0451, Gate0%:0.0, MetaNormμ:7.6720
   -> Saved last checkpoint at epoch 13
Epoch 14/100 | Steps: 559 | LR: 0.000100 | Train Loss: 0.244174 (P:0.1620, S:0.0654, Q:0.0789) | Val Loss: 1.311692 (P:1.1953, S:0.3982, Q:0.0965) | Repr L2μ: 5.6475 Val L2μ: 3.4982 | Repr Cosμ: 0.9158 Val Cosμ: 0.9675 | Pred→Target Cosμ: 0.9647 Val Cosμ: 0.7202 | Repr NormRatio: 1.0339 Val NormRatio: 1.0045 | Train Meta: Scaleμ:0.8878, Signal|S|μ:2.1284, Delta|S|μ:1.4064, Delta/Signal:66.07%, Gateμ:0.0343, Gate0%:0.0, MetaNormμ:7.7716 | Val Meta: Scaleμ:0.8915, Signal|S|μ:2.1141, Delta|S|μ:1.4066, Delta/Signal:66.54%, Gateμ:0.0262, Gate0%:0.0, MetaNormμ:7.8598
   -> Saved last checkpoint at epoch 14
Epoch 15/100 | Steps: 559 | LR: 0.000099 | Train Loss: 0.276665 (P:0.2036, S:0.0747, Q:0.0693) | Val Loss: 1.610523 (P:1.4947, S:0.4400, Q:0.0938) | Repr L2μ: 4.4359 Val L2μ: 3.4673 | Repr Cosμ: 0.9463 Val Cosμ: 0.9679 | Pred→Target Cosμ: 0.9559 Val Cosμ: 0.8127 | Repr NormRatio: 1.0416 Val NormRatio: 1.0243 | Train Meta: Scaleμ:0.8956, Signal|S|μ:2.2525, Delta|S|μ:1.4887, Delta/Signal:66.08%, Gateμ:0.0011, Gate0%:0.0, MetaNormμ:7.9445 | Val Meta: Scaleμ:0.8999, Signal|S|μ:2.2336, Delta|S|μ:1.4955, Delta/Signal:66.95%, Gateμ:-0.0300, Gate0%:0.0, MetaNormμ:8.0244
   -> Saved last checkpoint at epoch 15
Epoch 16/100 | Steps: 559 | LR: 0.000099 | Train Loss: 0.249928 (P:0.1952, S:0.0623, Q:0.0516) | Val Loss: 1.420556 (P:1.3040, S:0.5807, Q:0.0875) | Repr L2μ: 4.1884 Val L2μ: 2.6500 | Repr Cosμ: 0.9547 Val Cosμ: 0.9813 | Pred→Target Cosμ: 0.9667 Val Cosμ: 0.6325 | Repr NormRatio: 1.0338 Val NormRatio: 1.0179 | Train Meta: Scaleμ:0.9045, Signal|S|μ:2.4391, Delta|S|μ:1.7109, Delta/Signal:70.11%, Gateμ:-0.0546, Gate0%:0.0, MetaNormμ:8.1957 | Val Meta: Scaleμ:0.9083, Signal|S|μ:2.4446, Delta|S|μ:1.7759, Delta/Signal:72.64%, Gateμ:-0.0671, Gate0%:0.0, MetaNormμ:8.3186
   -> Saved last checkpoint at epoch 16
Epoch 17/100 | Steps: 559 | LR: 0.000099 | Train Loss: 0.296012 (P:0.2494, S:0.0739, Q:0.0430) | Val Loss: 1.721663 (P:1.6499, S:0.4641, Q:0.0486) | Repr L2μ: 4.2169 Val L2μ: 3.2516 | Repr Cosμ: 0.9525 Val Cosμ: 0.9717 | Pred→Target Cosμ: 0.9606 Val Cosμ: 0.6429 | Repr NormRatio: 1.0243 Val NormRatio: 1.0126 | Train Meta: Scaleμ:0.9117, Signal|S|μ:2.6480, Delta|S|μ:1.9520, Delta/Signal:73.70%, Gateμ:-0.0845, Gate0%:0.0, MetaNormμ:8.3957 | Val Meta: Scaleμ:0.9148, Signal|S|μ:2.6226, Delta|S|μ:1.9481, Delta/Signal:74.28%, Gateμ:-0.0892, Gate0%:0.0, MetaNormμ:8.4566
   -> Saved last checkpoint at epoch 17
Epoch 18/100 | Steps: 559 | LR: 0.000098 | Train Loss: 0.246316 (P:0.2060, S:0.0686, Q:0.0369) | Val Loss: 1.450433 (P:1.3814, S:0.2211, Q:0.0579) | Repr L2μ: 4.7632 Val L2μ: 5.6199 | Repr Cosμ: 0.9401 Val Cosμ: 0.9126 | Pred→Target Cosμ: 0.9698 Val Cosμ: 0.8216 | Repr NormRatio: 1.0250 Val NormRatio: 1.0241 | Train Meta: Scaleμ:0.9175, Signal|S|μ:2.8411, Delta|S|μ:2.1413, Delta/Signal:75.36%, Gateμ:-0.1097, Gate0%:0.0, MetaNormμ:8.5243 | Val Meta: Scaleμ:0.9204, Signal|S|μ:2.8094, Delta|S|μ:2.1459, Delta/Signal:76.38%, Gateμ:-0.1207, Gate0%:0.0, MetaNormμ:8.5928
   -> Saved last checkpoint at epoch 18
Epoch 19/100 | Steps: 559 | LR: 0.000098 | Train Loss: 0.209244 (P:0.1756, S:0.0653, Q:0.0304) | Val Loss: 1.924169 (P:1.8606, S:0.4191, Q:0.0426) | Repr L2μ: 6.1234 Val L2μ: 4.0042 | Repr Cosμ: 0.8992 Val Cosμ: 0.9535 | Pred→Target Cosμ: 0.9744 Val Cosμ: 0.5216 | Repr NormRatio: 1.0518 Val NormRatio: 1.0368 | Train Meta: Scaleμ:0.9227, Signal|S|μ:3.0510, Delta|S|μ:2.3428, Delta/Signal:76.78%, Gateμ:-0.1451, Gate0%:0.0, MetaNormμ:8.6464 | Val Meta: Scaleμ:0.9250, Signal|S|μ:3.0209, Delta|S|μ:2.3724, Delta/Signal:78.53%, Gateμ:-0.1628, Gate0%:0.0, MetaNormμ:8.7663
   -> Saved last checkpoint at epoch 19
Epoch 20/100 | Steps: 559 | LR: 0.000097 | Train Loss: 0.237522 (P:0.2086, S:0.0683, Q:0.0255) | Val Loss: 1.645086 (P:1.5826, S:0.4556, Q:0.0397) | Repr L2μ: 4.0833 Val L2μ: 3.3667 | Repr Cosμ: 0.9553 Val Cosμ: 0.9705 | Pred→Target Cosμ: 0.9707 Val Cosμ: 0.5150 | Repr NormRatio: 1.0240 Val NormRatio: 1.0193 | Train Meta: Scaleμ:0.9272, Signal|S|μ:3.2559, Delta|S|μ:2.5566, Delta/Signal:78.52%, Gateμ:-0.1699, Gate0%:0.0, MetaNormμ:8.7794 | Val Meta: Scaleμ:0.9296, Signal|S|μ:3.1992, Delta|S|μ:2.5233, Delta/Signal:78.87%, Gateμ:-0.1892, Gate0%:0.0, MetaNormμ:8.8222
   -> Saved last checkpoint at epoch 20
Epoch 21/100 | Steps: 559 | LR: 0.000096 | Train Loss: 0.187643 (P:0.1641, S:0.0571, Q:0.0207) | Val Loss: 1.478862 (P:1.4144, S:0.6621, Q:0.0314) | Repr L2μ: 3.7667 Val L2μ: 2.2249 | Repr Cosμ: 0.9637 Val Cosμ: 0.9871 | Pred→Target Cosμ: 0.9782 Val Cosμ: 0.6503 | Repr NormRatio: 1.0165 Val NormRatio: 1.0077 | Train Meta: Scaleμ:0.9314, Signal|S|μ:3.4331, Delta|S|μ:2.7378, Delta/Signal:79.74%, Gateμ:-0.1973, Gate0%:0.0, MetaNormμ:8.8760 | Val Meta: Scaleμ:0.9331, Signal|S|μ:3.3583, Delta|S|μ:2.7073, Delta/Signal:80.61%, Gateμ:-0.2050, Gate0%:0.0, MetaNormμ:8.9340
   -> Saved last checkpoint at epoch 21
Epoch 22/100 | Steps: 559 | LR: 0.000096 | Train Loss: 0.190843 (P:0.1693, S:0.0580, Q:0.0186) | Val Loss: 1.491320 (P:1.4460, S:0.2964, Q:0.0305) | Repr L2μ: 3.2096 Val L2μ: 2.9708 | Repr Cosμ: 0.9741 Val Cosμ: 0.9761 | Pred→Target Cosμ: 0.9813 Val Cosμ: 0.6509 | Repr NormRatio: 1.0119 Val NormRatio: 1.0096 | Train Meta: Scaleμ:0.9348, Signal|S|μ:3.6093, Delta|S|μ:2.9268, Delta/Signal:81.09%, Gateμ:-0.2120, Gate0%:0.0, MetaNormμ:8.9666 | Val Meta: Scaleμ:0.9364, Signal|S|μ:3.5277, Delta|S|μ:2.8763, Delta/Signal:81.53%, Gateμ:-0.2170, Gate0%:0.0, MetaNormμ:8.9882
   -> Saved last checkpoint at epoch 22
Epoch 23/100 | Steps: 559 | LR: 0.000095 | Train Loss: 0.120725 (P:0.1001, S:0.0634, Q:0.0175) | Val Loss: 1.085576 (P:1.0442, S:0.3974, Q:0.0215) | Repr L2μ: 4.5179 Val L2μ: 3.9018 | Repr Cosμ: 0.9454 Val Cosμ: 0.9576 | Pred→Target Cosμ: 0.9778 Val Cosμ: 0.7091 | Repr NormRatio: 1.0127 Val NormRatio: 1.0034 | Train Meta: Scaleμ:0.9377, Signal|S|μ:3.7649, Delta|S|μ:3.0919, Delta/Signal:82.12%, Gateμ:-0.2189, Gate0%:0.0, MetaNormμ:9.0244 | Val Meta: Scaleμ:0.9392, Signal|S|μ:3.6534, Delta|S|μ:3.0050, Delta/Signal:82.25%, Gateμ:-0.2229, Gate0%:0.0, MetaNormμ:9.0366
   -> Saved last checkpoint at epoch 23
Epoch 24/100 | Steps: 559 | LR: 0.000094 | Train Loss: 0.111493 (P:0.0920, S:0.0597, Q:0.0166) | Val Loss: 1.132730 (P:1.0918, S:0.3279, Q:0.0245) | Repr L2μ: 5.0204 Val L2μ: 4.1439 | Repr Cosμ: 0.9342 Val Cosμ: 0.9525 | Pred→Target Cosμ: 0.9822 Val Cosμ: 0.7736 | Repr NormRatio: 1.0191 Val NormRatio: 1.0083 | Train Meta: Scaleμ:0.9404, Signal|S|μ:3.9042, Delta|S|μ:3.2308, Delta/Signal:82.75%, Gateμ:-0.2237, Gate0%:0.0, MetaNormμ:9.0746 | Val Meta: Scaleμ:0.9416, Signal|S|μ:3.7987, Delta|S|μ:3.1544, Delta/Signal:83.04%, Gateμ:-0.2271, Gate0%:0.0, MetaNormμ:9.1092
   -> Saved last checkpoint at epoch 24
Epoch 25/100 | Steps: 559 | LR: 0.000093 | Train Loss: 0.094553 (P:0.0759, S:0.0559, Q:0.0158) | Val Loss: 1.114313 (P:1.0812, S:0.2787, Q:0.0192) | Repr L2μ: 5.9019 Val L2μ: 5.3899 | Repr Cosμ: 0.9072 Val Cosμ: 0.9188 | Pred→Target Cosμ: 0.9843 Val Cosμ: 0.8008 | Repr NormRatio: 1.0392 Val NormRatio: 1.0235 | Train Meta: Scaleμ:0.9428, Signal|S|μ:4.0629, Delta|S|μ:3.3873, Delta/Signal:83.37%, Gateμ:-0.2319, Gate0%:0.0, MetaNormμ:9.1196 | Val Meta: Scaleμ:0.9440, Signal|S|μ:3.9568, Delta|S|μ:3.2953, Delta/Signal:83.28%, Gateμ:-0.2353, Gate0%:0.0, MetaNormμ:9.1145
   -> Saved last checkpoint at epoch 25
Epoch 26/100 | Steps: 559 | LR: 0.000092 | Train Loss: 0.121962 (P:0.1027, S:0.0624, Q:0.0162) | Val Loss: 1.430611 (P:1.3969, S:0.2881, Q:0.0193) | Repr L2μ: 4.6656 Val L2μ: 3.6634 | Repr Cosμ: 0.9370 Val Cosμ: 0.9618 | Pred→Target Cosμ: 0.9757 Val Cosμ: 0.8512 | Repr NormRatio: 1.0460 Val NormRatio: 1.0335 | Train Meta: Scaleμ:0.9455, Signal|S|μ:4.2307, Delta|S|μ:3.5565, Delta/Signal:84.06%, Gateμ:-0.2441, Gate0%:0.0, MetaNormμ:9.1638 | Val Meta: Scaleμ:0.9467, Signal|S|μ:4.0898, Delta|S|μ:3.4545, Delta/Signal:84.46%, Gateμ:-0.2505, Gate0%:0.0, MetaNormμ:9.1934
   -> Saved last checkpoint at epoch 26
Epoch 27/100 | Steps: 559 | LR: 0.000092 | Train Loss: 0.074078 (P:0.0563, S:0.0567, Q:0.0149) | Val Loss: 1.075644 (P:1.0408, S:0.3418, Q:0.0177) | Repr L2μ: 5.0969 Val L2μ: 3.9592 | Repr Cosμ: 0.9306 Val Cosμ: 0.9572 | Pred→Target Cosμ: 0.9818 Val Cosμ: 0.6963 | Repr NormRatio: 1.0251 Val NormRatio: 1.0146 | Train Meta: Scaleμ:0.9477, Signal|S|μ:4.3722, Delta|S|μ:3.6882, Delta/Signal:84.36%, Gateμ:-0.2522, Gate0%:0.0, MetaNormμ:9.1822 | Val Meta: Scaleμ:0.9487, Signal|S|μ:4.2451, Delta|S|μ:3.5744, Delta/Signal:84.20%, Gateμ:-0.2578, Gate0%:0.0, MetaNormμ:9.1749
   -> Saved last checkpoint at epoch 27
Epoch 28/100 | Steps: 559 | LR: 0.000091 | Train Loss: 0.054311 (P:0.0379, S:0.0527, Q:0.0137) | Val Loss: 0.881992 (P:0.8542, S:0.2020, Q:0.0177) | Repr L2μ: 6.5044 Val L2μ: 5.0817 | Repr Cosμ: 0.8864 Val Cosμ: 0.9291 | Pred→Target Cosμ: 0.9850 Val Cosμ: 0.7476 | Repr NormRatio: 1.0475 Val NormRatio: 1.0203 | Train Meta: Scaleμ:0.9497, Signal|S|μ:4.5403, Delta|S|μ:3.8392, Delta/Signal:84.56%, Gateμ:-0.2615, Gate0%:0.0, MetaNormμ:9.1941 | Val Meta: Scaleμ:0.9507, Signal|S|μ:4.4097, Delta|S|μ:3.7362, Delta/Signal:84.73%, Gateμ:-0.2616, Gate0%:0.0, MetaNormμ:9.1968
   -> Saved last checkpoint at epoch 28
Epoch 29/100 | Steps: 559 | LR: 0.000090 | Train Loss: 0.040405 (P:0.0253, S:0.0498, Q:0.0126) | Val Loss: 0.926478 (P:0.8929, S:0.3384, Q:0.0166) | Repr L2μ: 6.7846 Val L2μ: 4.5079 | Repr Cosμ: 0.8774 Val Cosμ: 0.9413 | Pred→Target Cosμ: 0.9884 Val Cosμ: 0.7164 | Repr NormRatio: 1.0490 Val NormRatio: 1.0494 | Train Meta: Scaleμ:0.9517, Signal|S|μ:4.7272, Delta|S|μ:4.0197, Delta/Signal:85.03%, Gateμ:-0.2697, Gate0%:0.0, MetaNormμ:9.2197 | Val Meta: Scaleμ:0.9527, Signal|S|μ:4.5912, Delta|S|μ:3.9184, Delta/Signal:85.34%, Gateμ:-0.2766, Gate0%:0.0, MetaNormμ:9.2417
   -> Saved last checkpoint at epoch 29
Epoch 30/100 | Steps: 559 | LR: 0.000088 | Train Loss: 0.039069 (P:0.0250, S:0.0464, Q:0.0118) | Val Loss: 0.666052 (P:0.6318, S:0.2589, Q:0.0214) | Repr L2μ: 5.6222 Val L2μ: 4.1304 | Repr Cosμ: 0.9171 Val Cosμ: 0.9530 | Pred→Target Cosμ: 0.9883 Val Cosμ: 0.8262 | Repr NormRatio: 1.0359 Val NormRatio: 1.0172 | Train Meta: Scaleμ:0.9537, Signal|S|μ:4.9038, Delta|S|μ:4.1914, Delta/Signal:85.47%, Gateμ:-0.2792, Gate0%:0.0, MetaNormμ:9.2442 | Val Meta: Scaleμ:0.9547, Signal|S|μ:4.7515, Delta|S|μ:4.0917, Delta/Signal:86.11%, Gateμ:-0.2867, Gate0%:0.0, MetaNormμ:9.2727
   -> Saved last checkpoint at epoch 30
Epoch 31/100 | Steps: 559 | LR: 0.000087 | Train Loss: 0.032921 (P:0.0197, S:0.0425, Q:0.0111) | Val Loss: 0.576810 (P:0.5450, S:0.2968, Q:0.0169) | Repr L2μ: 6.0489 Val L2μ: 4.6169 | Repr Cosμ: 0.9043 Val Cosμ: 0.9405 | Pred→Target Cosμ: 0.9897 Val Cosμ: 0.8717 | Repr NormRatio: 1.0306 Val NormRatio: 1.0261 | Train Meta: Scaleμ:0.9556, Signal|S|μ:5.0853, Delta|S|μ:4.3709, Delta/Signal:85.95%, Gateμ:-0.2843, Gate0%:0.0, MetaNormμ:9.2546 | Val Meta: Scaleμ:0.9564, Signal|S|μ:4.9284, Delta|S|μ:4.2410, Delta/Signal:86.05%, Gateμ:-0.2826, Gate0%:0.0, MetaNormμ:9.2674
   -> Saved improved checkpoint: val_loss=0.576810 at epoch 31
Epoch 32/100 | Steps: 559 | LR: 0.000086 | Train Loss: 0.033224 (P:0.0208, S:0.0413, Q:0.0104) | Val Loss: 0.662787 (P:0.6350, S:0.2583, Q:0.0148) | Repr L2μ: 6.6095 Val L2μ: 5.7458 | Repr Cosμ: 0.8857 Val Cosμ: 0.9030 | Pred→Target Cosμ: 0.9892 Val Cosμ: 0.7607 | Repr NormRatio: 1.0441 Val NormRatio: 1.0811 | Train Meta: Scaleμ:0.9573, Signal|S|μ:5.2581, Delta|S|μ:4.5354, Delta/Signal:86.26%, Gateμ:-0.2887, Gate0%:0.0, MetaNormμ:9.2613 | Val Meta: Scaleμ:0.9581, Signal|S|μ:5.0884, Delta|S|μ:4.3865, Delta/Signal:86.20%, Gateμ:-0.2884, Gate0%:0.0, MetaNormμ:9.2511
   -> Saved last checkpoint at epoch 32
Epoch 33/100 | Steps: 559 | LR: 0.000085 | Train Loss: 0.047868 (P:0.0350, S:0.0541, Q:0.0102) | Val Loss: 0.727609 (P:0.6998, S:0.2792, Q:0.0139) | Repr L2μ: 6.9233 Val L2μ: 5.2061 | Repr Cosμ: 0.8693 Val Cosμ: 0.9243 | Pred→Target Cosμ: 0.9857 Val Cosμ: 0.8544 | Repr NormRatio: 1.0553 Val NormRatio: 1.0277 | Train Meta: Scaleμ:0.9589, Signal|S|μ:5.4143, Delta|S|μ:4.6817, Delta/Signal:86.47%, Gateμ:-0.2958, Gate0%:0.0, MetaNormμ:9.2616 | Val Meta: Scaleμ:0.9596, Signal|S|μ:5.2237, Delta|S|μ:4.5069, Delta/Signal:86.28%, Gateμ:-0.2956, Gate0%:0.0, MetaNormμ:9.2183
   -> Saved last checkpoint at epoch 33
Epoch 34/100 | Steps: 559 | LR: 0.000084 | Train Loss: 0.035389 (P:0.0235, S:0.0447, Q:0.0097) | Val Loss: 0.658069 (P:0.6208, S:0.3822, Q:0.0181) | Repr L2μ: 7.2777 Val L2μ: 5.4743 | Repr Cosμ: 0.8575 Val Cosμ: 0.9143 | Pred→Target Cosμ: 0.9882 Val Cosμ: 0.7196 | Repr NormRatio: 1.0427 Val NormRatio: 1.0060 | Train Meta: Scaleμ:0.9602, Signal|S|μ:5.5549, Delta|S|μ:4.8131, Delta/Signal:86.65%, Gateμ:-0.3003, Gate0%:0.0, MetaNormμ:9.2505 | Val Meta: Scaleμ:0.9608, Signal|S|μ:5.3578, Delta|S|μ:4.6765, Delta/Signal:87.28%, Gateμ:-0.3028, Gate0%:0.0, MetaNormμ:9.2756
   -> Saved last checkpoint at epoch 34
Epoch 35/100 | Steps: 559 | LR: 0.000082 | Train Loss: 0.031739 (P:0.0203, S:0.0425, Q:0.0093) | Val Loss: 0.567541 (P:0.5384, S:0.3192, Q:0.0131) | Repr L2μ: 7.8895 Val L2μ: 7.2278 | Repr Cosμ: 0.8302 Val Cosμ: 0.8454 | Pred→Target Cosμ: 0.9891 Val Cosμ: 0.8003 | Repr NormRatio: 1.0261 Val NormRatio: 1.0153 | Train Meta: Scaleμ:0.9613, Signal|S|μ:5.6847, Delta|S|μ:4.9402, Delta/Signal:86.90%, Gateμ:-0.3044, Gate0%:0.0, MetaNormμ:9.2490 | Val Meta: Scaleμ:0.9619, Signal|S|μ:5.4736, Delta|S|μ:4.7689, Delta/Signal:87.12%, Gateμ:-0.3083, Gate0%:0.0, MetaNormμ:9.2528
   -> Saved improved checkpoint: val_loss=0.567541 at epoch 35
Epoch 36/100 | Steps: 559 | LR: 0.000081 | Train Loss: 0.035649 (P:0.0243, S:0.0463, Q:0.0090) | Val Loss: 0.618711 (P:0.5881, S:0.3597, Q:0.0127) | Repr L2μ: 8.2235 Val L2μ: 5.8112 | Repr Cosμ: 0.8104 Val Cosμ: 0.8977 | Pred→Target Cosμ: 0.9889 Val Cosμ: 0.8102 | Repr NormRatio: 1.0429 Val NormRatio: 1.0205 | Train Meta: Scaleμ:0.9625, Signal|S|μ:5.8139, Delta|S|μ:5.0609, Delta/Signal:87.05%, Gateμ:-0.3117, Gate0%:0.0, MetaNormμ:9.2482 | Val Meta: Scaleμ:0.9631, Signal|S|μ:5.5785, Delta|S|μ:4.8645, Delta/Signal:87.20%, Gateμ:-0.3203, Gate0%:0.0, MetaNormμ:9.2469
   -> Saved last checkpoint at epoch 36
Epoch 37/100 | Steps: 559 | LR: 0.000080 | Train Loss: 0.038503 (P:0.0279, S:0.0507, Q:0.0081) | Val Loss: 0.644439 (P:0.6155, S:0.3170, Q:0.0131) | Repr L2μ: 7.6935 Val L2μ: 4.9537 | Repr Cosμ: 0.8279 Val Cosμ: 0.9208 | Pred→Target Cosμ: 0.9883 Val Cosμ: 0.7936 | Repr NormRatio: 1.0541 Val NormRatio: 1.0336 | Train Meta: Scaleμ:0.9637, Signal|S|μ:5.9235, Delta|S|μ:5.1692, Delta/Signal:87.27%, Gateμ:-0.3294, Gate0%:0.0, MetaNormμ:9.2739 | Val Meta: Scaleμ:0.9643, Signal|S|μ:5.7321, Delta|S|μ:5.0144, Delta/Signal:87.48%, Gateμ:-0.3357, Gate0%:0.0, MetaNormμ:9.2590
   -> Saved last checkpoint at epoch 37
Epoch 38/100 | Steps: 559 | LR: 0.000078 | Train Loss: 0.030026 (P:0.0199, S:0.0481, Q:0.0077) | Val Loss: 0.543449 (P:0.5199, S:0.2121, Q:0.0129) | Repr L2μ: 7.2033 Val L2μ: 7.2942 | Repr Cosμ: 0.8513 Val Cosμ: 0.8365 | Pred→Target Cosμ: 0.9904 Val Cosμ: 0.8233 | Repr NormRatio: 1.0424 Val NormRatio: 1.0304 | Train Meta: Scaleμ:0.9648, Signal|S|μ:6.0514, Delta|S|μ:5.3008, Delta/Signal:87.60%, Gateμ:-0.3328, Gate0%:0.0, MetaNormμ:9.2942 | Val Meta: Scaleμ:0.9652, Signal|S|μ:5.7837, Delta|S|μ:5.0945, Delta/Signal:88.08%, Gateμ:-0.3431, Gate0%:0.0, MetaNormμ:9.3236
   -> Saved improved checkpoint: val_loss=0.543449 at epoch 38
Epoch 39/100 | Steps: 559 | LR: 0.000077 | Train Loss: 0.025166 (P:0.0158, S:0.0411, Q:0.0074) | Val Loss: 0.486534 (P:0.4600, S:0.2837, Q:0.0124) | Repr L2μ: 8.0001 Val L2μ: 7.6341 | Repr Cosμ: 0.8198 Val Cosμ: 0.8203 | Pred→Target Cosμ: 0.9916 Val Cosμ: 0.8135 | Repr NormRatio: 1.0490 Val NormRatio: 1.0310 | Train Meta: Scaleμ:0.9656, Signal|S|μ:6.1221, Delta|S|μ:5.3698, Delta/Signal:87.71%, Gateμ:-0.3338, Gate0%:0.0, MetaNormμ:9.3070 | Val Meta: Scaleμ:0.9659, Signal|S|μ:5.8599, Delta|S|μ:5.1527, Delta/Signal:87.93%, Gateμ:-0.3346, Gate0%:0.0, MetaNormμ:9.3049
   -> Saved improved checkpoint: val_loss=0.486534 at epoch 39
Epoch 40/100 | Steps: 559 | LR: 0.000075 | Train Loss: 0.027025 (P:0.0178, S:0.0395, Q:0.0072) | Val Loss: 0.437092 (P:0.4123, S:0.2504, Q:0.0123) | Repr L2μ: 8.5538 Val L2μ: 8.3135 | Repr Cosμ: 0.7929 Val Cosμ: 0.7825 | Pred→Target Cosμ: 0.9909 Val Cosμ: 0.8457 | Repr NormRatio: 1.0602 Val NormRatio: 1.0505 | Train Meta: Scaleμ:0.9663, Signal|S|μ:6.2095, Delta|S|μ:5.4603, Delta/Signal:87.93%, Gateμ:-0.3352, Gate0%:0.0, MetaNormμ:9.3075 | Val Meta: Scaleμ:0.9666, Signal|S|μ:5.9365, Delta|S|μ:5.2149, Delta/Signal:87.84%, Gateμ:-0.3338, Gate0%:0.0, MetaNormμ:9.2981
   -> Saved improved checkpoint: val_loss=0.437092 at epoch 40
Epoch 41/100 | Steps: 559 | LR: 0.000074 | Train Loss: 0.035983 (P:0.0263, S:0.0464, Q:0.0073) | Val Loss: 0.743910 (P:0.7135, S:0.3419, Q:0.0133) | Repr L2μ: 8.2666 Val L2μ: 4.1500 | Repr Cosμ: 0.7984 Val Cosμ: 0.9453 | Pred→Target Cosμ: 0.9881 Val Cosμ: 0.8000 | Repr NormRatio: 1.0678 Val NormRatio: 1.0258 | Train Meta: Scaleμ:0.9669, Signal|S|μ:6.2886, Delta|S|μ:5.5463, Delta/Signal:88.20%, Gateμ:-0.3418, Gate0%:0.0, MetaNormμ:9.3158 | Val Meta: Scaleμ:0.9672, Signal|S|μ:5.9627, Delta|S|μ:5.3021, Delta/Signal:88.92%, Gateμ:-0.3517, Gate0%:0.0, MetaNormμ:9.3588
   -> Saved last checkpoint at epoch 41
Epoch 42/100 | Steps: 559 | LR: 0.000072 | Train Loss: 0.028092 (P:0.0188, S:0.0453, Q:0.0070) | Val Loss: 0.495097 (P:0.4675, S:0.3128, Q:0.0120) | Repr L2μ: 6.4852 Val L2μ: 5.1152 | Repr Cosμ: 0.8808 Val Cosμ: 0.9177 | Pred→Target Cosμ: 0.9907 Val Cosμ: 0.8458 | Repr NormRatio: 1.0328 Val NormRatio: 1.0317 | Train Meta: Scaleμ:0.9676, Signal|S|μ:6.2994, Delta|S|μ:5.5646, Delta/Signal:88.34%, Gateμ:-0.3419, Gate0%:0.0, MetaNormμ:9.3049 | Val Meta: Scaleμ:0.9679, Signal|S|μ:6.0014, Delta|S|μ:5.3354, Delta/Signal:88.90%, Gateμ:-0.3524, Gate0%:0.0, MetaNormμ:9.3259
   -> Saved last checkpoint at epoch 42
Epoch 43/100 | Steps: 559 | LR: 0.000071 | Train Loss: 0.025298 (P:0.0163, S:0.0414, Q:0.0070) | Val Loss: 0.533759 (P:0.5102, S:0.2140, Q:0.0129) | Repr L2μ: 6.9421 Val L2μ: 6.7535 | Repr Cosμ: 0.8636 Val Cosμ: 0.8550 | Pred→Target Cosμ: 0.9917 Val Cosμ: 0.8151 | Repr NormRatio: 1.0334 Val NormRatio: 1.0707 | Train Meta: Scaleμ:0.9682, Signal|S|μ:6.3486, Delta|S|μ:5.6170, Delta/Signal:88.48%, Gateμ:-0.3419, Gate0%:0.0, MetaNormμ:9.3047 | Val Meta: Scaleμ:0.9685, Signal|S|μ:6.0405, Delta|S|μ:5.4024, Delta/Signal:89.44%, Gateμ:-0.3542, Gate0%:0.0, MetaNormμ:9.3860
   -> Saved last checkpoint at epoch 43
Epoch 44/100 | Steps: 559 | LR: 0.000069 | Train Loss: 0.034572 (P:0.0251, S:0.0509, Q:0.0069) | Val Loss: 0.516024 (P:0.4916, S:0.2439, Q:0.0122) | Repr L2μ: 6.1101 Val L2μ: 5.0820 | Repr Cosμ: 0.8913 Val Cosμ: 0.9186 | Pred→Target Cosμ: 0.9887 Val Cosμ: 0.7985 | Repr NormRatio: 1.0525 Val NormRatio: 1.0457 | Train Meta: Scaleμ:0.9688, Signal|S|μ:6.3736, Delta|S|μ:5.6523, Delta/Signal:88.68%, Gateμ:-0.3472, Gate0%:0.0, MetaNormμ:9.2926 | Val Meta: Scaleμ:0.9690, Signal|S|μ:6.0456, Delta|S|μ:5.3804, Delta/Signal:89.00%, Gateμ:-0.3505, Gate0%:0.0, MetaNormμ:9.3158
   -> Saved last checkpoint at epoch 44
Epoch 45/100 | Steps: 559 | LR: 0.000067 | Train Loss: 0.023414 (P:0.0147, S:0.0425, Q:0.0066) | Val Loss: 0.514213 (P:0.4927, S:0.2653, Q:0.0082) | Repr L2μ: 7.5748 Val L2μ: 6.8467 | Repr Cosμ: 0.8289 Val Cosμ: 0.8470 | Pred→Target Cosμ: 0.9923 Val Cosμ: 0.8015 | Repr NormRatio: 1.0483 Val NormRatio: 1.0306 | Train Meta: Scaleμ:0.9692, Signal|S|μ:6.3996, Delta|S|μ:5.6834, Delta/Signal:88.81%, Gateμ:-0.3491, Gate0%:0.0, MetaNormμ:9.2992 | Val Meta: Scaleμ:0.9695, Signal|S|μ:6.0961, Delta|S|μ:5.4263, Delta/Signal:89.01%, Gateμ:-0.3496, Gate0%:0.0, MetaNormμ:9.3082
   -> Saved last checkpoint at epoch 45
Epoch 46/100 | Steps: 559 | LR: 0.000066 | Train Loss: 0.022408 (P:0.0140, S:0.0416, Q:0.0064) | Val Loss: 0.614404 (P:0.5899, S:0.3463, Q:0.0072) | Repr L2μ: 8.3053 Val L2μ: 6.4126 | Repr Cosμ: 0.7925 Val Cosμ: 0.8698 | Pred→Target Cosμ: 0.9924 Val Cosμ: 0.7624 | Repr NormRatio: 1.0470 Val NormRatio: 1.0273 | Train Meta: Scaleμ:0.9699, Signal|S|μ:6.4585, Delta|S|μ:5.7489, Delta/Signal:89.01%, Gateμ:-0.3535, Gate0%:0.0, MetaNormμ:9.2988 | Val Meta: Scaleμ:0.9703, Signal|S|μ:6.1527, Delta|S|μ:5.5036, Delta/Signal:89.45%, Gateμ:-0.3608, Gate0%:0.0, MetaNormμ:9.3122
   -> Saved last checkpoint at epoch 46
Epoch 47/100 | Steps: 559 | LR: 0.000064 | Train Loss: 0.027191 (P:0.0185, S:0.0469, Q:0.0064) | Val Loss: 0.596645 (P:0.5727, S:0.3255, Q:0.0076) | Repr L2μ: 8.0400 Val L2μ: 7.3510 | Repr Cosμ: 0.8006 Val Cosμ: 0.8121 | Pred→Target Cosμ: 0.9912 Val Cosμ: 0.7806 | Repr NormRatio: 1.1232 Val NormRatio: 1.1317 | Train Meta: Scaleμ:0.9705, Signal|S|μ:6.5349, Delta|S|μ:5.8292, Delta/Signal:89.20%, Gateμ:-0.3579, Gate0%:0.0, MetaNormμ:9.3036 | Val Meta: Scaleμ:0.9707, Signal|S|μ:6.2052, Delta|S|μ:5.5322, Delta/Signal:89.15%, Gateμ:-0.3570, Gate0%:0.0, MetaNormμ:9.2958
   -> Saved last checkpoint at epoch 47
Epoch 48/100 | Steps: 559 | LR: 0.000062 | Train Loss: 0.022864 (P:0.0147, S:0.0415, Q:0.0061) | Val Loss: 0.655282 (P:0.6326, S:0.2888, Q:0.0082) | Repr L2μ: 9.1139 Val L2μ: 6.7264 | Repr Cosμ: 0.7309 Val Cosμ: 0.8475 | Pred→Target Cosμ: 0.9926 Val Cosμ: 0.7776 | Repr NormRatio: 1.1791 Val NormRatio: 1.1149 | Train Meta: Scaleμ:0.9710, Signal|S|μ:6.5715, Delta|S|μ:5.8676, Delta/Signal:89.29%, Gateμ:-0.3572, Gate0%:0.0, MetaNormμ:9.2986 | Val Meta: Scaleμ:0.9712, Signal|S|μ:6.2450, Delta|S|μ:5.5758, Delta/Signal:89.28%, Gateμ:-0.3550, Gate0%:0.0, MetaNormμ:9.2899
   -> Saved last checkpoint at epoch 48
Epoch 49/100 | Steps: 559 | LR: 0.000061 | Train Loss: 0.023602 (P:0.0154, S:0.0421, Q:0.0061) | Val Loss: 0.650446 (P:0.6265, S:0.3287, Q:0.0076) | Repr L2μ: 9.1907 Val L2μ: 7.5772 | Repr Cosμ: 0.7101 Val Cosμ: 0.8012 | Pred→Target Cosμ: 0.9924 Val Cosμ: 0.7669 | Repr NormRatio: 1.2761 Val NormRatio: 1.1064 | Train Meta: Scaleμ:0.9715, Signal|S|μ:6.6168, Delta|S|μ:5.9151, Delta/Signal:89.39%, Gateμ:-0.3570, Gate0%:0.0, MetaNormμ:9.2974 | Val Meta: Scaleμ:0.9717, Signal|S|μ:6.2867, Delta|S|μ:5.6457, Delta/Signal:89.80%, Gateμ:-0.3599, Gate0%:0.0, MetaNormμ:9.3134
   -> Saved last checkpoint at epoch 49
Epoch 50/100 | Steps: 559 | LR: 0.000059 | Train Loss: 0.022388 (P:0.0144, S:0.0408, Q:0.0060) | Val Loss: 0.610290 (P:0.5817, S:0.4005, Q:0.0086) | Repr L2μ: 10.0215 Val L2μ: 7.7467 | Repr Cosμ: 0.6483 Val Cosμ: 0.7861 | Pred→Target Cosμ: 0.9927 Val Cosμ: 0.7737 | Repr NormRatio: 1.3133 Val NormRatio: 1.1388 | Train Meta: Scaleμ:0.9719, Signal|S|μ:6.6613, Delta|S|μ:5.9596, Delta/Signal:89.47%, Gateμ:-0.3571, Gate0%:0.0, MetaNormμ:9.2975 | Val Meta: Scaleμ:0.9721, Signal|S|μ:6.3243, Delta|S|μ:5.6631, Delta/Signal:89.54%, Gateμ:-0.3551, Gate0%:0.0, MetaNormμ:9.3097
   -> Saved last checkpoint at epoch 50
Epoch 51/100 | Steps: 559 | LR: 0.000057 | Train Loss: 0.022963 (P:0.0149, S:0.0406, Q:0.0060) | Val Loss: 0.566467 (P:0.5401, S:0.3820, Q:0.0073) | Repr L2μ: 9.7916 Val L2μ: 7.5279 | Repr Cosμ: 0.6729 Val Cosμ: 0.8020 | Pred→Target Cosμ: 0.9923 Val Cosμ: 0.7629 | Repr NormRatio: 1.2904 Val NormRatio: 1.0995 | Train Meta: Scaleμ:0.9722, Signal|S|μ:6.6923, Delta|S|μ:5.9958, Delta/Signal:89.59%, Gateμ:-0.3571, Gate0%:0.0, MetaNormμ:9.2944 | Val Meta: Scaleμ:0.9724, Signal|S|μ:6.3474, Delta|S|μ:5.6816, Delta/Signal:89.51%, Gateμ:-0.3592, Gate0%:0.0, MetaNormμ:9.2825
   -> Saved last checkpoint at epoch 51
Epoch 52/100 | Steps: 559 | LR: 0.000056 | Train Loss: 0.020583 (P:0.0128, S:0.0385, Q:0.0058) | Val Loss: 0.529170 (P:0.5049, S:0.3302, Q:0.0078) | Repr L2μ: 10.7222 Val L2μ: 8.6921 | Repr Cosμ: 0.5950 Val Cosμ: 0.7100 | Pred→Target Cosμ: 0.9932 Val Cosμ: 0.7888 | Repr NormRatio: 1.3369 Val NormRatio: 1.2252 | Train Meta: Scaleμ:0.9725, Signal|S|μ:6.7239, Delta|S|μ:6.0178, Delta/Signal:89.50%, Gateμ:-0.3571, Gate0%:0.0, MetaNormμ:9.2820 | Val Meta: Scaleμ:0.9727, Signal|S|μ:6.3842, Delta|S|μ:5.7209, Delta/Signal:89.61%, Gateμ:-0.3602, Gate0%:0.0, MetaNormμ:9.2818
   -> Saved last checkpoint at epoch 52
Epoch 53/100 | Steps: 559 | LR: 0.000054 | Train Loss: 0.019581 (P:0.0120, S:0.0366, Q:0.0058) | Val Loss: 0.485500 (P:0.4609, S:0.3403, Q:0.0076) | Repr L2μ: 10.9651 Val L2μ: 7.6743 | Repr Cosμ: 0.5709 Val Cosμ: 0.7967 | Pred→Target Cosμ: 0.9935 Val Cosμ: 0.8053 | Repr NormRatio: 1.3764 Val NormRatio: 1.1011 | Train Meta: Scaleμ:0.9728, Signal|S|μ:6.7711, Delta|S|μ:6.0602, Delta/Signal:89.50%, Gateμ:-0.3588, Gate0%:0.0, MetaNormμ:9.2739 | Val Meta: Scaleμ:0.9730, Signal|S|μ:6.4299, Delta|S|μ:5.7796, Delta/Signal:89.89%, Gateμ:-0.3701, Gate0%:0.0, MetaNormμ:9.2938
   -> Saved last checkpoint at epoch 53
Epoch 54/100 | Steps: 559 | LR: 0.000052 | Train Loss: 0.020198 (P:0.0126, S:0.0372, Q:0.0057) | Val Loss: 0.462996 (P:0.4423, S:0.2697, Q:0.0072) | Repr L2μ: 10.3635 Val L2μ: 8.1487 | Repr Cosμ: 0.6290 Val Cosμ: 0.7699 | Pred→Target Cosμ: 0.9931 Val Cosμ: 0.8199 | Repr NormRatio: 1.3035 Val NormRatio: 1.1007 | Train Meta: Scaleμ:0.9731, Signal|S|μ:6.8170, Delta|S|μ:6.1060, Delta/Signal:89.57%, Gateμ:-0.3605, Gate0%:0.0, MetaNormμ:9.2746 | Val Meta: Scaleμ:0.9732, Signal|S|μ:6.4707, Delta|S|μ:5.8037, Delta/Signal:89.69%, Gateμ:-0.3656, Gate0%:0.0, MetaNormμ:9.2757
   -> Saved last checkpoint at epoch 54
Epoch 55/100 | Steps: 559 | LR: 0.000051 | Train Loss: 0.019776 (P:0.0122, S:0.0372, Q:0.0057) | Val Loss: 0.449105 (P:0.4289, S:0.2547, Q:0.0075) | Repr L2μ: 10.6960 Val L2μ: 7.7029 | Repr Cosμ: 0.5825 Val Cosμ: 0.8015 | Pred→Target Cosμ: 0.9933 Val Cosμ: 0.8243 | Repr NormRatio: 1.3662 Val NormRatio: 1.0716 | Train Meta: Scaleμ:0.9734, Signal|S|μ:6.8626, Delta|S|μ:6.1493, Delta/Signal:89.61%, Gateμ:-0.3603, Gate0%:0.0, MetaNormμ:9.2620 | Val Meta: Scaleμ:0.9736, Signal|S|μ:6.5120, Delta|S|μ:5.8372, Delta/Signal:89.64%, Gateμ:-0.3584, Gate0%:0.0, MetaNormμ:9.2632
   -> Saved last checkpoint at epoch 55
Epoch 56/100 | Steps: 559 | LR: 0.000049 | Train Loss: 0.020129 (P:0.0126, S:0.0367, Q:0.0057) | Val Loss: 0.425222 (P:0.4033, S:0.2937, Q:0.0072) | Repr L2μ: 10.3195 Val L2μ: 8.4918 | Repr Cosμ: 0.6293 Val Cosμ: 0.7340 | Pred→Target Cosμ: 0.9931 Val Cosμ: 0.8100 | Repr NormRatio: 1.3347 Val NormRatio: 1.2819 | Train Meta: Scaleμ:0.9737, Signal|S|μ:6.9080, Delta|S|μ:6.2034, Delta/Signal:89.80%, Gateμ:-0.3623, Gate0%:0.0, MetaNormμ:9.2668 | Val Meta: Scaleμ:0.9738, Signal|S|μ:6.5547, Delta|S|μ:5.8909, Delta/Signal:89.87%, Gateμ:-0.3624, Gate0%:0.0, MetaNormμ:9.2633
   -> Saved improved checkpoint: val_loss=0.425222 at epoch 56
Epoch 57/100 | Steps: 559 | LR: 0.000047 | Train Loss: 0.019621 (P:0.0121, S:0.0367, Q:0.0056) | Val Loss: 0.434805 (P:0.4134, S:0.2905, Q:0.0069) | Repr L2μ: 9.8525 Val L2μ: 7.0512 | Repr Cosμ: 0.6630 Val Cosμ: 0.8348 | Pred→Target Cosμ: 0.9932 Val Cosμ: 0.8366 | Repr NormRatio: 1.2727 Val NormRatio: 1.0643 | Train Meta: Scaleμ:0.9739, Signal|S|μ:6.9556, Delta|S|μ:6.2452, Delta/Signal:89.79%, Gateμ:-0.3615, Gate0%:0.0, MetaNormμ:9.2625 | Val Meta: Scaleμ:0.9740, Signal|S|μ:6.6016, Delta|S|μ:5.9212, Delta/Signal:89.69%, Gateμ:-0.3588, Gate0%:0.0, MetaNormμ:9.2568
   -> Saved last checkpoint at epoch 57
Epoch 58/100 | Steps: 559 | LR: 0.000045 | Train Loss: 0.019444 (P:0.0121, S:0.0368, Q:0.0055) | Val Loss: 0.431285 (P:0.4102, S:0.2675, Q:0.0077) | Repr L2μ: 9.9045 Val L2μ: 8.2458 | Repr Cosμ: 0.6642 Val Cosμ: 0.7379 | Pred→Target Cosμ: 0.9933 Val Cosμ: 0.8180 | Repr NormRatio: 1.2214 Val NormRatio: 1.3267 | Train Meta: Scaleμ:0.9741, Signal|S|μ:7.0076, Delta|S|μ:6.2895, Delta/Signal:89.75%, Gateμ:-0.3621, Gate0%:0.0, MetaNormμ:9.2589 | Val Meta: Scaleμ:0.9742, Signal|S|μ:6.6461, Delta|S|μ:5.9891, Delta/Signal:90.11%, Gateμ:-0.3656, Gate0%:0.0, MetaNormμ:9.2750
   -> Saved last checkpoint at epoch 58
Epoch 59/100 | Steps: 559 | LR: 0.000044 | Train Loss: 0.021455 (P:0.0139, S:0.0378, Q:0.0056) | Val Loss: 0.527858 (P:0.5009, S:0.3735, Q:0.0083) | Repr L2μ: 9.3739 Val L2μ: 6.8083 | Repr Cosμ: 0.6881 Val Cosμ: 0.8434 | Pred→Target Cosμ: 0.9923 Val Cosμ: 0.7757 | Repr NormRatio: 1.2897 Val NormRatio: 1.0633 | Train Meta: Scaleμ:0.9743, Signal|S|μ:7.0519, Delta|S|μ:6.3399, Delta/Signal:89.90%, Gateμ:-0.3643, Gate0%:0.0, MetaNormμ:9.2560 | Val Meta: Scaleμ:0.9744, Signal|S|μ:6.6953, Delta|S|μ:6.0199, Delta/Signal:89.91%, Gateμ:-0.3638, Gate0%:0.0, MetaNormμ:9.2393
   -> Saved last checkpoint at epoch 59
Epoch 60/100 | Steps: 559 | LR: 0.000042 | Train Loss: 0.020105 (P:0.0127, S:0.0374, Q:0.0055) | Val Loss: 0.489900 (P:0.4695, S:0.2592, Q:0.0074) | Repr L2μ: 9.9063 Val L2μ: 7.5250 | Repr Cosμ: 0.6550 Val Cosμ: 0.8075 | Pred→Target Cosμ: 0.9928 Val Cosμ: 0.7970 | Repr NormRatio: 1.3520 Val NormRatio: 1.0691 | Train Meta: Scaleμ:0.9745, Signal|S|μ:7.1064, Delta|S|μ:6.3836, Delta/Signal:89.83%, Gateμ:-0.3649, Gate0%:0.0, MetaNormμ:9.2477 | Val Meta: Scaleμ:0.9746, Signal|S|μ:6.7249, Delta|S|μ:6.0626, Delta/Signal:90.15%, Gateμ:-0.3705, Gate0%:0.0, MetaNormμ:9.2614
   -> Saved last checkpoint at epoch 60
Epoch 61/100 | Steps: 559 | LR: 0.000040 | Train Loss: 0.019244 (P:0.0120, S:0.0361, Q:0.0054) | Val Loss: 0.488282 (P:0.4685, S:0.2614, Q:0.0068) | Repr L2μ: 9.0564 Val L2μ: 7.7986 | Repr Cosμ: 0.7363 Val Cosμ: 0.7892 | Pred→Target Cosμ: 0.9934 Val Cosμ: 0.7994 | Repr NormRatio: 1.1143 Val NormRatio: 1.1130 | Train Meta: Scaleμ:0.9748, Signal|S|μ:7.1250, Delta|S|μ:6.4022, Delta/Signal:89.86%, Gateμ:-0.3652, Gate0%:0.0, MetaNormμ:9.2492 | Val Meta: Scaleμ:0.9749, Signal|S|μ:6.7510, Delta|S|μ:6.0678, Delta/Signal:89.88%, Gateμ:-0.3648, Gate0%:0.0, MetaNormμ:9.2383
   -> Saved last checkpoint at epoch 61
Epoch 62/100 | Steps: 559 | LR: 0.000039 | Train Loss: 0.018166 (P:0.0110, S:0.0343, Q:0.0054) | Val Loss: 0.443182 (P:0.4248, S:0.2361, Q:0.0066) | Repr L2μ: 9.5185 Val L2μ: 7.7727 | Repr Cosμ: 0.7016 Val Cosμ: 0.7903 | Pred→Target Cosμ: 0.9937 Val Cosμ: 0.8078 | Repr NormRatio: 1.1439 Val NormRatio: 1.1211 | Train Meta: Scaleμ:0.9750, Signal|S|μ:7.1596, Delta|S|μ:6.4321, Delta/Signal:89.84%, Gateμ:-0.3651, Gate0%:0.0, MetaNormμ:9.2437 | Val Meta: Scaleμ:0.9752, Signal|S|μ:6.7805, Delta|S|μ:6.1101, Delta/Signal:90.11%, Gateμ:-0.3691, Gate0%:0.0, MetaNormμ:9.2371
   -> Saved last checkpoint at epoch 62
Epoch 63/100 | Steps: 559 | LR: 0.000037 | Train Loss: 0.017997 (P:0.0109, S:0.0342, Q:0.0054) | Val Loss: 0.436821 (P:0.4165, S:0.2668, Q:0.0070) | Repr L2μ: 8.9763 Val L2μ: 7.4616 | Repr Cosμ: 0.7356 Val Cosμ: 0.8073 | Pred→Target Cosμ: 0.9938 Val Cosμ: 0.8232 | Repr NormRatio: 1.1532 Val NormRatio: 1.1151 | Train Meta: Scaleμ:0.9753, Signal|S|μ:7.1964, Delta|S|μ:6.4698, Delta/Signal:89.90%, Gateμ:-0.3662, Gate0%:0.0, MetaNormμ:9.2351 | Val Meta: Scaleμ:0.9754, Signal|S|μ:6.8204, Delta|S|μ:6.1155, Delta/Signal:89.67%, Gateμ:-0.3597, Gate0%:0.0, MetaNormμ:9.2135
   -> Saved last checkpoint at epoch 63
Epoch 64/100 | Steps: 559 | LR: 0.000035 | Train Loss: 0.017711 (P:0.0107, S:0.0336, Q:0.0054) | Val Loss: 0.418402 (P:0.3987, S:0.2644, Q:0.0065) | Repr L2μ: 9.4299 Val L2μ: 7.3578 | Repr Cosμ: 0.7029 Val Cosμ: 0.8150 | Pred→Target Cosμ: 0.9940 Val Cosμ: 0.8134 | Repr NormRatio: 1.1779 Val NormRatio: 1.1018 | Train Meta: Scaleμ:0.9756, Signal|S|μ:7.2374, Delta|S|μ:6.5100, Delta/Signal:89.95%, Gateμ:-0.3661, Gate0%:0.0, MetaNormμ:9.2295 | Val Meta: Scaleμ:0.9757, Signal|S|μ:6.8571, Delta|S|μ:6.1833, Delta/Signal:90.17%, Gateμ:-0.3689, Gate0%:0.0, MetaNormμ:9.2372
   -> Saved improved checkpoint: val_loss=0.418402 at epoch 64
Epoch 65/100 | Steps: 559 | LR: 0.000034 | Train Loss: 0.018753 (P:0.0117, S:0.0337, Q:0.0054) | Val Loss: 0.414363 (P:0.3916, S:0.3171, Q:0.0069) | Repr L2μ: 8.7481 Val L2μ: 6.4125 | Repr Cosμ: 0.7451 Val Cosμ: 0.8629 | Pred→Target Cosμ: 0.9939 Val Cosμ: 0.8032 | Repr NormRatio: 1.1856 Val NormRatio: 1.0729 | Train Meta: Scaleμ:0.9758, Signal|S|μ:7.2791, Delta|S|μ:6.5576, Delta/Signal:90.09%, Gateμ:-0.3682, Gate0%:0.0, MetaNormμ:9.2298 | Val Meta: Scaleμ:0.9759, Signal|S|μ:6.8904, Delta|S|μ:6.2200, Delta/Signal:90.27%, Gateμ:-0.3715, Gate0%:0.0, MetaNormμ:9.2324
   -> Saved improved checkpoint: val_loss=0.414363 at epoch 65
Epoch 66/100 | Steps: 559 | LR: 0.000032 | Train Loss: 0.018410 (P:0.0114, S:0.0336, Q:0.0054) | Val Loss: 0.436289 (P:0.4128, S:0.3337, Q:0.0068) | Repr L2μ: 8.6780 Val L2μ: 6.1704 | Repr Cosμ: 0.7444 Val Cosμ: 0.8723 | Pred→Target Cosμ: 0.9938 Val Cosμ: 0.7934 | Repr NormRatio: 1.2317 Val NormRatio: 1.0699 | Train Meta: Scaleμ:0.9760, Signal|S|μ:7.3119, Delta|S|μ:6.5915, Delta/Signal:90.15%, Gateμ:-0.3691, Gate0%:0.0, MetaNormμ:9.2277 | Val Meta: Scaleμ:0.9761, Signal|S|μ:6.9099, Delta|S|μ:6.2311, Delta/Signal:90.18%, Gateμ:-0.3653, Gate0%:0.0, MetaNormμ:9.2182
   -> Saved last checkpoint at epoch 66
Epoch 67/100 | Steps: 559 | LR: 0.000030 | Train Loss: 0.019956 (P:0.0129, S:0.0337, Q:0.0054) | Val Loss: 0.430110 (P:0.4075, S:0.3227, Q:0.0065) | Repr L2μ: 8.3237 Val L2μ: 5.1778 | Repr Cosμ: 0.7560 Val Cosμ: 0.9123 | Pred→Target Cosμ: 0.9932 Val Cosμ: 0.7914 | Repr NormRatio: 1.4161 Val NormRatio: 1.0461 | Train Meta: Scaleμ:0.9762, Signal|S|μ:7.3338, Delta|S|μ:6.6181, Delta/Signal:90.24%, Gateμ:-0.3709, Gate0%:0.0, MetaNormμ:9.2261 | Val Meta: Scaleμ:0.9763, Signal|S|μ:6.9272, Delta|S|μ:6.2674, Delta/Signal:90.48%, Gateμ:-0.3739, Gate0%:0.0, MetaNormμ:9.2348
   -> Saved last checkpoint at epoch 67
Epoch 68/100 | Steps: 559 | LR: 0.000029 | Train Loss: 0.018303 (P:0.0113, S:0.0338, Q:0.0053) | Val Loss: 0.353432 (P:0.3324, S:0.3006, Q:0.0060) | Repr L2μ: 7.6770 Val L2μ: 5.3339 | Repr Cosμ: 0.8011 Val Cosμ: 0.9076 | Pred→Target Cosμ: 0.9937 Val Cosμ: 0.8264 | Repr NormRatio: 1.2433 Val NormRatio: 1.0483 | Train Meta: Scaleμ:0.9764, Signal|S|μ:7.3483, Delta|S|μ:6.6281, Delta/Signal:90.20%, Gateμ:-0.3702, Gate0%:0.0, MetaNormμ:9.2165 | Val Meta: Scaleμ:0.9766, Signal|S|μ:6.9430, Delta|S|μ:6.2665, Delta/Signal:90.26%, Gateμ:-0.3712, Gate0%:0.0, MetaNormμ:9.2059
   -> Saved improved checkpoint: val_loss=0.353432 at epoch 68
Epoch 69/100 | Steps: 559 | LR: 0.000027 | Train Loss: 0.021295 (P:0.0142, S:0.0343, Q:0.0054) | Val Loss: 0.388901 (P:0.3676, S:0.3167, Q:0.0055) | Repr L2μ: 6.1969 Val L2μ: 4.2132 | Repr Cosμ: 0.8708 Val Cosμ: 0.9431 | Pred→Target Cosμ: 0.9932 Val Cosμ: 0.8094 | Repr NormRatio: 1.3380 Val NormRatio: 1.0313 | Train Meta: Scaleμ:0.9766, Signal|S|μ:7.3565, Delta|S|μ:6.6452, Delta/Signal:90.33%, Gateμ:-0.3713, Gate0%:0.0, MetaNormμ:9.2113 | Val Meta: Scaleμ:0.9767, Signal|S|μ:6.9461, Delta|S|μ:6.2698, Delta/Signal:90.26%, Gateμ:-0.3711, Gate0%:0.0, MetaNormμ:9.1950
   -> Saved last checkpoint at epoch 69
Epoch 70/100 | Steps: 559 | LR: 0.000026 | Train Loss: 0.016153 (P:0.0092, S:0.0332, Q:0.0053) | Val Loss: 0.402533 (P:0.3789, S:0.3620, Q:0.0055) | Repr L2μ: 5.4171 Val L2μ: 4.5130 | Repr Cosμ: 0.9110 Val Cosμ: 0.9335 | Pred→Target Cosμ: 0.9945 Val Cosμ: 0.8131 | Repr NormRatio: 1.0512 Val NormRatio: 1.0413 | Train Meta: Scaleμ:0.9767, Signal|S|μ:7.3681, Delta|S|μ:6.6541, Delta/Signal:90.31%, Gateμ:-0.3725, Gate0%:0.0, MetaNormμ:9.2077 | Val Meta: Scaleμ:0.9768, Signal|S|μ:6.9637, Delta|S|μ:6.2924, Delta/Signal:90.36%, Gateμ:-0.3708, Gate0%:0.0, MetaNormμ:9.2091
   -> Saved last checkpoint at epoch 70
Epoch 71/100 | Steps: 559 | LR: 0.000024 | Train Loss: 0.015611 (P:0.0088, S:0.0322, Q:0.0052) | Val Loss: 0.387232 (P:0.3638, S:0.3681, Q:0.0050) | Repr L2μ: 5.8151 Val L2μ: 4.6104 | Repr Cosμ: 0.8963 Val Cosμ: 0.9295 | Pred→Target Cosμ: 0.9947 Val Cosμ: 0.8060 | Repr NormRatio: 1.0652 Val NormRatio: 1.0512 | Train Meta: Scaleμ:0.9769, Signal|S|μ:7.3880, Delta|S|μ:6.6677, Delta/Signal:90.25%, Gateμ:-0.3704, Gate0%:0.0, MetaNormμ:9.2044 | Val Meta: Scaleμ:0.9770, Signal|S|μ:6.9815, Delta|S|μ:6.3075, Delta/Signal:90.34%, Gateμ:-0.3700, Gate0%:0.0, MetaNormμ:9.2063
   -> Saved last checkpoint at epoch 71
Epoch 72/100 | Steps: 559 | LR: 0.000023 | Train Loss: 0.015367 (P:0.0086, S:0.0317, Q:0.0052) | Val Loss: 0.406964 (P:0.3827, S:0.3841, Q:0.0051) | Repr L2μ: 5.8929 Val L2μ: 4.7131 | Repr Cosμ: 0.8928 Val Cosμ: 0.9259 | Pred→Target Cosμ: 0.9947 Val Cosμ: 0.7988 | Repr NormRatio: 1.0706 Val NormRatio: 1.0551 | Train Meta: Scaleμ:0.9771, Signal|S|μ:7.4085, Delta|S|μ:6.6869, Delta/Signal:90.26%, Gateμ:-0.3698, Gate0%:0.0, MetaNormμ:9.2045 | Val Meta: Scaleμ:0.9772, Signal|S|μ:7.0057, Delta|S|μ:6.3163, Delta/Signal:90.16%, Gateμ:-0.3667, Gate0%:0.0, MetaNormμ:9.1958
   -> Saved last checkpoint at epoch 72
Epoch 73/100 | Steps: 559 | LR: 0.000021 | Train Loss: 0.025246 (P:0.0179, S:0.0355, Q:0.0055) | Val Loss: 0.323872 (P:0.3027, S:0.3331, Q:0.0045) | Repr L2μ: 6.4100 Val L2μ: 3.6327 | Repr Cosμ: 0.8469 Val Cosμ: 0.9587 | Pred→Target Cosμ: 0.9918 Val Cosμ: 0.8218 | Repr NormRatio: 1.7580 Val NormRatio: 1.0247 | Train Meta: Scaleμ:0.9772, Signal|S|μ:7.4426, Delta|S|μ:6.7279, Delta/Signal:90.40%, Gateμ:-0.3723, Gate0%:0.0, MetaNormμ:9.2215 | Val Meta: Scaleμ:0.9772, Signal|S|μ:7.0213, Delta|S|μ:6.3754, Delta/Signal:90.80%, Gateμ:-0.3797, Gate0%:0.0, MetaNormμ:9.2386
   -> Saved improved checkpoint: val_loss=0.323872 at epoch 73
Epoch 74/100 | Steps: 559 | LR: 0.000020 | Train Loss: 0.024459 (P:0.0172, S:0.0358, Q:0.0054) | Val Loss: 0.409022 (P:0.3853, S:0.3845, Q:0.0045) | Repr L2μ: 4.3953 Val L2μ: 2.7209 | Repr Cosμ: 0.9279 Val Cosμ: 0.9774 | Pred→Target Cosμ: 0.9926 Val Cosμ: 0.8010 | Repr NormRatio: 1.5440 Val NormRatio: 1.0142 | Train Meta: Scaleμ:0.9772, Signal|S|μ:7.4382, Delta|S|μ:6.7317, Delta/Signal:90.50%, Gateμ:-0.3729, Gate0%:0.0, MetaNormμ:9.2174 | Val Meta: Scaleμ:0.9772, Signal|S|μ:7.0160, Delta|S|μ:6.3451, Delta/Signal:90.44%, Gateμ:-0.3728, Gate0%:0.0, MetaNormμ:9.1987
   -> Saved last checkpoint at epoch 74
Epoch 75/100 | Steps: 559 | LR: 0.000019 | Train Loss: 0.015503 (P:0.0087, S:0.0321, Q:0.0052) | Val Loss: 0.418941 (P:0.3953, S:0.3751, Q:0.0048) | Repr L2μ: 3.6033 Val L2μ: 2.8722 | Repr Cosμ: 0.9625 Val Cosμ: 0.9745 | Pred→Target Cosμ: 0.9945 Val Cosμ: 0.7866 | Repr NormRatio: 1.0255 Val NormRatio: 1.0174 | Train Meta: Scaleμ:0.9773, Signal|S|μ:7.4375, Delta|S|μ:6.7158, Delta/Signal:90.30%, Gateμ:-0.3713, Gate0%:0.0, MetaNormμ:9.1948 | Val Meta: Scaleμ:0.9773, Signal|S|μ:7.0176, Delta|S|μ:6.3391, Delta/Signal:90.33%, Gateμ:-0.3701, Gate0%:0.0, MetaNormμ:9.1945
   -> Saved last checkpoint at epoch 75
Epoch 76/100 | Steps: 559 | LR: 0.000017 | Train Loss: 0.015043 (P:0.0083, S:0.0315, Q:0.0052) | Val Loss: 0.425088 (P:0.4004, S:0.4018, Q:0.0046) | Repr L2μ: 3.8055 Val L2μ: 2.9621 | Repr Cosμ: 0.9578 Val Cosμ: 0.9727 | Pred→Target Cosμ: 0.9947 Val Cosμ: 0.7809 | Repr NormRatio: 1.0300 Val NormRatio: 1.0194 | Train Meta: Scaleμ:0.9774, Signal|S|μ:7.4410, Delta|S|μ:6.7159, Delta/Signal:90.26%, Gateμ:-0.3705, Gate0%:0.0, MetaNormμ:9.1921 | Val Meta: Scaleμ:0.9774, Signal|S|μ:7.0205, Delta|S|μ:6.3424, Delta/Signal:90.34%, Gateμ:-0.3705, Gate0%:0.0, MetaNormμ:9.1935
   -> Saved last checkpoint at epoch 76
Epoch 77/100 | Steps: 559 | LR: 0.000016 | Train Loss: 0.014995 (P:0.0083, S:0.0313, Q:0.0052) | Val Loss: 0.436717 (P:0.4126, S:0.3942, Q:0.0044) | Repr L2μ: 3.9443 Val L2μ: 3.0294 | Repr Cosμ: 0.9543 Val Cosμ: 0.9712 | Pred→Target Cosμ: 0.9948 Val Cosμ: 0.7744 | Repr NormRatio: 1.0370 Val NormRatio: 1.0209 | Train Meta: Scaleμ:0.9774, Signal|S|μ:7.4455, Delta|S|μ:6.7211, Delta/Signal:90.27%, Gateμ:-0.3704, Gate0%:0.0, MetaNormμ:9.1931 | Val Meta: Scaleμ:0.9775, Signal|S|μ:7.0255, Delta|S|μ:6.3547, Delta/Signal:90.45%, Gateμ:-0.3726, Gate0%:0.0, MetaNormμ:9.1969
   -> Saved last checkpoint at epoch 77
Epoch 78/100 | Steps: 559 | LR: 0.000015 | Train Loss: 0.015088 (P:0.0084, S:0.0314, Q:0.0052) | Val Loss: 0.422956 (P:0.3991, S:0.3805, Q:0.0048) | Repr L2μ: 4.0488 Val L2μ: 3.1218 | Repr Cosμ: 0.9514 Val Cosμ: 0.9693 | Pred→Target Cosμ: 0.9948 Val Cosμ: 0.7790 | Repr NormRatio: 1.0462 Val NormRatio: 1.0230 | Train Meta: Scaleμ:0.9775, Signal|S|μ:7.4522, Delta|S|μ:6.7308, Delta/Signal:90.32%, Gateμ:-0.3706, Gate0%:0.0, MetaNormμ:9.1920 | Val Meta: Scaleμ:0.9776, Signal|S|μ:7.0344, Delta|S|μ:6.3460, Delta/Signal:90.21%, Gateμ:-0.3658, Gate0%:0.0, MetaNormμ:9.1815
   -> Saved last checkpoint at epoch 78
Epoch 79/100 | Steps: 559 | LR: 0.000014 | Train Loss: 0.027312 (P:0.0199, S:0.0397, Q:0.0054) | Val Loss: 0.358271 (P:0.3380, S:0.3176, Q:0.0044) | Repr L2μ: 5.1123 Val L2μ: 2.6644 | Repr Cosμ: 0.8952 Val Cosμ: 0.9786 | Pred→Target Cosμ: 0.9908 Val Cosμ: 0.8075 | Repr NormRatio: 2.0593 Val NormRatio: 1.0119 | Train Meta: Scaleμ:0.9776, Signal|S|μ:7.4568, Delta|S|μ:6.7464, Delta/Signal:90.47%, Gateμ:-0.3737, Gate0%:0.0, MetaNormμ:9.1940 | Val Meta: Scaleμ:0.9777, Signal|S|μ:7.0342, Delta|S|μ:6.3793, Delta/Signal:90.69%, Gateμ:-0.3731, Gate0%:0.0, MetaNormμ:9.2020
   -> Saved last checkpoint at epoch 79
Epoch 80/100 | Steps: 559 | LR: 0.000013 | Train Loss: 0.027548 (P:0.0204, S:0.0391, Q:0.0052) | Val Loss: 0.358411 (P:0.3351, S:0.3722, Q:0.0047) | Repr L2μ: 4.6508 Val L2μ: 2.4545 | Repr Cosμ: 0.9131 Val Cosμ: 0.9820 | Pred→Target Cosμ: 0.9917 Val Cosμ: 0.8115 | Repr NormRatio: 2.1939 Val NormRatio: 1.0117 | Train Meta: Scaleμ:0.9777, Signal|S|μ:7.4587, Delta|S|μ:6.7503, Delta/Signal:90.50%, Gateμ:-0.3710, Gate0%:0.0, MetaNormμ:9.1944 | Val Meta: Scaleμ:0.9777, Signal|S|μ:7.0349, Delta|S|μ:6.3788, Delta/Signal:90.67%, Gateμ:-0.3726, Gate0%:0.0, MetaNormμ:9.1998
   -> Saved last checkpoint at epoch 80
Epoch 81/100 | Steps: 559 | LR: 0.000011 | Train Loss: 0.028047 (P:0.0209, S:0.0385, Q:0.0053) | Val Loss: 0.337344 (P:0.3147, S:0.3619, Q:0.0046) | Repr L2μ: 4.2698 Val L2μ: 2.2175 | Repr Cosμ: 0.9256 Val Cosμ: 0.9854 | Pred→Target Cosμ: 0.9915 Val Cosμ: 0.8500 | Repr NormRatio: 2.1520 Val NormRatio: 1.0107 | Train Meta: Scaleμ:0.9777, Signal|S|μ:7.4590, Delta|S|μ:6.7480, Delta/Signal:90.47%, Gateμ:-0.3712, Gate0%:0.0, MetaNormμ:9.1864 | Val Meta: Scaleμ:0.9776, Signal|S|μ:7.0371, Delta|S|μ:6.3461, Delta/Signal:90.18%, Gateμ:-0.3672, Gate0%:0.0, MetaNormμ:9.1624
   -> Saved last checkpoint at epoch 81
Epoch 82/100 | Steps: 559 | LR: 0.000010 | Train Loss: 0.027345 (P:0.0202, S:0.0380, Q:0.0053) | Val Loss: 0.353723 (P:0.3287, S:0.3888, Q:0.0056) | Repr L2μ: 4.0261 Val L2μ: 2.0357 | Repr Cosμ: 0.9326 Val Cosμ: 0.9878 | Pred→Target Cosμ: 0.9919 Val Cosμ: 0.8381 | Repr NormRatio: 2.1605 Val NormRatio: 1.0083 | Train Meta: Scaleμ:0.9776, Signal|S|μ:7.4586, Delta|S|μ:6.7428, Delta/Signal:90.40%, Gateμ:-0.3705, Gate0%:0.0, MetaNormμ:9.1771 | Val Meta: Scaleμ:0.9776, Signal|S|μ:7.0317, Delta|S|μ:6.4228, Delta/Signal:91.34%, Gateμ:-0.3862, Gate0%:0.0, MetaNormμ:9.2418
   -> Saved last checkpoint at epoch 82
Epoch 83/100 | Steps: 559 | LR: 0.000009 | Train Loss: 0.028254 (P:0.0211, S:0.0375, Q:0.0053) | Val Loss: 0.358890 (P:0.3345, S:0.4018, Q:0.0043) | Repr L2μ: 3.6759 Val L2μ: 1.8937 | Repr Cosμ: 0.9437 Val Cosμ: 0.9894 | Pred→Target Cosμ: 0.9918 Val Cosμ: 0.8052 | Repr NormRatio: 1.9999 Val NormRatio: 1.0075 | Train Meta: Scaleμ:0.9776, Signal|S|μ:7.4533, Delta|S|μ:6.7549, Delta/Signal:90.63%, Gateμ:-0.3714, Gate0%:0.0, MetaNormμ:9.1922 | Val Meta: Scaleμ:0.9776, Signal|S|μ:7.0294, Delta|S|μ:6.3861, Delta/Signal:90.85%, Gateμ:-0.3758, Gate0%:0.0, MetaNormμ:9.2043
   -> Saved last checkpoint at epoch 83
Epoch 84/100 | Steps: 559 | LR: 0.000009 | Train Loss: 0.027223 (P:0.0201, S:0.0382, Q:0.0052) | Val Loss: 0.370598 (P:0.3457, S:0.4062, Q:0.0045) | Repr L2μ: 3.8563 Val L2μ: 1.8957 | Repr Cosμ: 0.9349 Val Cosμ: 0.9894 | Pred→Target Cosμ: 0.9921 Val Cosμ: 0.8207 | Repr NormRatio: 2.1688 Val NormRatio: 1.0091 | Train Meta: Scaleμ:0.9776, Signal|S|μ:7.4490, Delta|S|μ:6.7456, Delta/Signal:90.56%, Gateμ:-0.3722, Gate0%:0.0, MetaNormμ:9.1820 | Val Meta: Scaleμ:0.9776, Signal|S|μ:7.0231, Delta|S|μ:6.3606, Delta/Signal:90.57%, Gateμ:-0.3704, Gate0%:0.0, MetaNormμ:9.1787
   -> Saved last checkpoint at epoch 84
Epoch 85/100 | Steps: 559 | LR: 0.000008 | Train Loss: 0.027244 (P:0.0201, S:0.0375, Q:0.0052) | Val Loss: 0.363590 (P:0.3385, S:0.4121, Q:0.0045) | Repr L2μ: 3.5263 Val L2μ: 1.7414 | Repr Cosμ: 0.9461 Val Cosμ: 0.9911 | Pred→Target Cosμ: 0.9920 Val Cosμ: 0.8308 | Repr NormRatio: 2.0491 Val NormRatio: 1.0071 | Train Meta: Scaleμ:0.9776, Signal|S|μ:7.4448, Delta|S|μ:6.7457, Delta/Signal:90.61%, Gateμ:-0.3720, Gate0%:0.0, MetaNormμ:9.1840 | Val Meta: Scaleμ:0.9776, Signal|S|μ:7.0206, Delta|S|μ:6.3459, Delta/Signal:90.39%, Gateμ:-0.3655, Gate0%:0.0, MetaNormμ:9.1663
   -> Saved last checkpoint at epoch 85
Epoch 86/100 | Steps: 559 | LR: 0.000007 | Train Loss: 0.026471 (P:0.0193, S:0.0379, Q:0.0052) | Val Loss: 0.358529 (P:0.3326, S:0.4324, Q:0.0043) | Repr L2μ: 3.4971 Val L2μ: 1.7054 | Repr Cosμ: 0.9456 Val Cosμ: 0.9914 | Pred→Target Cosμ: 0.9922 Val Cosμ: 0.8284 | Repr NormRatio: 2.0776 Val NormRatio: 1.0073 | Train Meta: Scaleμ:0.9776, Signal|S|μ:7.4443, Delta|S|μ:6.7422, Delta/Signal:90.57%, Gateμ:-0.3705, Gate0%:0.0, MetaNormμ:9.1823 | Val Meta: Scaleμ:0.9776, Signal|S|μ:7.0212, Delta|S|μ:6.3587, Delta/Signal:90.56%, Gateμ:-0.3699, Gate0%:0.0, MetaNormμ:9.1798
   -> Saved last checkpoint at epoch 86
Epoch 87/100 | Steps: 559 | LR: 0.000006 | Train Loss: 0.025348 (P:0.0182, S:0.0379, Q:0.0052) | Val Loss: 0.349024 (P:0.3229, S:0.4309, Q:0.0046) | Repr L2μ: 3.3929 Val L2μ: 1.6191 | Repr Cosμ: 0.9484 Val Cosμ: 0.9923 | Pred→Target Cosμ: 0.9923 Val Cosμ: 0.8168 | Repr NormRatio: 2.0244 Val NormRatio: 1.0064 | Train Meta: Scaleμ:0.9776, Signal|S|μ:7.4444, Delta|S|μ:6.7345, Delta/Signal:90.46%, Gateμ:-0.3691, Gate0%:0.0, MetaNormμ:9.1743 | Val Meta: Scaleμ:0.9776, Signal|S|μ:7.0210, Delta|S|μ:6.3493, Delta/Signal:90.43%, Gateμ:-0.3663, Gate0%:0.0, MetaNormμ:9.1725
   -> Saved last checkpoint at epoch 87
Epoch 88/100 | Steps: 559 | LR: 0.000005 | Train Loss: 0.023889 (P:0.0168, S:0.0373, Q:0.0052) | Val Loss: 0.358101 (P:0.3320, S:0.4364, Q:0.0043) | Repr L2μ: 3.2668 Val L2μ: 1.6350 | Repr Cosμ: 0.9522 Val Cosμ: 0.9921 | Pred→Target Cosμ: 0.9926 Val Cosμ: 0.7991 | Repr NormRatio: 2.0388 Val NormRatio: 1.0076 | Train Meta: Scaleμ:0.9776, Signal|S|μ:7.4435, Delta|S|μ:6.7425, Delta/Signal:90.58%, Gateμ:-0.3708, Gate0%:0.0, MetaNormμ:9.1823 | Val Meta: Scaleμ:0.9776, Signal|S|μ:7.0194, Delta|S|μ:6.3663, Delta/Signal:90.69%, Gateμ:-0.3719, Gate0%:0.0, MetaNormμ:9.1867
   -> Saved last checkpoint at epoch 88
Epoch 89/100 | Steps: 559 | LR: 0.000005 | Train Loss: 0.024684 (P:0.0176, S:0.0375, Q:0.0052) | Val Loss: 0.359077 (P:0.3334, S:0.4276, Q:0.0043) | Repr L2μ: 3.2490 Val L2μ: 1.5696 | Repr Cosμ: 0.9523 Val Cosμ: 0.9928 | Pred→Target Cosμ: 0.9926 Val Cosμ: 0.8110 | Repr NormRatio: 2.0315 Val NormRatio: 1.0067 | Train Meta: Scaleμ:0.9776, Signal|S|μ:7.4412, Delta|S|μ:6.7368, Delta/Signal:90.53%, Gateμ:-0.3687, Gate0%:0.0, MetaNormμ:9.1800 | Val Meta: Scaleμ:0.9776, Signal|S|μ:7.0169, Delta|S|μ:6.3587, Delta/Signal:90.62%, Gateμ:-0.3696, Gate0%:0.0, MetaNormμ:9.1813
   -> Saved last checkpoint at epoch 89
Epoch 90/100 | Steps: 559 | LR: 0.000004 | Train Loss: 0.024047 (P:0.0170, S:0.0372, Q:0.0052) | Val Loss: 0.357805 (P:0.3302, S:0.4613, Q:0.0045) | Repr L2μ: 3.1929 Val L2μ: 1.5269 | Repr Cosμ: 0.9537 Val Cosμ: 0.9932 | Pred→Target Cosμ: 0.9929 Val Cosμ: 0.7909 | Repr NormRatio: 2.0266 Val NormRatio: 1.0062 | Train Meta: Scaleμ:0.9776, Signal|S|μ:7.4400, Delta|S|μ:6.7437, Delta/Signal:90.64%, Gateμ:-0.3708, Gate0%:0.0, MetaNormμ:9.1869 | Val Meta: Scaleμ:0.9776, Signal|S|μ:7.0169, Delta|S|μ:6.3506, Delta/Signal:90.50%, Gateμ:-0.3667, Gate0%:0.0, MetaNormμ:9.1756
   -> Saved last checkpoint at epoch 90
Epoch 91/100 | Steps: 559 | LR: 0.000003 | Train Loss: 0.023471 (P:0.0164, S:0.0375, Q:0.0052) | Val Loss: 0.360510 (P:0.3348, S:0.4261, Q:0.0044) | Repr L2μ: 3.1560 Val L2μ: 1.5273 | Repr Cosμ: 0.9546 Val Cosμ: 0.9931 | Pred→Target Cosμ: 0.9928 Val Cosμ: 0.8253 | Repr NormRatio: 2.0314 Val NormRatio: 1.0066 | Train Meta: Scaleμ:0.9776, Signal|S|μ:7.4401, Delta|S|μ:6.7373, Delta/Signal:90.55%, Gateμ:-0.3703, Gate0%:0.0, MetaNormμ:9.1763 | Val Meta: Scaleμ:0.9776, Signal|S|μ:7.0159, Delta|S|μ:6.3471, Delta/Signal:90.47%, Gateμ:-0.3682, Gate0%:0.0, MetaNormμ:9.1657
   -> Saved last checkpoint at epoch 91
Epoch 92/100 | Steps: 559 | LR: 0.000003 | Train Loss: 0.023320 (P:0.0162, S:0.0374, Q:0.0052) | Val Loss: 0.354468 (P:0.3278, S:0.4475, Q:0.0043) | Repr L2μ: 3.2466 Val L2μ: 1.4979 | Repr Cosμ: 0.9511 Val Cosμ: 0.9934 | Pred→Target Cosμ: 0.9932 Val Cosμ: 0.7986 | Repr NormRatio: 2.0770 Val NormRatio: 1.0061 | Train Meta: Scaleμ:0.9776, Signal|S|μ:7.4390, Delta|S|μ:6.7417, Delta/Signal:90.63%, Gateμ:-0.3730, Gate0%:0.0, MetaNormμ:9.1800 | Val Meta: Scaleμ:0.9776, Signal|S|μ:7.0154, Delta|S|μ:6.3591, Delta/Signal:90.64%, Gateμ:-0.3719, Gate0%:0.0, MetaNormμ:9.1804
   -> Saved last checkpoint at epoch 92
Epoch 93/100 | Steps: 559 | LR: 0.000002 | Train Loss: 0.023583 (P:0.0165, S:0.0370, Q:0.0052) | Val Loss: 0.364741 (P:0.3387, S:0.4340, Q:0.0044) | Repr L2μ: 3.2196 Val L2μ: 1.5276 | Repr Cosμ: 0.9520 Val Cosμ: 0.9931 | Pred→Target Cosμ: 0.9929 Val Cosμ: 0.8132 | Repr NormRatio: 2.0358 Val NormRatio: 1.0071 | Train Meta: Scaleμ:0.9776, Signal|S|μ:7.4386, Delta|S|μ:6.7295, Delta/Signal:90.47%, Gateμ:-0.3696, Gate0%:0.0, MetaNormμ:9.1709 | Val Meta: Scaleμ:0.9776, Signal|S|μ:7.0149, Delta|S|μ:6.3509, Delta/Signal:90.53%, Gateμ:-0.3700, Gate0%:0.0, MetaNormμ:9.1704
   -> Saved last checkpoint at epoch 93
Epoch 94/100 | Steps: 559 | LR: 0.000002 | Train Loss: 0.023776 (P:0.0167, S:0.0374, Q:0.0052) | Val Loss: 0.347360 (P:0.3207, S:0.4449, Q:0.0044) | Repr L2μ: 3.2793 Val L2μ: 1.5310 | Repr Cosμ: 0.9496 Val Cosμ: 0.9931 | Pred→Target Cosμ: 0.9929 Val Cosμ: 0.8087 | Repr NormRatio: 2.0539 Val NormRatio: 1.0073 | Train Meta: Scaleμ:0.9776, Signal|S|μ:7.4386, Delta|S|μ:6.7309, Delta/Signal:90.49%, Gateμ:-0.3703, Gate0%:0.0, MetaNormμ:9.1708 | Val Meta: Scaleμ:0.9776, Signal|S|μ:7.0149, Delta|S|μ:6.3470, Delta/Signal:90.48%, Gateμ:-0.3693, Gate0%:0.0, MetaNormμ:9.1657
   -> Saved last checkpoint at epoch 94
Epoch 95/100 | Steps: 559 | LR: 0.000002 | Train Loss: 0.022847 (P:0.0158, S:0.0370, Q:0.0052) | Val Loss: 0.360802 (P:0.3342, S:0.4433, Q:0.0044) | Repr L2μ: 3.2847 Val L2μ: 1.5003 | Repr Cosμ: 0.9491 Val Cosμ: 0.9934 | Pred→Target Cosμ: 0.9932 Val Cosμ: 0.8192 | Repr NormRatio: 2.0607 Val NormRatio: 1.0066 | Train Meta: Scaleμ:0.9776, Signal|S|μ:7.4381, Delta|S|μ:6.7328, Delta/Signal:90.52%, Gateμ:-0.3713, Gate0%:0.0, MetaNormμ:9.1729 | Val Meta: Scaleμ:0.9776, Signal|S|μ:7.0140, Delta|S|μ:6.3570, Delta/Signal:90.63%, Gateμ:-0.3724, Gate0%:0.0, MetaNormμ:9.1775
   -> Saved last checkpoint at epoch 95
Epoch 96/100 | Steps: 559 | LR: 0.000001 | Train Loss: 0.022661 (P:0.0156, S:0.0371, Q:0.0052) | Val Loss: 0.354655 (P:0.3293, S:0.4210, Q:0.0043) | Repr L2μ: 3.2772 Val L2μ: 1.5104 | Repr Cosμ: 0.9491 Val Cosμ: 0.9933 | Pred→Target Cosμ: 0.9933 Val Cosμ: 0.8277 | Repr NormRatio: 2.0279 Val NormRatio: 1.0070 | Train Meta: Scaleμ:0.9776, Signal|S|μ:7.4376, Delta|S|μ:6.7336, Delta/Signal:90.53%, Gateμ:-0.3723, Gate0%:0.0, MetaNormμ:9.1731 | Val Meta: Scaleμ:0.9776, Signal|S|μ:7.0140, Delta|S|μ:6.3580, Delta/Signal:90.65%, Gateμ:-0.3732, Gate0%:0.0, MetaNormμ:9.1776
   -> Saved last checkpoint at epoch 96
Epoch 97/100 | Steps: 559 | LR: 0.000001 | Train Loss: 0.022869 (P:0.0158, S:0.0371, Q:0.0052) | Val Loss: 0.366508 (P:0.3407, S:0.4290, Q:0.0044) | Repr L2μ: 3.2266 Val L2μ: 1.5026 | Repr Cosμ: 0.9509 Val Cosμ: 0.9933 | Pred→Target Cosμ: 0.9932 Val Cosμ: 0.8330 | Repr NormRatio: 2.0145 Val NormRatio: 1.0069 | Train Meta: Scaleμ:0.9776, Signal|S|μ:7.4377, Delta|S|μ:6.7349, Delta/Signal:90.55%, Gateμ:-0.3722, Gate0%:0.0, MetaNormμ:9.1762 | Val Meta: Scaleμ:0.9776, Signal|S|μ:7.0139, Delta|S|μ:6.3544, Delta/Signal:90.60%, Gateμ:-0.3721, Gate0%:0.0, MetaNormμ:9.1750
   -> Saved last checkpoint at epoch 97
Epoch 98/100 | Steps: 559 | LR: 0.000001 | Train Loss: 0.022916 (P:0.0159, S:0.0371, Q:0.0052) | Val Loss: 0.363206 (P:0.3365, S:0.4459, Q:0.0045) | Repr L2μ: 3.2198 Val L2μ: 1.4963 | Repr Cosμ: 0.9511 Val Cosμ: 0.9934 | Pred→Target Cosμ: 0.9933 Val Cosμ: 0.8076 | Repr NormRatio: 2.0192 Val NormRatio: 1.0069 | Train Meta: Scaleμ:0.9776, Signal|S|μ:7.4373, Delta|S|μ:6.7331, Delta/Signal:90.53%, Gateμ:-0.3718, Gate0%:0.0, MetaNormμ:9.1749 | Val Meta: Scaleμ:0.9776, Signal|S|μ:7.0134, Delta|S|μ:6.3518, Delta/Signal:90.57%, Gateμ:-0.3713, Gate0%:0.0, MetaNormμ:9.1742
   -> Saved last checkpoint at epoch 98
Epoch 99/100 | Steps: 559 | LR: 0.000001 | Train Loss: 0.022106 (P:0.0151, S:0.0368, Q:0.0052) | Val Loss: 0.370429 (P:0.3440, S:0.4371, Q:0.0045) | Repr L2μ: 3.1769 Val L2μ: 1.4711 | Repr Cosμ: 0.9525 Val Cosμ: 0.9936 | Pred→Target Cosμ: 0.9933 Val Cosμ: 0.8285 | Repr NormRatio: 2.0278 Val NormRatio: 1.0062 | Train Meta: Scaleμ:0.9776, Signal|S|μ:7.4368, Delta|S|μ:6.7302, Delta/Signal:90.50%, Gateμ:-0.3709, Gate0%:0.0, MetaNormμ:9.1732 | Val Meta: Scaleμ:0.9776, Signal|S|μ:7.0126, Delta|S|μ:6.3506, Delta/Signal:90.56%, Gateμ:-0.3710, Gate0%:0.0, MetaNormμ:9.1747
   -> Saved last checkpoint at epoch 99
Epoch 100/100 | Steps: 559 | LR: 0.000001 | Train Loss: 0.022534 (P:0.0155, S:0.0363, Q:0.0052) | Val Loss: 0.350412 (P:0.3232, S:0.4559, Q:0.0044) | Repr L2μ: 3.1494 Val L2μ: 1.4812 | Repr Cosμ: 0.9536 Val Cosμ: 0.9935 | Pred→Target Cosμ: 0.9934 Val Cosμ: 0.8038 | Repr NormRatio: 2.0113 Val NormRatio: 1.0066 | Train Meta: Scaleμ:0.9776, Signal|S|μ:7.4356, Delta|S|μ:6.7307, Delta/Signal:90.52%, Gateμ:-0.3715, Gate0%:0.0, MetaNormμ:9.1737 | Val Meta: Scaleμ:0.9776, Signal|S|μ:7.0123, Delta|S|μ:6.3510, Delta/Signal:90.57%, Gateμ:-0.3717, Gate0%:0.0, MetaNormμ:9.1724
   -> Saved last checkpoint at epoch 100
Saved attention maps for 100 epoch snapshot(s) under ./runs/pretrain_electricity_laya_metadata_query_gate_text/attention_maps
