nohup: ignoring input
==================================================
🚀 Architecture: LAYA
📊 Target Dataset: EthanolConcentration (Channels: 3)
📊 Pretrain Info: tsld
📊 Classes: 4 | Sequence Length: 1751
==================================================
✅ Loaded pretrained encoder from ./checkpoints/tsld_laya_independent_none/laya_ts_tsld_s_latest.pt
   - 40/40 keys matched.
✅ Encoder is FROZEN (Linear Probing mode).
ℹ️  Channel Adapter: disabled for Laya downstream (ci)
✅ ClassificationHead: [B, 128] → [B, 4]
Epoch   1/50 | Train Loss: 1.3505 Acc: 0.2054 F1: 0.1997 | Val Loss: 1.3859 Acc: 0.2692 F1: 0.1667
Validation Loss decreased (inf --> 1.385946). Saving best model...
Epoch   2/50 | Train Loss: 1.3322 Acc: 0.2455 F1: 0.2077 | Val Loss: 1.4131 Acc: 0.1154 F1: 0.0517
Epoch   3/50 | Train Loss: 1.3305 Acc: 0.2143 F1: 0.1801 | Val Loss: 1.4058 Acc: 0.1538 F1: 0.1123
Epoch   4/50 | Train Loss: 1.3255 Acc: 0.2366 F1: 0.1146 | Val Loss: 1.4277 Acc: 0.1154 F1: 0.0517
Epoch   5/50 | Train Loss: 1.3250 Acc: 0.2500 F1: 0.1931 | Val Loss: 1.4023 Acc: 0.3077 F1: 0.1762
Epoch   6/50 | Train Loss: 1.3223 Acc: 0.2902 F1: 0.2309 | Val Loss: 1.4093 Acc: 0.1538 F1: 0.0690
Epoch   7/50 | Train Loss: 1.3128 Acc: 0.3036 F1: 0.1968 | Val Loss: 1.3997 Acc: 0.1154 F1: 0.0517
Epoch   8/50 | Train Loss: 1.3132 Acc: 0.2768 F1: 0.2336 | Val Loss: 1.3937 Acc: 0.2692 F1: 0.1835
Epoch   9/50 | Train Loss: 1.3167 Acc: 0.2277 F1: 0.1490 | Val Loss: 1.3956 Acc: 0.1923 F1: 0.1750
Epoch  10/50 | Train Loss: 1.3174 Acc: 0.2634 F1: 0.2078 | Val Loss: 1.3664 Acc: 0.3077 F1: 0.1822
Validation Loss decreased (1.385946 --> 1.366366). Saving best model...
Epoch  11/50 | Train Loss: 1.3094 Acc: 0.2679 F1: 0.2165 | Val Loss: 1.4016 Acc: 0.2692 F1: 0.1842
Epoch  12/50 | Train Loss: 1.3156 Acc: 0.2455 F1: 0.2077 | Val Loss: 1.3745 Acc: 0.3846 F1: 0.2234
Epoch  13/50 | Train Loss: 1.3178 Acc: 0.2411 F1: 0.2112 | Val Loss: 1.3868 Acc: 0.1923 F1: 0.1324
Epoch  14/50 | Train Loss: 1.3182 Acc: 0.2768 F1: 0.1837 | Val Loss: 1.4295 Acc: 0.2308 F1: 0.1719
Epoch  15/50 | Train Loss: 1.3068 Acc: 0.2902 F1: 0.2084 | Val Loss: 1.3955 Acc: 0.1923 F1: 0.1604
Epoch  16/50 | Train Loss: 1.3115 Acc: 0.2321 F1: 0.1658 | Val Loss: 1.3891 Acc: 0.2692 F1: 0.1886
Epoch  17/50 | Train Loss: 1.3109 Acc: 0.2455 F1: 0.2068 | Val Loss: 1.3798 Acc: 0.3846 F1: 0.2878
Epoch  18/50 | Train Loss: 1.2944 Acc: 0.3259 F1: 0.2991 | Val Loss: 1.3881 Acc: 0.2308 F1: 0.1576
Epoch  19/50 | Train Loss: 1.3027 Acc: 0.2902 F1: 0.2369 | Val Loss: 1.4066 Acc: 0.1154 F1: 0.1102
Epoch  20/50 | Train Loss: 1.3081 Acc: 0.2634 F1: 0.2039 | Val Loss: 1.3761 Acc: 0.4231 F1: 0.3448
Epoch  21/50 | Train Loss: 1.2958 Acc: 0.3036 F1: 0.2745 | Val Loss: 1.3949 Acc: 0.3462 F1: 0.2771
Epoch  22/50 | Train Loss: 1.3021 Acc: 0.2991 F1: 0.2806 | Val Loss: 1.4022 Acc: 0.1923 F1: 0.1222
Epoch  23/50 | Train Loss: 1.2964 Acc: 0.2857 F1: 0.2480 | Val Loss: 1.3989 Acc: 0.2692 F1: 0.1771
Epoch  24/50 | Train Loss: 1.2977 Acc: 0.2723 F1: 0.2471 | Val Loss: 1.3781 Acc: 0.3462 F1: 0.2087
Epoch  25/50 | Train Loss: 1.2974 Acc: 0.3036 F1: 0.2410 | Val Loss: 1.3840 Acc: 0.3462 F1: 0.2082
Epoch  26/50 | Train Loss: 1.2889 Acc: 0.2946 F1: 0.2835 | Val Loss: 1.4112 Acc: 0.2692 F1: 0.1771
Epoch  27/50 | Train Loss: 1.2976 Acc: 0.2411 F1: 0.2408 | Val Loss: 1.4063 Acc: 0.1538 F1: 0.1101
Epoch  28/50 | Train Loss: 1.2872 Acc: 0.2857 F1: 0.2565 | Val Loss: 1.3763 Acc: 0.3462 F1: 0.2710
Epoch  29/50 | Train Loss: 1.2964 Acc: 0.2723 F1: 0.2483 | Val Loss: 1.4031 Acc: 0.3846 F1: 0.3847
Epoch  30/50 | Train Loss: 1.2964 Acc: 0.2768 F1: 0.2562 | Val Loss: 1.3777 Acc: 0.3077 F1: 0.1952
Epoch  31/50 | Train Loss: 1.3051 Acc: 0.2768 F1: 0.2030 | Val Loss: 1.3625 Acc: 0.3077 F1: 0.2307
Validation Loss decreased (1.366366 --> 1.362501). Saving best model...
Epoch  32/50 | Train Loss: 1.2886 Acc: 0.2679 F1: 0.2555 | Val Loss: 1.4354 Acc: 0.1538 F1: 0.1447
Epoch  33/50 | Train Loss: 1.2904 Acc: 0.2812 F1: 0.2407 | Val Loss: 1.3864 Acc: 0.3846 F1: 0.2853
Epoch  34/50 | Train Loss: 1.2906 Acc: 0.3080 F1: 0.2682 | Val Loss: 1.3866 Acc: 0.3077 F1: 0.2354
Epoch  35/50 | Train Loss: 1.3056 Acc: 0.2723 F1: 0.2422 | Val Loss: 1.4014 Acc: 0.3846 F1: 0.3861
Epoch  36/50 | Train Loss: 1.2859 Acc: 0.2812 F1: 0.2509 | Val Loss: 1.4102 Acc: 0.2308 F1: 0.1812
Epoch  37/50 | Train Loss: 1.3008 Acc: 0.2366 F1: 0.2039 | Val Loss: 1.4037 Acc: 0.2692 F1: 0.2577
Epoch  38/50 | Train Loss: 1.2877 Acc: 0.3348 F1: 0.2831 | Val Loss: 1.3685 Acc: 0.3846 F1: 0.2234
Epoch  39/50 | Train Loss: 1.2933 Acc: 0.2946 F1: 0.2890 | Val Loss: 1.4219 Acc: 0.2308 F1: 0.1703
Epoch  40/50 | Train Loss: 1.2845 Acc: 0.2768 F1: 0.2699 | Val Loss: 1.3781 Acc: 0.3462 F1: 0.2619
Epoch  41/50 | Train Loss: 1.2879 Acc: 0.3170 F1: 0.2847 | Val Loss: 1.3933 Acc: 0.3846 F1: 0.2992
Epoch  42/50 | Train Loss: 1.2961 Acc: 0.2589 F1: 0.2466 | Val Loss: 1.3986 Acc: 0.2308 F1: 0.1719
Epoch  43/50 | Train Loss: 1.2923 Acc: 0.3080 F1: 0.2373 | Val Loss: 1.3737 Acc: 0.3846 F1: 0.2311
Epoch  44/50 | Train Loss: 1.2812 Acc: 0.2589 F1: 0.2503 | Val Loss: 1.4160 Acc: 0.1923 F1: 0.1548
Epoch  45/50 | Train Loss: 1.2867 Acc: 0.2589 F1: 0.2291 | Val Loss: 1.3979 Acc: 0.3077 F1: 0.2587
Epoch  46/50 | Train Loss: 1.2864 Acc: 0.2946 F1: 0.2860 | Val Loss: 1.3693 Acc: 0.3077 F1: 0.2307
Epoch  47/50 | Train Loss: 1.2898 Acc: 0.2946 F1: 0.2079 | Val Loss: 1.3774 Acc: 0.3846 F1: 0.2234
Epoch  48/50 | Train Loss: 1.2902 Acc: 0.2812 F1: 0.2507 | Val Loss: 1.3952 Acc: 0.2308 F1: 0.1979
Epoch  49/50 | Train Loss: 1.2900 Acc: 0.2857 F1: 0.2704 | Val Loss: 1.3892 Acc: 0.3846 F1: 0.3106
Epoch  50/50 | Train Loss: 1.2855 Acc: 0.3036 F1: 0.2521 | Val Loss: 1.3804 Acc: 0.3077 F1: 0.1952

Classification Test Result (EthanolConcentration)
Accuracy : 0.296578
F1 (macro): 0.249355
==================================================
🚀 Architecture: LAYA
📊 Target Dataset: FaceDetection (Channels: 144)
📊 Pretrain Info: tsld
📊 Classes: 2 | Sequence Length: 62
==================================================
✅ Loaded pretrained encoder from ./checkpoints/tsld_laya_independent_none/laya_ts_tsld_s_latest.pt
   - 40/40 keys matched.
✅ Encoder is FROZEN (Linear Probing mode).
ℹ️  Channel Adapter: disabled for Laya downstream (ci)
✅ ClassificationHead: [B, 128] → [B, 2]
Epoch   1/50 | Train Loss: 0.6989 Acc: 0.4866 F1: 0.4863 | Val Loss: 0.6955 Acc: 0.4720 F1: 0.4718
Validation Loss decreased (inf --> 0.695517). Saving best model...
Epoch   2/50 | Train Loss: 0.7003 Acc: 0.5040 F1: 0.5039 | Val Loss: 0.6986 Acc: 0.4839 F1: 0.3625
Epoch   3/50 | Train Loss: 0.6980 Acc: 0.5040 F1: 0.5039 | Val Loss: 0.6976 Acc: 0.5195 F1: 0.3451
Epoch   4/50 | Train Loss: 0.6970 Acc: 0.5111 F1: 0.5111 | Val Loss: 0.6971 Acc: 0.4788 F1: 0.4264
Epoch   5/50 | Train Loss: 0.6980 Acc: 0.4991 F1: 0.4978 | Val Loss: 0.6944 Acc: 0.5127 F1: 0.4014
Validation Loss decreased (0.695517 --> 0.694421). Saving best model...
Epoch   6/50 | Train Loss: 0.6949 Acc: 0.5059 F1: 0.5058 | Val Loss: 0.6954 Acc: 0.4805 F1: 0.4766
Epoch   7/50 | Train Loss: 0.6966 Acc: 0.5128 F1: 0.5128 | Val Loss: 0.6946 Acc: 0.5093 F1: 0.3951
Epoch   8/50 | Train Loss: 0.6947 Acc: 0.5040 F1: 0.5038 | Val Loss: 0.6989 Acc: 0.4771 F1: 0.3914
Epoch   9/50 | Train Loss: 0.6983 Acc: 0.4968 F1: 0.4966 | Val Loss: 0.7095 Acc: 0.4805 F1: 0.3245
Epoch  10/50 | Train Loss: 0.6945 Acc: 0.5098 F1: 0.5094 | Val Loss: 0.7038 Acc: 0.4805 F1: 0.3329
Epoch  11/50 | Train Loss: 0.6942 Acc: 0.5072 F1: 0.5065 | Val Loss: 0.6966 Acc: 0.5229 F1: 0.3646
Epoch  12/50 | Train Loss: 0.6951 Acc: 0.5077 F1: 0.5072 | Val Loss: 0.6947 Acc: 0.5093 F1: 0.4636
Epoch  13/50 | Train Loss: 0.6960 Acc: 0.5115 F1: 0.5115 | Val Loss: 0.6945 Acc: 0.4873 F1: 0.4747
Epoch  14/50 | Train Loss: 0.6944 Acc: 0.5142 F1: 0.5132 | Val Loss: 0.6953 Acc: 0.4771 F1: 0.4728
Epoch  15/50 | Train Loss: 0.6947 Acc: 0.5170 F1: 0.5166 | Val Loss: 0.6980 Acc: 0.4907 F1: 0.4473
Epoch  16/50 | Train Loss: 0.6941 Acc: 0.5132 F1: 0.5125 | Val Loss: 0.6950 Acc: 0.5280 F1: 0.3889
Epoch  17/50 | Train Loss: 0.6941 Acc: 0.5093 F1: 0.5089 | Val Loss: 0.6939 Acc: 0.5195 F1: 0.4276
Validation Loss decreased (0.694421 --> 0.693936). Saving best model...
Epoch  18/50 | Train Loss: 0.6948 Acc: 0.5053 F1: 0.5053 | Val Loss: 0.6946 Acc: 0.4686 F1: 0.4637
Epoch  19/50 | Train Loss: 0.6941 Acc: 0.5160 F1: 0.5125 | Val Loss: 0.6936 Acc: 0.5144 F1: 0.4490
Validation Loss decreased (0.693936 --> 0.693622). Saving best model...
Epoch  20/50 | Train Loss: 0.6935 Acc: 0.5174 F1: 0.5168 | Val Loss: 0.7125 Acc: 0.4822 F1: 0.3282
Epoch  21/50 | Train Loss: 0.6943 Acc: 0.5091 F1: 0.5089 | Val Loss: 0.7158 Acc: 0.4805 F1: 0.3245
Epoch  22/50 | Train Loss: 0.6937 Acc: 0.5098 F1: 0.5089 | Val Loss: 0.6969 Acc: 0.5246 F1: 0.3766
Epoch  23/50 | Train Loss: 0.6939 Acc: 0.5166 F1: 0.5162 | Val Loss: 0.6937 Acc: 0.5229 F1: 0.4260
Epoch  24/50 | Train Loss: 0.6930 Acc: 0.5059 F1: 0.5058 | Val Loss: 0.6985 Acc: 0.4907 F1: 0.4189
Epoch  25/50 | Train Loss: 0.6921 Acc: 0.5208 F1: 0.5204 | Val Loss: 0.6940 Acc: 0.5059 F1: 0.4697
Epoch  26/50 | Train Loss: 0.6973 Acc: 0.5021 F1: 0.5017 | Val Loss: 0.6947 Acc: 0.4737 F1: 0.4703
Epoch  27/50 | Train Loss: 0.6953 Acc: 0.4983 F1: 0.4981 | Val Loss: 0.6941 Acc: 0.5059 F1: 0.4838
Epoch  28/50 | Train Loss: 0.6923 Acc: 0.5181 F1: 0.5171 | Val Loss: 0.6939 Acc: 0.5178 F1: 0.4598
Epoch  29/50 | Train Loss: 0.6923 Acc: 0.5208 F1: 0.5208 | Val Loss: 0.6952 Acc: 0.4839 F1: 0.4818
Epoch  30/50 | Train Loss: 0.6924 Acc: 0.5155 F1: 0.5154 | Val Loss: 0.7127 Acc: 0.4822 F1: 0.3282
Epoch  31/50 | Train Loss: 0.6925 Acc: 0.5172 F1: 0.5171 | Val Loss: 0.7098 Acc: 0.4805 F1: 0.3274
Epoch  32/50 | Train Loss: 0.6933 Acc: 0.5077 F1: 0.5068 | Val Loss: 0.6944 Acc: 0.5042 F1: 0.4921
Epoch  33/50 | Train Loss: 0.6941 Acc: 0.5145 F1: 0.5145 | Val Loss: 0.6937 Acc: 0.4975 F1: 0.4810
Epoch  34/50 | Train Loss: 0.6934 Acc: 0.5153 F1: 0.5152 | Val Loss: 0.6952 Acc: 0.5059 F1: 0.4881
Epoch  35/50 | Train Loss: 0.6909 Acc: 0.5247 F1: 0.5246 | Val Loss: 0.6959 Acc: 0.4992 F1: 0.4920
Epoch  36/50 | Train Loss: 0.6914 Acc: 0.5191 F1: 0.5184 | Val Loss: 0.6952 Acc: 0.5331 F1: 0.4112
Epoch  37/50 | Train Loss: 0.6931 Acc: 0.5194 F1: 0.5191 | Val Loss: 0.6930 Acc: 0.4720 F1: 0.4672
Validation Loss decreased (0.693622 --> 0.692974). Saving best model...
Epoch  38/50 | Train Loss: 0.6931 Acc: 0.5189 F1: 0.5187 | Val Loss: 0.6990 Acc: 0.4941 F1: 0.4332
Epoch  39/50 | Train Loss: 0.6926 Acc: 0.5185 F1: 0.5177 | Val Loss: 0.6976 Acc: 0.4941 F1: 0.4413
Epoch  40/50 | Train Loss: 0.6918 Acc: 0.5247 F1: 0.5241 | Val Loss: 0.6953 Acc: 0.5076 F1: 0.4977
Epoch  41/50 | Train Loss: 0.6920 Acc: 0.5213 F1: 0.5199 | Val Loss: 0.6934 Acc: 0.5212 F1: 0.4725
Epoch  42/50 | Train Loss: 0.6910 Acc: 0.5330 F1: 0.5329 | Val Loss: 0.6933 Acc: 0.4839 F1: 0.4811
Epoch  43/50 | Train Loss: 0.6921 Acc: 0.5155 F1: 0.5154 | Val Loss: 0.7065 Acc: 0.4788 F1: 0.3321
Epoch  44/50 | Train Loss: 0.6902 Acc: 0.5259 F1: 0.5257 | Val Loss: 0.6933 Acc: 0.4839 F1: 0.4771
Epoch  45/50 | Train Loss: 0.6899 Acc: 0.5289 F1: 0.5278 | Val Loss: 0.6933 Acc: 0.5382 F1: 0.4165
Epoch  46/50 | Train Loss: 0.6910 Acc: 0.5296 F1: 0.5296 | Val Loss: 0.6978 Acc: 0.5076 F1: 0.4646
Epoch  47/50 | Train Loss: 0.6919 Acc: 0.5202 F1: 0.5200 | Val Loss: 0.6937 Acc: 0.4907 F1: 0.4868
Epoch  48/50 | Train Loss: 0.6909 Acc: 0.5183 F1: 0.5180 | Val Loss: 0.6934 Acc: 0.4907 F1: 0.4903
Epoch  49/50 | Train Loss: 0.6906 Acc: 0.5245 F1: 0.5245 | Val Loss: 0.6929 Acc: 0.4856 F1: 0.4773
Validation Loss decreased (0.692974 --> 0.692949). Saving best model...
Epoch  50/50 | Train Loss: 0.6917 Acc: 0.5261 F1: 0.5256 | Val Loss: 0.6926 Acc: 0.5263 F1: 0.4660
Validation Loss decreased (0.692949 --> 0.692584). Saving best model...

Classification Test Result (FaceDetection)
Accuracy : 0.523269
F1 (macro): 0.480788
==================================================
🚀 Architecture: LAYA
📊 Target Dataset: Handwriting (Channels: 3)
📊 Pretrain Info: tsld
📊 Classes: 26 | Sequence Length: 152
==================================================
✅ Loaded pretrained encoder from ./checkpoints/tsld_laya_independent_none/laya_ts_tsld_s_latest.pt
   - 40/40 keys matched.
✅ Encoder is FROZEN (Linear Probing mode).
ℹ️  Channel Adapter: disabled for Laya downstream (ci)
✅ ClassificationHead: [B, 128] → [B, 26]
Epoch   1/50 | Train Loss: 3.1860 Acc: 0.0547 F1: 0.0143 | Val Loss: 3.3457 Acc: 0.0667 F1: 0.0128
Validation Loss decreased (inf --> 3.345726). Saving best model...
Epoch   2/50 | Train Loss: 3.0343 Acc: 0.0703 F1: 0.0059 | Val Loss: 3.3677 Acc: 0.0667 F1: 0.0104
Epoch   3/50 | Train Loss: 3.0172 Acc: 0.0859 F1: 0.0158 | Val Loss: 3.3794 Acc: 0.0667 F1: 0.0110
Epoch   4/50 | Train Loss: 2.9563 Acc: 0.1016 F1: 0.0209 | Val Loss: 3.4016 Acc: 0.0667 F1: 0.0118
Epoch   5/50 | Train Loss: 2.9519 Acc: 0.1172 F1: 0.0229 | Val Loss: 3.4131 Acc: 0.0667 F1: 0.0192
Epoch   6/50 | Train Loss: 2.9484 Acc: 0.1172 F1: 0.0229 | Val Loss: 3.3754 Acc: 0.0667 F1: 0.0154
Epoch   7/50 | Train Loss: 2.9386 Acc: 0.1094 F1: 0.0215 | Val Loss: 3.3722 Acc: 0.0667 F1: 0.0154
Epoch   8/50 | Train Loss: 2.9186 Acc: 0.1250 F1: 0.0267 | Val Loss: 3.3679 Acc: 0.0667 F1: 0.0103
Epoch   9/50 | Train Loss: 2.9357 Acc: 0.1172 F1: 0.0262 | Val Loss: 3.3701 Acc: 0.0667 F1: 0.0103
Epoch  10/50 | Train Loss: 2.9070 Acc: 0.1250 F1: 0.0336 | Val Loss: 3.3355 Acc: 0.0667 F1: 0.0159
Validation Loss decreased (3.345726 --> 3.335462). Saving best model...
Epoch  11/50 | Train Loss: 2.8988 Acc: 0.1328 F1: 0.0262 | Val Loss: 3.2866 Acc: 0.0667 F1: 0.0140
Validation Loss decreased (3.335462 --> 3.286630). Saving best model...
Epoch  12/50 | Train Loss: 2.8753 Acc: 0.1328 F1: 0.0313 | Val Loss: 3.2983 Acc: 0.0667 F1: 0.0148
Epoch  13/50 | Train Loss: 2.8832 Acc: 0.1328 F1: 0.0382 | Val Loss: 3.3110 Acc: 0.0667 F1: 0.0103
Epoch  14/50 | Train Loss: 2.8570 Acc: 0.1406 F1: 0.0392 | Val Loss: 3.3345 Acc: 0.0667 F1: 0.0110
Epoch  15/50 | Train Loss: 2.8627 Acc: 0.1484 F1: 0.0396 | Val Loss: 3.3528 Acc: 0.0667 F1: 0.0179
Epoch  16/50 | Train Loss: 2.8472 Acc: 0.1719 F1: 0.0605 | Val Loss: 3.3503 Acc: 0.0667 F1: 0.0238
Epoch  17/50 | Train Loss: 2.8367 Acc: 0.1328 F1: 0.0266 | Val Loss: 3.3304 Acc: 0.0667 F1: 0.0119
Epoch  18/50 | Train Loss: 2.8277 Acc: 0.1250 F1: 0.0220 | Val Loss: 3.3005 Acc: 0.0667 F1: 0.0110
Epoch  19/50 | Train Loss: 2.8160 Acc: 0.1484 F1: 0.0314 | Val Loss: 3.2938 Acc: 0.0667 F1: 0.0119
Epoch  20/50 | Train Loss: 2.7993 Acc: 0.1484 F1: 0.0333 | Val Loss: 3.2772 Acc: 0.1333 F1: 0.0444
Validation Loss decreased (3.286630 --> 3.277180). Saving best model...
Epoch  21/50 | Train Loss: 2.7757 Acc: 0.1641 F1: 0.0449 | Val Loss: 3.2888 Acc: 0.1333 F1: 0.0536
Epoch  22/50 | Train Loss: 2.7732 Acc: 0.1484 F1: 0.0390 | Val Loss: 3.3160 Acc: 0.0667 F1: 0.0190
Epoch  23/50 | Train Loss: 2.7559 Acc: 0.1484 F1: 0.0416 | Val Loss: 3.3196 Acc: 0.1333 F1: 0.0524
Epoch  24/50 | Train Loss: 2.7489 Acc: 0.1641 F1: 0.0511 | Val Loss: 3.3180 Acc: 0.0667 F1: 0.0143
Epoch  25/50 | Train Loss: 2.7405 Acc: 0.1719 F1: 0.0571 | Val Loss: 3.3099 Acc: 0.0667 F1: 0.0118
Epoch  26/50 | Train Loss: 2.7226 Acc: 0.1797 F1: 0.0584 | Val Loss: 3.3075 Acc: 0.0667 F1: 0.0179
Epoch  27/50 | Train Loss: 2.7120 Acc: 0.1641 F1: 0.0556 | Val Loss: 3.2947 Acc: 0.0667 F1: 0.0238
Epoch  28/50 | Train Loss: 2.7146 Acc: 0.1406 F1: 0.0439 | Val Loss: 3.2759 Acc: 0.1333 F1: 0.0643
Validation Loss decreased (3.277180 --> 3.275891). Saving best model...
Epoch  29/50 | Train Loss: 2.6942 Acc: 0.1562 F1: 0.0534 | Val Loss: 3.2748 Acc: 0.2000 F1: 0.1230
Validation Loss decreased (3.275891 --> 3.274761). Saving best model...
Epoch  30/50 | Train Loss: 2.6794 Acc: 0.2188 F1: 0.0965 | Val Loss: 3.2703 Acc: 0.1333 F1: 0.0909
Validation Loss decreased (3.274761 --> 3.270328). Saving best model...
Epoch  31/50 | Train Loss: 2.6808 Acc: 0.1953 F1: 0.0639 | Val Loss: 3.2676 Acc: 0.0667 F1: 0.0140
Validation Loss decreased (3.270328 --> 3.267623). Saving best model...
Epoch  32/50 | Train Loss: 2.6498 Acc: 0.2031 F1: 0.0784 | Val Loss: 3.2601 Acc: 0.1333 F1: 0.0500
Validation Loss decreased (3.267623 --> 3.260126). Saving best model...
Epoch  33/50 | Train Loss: 2.6503 Acc: 0.2188 F1: 0.0894 | Val Loss: 3.2449 Acc: 0.0667 F1: 0.0110
Validation Loss decreased (3.260126 --> 3.244895). Saving best model...
Epoch  34/50 | Train Loss: 2.6329 Acc: 0.2031 F1: 0.0846 | Val Loss: 3.2843 Acc: 0.1333 F1: 0.0487
Epoch  35/50 | Train Loss: 2.6219 Acc: 0.2031 F1: 0.0747 | Val Loss: 3.2866 Acc: 0.0667 F1: 0.0119
Epoch  36/50 | Train Loss: 2.6107 Acc: 0.2188 F1: 0.0918 | Val Loss: 3.2601 Acc: 0.2000 F1: 0.1250
Epoch  37/50 | Train Loss: 2.6206 Acc: 0.2109 F1: 0.1142 | Val Loss: 3.2669 Acc: 0.2000 F1: 0.1200
Epoch  38/50 | Train Loss: 2.5965 Acc: 0.2344 F1: 0.1168 | Val Loss: 3.2843 Acc: 0.1333 F1: 0.0714
Epoch  39/50 | Train Loss: 2.5768 Acc: 0.2734 F1: 0.1557 | Val Loss: 3.2487 Acc: 0.1333 F1: 0.0893
Epoch  40/50 | Train Loss: 2.5664 Acc: 0.2578 F1: 0.1417 | Val Loss: 3.2746 Acc: 0.1333 F1: 0.0643
Epoch  41/50 | Train Loss: 2.5429 Acc: 0.2422 F1: 0.1333 | Val Loss: 3.2598 Acc: 0.1333 F1: 0.0893
Epoch  42/50 | Train Loss: 2.5387 Acc: 0.2891 F1: 0.1770 | Val Loss: 3.2771 Acc: 0.2000 F1: 0.1357
Epoch  43/50 | Train Loss: 2.5273 Acc: 0.2109 F1: 0.1154 | Val Loss: 3.2752 Acc: 0.1333 F1: 0.0643
Epoch  44/50 | Train Loss: 2.5007 Acc: 0.2734 F1: 0.1584 | Val Loss: 3.2696 Acc: 0.2000 F1: 0.1476
Epoch  45/50 | Train Loss: 2.4995 Acc: 0.2969 F1: 0.1954 | Val Loss: 3.2808 Acc: 0.2000 F1: 0.1267
Epoch  46/50 | Train Loss: 2.4950 Acc: 0.2969 F1: 0.2150 | Val Loss: 3.3001 Acc: 0.2000 F1: 0.1267
Epoch  47/50 | Train Loss: 2.4865 Acc: 0.3203 F1: 0.2035 | Val Loss: 3.3091 Acc: 0.2000 F1: 0.1111
Epoch  48/50 | Train Loss: 2.4621 Acc: 0.3047 F1: 0.1885 | Val Loss: 3.2774 Acc: 0.2000 F1: 0.1333
Epoch  49/50 | Train Loss: 2.4557 Acc: 0.3516 F1: 0.2546 | Val Loss: 3.2990 Acc: 0.2000 F1: 0.1119
Epoch  50/50 | Train Loss: 2.4393 Acc: 0.3906 F1: 0.3029 | Val Loss: 3.2834 Acc: 0.2000 F1: 0.1012

Classification Test Result (Handwriting)
Accuracy : 0.065882
F1 (macro): 0.020924
==================================================
🚀 Architecture: LAYA
📊 Target Dataset: Heartbeat (Channels: 61)
📊 Pretrain Info: tsld
📊 Classes: 2 | Sequence Length: 405
==================================================
✅ Loaded pretrained encoder from ./checkpoints/tsld_laya_independent_none/laya_ts_tsld_s_latest.pt
   - 40/40 keys matched.
✅ Encoder is FROZEN (Linear Probing mode).
ℹ️  Channel Adapter: disabled for Laya downstream (ci)
✅ ClassificationHead: [B, 128] → [B, 2]
Epoch   1/50 | Train Loss: 0.6151 Acc: 0.6705 F1: 0.4592 | Val Loss: 0.6270 Acc: 0.7000 F1: 0.4118
Validation Loss decreased (inf --> 0.627030). Saving best model...
Epoch   2/50 | Train Loss: 0.5603 Acc: 0.7273 F1: 0.4211 | Val Loss: 0.6010 Acc: 0.7000 F1: 0.4118
Validation Loss decreased (0.627030 --> 0.600985). Saving best model...
Epoch   3/50 | Train Loss: 0.5607 Acc: 0.7216 F1: 0.4191 | Val Loss: 0.5942 Acc: 0.7000 F1: 0.4118
Validation Loss decreased (0.600985 --> 0.594196). Saving best model...
Epoch   4/50 | Train Loss: 0.5541 Acc: 0.7273 F1: 0.4211 | Val Loss: 0.5920 Acc: 0.7000 F1: 0.4118
Validation Loss decreased (0.594196 --> 0.591966). Saving best model...
Epoch   5/50 | Train Loss: 0.5538 Acc: 0.7216 F1: 0.4191 | Val Loss: 0.5844 Acc: 0.7000 F1: 0.4118
Validation Loss decreased (0.591966 --> 0.584426). Saving best model...
Epoch   6/50 | Train Loss: 0.5452 Acc: 0.7330 F1: 0.4230 | Val Loss: 0.5803 Acc: 0.7000 F1: 0.4118
Validation Loss decreased (0.584426 --> 0.580262). Saving best model...
Epoch   7/50 | Train Loss: 0.5439 Acc: 0.7273 F1: 0.4211 | Val Loss: 0.5792 Acc: 0.7000 F1: 0.4118
Validation Loss decreased (0.580262 --> 0.579172). Saving best model...
Epoch   8/50 | Train Loss: 0.5411 Acc: 0.7330 F1: 0.4230 | Val Loss: 0.5754 Acc: 0.7000 F1: 0.4118
Validation Loss decreased (0.579172 --> 0.575360). Saving best model...
Epoch   9/50 | Train Loss: 0.5495 Acc: 0.7216 F1: 0.4191 | Val Loss: 0.5696 Acc: 0.7000 F1: 0.4118
Validation Loss decreased (0.575360 --> 0.569600). Saving best model...
Epoch  10/50 | Train Loss: 0.5515 Acc: 0.7159 F1: 0.4172 | Val Loss: 0.5639 Acc: 0.7000 F1: 0.4118
Validation Loss decreased (0.569600 --> 0.563866). Saving best model...
Epoch  11/50 | Train Loss: 0.5445 Acc: 0.7330 F1: 0.4230 | Val Loss: 0.5608 Acc: 0.7000 F1: 0.4118
Validation Loss decreased (0.563866 --> 0.560790). Saving best model...
Epoch  12/50 | Train Loss: 0.5344 Acc: 0.7273 F1: 0.4211 | Val Loss: 0.5648 Acc: 0.7000 F1: 0.4118
Epoch  13/50 | Train Loss: 0.5323 Acc: 0.7386 F1: 0.4248 | Val Loss: 0.5578 Acc: 0.7000 F1: 0.4118
Validation Loss decreased (0.560790 --> 0.557822). Saving best model...
Epoch  14/50 | Train Loss: 0.5461 Acc: 0.7216 F1: 0.4191 | Val Loss: 0.5526 Acc: 0.7000 F1: 0.4118
Validation Loss decreased (0.557822 --> 0.552562). Saving best model...
Epoch  15/50 | Train Loss: 0.5302 Acc: 0.7330 F1: 0.4230 | Val Loss: 0.5515 Acc: 0.7000 F1: 0.4118
Validation Loss decreased (0.552562 --> 0.551499). Saving best model...
Epoch  16/50 | Train Loss: 0.5485 Acc: 0.7102 F1: 0.4153 | Val Loss: 0.5465 Acc: 0.7000 F1: 0.4118
Validation Loss decreased (0.551499 --> 0.546471). Saving best model...
Epoch  17/50 | Train Loss: 0.5455 Acc: 0.7102 F1: 0.4153 | Val Loss: 0.5431 Acc: 0.7000 F1: 0.4118
Validation Loss decreased (0.546471 --> 0.543086). Saving best model...
Epoch  18/50 | Train Loss: 0.5448 Acc: 0.7159 F1: 0.4172 | Val Loss: 0.5407 Acc: 0.7000 F1: 0.4118
Validation Loss decreased (0.543086 --> 0.540676). Saving best model...
Epoch  19/50 | Train Loss: 0.5339 Acc: 0.7386 F1: 0.4248 | Val Loss: 0.5572 Acc: 0.7000 F1: 0.4118
Epoch  20/50 | Train Loss: 0.5401 Acc: 0.7216 F1: 0.4191 | Val Loss: 0.5360 Acc: 0.7000 F1: 0.4118
Validation Loss decreased (0.540676 --> 0.536027). Saving best model...
Epoch  21/50 | Train Loss: 0.5257 Acc: 0.7273 F1: 0.4211 | Val Loss: 0.5363 Acc: 0.7000 F1: 0.4118
Epoch  22/50 | Train Loss: 0.5451 Acc: 0.7159 F1: 0.4172 | Val Loss: 0.5330 Acc: 0.7000 F1: 0.4118
Validation Loss decreased (0.536027 --> 0.532994). Saving best model...
Epoch  23/50 | Train Loss: 0.5425 Acc: 0.7045 F1: 0.4133 | Val Loss: 0.5309 Acc: 0.7000 F1: 0.4118
Validation Loss decreased (0.532994 --> 0.530930). Saving best model...
Epoch  24/50 | Train Loss: 0.5308 Acc: 0.7216 F1: 0.4382 | Val Loss: 0.5337 Acc: 0.7000 F1: 0.4118
Epoch  25/50 | Train Loss: 0.5262 Acc: 0.7273 F1: 0.4211 | Val Loss: 0.5337 Acc: 0.7000 F1: 0.4118
Epoch  26/50 | Train Loss: 0.5288 Acc: 0.7273 F1: 0.4211 | Val Loss: 0.5264 Acc: 0.7000 F1: 0.4118
Validation Loss decreased (0.530930 --> 0.526429). Saving best model...
Epoch  27/50 | Train Loss: 0.5273 Acc: 0.7273 F1: 0.4405 | Val Loss: 0.5242 Acc: 0.7500 F1: 0.5671
Validation Loss decreased (0.526429 --> 0.524231). Saving best model...
Epoch  28/50 | Train Loss: 0.5329 Acc: 0.7102 F1: 0.4336 | Val Loss: 0.5223 Acc: 0.7000 F1: 0.4118
Validation Loss decreased (0.524231 --> 0.522310). Saving best model...
Epoch  29/50 | Train Loss: 0.5339 Acc: 0.7273 F1: 0.4211 | Val Loss: 0.5226 Acc: 0.7000 F1: 0.4118
Epoch  30/50 | Train Loss: 0.5379 Acc: 0.7159 F1: 0.4839 | Val Loss: 0.5187 Acc: 0.7500 F1: 0.5671
Validation Loss decreased (0.522310 --> 0.518657). Saving best model...
Epoch  31/50 | Train Loss: 0.5396 Acc: 0.7102 F1: 0.4808 | Val Loss: 0.5177 Acc: 0.7500 F1: 0.5671
Validation Loss decreased (0.518657 --> 0.517675). Saving best model...
Epoch  32/50 | Train Loss: 0.5322 Acc: 0.7159 F1: 0.4172 | Val Loss: 0.5235 Acc: 0.7000 F1: 0.4118
Epoch  33/50 | Train Loss: 0.5044 Acc: 0.7273 F1: 0.4211 | Val Loss: 0.5175 Acc: 0.7000 F1: 0.4118
Validation Loss decreased (0.517675 --> 0.517492). Saving best model...
Epoch  34/50 | Train Loss: 0.5241 Acc: 0.7159 F1: 0.4531 | Val Loss: 0.5171 Acc: 0.7000 F1: 0.4118
Validation Loss decreased (0.517492 --> 0.517092). Saving best model...
Epoch  35/50 | Train Loss: 0.5368 Acc: 0.7159 F1: 0.4359 | Val Loss: 0.5144 Acc: 0.7500 F1: 0.5671
Validation Loss decreased (0.517092 --> 0.514434). Saving best model...
Epoch  36/50 | Train Loss: 0.5285 Acc: 0.7159 F1: 0.4839 | Val Loss: 0.5124 Acc: 0.7500 F1: 0.5671
Validation Loss decreased (0.514434 --> 0.512413). Saving best model...
Epoch  37/50 | Train Loss: 0.5248 Acc: 0.7216 F1: 0.5011 | Val Loss: 0.5117 Acc: 0.7500 F1: 0.5671
Validation Loss decreased (0.512413 --> 0.511718). Saving best model...
Epoch  38/50 | Train Loss: 0.5185 Acc: 0.7216 F1: 0.4558 | Val Loss: 0.5146 Acc: 0.7000 F1: 0.4118
Epoch  39/50 | Train Loss: 0.5259 Acc: 0.7102 F1: 0.4336 | Val Loss: 0.5092 Acc: 0.7500 F1: 0.5671
Validation Loss decreased (0.511718 --> 0.509188). Saving best model...
Epoch  40/50 | Train Loss: 0.5275 Acc: 0.7102 F1: 0.4336 | Val Loss: 0.5085 Acc: 0.7500 F1: 0.5671
Validation Loss decreased (0.509188 --> 0.508519). Saving best model...
Epoch  41/50 | Train Loss: 0.5317 Acc: 0.7273 F1: 0.5178 | Val Loss: 0.5081 Acc: 0.7500 F1: 0.5671
Validation Loss decreased (0.508519 --> 0.508068). Saving best model...
Epoch  42/50 | Train Loss: 0.5166 Acc: 0.7273 F1: 0.4585 | Val Loss: 0.5140 Acc: 0.7000 F1: 0.4118
Epoch  43/50 | Train Loss: 0.5235 Acc: 0.7273 F1: 0.4750 | Val Loss: 0.5045 Acc: 0.7500 F1: 0.5671
Validation Loss decreased (0.508068 --> 0.504479). Saving best model...
Epoch  44/50 | Train Loss: 0.5312 Acc: 0.7330 F1: 0.5566 | Val Loss: 0.5040 Acc: 0.7500 F1: 0.5671
Validation Loss decreased (0.504479 --> 0.504014). Saving best model...
Epoch  45/50 | Train Loss: 0.5339 Acc: 0.7216 F1: 0.5142 | Val Loss: 0.5064 Acc: 0.7500 F1: 0.5671
Epoch  46/50 | Train Loss: 0.5241 Acc: 0.7330 F1: 0.4936 | Val Loss: 0.5061 Acc: 0.7500 F1: 0.5671
Epoch  47/50 | Train Loss: 0.5260 Acc: 0.7216 F1: 0.4721 | Val Loss: 0.5089 Acc: 0.7500 F1: 0.5671
Epoch  48/50 | Train Loss: 0.5289 Acc: 0.7216 F1: 0.4871 | Val Loss: 0.5034 Acc: 0.7500 F1: 0.5671
Validation Loss decreased (0.504014 --> 0.503435). Saving best model...
Epoch  49/50 | Train Loss: 0.5316 Acc: 0.7386 F1: 0.5711 | Val Loss: 0.5036 Acc: 0.7500 F1: 0.5671
Epoch  50/50 | Train Loss: 0.5097 Acc: 0.7443 F1: 0.5002 | Val Loss: 0.5169 Acc: 0.7000 F1: 0.4118

Classification Test Result (Heartbeat)
Accuracy : 0.731707
F1 (macro): 0.520804
==================================================
🚀 Architecture: LAYA
📊 Target Dataset: JapaneseVowels (Channels: 12)
📊 Pretrain Info: tsld
📊 Classes: 9 | Sequence Length: 26
==================================================
✅ Loaded pretrained encoder from ./checkpoints/tsld_laya_independent_none/laya_ts_tsld_s_latest.pt
   - 40/40 keys matched.
✅ Encoder is FROZEN (Linear Probing mode).
ℹ️  Channel Adapter: disabled for Laya downstream (ci)
✅ ClassificationHead: [B, 128] → [B, 9]
Epoch   1/50 | Train Loss: 2.2112 Acc: 0.1208 F1: 0.0806 | Val Loss: 2.2098 Acc: 0.1111 F1: 0.0726
Validation Loss decreased (inf --> 2.209825). Saving best model...
Epoch   2/50 | Train Loss: 2.1601 Acc: 0.1583 F1: 0.1071 | Val Loss: 2.1692 Acc: 0.0370 F1: 0.0148
Validation Loss decreased (2.209825 --> 2.169200). Saving best model...
Epoch   3/50 | Train Loss: 2.1429 Acc: 0.1542 F1: 0.0893 | Val Loss: 2.1651 Acc: 0.0741 F1: 0.0408
Validation Loss decreased (2.169200 --> 2.165088). Saving best model...
Epoch   4/50 | Train Loss: 2.1257 Acc: 0.1875 F1: 0.1428 | Val Loss: 2.1716 Acc: 0.1852 F1: 0.1467
Epoch   5/50 | Train Loss: 2.1222 Acc: 0.1917 F1: 0.1676 | Val Loss: 2.1569 Acc: 0.2963 F1: 0.2074
Validation Loss decreased (2.165088 --> 2.156901). Saving best model...
Epoch   6/50 | Train Loss: 2.1036 Acc: 0.2458 F1: 0.2114 | Val Loss: 2.1203 Acc: 0.3333 F1: 0.2549
Validation Loss decreased (2.156901 --> 2.120337). Saving best model...
Epoch   7/50 | Train Loss: 2.0966 Acc: 0.1917 F1: 0.1566 | Val Loss: 2.1471 Acc: 0.1111 F1: 0.0564
Epoch   8/50 | Train Loss: 2.0765 Acc: 0.2625 F1: 0.2119 | Val Loss: 2.1138 Acc: 0.2593 F1: 0.1556
Validation Loss decreased (2.120337 --> 2.113785). Saving best model...
Epoch   9/50 | Train Loss: 2.0612 Acc: 0.2875 F1: 0.2361 | Val Loss: 2.0794 Acc: 0.2963 F1: 0.2143
Validation Loss decreased (2.113785 --> 2.079405). Saving best model...
Epoch  10/50 | Train Loss: 2.0411 Acc: 0.3167 F1: 0.3164 | Val Loss: 2.1080 Acc: 0.2593 F1: 0.2376
Epoch  11/50 | Train Loss: 2.0304 Acc: 0.3125 F1: 0.2730 | Val Loss: 2.0655 Acc: 0.2593 F1: 0.1649
Validation Loss decreased (2.079405 --> 2.065463). Saving best model...
Epoch  12/50 | Train Loss: 2.0178 Acc: 0.3083 F1: 0.2693 | Val Loss: 2.0803 Acc: 0.2593 F1: 0.2638
Epoch  13/50 | Train Loss: 1.9926 Acc: 0.4083 F1: 0.3940 | Val Loss: 2.0158 Acc: 0.5185 F1: 0.4040
Validation Loss decreased (2.065463 --> 2.015811). Saving best model...
Epoch  14/50 | Train Loss: 1.9870 Acc: 0.3875 F1: 0.3490 | Val Loss: 2.0365 Acc: 0.4444 F1: 0.4018
Epoch  15/50 | Train Loss: 1.9658 Acc: 0.4000 F1: 0.3712 | Val Loss: 2.0298 Acc: 0.4815 F1: 0.4211
Epoch  16/50 | Train Loss: 1.9596 Acc: 0.3625 F1: 0.3454 | Val Loss: 2.0073 Acc: 0.2963 F1: 0.2971
Validation Loss decreased (2.015811 --> 2.007292). Saving best model...
Epoch  17/50 | Train Loss: 1.9549 Acc: 0.3125 F1: 0.2938 | Val Loss: 2.0237 Acc: 0.3333 F1: 0.3239
Epoch  18/50 | Train Loss: 1.9362 Acc: 0.3792 F1: 0.3295 | Val Loss: 1.9603 Acc: 0.4444 F1: 0.3958
Validation Loss decreased (2.007292 --> 1.960258). Saving best model...
Epoch  19/50 | Train Loss: 1.9183 Acc: 0.4333 F1: 0.4347 | Val Loss: 1.9524 Acc: 0.4444 F1: 0.3450
Validation Loss decreased (1.960258 --> 1.952356). Saving best model...
Epoch  20/50 | Train Loss: 1.9047 Acc: 0.4333 F1: 0.4176 | Val Loss: 1.9917 Acc: 0.3333 F1: 0.2889
Epoch  21/50 | Train Loss: 1.8833 Acc: 0.4292 F1: 0.3789 | Val Loss: 1.9251 Acc: 0.4815 F1: 0.4167
Validation Loss decreased (1.952356 --> 1.925079). Saving best model...
Epoch  22/50 | Train Loss: 1.8765 Acc: 0.4250 F1: 0.3836 | Val Loss: 1.9139 Acc: 0.4815 F1: 0.3873
Validation Loss decreased (1.925079 --> 1.913918). Saving best model...
Epoch  23/50 | Train Loss: 1.8620 Acc: 0.4667 F1: 0.4571 | Val Loss: 1.9140 Acc: 0.4074 F1: 0.3670
Epoch  24/50 | Train Loss: 1.8546 Acc: 0.4667 F1: 0.4629 | Val Loss: 1.9190 Acc: 0.5556 F1: 0.5237
Epoch  25/50 | Train Loss: 1.8339 Acc: 0.4542 F1: 0.4237 | Val Loss: 1.8853 Acc: 0.5556 F1: 0.4931
Validation Loss decreased (1.913918 --> 1.885331). Saving best model...
Epoch  26/50 | Train Loss: 1.8258 Acc: 0.4583 F1: 0.4332 | Val Loss: 1.8938 Acc: 0.3704 F1: 0.3185
Epoch  27/50 | Train Loss: 1.8111 Acc: 0.5000 F1: 0.4997 | Val Loss: 1.8603 Acc: 0.5926 F1: 0.5016
Validation Loss decreased (1.885331 --> 1.860263). Saving best model...
Epoch  28/50 | Train Loss: 1.8003 Acc: 0.4667 F1: 0.4531 | Val Loss: 1.8561 Acc: 0.5556 F1: 0.4939
Validation Loss decreased (1.860263 --> 1.856125). Saving best model...
Epoch  29/50 | Train Loss: 1.7913 Acc: 0.4625 F1: 0.4640 | Val Loss: 1.8510 Acc: 0.4074 F1: 0.3435
Validation Loss decreased (1.856125 --> 1.851041). Saving best model...
Epoch  30/50 | Train Loss: 1.7703 Acc: 0.4417 F1: 0.4022 | Val Loss: 1.8119 Acc: 0.4815 F1: 0.3643
Validation Loss decreased (1.851041 --> 1.811856). Saving best model...
Epoch  31/50 | Train Loss: 1.7671 Acc: 0.4500 F1: 0.4036 | Val Loss: 1.8324 Acc: 0.4074 F1: 0.3519
Epoch  32/50 | Train Loss: 1.7441 Acc: 0.5542 F1: 0.5599 | Val Loss: 1.7983 Acc: 0.5926 F1: 0.5170
Validation Loss decreased (1.811856 --> 1.798279). Saving best model...
Epoch  33/50 | Train Loss: 1.7444 Acc: 0.4583 F1: 0.4245 | Val Loss: 1.7731 Acc: 0.5556 F1: 0.4987
Validation Loss decreased (1.798279 --> 1.773089). Saving best model...
Epoch  34/50 | Train Loss: 1.7322 Acc: 0.4958 F1: 0.4838 | Val Loss: 1.8217 Acc: 0.4444 F1: 0.3934
Epoch  35/50 | Train Loss: 1.7208 Acc: 0.4625 F1: 0.4361 | Val Loss: 1.7563 Acc: 0.5926 F1: 0.4640
Validation Loss decreased (1.773089 --> 1.756280). Saving best model...
Epoch  36/50 | Train Loss: 1.7039 Acc: 0.4625 F1: 0.4345 | Val Loss: 1.7791 Acc: 0.5556 F1: 0.4762
Epoch  37/50 | Train Loss: 1.6896 Acc: 0.5333 F1: 0.5268 | Val Loss: 1.7425 Acc: 0.5556 F1: 0.4643
Validation Loss decreased (1.756280 --> 1.742511). Saving best model...
Epoch  38/50 | Train Loss: 1.6827 Acc: 0.5542 F1: 0.5548 | Val Loss: 1.7403 Acc: 0.5556 F1: 0.4836
Validation Loss decreased (1.742511 --> 1.740303). Saving best model...
Epoch  39/50 | Train Loss: 1.6689 Acc: 0.5167 F1: 0.5006 | Val Loss: 1.7271 Acc: 0.5926 F1: 0.5172
Validation Loss decreased (1.740303 --> 1.727133). Saving best model...
Epoch  40/50 | Train Loss: 1.6559 Acc: 0.5208 F1: 0.5008 | Val Loss: 1.7284 Acc: 0.5185 F1: 0.4410
Epoch  41/50 | Train Loss: 1.6575 Acc: 0.4917 F1: 0.4674 | Val Loss: 1.7365 Acc: 0.4815 F1: 0.4058
Epoch  42/50 | Train Loss: 1.6405 Acc: 0.5208 F1: 0.5099 | Val Loss: 1.7148 Acc: 0.5926 F1: 0.5185
Validation Loss decreased (1.727133 --> 1.714827). Saving best model...
Epoch  43/50 | Train Loss: 1.6313 Acc: 0.4917 F1: 0.4661 | Val Loss: 1.6860 Acc: 0.5926 F1: 0.5302
Validation Loss decreased (1.714827 --> 1.686036). Saving best model...
Epoch  44/50 | Train Loss: 1.6248 Acc: 0.5750 F1: 0.5734 | Val Loss: 1.6991 Acc: 0.5185 F1: 0.4444
Epoch  45/50 | Train Loss: 1.6118 Acc: 0.5208 F1: 0.5155 | Val Loss: 1.6958 Acc: 0.4444 F1: 0.3728
Epoch  46/50 | Train Loss: 1.6003 Acc: 0.4833 F1: 0.4544 | Val Loss: 1.6890 Acc: 0.4074 F1: 0.3389
Epoch  47/50 | Train Loss: 1.5860 Acc: 0.5708 F1: 0.5609 | Val Loss: 1.6636 Acc: 0.5926 F1: 0.5077
Validation Loss decreased (1.686036 --> 1.663599). Saving best model...
Epoch  48/50 | Train Loss: 1.5836 Acc: 0.5708 F1: 0.5683 | Val Loss: 1.6387 Acc: 0.5926 F1: 0.4955
Validation Loss decreased (1.663599 --> 1.638657). Saving best model...
Epoch  49/50 | Train Loss: 1.5742 Acc: 0.5500 F1: 0.5460 | Val Loss: 1.6632 Acc: 0.5185 F1: 0.4563
Epoch  50/50 | Train Loss: 1.5561 Acc: 0.5208 F1: 0.4980 | Val Loss: 1.6072 Acc: 0.6296 F1: 0.5011
Validation Loss decreased (1.638657 --> 1.607198). Saving best model...

Classification Test Result (JapaneseVowels)
Accuracy : 0.270270
F1 (macro): 0.297293
==================================================
🚀 Architecture: LAYA
📊 Target Dataset: PEMS-SF (Channels: 963)
📊 Pretrain Info: tsld
📊 Classes: 7 | Sequence Length: 144
==================================================
✅ Loaded pretrained encoder from ./checkpoints/tsld_laya_independent_none/laya_ts_tsld_s_latest.pt
   - 40/40 keys matched.
✅ Encoder is FROZEN (Linear Probing mode).
ℹ️  Channel Adapter: disabled for Laya downstream (ci)
✅ ClassificationHead: [B, 128] → [B, 7]
Epoch   1/50 | Train Loss: 1.9635 Acc: 0.0958 F1: 0.0598 | Val Loss: 1.9556 Acc: 0.0000 F1: 0.0000
Validation Loss decreased (inf --> 1.955598). Saving best model...
Epoch   2/50 | Train Loss: 1.9277 Acc: 0.1042 F1: 0.0432 | Val Loss: 1.9646 Acc: 0.0385 F1: 0.0130
Epoch   3/50 | Train Loss: 1.9111 Acc: 0.1417 F1: 0.0571 | Val Loss: 1.9481 Acc: 0.0385 F1: 0.0106
Validation Loss decreased (1.955598 --> 1.948116). Saving best model...
Epoch   4/50 | Train Loss: 1.8933 Acc: 0.1583 F1: 0.0665 | Val Loss: 1.8843 Acc: 0.2308 F1: 0.0940
Validation Loss decreased (1.948116 --> 1.884309). Saving best model...
Epoch   5/50 | Train Loss: 1.8741 Acc: 0.2833 F1: 0.1311 | Val Loss: 1.9070 Acc: 0.1923 F1: 0.1029
Epoch   6/50 | Train Loss: 1.8653 Acc: 0.2750 F1: 0.1665 | Val Loss: 1.8665 Acc: 0.2308 F1: 0.1179
Validation Loss decreased (1.884309 --> 1.866515). Saving best model...
Epoch   7/50 | Train Loss: 1.8446 Acc: 0.3250 F1: 0.1975 | Val Loss: 1.8490 Acc: 0.2308 F1: 0.1179
Validation Loss decreased (1.866515 --> 1.848981). Saving best model...
Epoch   8/50 | Train Loss: 1.8338 Acc: 0.3125 F1: 0.1911 | Val Loss: 1.8302 Acc: 0.2308 F1: 0.1188
Validation Loss decreased (1.848981 --> 1.830171). Saving best model...
Epoch   9/50 | Train Loss: 1.8224 Acc: 0.3125 F1: 0.1355 | Val Loss: 1.8242 Acc: 0.2308 F1: 0.1179
Validation Loss decreased (1.830171 --> 1.824222). Saving best model...
Epoch  10/50 | Train Loss: 1.7996 Acc: 0.3250 F1: 0.1579 | Val Loss: 1.7778 Acc: 0.3077 F1: 0.1770
Validation Loss decreased (1.824222 --> 1.777832). Saving best model...
Epoch  11/50 | Train Loss: 1.7910 Acc: 0.3125 F1: 0.1877 | Val Loss: 1.7722 Acc: 0.2308 F1: 0.1179
Validation Loss decreased (1.777832 --> 1.772250). Saving best model...
Epoch  12/50 | Train Loss: 1.7742 Acc: 0.3000 F1: 0.1706 | Val Loss: 1.7882 Acc: 0.2308 F1: 0.1188
Epoch  13/50 | Train Loss: 1.7643 Acc: 0.3042 F1: 0.1783 | Val Loss: 1.7594 Acc: 0.2308 F1: 0.1188
Validation Loss decreased (1.772250 --> 1.759353). Saving best model...
Epoch  14/50 | Train Loss: 1.7426 Acc: 0.2792 F1: 0.1819 | Val Loss: 1.7230 Acc: 0.2692 F1: 0.1829
Validation Loss decreased (1.759353 --> 1.723028). Saving best model...
Epoch  15/50 | Train Loss: 1.7322 Acc: 0.3333 F1: 0.1594 | Val Loss: 1.7316 Acc: 0.2308 F1: 0.1179
Epoch  16/50 | Train Loss: 1.7157 Acc: 0.3292 F1: 0.1589 | Val Loss: 1.7162 Acc: 0.2692 F1: 0.1829
Validation Loss decreased (1.723028 --> 1.716186). Saving best model...
Epoch  17/50 | Train Loss: 1.7075 Acc: 0.3333 F1: 0.1902 | Val Loss: 1.6829 Acc: 0.2692 F1: 0.2020
Validation Loss decreased (1.716186 --> 1.682944). Saving best model...
Epoch  18/50 | Train Loss: 1.6945 Acc: 0.3417 F1: 0.2018 | Val Loss: 1.6904 Acc: 0.2692 F1: 0.1861
Epoch  19/50 | Train Loss: 1.6764 Acc: 0.3375 F1: 0.1772 | Val Loss: 1.6567 Acc: 0.2308 F1: 0.1179
Validation Loss decreased (1.682944 --> 1.656740). Saving best model...
Epoch  20/50 | Train Loss: 1.6616 Acc: 0.3292 F1: 0.1612 | Val Loss: 1.6480 Acc: 0.2308 F1: 0.1188
Validation Loss decreased (1.656740 --> 1.648019). Saving best model...
Epoch  21/50 | Train Loss: 1.6560 Acc: 0.3458 F1: 0.2804 | Val Loss: 1.6098 Acc: 0.4231 F1: 0.3845
Validation Loss decreased (1.648019 --> 1.609772). Saving best model...
Epoch  22/50 | Train Loss: 1.6374 Acc: 0.3292 F1: 0.2174 | Val Loss: 1.6252 Acc: 0.2308 F1: 0.1179
Epoch  23/50 | Train Loss: 1.6247 Acc: 0.3042 F1: 0.1752 | Val Loss: 1.5850 Acc: 0.2692 F1: 0.1829
Validation Loss decreased (1.609772 --> 1.585048). Saving best model...
Epoch  24/50 | Train Loss: 1.6113 Acc: 0.4083 F1: 0.3689 | Val Loss: 1.6122 Acc: 0.3077 F1: 0.2302
Epoch  25/50 | Train Loss: 1.5978 Acc: 0.3667 F1: 0.2627 | Val Loss: 1.5575 Acc: 0.2692 F1: 0.1903
Validation Loss decreased (1.585048 --> 1.557490). Saving best model...
Epoch  26/50 | Train Loss: 1.5874 Acc: 0.3042 F1: 0.1965 | Val Loss: 1.5674 Acc: 0.3462 F1: 0.3020
Epoch  27/50 | Train Loss: 1.5695 Acc: 0.3417 F1: 0.2052 | Val Loss: 1.5134 Acc: 0.4231 F1: 0.3319
Validation Loss decreased (1.557490 --> 1.513395). Saving best model...
Epoch  28/50 | Train Loss: 1.5632 Acc: 0.4417 F1: 0.3545 | Val Loss: 1.5124 Acc: 0.4231 F1: 0.3739
Validation Loss decreased (1.513395 --> 1.512364). Saving best model...
Epoch  29/50 | Train Loss: 1.5479 Acc: 0.3583 F1: 0.2934 | Val Loss: 1.5068 Acc: 0.5385 F1: 0.3813
Validation Loss decreased (1.512364 --> 1.506755). Saving best model...
Epoch  30/50 | Train Loss: 1.5360 Acc: 0.3500 F1: 0.2580 | Val Loss: 1.5308 Acc: 0.2692 F1: 0.1829
Epoch  31/50 | Train Loss: 1.5283 Acc: 0.3958 F1: 0.3126 | Val Loss: 1.5071 Acc: 0.4231 F1: 0.3739
Epoch  32/50 | Train Loss: 1.5163 Acc: 0.4750 F1: 0.4186 | Val Loss: 1.4586 Acc: 0.5769 F1: 0.4123
Validation Loss decreased (1.506755 --> 1.458619). Saving best model...
Epoch  33/50 | Train Loss: 1.5126 Acc: 0.3667 F1: 0.3136 | Val Loss: 1.4740 Acc: 0.3077 F1: 0.2311
Epoch  34/50 | Train Loss: 1.4930 Acc: 0.4208 F1: 0.3307 | Val Loss: 1.4666 Acc: 0.4615 F1: 0.3735
Epoch  35/50 | Train Loss: 1.4955 Acc: 0.3500 F1: 0.2879 | Val Loss: 1.4209 Acc: 0.6154 F1: 0.3910
Validation Loss decreased (1.458619 --> 1.420921). Saving best model...
Epoch  36/50 | Train Loss: 1.4744 Acc: 0.4458 F1: 0.3774 | Val Loss: 1.4464 Acc: 0.3846 F1: 0.3416
Epoch  37/50 | Train Loss: 1.4649 Acc: 0.4458 F1: 0.3621 | Val Loss: 1.4363 Acc: 0.3846 F1: 0.3299
Epoch  38/50 | Train Loss: 1.4633 Acc: 0.4792 F1: 0.4195 | Val Loss: 1.3958 Acc: 0.4615 F1: 0.3877
Validation Loss decreased (1.420921 --> 1.395836). Saving best model...
Epoch  39/50 | Train Loss: 1.4535 Acc: 0.4250 F1: 0.3592 | Val Loss: 1.3976 Acc: 0.3077 F1: 0.2302
Epoch  40/50 | Train Loss: 1.4359 Acc: 0.4417 F1: 0.3768 | Val Loss: 1.4123 Acc: 0.4231 F1: 0.3845
Epoch  41/50 | Train Loss: 1.4424 Acc: 0.4042 F1: 0.3241 | Val Loss: 1.3711 Acc: 0.6538 F1: 0.5238
Validation Loss decreased (1.395836 --> 1.371114). Saving best model...
Epoch  42/50 | Train Loss: 1.4216 Acc: 0.5417 F1: 0.4749 | Val Loss: 1.3780 Acc: 0.4231 F1: 0.3739
Epoch  43/50 | Train Loss: 1.4227 Acc: 0.4125 F1: 0.2917 | Val Loss: 1.3559 Acc: 0.3462 F1: 0.2861
Validation Loss decreased (1.371114 --> 1.355859). Saving best model...
Epoch  44/50 | Train Loss: 1.4079 Acc: 0.4500 F1: 0.4120 | Val Loss: 1.3531 Acc: 0.4231 F1: 0.3762
Validation Loss decreased (1.355859 --> 1.353134). Saving best model...
Epoch  45/50 | Train Loss: 1.3980 Acc: 0.4333 F1: 0.3839 | Val Loss: 1.3306 Acc: 0.3846 F1: 0.3303
Validation Loss decreased (1.353134 --> 1.330598). Saving best model...
Epoch  46/50 | Train Loss: 1.3876 Acc: 0.5167 F1: 0.4244 | Val Loss: 1.3148 Acc: 0.5000 F1: 0.4315
Validation Loss decreased (1.330598 --> 1.314760). Saving best model...
Epoch  47/50 | Train Loss: 1.3775 Acc: 0.5000 F1: 0.4230 | Val Loss: 1.3130 Acc: 0.4615 F1: 0.4048
Validation Loss decreased (1.314760 --> 1.313048). Saving best model...
Epoch  48/50 | Train Loss: 1.3768 Acc: 0.4833 F1: 0.4702 | Val Loss: 1.3095 Acc: 0.6154 F1: 0.4870
Validation Loss decreased (1.313048 --> 1.309509). Saving best model...
Epoch  49/50 | Train Loss: 1.3624 Acc: 0.5250 F1: 0.4611 | Val Loss: 1.3454 Acc: 0.4231 F1: 0.3739
Epoch  50/50 | Train Loss: 1.3703 Acc: 0.4417 F1: 0.4295 | Val Loss: 1.2986 Acc: 0.6154 F1: 0.5664
Validation Loss decreased (1.309509 --> 1.298613). Saving best model...

Classification Test Result (PEMS-SF)
Accuracy : 0.543353
F1 (macro): 0.491797
==================================================
🚀 Architecture: LAYA
📊 Target Dataset: SelfRegulationSCP1 (Channels: 6)
📊 Pretrain Info: tsld
📊 Classes: 2 | Sequence Length: 896
==================================================
✅ Loaded pretrained encoder from ./checkpoints/tsld_laya_independent_none/laya_ts_tsld_s_latest.pt
   - 40/40 keys matched.
✅ Encoder is FROZEN (Linear Probing mode).
ℹ️  Channel Adapter: disabled for Laya downstream (ci)
✅ ClassificationHead: [B, 128] → [B, 2]
Epoch   1/50 | Train Loss: 0.6783 Acc: 0.5375 F1: 0.5286 | Val Loss: 0.6240 Acc: 0.8846 F1: 0.8831
Validation Loss decreased (inf --> 0.624010). Saving best model...
Epoch   2/50 | Train Loss: 0.6224 Acc: 0.6542 F1: 0.6539 | Val Loss: 0.5449 Acc: 0.8462 F1: 0.8452
Validation Loss decreased (0.624010 --> 0.544892). Saving best model...
Epoch   3/50 | Train Loss: 0.5946 Acc: 0.7000 F1: 0.6923 | Val Loss: 0.5073 Acc: 0.8846 F1: 0.8844
Validation Loss decreased (0.544892 --> 0.507309). Saving best model...
Epoch   4/50 | Train Loss: 0.5906 Acc: 0.6792 F1: 0.6787 | Val Loss: 0.4813 Acc: 0.8846 F1: 0.8844
Validation Loss decreased (0.507309 --> 0.481274). Saving best model...
Epoch   5/50 | Train Loss: 0.5731 Acc: 0.6958 F1: 0.6900 | Val Loss: 0.4753 Acc: 0.8462 F1: 0.8462
Validation Loss decreased (0.481274 --> 0.475334). Saving best model...
Epoch   6/50 | Train Loss: 0.5733 Acc: 0.6917 F1: 0.6899 | Val Loss: 0.4622 Acc: 0.8462 F1: 0.8462
Validation Loss decreased (0.475334 --> 0.462187). Saving best model...
Epoch   7/50 | Train Loss: 0.5678 Acc: 0.7000 F1: 0.6970 | Val Loss: 0.4635 Acc: 0.8462 F1: 0.8462
Epoch   8/50 | Train Loss: 0.5665 Acc: 0.6875 F1: 0.6835 | Val Loss: 0.4409 Acc: 0.8462 F1: 0.8462
Validation Loss decreased (0.462187 --> 0.440870). Saving best model...
Epoch   9/50 | Train Loss: 0.5641 Acc: 0.7083 F1: 0.7049 | Val Loss: 0.4433 Acc: 0.8462 F1: 0.8462
Epoch  10/50 | Train Loss: 0.5665 Acc: 0.7000 F1: 0.6939 | Val Loss: 0.4293 Acc: 0.8846 F1: 0.8844
Validation Loss decreased (0.440870 --> 0.429269). Saving best model...
Epoch  11/50 | Train Loss: 0.5607 Acc: 0.7000 F1: 0.6970 | Val Loss: 0.4416 Acc: 0.8462 F1: 0.8462
Epoch  12/50 | Train Loss: 0.5625 Acc: 0.7000 F1: 0.6939 | Val Loss: 0.4249 Acc: 0.8462 F1: 0.8462
Validation Loss decreased (0.429269 --> 0.424889). Saving best model...
Epoch  13/50 | Train Loss: 0.5586 Acc: 0.6958 F1: 0.6925 | Val Loss: 0.4361 Acc: 0.8462 F1: 0.8462
Epoch  14/50 | Train Loss: 0.5551 Acc: 0.7000 F1: 0.6939 | Val Loss: 0.4264 Acc: 0.8462 F1: 0.8462
Epoch  15/50 | Train Loss: 0.5558 Acc: 0.7042 F1: 0.7009 | Val Loss: 0.4241 Acc: 0.8462 F1: 0.8462
Validation Loss decreased (0.424889 --> 0.424147). Saving best model...
Epoch  16/50 | Train Loss: 0.5514 Acc: 0.7042 F1: 0.6970 | Val Loss: 0.4199 Acc: 0.8462 F1: 0.8462
Validation Loss decreased (0.424147 --> 0.419917). Saving best model...
Epoch  17/50 | Train Loss: 0.5550 Acc: 0.6875 F1: 0.6859 | Val Loss: 0.4290 Acc: 0.8462 F1: 0.8462
Epoch  18/50 | Train Loss: 0.5686 Acc: 0.7000 F1: 0.6896 | Val Loss: 0.4028 Acc: 0.8846 F1: 0.8844
Validation Loss decreased (0.419917 --> 0.402818). Saving best model...
Epoch  19/50 | Train Loss: 0.5515 Acc: 0.7083 F1: 0.7059 | Val Loss: 0.4329 Acc: 0.8462 F1: 0.8462
Epoch  20/50 | Train Loss: 0.5502 Acc: 0.6958 F1: 0.6907 | Val Loss: 0.4140 Acc: 0.8462 F1: 0.8462
Epoch  21/50 | Train Loss: 0.5454 Acc: 0.7083 F1: 0.7031 | Val Loss: 0.4249 Acc: 0.8462 F1: 0.8462
Epoch  22/50 | Train Loss: 0.5487 Acc: 0.6958 F1: 0.6900 | Val Loss: 0.4168 Acc: 0.8462 F1: 0.8462
Epoch  23/50 | Train Loss: 0.5465 Acc: 0.6958 F1: 0.6892 | Val Loss: 0.4144 Acc: 0.8462 F1: 0.8462
Epoch  24/50 | Train Loss: 0.5520 Acc: 0.6792 F1: 0.6762 | Val Loss: 0.4060 Acc: 0.8846 F1: 0.8844
Epoch  25/50 | Train Loss: 0.5512 Acc: 0.7083 F1: 0.7008 | Val Loss: 0.4065 Acc: 0.8846 F1: 0.8844
Epoch  26/50 | Train Loss: 0.5422 Acc: 0.7042 F1: 0.6977 | Val Loss: 0.4055 Acc: 0.8846 F1: 0.8844
Epoch  27/50 | Train Loss: 0.5484 Acc: 0.6958 F1: 0.6884 | Val Loss: 0.4263 Acc: 0.8462 F1: 0.8462
Epoch  28/50 | Train Loss: 0.5414 Acc: 0.7042 F1: 0.6985 | Val Loss: 0.4119 Acc: 0.8462 F1: 0.8462
Epoch  29/50 | Train Loss: 0.5396 Acc: 0.7042 F1: 0.6970 | Val Loss: 0.4060 Acc: 0.8846 F1: 0.8844
Epoch  30/50 | Train Loss: 0.5482 Acc: 0.7042 F1: 0.6991 | Val Loss: 0.3914 Acc: 0.8462 F1: 0.8452
Validation Loss decreased (0.402818 --> 0.391366). Saving best model...
Epoch  31/50 | Train Loss: 0.5418 Acc: 0.7000 F1: 0.6914 | Val Loss: 0.4082 Acc: 0.8846 F1: 0.8844
Epoch  32/50 | Train Loss: 0.5504 Acc: 0.7083 F1: 0.7000 | Val Loss: 0.4072 Acc: 0.8846 F1: 0.8844
Epoch  33/50 | Train Loss: 0.5486 Acc: 0.7083 F1: 0.7063 | Val Loss: 0.4099 Acc: 0.8462 F1: 0.8462
Epoch  34/50 | Train Loss: 0.5414 Acc: 0.7208 F1: 0.7107 | Val Loss: 0.3962 Acc: 0.8846 F1: 0.8844
Epoch  35/50 | Train Loss: 0.5505 Acc: 0.7250 F1: 0.7231 | Val Loss: 0.4127 Acc: 0.8462 F1: 0.8462
Epoch  36/50 | Train Loss: 0.5339 Acc: 0.7125 F1: 0.7020 | Val Loss: 0.3908 Acc: 0.8846 F1: 0.8844
Validation Loss decreased (0.391366 --> 0.390823). Saving best model...
Epoch  37/50 | Train Loss: 0.5469 Acc: 0.7083 F1: 0.7016 | Val Loss: 0.3947 Acc: 0.8846 F1: 0.8844
Epoch  38/50 | Train Loss: 0.5384 Acc: 0.7208 F1: 0.7116 | Val Loss: 0.3962 Acc: 0.8846 F1: 0.8844
Epoch  39/50 | Train Loss: 0.5395 Acc: 0.7167 F1: 0.7122 | Val Loss: 0.4062 Acc: 0.8462 F1: 0.8462
Epoch  40/50 | Train Loss: 0.5328 Acc: 0.7167 F1: 0.7094 | Val Loss: 0.4091 Acc: 0.8846 F1: 0.8844
Epoch  41/50 | Train Loss: 0.5285 Acc: 0.7167 F1: 0.7101 | Val Loss: 0.3923 Acc: 0.8846 F1: 0.8844
Epoch  42/50 | Train Loss: 0.5316 Acc: 0.7083 F1: 0.6991 | Val Loss: 0.4083 Acc: 0.8846 F1: 0.8844
Epoch  43/50 | Train Loss: 0.5342 Acc: 0.7083 F1: 0.7024 | Val Loss: 0.4021 Acc: 0.8846 F1: 0.8844
Epoch  44/50 | Train Loss: 0.5345 Acc: 0.7000 F1: 0.6931 | Val Loss: 0.4037 Acc: 0.8846 F1: 0.8844
Epoch  45/50 | Train Loss: 0.5310 Acc: 0.7000 F1: 0.6914 | Val Loss: 0.3939 Acc: 0.8846 F1: 0.8844
Epoch  46/50 | Train Loss: 0.5351 Acc: 0.7000 F1: 0.6923 | Val Loss: 0.3878 Acc: 0.8846 F1: 0.8844
Validation Loss decreased (0.390823 --> 0.387764). Saving best model...
Epoch  47/50 | Train Loss: 0.5334 Acc: 0.7125 F1: 0.7020 | Val Loss: 0.4032 Acc: 0.8846 F1: 0.8844
Epoch  48/50 | Train Loss: 0.5315 Acc: 0.7208 F1: 0.7161 | Val Loss: 0.4015 Acc: 0.8846 F1: 0.8844
Epoch  49/50 | Train Loss: 0.5328 Acc: 0.7167 F1: 0.7068 | Val Loss: 0.3994 Acc: 0.8846 F1: 0.8844
Epoch  50/50 | Train Loss: 0.5300 Acc: 0.7083 F1: 0.7016 | Val Loss: 0.3953 Acc: 0.8846 F1: 0.8844

Classification Test Result (SelfRegulationSCP1)
Accuracy : 0.778157
F1 (macro): 0.770942
==================================================
🚀 Architecture: LAYA
📊 Target Dataset: SelfRegulationSCP2 (Channels: 7)
📊 Pretrain Info: tsld
📊 Classes: 2 | Sequence Length: 1152
==================================================
✅ Loaded pretrained encoder from ./checkpoints/tsld_laya_independent_none/laya_ts_tsld_s_latest.pt
   - 40/40 keys matched.
✅ Encoder is FROZEN (Linear Probing mode).
ℹ️  Channel Adapter: disabled for Laya downstream (ci)
✅ ClassificationHead: [B, 128] → [B, 2]
Epoch   1/50 | Train Loss: 0.6880 Acc: 0.5170 F1: 0.4921 | Val Loss: 0.7153 Acc: 0.4000 F1: 0.2857
Validation Loss decreased (inf --> 0.715300). Saving best model...
Epoch   2/50 | Train Loss: 0.7015 Acc: 0.5057 F1: 0.3458 | Val Loss: 0.6890 Acc: 0.5000 F1: 0.4792
Validation Loss decreased (0.715300 --> 0.688977). Saving best model...
Epoch   3/50 | Train Loss: 0.7071 Acc: 0.4716 F1: 0.3756 | Val Loss: 0.6646 Acc: 0.6000 F1: 0.3750
Validation Loss decreased (0.688977 --> 0.664638). Saving best model...
Epoch   4/50 | Train Loss: 0.6760 Acc: 0.5795 F1: 0.5729 | Val Loss: 0.7333 Acc: 0.4000 F1: 0.2857
Epoch   5/50 | Train Loss: 0.6847 Acc: 0.5114 F1: 0.3919 | Val Loss: 0.6853 Acc: 0.6000 F1: 0.5833
Epoch   6/50 | Train Loss: 0.6758 Acc: 0.5284 F1: 0.5277 | Val Loss: 0.6861 Acc: 0.6000 F1: 0.5833
Epoch   7/50 | Train Loss: 0.6746 Acc: 0.5341 F1: 0.5326 | Val Loss: 0.6977 Acc: 0.4500 F1: 0.4373
Epoch   8/50 | Train Loss: 0.6755 Acc: 0.5341 F1: 0.4202 | Val Loss: 0.7019 Acc: 0.4500 F1: 0.4133
Epoch   9/50 | Train Loss: 0.6726 Acc: 0.4943 F1: 0.4682 | Val Loss: 0.6849 Acc: 0.6000 F1: 0.5238
Epoch  10/50 | Train Loss: 0.6755 Acc: 0.5227 F1: 0.4844 | Val Loss: 0.6952 Acc: 0.5500 F1: 0.5396
Epoch  11/50 | Train Loss: 0.6795 Acc: 0.4830 F1: 0.4641 | Val Loss: 0.7134 Acc: 0.4000 F1: 0.2857
Epoch  12/50 | Train Loss: 0.6809 Acc: 0.5170 F1: 0.3511 | Val Loss: 0.7123 Acc: 0.4000 F1: 0.2857
Epoch  13/50 | Train Loss: 0.6710 Acc: 0.5341 F1: 0.5087 | Val Loss: 0.6867 Acc: 0.6000 F1: 0.5238
Epoch  14/50 | Train Loss: 0.6743 Acc: 0.5455 F1: 0.5353 | Val Loss: 0.7042 Acc: 0.4000 F1: 0.4000
Epoch  15/50 | Train Loss: 0.6737 Acc: 0.5398 F1: 0.5386 | Val Loss: 0.7042 Acc: 0.4000 F1: 0.4000
Epoch  16/50 | Train Loss: 0.6770 Acc: 0.5227 F1: 0.5222 | Val Loss: 0.7185 Acc: 0.4500 F1: 0.3732
Epoch  17/50 | Train Loss: 0.6729 Acc: 0.5284 F1: 0.5216 | Val Loss: 0.6972 Acc: 0.5500 F1: 0.5200
Epoch  18/50 | Train Loss: 0.6707 Acc: 0.5568 F1: 0.5540 | Val Loss: 0.7116 Acc: 0.3500 F1: 0.3484
Epoch  19/50 | Train Loss: 0.6717 Acc: 0.5341 F1: 0.5030 | Val Loss: 0.7039 Acc: 0.5000 F1: 0.4949
Epoch  20/50 | Train Loss: 0.6762 Acc: 0.4886 F1: 0.4397 | Val Loss: 0.7042 Acc: 0.5000 F1: 0.4792
Epoch  21/50 | Train Loss: 0.6729 Acc: 0.5511 F1: 0.5447 | Val Loss: 0.7104 Acc: 0.4000 F1: 0.4000
Epoch  22/50 | Train Loss: 0.6693 Acc: 0.5398 F1: 0.5287 | Val Loss: 0.7027 Acc: 0.5000 F1: 0.4792
Epoch  23/50 | Train Loss: 0.6792 Acc: 0.4886 F1: 0.4397 | Val Loss: 0.7220 Acc: 0.4000 F1: 0.3407
Epoch  24/50 | Train Loss: 0.6760 Acc: 0.4886 F1: 0.4608 | Val Loss: 0.7009 Acc: 0.5000 F1: 0.4505
Epoch  25/50 | Train Loss: 0.6691 Acc: 0.5341 F1: 0.5137 | Val Loss: 0.7204 Acc: 0.4000 F1: 0.3939
Epoch  26/50 | Train Loss: 0.6732 Acc: 0.5114 F1: 0.4256 | Val Loss: 0.7254 Acc: 0.4000 F1: 0.3407
Epoch  27/50 | Train Loss: 0.6745 Acc: 0.5170 F1: 0.5054 | Val Loss: 0.7093 Acc: 0.5000 F1: 0.4792
Epoch  28/50 | Train Loss: 0.6739 Acc: 0.5341 F1: 0.5087 | Val Loss: 0.7193 Acc: 0.4000 F1: 0.3939
Epoch  29/50 | Train Loss: 0.6686 Acc: 0.5455 F1: 0.5337 | Val Loss: 0.6986 Acc: 0.5000 F1: 0.4505
Epoch  30/50 | Train Loss: 0.6733 Acc: 0.5284 F1: 0.5277 | Val Loss: 0.7162 Acc: 0.4000 F1: 0.4000
Epoch  31/50 | Train Loss: 0.6691 Acc: 0.5682 F1: 0.5600 | Val Loss: 0.7060 Acc: 0.5000 F1: 0.4792
Epoch  32/50 | Train Loss: 0.6678 Acc: 0.5511 F1: 0.5504 | Val Loss: 0.7260 Acc: 0.4500 F1: 0.4373
Epoch  33/50 | Train Loss: 0.6676 Acc: 0.5966 F1: 0.5955 | Val Loss: 0.7152 Acc: 0.4500 F1: 0.4373
Epoch  34/50 | Train Loss: 0.6729 Acc: 0.5057 F1: 0.4828 | Val Loss: 0.7331 Acc: 0.4000 F1: 0.3407
Epoch  35/50 | Train Loss: 0.6680 Acc: 0.5682 F1: 0.5682 | Val Loss: 0.7104 Acc: 0.5000 F1: 0.4792
Epoch  36/50 | Train Loss: 0.6674 Acc: 0.5455 F1: 0.5256 | Val Loss: 0.7151 Acc: 0.5000 F1: 0.4792
Epoch  37/50 | Train Loss: 0.6693 Acc: 0.5909 F1: 0.5896 | Val Loss: 0.7252 Acc: 0.4000 F1: 0.3939
Epoch  38/50 | Train Loss: 0.6671 Acc: 0.5682 F1: 0.5662 | Val Loss: 0.7180 Acc: 0.4500 F1: 0.4373
Epoch  39/50 | Train Loss: 0.6672 Acc: 0.5909 F1: 0.5907 | Val Loss: 0.7304 Acc: 0.4000 F1: 0.3750
Epoch  40/50 | Train Loss: 0.6693 Acc: 0.5625 F1: 0.5374 | Val Loss: 0.7267 Acc: 0.4000 F1: 0.3939
Epoch  41/50 | Train Loss: 0.6642 Acc: 0.6193 F1: 0.6138 | Val Loss: 0.7350 Acc: 0.4000 F1: 0.3750
Epoch  42/50 | Train Loss: 0.6712 Acc: 0.5341 F1: 0.5302 | Val Loss: 0.7173 Acc: 0.5000 F1: 0.4792
Epoch  43/50 | Train Loss: 0.6716 Acc: 0.5568 F1: 0.5453 | Val Loss: 0.7372 Acc: 0.4000 F1: 0.3750
Epoch  44/50 | Train Loss: 0.6648 Acc: 0.5795 F1: 0.5769 | Val Loss: 0.7127 Acc: 0.5000 F1: 0.4792
Epoch  45/50 | Train Loss: 0.6665 Acc: 0.5455 F1: 0.5256 | Val Loss: 0.7206 Acc: 0.4500 F1: 0.4373
Epoch  46/50 | Train Loss: 0.6659 Acc: 0.5795 F1: 0.5760 | Val Loss: 0.7482 Acc: 0.4000 F1: 0.3407
Epoch  47/50 | Train Loss: 0.6725 Acc: 0.5000 F1: 0.4437 | Val Loss: 0.7243 Acc: 0.3500 F1: 0.3484
Epoch  48/50 | Train Loss: 0.6653 Acc: 0.5682 F1: 0.5681 | Val Loss: 0.7230 Acc: 0.4000 F1: 0.3939
Epoch  49/50 | Train Loss: 0.6674 Acc: 0.5795 F1: 0.5751 | Val Loss: 0.7073 Acc: 0.4500 F1: 0.4133
Epoch  50/50 | Train Loss: 0.6702 Acc: 0.5568 F1: 0.5417 | Val Loss: 0.7379 Acc: 0.4000 F1: 0.3750

Classification Test Result (SelfRegulationSCP2)
Accuracy : 0.505556
F1 (macro): 0.345562
==================================================
🚀 Architecture: LAYA
📊 Target Dataset: SpokenArabicDigits (Channels: 13)
📊 Pretrain Info: tsld
📊 Classes: 10 | Sequence Length: 93
==================================================
✅ Loaded pretrained encoder from ./checkpoints/tsld_laya_independent_none/laya_ts_tsld_s_latest.pt
   - 40/40 keys matched.
✅ Encoder is FROZEN (Linear Probing mode).
ℹ️  Channel Adapter: disabled for Laya downstream (ci)
✅ ClassificationHead: [B, 128] → [B, 10]
Epoch   1/50 | Train Loss: 2.2425 Acc: 0.1749 F1: 0.1673 | Val Loss: 2.1553 Acc: 0.1912 F1: 0.1138
Validation Loss decreased (inf --> 2.155332). Saving best model...
Epoch   2/50 | Train Loss: 2.0672 Acc: 0.3021 F1: 0.2879 | Val Loss: 1.9960 Acc: 0.3627 F1: 0.3215
Validation Loss decreased (2.155332 --> 1.996022). Saving best model...
Epoch   3/50 | Train Loss: 1.9280 Acc: 0.3760 F1: 0.3590 | Val Loss: 1.8903 Acc: 0.3703 F1: 0.3658
Validation Loss decreased (1.996022 --> 1.890256). Saving best model...
Epoch   4/50 | Train Loss: 1.8336 Acc: 0.3966 F1: 0.3821 | Val Loss: 1.8120 Acc: 0.3945 F1: 0.3724
Validation Loss decreased (1.890256 --> 1.812018). Saving best model...
Epoch   5/50 | Train Loss: 1.7674 Acc: 0.4212 F1: 0.4054 | Val Loss: 1.7557 Acc: 0.4203 F1: 0.4062
Validation Loss decreased (1.812018 --> 1.755666). Saving best model...
Epoch   6/50 | Train Loss: 1.7145 Acc: 0.4426 F1: 0.4308 | Val Loss: 1.7155 Acc: 0.4294 F1: 0.4084
Validation Loss decreased (1.755666 --> 1.715510). Saving best model...
Epoch   7/50 | Train Loss: 1.6771 Acc: 0.4550 F1: 0.4433 | Val Loss: 1.6709 Acc: 0.4431 F1: 0.4107
Validation Loss decreased (1.715510 --> 1.670928). Saving best model...
Epoch   8/50 | Train Loss: 1.6397 Acc: 0.4661 F1: 0.4537 | Val Loss: 1.6532 Acc: 0.4264 F1: 0.4040
Validation Loss decreased (1.670928 --> 1.653223). Saving best model...
Epoch   9/50 | Train Loss: 1.6116 Acc: 0.4796 F1: 0.4694 | Val Loss: 1.6073 Acc: 0.4522 F1: 0.4363
Validation Loss decreased (1.653223 --> 1.607284). Saving best model...
Epoch  10/50 | Train Loss: 1.5849 Acc: 0.4838 F1: 0.4734 | Val Loss: 1.5764 Acc: 0.4628 F1: 0.4502
Validation Loss decreased (1.607284 --> 1.576391). Saving best model...
Epoch  11/50 | Train Loss: 1.5602 Acc: 0.4997 F1: 0.4902 | Val Loss: 1.5461 Acc: 0.4917 F1: 0.4851
Validation Loss decreased (1.576391 --> 1.546086). Saving best model...
Epoch  12/50 | Train Loss: 1.5440 Acc: 0.4985 F1: 0.4888 | Val Loss: 1.5289 Acc: 0.5190 F1: 0.5131
Validation Loss decreased (1.546086 --> 1.528876). Saving best model...
Epoch  13/50 | Train Loss: 1.5211 Acc: 0.5158 F1: 0.5074 | Val Loss: 1.5306 Acc: 0.4886 F1: 0.4749
Epoch  14/50 | Train Loss: 1.5035 Acc: 0.5160 F1: 0.5084 | Val Loss: 1.5005 Acc: 0.5099 F1: 0.5049
Validation Loss decreased (1.528876 --> 1.500466). Saving best model...
Epoch  15/50 | Train Loss: 1.4896 Acc: 0.5211 F1: 0.5126 | Val Loss: 1.4848 Acc: 0.5417 F1: 0.5346
Validation Loss decreased (1.500466 --> 1.484787). Saving best model...
Epoch  16/50 | Train Loss: 1.4732 Acc: 0.5327 F1: 0.5254 | Val Loss: 1.4609 Acc: 0.5190 F1: 0.5129
Validation Loss decreased (1.484787 --> 1.460933). Saving best model...
Epoch  17/50 | Train Loss: 1.4600 Acc: 0.5335 F1: 0.5258 | Val Loss: 1.4561 Acc: 0.5341 F1: 0.5245
Validation Loss decreased (1.460933 --> 1.456089). Saving best model...
Epoch  18/50 | Train Loss: 1.4436 Acc: 0.5436 F1: 0.5371 | Val Loss: 1.4393 Acc: 0.5417 F1: 0.5342
Validation Loss decreased (1.456089 --> 1.439335). Saving best model...
Epoch  19/50 | Train Loss: 1.4312 Acc: 0.5458 F1: 0.5390 | Val Loss: 1.4405 Acc: 0.5114 F1: 0.5061
Epoch  20/50 | Train Loss: 1.4200 Acc: 0.5473 F1: 0.5416 | Val Loss: 1.4229 Acc: 0.5402 F1: 0.5288
Validation Loss decreased (1.439335 --> 1.422943). Saving best model...
Epoch  21/50 | Train Loss: 1.4081 Acc: 0.5539 F1: 0.5469 | Val Loss: 1.4037 Acc: 0.5508 F1: 0.5428
Validation Loss decreased (1.422943 --> 1.403692). Saving best model...
Epoch  22/50 | Train Loss: 1.3983 Acc: 0.5576 F1: 0.5518 | Val Loss: 1.3882 Acc: 0.5645 F1: 0.5597
Validation Loss decreased (1.403692 --> 1.388151). Saving best model...
Epoch  23/50 | Train Loss: 1.3876 Acc: 0.5595 F1: 0.5547 | Val Loss: 1.3758 Acc: 0.5478 F1: 0.5410
Validation Loss decreased (1.388151 --> 1.375761). Saving best model...
Epoch  24/50 | Train Loss: 1.3766 Acc: 0.5665 F1: 0.5605 | Val Loss: 1.3669 Acc: 0.5675 F1: 0.5636
Validation Loss decreased (1.375761 --> 1.366932). Saving best model...
Epoch  25/50 | Train Loss: 1.3664 Acc: 0.5711 F1: 0.5661 | Val Loss: 1.3570 Acc: 0.5645 F1: 0.5580
Validation Loss decreased (1.366932 --> 1.357045). Saving best model...
Epoch  26/50 | Train Loss: 1.3587 Acc: 0.5740 F1: 0.5690 | Val Loss: 1.3623 Acc: 0.5493 F1: 0.5452
Epoch  27/50 | Train Loss: 1.3531 Acc: 0.5772 F1: 0.5722 | Val Loss: 1.3555 Acc: 0.5645 F1: 0.5576
Validation Loss decreased (1.357045 --> 1.355503). Saving best model...
Epoch  28/50 | Train Loss: 1.3434 Acc: 0.5748 F1: 0.5707 | Val Loss: 1.3413 Acc: 0.5599 F1: 0.5498
Validation Loss decreased (1.355503 --> 1.341287). Saving best model...
Epoch  29/50 | Train Loss: 1.3364 Acc: 0.5790 F1: 0.5744 | Val Loss: 1.3438 Acc: 0.5463 F1: 0.5314
Epoch  30/50 | Train Loss: 1.3283 Acc: 0.5810 F1: 0.5769 | Val Loss: 1.3252 Acc: 0.5660 F1: 0.5658
Validation Loss decreased (1.341287 --> 1.325183). Saving best model...
Epoch  31/50 | Train Loss: 1.3184 Acc: 0.5841 F1: 0.5802 | Val Loss: 1.3292 Acc: 0.5630 F1: 0.5623
Epoch  32/50 | Train Loss: 1.3131 Acc: 0.5825 F1: 0.5783 | Val Loss: 1.3303 Acc: 0.5660 F1: 0.5646
Epoch  33/50 | Train Loss: 1.3080 Acc: 0.5928 F1: 0.5893 | Val Loss: 1.3088 Acc: 0.5736 F1: 0.5676
Validation Loss decreased (1.325183 --> 1.308798). Saving best model...
Epoch  34/50 | Train Loss: 1.2991 Acc: 0.5906 F1: 0.5872 | Val Loss: 1.3100 Acc: 0.5660 F1: 0.5589
Epoch  35/50 | Train Loss: 1.2937 Acc: 0.5974 F1: 0.5936 | Val Loss: 1.3131 Acc: 0.5781 F1: 0.5694
Epoch  36/50 | Train Loss: 1.2879 Acc: 0.6004 F1: 0.5968 | Val Loss: 1.2935 Acc: 0.5781 F1: 0.5780
Validation Loss decreased (1.308798 --> 1.293476). Saving best model...
Epoch  37/50 | Train Loss: 1.2812 Acc: 0.5991 F1: 0.5955 | Val Loss: 1.3178 Acc: 0.5554 F1: 0.5478
Epoch  38/50 | Train Loss: 1.2755 Acc: 0.5989 F1: 0.5955 | Val Loss: 1.3031 Acc: 0.5690 F1: 0.5572
Epoch  39/50 | Train Loss: 1.2718 Acc: 0.5959 F1: 0.5922 | Val Loss: 1.2723 Acc: 0.5842 F1: 0.5766
Validation Loss decreased (1.293476 --> 1.272330). Saving best model...
Epoch  40/50 | Train Loss: 1.2646 Acc: 0.6044 F1: 0.6010 | Val Loss: 1.2712 Acc: 0.5873 F1: 0.5837
Validation Loss decreased (1.272330 --> 1.271191). Saving best model...
Epoch  41/50 | Train Loss: 1.2567 Acc: 0.6021 F1: 0.5985 | Val Loss: 1.2791 Acc: 0.5812 F1: 0.5799
Epoch  42/50 | Train Loss: 1.2575 Acc: 0.6132 F1: 0.6106 | Val Loss: 1.2605 Acc: 0.5918 F1: 0.5827
Validation Loss decreased (1.271191 --> 1.260454). Saving best model...
Epoch  43/50 | Train Loss: 1.2487 Acc: 0.6050 F1: 0.6020 | Val Loss: 1.2573 Acc: 0.6009 F1: 0.5960
Validation Loss decreased (1.260454 --> 1.257300). Saving best model...
Epoch  44/50 | Train Loss: 1.2457 Acc: 0.6117 F1: 0.6086 | Val Loss: 1.2597 Acc: 0.5888 F1: 0.5824
Epoch  45/50 | Train Loss: 1.2392 Acc: 0.6151 F1: 0.6127 | Val Loss: 1.2600 Acc: 0.5857 F1: 0.5798
Epoch  46/50 | Train Loss: 1.2356 Acc: 0.6146 F1: 0.6109 | Val Loss: 1.2551 Acc: 0.5781 F1: 0.5711
Validation Loss decreased (1.257300 --> 1.255140). Saving best model...
Epoch  47/50 | Train Loss: 1.2284 Acc: 0.6189 F1: 0.6163 | Val Loss: 1.2342 Acc: 0.6024 F1: 0.5967
Validation Loss decreased (1.255140 --> 1.234168). Saving best model...
Epoch  48/50 | Train Loss: 1.2269 Acc: 0.6164 F1: 0.6136 | Val Loss: 1.2348 Acc: 0.5842 F1: 0.5804
Epoch  49/50 | Train Loss: 1.2234 Acc: 0.6210 F1: 0.6180 | Val Loss: 1.2450 Acc: 0.5918 F1: 0.5910
Epoch  50/50 | Train Loss: 1.2165 Acc: 0.6238 F1: 0.6204 | Val Loss: 1.2434 Acc: 0.5827 F1: 0.5795

Classification Test Result (SpokenArabicDigits)
Accuracy : 0.210550
F1 (macro): 0.156793
==================================================
🚀 Architecture: LAYA
📊 Target Dataset: UWaveGestureLibrary (Channels: 3)
📊 Pretrain Info: tsld
📊 Classes: 8 | Sequence Length: 315
==================================================
✅ Loaded pretrained encoder from ./checkpoints/tsld_laya_independent_none/laya_ts_tsld_s_latest.pt
   - 40/40 keys matched.
✅ Encoder is FROZEN (Linear Probing mode).
ℹ️  Channel Adapter: disabled for Laya downstream (ci)
✅ ClassificationHead: [B, 128] → [B, 8]
Epoch   1/50 | Train Loss: 1.9101 Acc: 0.0729 F1: 0.0295 | Val Loss: 2.1881 Acc: 0.0000 F1: 0.0000
Validation Loss decreased (inf --> 2.188144). Saving best model...
Epoch   2/50 | Train Loss: 1.8608 Acc: 0.1667 F1: 0.0656 | Val Loss: 2.1746 Acc: 0.0833 F1: 0.0238
Validation Loss decreased (2.188144 --> 2.174612). Saving best model...
Epoch   3/50 | Train Loss: 1.8740 Acc: 0.1458 F1: 0.0327 | Val Loss: 2.1643 Acc: 0.0833 F1: 0.0317
Validation Loss decreased (2.174612 --> 2.164280). Saving best model...
Epoch   4/50 | Train Loss: 1.8635 Acc: 0.1146 F1: 0.0453 | Val Loss: 2.1094 Acc: 0.0833 F1: 0.0220
Validation Loss decreased (2.164280 --> 2.109369). Saving best model...
Epoch   5/50 | Train Loss: 1.8358 Acc: 0.1146 F1: 0.0475 | Val Loss: 2.0790 Acc: 0.0833 F1: 0.0220
Validation Loss decreased (2.109369 --> 2.079037). Saving best model...
Epoch   6/50 | Train Loss: 1.8335 Acc: 0.1250 F1: 0.0280 | Val Loss: 2.0882 Acc: 0.0833 F1: 0.0220
Epoch   7/50 | Train Loss: 1.8247 Acc: 0.1354 F1: 0.0630 | Val Loss: 2.0973 Acc: 0.0833 F1: 0.0260
Epoch   8/50 | Train Loss: 1.8146 Acc: 0.2188 F1: 0.1644 | Val Loss: 2.1137 Acc: 0.0833 F1: 0.0317
Epoch   9/50 | Train Loss: 1.8089 Acc: 0.1875 F1: 0.1211 | Val Loss: 2.1461 Acc: 0.0833 F1: 0.0417
Epoch  10/50 | Train Loss: 1.8043 Acc: 0.1979 F1: 0.1119 | Val Loss: 2.1486 Acc: 0.0833 F1: 0.0500
Epoch  11/50 | Train Loss: 1.8022 Acc: 0.2083 F1: 0.0884 | Val Loss: 2.1244 Acc: 0.0833 F1: 0.0417
Epoch  12/50 | Train Loss: 1.7916 Acc: 0.2083 F1: 0.1128 | Val Loss: 2.1169 Acc: 0.1667 F1: 0.0917
Epoch  13/50 | Train Loss: 1.7805 Acc: 0.2188 F1: 0.1296 | Val Loss: 2.1491 Acc: 0.0000 F1: 0.0000
Epoch  14/50 | Train Loss: 1.7857 Acc: 0.3125 F1: 0.2401 | Val Loss: 2.1331 Acc: 0.0833 F1: 0.0833
Epoch  15/50 | Train Loss: 1.7784 Acc: 0.3542 F1: 0.2012 | Val Loss: 2.1040 Acc: 0.1667 F1: 0.0833
Epoch  16/50 | Train Loss: 1.7724 Acc: 0.3542 F1: 0.2156 | Val Loss: 2.0662 Acc: 0.1667 F1: 0.1250
Validation Loss decreased (2.079037 --> 2.066171). Saving best model...
Epoch  17/50 | Train Loss: 1.7706 Acc: 0.3646 F1: 0.2665 | Val Loss: 2.0441 Acc: 0.1667 F1: 0.1333
Validation Loss decreased (2.066171 --> 2.044132). Saving best model...
Epoch  18/50 | Train Loss: 1.7529 Acc: 0.4167 F1: 0.3130 | Val Loss: 2.0801 Acc: 0.1667 F1: 0.0938
Epoch  19/50 | Train Loss: 1.7532 Acc: 0.3229 F1: 0.2310 | Val Loss: 2.1234 Acc: 0.0833 F1: 0.0625
Epoch  20/50 | Train Loss: 1.7428 Acc: 0.2604 F1: 0.1553 | Val Loss: 2.1226 Acc: 0.1667 F1: 0.0982
Epoch  21/50 | Train Loss: 1.7462 Acc: 0.3750 F1: 0.2981 | Val Loss: 2.0797 Acc: 0.2500 F1: 0.1958
Epoch  22/50 | Train Loss: 1.7244 Acc: 0.4479 F1: 0.3728 | Val Loss: 2.0604 Acc: 0.1667 F1: 0.1458
Epoch  23/50 | Train Loss: 1.7219 Acc: 0.3438 F1: 0.2396 | Val Loss: 2.0593 Acc: 0.1667 F1: 0.2083
Epoch  24/50 | Train Loss: 1.7179 Acc: 0.3542 F1: 0.2266 | Val Loss: 2.0381 Acc: 0.0833 F1: 0.0833
Validation Loss decreased (2.044132 --> 2.038058). Saving best model...
Epoch  25/50 | Train Loss: 1.7158 Acc: 0.3021 F1: 0.1907 | Val Loss: 2.0447 Acc: 0.1667 F1: 0.1190
Epoch  26/50 | Train Loss: 1.7010 Acc: 0.4375 F1: 0.3402 | Val Loss: 2.0514 Acc: 0.1667 F1: 0.1190
Epoch  27/50 | Train Loss: 1.7008 Acc: 0.4167 F1: 0.3144 | Val Loss: 2.0358 Acc: 0.0833 F1: 0.0625
Validation Loss decreased (2.038058 --> 2.035807). Saving best model...
Epoch  28/50 | Train Loss: 1.6865 Acc: 0.4271 F1: 0.3206 | Val Loss: 2.0307 Acc: 0.1667 F1: 0.1250
Validation Loss decreased (2.035807 --> 2.030679). Saving best model...
Epoch  29/50 | Train Loss: 1.6798 Acc: 0.4583 F1: 0.3330 | Val Loss: 2.0254 Acc: 0.1667 F1: 0.1125
Validation Loss decreased (2.030679 --> 2.025413). Saving best model...
Epoch  30/50 | Train Loss: 1.6805 Acc: 0.4167 F1: 0.2980 | Val Loss: 2.0188 Acc: 0.1667 F1: 0.2083
Validation Loss decreased (2.025413 --> 2.018798). Saving best model...
Epoch  31/50 | Train Loss: 1.6769 Acc: 0.3438 F1: 0.2177 | Val Loss: 1.9997 Acc: 0.1667 F1: 0.0982
Validation Loss decreased (2.018798 --> 1.999706). Saving best model...
Epoch  32/50 | Train Loss: 1.6721 Acc: 0.4583 F1: 0.3117 | Val Loss: 2.0256 Acc: 0.1667 F1: 0.1190
Epoch  33/50 | Train Loss: 1.6601 Acc: 0.4688 F1: 0.3375 | Val Loss: 2.0118 Acc: 0.1667 F1: 0.0982
Epoch  34/50 | Train Loss: 1.6560 Acc: 0.4792 F1: 0.3593 | Val Loss: 1.9980 Acc: 0.1667 F1: 0.1250
Validation Loss decreased (1.999706 --> 1.997989). Saving best model...
Epoch  35/50 | Train Loss: 1.6423 Acc: 0.5312 F1: 0.4195 | Val Loss: 2.0113 Acc: 0.2500 F1: 0.1750
Epoch  36/50 | Train Loss: 1.6472 Acc: 0.4896 F1: 0.3630 | Val Loss: 2.0519 Acc: 0.1667 F1: 0.1250
Epoch  37/50 | Train Loss: 1.6325 Acc: 0.5104 F1: 0.4140 | Val Loss: 2.0354 Acc: 0.2500 F1: 0.2708
Epoch  38/50 | Train Loss: 1.6361 Acc: 0.4583 F1: 0.3882 | Val Loss: 2.0043 Acc: 0.1667 F1: 0.2083
Epoch  39/50 | Train Loss: 1.6380 Acc: 0.3854 F1: 0.3112 | Val Loss: 1.9712 Acc: 0.2500 F1: 0.2167
Validation Loss decreased (1.997989 --> 1.971200). Saving best model...
Epoch  40/50 | Train Loss: 1.6128 Acc: 0.5312 F1: 0.4691 | Val Loss: 1.9491 Acc: 0.3333 F1: 0.2583
Validation Loss decreased (1.971200 --> 1.949050). Saving best model...
Epoch  41/50 | Train Loss: 1.6071 Acc: 0.5104 F1: 0.4216 | Val Loss: 1.9712 Acc: 0.1667 F1: 0.1667
Epoch  42/50 | Train Loss: 1.6084 Acc: 0.4271 F1: 0.3077 | Val Loss: 1.9927 Acc: 0.1667 F1: 0.1125
Epoch  43/50 | Train Loss: 1.6063 Acc: 0.5104 F1: 0.4209 | Val Loss: 2.0023 Acc: 0.2500 F1: 0.2083
Epoch  44/50 | Train Loss: 1.6002 Acc: 0.4583 F1: 0.3870 | Val Loss: 1.9778 Acc: 0.1667 F1: 0.1458
Epoch  45/50 | Train Loss: 1.5847 Acc: 0.4583 F1: 0.3673 | Val Loss: 1.9920 Acc: 0.1667 F1: 0.1190
Epoch  46/50 | Train Loss: 1.5728 Acc: 0.4583 F1: 0.3662 | Val Loss: 1.9611 Acc: 0.2500 F1: 0.2167
Epoch  47/50 | Train Loss: 1.5898 Acc: 0.4583 F1: 0.3668 | Val Loss: 1.9638 Acc: 0.1667 F1: 0.1250
Epoch  48/50 | Train Loss: 1.5861 Acc: 0.5521 F1: 0.4881 | Val Loss: 1.9293 Acc: 0.2500 F1: 0.1958
Validation Loss decreased (1.949050 --> 1.929291). Saving best model...
Epoch  49/50 | Train Loss: 1.5688 Acc: 0.6354 F1: 0.5757 | Val Loss: 1.9138 Acc: 0.3333 F1: 0.3000
Validation Loss decreased (1.929291 --> 1.913816). Saving best model...
Epoch  50/50 | Train Loss: 1.5537 Acc: 0.6562 F1: 0.5820 | Val Loss: 1.9371 Acc: 0.1667 F1: 0.1190

Classification Test Result (UWaveGestureLibrary)
Accuracy : 0.484375
F1 (macro): 0.433235
==================================================
🚀 Architecture: LAYA
📊 Target Dataset: ECG200 (Channels: 1)
📊 Pretrain Info: tsld
📊 Classes: 2 | Sequence Length: 96
==================================================
✅ Loaded pretrained encoder from ./checkpoints/tsld_laya_independent_none/laya_ts_tsld_s_latest.pt
   - 40/40 keys matched.
✅ Encoder is FROZEN (Linear Probing mode).
ℹ️  Channel Adapter: disabled for Laya downstream (ci)
✅ ClassificationHead: [B, 128] → [B, 2]
Epoch   1/50 | Train Loss: 0.5522 Acc: 0.7125 F1: 0.5157 | Val Loss: 0.8210 Acc: 0.6000 F1: 0.3750
Validation Loss decreased (inf --> 0.820951). Saving best model...
Epoch   2/50 | Train Loss: 0.5212 Acc: 0.7125 F1: 0.4161 | Val Loss: 0.8429 Acc: 0.6000 F1: 0.3750
Epoch   3/50 | Train Loss: 0.5063 Acc: 0.7125 F1: 0.4161 | Val Loss: 0.7795 Acc: 0.6000 F1: 0.3750
Validation Loss decreased (0.820951 --> 0.779456). Saving best model...
Epoch   4/50 | Train Loss: 0.5147 Acc: 0.6875 F1: 0.4074 | Val Loss: 0.7465 Acc: 0.6000 F1: 0.3750
Validation Loss decreased (0.779456 --> 0.746538). Saving best model...
Epoch   5/50 | Train Loss: 0.4934 Acc: 0.7500 F1: 0.5671 | Val Loss: 0.7239 Acc: 0.6000 F1: 0.3750
Validation Loss decreased (0.746538 --> 0.723947). Saving best model...
Epoch   6/50 | Train Loss: 0.4745 Acc: 0.7625 F1: 0.5999 | Val Loss: 0.7335 Acc: 0.6000 F1: 0.3750
Epoch   7/50 | Train Loss: 0.4584 Acc: 0.7375 F1: 0.5322 | Val Loss: 0.7426 Acc: 0.6000 F1: 0.3750
Epoch   8/50 | Train Loss: 0.4581 Acc: 0.7250 F1: 0.4608 | Val Loss: 0.7712 Acc: 0.6000 F1: 0.3750
Epoch   9/50 | Train Loss: 0.4505 Acc: 0.7000 F1: 0.4489 | Val Loss: 0.7284 Acc: 0.6000 F1: 0.3750
Epoch  10/50 | Train Loss: 0.4315 Acc: 0.7750 F1: 0.6104 | Val Loss: 0.6924 Acc: 0.6000 F1: 0.3750
Validation Loss decreased (0.723947 --> 0.692392). Saving best model...
Epoch  11/50 | Train Loss: 0.4338 Acc: 0.8000 F1: 0.7012 | Val Loss: 0.6809 Acc: 0.6000 F1: 0.3750
Validation Loss decreased (0.692392 --> 0.680896). Saving best model...
Epoch  12/50 | Train Loss: 0.4309 Acc: 0.8000 F1: 0.7239 | Val Loss: 0.6876 Acc: 0.6000 F1: 0.3750
Epoch  13/50 | Train Loss: 0.4169 Acc: 0.7875 F1: 0.7012 | Val Loss: 0.6900 Acc: 0.6000 F1: 0.3750
Epoch  14/50 | Train Loss: 0.3881 Acc: 0.8250 F1: 0.7128 | Val Loss: 0.7046 Acc: 0.6000 F1: 0.3750
Epoch  15/50 | Train Loss: 0.3772 Acc: 0.8125 F1: 0.6999 | Val Loss: 0.7229 Acc: 0.6000 F1: 0.3750
Epoch  16/50 | Train Loss: 0.4047 Acc: 0.8000 F1: 0.7133 | Val Loss: 0.6876 Acc: 0.6000 F1: 0.3750
Epoch  17/50 | Train Loss: 0.4014 Acc: 0.8000 F1: 0.7492 | Val Loss: 0.6493 Acc: 0.6000 F1: 0.3750
Validation Loss decreased (0.680896 --> 0.649317). Saving best model...
Epoch  18/50 | Train Loss: 0.3804 Acc: 0.8250 F1: 0.7740 | Val Loss: 0.6429 Acc: 0.6000 F1: 0.3750
Validation Loss decreased (0.649317 --> 0.642924). Saving best model...
Epoch  19/50 | Train Loss: 0.3672 Acc: 0.8500 F1: 0.8063 | Val Loss: 0.6468 Acc: 0.6000 F1: 0.3750
Epoch  20/50 | Train Loss: 0.3732 Acc: 0.8250 F1: 0.7584 | Val Loss: 0.6805 Acc: 0.6000 F1: 0.3750
Epoch  21/50 | Train Loss: 0.3798 Acc: 0.8125 F1: 0.7540 | Val Loss: 0.6716 Acc: 0.6000 F1: 0.3750
Epoch  22/50 | Train Loss: 0.3794 Acc: 0.8125 F1: 0.7615 | Val Loss: 0.6592 Acc: 0.6000 F1: 0.3750
Epoch  23/50 | Train Loss: 0.3504 Acc: 0.8500 F1: 0.8119 | Val Loss: 0.6419 Acc: 0.6000 F1: 0.3750
Validation Loss decreased (0.642924 --> 0.641934). Saving best model...
Epoch  24/50 | Train Loss: 0.3642 Acc: 0.8000 F1: 0.7492 | Val Loss: 0.6293 Acc: 0.6000 F1: 0.3750
Validation Loss decreased (0.641934 --> 0.629302). Saving best model...
Epoch  25/50 | Train Loss: 0.3579 Acc: 0.8125 F1: 0.7615 | Val Loss: 0.6410 Acc: 0.6000 F1: 0.3750
Epoch  26/50 | Train Loss: 0.3506 Acc: 0.8250 F1: 0.7667 | Val Loss: 0.6520 Acc: 0.6000 F1: 0.3750
Epoch  27/50 | Train Loss: 0.3599 Acc: 0.8000 F1: 0.7417 | Val Loss: 0.6727 Acc: 0.6000 F1: 0.3750
Epoch  28/50 | Train Loss: 0.3505 Acc: 0.8250 F1: 0.7740 | Val Loss: 0.6554 Acc: 0.6000 F1: 0.3750
Epoch  29/50 | Train Loss: 0.3431 Acc: 0.8125 F1: 0.7741 | Val Loss: 0.6209 Acc: 0.6000 F1: 0.3750
Validation Loss decreased (0.629302 --> 0.620906). Saving best model...
Epoch  30/50 | Train Loss: 0.3467 Acc: 0.8125 F1: 0.7615 | Val Loss: 0.6289 Acc: 0.6000 F1: 0.3750
Epoch  31/50 | Train Loss: 0.3072 Acc: 0.8750 F1: 0.8386 | Val Loss: 0.6382 Acc: 0.6000 F1: 0.3750
Epoch  32/50 | Train Loss: 0.3026 Acc: 0.8500 F1: 0.8000 | Val Loss: 0.6608 Acc: 0.6000 F1: 0.3750
Epoch  33/50 | Train Loss: 0.3361 Acc: 0.8250 F1: 0.7667 | Val Loss: 0.6737 Acc: 0.6000 F1: 0.3750
Epoch  34/50 | Train Loss: 0.3374 Acc: 0.8250 F1: 0.7806 | Val Loss: 0.6446 Acc: 0.6000 F1: 0.3750
Epoch  35/50 | Train Loss: 0.3105 Acc: 0.8125 F1: 0.7540 | Val Loss: 0.6293 Acc: 0.6000 F1: 0.3750
Epoch  36/50 | Train Loss: 0.2944 Acc: 0.8625 F1: 0.8135 | Val Loss: 0.6308 Acc: 0.6000 F1: 0.3750
Epoch  37/50 | Train Loss: 0.3094 Acc: 0.8250 F1: 0.7740 | Val Loss: 0.6332 Acc: 0.6000 F1: 0.3750
Epoch  38/50 | Train Loss: 0.3237 Acc: 0.8125 F1: 0.7681 | Val Loss: 0.6332 Acc: 0.6000 F1: 0.3750
Epoch  39/50 | Train Loss: 0.3111 Acc: 0.8250 F1: 0.7740 | Val Loss: 0.6313 Acc: 0.6000 F1: 0.3750
Epoch  40/50 | Train Loss: 0.3341 Acc: 0.8250 F1: 0.7964 | Val Loss: 0.6219 Acc: 0.6000 F1: 0.3750
Epoch  41/50 | Train Loss: 0.3031 Acc: 0.8625 F1: 0.8382 | Val Loss: 0.5990 Acc: 0.6000 F1: 0.3750
Validation Loss decreased (0.620906 --> 0.598999). Saving best model...
Epoch  42/50 | Train Loss: 0.3233 Acc: 0.8500 F1: 0.8214 | Val Loss: 0.5905 Acc: 0.6000 F1: 0.3750
Validation Loss decreased (0.598999 --> 0.590538). Saving best model...
Epoch  43/50 | Train Loss: 0.3248 Acc: 0.8500 F1: 0.8255 | Val Loss: 0.6075 Acc: 0.6000 F1: 0.3750
Epoch  44/50 | Train Loss: 0.3072 Acc: 0.8500 F1: 0.8214 | Val Loss: 0.6229 Acc: 0.6000 F1: 0.3750
Epoch  45/50 | Train Loss: 0.2966 Acc: 0.8500 F1: 0.8169 | Val Loss: 0.6173 Acc: 0.6000 F1: 0.3750
Epoch  46/50 | Train Loss: 0.2810 Acc: 0.8625 F1: 0.8300 | Val Loss: 0.6326 Acc: 0.6000 F1: 0.3750
Epoch  47/50 | Train Loss: 0.2957 Acc: 0.8500 F1: 0.8063 | Val Loss: 0.6161 Acc: 0.6000 F1: 0.3750
Epoch  48/50 | Train Loss: 0.2713 Acc: 0.8500 F1: 0.8000 | Val Loss: 0.6146 Acc: 0.6000 F1: 0.3750
Epoch  49/50 | Train Loss: 0.2949 Acc: 0.8625 F1: 0.8343 | Val Loss: 0.6283 Acc: 0.6000 F1: 0.3750
Epoch  50/50 | Train Loss: 0.3018 Acc: 0.8500 F1: 0.8169 | Val Loss: 0.5896 Acc: 0.6000 F1: 0.3750
Validation Loss decreased (0.590538 --> 0.589644). Saving best model...

Classification Test Result (ECG200)
Accuracy : 0.830000
F1 (macro): 0.806268
==================================================
🚀 Architecture: LAYA
📊 Target Dataset: ECG5000 (Channels: 1)
📊 Pretrain Info: tsld
📊 Classes: 5 | Sequence Length: 140
==================================================
✅ Loaded pretrained encoder from ./checkpoints/tsld_laya_independent_none/laya_ts_tsld_s_latest.pt
   - 40/40 keys matched.
✅ Encoder is FROZEN (Linear Probing mode).
ℹ️  Channel Adapter: disabled for Laya downstream (ci)
✅ ClassificationHead: [B, 128] → [B, 5]
Epoch   1/50 | Train Loss: 1.0203 Acc: 0.5670 F1: 0.2215 | Val Loss: 0.6917 Acc: 0.6400 F1: 0.2602
Validation Loss decreased (inf --> 0.691736). Saving best model...
Epoch   2/50 | Train Loss: 0.7529 Acc: 0.7991 F1: 0.3227 | Val Loss: 0.5913 Acc: 0.9600 F1: 0.6514
Validation Loss decreased (0.691736 --> 0.591294). Saving best model...
Epoch   3/50 | Train Loss: 0.6688 Acc: 0.8594 F1: 0.3514 | Val Loss: 0.5186 Acc: 0.9600 F1: 0.6514
Validation Loss decreased (0.591294 --> 0.518569). Saving best model...
Epoch   4/50 | Train Loss: 0.6058 Acc: 0.9018 F1: 0.3700 | Val Loss: 0.4569 Acc: 0.9600 F1: 0.6514
Validation Loss decreased (0.518569 --> 0.456910). Saving best model...
Epoch   5/50 | Train Loss: 0.5514 Acc: 0.8817 F1: 0.3608 | Val Loss: 0.4331 Acc: 0.9600 F1: 0.6514
Validation Loss decreased (0.456910 --> 0.433129). Saving best model...
Epoch   6/50 | Train Loss: 0.5096 Acc: 0.9174 F1: 0.3771 | Val Loss: 0.3836 Acc: 0.9600 F1: 0.6514
Validation Loss decreased (0.433129 --> 0.383556). Saving best model...
Epoch   7/50 | Train Loss: 0.4844 Acc: 0.9062 F1: 0.3720 | Val Loss: 0.3619 Acc: 0.9600 F1: 0.6514
Validation Loss decreased (0.383556 --> 0.361935). Saving best model...
Epoch   8/50 | Train Loss: 0.4528 Acc: 0.9152 F1: 0.3761 | Val Loss: 0.3355 Acc: 0.9600 F1: 0.6514
Validation Loss decreased (0.361935 --> 0.335533). Saving best model...
Epoch   9/50 | Train Loss: 0.4329 Acc: 0.9152 F1: 0.3762 | Val Loss: 0.3148 Acc: 0.9600 F1: 0.6514
Validation Loss decreased (0.335533 --> 0.314780). Saving best model...
Epoch  10/50 | Train Loss: 0.4169 Acc: 0.9196 F1: 0.3781 | Val Loss: 0.3087 Acc: 0.9600 F1: 0.6514
Validation Loss decreased (0.314780 --> 0.308652). Saving best model...
Epoch  11/50 | Train Loss: 0.3991 Acc: 0.9196 F1: 0.3782 | Val Loss: 0.2828 Acc: 0.9600 F1: 0.6514
Validation Loss decreased (0.308652 --> 0.282796). Saving best model...
Epoch  12/50 | Train Loss: 0.3877 Acc: 0.9174 F1: 0.3770 | Val Loss: 0.2766 Acc: 0.9600 F1: 0.6514
Validation Loss decreased (0.282796 --> 0.276607). Saving best model...
Epoch  13/50 | Train Loss: 0.3766 Acc: 0.9219 F1: 0.3791 | Val Loss: 0.2670 Acc: 0.9600 F1: 0.6514
Validation Loss decreased (0.276607 --> 0.267046). Saving best model...
Epoch  14/50 | Train Loss: 0.3656 Acc: 0.9196 F1: 0.3780 | Val Loss: 0.2691 Acc: 0.9600 F1: 0.6514
Epoch  15/50 | Train Loss: 0.3588 Acc: 0.9219 F1: 0.3791 | Val Loss: 0.2537 Acc: 0.9600 F1: 0.6514
Validation Loss decreased (0.267046 --> 0.253703). Saving best model...
Epoch  16/50 | Train Loss: 0.3482 Acc: 0.9196 F1: 0.3781 | Val Loss: 0.2429 Acc: 0.9600 F1: 0.6514
Validation Loss decreased (0.253703 --> 0.242891). Saving best model...
Epoch  17/50 | Train Loss: 0.3415 Acc: 0.9174 F1: 0.3771 | Val Loss: 0.2502 Acc: 0.9600 F1: 0.6514
Epoch  18/50 | Train Loss: 0.3337 Acc: 0.9196 F1: 0.3782 | Val Loss: 0.2296 Acc: 0.9600 F1: 0.6514
Validation Loss decreased (0.242891 --> 0.229643). Saving best model...
Epoch  19/50 | Train Loss: 0.3276 Acc: 0.9241 F1: 0.3801 | Val Loss: 0.2267 Acc: 0.9600 F1: 0.6514
Validation Loss decreased (0.229643 --> 0.226750). Saving best model...
Epoch  20/50 | Train Loss: 0.3231 Acc: 0.9219 F1: 0.3791 | Val Loss: 0.2323 Acc: 0.9600 F1: 0.6514
Epoch  21/50 | Train Loss: 0.3193 Acc: 0.9196 F1: 0.3781 | Val Loss: 0.2182 Acc: 0.9600 F1: 0.6514
Validation Loss decreased (0.226750 --> 0.218156). Saving best model...
Epoch  22/50 | Train Loss: 0.3098 Acc: 0.9219 F1: 0.3790 | Val Loss: 0.2157 Acc: 0.9600 F1: 0.6514
Validation Loss decreased (0.218156 --> 0.215679). Saving best model...
Epoch  23/50 | Train Loss: 0.3056 Acc: 0.9241 F1: 0.3800 | Val Loss: 0.2105 Acc: 0.9600 F1: 0.6514
Validation Loss decreased (0.215679 --> 0.210532). Saving best model...
Epoch  24/50 | Train Loss: 0.3010 Acc: 0.9219 F1: 0.3792 | Val Loss: 0.2104 Acc: 0.9600 F1: 0.6514
Validation Loss decreased (0.210532 --> 0.210421). Saving best model...
Epoch  25/50 | Train Loss: 0.2897 Acc: 0.9219 F1: 0.3788 | Val Loss: 0.1988 Acc: 0.9600 F1: 0.6514
Validation Loss decreased (0.210421 --> 0.198773). Saving best model...
Epoch  26/50 | Train Loss: 0.2959 Acc: 0.9196 F1: 0.3782 | Val Loss: 0.1986 Acc: 0.9600 F1: 0.6514
Validation Loss decreased (0.198773 --> 0.198614). Saving best model...
Epoch  27/50 | Train Loss: 0.2920 Acc: 0.9241 F1: 0.3801 | Val Loss: 0.2100 Acc: 0.9600 F1: 0.6514
Epoch  28/50 | Train Loss: 0.2843 Acc: 0.9196 F1: 0.3781 | Val Loss: 0.1930 Acc: 0.9600 F1: 0.6514
Validation Loss decreased (0.198614 --> 0.192962). Saving best model...
Epoch  29/50 | Train Loss: 0.2821 Acc: 0.9241 F1: 0.3801 | Val Loss: 0.1938 Acc: 0.9600 F1: 0.6514
Epoch  30/50 | Train Loss: 0.2764 Acc: 0.9241 F1: 0.3801 | Val Loss: 0.1983 Acc: 0.9600 F1: 0.6514
Epoch  31/50 | Train Loss: 0.2751 Acc: 0.9241 F1: 0.3801 | Val Loss: 0.1892 Acc: 0.9600 F1: 0.6514
Validation Loss decreased (0.192962 --> 0.189236). Saving best model...
Epoch  32/50 | Train Loss: 0.2710 Acc: 0.9263 F1: 0.3810 | Val Loss: 0.1906 Acc: 0.9600 F1: 0.6514
Epoch  33/50 | Train Loss: 0.2664 Acc: 0.9286 F1: 0.4230 | Val Loss: 0.1832 Acc: 0.9600 F1: 0.6514
Validation Loss decreased (0.189236 --> 0.183199). Saving best model...
Epoch  34/50 | Train Loss: 0.2637 Acc: 0.9241 F1: 0.3795 | Val Loss: 0.1828 Acc: 0.9600 F1: 0.6514
Validation Loss decreased (0.183199 --> 0.182756). Saving best model...
Epoch  35/50 | Train Loss: 0.2616 Acc: 0.9263 F1: 0.4026 | Val Loss: 0.1832 Acc: 0.9600 F1: 0.6514
Epoch  36/50 | Train Loss: 0.2594 Acc: 0.9286 F1: 0.4036 | Val Loss: 0.1779 Acc: 0.9600 F1: 0.6514
Validation Loss decreased (0.182756 --> 0.177895). Saving best model...
Epoch  37/50 | Train Loss: 0.2583 Acc: 0.9286 F1: 0.4230 | Val Loss: 0.1832 Acc: 0.9600 F1: 0.6514
Epoch  38/50 | Train Loss: 0.2587 Acc: 0.9263 F1: 0.4219 | Val Loss: 0.1822 Acc: 0.9600 F1: 0.6514
Epoch  39/50 | Train Loss: 0.2512 Acc: 0.9286 F1: 0.4230 | Val Loss: 0.1751 Acc: 0.9600 F1: 0.6514
Validation Loss decreased (0.177895 --> 0.175120). Saving best model...
Epoch  40/50 | Train Loss: 0.2513 Acc: 0.9286 F1: 0.4229 | Val Loss: 0.1698 Acc: 0.9600 F1: 0.6514
Validation Loss decreased (0.175120 --> 0.169787). Saving best model...
Epoch  41/50 | Train Loss: 0.2476 Acc: 0.9308 F1: 0.4239 | Val Loss: 0.1714 Acc: 0.9600 F1: 0.6514
Epoch  42/50 | Train Loss: 0.2437 Acc: 0.9308 F1: 0.4240 | Val Loss: 0.1684 Acc: 0.9600 F1: 0.6514
Validation Loss decreased (0.169787 --> 0.168395). Saving best model...
Epoch  43/50 | Train Loss: 0.2456 Acc: 0.9286 F1: 0.4230 | Val Loss: 0.1777 Acc: 0.9600 F1: 0.6514
Epoch  44/50 | Train Loss: 0.2415 Acc: 0.9308 F1: 0.4412 | Val Loss: 0.1663 Acc: 0.9600 F1: 0.6514
Validation Loss decreased (0.168395 --> 0.166333). Saving best model...
Epoch  45/50 | Train Loss: 0.2316 Acc: 0.9353 F1: 0.4426 | Val Loss: 0.1698 Acc: 0.9600 F1: 0.6514
Epoch  46/50 | Train Loss: 0.2376 Acc: 0.9330 F1: 0.4782 | Val Loss: 0.1688 Acc: 0.9600 F1: 0.6514
Epoch  47/50 | Train Loss: 0.2323 Acc: 0.9308 F1: 0.4412 | Val Loss: 0.1631 Acc: 0.9600 F1: 0.6514
Validation Loss decreased (0.166333 --> 0.163057). Saving best model...
Epoch  48/50 | Train Loss: 0.2335 Acc: 0.9308 F1: 0.4412 | Val Loss: 0.1640 Acc: 0.9600 F1: 0.6514
Epoch  49/50 | Train Loss: 0.2301 Acc: 0.9308 F1: 0.4413 | Val Loss: 0.1639 Acc: 0.9600 F1: 0.6514
Epoch  50/50 | Train Loss: 0.2281 Acc: 0.9330 F1: 0.4422 | Val Loss: 0.1623 Acc: 0.9600 F1: 0.6514
Validation Loss decreased (0.163057 --> 0.162294). Saving best model...

Classification Test Result (ECG5000)
Accuracy : 0.927556
F1 (macro): 0.452082
==================================================
🚀 Architecture: LAYA
📊 Target Dataset: FordA (Channels: 1)
📊 Pretrain Info: tsld
📊 Classes: 2 | Sequence Length: 500
==================================================
✅ Loaded pretrained encoder from ./checkpoints/tsld_laya_independent_none/laya_ts_tsld_s_latest.pt
   - 40/40 keys matched.
✅ Encoder is FROZEN (Linear Probing mode).
ℹ️  Channel Adapter: disabled for Laya downstream (ci)
✅ ClassificationHead: [B, 128] → [B, 2]
Epoch   1/50 | Train Loss: 0.6535 Acc: 0.5792 F1: 0.5786 | Val Loss: 0.6304 Acc: 0.6222 F1: 0.6202
Validation Loss decreased (inf --> 0.630350). Saving best model...
Epoch   2/50 | Train Loss: 0.6113 Acc: 0.6510 F1: 0.6494 | Val Loss: 0.5961 Acc: 0.6972 F1: 0.6905
Validation Loss decreased (0.630350 --> 0.596126). Saving best model...
Epoch   3/50 | Train Loss: 0.5754 Acc: 0.7079 F1: 0.7059 | Val Loss: 0.5652 Acc: 0.7361 F1: 0.7336
Validation Loss decreased (0.596126 --> 0.565180). Saving best model...
Epoch   4/50 | Train Loss: 0.5495 Acc: 0.7252 F1: 0.7234 | Val Loss: 0.5378 Acc: 0.7611 F1: 0.7590
Validation Loss decreased (0.565180 --> 0.537772). Saving best model...
Epoch   5/50 | Train Loss: 0.5264 Acc: 0.7503 F1: 0.7496 | Val Loss: 0.5196 Acc: 0.7750 F1: 0.7739
Validation Loss decreased (0.537772 --> 0.519647). Saving best model...
Epoch   6/50 | Train Loss: 0.5069 Acc: 0.7630 F1: 0.7627 | Val Loss: 0.4965 Acc: 0.7806 F1: 0.7791
Validation Loss decreased (0.519647 --> 0.496529). Saving best model...
Epoch   7/50 | Train Loss: 0.4887 Acc: 0.7717 F1: 0.7715 | Val Loss: 0.4801 Acc: 0.7889 F1: 0.7886
Validation Loss decreased (0.496529 --> 0.480082). Saving best model...
Epoch   8/50 | Train Loss: 0.4750 Acc: 0.7806 F1: 0.7806 | Val Loss: 0.4958 Acc: 0.7278 F1: 0.7144
Epoch   9/50 | Train Loss: 0.4616 Acc: 0.7949 F1: 0.7948 | Val Loss: 0.4534 Acc: 0.8194 F1: 0.8194
Validation Loss decreased (0.480082 --> 0.453353). Saving best model...
Epoch  10/50 | Train Loss: 0.4522 Acc: 0.7964 F1: 0.7964 | Val Loss: 0.4423 Acc: 0.8278 F1: 0.8278
Validation Loss decreased (0.453353 --> 0.442297). Saving best model...
Epoch  11/50 | Train Loss: 0.4404 Acc: 0.8106 F1: 0.8106 | Val Loss: 0.4326 Acc: 0.8250 F1: 0.8250
Validation Loss decreased (0.442297 --> 0.432584). Saving best model...
Epoch  12/50 | Train Loss: 0.4300 Acc: 0.8144 F1: 0.8144 | Val Loss: 0.4266 Acc: 0.8222 F1: 0.8214
Validation Loss decreased (0.432584 --> 0.426566). Saving best model...
Epoch  13/50 | Train Loss: 0.4218 Acc: 0.8140 F1: 0.8140 | Val Loss: 0.4152 Acc: 0.8417 F1: 0.8417
Validation Loss decreased (0.426566 --> 0.415166). Saving best model...
Epoch  14/50 | Train Loss: 0.4173 Acc: 0.8187 F1: 0.8187 | Val Loss: 0.4176 Acc: 0.8139 F1: 0.8117
Epoch  15/50 | Train Loss: 0.4114 Acc: 0.8175 F1: 0.8174 | Val Loss: 0.4014 Acc: 0.8472 F1: 0.8472
Validation Loss decreased (0.415166 --> 0.401372). Saving best model...
Epoch  16/50 | Train Loss: 0.4030 Acc: 0.8239 F1: 0.8239 | Val Loss: 0.3995 Acc: 0.8306 F1: 0.8300
Validation Loss decreased (0.401372 --> 0.399533). Saving best model...
Epoch  17/50 | Train Loss: 0.4008 Acc: 0.8199 F1: 0.8199 | Val Loss: 0.3912 Acc: 0.8389 F1: 0.8388
Validation Loss decreased (0.399533 --> 0.391166). Saving best model...
Epoch  18/50 | Train Loss: 0.3918 Acc: 0.8308 F1: 0.8307 | Val Loss: 0.4157 Acc: 0.7861 F1: 0.7821
Epoch  19/50 | Train Loss: 0.3935 Acc: 0.8252 F1: 0.8252 | Val Loss: 0.3792 Acc: 0.8583 F1: 0.8583
Validation Loss decreased (0.391166 --> 0.379250). Saving best model...
Epoch  20/50 | Train Loss: 0.3851 Acc: 0.8314 F1: 0.8313 | Val Loss: 0.3757 Acc: 0.8583 F1: 0.8583
Validation Loss decreased (0.379250 --> 0.375671). Saving best model...
Epoch  21/50 | Train Loss: 0.3804 Acc: 0.8304 F1: 0.8304 | Val Loss: 0.3875 Acc: 0.8222 F1: 0.8206
Epoch  22/50 | Train Loss: 0.3785 Acc: 0.8323 F1: 0.8323 | Val Loss: 0.3799 Acc: 0.8472 F1: 0.8458
Epoch  23/50 | Train Loss: 0.3734 Acc: 0.8369 F1: 0.8369 | Val Loss: 0.3658 Acc: 0.8639 F1: 0.8639
Validation Loss decreased (0.375671 --> 0.365793). Saving best model...
Epoch  24/50 | Train Loss: 0.3695 Acc: 0.8403 F1: 0.8403 | Val Loss: 0.3662 Acc: 0.8556 F1: 0.8549
Epoch  25/50 | Train Loss: 0.3694 Acc: 0.8338 F1: 0.8338 | Val Loss: 0.3661 Acc: 0.8639 F1: 0.8630
Epoch  26/50 | Train Loss: 0.3654 Acc: 0.8403 F1: 0.8403 | Val Loss: 0.3597 Acc: 0.8583 F1: 0.8582
Validation Loss decreased (0.365793 --> 0.359717). Saving best model...
Epoch  27/50 | Train Loss: 0.3600 Acc: 0.8431 F1: 0.8430 | Val Loss: 0.3528 Acc: 0.8694 F1: 0.8692
Validation Loss decreased (0.359717 --> 0.352820). Saving best model...
Epoch  28/50 | Train Loss: 0.3584 Acc: 0.8422 F1: 0.8421 | Val Loss: 0.3511 Acc: 0.8639 F1: 0.8636
Validation Loss decreased (0.352820 --> 0.351056). Saving best model...
Epoch  29/50 | Train Loss: 0.3601 Acc: 0.8394 F1: 0.8394 | Val Loss: 0.3483 Acc: 0.8639 F1: 0.8639
Validation Loss decreased (0.351056 --> 0.348338). Saving best model...
Epoch  30/50 | Train Loss: 0.3540 Acc: 0.8413 F1: 0.8412 | Val Loss: 0.3512 Acc: 0.8556 F1: 0.8554
Epoch  31/50 | Train Loss: 0.3521 Acc: 0.8422 F1: 0.8421 | Val Loss: 0.3472 Acc: 0.8611 F1: 0.8605
Validation Loss decreased (0.348338 --> 0.347173). Saving best model...
Epoch  32/50 | Train Loss: 0.3516 Acc: 0.8397 F1: 0.8396 | Val Loss: 0.3427 Acc: 0.8667 F1: 0.8667
Validation Loss decreased (0.347173 --> 0.342678). Saving best model...
Epoch  33/50 | Train Loss: 0.3513 Acc: 0.8450 F1: 0.8449 | Val Loss: 0.3627 Acc: 0.8389 F1: 0.8378
Epoch  34/50 | Train Loss: 0.3500 Acc: 0.8410 F1: 0.8408 | Val Loss: 0.3589 Acc: 0.8389 F1: 0.8380
Epoch  35/50 | Train Loss: 0.3434 Acc: 0.8515 F1: 0.8514 | Val Loss: 0.3354 Acc: 0.8667 F1: 0.8665
Validation Loss decreased (0.342678 --> 0.335400). Saving best model...
Epoch  36/50 | Train Loss: 0.3418 Acc: 0.8481 F1: 0.8480 | Val Loss: 0.3414 Acc: 0.8694 F1: 0.8685
Epoch  37/50 | Train Loss: 0.3416 Acc: 0.8472 F1: 0.8471 | Val Loss: 0.3370 Acc: 0.8639 F1: 0.8638
Epoch  38/50 | Train Loss: 0.3429 Acc: 0.8499 F1: 0.8498 | Val Loss: 0.3307 Acc: 0.8611 F1: 0.8610
Validation Loss decreased (0.335400 --> 0.330718). Saving best model...
Epoch  39/50 | Train Loss: 0.3384 Acc: 0.8530 F1: 0.8529 | Val Loss: 0.3285 Acc: 0.8694 F1: 0.8694
Validation Loss decreased (0.330718 --> 0.328505). Saving best model...
Epoch  40/50 | Train Loss: 0.3383 Acc: 0.8537 F1: 0.8536 | Val Loss: 0.3271 Acc: 0.8667 F1: 0.8665
Validation Loss decreased (0.328505 --> 0.327086). Saving best model...
Epoch  41/50 | Train Loss: 0.3325 Acc: 0.8546 F1: 0.8545 | Val Loss: 0.3260 Acc: 0.8694 F1: 0.8691
Validation Loss decreased (0.327086 --> 0.326018). Saving best model...
Epoch  42/50 | Train Loss: 0.3337 Acc: 0.8549 F1: 0.8548 | Val Loss: 0.3539 Acc: 0.8611 F1: 0.8590
Epoch  43/50 | Train Loss: 0.3328 Acc: 0.8533 F1: 0.8533 | Val Loss: 0.3265 Acc: 0.8694 F1: 0.8689
Epoch  44/50 | Train Loss: 0.3323 Acc: 0.8598 F1: 0.8597 | Val Loss: 0.3368 Acc: 0.8556 F1: 0.8553
Epoch  45/50 | Train Loss: 0.3282 Acc: 0.8571 F1: 0.8569 | Val Loss: 0.3225 Acc: 0.8694 F1: 0.8694
Validation Loss decreased (0.326018 --> 0.322482). Saving best model...
Epoch  46/50 | Train Loss: 0.3296 Acc: 0.8580 F1: 0.8579 | Val Loss: 0.3192 Acc: 0.8694 F1: 0.8692
Validation Loss decreased (0.322482 --> 0.319218). Saving best model...
Epoch  47/50 | Train Loss: 0.3304 Acc: 0.8540 F1: 0.8539 | Val Loss: 0.3285 Acc: 0.8639 F1: 0.8630
Epoch  48/50 | Train Loss: 0.3258 Acc: 0.8614 F1: 0.8613 | Val Loss: 0.3209 Acc: 0.8722 F1: 0.8717
Epoch  49/50 | Train Loss: 0.3288 Acc: 0.8549 F1: 0.8547 | Val Loss: 0.3276 Acc: 0.8694 F1: 0.8693
Epoch  50/50 | Train Loss: 0.3244 Acc: 0.8580 F1: 0.8579 | Val Loss: 0.3150 Acc: 0.8750 F1: 0.8749
Validation Loss decreased (0.319218 --> 0.315021). Saving best model...

Classification Test Result (FordA)
Accuracy : 0.868182
F1 (macro): 0.868007
==================================================
🚀 Architecture: LAYA
📊 Target Dataset: FordB (Channels: 1)
📊 Pretrain Info: tsld
📊 Classes: 2 | Sequence Length: 500
==================================================
✅ Loaded pretrained encoder from ./checkpoints/tsld_laya_independent_none/laya_ts_tsld_s_latest.pt
   - 40/40 keys matched.
✅ Encoder is FROZEN (Linear Probing mode).
ℹ️  Channel Adapter: disabled for Laya downstream (ci)
✅ ClassificationHead: [B, 128] → [B, 2]
Epoch   1/50 | Train Loss: 0.6049 Acc: 0.6878 F1: 0.6877 | Val Loss: 0.5580 Acc: 0.7107 F1: 0.7105
Validation Loss decreased (inf --> 0.558035). Saving best model...
Epoch   2/50 | Train Loss: 0.5352 Acc: 0.7515 F1: 0.7510 | Val Loss: 0.5138 Acc: 0.7576 F1: 0.7575
Validation Loss decreased (0.558035 --> 0.513798). Saving best model...
Epoch   3/50 | Train Loss: 0.5009 Acc: 0.7770 F1: 0.7765 | Val Loss: 0.4760 Acc: 0.7934 F1: 0.7913
Validation Loss decreased (0.513798 --> 0.476014). Saving best model...
Epoch   4/50 | Train Loss: 0.4678 Acc: 0.8122 F1: 0.8115 | Val Loss: 0.4442 Acc: 0.7989 F1: 0.7979
Validation Loss decreased (0.476014 --> 0.444238). Saving best model...
Epoch   5/50 | Train Loss: 0.4396 Acc: 0.8266 F1: 0.8260 | Val Loss: 0.4273 Acc: 0.8154 F1: 0.8132
Validation Loss decreased (0.444238 --> 0.427292). Saving best model...
Epoch   6/50 | Train Loss: 0.4188 Acc: 0.8343 F1: 0.8339 | Val Loss: 0.4002 Acc: 0.8209 F1: 0.8199
Validation Loss decreased (0.427292 --> 0.400161). Saving best model...
Epoch   7/50 | Train Loss: 0.4040 Acc: 0.8444 F1: 0.8440 | Val Loss: 0.3821 Acc: 0.8347 F1: 0.8345
Validation Loss decreased (0.400161 --> 0.382078). Saving best model...
Epoch   8/50 | Train Loss: 0.3893 Acc: 0.8514 F1: 0.8512 | Val Loss: 0.3703 Acc: 0.8485 F1: 0.8485
Validation Loss decreased (0.382078 --> 0.370259). Saving best model...
Epoch   9/50 | Train Loss: 0.3753 Acc: 0.8539 F1: 0.8536 | Val Loss: 0.3593 Acc: 0.8402 F1: 0.8395
Validation Loss decreased (0.370259 --> 0.359286). Saving best model...
Epoch  10/50 | Train Loss: 0.3678 Acc: 0.8480 F1: 0.8479 | Val Loss: 0.3486 Acc: 0.8540 F1: 0.8536
Validation Loss decreased (0.359286 --> 0.348646). Saving best model...
Epoch  11/50 | Train Loss: 0.3572 Acc: 0.8536 F1: 0.8535 | Val Loss: 0.3408 Acc: 0.8623 F1: 0.8622
Validation Loss decreased (0.348646 --> 0.340768). Saving best model...
Epoch  12/50 | Train Loss: 0.3491 Acc: 0.8631 F1: 0.8629 | Val Loss: 0.3324 Acc: 0.8650 F1: 0.8650
Validation Loss decreased (0.340768 --> 0.332388). Saving best model...
Epoch  13/50 | Train Loss: 0.3440 Acc: 0.8609 F1: 0.8608 | Val Loss: 0.3255 Acc: 0.8595 F1: 0.8595
Validation Loss decreased (0.332388 --> 0.325456). Saving best model...
Epoch  14/50 | Train Loss: 0.3395 Acc: 0.8652 F1: 0.8651 | Val Loss: 0.3199 Acc: 0.8705 F1: 0.8705
Validation Loss decreased (0.325456 --> 0.319879). Saving best model...
Epoch  15/50 | Train Loss: 0.3336 Acc: 0.8689 F1: 0.8688 | Val Loss: 0.3155 Acc: 0.8705 F1: 0.8705
Validation Loss decreased (0.319879 --> 0.315480). Saving best model...
Epoch  16/50 | Train Loss: 0.3246 Acc: 0.8713 F1: 0.8713 | Val Loss: 0.3112 Acc: 0.8733 F1: 0.8733
Validation Loss decreased (0.315480 --> 0.311236). Saving best model...
Epoch  17/50 | Train Loss: 0.3254 Acc: 0.8689 F1: 0.8688 | Val Loss: 0.3115 Acc: 0.8705 F1: 0.8703
Epoch  18/50 | Train Loss: 0.3194 Acc: 0.8689 F1: 0.8688 | Val Loss: 0.3118 Acc: 0.8678 F1: 0.8675
Epoch  19/50 | Train Loss: 0.3163 Acc: 0.8716 F1: 0.8716 | Val Loss: 0.2997 Acc: 0.8705 F1: 0.8705
Validation Loss decreased (0.311236 --> 0.299681). Saving best model...
Epoch  20/50 | Train Loss: 0.3126 Acc: 0.8732 F1: 0.8731 | Val Loss: 0.2966 Acc: 0.8733 F1: 0.8733
Validation Loss decreased (0.299681 --> 0.296597). Saving best model...
Epoch  21/50 | Train Loss: 0.3089 Acc: 0.8744 F1: 0.8744 | Val Loss: 0.2966 Acc: 0.8788 F1: 0.8787
Epoch  22/50 | Train Loss: 0.3065 Acc: 0.8793 F1: 0.8793 | Val Loss: 0.2908 Acc: 0.8733 F1: 0.8733
Validation Loss decreased (0.296597 --> 0.290764). Saving best model...
Epoch  23/50 | Train Loss: 0.3015 Acc: 0.8796 F1: 0.8796 | Val Loss: 0.2890 Acc: 0.8733 F1: 0.8733
Validation Loss decreased (0.290764 --> 0.288966). Saving best model...
Epoch  24/50 | Train Loss: 0.3001 Acc: 0.8753 F1: 0.8753 | Val Loss: 0.2857 Acc: 0.8760 F1: 0.8760
Validation Loss decreased (0.288966 --> 0.285680). Saving best model...
Epoch  25/50 | Train Loss: 0.3029 Acc: 0.8725 F1: 0.8725 | Val Loss: 0.2835 Acc: 0.8760 F1: 0.8760
Validation Loss decreased (0.285680 --> 0.283483). Saving best model...
Epoch  26/50 | Train Loss: 0.2972 Acc: 0.8824 F1: 0.8823 | Val Loss: 0.2831 Acc: 0.8815 F1: 0.8815
Validation Loss decreased (0.283483 --> 0.283098). Saving best model...
Epoch  27/50 | Train Loss: 0.2930 Acc: 0.8799 F1: 0.8799 | Val Loss: 0.2990 Acc: 0.8678 F1: 0.8671
Epoch  28/50 | Train Loss: 0.2947 Acc: 0.8824 F1: 0.8823 | Val Loss: 0.2779 Acc: 0.8760 F1: 0.8760
Validation Loss decreased (0.283098 --> 0.277864). Saving best model...
Epoch  29/50 | Train Loss: 0.2906 Acc: 0.8833 F1: 0.8833 | Val Loss: 0.2756 Acc: 0.8815 F1: 0.8815
Validation Loss decreased (0.277864 --> 0.275567). Saving best model...
Epoch  30/50 | Train Loss: 0.2872 Acc: 0.8863 F1: 0.8863 | Val Loss: 0.2805 Acc: 0.8815 F1: 0.8814
Epoch  31/50 | Train Loss: 0.2860 Acc: 0.8808 F1: 0.8808 | Val Loss: 0.2829 Acc: 0.8815 F1: 0.8811
Epoch  32/50 | Train Loss: 0.2832 Acc: 0.8860 F1: 0.8860 | Val Loss: 0.2720 Acc: 0.8815 F1: 0.8815
Validation Loss decreased (0.275567 --> 0.272003). Saving best model...
Epoch  33/50 | Train Loss: 0.2837 Acc: 0.8836 F1: 0.8836 | Val Loss: 0.2700 Acc: 0.8815 F1: 0.8815
Validation Loss decreased (0.272003 --> 0.269991). Saving best model...
Epoch  34/50 | Train Loss: 0.2839 Acc: 0.8802 F1: 0.8802 | Val Loss: 0.2899 Acc: 0.8788 F1: 0.8782
Epoch  35/50 | Train Loss: 0.2821 Acc: 0.8885 F1: 0.8885 | Val Loss: 0.2758 Acc: 0.8898 F1: 0.8895
Epoch  36/50 | Train Loss: 0.2803 Acc: 0.8885 F1: 0.8885 | Val Loss: 0.2650 Acc: 0.8733 F1: 0.8733
Validation Loss decreased (0.269991 --> 0.264991). Saving best model...
Epoch  37/50 | Train Loss: 0.2805 Acc: 0.8848 F1: 0.8848 | Val Loss: 0.2636 Acc: 0.8815 F1: 0.8815
Validation Loss decreased (0.264991 --> 0.263640). Saving best model...
Epoch  38/50 | Train Loss: 0.2796 Acc: 0.8894 F1: 0.8894 | Val Loss: 0.2656 Acc: 0.8843 F1: 0.8842
Epoch  39/50 | Train Loss: 0.2753 Acc: 0.8863 F1: 0.8863 | Val Loss: 0.2662 Acc: 0.8843 F1: 0.8841
Epoch  40/50 | Train Loss: 0.2820 Acc: 0.8775 F1: 0.8774 | Val Loss: 0.3400 Acc: 0.8375 F1: 0.8326
Epoch  41/50 | Train Loss: 0.2758 Acc: 0.8863 F1: 0.8863 | Val Loss: 0.2717 Acc: 0.8843 F1: 0.8839
Epoch  42/50 | Train Loss: 0.2735 Acc: 0.8869 F1: 0.8869 | Val Loss: 0.2621 Acc: 0.8926 F1: 0.8925
Validation Loss decreased (0.263640 --> 0.262089). Saving best model...
Epoch  43/50 | Train Loss: 0.2745 Acc: 0.8876 F1: 0.8876 | Val Loss: 0.2669 Acc: 0.8843 F1: 0.8840
Epoch  44/50 | Train Loss: 0.2727 Acc: 0.8869 F1: 0.8869 | Val Loss: 0.2673 Acc: 0.8815 F1: 0.8813
Epoch  45/50 | Train Loss: 0.2710 Acc: 0.8906 F1: 0.8906 | Val Loss: 0.2625 Acc: 0.8871 F1: 0.8868
Epoch  46/50 | Train Loss: 0.2700 Acc: 0.8906 F1: 0.8906 | Val Loss: 0.2569 Acc: 0.8926 F1: 0.8924
Validation Loss decreased (0.262089 --> 0.256943). Saving best model...
Epoch  47/50 | Train Loss: 0.2688 Acc: 0.8885 F1: 0.8885 | Val Loss: 0.2592 Acc: 0.8843 F1: 0.8841
Epoch  48/50 | Train Loss: 0.2685 Acc: 0.8912 F1: 0.8912 | Val Loss: 0.2523 Acc: 0.8898 F1: 0.8898
Validation Loss decreased (0.256943 --> 0.252291). Saving best model...
Epoch  49/50 | Train Loss: 0.2692 Acc: 0.8869 F1: 0.8869 | Val Loss: 0.2670 Acc: 0.8815 F1: 0.8810
Epoch  50/50 | Train Loss: 0.2692 Acc: 0.8906 F1: 0.8906 | Val Loss: 0.2627 Acc: 0.8815 F1: 0.8812

Classification Test Result (FordB)
Accuracy : 0.658025
F1 (macro): 0.637890
