nohup: ignoring input
==================================================
🚀 Architecture: LAYA
📊 Target Dataset: ETTm1 (Channels: 7)
📊 Pretrain Info: electricity (Detected Channels: 7)
📊 Prediction Length: 96
==================================================
✅ Loaded pretrained encoder from ./checkpoints/electricity_laya_charm_like_text/laya_ts_electricity_s_latest.pt
   - 90/90 keys matched.
ℹ️ Channel Adapter: disabled
ℹ️ Channel Relation Block: enabled
   - relation heads: 1
   - gate scale init: 0.01
   - residual scale init: 0.05
✅ Probing Head [Mixer]: [B, 4096] -> [B, 7, 96]
Epoch 1/20 | Steps: 1287 | LR: 0.000100 | Train Loss: 0.381179 | Val Loss: 0.659736
   -> Updated best validation state: val_loss=0.659736 at epoch 1
Epoch 2/20 | Steps: 1287 | LR: 0.000100 | Train Loss: 0.299367 | Val Loss: 0.553123
   -> Updated best validation state: val_loss=0.553123 at epoch 2
Epoch 3/20 | Steps: 1287 | LR: 0.000100 | Train Loss: 0.279061 | Val Loss: 0.555356
Epoch 4/20 | Steps: 1287 | LR: 0.000100 | Train Loss: 0.266689 | Val Loss: 0.540087
   -> Updated best validation state: val_loss=0.540087 at epoch 4
Epoch 5/20 | Steps: 1287 | LR: 0.000100 | Train Loss: 0.258130 | Val Loss: 0.572815
Epoch 6/20 | Steps: 1287 | LR: 0.000100 | Train Loss: 0.251246 | Val Loss: 0.560789
Epoch 7/20 | Steps: 1287 | LR: 0.000100 | Train Loss: 0.246261 | Val Loss: 0.555565
Epoch 8/20 | Steps: 1287 | LR: 0.000100 | Train Loss: 0.241198 | Val Loss: 0.611200
Epoch 9/20 | Steps: 1287 | LR: 0.000100 | Train Loss: 0.237419 | Val Loss: 0.554508
Epoch 10/20 | Steps: 1287 | LR: 0.000100 | Train Loss: 0.233849 | Val Loss: 0.558504
Epoch 11/20 | Steps: 1287 | LR: 0.000100 | Train Loss: 0.230795 | Val Loss: 0.593954
Epoch 12/20 | Steps: 1287 | LR: 0.000100 | Train Loss: 0.228202 | Val Loss: 0.555602
Epoch 13/20 | Steps: 1287 | LR: 0.000100 | Train Loss: 0.225462 | Val Loss: 0.555578
Epoch 14/20 | Steps: 1287 | LR: 0.000100 | Train Loss: 0.223333 | Val Loss: 0.582464
Epoch 15/20 | Steps: 1287 | LR: 0.000100 | Train Loss: 0.221344 | Val Loss: 0.578208
Epoch 16/20 | Steps: 1287 | LR: 0.000100 | Train Loss: 0.219499 | Val Loss: 0.571156
Epoch 17/20 | Steps: 1287 | LR: 0.000100 | Train Loss: 0.217642 | Val Loss: 0.566935
Epoch 18/20 | Steps: 1287 | LR: 0.000100 | Train Loss: 0.216070 | Val Loss: 0.552853
Epoch 19/20 | Steps: 1287 | LR: 0.000100 | Train Loss: 0.214652 | Val Loss: 0.530066
   -> Updated best validation state: val_loss=0.530066 at epoch 19
Epoch 20/20 | Steps: 1287 | LR: 0.000100 | Train Loss: 0.212889 | Val Loss: 0.595104
{'test_mse': 0.5434895157814026, 'test_mae': 0.5553000569343567}
Saved attention maps for 3 sample(s) under ./runs/forecasting_electricity_to_ETTm1_laya_charm_like_text/pred_96/attention_maps
==================================================
🚀 Architecture: LAYA
📊 Target Dataset: ETTm1 (Channels: 7)
📊 Pretrain Info: electricity (Detected Channels: 7)
📊 Prediction Length: 192
==================================================
✅ Loaded pretrained encoder from ./checkpoints/electricity_laya_charm_like_text/laya_ts_electricity_s_latest.pt
   - 90/90 keys matched.
ℹ️ Channel Adapter: disabled
ℹ️ Channel Relation Block: enabled
   - relation heads: 1
   - gate scale init: 0.01
   - residual scale init: 0.05
✅ Probing Head [Mixer]: [B, 4096] -> [B, 7, 192]
Epoch 1/20 | Steps: 1284 | LR: 0.000100 | Train Loss: 0.406287 | Val Loss: 0.663079
   -> Updated best validation state: val_loss=0.663079 at epoch 1
Epoch 2/20 | Steps: 1284 | LR: 0.000100 | Train Loss: 0.328008 | Val Loss: 0.614715
   -> Updated best validation state: val_loss=0.614715 at epoch 2
Epoch 3/20 | Steps: 1284 | LR: 0.000100 | Train Loss: 0.307950 | Val Loss: 0.581202
   -> Updated best validation state: val_loss=0.581202 at epoch 3
Epoch 4/20 | Steps: 1284 | LR: 0.000100 | Train Loss: 0.295555 | Val Loss: 0.632838
Epoch 5/20 | Steps: 1284 | LR: 0.000100 | Train Loss: 0.286952 | Val Loss: 0.624378
Epoch 6/20 | Steps: 1284 | LR: 0.000100 | Train Loss: 0.280624 | Val Loss: 0.634917
Epoch 7/20 | Steps: 1284 | LR: 0.000100 | Train Loss: 0.274197 | Val Loss: 0.671265
Epoch 8/20 | Steps: 1284 | LR: 0.000100 | Train Loss: 0.269423 | Val Loss: 0.619622
Epoch 9/20 | Steps: 1284 | LR: 0.000100 | Train Loss: 0.265341 | Val Loss: 0.615231
Epoch 10/20 | Steps: 1284 | LR: 0.000100 | Train Loss: 0.261894 | Val Loss: 0.675420
Epoch 11/20 | Steps: 1284 | LR: 0.000100 | Train Loss: 0.258310 | Val Loss: 0.627519
Epoch 12/20 | Steps: 1284 | LR: 0.000100 | Train Loss: 0.255350 | Val Loss: 0.611999
Epoch 13/20 | Steps: 1284 | LR: 0.000100 | Train Loss: 0.252639 | Val Loss: 0.661560
Epoch 14/20 | Steps: 1284 | LR: 0.000100 | Train Loss: 0.250372 | Val Loss: 0.680318
Epoch 15/20 | Steps: 1284 | LR: 0.000100 | Train Loss: 0.248376 | Val Loss: 0.683815
Epoch 16/20 | Steps: 1284 | LR: 0.000100 | Train Loss: 0.246160 | Val Loss: 0.625698
Epoch 17/20 | Steps: 1284 | LR: 0.000100 | Train Loss: 0.243901 | Val Loss: 0.628619
Epoch 18/20 | Steps: 1284 | LR: 0.000100 | Train Loss: 0.242170 | Val Loss: 0.685408
Epoch 19/20 | Steps: 1284 | LR: 0.000100 | Train Loss: 0.240979 | Val Loss: 0.630075
Epoch 20/20 | Steps: 1284 | LR: 0.000100 | Train Loss: 0.238698 | Val Loss: 0.619841
{'test_mse': 0.6248685717582703, 'test_mae': 0.5957286953926086}
Saved attention maps for 3 sample(s) under ./runs/forecasting_electricity_to_ETTm1_laya_charm_like_text/pred_192/attention_maps
==================================================
🚀 Architecture: LAYA
📊 Target Dataset: ETTm1 (Channels: 7)
📊 Pretrain Info: electricity (Detected Channels: 7)
📊 Prediction Length: 336
==================================================
✅ Loaded pretrained encoder from ./checkpoints/electricity_laya_charm_like_text/laya_ts_electricity_s_latest.pt
   - 90/90 keys matched.
ℹ️ Channel Adapter: disabled
ℹ️ Channel Relation Block: enabled
   - relation heads: 1
   - gate scale init: 0.01
   - residual scale init: 0.05
✅ Probing Head [Mixer]: [B, 4096] -> [B, 7, 336]
Epoch 1/20 | Steps: 1280 | LR: 0.000100 | Train Loss: 0.431185 | Val Loss: 0.760563
   -> Updated best validation state: val_loss=0.760563 at epoch 1
Epoch 2/20 | Steps: 1280 | LR: 0.000100 | Train Loss: 0.355293 | Val Loss: 0.758791
   -> Updated best validation state: val_loss=0.758791 at epoch 2
Epoch 3/20 | Steps: 1280 | LR: 0.000100 | Train Loss: 0.335590 | Val Loss: 0.695349
   -> Updated best validation state: val_loss=0.695349 at epoch 3
Epoch 4/20 | Steps: 1280 | LR: 0.000100 | Train Loss: 0.323001 | Val Loss: 0.691658
   -> Updated best validation state: val_loss=0.691658 at epoch 4
Epoch 5/20 | Steps: 1280 | LR: 0.000100 | Train Loss: 0.313894 | Val Loss: 0.766123
Epoch 6/20 | Steps: 1280 | LR: 0.000100 | Train Loss: 0.306547 | Val Loss: 0.723095
Epoch 7/20 | Steps: 1280 | LR: 0.000100 | Train Loss: 0.300859 | Val Loss: 0.707285
Epoch 8/20 | Steps: 1280 | LR: 0.000100 | Train Loss: 0.295957 | Val Loss: 0.707430
Epoch 9/20 | Steps: 1280 | LR: 0.000100 | Train Loss: 0.291192 | Val Loss: 0.742313
Epoch 10/20 | Steps: 1280 | LR: 0.000100 | Train Loss: 0.287175 | Val Loss: 0.729799
Epoch 11/20 | Steps: 1280 | LR: 0.000100 | Train Loss: 0.284002 | Val Loss: 0.741071
Epoch 12/20 | Steps: 1280 | LR: 0.000100 | Train Loss: 0.280824 | Val Loss: 0.716726
Epoch 13/20 | Steps: 1280 | LR: 0.000100 | Train Loss: 0.277854 | Val Loss: 0.786516
Epoch 14/20 | Steps: 1280 | LR: 0.000100 | Train Loss: 0.275352 | Val Loss: 0.770473
Epoch 15/20 | Steps: 1280 | LR: 0.000100 | Train Loss: 0.272719 | Val Loss: 0.725969
Epoch 16/20 | Steps: 1280 | LR: 0.000100 | Train Loss: 0.270554 | Val Loss: 0.728031
Epoch 17/20 | Steps: 1280 | LR: 0.000100 | Train Loss: 0.268373 | Val Loss: 0.707355
Epoch 18/20 | Steps: 1280 | LR: 0.000100 | Train Loss: 0.266546 | Val Loss: 0.710298
Epoch 19/20 | Steps: 1280 | LR: 0.000100 | Train Loss: 0.264478 | Val Loss: 0.697131
Epoch 20/20 | Steps: 1280 | LR: 0.000100 | Train Loss: 0.263057 | Val Loss: 0.721111
{'test_mse': 0.7155161499977112, 'test_mae': 0.6431457996368408}
Saved attention maps for 3 sample(s) under ./runs/forecasting_electricity_to_ETTm1_laya_charm_like_text/pred_336/attention_maps
==================================================
🚀 Architecture: LAYA
📊 Target Dataset: ETTm1 (Channels: 7)
📊 Pretrain Info: electricity (Detected Channels: 7)
📊 Prediction Length: 720
==================================================
✅ Loaded pretrained encoder from ./checkpoints/electricity_laya_charm_like_text/laya_ts_electricity_s_latest.pt
   - 90/90 keys matched.
ℹ️ Channel Adapter: disabled
ℹ️ Channel Relation Block: enabled
   - relation heads: 1
   - gate scale init: 0.01
   - residual scale init: 0.05
✅ Probing Head [Mixer]: [B, 4096] -> [B, 7, 720]
Epoch 1/20 | Steps: 1268 | LR: 0.000100 | Train Loss: 0.471705 | Val Loss: 0.858021
   -> Updated best validation state: val_loss=0.858021 at epoch 1
Epoch 2/20 | Steps: 1268 | LR: 0.000100 | Train Loss: 0.390984 | Val Loss: 0.884246
Epoch 3/20 | Steps: 1268 | LR: 0.000100 | Train Loss: 0.368195 | Val Loss: 0.935196
Epoch 4/20 | Steps: 1268 | LR: 0.000100 | Train Loss: 0.354378 | Val Loss: 0.931819
Epoch 5/20 | Steps: 1268 | LR: 0.000100 | Train Loss: 0.344030 | Val Loss: 0.915266
Epoch 6/20 | Steps: 1268 | LR: 0.000100 | Train Loss: 0.336522 | Val Loss: 1.016808
Epoch 7/20 | Steps: 1268 | LR: 0.000100 | Train Loss: 0.329427 | Val Loss: 1.034387
Epoch 8/20 | Steps: 1268 | LR: 0.000100 | Train Loss: 0.324053 | Val Loss: 0.967782
Epoch 9/20 | Steps: 1268 | LR: 0.000100 | Train Loss: 0.319416 | Val Loss: 0.969773
Epoch 10/20 | Steps: 1268 | LR: 0.000100 | Train Loss: 0.314841 | Val Loss: 0.898294
Epoch 11/20 | Steps: 1268 | LR: 0.000100 | Train Loss: 0.311061 | Val Loss: 1.012094
Epoch 12/20 | Steps: 1268 | LR: 0.000100 | Train Loss: 0.307382 | Val Loss: 0.935211
Epoch 13/20 | Steps: 1268 | LR: 0.000100 | Train Loss: 0.304308 | Val Loss: 1.005329
Epoch 14/20 | Steps: 1268 | LR: 0.000100 | Train Loss: 0.301732 | Val Loss: 1.020844
Epoch 15/20 | Steps: 1268 | LR: 0.000100 | Train Loss: 0.298975 | Val Loss: 0.959729
Epoch 16/20 | Steps: 1268 | LR: 0.000100 | Train Loss: 0.296603 | Val Loss: 0.964717
Epoch 17/20 | Steps: 1268 | LR: 0.000100 | Train Loss: 0.293727 | Val Loss: 1.008144
Epoch 18/20 | Steps: 1268 | LR: 0.000100 | Train Loss: 0.292253 | Val Loss: 0.999655
Epoch 19/20 | Steps: 1268 | LR: 0.000100 | Train Loss: 0.289983 | Val Loss: 0.966774
Epoch 20/20 | Steps: 1268 | LR: 0.000100 | Train Loss: 0.288095 | Val Loss: 0.950023
{'test_mse': 0.8528703451156616, 'test_mae': 0.7174529433250427}
Saved attention maps for 3 sample(s) under ./runs/forecasting_electricity_to_ETTm1_laya_charm_like_text/pred_720/attention_maps
==================================================
🚀 Architecture: LAYA
📊 Target Dataset: ETTm2 (Channels: 7)
📊 Pretrain Info: electricity (Detected Channels: 7)
📊 Prediction Length: 96
==================================================
✅ Loaded pretrained encoder from ./checkpoints/electricity_laya_charm_like_text/laya_ts_electricity_s_latest.pt
   - 90/90 keys matched.
ℹ️ Channel Adapter: disabled
ℹ️ Channel Relation Block: enabled
   - relation heads: 1
   - gate scale init: 0.01
   - residual scale init: 0.05
✅ Probing Head [Mixer]: [B, 4096] -> [B, 7, 96]
Epoch 1/20 | Steps: 1287 | LR: 0.000100 | Train Loss: 0.331268 | Val Loss: 3.797835
   -> Updated best validation state: val_loss=3.797835 at epoch 1
Epoch 2/20 | Steps: 1287 | LR: 0.000100 | Train Loss: 0.255661 | Val Loss: 3.610029
   -> Updated best validation state: val_loss=3.610029 at epoch 2
Epoch 3/20 | Steps: 1287 | LR: 0.000100 | Train Loss: 0.237693 | Val Loss: 3.089164
   -> Updated best validation state: val_loss=3.089164 at epoch 3
Epoch 4/20 | Steps: 1287 | LR: 0.000100 | Train Loss: 0.226740 | Val Loss: 3.168463
Epoch 5/20 | Steps: 1287 | LR: 0.000100 | Train Loss: 0.218124 | Val Loss: 2.893764
   -> Updated best validation state: val_loss=2.893764 at epoch 5
Epoch 6/20 | Steps: 1287 | LR: 0.000100 | Train Loss: 0.211496 | Val Loss: 3.013772
Epoch 7/20 | Steps: 1287 | LR: 0.000100 | Train Loss: 0.206130 | Val Loss: 2.810825
   -> Updated best validation state: val_loss=2.810825 at epoch 7
Epoch 8/20 | Steps: 1287 | LR: 0.000100 | Train Loss: 0.201557 | Val Loss: 2.942352
Epoch 9/20 | Steps: 1287 | LR: 0.000100 | Train Loss: 0.197639 | Val Loss: 3.123767
Epoch 10/20 | Steps: 1287 | LR: 0.000100 | Train Loss: 0.194325 | Val Loss: 3.255681
Epoch 11/20 | Steps: 1287 | LR: 0.000100 | Train Loss: 0.191277 | Val Loss: 2.973251
Epoch 12/20 | Steps: 1287 | LR: 0.000100 | Train Loss: 0.188678 | Val Loss: 2.895052
Epoch 13/20 | Steps: 1287 | LR: 0.000100 | Train Loss: 0.186057 | Val Loss: 2.914328
Epoch 14/20 | Steps: 1287 | LR: 0.000100 | Train Loss: 0.183926 | Val Loss: 2.955349
Epoch 15/20 | Steps: 1287 | LR: 0.000100 | Train Loss: 0.181974 | Val Loss: 2.718434
   -> Updated best validation state: val_loss=2.718434 at epoch 15
Epoch 16/20 | Steps: 1287 | LR: 0.000100 | Train Loss: 0.180110 | Val Loss: 3.135706
Epoch 17/20 | Steps: 1287 | LR: 0.000100 | Train Loss: 0.178594 | Val Loss: 3.100568
Epoch 18/20 | Steps: 1287 | LR: 0.000100 | Train Loss: 0.177102 | Val Loss: 2.796448
Epoch 19/20 | Steps: 1287 | LR: 0.000100 | Train Loss: 0.175594 | Val Loss: 2.683146
   -> Updated best validation state: val_loss=2.683146 at epoch 19
Epoch 20/20 | Steps: 1287 | LR: 0.000100 | Train Loss: 0.173995 | Val Loss: 2.925532
{'test_mse': 0.6459724307060242, 'test_mae': 0.5620182752609253}
Saved attention maps for 3 sample(s) under ./runs/forecasting_electricity_to_ETTm2_laya_charm_like_text/pred_96/attention_maps
==================================================
🚀 Architecture: LAYA
📊 Target Dataset: ETTm2 (Channels: 7)
📊 Pretrain Info: electricity (Detected Channels: 7)
📊 Prediction Length: 192
==================================================
✅ Loaded pretrained encoder from ./checkpoints/electricity_laya_charm_like_text/laya_ts_electricity_s_latest.pt
   - 90/90 keys matched.
ℹ️ Channel Adapter: disabled
ℹ️ Channel Relation Block: enabled
   - relation heads: 1
   - gate scale init: 0.01
   - residual scale init: 0.05
✅ Probing Head [Mixer]: [B, 4096] -> [B, 7, 192]
Epoch 1/20 | Steps: 1284 | LR: 0.000100 | Train Loss: 0.352542 | Val Loss: 4.138982
   -> Updated best validation state: val_loss=4.138982 at epoch 1
Epoch 2/20 | Steps: 1284 | LR: 0.000100 | Train Loss: 0.283153 | Val Loss: 4.311034
Epoch 3/20 | Steps: 1284 | LR: 0.000100 | Train Loss: 0.266376 | Val Loss: 4.142383
Epoch 4/20 | Steps: 1284 | LR: 0.000100 | Train Loss: 0.254713 | Val Loss: 4.283133
Epoch 5/20 | Steps: 1284 | LR: 0.000100 | Train Loss: 0.246745 | Val Loss: 4.219585
Epoch 6/20 | Steps: 1284 | LR: 0.000100 | Train Loss: 0.240000 | Val Loss: 4.459465
Epoch 7/20 | Steps: 1284 | LR: 0.000100 | Train Loss: 0.233916 | Val Loss: 4.155760
Epoch 8/20 | Steps: 1284 | LR: 0.000100 | Train Loss: 0.229466 | Val Loss: 3.997380
   -> Updated best validation state: val_loss=3.997380 at epoch 8
Epoch 9/20 | Steps: 1284 | LR: 0.000100 | Train Loss: 0.225510 | Val Loss: 3.961353
   -> Updated best validation state: val_loss=3.961353 at epoch 9
Epoch 10/20 | Steps: 1284 | LR: 0.000100 | Train Loss: 0.222602 | Val Loss: 3.815462
   -> Updated best validation state: val_loss=3.815462 at epoch 10
Epoch 11/20 | Steps: 1284 | LR: 0.000100 | Train Loss: 0.218856 | Val Loss: 4.082024
Epoch 12/20 | Steps: 1284 | LR: 0.000100 | Train Loss: 0.216002 | Val Loss: 4.097883
Epoch 13/20 | Steps: 1284 | LR: 0.000100 | Train Loss: 0.213331 | Val Loss: 3.851747
Epoch 14/20 | Steps: 1284 | LR: 0.000100 | Train Loss: 0.210812 | Val Loss: 4.080710
Epoch 15/20 | Steps: 1284 | LR: 0.000100 | Train Loss: 0.209120 | Val Loss: 4.266383
Epoch 16/20 | Steps: 1284 | LR: 0.000100 | Train Loss: 0.206936 | Val Loss: 3.819382
Epoch 17/20 | Steps: 1284 | LR: 0.000100 | Train Loss: 0.205158 | Val Loss: 3.913043
Epoch 18/20 | Steps: 1284 | LR: 0.000100 | Train Loss: 0.202790 | Val Loss: 3.966050
Epoch 19/20 | Steps: 1284 | LR: 0.000100 | Train Loss: 0.202239 | Val Loss: 3.700825
   -> Updated best validation state: val_loss=3.700825 at epoch 19
Epoch 20/20 | Steps: 1284 | LR: 0.000100 | Train Loss: 0.199763 | Val Loss: 3.741823
{'test_mse': 0.9472558498382568, 'test_mae': 0.6856955885887146}
Saved attention maps for 3 sample(s) under ./runs/forecasting_electricity_to_ETTm2_laya_charm_like_text/pred_192/attention_maps
==================================================
🚀 Architecture: LAYA
📊 Target Dataset: ETTm2 (Channels: 7)
📊 Pretrain Info: electricity (Detected Channels: 7)
📊 Prediction Length: 336
==================================================
✅ Loaded pretrained encoder from ./checkpoints/electricity_laya_charm_like_text/laya_ts_electricity_s_latest.pt
   - 90/90 keys matched.
ℹ️ Channel Adapter: disabled
ℹ️ Channel Relation Block: enabled
   - relation heads: 1
   - gate scale init: 0.01
   - residual scale init: 0.05
✅ Probing Head [Mixer]: [B, 4096] -> [B, 7, 336]
Epoch 1/20 | Steps: 1280 | LR: 0.000100 | Train Loss: 0.375683 | Val Loss: 4.864997
   -> Updated best validation state: val_loss=4.864997 at epoch 1
Epoch 2/20 | Steps: 1280 | LR: 0.000100 | Train Loss: 0.308262 | Val Loss: 5.083377
Epoch 3/20 | Steps: 1280 | LR: 0.000100 | Train Loss: 0.291290 | Val Loss: 4.564450
   -> Updated best validation state: val_loss=4.564450 at epoch 3
Epoch 4/20 | Steps: 1280 | LR: 0.000100 | Train Loss: 0.279576 | Val Loss: 4.667985
Epoch 5/20 | Steps: 1280 | LR: 0.000100 | Train Loss: 0.270973 | Val Loss: 4.611530
Epoch 6/20 | Steps: 1280 | LR: 0.000100 | Train Loss: 0.263764 | Val Loss: 4.601211
Epoch 7/20 | Steps: 1280 | LR: 0.000100 | Train Loss: 0.257851 | Val Loss: 4.918205
Epoch 8/20 | Steps: 1280 | LR: 0.000100 | Train Loss: 0.252790 | Val Loss: 4.905928
Epoch 9/20 | Steps: 1280 | LR: 0.000100 | Train Loss: 0.248242 | Val Loss: 4.487086
   -> Updated best validation state: val_loss=4.487086 at epoch 9
Epoch 10/20 | Steps: 1280 | LR: 0.000100 | Train Loss: 0.244293 | Val Loss: 4.463030
   -> Updated best validation state: val_loss=4.463030 at epoch 10
Epoch 11/20 | Steps: 1280 | LR: 0.000100 | Train Loss: 0.240746 | Val Loss: 4.222182
   -> Updated best validation state: val_loss=4.222182 at epoch 11
Epoch 12/20 | Steps: 1280 | LR: 0.000100 | Train Loss: 0.237472 | Val Loss: 4.575455
Epoch 13/20 | Steps: 1280 | LR: 0.000100 | Train Loss: 0.234972 | Val Loss: 4.395266
Epoch 14/20 | Steps: 1280 | LR: 0.000100 | Train Loss: 0.232631 | Val Loss: 4.292296
Epoch 15/20 | Steps: 1280 | LR: 0.000100 | Train Loss: 0.229817 | Val Loss: 4.491123
Epoch 16/20 | Steps: 1280 | LR: 0.000100 | Train Loss: 0.227403 | Val Loss: 4.483244
Epoch 17/20 | Steps: 1280 | LR: 0.000100 | Train Loss: 0.225363 | Val Loss: 4.404854
Epoch 18/20 | Steps: 1280 | LR: 0.000100 | Train Loss: 0.223706 | Val Loss: 4.451914
Epoch 19/20 | Steps: 1280 | LR: 0.000100 | Train Loss: 0.221450 | Val Loss: 4.713409
Epoch 20/20 | Steps: 1280 | LR: 0.000100 | Train Loss: 0.220116 | Val Loss: 4.322311
{'test_mse': 1.051655650138855, 'test_mae': 0.7122976183891296}
Saved attention maps for 3 sample(s) under ./runs/forecasting_electricity_to_ETTm2_laya_charm_like_text/pred_336/attention_maps
==================================================
🚀 Architecture: LAYA
📊 Target Dataset: ETTm2 (Channels: 7)
📊 Pretrain Info: electricity (Detected Channels: 7)
📊 Prediction Length: 720
==================================================
✅ Loaded pretrained encoder from ./checkpoints/electricity_laya_charm_like_text/laya_ts_electricity_s_latest.pt
   - 90/90 keys matched.
ℹ️ Channel Adapter: disabled
ℹ️ Channel Relation Block: enabled
   - relation heads: 1
   - gate scale init: 0.01
   - residual scale init: 0.05
✅ Probing Head [Mixer]: [B, 4096] -> [B, 7, 720]
Epoch 1/20 | Steps: 1268 | LR: 0.000100 | Train Loss: 0.410532 | Val Loss: 4.125061
   -> Updated best validation state: val_loss=4.125061 at epoch 1
Epoch 2/20 | Steps: 1268 | LR: 0.000100 | Train Loss: 0.341368 | Val Loss: 4.273128
Epoch 3/20 | Steps: 1268 | LR: 0.000100 | Train Loss: 0.321816 | Val Loss: 4.533840
Epoch 4/20 | Steps: 1268 | LR: 0.000100 | Train Loss: 0.309271 | Val Loss: 4.373759
Epoch 5/20 | Steps: 1268 | LR: 0.000100 | Train Loss: 0.299771 | Val Loss: 4.205433
Epoch 6/20 | Steps: 1268 | LR: 0.000100 | Train Loss: 0.292080 | Val Loss: 4.228014
Epoch 7/20 | Steps: 1268 | LR: 0.000100 | Train Loss: 0.285655 | Val Loss: 4.141265
Epoch 8/20 | Steps: 1268 | LR: 0.000100 | Train Loss: 0.280162 | Val Loss: 4.091586
   -> Updated best validation state: val_loss=4.091586 at epoch 8
Epoch 9/20 | Steps: 1268 | LR: 0.000100 | Train Loss: 0.275628 | Val Loss: 4.292397
Epoch 10/20 | Steps: 1268 | LR: 0.000100 | Train Loss: 0.271074 | Val Loss: 4.102619
Epoch 11/20 | Steps: 1268 | LR: 0.000100 | Train Loss: 0.267509 | Val Loss: 4.217545
Epoch 12/20 | Steps: 1268 | LR: 0.000100 | Train Loss: 0.263797 | Val Loss: 4.109449
Epoch 13/20 | Steps: 1268 | LR: 0.000100 | Train Loss: 0.261058 | Val Loss: 4.099783
Epoch 14/20 | Steps: 1268 | LR: 0.000100 | Train Loss: 0.257628 | Val Loss: 3.937726
   -> Updated best validation state: val_loss=3.937726 at epoch 14
Epoch 15/20 | Steps: 1268 | LR: 0.000100 | Train Loss: 0.254870 | Val Loss: 4.174152
Epoch 16/20 | Steps: 1268 | LR: 0.000100 | Train Loss: 0.252892 | Val Loss: 3.904402
   -> Updated best validation state: val_loss=3.904402 at epoch 16
Epoch 17/20 | Steps: 1268 | LR: 0.000100 | Train Loss: 0.250521 | Val Loss: 3.980029
Epoch 18/20 | Steps: 1268 | LR: 0.000100 | Train Loss: 0.247562 | Val Loss: 3.930804
Epoch 19/20 | Steps: 1268 | LR: 0.000100 | Train Loss: 0.246246 | Val Loss: 3.892960
   -> Updated best validation state: val_loss=3.892960 at epoch 19
Epoch 20/20 | Steps: 1268 | LR: 0.000100 | Train Loss: 0.244021 | Val Loss: 3.998939
{'test_mse': 1.3109196424484253, 'test_mae': 0.832410991191864}
Saved attention maps for 3 sample(s) under ./runs/forecasting_electricity_to_ETTm2_laya_charm_like_text/pred_720/attention_maps
==================================================
🚀 Architecture: LAYA
📊 Target Dataset: weather (Channels: 21)
📊 Pretrain Info: electricity (Detected Channels: 21)
📊 Prediction Length: 96
==================================================
✅ Loaded pretrained encoder from ./checkpoints/electricity_laya_charm_like_text/laya_ts_electricity_s_latest.pt
   - 90/90 keys matched.
ℹ️ Channel Adapter: disabled
ℹ️ Channel Relation Block: enabled
   - relation heads: 1
   - gate scale init: 0.01
   - residual scale init: 0.05
✅ Probing Head [Mixer]: [B, 4096] -> [B, 21, 96]
Epoch 1/20 | Steps: 1133 | LR: 0.000100 | Train Loss: 0.472553 | Val Loss: 0.603446
   -> Updated best validation state: val_loss=0.603446 at epoch 1
Epoch 2/20 | Steps: 1133 | LR: 0.000100 | Train Loss: 0.381946 | Val Loss: 0.579364
   -> Updated best validation state: val_loss=0.579364 at epoch 2
Epoch 3/20 | Steps: 1133 | LR: 0.000100 | Train Loss: 0.357517 | Val Loss: 0.578156
   -> Updated best validation state: val_loss=0.578156 at epoch 3
Epoch 4/20 | Steps: 1133 | LR: 0.000100 | Train Loss: 0.343537 | Val Loss: 0.566630
   -> Updated best validation state: val_loss=0.566630 at epoch 4
Epoch 5/20 | Steps: 1133 | LR: 0.000100 | Train Loss: 0.333239 | Val Loss: 0.568498
Epoch 6/20 | Steps: 1133 | LR: 0.000100 | Train Loss: 0.326021 | Val Loss: 0.567162
Epoch 7/20 | Steps: 1133 | LR: 0.000100 | Train Loss: 0.320212 | Val Loss: 0.586145
Epoch 8/20 | Steps: 1133 | LR: 0.000100 | Train Loss: 0.315003 | Val Loss: 0.575969
Epoch 9/20 | Steps: 1133 | LR: 0.000100 | Train Loss: 0.310529 | Val Loss: 0.575180
Epoch 10/20 | Steps: 1133 | LR: 0.000100 | Train Loss: 0.307134 | Val Loss: 0.568983
Epoch 11/20 | Steps: 1133 | LR: 0.000100 | Train Loss: 0.304453 | Val Loss: 0.581957
Epoch 12/20 | Steps: 1133 | LR: 0.000100 | Train Loss: 0.301419 | Val Loss: 0.575688
Epoch 13/20 | Steps: 1133 | LR: 0.000100 | Train Loss: 0.298870 | Val Loss: 0.570707
Epoch 14/20 | Steps: 1133 | LR: 0.000100 | Train Loss: 0.296163 | Val Loss: 0.574609
Epoch 15/20 | Steps: 1133 | LR: 0.000100 | Train Loss: 0.294304 | Val Loss: 0.584647
Epoch 16/20 | Steps: 1133 | LR: 0.000100 | Train Loss: 0.292062 | Val Loss: 0.578200
Epoch 17/20 | Steps: 1133 | LR: 0.000100 | Train Loss: 0.290055 | Val Loss: 0.576820
Epoch 18/20 | Steps: 1133 | LR: 0.000100 | Train Loss: 0.288524 | Val Loss: 0.577827
Epoch 19/20 | Steps: 1133 | LR: 0.000100 | Train Loss: 0.287058 | Val Loss: 0.588913
Epoch 20/20 | Steps: 1133 | LR: 0.000100 | Train Loss: 0.285580 | Val Loss: 0.585616
./run_forecasting.py:198: UserWarning: Tight layout not applied. The left and right margins cannot be made large enough to accommodate all axes decorations.
  plt.tight_layout()
./run_forecasting.py:211: UserWarning: Tight layout not applied. The left and right margins cannot be made large enough to accommodate all axes decorations.
  plt.tight_layout()
./run_forecasting.py:231: UserWarning: Tight layout not applied. The bottom and top margins cannot be made large enough to accommodate all axes decorations.
  plt.tight_layout()
./run_forecasting.py:243: UserWarning: Tight layout not applied. The bottom and top margins cannot be made large enough to accommodate all axes decorations.
  plt.tight_layout()
{'test_mse': 0.3547130227088928, 'test_mae': 0.41322949528694153}
Saved attention maps for 3 sample(s) under ./runs/forecasting_electricity_to_weather_laya_charm_like_text/pred_96/attention_maps
==================================================
🚀 Architecture: LAYA
📊 Target Dataset: weather (Channels: 21)
📊 Pretrain Info: electricity (Detected Channels: 21)
📊 Prediction Length: 192
==================================================
✅ Loaded pretrained encoder from ./checkpoints/electricity_laya_charm_like_text/laya_ts_electricity_s_latest.pt
   - 90/90 keys matched.
ℹ️ Channel Adapter: disabled
ℹ️ Channel Relation Block: enabled
   - relation heads: 1
   - gate scale init: 0.01
   - residual scale init: 0.05
✅ Probing Head [Mixer]: [B, 4096] -> [B, 21, 192]
Epoch 1/20 | Steps: 1130 | LR: 0.000100 | Train Loss: 0.491716 | Val Loss: 0.665542
   -> Updated best validation state: val_loss=0.665542 at epoch 1
Epoch 2/20 | Steps: 1130 | LR: 0.000100 | Train Loss: 0.406818 | Val Loss: 0.648747
   -> Updated best validation state: val_loss=0.648747 at epoch 2
Epoch 3/20 | Steps: 1130 | LR: 0.000100 | Train Loss: 0.384075 | Val Loss: 0.648108
   -> Updated best validation state: val_loss=0.648108 at epoch 3
Epoch 4/20 | Steps: 1130 | LR: 0.000100 | Train Loss: 0.369939 | Val Loss: 0.634523
   -> Updated best validation state: val_loss=0.634523 at epoch 4
Epoch 5/20 | Steps: 1130 | LR: 0.000100 | Train Loss: 0.360234 | Val Loss: 0.635326
Epoch 6/20 | Steps: 1130 | LR: 0.000100 | Train Loss: 0.352598 | Val Loss: 0.638569
Epoch 7/20 | Steps: 1130 | LR: 0.000100 | Train Loss: 0.346886 | Val Loss: 0.634709
Epoch 8/20 | Steps: 1130 | LR: 0.000100 | Train Loss: 0.341424 | Val Loss: 0.648605
Epoch 9/20 | Steps: 1130 | LR: 0.000100 | Train Loss: 0.337429 | Val Loss: 0.635490
Epoch 10/20 | Steps: 1130 | LR: 0.000100 | Train Loss: 0.333510 | Val Loss: 0.643610
Epoch 11/20 | Steps: 1130 | LR: 0.000100 | Train Loss: 0.330528 | Val Loss: 0.639384
Epoch 12/20 | Steps: 1130 | LR: 0.000100 | Train Loss: 0.327674 | Val Loss: 0.654698
Epoch 13/20 | Steps: 1130 | LR: 0.000100 | Train Loss: 0.324679 | Val Loss: 0.667406
Epoch 14/20 | Steps: 1130 | LR: 0.000100 | Train Loss: 0.322435 | Val Loss: 0.650521
Epoch 15/20 | Steps: 1130 | LR: 0.000100 | Train Loss: 0.319613 | Val Loss: 0.646985
Epoch 16/20 | Steps: 1130 | LR: 0.000100 | Train Loss: 0.317493 | Val Loss: 0.669708
Epoch 17/20 | Steps: 1130 | LR: 0.000100 | Train Loss: 0.315850 | Val Loss: 0.660964
Epoch 18/20 | Steps: 1130 | LR: 0.000100 | Train Loss: 0.313808 | Val Loss: 0.654882
Epoch 19/20 | Steps: 1130 | LR: 0.000100 | Train Loss: 0.312377 | Val Loss: 0.662849
Epoch 20/20 | Steps: 1130 | LR: 0.000100 | Train Loss: 0.310920 | Val Loss: 0.673087
./run_forecasting.py:198: UserWarning: Tight layout not applied. The left and right margins cannot be made large enough to accommodate all axes decorations.
  plt.tight_layout()
./run_forecasting.py:211: UserWarning: Tight layout not applied. The left and right margins cannot be made large enough to accommodate all axes decorations.
  plt.tight_layout()
./run_forecasting.py:231: UserWarning: Tight layout not applied. The bottom and top margins cannot be made large enough to accommodate all axes decorations.
  plt.tight_layout()
./run_forecasting.py:243: UserWarning: Tight layout not applied. The bottom and top margins cannot be made large enough to accommodate all axes decorations.
  plt.tight_layout()
{'test_mse': 0.42635178565979004, 'test_mae': 0.45651283860206604}
Saved attention maps for 3 sample(s) under ./runs/forecasting_electricity_to_weather_laya_charm_like_text/pred_192/attention_maps
==================================================
🚀 Architecture: LAYA
📊 Target Dataset: weather (Channels: 21)
📊 Pretrain Info: electricity (Detected Channels: 21)
📊 Prediction Length: 336
==================================================
✅ Loaded pretrained encoder from ./checkpoints/electricity_laya_charm_like_text/laya_ts_electricity_s_latest.pt
   - 90/90 keys matched.
ℹ️ Channel Adapter: disabled
ℹ️ Channel Relation Block: enabled
   - relation heads: 1
   - gate scale init: 0.01
   - residual scale init: 0.05
✅ Probing Head [Mixer]: [B, 4096] -> [B, 21, 336]
Epoch 1/20 | Steps: 1126 | LR: 0.000100 | Train Loss: 0.511341 | Val Loss: 0.693062
   -> Updated best validation state: val_loss=0.693062 at epoch 1
Epoch 2/20 | Steps: 1126 | LR: 0.000100 | Train Loss: 0.431823 | Val Loss: 0.715955
Epoch 3/20 | Steps: 1126 | LR: 0.000100 | Train Loss: 0.409044 | Val Loss: 0.692784
   -> Updated best validation state: val_loss=0.692784 at epoch 3
Epoch 4/20 | Steps: 1126 | LR: 0.000100 | Train Loss: 0.395814 | Val Loss: 0.699441
Epoch 5/20 | Steps: 1126 | LR: 0.000100 | Train Loss: 0.385921 | Val Loss: 0.696910
Epoch 6/20 | Steps: 1126 | LR: 0.000100 | Train Loss: 0.378233 | Val Loss: 0.734457
Epoch 7/20 | Steps: 1126 | LR: 0.000100 | Train Loss: 0.372085 | Val Loss: 0.717141
Epoch 8/20 | Steps: 1126 | LR: 0.000100 | Train Loss: 0.367299 | Val Loss: 0.705094
Epoch 9/20 | Steps: 1126 | LR: 0.000100 | Train Loss: 0.362626 | Val Loss: 0.715588
Epoch 10/20 | Steps: 1126 | LR: 0.000100 | Train Loss: 0.358889 | Val Loss: 0.742404
Epoch 11/20 | Steps: 1126 | LR: 0.000100 | Train Loss: 0.355511 | Val Loss: 0.734087
Epoch 12/20 | Steps: 1126 | LR: 0.000100 | Train Loss: 0.352603 | Val Loss: 0.728623
Epoch 13/20 | Steps: 1126 | LR: 0.000100 | Train Loss: 0.349699 | Val Loss: 0.745057
Epoch 14/20 | Steps: 1126 | LR: 0.000100 | Train Loss: 0.346850 | Val Loss: 0.743438
Epoch 15/20 | Steps: 1126 | LR: 0.000100 | Train Loss: 0.344575 | Val Loss: 0.744733
Epoch 16/20 | Steps: 1126 | LR: 0.000100 | Train Loss: 0.342300 | Val Loss: 0.750250
Epoch 17/20 | Steps: 1126 | LR: 0.000100 | Train Loss: 0.340344 | Val Loss: 0.753578
Epoch 18/20 | Steps: 1126 | LR: 0.000100 | Train Loss: 0.338366 | Val Loss: 0.765645
Epoch 19/20 | Steps: 1126 | LR: 0.000100 | Train Loss: 0.336690 | Val Loss: 0.763037
Epoch 20/20 | Steps: 1126 | LR: 0.000100 | Train Loss: 0.334892 | Val Loss: 0.750800
./run_forecasting.py:198: UserWarning: Tight layout not applied. The left and right margins cannot be made large enough to accommodate all axes decorations.
  plt.tight_layout()
./run_forecasting.py:211: UserWarning: Tight layout not applied. The left and right margins cannot be made large enough to accommodate all axes decorations.
  plt.tight_layout()
./run_forecasting.py:231: UserWarning: Tight layout not applied. The bottom and top margins cannot be made large enough to accommodate all axes decorations.
  plt.tight_layout()
./run_forecasting.py:243: UserWarning: Tight layout not applied. The bottom and top margins cannot be made large enough to accommodate all axes decorations.
  plt.tight_layout()
{'test_mse': 0.4936288595199585, 'test_mae': 0.49438416957855225}
Saved attention maps for 3 sample(s) under ./runs/forecasting_electricity_to_weather_laya_charm_like_text/pred_336/attention_maps
==================================================
🚀 Architecture: LAYA
📊 Target Dataset: weather (Channels: 21)
📊 Pretrain Info: electricity (Detected Channels: 21)
📊 Prediction Length: 720
==================================================
✅ Loaded pretrained encoder from ./checkpoints/electricity_laya_charm_like_text/laya_ts_electricity_s_latest.pt
   - 90/90 keys matched.
ℹ️ Channel Adapter: disabled
ℹ️ Channel Relation Block: enabled
   - relation heads: 1
   - gate scale init: 0.01
   - residual scale init: 0.05
✅ Probing Head [Mixer]: [B, 4096] -> [B, 21, 720]
Epoch 1/20 | Steps: 1114 | LR: 0.000100 | Train Loss: 0.538116 | Val Loss: 0.770829
   -> Updated best validation state: val_loss=0.770829 at epoch 1
Epoch 2/20 | Steps: 1114 | LR: 0.000100 | Train Loss: 0.461447 | Val Loss: 0.774910
Epoch 3/20 | Steps: 1114 | LR: 0.000100 | Train Loss: 0.439453 | Val Loss: 0.794449
Epoch 4/20 | Steps: 1114 | LR: 0.000100 | Train Loss: 0.425687 | Val Loss: 0.795495
Epoch 5/20 | Steps: 1114 | LR: 0.000100 | Train Loss: 0.416127 | Val Loss: 0.795980
Epoch 6/20 | Steps: 1114 | LR: 0.000100 | Train Loss: 0.408744 | Val Loss: 0.804957
Epoch 7/20 | Steps: 1114 | LR: 0.000100 | Train Loss: 0.402397 | Val Loss: 0.791522
Epoch 8/20 | Steps: 1114 | LR: 0.000100 | Train Loss: 0.397404 | Val Loss: 0.802209
Epoch 9/20 | Steps: 1114 | LR: 0.000100 | Train Loss: 0.393029 | Val Loss: 0.804813
Epoch 10/20 | Steps: 1114 | LR: 0.000100 | Train Loss: 0.388321 | Val Loss: 0.818534
Epoch 11/20 | Steps: 1114 | LR: 0.000100 | Train Loss: 0.384758 | Val Loss: 0.795795
Epoch 12/20 | Steps: 1114 | LR: 0.000100 | Train Loss: 0.381833 | Val Loss: 0.819110
Epoch 13/20 | Steps: 1114 | LR: 0.000100 | Train Loss: 0.378987 | Val Loss: 0.825111
Epoch 14/20 | Steps: 1114 | LR: 0.000100 | Train Loss: 0.376314 | Val Loss: 0.816739
Epoch 15/20 | Steps: 1114 | LR: 0.000100 | Train Loss: 0.373844 | Val Loss: 0.837380
Epoch 16/20 | Steps: 1114 | LR: 0.000100 | Train Loss: 0.371534 | Val Loss: 0.840537
Epoch 17/20 | Steps: 1114 | LR: 0.000100 | Train Loss: 0.369086 | Val Loss: 0.850680
Epoch 18/20 | Steps: 1114 | LR: 0.000100 | Train Loss: 0.366954 | Val Loss: 0.826059
Epoch 19/20 | Steps: 1114 | LR: 0.000100 | Train Loss: 0.365083 | Val Loss: 0.844445
Epoch 20/20 | Steps: 1114 | LR: 0.000100 | Train Loss: 0.363345 | Val Loss: 0.841796
./run_forecasting.py:198: UserWarning: Tight layout not applied. The left and right margins cannot be made large enough to accommodate all axes decorations.
  plt.tight_layout()
./run_forecasting.py:211: UserWarning: Tight layout not applied. The left and right margins cannot be made large enough to accommodate all axes decorations.
  plt.tight_layout()
./run_forecasting.py:231: UserWarning: Tight layout not applied. The bottom and top margins cannot be made large enough to accommodate all axes decorations.
  plt.tight_layout()
./run_forecasting.py:243: UserWarning: Tight layout not applied. The bottom and top margins cannot be made large enough to accommodate all axes decorations.
  plt.tight_layout()
{'test_mse': 0.5135281682014465, 'test_mae': 0.5096197724342346}
Saved attention maps for 3 sample(s) under ./runs/forecasting_electricity_to_weather_laya_charm_like_text/pred_720/attention_maps
