nohup: ignoring input
==================================================
🚀 Architecture: LAYA
📊 Target Dataset: ETTm1 (Channels: 7)
📊 Pretrain Info: tsld (Detected Channels: 7)
📊 Prediction Length: 96
==================================================
✅ Loaded pretrained encoder from ./checkpoints/tsld_laya_independent_none/laya_ts_tsld_s_latest.pt
   - 40/40 keys matched.
ℹ️ Channel Adapter: disabled
✅ Probing Head [CI]: [B*C, 128] -> [B, 7, 96]
Epoch 1/20 | Steps: 1287 | LR: 0.000100 | Train Loss: 0.298783 | Val Loss: 0.271875
   -> Updated best validation state: val_loss=0.271875 at epoch 1
Epoch 2/20 | Steps: 1287 | LR: 0.000100 | Train Loss: 0.245092 | Val Loss: 0.264600
   -> Updated best validation state: val_loss=0.264600 at epoch 2
Epoch 3/20 | Steps: 1287 | LR: 0.000100 | Train Loss: 0.237551 | Val Loss: 0.263840
   -> Updated best validation state: val_loss=0.263840 at epoch 3
Epoch 4/20 | Steps: 1287 | LR: 0.000100 | Train Loss: 0.233460 | Val Loss: 0.263849
Epoch 5/20 | Steps: 1287 | LR: 0.000100 | Train Loss: 0.230643 | Val Loss: 0.262512
   -> Updated best validation state: val_loss=0.262512 at epoch 5
Epoch 6/20 | Steps: 1287 | LR: 0.000100 | Train Loss: 0.228588 | Val Loss: 0.260944
   -> Updated best validation state: val_loss=0.260944 at epoch 6
Epoch 7/20 | Steps: 1287 | LR: 0.000100 | Train Loss: 0.227509 | Val Loss: 0.263502
Epoch 8/20 | Steps: 1287 | LR: 0.000100 | Train Loss: 0.225771 | Val Loss: 0.261914
Epoch 9/20 | Steps: 1287 | LR: 0.000100 | Train Loss: 0.225039 | Val Loss: 0.263216
Epoch 10/20 | Steps: 1287 | LR: 0.000100 | Train Loss: 0.223818 | Val Loss: 0.264249
Epoch 11/20 | Steps: 1287 | LR: 0.000100 | Train Loss: 0.223111 | Val Loss: 0.262818
Epoch 12/20 | Steps: 1287 | LR: 0.000100 | Train Loss: 0.222304 | Val Loss: 0.264369
Epoch 13/20 | Steps: 1287 | LR: 0.000100 | Train Loss: 0.221874 | Val Loss: 0.264117
Epoch 14/20 | Steps: 1287 | LR: 0.000100 | Train Loss: 0.221147 | Val Loss: 0.263581
Epoch 15/20 | Steps: 1287 | LR: 0.000100 | Train Loss: 0.220609 | Val Loss: 0.262159
Epoch 16/20 | Steps: 1287 | LR: 0.000100 | Train Loss: 0.220215 | Val Loss: 0.263195
Epoch 17/20 | Steps: 1287 | LR: 0.000100 | Train Loss: 0.219907 | Val Loss: 0.261549
Epoch 18/20 | Steps: 1287 | LR: 0.000100 | Train Loss: 0.219258 | Val Loss: 0.263184
Epoch 19/20 | Steps: 1287 | LR: 0.000100 | Train Loss: 0.219039 | Val Loss: 0.261275
Epoch 20/20 | Steps: 1287 | LR: 0.000100 | Train Loss: 0.218565 | Val Loss: 0.263463
{'test_mse': 0.3167790174484253, 'test_mae': 0.37790682911872864}
==================================================
🚀 Architecture: LAYA
📊 Target Dataset: ETTm1 (Channels: 7)
📊 Pretrain Info: tsld (Detected Channels: 7)
📊 Prediction Length: 192
==================================================
✅ Loaded pretrained encoder from ./checkpoints/tsld_laya_independent_none/laya_ts_tsld_s_latest.pt
   - 40/40 keys matched.
ℹ️ Channel Adapter: disabled
✅ Probing Head [CI]: [B*C, 128] -> [B, 7, 192]
Epoch 1/20 | Steps: 1284 | LR: 0.000100 | Train Loss: 0.337896 | Val Loss: 0.304638
   -> Updated best validation state: val_loss=0.304638 at epoch 1
Epoch 2/20 | Steps: 1284 | LR: 0.000100 | Train Loss: 0.289705 | Val Loss: 0.306363
Epoch 3/20 | Steps: 1284 | LR: 0.000100 | Train Loss: 0.282359 | Val Loss: 0.303867
   -> Updated best validation state: val_loss=0.303867 at epoch 3
Epoch 4/20 | Steps: 1284 | LR: 0.000100 | Train Loss: 0.278472 | Val Loss: 0.303688
   -> Updated best validation state: val_loss=0.303688 at epoch 4
Epoch 5/20 | Steps: 1284 | LR: 0.000100 | Train Loss: 0.275905 | Val Loss: 0.300417
   -> Updated best validation state: val_loss=0.300417 at epoch 5
Epoch 6/20 | Steps: 1284 | LR: 0.000100 | Train Loss: 0.273838 | Val Loss: 0.303112
Epoch 7/20 | Steps: 1284 | LR: 0.000100 | Train Loss: 0.272279 | Val Loss: 0.302670
Epoch 8/20 | Steps: 1284 | LR: 0.000100 | Train Loss: 0.270915 | Val Loss: 0.301866
Epoch 9/20 | Steps: 1284 | LR: 0.000100 | Train Loss: 0.269534 | Val Loss: 0.305745
Epoch 10/20 | Steps: 1284 | LR: 0.000100 | Train Loss: 0.268735 | Val Loss: 0.306597
Epoch 11/20 | Steps: 1284 | LR: 0.000100 | Train Loss: 0.267894 | Val Loss: 0.305379
Epoch 12/20 | Steps: 1284 | LR: 0.000100 | Train Loss: 0.267114 | Val Loss: 0.308501
Epoch 13/20 | Steps: 1284 | LR: 0.000100 | Train Loss: 0.266756 | Val Loss: 0.304503
Epoch 14/20 | Steps: 1284 | LR: 0.000100 | Train Loss: 0.265550 | Val Loss: 0.307359
Epoch 15/20 | Steps: 1284 | LR: 0.000100 | Train Loss: 0.265199 | Val Loss: 0.303059
Epoch 16/20 | Steps: 1284 | LR: 0.000100 | Train Loss: 0.264665 | Val Loss: 0.307267
Epoch 17/20 | Steps: 1284 | LR: 0.000100 | Train Loss: 0.264195 | Val Loss: 0.304082
Epoch 18/20 | Steps: 1284 | LR: 0.000100 | Train Loss: 0.263777 | Val Loss: 0.309286
Epoch 19/20 | Steps: 1284 | LR: 0.000100 | Train Loss: 0.263219 | Val Loss: 0.304575
Epoch 20/20 | Steps: 1284 | LR: 0.000100 | Train Loss: 0.263010 | Val Loss: 0.305944
{'test_mse': 0.36711183190345764, 'test_mae': 0.40989363193511963}
==================================================
🚀 Architecture: LAYA
📊 Target Dataset: ETTm1 (Channels: 7)
📊 Pretrain Info: tsld (Detected Channels: 7)
📊 Prediction Length: 336
==================================================
✅ Loaded pretrained encoder from ./checkpoints/tsld_laya_independent_none/laya_ts_tsld_s_latest.pt
   - 40/40 keys matched.
ℹ️ Channel Adapter: disabled
✅ Probing Head [CI]: [B*C, 128] -> [B, 7, 336]
Epoch 1/20 | Steps: 1280 | LR: 0.000100 | Train Loss: 0.378121 | Val Loss: 0.341614
   -> Updated best validation state: val_loss=0.341614 at epoch 1
Epoch 2/20 | Steps: 1280 | LR: 0.000100 | Train Loss: 0.335563 | Val Loss: 0.342966
Epoch 3/20 | Steps: 1280 | LR: 0.000100 | Train Loss: 0.328714 | Val Loss: 0.342429
Epoch 4/20 | Steps: 1280 | LR: 0.000100 | Train Loss: 0.324422 | Val Loss: 0.339954
   -> Updated best validation state: val_loss=0.339954 at epoch 4
Epoch 5/20 | Steps: 1280 | LR: 0.000100 | Train Loss: 0.322210 | Val Loss: 0.343954
Epoch 6/20 | Steps: 1280 | LR: 0.000100 | Train Loss: 0.320002 | Val Loss: 0.341121
Epoch 7/20 | Steps: 1280 | LR: 0.000100 | Train Loss: 0.318227 | Val Loss: 0.342790
Epoch 8/20 | Steps: 1280 | LR: 0.000100 | Train Loss: 0.316607 | Val Loss: 0.344442
Epoch 9/20 | Steps: 1280 | LR: 0.000100 | Train Loss: 0.315624 | Val Loss: 0.343542
Epoch 10/20 | Steps: 1280 | LR: 0.000100 | Train Loss: 0.314516 | Val Loss: 0.342145
Epoch 11/20 | Steps: 1280 | LR: 0.000100 | Train Loss: 0.313657 | Val Loss: 0.341805
Epoch 12/20 | Steps: 1280 | LR: 0.000100 | Train Loss: 0.312800 | Val Loss: 0.343261
Epoch 13/20 | Steps: 1280 | LR: 0.000100 | Train Loss: 0.311864 | Val Loss: 0.343074
Epoch 14/20 | Steps: 1280 | LR: 0.000100 | Train Loss: 0.311083 | Val Loss: 0.344200
Epoch 15/20 | Steps: 1280 | LR: 0.000100 | Train Loss: 0.310491 | Val Loss: 0.342347
Epoch 16/20 | Steps: 1280 | LR: 0.000100 | Train Loss: 0.310193 | Val Loss: 0.343177
Epoch 17/20 | Steps: 1280 | LR: 0.000100 | Train Loss: 0.309650 | Val Loss: 0.345286
Epoch 18/20 | Steps: 1280 | LR: 0.000100 | Train Loss: 0.309305 | Val Loss: 0.345341
Epoch 19/20 | Steps: 1280 | LR: 0.000100 | Train Loss: 0.308734 | Val Loss: 0.342918
Epoch 20/20 | Steps: 1280 | LR: 0.000100 | Train Loss: 0.308394 | Val Loss: 0.345598
{'test_mse': 0.4116193652153015, 'test_mae': 0.4395601749420166}
==================================================
🚀 Architecture: LAYA
📊 Target Dataset: ETTm1 (Channels: 7)
📊 Pretrain Info: tsld (Detected Channels: 7)
📊 Prediction Length: 720
==================================================
✅ Loaded pretrained encoder from ./checkpoints/tsld_laya_independent_none/laya_ts_tsld_s_latest.pt
   - 40/40 keys matched.
ℹ️ Channel Adapter: disabled
✅ Probing Head [CI]: [B*C, 128] -> [B, 7, 720]
Epoch 1/20 | Steps: 1268 | LR: 0.000100 | Train Loss: 0.449742 | Val Loss: 0.409293
   -> Updated best validation state: val_loss=0.409293 at epoch 1
Epoch 2/20 | Steps: 1268 | LR: 0.000100 | Train Loss: 0.410598 | Val Loss: 0.408514
   -> Updated best validation state: val_loss=0.408514 at epoch 2
Epoch 3/20 | Steps: 1268 | LR: 0.000100 | Train Loss: 0.403579 | Val Loss: 0.407412
   -> Updated best validation state: val_loss=0.407412 at epoch 3
Epoch 4/20 | Steps: 1268 | LR: 0.000100 | Train Loss: 0.399569 | Val Loss: 0.404621
   -> Updated best validation state: val_loss=0.404621 at epoch 4
Epoch 5/20 | Steps: 1268 | LR: 0.000100 | Train Loss: 0.396575 | Val Loss: 0.407471
Epoch 6/20 | Steps: 1268 | LR: 0.000100 | Train Loss: 0.393904 | Val Loss: 0.408275
Epoch 7/20 | Steps: 1268 | LR: 0.000100 | Train Loss: 0.392171 | Val Loss: 0.405769
Epoch 8/20 | Steps: 1268 | LR: 0.000100 | Train Loss: 0.390556 | Val Loss: 0.408744
Epoch 9/20 | Steps: 1268 | LR: 0.000100 | Train Loss: 0.389499 | Val Loss: 0.406331
Epoch 10/20 | Steps: 1268 | LR: 0.000100 | Train Loss: 0.388085 | Val Loss: 0.409045
Epoch 11/20 | Steps: 1268 | LR: 0.000100 | Train Loss: 0.387073 | Val Loss: 0.410284
Epoch 12/20 | Steps: 1268 | LR: 0.000100 | Train Loss: 0.386106 | Val Loss: 0.407445
Epoch 13/20 | Steps: 1268 | LR: 0.000100 | Train Loss: 0.385433 | Val Loss: 0.411299
Epoch 14/20 | Steps: 1268 | LR: 0.000100 | Train Loss: 0.384473 | Val Loss: 0.410891
Epoch 15/20 | Steps: 1268 | LR: 0.000100 | Train Loss: 0.383798 | Val Loss: 0.415079
Epoch 16/20 | Steps: 1268 | LR: 0.000100 | Train Loss: 0.383110 | Val Loss: 0.409575
Epoch 17/20 | Steps: 1268 | LR: 0.000100 | Train Loss: 0.382366 | Val Loss: 0.420268
Epoch 18/20 | Steps: 1268 | LR: 0.000100 | Train Loss: 0.382058 | Val Loss: 0.410176
Epoch 19/20 | Steps: 1268 | LR: 0.000100 | Train Loss: 0.381339 | Val Loss: 0.411747
Epoch 20/20 | Steps: 1268 | LR: 0.000100 | Train Loss: 0.380854 | Val Loss: 0.414564
{'test_mse': 0.46087971329689026, 'test_mae': 0.47575005888938904}
==================================================
🚀 Architecture: LAYA
📊 Target Dataset: ETTm2 (Channels: 7)
📊 Pretrain Info: tsld (Detected Channels: 7)
📊 Prediction Length: 96
==================================================
✅ Loaded pretrained encoder from ./checkpoints/tsld_laya_independent_none/laya_ts_tsld_s_latest.pt
   - 40/40 keys matched.
ℹ️ Channel Adapter: disabled
✅ Probing Head [CI]: [B*C, 128] -> [B, 7, 96]
Epoch 1/20 | Steps: 1287 | LR: 0.000100 | Train Loss: 0.266744 | Val Loss: 0.193994
   -> Updated best validation state: val_loss=0.193994 at epoch 1
Epoch 2/20 | Steps: 1287 | LR: 0.000100 | Train Loss: 0.207251 | Val Loss: 0.191371
   -> Updated best validation state: val_loss=0.191371 at epoch 2
Epoch 3/20 | Steps: 1287 | LR: 0.000100 | Train Loss: 0.196892 | Val Loss: 0.203703
Epoch 4/20 | Steps: 1287 | LR: 0.000100 | Train Loss: 0.191520 | Val Loss: 0.201896
Epoch 5/20 | Steps: 1287 | LR: 0.000100 | Train Loss: 0.187835 | Val Loss: 0.193961
Epoch 6/20 | Steps: 1287 | LR: 0.000100 | Train Loss: 0.185181 | Val Loss: 0.199708
Epoch 7/20 | Steps: 1287 | LR: 0.000100 | Train Loss: 0.183340 | Val Loss: 0.223468
Epoch 8/20 | Steps: 1287 | LR: 0.000100 | Train Loss: 0.181673 | Val Loss: 0.205046
Epoch 9/20 | Steps: 1287 | LR: 0.000100 | Train Loss: 0.180293 | Val Loss: 0.204499
Epoch 10/20 | Steps: 1287 | LR: 0.000100 | Train Loss: 0.179108 | Val Loss: 0.210054
Epoch 11/20 | Steps: 1287 | LR: 0.000100 | Train Loss: 0.178111 | Val Loss: 0.216409
Epoch 12/20 | Steps: 1287 | LR: 0.000100 | Train Loss: 0.177065 | Val Loss: 0.213552
Epoch 13/20 | Steps: 1287 | LR: 0.000100 | Train Loss: 0.176454 | Val Loss: 0.200292
Epoch 14/20 | Steps: 1287 | LR: 0.000100 | Train Loss: 0.175483 | Val Loss: 0.203784
Epoch 15/20 | Steps: 1287 | LR: 0.000100 | Train Loss: 0.175050 | Val Loss: 0.204874
Epoch 16/20 | Steps: 1287 | LR: 0.000100 | Train Loss: 0.174717 | Val Loss: 0.198764
Epoch 17/20 | Steps: 1287 | LR: 0.000100 | Train Loss: 0.174422 | Val Loss: 0.205491
Epoch 18/20 | Steps: 1287 | LR: 0.000100 | Train Loss: 0.173397 | Val Loss: 0.202361
Epoch 19/20 | Steps: 1287 | LR: 0.000100 | Train Loss: 0.173127 | Val Loss: 0.219849
Epoch 20/20 | Steps: 1287 | LR: 0.000100 | Train Loss: 0.172859 | Val Loss: 0.203661
{'test_mse': 0.16910113394260406, 'test_mae': 0.27515116333961487}
==================================================
🚀 Architecture: LAYA
📊 Target Dataset: ETTm2 (Channels: 7)
📊 Pretrain Info: tsld (Detected Channels: 7)
📊 Prediction Length: 192
==================================================
✅ Loaded pretrained encoder from ./checkpoints/tsld_laya_independent_none/laya_ts_tsld_s_latest.pt
   - 40/40 keys matched.
ℹ️ Channel Adapter: disabled
✅ Probing Head [CI]: [B*C, 128] -> [B, 7, 192]
Epoch 1/20 | Steps: 1284 | LR: 0.000100 | Train Loss: 0.323389 | Val Loss: 0.299167
   -> Updated best validation state: val_loss=0.299167 at epoch 1
Epoch 2/20 | Steps: 1284 | LR: 0.000100 | Train Loss: 0.268194 | Val Loss: 0.282422
   -> Updated best validation state: val_loss=0.282422 at epoch 2
Epoch 3/20 | Steps: 1284 | LR: 0.000100 | Train Loss: 0.257306 | Val Loss: 0.290539
Epoch 4/20 | Steps: 1284 | LR: 0.000100 | Train Loss: 0.251537 | Val Loss: 0.287717
Epoch 5/20 | Steps: 1284 | LR: 0.000100 | Train Loss: 0.247857 | Val Loss: 0.294211
Epoch 6/20 | Steps: 1284 | LR: 0.000100 | Train Loss: 0.244759 | Val Loss: 0.311579
Epoch 7/20 | Steps: 1284 | LR: 0.000100 | Train Loss: 0.242249 | Val Loss: 0.290126
Epoch 8/20 | Steps: 1284 | LR: 0.000100 | Train Loss: 0.240285 | Val Loss: 0.289977
Epoch 9/20 | Steps: 1284 | LR: 0.000100 | Train Loss: 0.238786 | Val Loss: 0.291316
Epoch 10/20 | Steps: 1284 | LR: 0.000100 | Train Loss: 0.237790 | Val Loss: 0.290540
Epoch 11/20 | Steps: 1284 | LR: 0.000100 | Train Loss: 0.236256 | Val Loss: 0.295336
Epoch 12/20 | Steps: 1284 | LR: 0.000100 | Train Loss: 0.234871 | Val Loss: 0.283360
Epoch 13/20 | Steps: 1284 | LR: 0.000100 | Train Loss: 0.234463 | Val Loss: 0.304765
Epoch 14/20 | Steps: 1284 | LR: 0.000100 | Train Loss: 0.233535 | Val Loss: 0.293832
Epoch 15/20 | Steps: 1284 | LR: 0.000100 | Train Loss: 0.232772 | Val Loss: 0.283391
Epoch 16/20 | Steps: 1284 | LR: 0.000100 | Train Loss: 0.232279 | Val Loss: 0.308499
Epoch 17/20 | Steps: 1284 | LR: 0.000100 | Train Loss: 0.231201 | Val Loss: 0.299073
Epoch 18/20 | Steps: 1284 | LR: 0.000100 | Train Loss: 0.230914 | Val Loss: 0.295807
Epoch 19/20 | Steps: 1284 | LR: 0.000100 | Train Loss: 0.230204 | Val Loss: 0.308518
Epoch 20/20 | Steps: 1284 | LR: 0.000100 | Train Loss: 0.229160 | Val Loss: 0.292276
{'test_mse': 0.21591965854167938, 'test_mae': 0.31577473878860474}
==================================================
🚀 Architecture: LAYA
📊 Target Dataset: ETTm2 (Channels: 7)
📊 Pretrain Info: tsld (Detected Channels: 7)
📊 Prediction Length: 336
==================================================
✅ Loaded pretrained encoder from ./checkpoints/tsld_laya_independent_none/laya_ts_tsld_s_latest.pt
   - 40/40 keys matched.
ℹ️ Channel Adapter: disabled
✅ Probing Head [CI]: [B*C, 128] -> [B, 7, 336]
Epoch 1/20 | Steps: 1280 | LR: 0.000100 | Train Loss: 0.380598 | Val Loss: 0.382362
   -> Updated best validation state: val_loss=0.382362 at epoch 1
Epoch 2/20 | Steps: 1280 | LR: 0.000100 | Train Loss: 0.331270 | Val Loss: 0.386569
Epoch 3/20 | Steps: 1280 | LR: 0.000100 | Train Loss: 0.320401 | Val Loss: 0.372410
   -> Updated best validation state: val_loss=0.372410 at epoch 3
Epoch 4/20 | Steps: 1280 | LR: 0.000100 | Train Loss: 0.314454 | Val Loss: 0.400812
Epoch 5/20 | Steps: 1280 | LR: 0.000100 | Train Loss: 0.310038 | Val Loss: 0.390534
Epoch 6/20 | Steps: 1280 | LR: 0.000100 | Train Loss: 0.307003 | Val Loss: 0.384998
Epoch 7/20 | Steps: 1280 | LR: 0.000100 | Train Loss: 0.304640 | Val Loss: 0.368580
   -> Updated best validation state: val_loss=0.368580 at epoch 7
Epoch 8/20 | Steps: 1280 | LR: 0.000100 | Train Loss: 0.302566 | Val Loss: 0.393793
Epoch 9/20 | Steps: 1280 | LR: 0.000100 | Train Loss: 0.300889 | Val Loss: 0.401288
Epoch 10/20 | Steps: 1280 | LR: 0.000100 | Train Loss: 0.298807 | Val Loss: 0.381475
Epoch 11/20 | Steps: 1280 | LR: 0.000100 | Train Loss: 0.297628 | Val Loss: 0.384240
Epoch 12/20 | Steps: 1280 | LR: 0.000100 | Train Loss: 0.296508 | Val Loss: 0.406235
Epoch 13/20 | Steps: 1280 | LR: 0.000100 | Train Loss: 0.295139 | Val Loss: 0.445054
Epoch 14/20 | Steps: 1280 | LR: 0.000100 | Train Loss: 0.294468 | Val Loss: 0.413531
Epoch 15/20 | Steps: 1280 | LR: 0.000100 | Train Loss: 0.293794 | Val Loss: 0.476276
Epoch 16/20 | Steps: 1280 | LR: 0.000100 | Train Loss: 0.292725 | Val Loss: 0.390010
Epoch 17/20 | Steps: 1280 | LR: 0.000100 | Train Loss: 0.291771 | Val Loss: 0.380789
Epoch 18/20 | Steps: 1280 | LR: 0.000100 | Train Loss: 0.291241 | Val Loss: 0.406058
Epoch 19/20 | Steps: 1280 | LR: 0.000100 | Train Loss: 0.290969 | Val Loss: 0.381664
Epoch 20/20 | Steps: 1280 | LR: 0.000100 | Train Loss: 0.290182 | Val Loss: 0.379446
{'test_mse': 0.2739392817020416, 'test_mae': 0.3426622748374939}
==================================================
🚀 Architecture: LAYA
📊 Target Dataset: ETTm2 (Channels: 7)
📊 Pretrain Info: tsld (Detected Channels: 7)
📊 Prediction Length: 720
==================================================
✅ Loaded pretrained encoder from ./checkpoints/tsld_laya_independent_none/laya_ts_tsld_s_latest.pt
   - 40/40 keys matched.
ℹ️ Channel Adapter: disabled
✅ Probing Head [CI]: [B*C, 128] -> [B, 7, 720]
Epoch 1/20 | Steps: 1268 | LR: 0.000100 | Train Loss: 0.459870 | Val Loss: 0.557259
   -> Updated best validation state: val_loss=0.557259 at epoch 1
Epoch 2/20 | Steps: 1268 | LR: 0.000100 | Train Loss: 0.416906 | Val Loss: 0.479010
   -> Updated best validation state: val_loss=0.479010 at epoch 2
Epoch 3/20 | Steps: 1268 | LR: 0.000100 | Train Loss: 0.406249 | Val Loss: 0.540624
Epoch 4/20 | Steps: 1268 | LR: 0.000100 | Train Loss: 0.399440 | Val Loss: 0.516588
Epoch 5/20 | Steps: 1268 | LR: 0.000100 | Train Loss: 0.395579 | Val Loss: 0.506274
Epoch 6/20 | Steps: 1268 | LR: 0.000100 | Train Loss: 0.392232 | Val Loss: 0.485781
Epoch 7/20 | Steps: 1268 | LR: 0.000100 | Train Loss: 0.389740 | Val Loss: 0.445900
   -> Updated best validation state: val_loss=0.445900 at epoch 7
Epoch 8/20 | Steps: 1268 | LR: 0.000100 | Train Loss: 0.387267 | Val Loss: 0.502449
Epoch 9/20 | Steps: 1268 | LR: 0.000100 | Train Loss: 0.385284 | Val Loss: 0.492084
Epoch 10/20 | Steps: 1268 | LR: 0.000100 | Train Loss: 0.383767 | Val Loss: 0.477360
Epoch 11/20 | Steps: 1268 | LR: 0.000100 | Train Loss: 0.382605 | Val Loss: 0.506091
Epoch 12/20 | Steps: 1268 | LR: 0.000100 | Train Loss: 0.381122 | Val Loss: 0.486570
Epoch 13/20 | Steps: 1268 | LR: 0.000100 | Train Loss: 0.379559 | Val Loss: 0.499188
Epoch 14/20 | Steps: 1268 | LR: 0.000100 | Train Loss: 0.378395 | Val Loss: 0.498665
Epoch 15/20 | Steps: 1268 | LR: 0.000100 | Train Loss: 0.377637 | Val Loss: 0.457455
Epoch 16/20 | Steps: 1268 | LR: 0.000100 | Train Loss: 0.376947 | Val Loss: 0.475812
Epoch 17/20 | Steps: 1268 | LR: 0.000100 | Train Loss: 0.376173 | Val Loss: 0.547237
Epoch 18/20 | Steps: 1268 | LR: 0.000100 | Train Loss: 0.375173 | Val Loss: 0.492366
Epoch 19/20 | Steps: 1268 | LR: 0.000100 | Train Loss: 0.374608 | Val Loss: 0.528728
Epoch 20/20 | Steps: 1268 | LR: 0.000100 | Train Loss: 0.373868 | Val Loss: 0.462167
{'test_mse': 0.32128778100013733, 'test_mae': 0.3909939229488373}
==================================================
🚀 Architecture: LAYA
📊 Target Dataset: weather (Channels: 21)
📊 Pretrain Info: tsld (Detected Channels: 21)
📊 Prediction Length: 96
==================================================
✅ Loaded pretrained encoder from ./checkpoints/tsld_laya_independent_none/laya_ts_tsld_s_latest.pt
   - 40/40 keys matched.
ℹ️ Channel Adapter: disabled
✅ Probing Head [CI]: [B*C, 128] -> [B, 21, 96]
Epoch 1/20 | Steps: 1133 | LR: 0.000100 | Train Loss: 0.393336 | Val Loss: 0.443778
   -> Updated best validation state: val_loss=0.443778 at epoch 1
Epoch 2/20 | Steps: 1133 | LR: 0.000100 | Train Loss: 0.342627 | Val Loss: 0.434196
   -> Updated best validation state: val_loss=0.434196 at epoch 2
Epoch 3/20 | Steps: 1133 | LR: 0.000100 | Train Loss: 0.337593 | Val Loss: 0.432197
   -> Updated best validation state: val_loss=0.432197 at epoch 3
Epoch 4/20 | Steps: 1133 | LR: 0.000100 | Train Loss: 0.334895 | Val Loss: 0.430784
   -> Updated best validation state: val_loss=0.430784 at epoch 4
Epoch 5/20 | Steps: 1133 | LR: 0.000100 | Train Loss: 0.333121 | Val Loss: 0.428108
   -> Updated best validation state: val_loss=0.428108 at epoch 5
Epoch 6/20 | Steps: 1133 | LR: 0.000100 | Train Loss: 0.332027 | Val Loss: 0.429830
Epoch 7/20 | Steps: 1133 | LR: 0.000100 | Train Loss: 0.330934 | Val Loss: 0.430612
Epoch 8/20 | Steps: 1133 | LR: 0.000100 | Train Loss: 0.330390 | Val Loss: 0.428932
Epoch 9/20 | Steps: 1133 | LR: 0.000100 | Train Loss: 0.329279 | Val Loss: 0.427783
   -> Updated best validation state: val_loss=0.427783 at epoch 9
Epoch 10/20 | Steps: 1133 | LR: 0.000100 | Train Loss: 0.328785 | Val Loss: 0.427629
   -> Updated best validation state: val_loss=0.427629 at epoch 10
Epoch 11/20 | Steps: 1133 | LR: 0.000100 | Train Loss: 0.328361 | Val Loss: 0.427714
Epoch 12/20 | Steps: 1133 | LR: 0.000100 | Train Loss: 0.328005 | Val Loss: 0.429939
Epoch 13/20 | Steps: 1133 | LR: 0.000100 | Train Loss: 0.327329 | Val Loss: 0.430442
Epoch 14/20 | Steps: 1133 | LR: 0.000100 | Train Loss: 0.327017 | Val Loss: 0.427519
   -> Updated best validation state: val_loss=0.427519 at epoch 14
Epoch 15/20 | Steps: 1133 | LR: 0.000100 | Train Loss: 0.326625 | Val Loss: 0.428548
Epoch 16/20 | Steps: 1133 | LR: 0.000100 | Train Loss: 0.326454 | Val Loss: 0.427255
   -> Updated best validation state: val_loss=0.427255 at epoch 16
Epoch 17/20 | Steps: 1133 | LR: 0.000100 | Train Loss: 0.326178 | Val Loss: 0.428318
Epoch 18/20 | Steps: 1133 | LR: 0.000100 | Train Loss: 0.325677 | Val Loss: 0.427885
Epoch 19/20 | Steps: 1133 | LR: 0.000100 | Train Loss: 0.325778 | Val Loss: 0.427143
   -> Updated best validation state: val_loss=0.427143 at epoch 19
Epoch 20/20 | Steps: 1133 | LR: 0.000100 | Train Loss: 0.325630 | Val Loss: 0.427278
{'test_mse': 0.1962185949087143, 'test_mae': 0.25380003452301025}
==================================================
🚀 Architecture: LAYA
📊 Target Dataset: weather (Channels: 21)
📊 Pretrain Info: tsld (Detected Channels: 21)
📊 Prediction Length: 192
==================================================
✅ Loaded pretrained encoder from ./checkpoints/tsld_laya_independent_none/laya_ts_tsld_s_latest.pt
   - 40/40 keys matched.
ℹ️ Channel Adapter: disabled
✅ Probing Head [CI]: [B*C, 128] -> [B, 21, 192]
Epoch 1/20 | Steps: 1130 | LR: 0.000100 | Train Loss: 0.438794 | Val Loss: 0.510097
   -> Updated best validation state: val_loss=0.510097 at epoch 1
Epoch 2/20 | Steps: 1130 | LR: 0.000100 | Train Loss: 0.395577 | Val Loss: 0.506412
   -> Updated best validation state: val_loss=0.506412 at epoch 2
Epoch 3/20 | Steps: 1130 | LR: 0.000100 | Train Loss: 0.390892 | Val Loss: 0.508525
Epoch 4/20 | Steps: 1130 | LR: 0.000100 | Train Loss: 0.388792 | Val Loss: 0.504036
   -> Updated best validation state: val_loss=0.504036 at epoch 4
Epoch 5/20 | Steps: 1130 | LR: 0.000100 | Train Loss: 0.386838 | Val Loss: 0.502823
   -> Updated best validation state: val_loss=0.502823 at epoch 5
Epoch 6/20 | Steps: 1130 | LR: 0.000100 | Train Loss: 0.385737 | Val Loss: 0.501656
   -> Updated best validation state: val_loss=0.501656 at epoch 6
Epoch 7/20 | Steps: 1130 | LR: 0.000100 | Train Loss: 0.384724 | Val Loss: 0.501598
   -> Updated best validation state: val_loss=0.501598 at epoch 7
Epoch 8/20 | Steps: 1130 | LR: 0.000100 | Train Loss: 0.383957 | Val Loss: 0.499320
   -> Updated best validation state: val_loss=0.499320 at epoch 8
Epoch 9/20 | Steps: 1130 | LR: 0.000100 | Train Loss: 0.383286 | Val Loss: 0.510663
Epoch 10/20 | Steps: 1130 | LR: 0.000100 | Train Loss: 0.382704 | Val Loss: 0.500382
Epoch 11/20 | Steps: 1130 | LR: 0.000100 | Train Loss: 0.382061 | Val Loss: 0.500942
Epoch 12/20 | Steps: 1130 | LR: 0.000100 | Train Loss: 0.381689 | Val Loss: 0.501527
Epoch 13/20 | Steps: 1130 | LR: 0.000100 | Train Loss: 0.381242 | Val Loss: 0.500388
Epoch 14/20 | Steps: 1130 | LR: 0.000100 | Train Loss: 0.380876 | Val Loss: 0.499026
   -> Updated best validation state: val_loss=0.499026 at epoch 14
Epoch 15/20 | Steps: 1130 | LR: 0.000100 | Train Loss: 0.380484 | Val Loss: 0.506384
Epoch 16/20 | Steps: 1130 | LR: 0.000100 | Train Loss: 0.380307 | Val Loss: 0.497729
   -> Updated best validation state: val_loss=0.497729 at epoch 16
Epoch 17/20 | Steps: 1130 | LR: 0.000100 | Train Loss: 0.379905 | Val Loss: 0.497773
Epoch 18/20 | Steps: 1130 | LR: 0.000100 | Train Loss: 0.379681 | Val Loss: 0.501937
Epoch 19/20 | Steps: 1130 | LR: 0.000100 | Train Loss: 0.379444 | Val Loss: 0.497593
   -> Updated best validation state: val_loss=0.497593 at epoch 19
Epoch 20/20 | Steps: 1130 | LR: 0.000100 | Train Loss: 0.379293 | Val Loss: 0.500652
{'test_mse': 0.2510536313056946, 'test_mae': 0.30657708644866943}
==================================================
🚀 Architecture: LAYA
📊 Target Dataset: weather (Channels: 21)
📊 Pretrain Info: tsld (Detected Channels: 21)
📊 Prediction Length: 336
==================================================
✅ Loaded pretrained encoder from ./checkpoints/tsld_laya_independent_none/laya_ts_tsld_s_latest.pt
   - 40/40 keys matched.
ℹ️ Channel Adapter: disabled
✅ Probing Head [CI]: [B*C, 128] -> [B, 21, 336]
Epoch 1/20 | Steps: 1126 | LR: 0.000100 | Train Loss: 0.480916 | Val Loss: 0.584189
   -> Updated best validation state: val_loss=0.584189 at epoch 1
Epoch 2/20 | Steps: 1126 | LR: 0.000100 | Train Loss: 0.445164 | Val Loss: 0.577618
   -> Updated best validation state: val_loss=0.577618 at epoch 2
Epoch 3/20 | Steps: 1126 | LR: 0.000100 | Train Loss: 0.440773 | Val Loss: 0.579075
Epoch 4/20 | Steps: 1126 | LR: 0.000100 | Train Loss: 0.438326 | Val Loss: 0.572900
   -> Updated best validation state: val_loss=0.572900 at epoch 4
Epoch 5/20 | Steps: 1126 | LR: 0.000100 | Train Loss: 0.436734 | Val Loss: 0.578487
Epoch 6/20 | Steps: 1126 | LR: 0.000100 | Train Loss: 0.435686 | Val Loss: 0.572946
Epoch 7/20 | Steps: 1126 | LR: 0.000100 | Train Loss: 0.434544 | Val Loss: 0.577715
Epoch 8/20 | Steps: 1126 | LR: 0.000100 | Train Loss: 0.433753 | Val Loss: 0.576152
Epoch 9/20 | Steps: 1126 | LR: 0.000100 | Train Loss: 0.432983 | Val Loss: 0.576773
Epoch 10/20 | Steps: 1126 | LR: 0.000100 | Train Loss: 0.432418 | Val Loss: 0.571604
   -> Updated best validation state: val_loss=0.571604 at epoch 10
Epoch 11/20 | Steps: 1126 | LR: 0.000100 | Train Loss: 0.431867 | Val Loss: 0.570161
   -> Updated best validation state: val_loss=0.570161 at epoch 11
Epoch 12/20 | Steps: 1126 | LR: 0.000100 | Train Loss: 0.431381 | Val Loss: 0.574889
Epoch 13/20 | Steps: 1126 | LR: 0.000100 | Train Loss: 0.431103 | Val Loss: 0.576079
Epoch 14/20 | Steps: 1126 | LR: 0.000100 | Train Loss: 0.430493 | Val Loss: 0.584797
Epoch 15/20 | Steps: 1126 | LR: 0.000100 | Train Loss: 0.430273 | Val Loss: 0.573469
Epoch 16/20 | Steps: 1126 | LR: 0.000100 | Train Loss: 0.430032 | Val Loss: 0.574118
Epoch 17/20 | Steps: 1126 | LR: 0.000100 | Train Loss: 0.429649 | Val Loss: 0.577595
Epoch 18/20 | Steps: 1126 | LR: 0.000100 | Train Loss: 0.429522 | Val Loss: 0.582037
Epoch 19/20 | Steps: 1126 | LR: 0.000100 | Train Loss: 0.429169 | Val Loss: 0.572846
Epoch 20/20 | Steps: 1126 | LR: 0.000100 | Train Loss: 0.428883 | Val Loss: 0.577686
{'test_mse': 0.30435821413993835, 'test_mae': 0.34801504015922546}
==================================================
🚀 Architecture: LAYA
📊 Target Dataset: weather (Channels: 21)
📊 Pretrain Info: tsld (Detected Channels: 21)
📊 Prediction Length: 720
==================================================
✅ Loaded pretrained encoder from ./checkpoints/tsld_laya_independent_none/laya_ts_tsld_s_latest.pt
   - 40/40 keys matched.
ℹ️ Channel Adapter: disabled
✅ Probing Head [CI]: [B*C, 128] -> [B, 21, 720]
Epoch 1/20 | Steps: 1114 | LR: 0.000100 | Train Loss: 0.531500 | Val Loss: 0.667946
   -> Updated best validation state: val_loss=0.667946 at epoch 1
Epoch 2/20 | Steps: 1114 | LR: 0.000100 | Train Loss: 0.501713 | Val Loss: 0.669366
Epoch 3/20 | Steps: 1114 | LR: 0.000100 | Train Loss: 0.497751 | Val Loss: 0.676458
Epoch 4/20 | Steps: 1114 | LR: 0.000100 | Train Loss: 0.495509 | Val Loss: 0.671293
Epoch 5/20 | Steps: 1114 | LR: 0.000100 | Train Loss: 0.493701 | Val Loss: 0.677501
Epoch 6/20 | Steps: 1114 | LR: 0.000100 | Train Loss: 0.492414 | Val Loss: 0.672279
Epoch 7/20 | Steps: 1114 | LR: 0.000100 | Train Loss: 0.491538 | Val Loss: 0.674625
Epoch 8/20 | Steps: 1114 | LR: 0.000100 | Train Loss: 0.490539 | Val Loss: 0.680145
Epoch 9/20 | Steps: 1114 | LR: 0.000100 | Train Loss: 0.489826 | Val Loss: 0.667339
   -> Updated best validation state: val_loss=0.667339 at epoch 9
Epoch 10/20 | Steps: 1114 | LR: 0.000100 | Train Loss: 0.489289 | Val Loss: 0.671457
Epoch 11/20 | Steps: 1114 | LR: 0.000100 | Train Loss: 0.488680 | Val Loss: 0.688282
Epoch 12/20 | Steps: 1114 | LR: 0.000100 | Train Loss: 0.488056 | Val Loss: 0.675866
Epoch 13/20 | Steps: 1114 | LR: 0.000100 | Train Loss: 0.487911 | Val Loss: 0.673584
Epoch 14/20 | Steps: 1114 | LR: 0.000100 | Train Loss: 0.487293 | Val Loss: 0.669174
Epoch 15/20 | Steps: 1114 | LR: 0.000100 | Train Loss: 0.487090 | Val Loss: 0.680976
Epoch 16/20 | Steps: 1114 | LR: 0.000100 | Train Loss: 0.486623 | Val Loss: 0.669201
Epoch 17/20 | Steps: 1114 | LR: 0.000100 | Train Loss: 0.486346 | Val Loss: 0.671851
Epoch 18/20 | Steps: 1114 | LR: 0.000100 | Train Loss: 0.486180 | Val Loss: 0.677163
Epoch 19/20 | Steps: 1114 | LR: 0.000100 | Train Loss: 0.485635 | Val Loss: 0.683629
Epoch 20/20 | Steps: 1114 | LR: 0.000100 | Train Loss: 0.485688 | Val Loss: 0.668808
{'test_mse': 0.37971603870391846, 'test_mae': 0.40292614698410034}
