nohup: ignoring input
==================================================
🚀 Architecture: LAYA
📊 Target Dataset: ETTm1 (Channels: 7)
📊 Pretrain Info: tsld (Detected Channels: 7)
📊 Prediction Length: 96
==================================================
✅ Loaded pretrained encoder from ./checkpoints/tsld_laya_mixer_text/laya_ts_tsld_s_latest.pt
   - 51/51 keys matched.
ℹ️ Channel Adapter: disabled
✅ Probing Head [Mixer]: [B, 4096] -> [B, 7, 96]
Epoch 1/20 | Steps: 1287 | LR: 0.000100 | Train Loss: 0.497875 | Val Loss: 0.584883
   -> Updated best validation state: val_loss=0.584883 at epoch 1
Epoch 2/20 | Steps: 1287 | LR: 0.000100 | Train Loss: 0.389017 | Val Loss: 0.457581
   -> Updated best validation state: val_loss=0.457581 at epoch 2
Epoch 3/20 | Steps: 1287 | LR: 0.000100 | Train Loss: 0.356730 | Val Loss: 0.472948
Epoch 4/20 | Steps: 1287 | LR: 0.000100 | Train Loss: 0.337382 | Val Loss: 0.455180
   -> Updated best validation state: val_loss=0.455180 at epoch 4
Epoch 5/20 | Steps: 1287 | LR: 0.000100 | Train Loss: 0.325473 | Val Loss: 0.408750
   -> Updated best validation state: val_loss=0.408750 at epoch 5
Epoch 6/20 | Steps: 1287 | LR: 0.000100 | Train Loss: 0.316751 | Val Loss: 0.424431
Epoch 7/20 | Steps: 1287 | LR: 0.000100 | Train Loss: 0.309988 | Val Loss: 0.421856
Epoch 8/20 | Steps: 1287 | LR: 0.000100 | Train Loss: 0.304603 | Val Loss: 0.391169
   -> Updated best validation state: val_loss=0.391169 at epoch 8
Epoch 9/20 | Steps: 1287 | LR: 0.000100 | Train Loss: 0.299399 | Val Loss: 0.429948
Epoch 10/20 | Steps: 1287 | LR: 0.000100 | Train Loss: 0.296028 | Val Loss: 0.413020
Epoch 11/20 | Steps: 1287 | LR: 0.000100 | Train Loss: 0.292033 | Val Loss: 0.437089
Epoch 12/20 | Steps: 1287 | LR: 0.000100 | Train Loss: 0.289716 | Val Loss: 0.424205
Epoch 13/20 | Steps: 1287 | LR: 0.000100 | Train Loss: 0.286508 | Val Loss: 0.451097
Epoch 14/20 | Steps: 1287 | LR: 0.000100 | Train Loss: 0.284421 | Val Loss: 0.415433
Epoch 15/20 | Steps: 1287 | LR: 0.000100 | Train Loss: 0.281900 | Val Loss: 0.437533
Epoch 16/20 | Steps: 1287 | LR: 0.000100 | Train Loss: 0.280138 | Val Loss: 0.429822
Epoch 17/20 | Steps: 1287 | LR: 0.000100 | Train Loss: 0.278955 | Val Loss: 0.430408
Epoch 18/20 | Steps: 1287 | LR: 0.000100 | Train Loss: 0.276650 | Val Loss: 0.420734
Epoch 19/20 | Steps: 1287 | LR: 0.000100 | Train Loss: 0.275102 | Val Loss: 0.435607
Epoch 20/20 | Steps: 1287 | LR: 0.000100 | Train Loss: 0.274142 | Val Loss: 0.426804
{'test_mse': 0.47054705023765564, 'test_mae': 0.48871397972106934}
==================================================
🚀 Architecture: LAYA
📊 Target Dataset: ETTm1 (Channels: 7)
📊 Pretrain Info: tsld (Detected Channels: 7)
📊 Prediction Length: 192
==================================================
✅ Loaded pretrained encoder from ./checkpoints/tsld_laya_mixer_text/laya_ts_tsld_s_latest.pt
   - 51/51 keys matched.
ℹ️ Channel Adapter: disabled
✅ Probing Head [Mixer]: [B, 4096] -> [B, 7, 192]
Epoch 1/20 | Steps: 1284 | LR: 0.000100 | Train Loss: 0.519200 | Val Loss: 0.563428
   -> Updated best validation state: val_loss=0.563428 at epoch 1
Epoch 2/20 | Steps: 1284 | LR: 0.000100 | Train Loss: 0.418107 | Val Loss: 0.518709
   -> Updated best validation state: val_loss=0.518709 at epoch 2
Epoch 3/20 | Steps: 1284 | LR: 0.000100 | Train Loss: 0.387737 | Val Loss: 0.520445
Epoch 4/20 | Steps: 1284 | LR: 0.000100 | Train Loss: 0.370054 | Val Loss: 0.516854
   -> Updated best validation state: val_loss=0.516854 at epoch 4
Epoch 5/20 | Steps: 1284 | LR: 0.000100 | Train Loss: 0.358980 | Val Loss: 0.489925
   -> Updated best validation state: val_loss=0.489925 at epoch 5
Epoch 6/20 | Steps: 1284 | LR: 0.000100 | Train Loss: 0.350417 | Val Loss: 0.491236
Epoch 7/20 | Steps: 1284 | LR: 0.000100 | Train Loss: 0.344251 | Val Loss: 0.477973
   -> Updated best validation state: val_loss=0.477973 at epoch 7
Epoch 8/20 | Steps: 1284 | LR: 0.000100 | Train Loss: 0.339091 | Val Loss: 0.479796
Epoch 9/20 | Steps: 1284 | LR: 0.000100 | Train Loss: 0.334658 | Val Loss: 0.508285
Epoch 10/20 | Steps: 1284 | LR: 0.000100 | Train Loss: 0.331188 | Val Loss: 0.470311
   -> Updated best validation state: val_loss=0.470311 at epoch 10
Epoch 11/20 | Steps: 1284 | LR: 0.000100 | Train Loss: 0.327831 | Val Loss: 0.501698
Epoch 12/20 | Steps: 1284 | LR: 0.000100 | Train Loss: 0.325157 | Val Loss: 0.462983
   -> Updated best validation state: val_loss=0.462983 at epoch 12
Epoch 13/20 | Steps: 1284 | LR: 0.000100 | Train Loss: 0.322540 | Val Loss: 0.473486
Epoch 14/20 | Steps: 1284 | LR: 0.000100 | Train Loss: 0.320287 | Val Loss: 0.465672
Epoch 15/20 | Steps: 1284 | LR: 0.000100 | Train Loss: 0.318551 | Val Loss: 0.471611
Epoch 16/20 | Steps: 1284 | LR: 0.000100 | Train Loss: 0.316211 | Val Loss: 0.452925
   -> Updated best validation state: val_loss=0.452925 at epoch 16
Epoch 17/20 | Steps: 1284 | LR: 0.000100 | Train Loss: 0.314227 | Val Loss: 0.482395
Epoch 18/20 | Steps: 1284 | LR: 0.000100 | Train Loss: 0.313450 | Val Loss: 0.515196
Epoch 19/20 | Steps: 1284 | LR: 0.000100 | Train Loss: 0.311579 | Val Loss: 0.478728
Epoch 20/20 | Steps: 1284 | LR: 0.000100 | Train Loss: 0.310206 | Val Loss: 0.449378
   -> Updated best validation state: val_loss=0.449378 at epoch 20
{'test_mse': 0.5130928754806519, 'test_mae': 0.5145805478096008}
==================================================
🚀 Architecture: LAYA
📊 Target Dataset: ETTm1 (Channels: 7)
📊 Pretrain Info: tsld (Detected Channels: 7)
📊 Prediction Length: 336
==================================================
✅ Loaded pretrained encoder from ./checkpoints/tsld_laya_mixer_text/laya_ts_tsld_s_latest.pt
   - 51/51 keys matched.
ℹ️ Channel Adapter: disabled
✅ Probing Head [Mixer]: [B, 4096] -> [B, 7, 336]
Epoch 1/20 | Steps: 1280 | LR: 0.000100 | Train Loss: 0.546334 | Val Loss: 0.602133
   -> Updated best validation state: val_loss=0.602133 at epoch 1
Epoch 2/20 | Steps: 1280 | LR: 0.000100 | Train Loss: 0.448888 | Val Loss: 0.606242
Epoch 3/20 | Steps: 1280 | LR: 0.000100 | Train Loss: 0.420121 | Val Loss: 0.568024
   -> Updated best validation state: val_loss=0.568024 at epoch 3
Epoch 4/20 | Steps: 1280 | LR: 0.000100 | Train Loss: 0.403675 | Val Loss: 0.542430
   -> Updated best validation state: val_loss=0.542430 at epoch 4
Epoch 5/20 | Steps: 1280 | LR: 0.000100 | Train Loss: 0.392391 | Val Loss: 0.590400
Epoch 6/20 | Steps: 1280 | LR: 0.000100 | Train Loss: 0.385059 | Val Loss: 0.591336
Epoch 7/20 | Steps: 1280 | LR: 0.000100 | Train Loss: 0.379073 | Val Loss: 0.577329
Epoch 8/20 | Steps: 1280 | LR: 0.000100 | Train Loss: 0.373879 | Val Loss: 0.573333
Epoch 9/20 | Steps: 1280 | LR: 0.000100 | Train Loss: 0.369696 | Val Loss: 0.588471
Epoch 10/20 | Steps: 1280 | LR: 0.000100 | Train Loss: 0.366385 | Val Loss: 0.577096
Epoch 11/20 | Steps: 1280 | LR: 0.000100 | Train Loss: 0.362603 | Val Loss: 0.565165
Epoch 12/20 | Steps: 1280 | LR: 0.000100 | Train Loss: 0.359874 | Val Loss: 0.533789
   -> Updated best validation state: val_loss=0.533789 at epoch 12
Epoch 13/20 | Steps: 1280 | LR: 0.000100 | Train Loss: 0.357877 | Val Loss: 0.556910
Epoch 14/20 | Steps: 1280 | LR: 0.000100 | Train Loss: 0.355553 | Val Loss: 0.541628
Epoch 15/20 | Steps: 1280 | LR: 0.000100 | Train Loss: 0.353647 | Val Loss: 0.560139
Epoch 16/20 | Steps: 1280 | LR: 0.000100 | Train Loss: 0.351795 | Val Loss: 0.561647
Epoch 17/20 | Steps: 1280 | LR: 0.000100 | Train Loss: 0.350150 | Val Loss: 0.548460
Epoch 18/20 | Steps: 1280 | LR: 0.000100 | Train Loss: 0.348409 | Val Loss: 0.538005
Epoch 19/20 | Steps: 1280 | LR: 0.000100 | Train Loss: 0.346962 | Val Loss: 0.527390
   -> Updated best validation state: val_loss=0.527390 at epoch 19
Epoch 20/20 | Steps: 1280 | LR: 0.000100 | Train Loss: 0.345722 | Val Loss: 0.544997
{'test_mse': 0.5736045837402344, 'test_mae': 0.5506396293640137}
==================================================
🚀 Architecture: LAYA
📊 Target Dataset: ETTm1 (Channels: 7)
📊 Pretrain Info: tsld (Detected Channels: 7)
📊 Prediction Length: 720
==================================================
✅ Loaded pretrained encoder from ./checkpoints/tsld_laya_mixer_text/laya_ts_tsld_s_latest.pt
   - 51/51 keys matched.
ℹ️ Channel Adapter: disabled
✅ Probing Head [Mixer]: [B, 4096] -> [B, 7, 720]
Epoch 1/20 | Steps: 1268 | LR: 0.000100 | Train Loss: 0.587580 | Val Loss: 0.731052
   -> Updated best validation state: val_loss=0.731052 at epoch 1
Epoch 2/20 | Steps: 1268 | LR: 0.000100 | Train Loss: 0.496773 | Val Loss: 0.753523
Epoch 3/20 | Steps: 1268 | LR: 0.000100 | Train Loss: 0.469531 | Val Loss: 0.731929
Epoch 4/20 | Steps: 1268 | LR: 0.000100 | Train Loss: 0.453708 | Val Loss: 0.750341
Epoch 5/20 | Steps: 1268 | LR: 0.000100 | Train Loss: 0.443270 | Val Loss: 0.805277
Epoch 6/20 | Steps: 1268 | LR: 0.000100 | Train Loss: 0.435067 | Val Loss: 0.721570
   -> Updated best validation state: val_loss=0.721570 at epoch 6
Epoch 7/20 | Steps: 1268 | LR: 0.000100 | Train Loss: 0.428286 | Val Loss: 0.730191
Epoch 8/20 | Steps: 1268 | LR: 0.000100 | Train Loss: 0.423326 | Val Loss: 0.717445
   -> Updated best validation state: val_loss=0.717445 at epoch 8
Epoch 9/20 | Steps: 1268 | LR: 0.000100 | Train Loss: 0.419277 | Val Loss: 0.777107
Epoch 10/20 | Steps: 1268 | LR: 0.000100 | Train Loss: 0.414960 | Val Loss: 0.708265
   -> Updated best validation state: val_loss=0.708265 at epoch 10
Epoch 11/20 | Steps: 1268 | LR: 0.000100 | Train Loss: 0.412336 | Val Loss: 0.699880
   -> Updated best validation state: val_loss=0.699880 at epoch 11
Epoch 12/20 | Steps: 1268 | LR: 0.000100 | Train Loss: 0.409656 | Val Loss: 0.725697
Epoch 13/20 | Steps: 1268 | LR: 0.000100 | Train Loss: 0.407076 | Val Loss: 0.751251
Epoch 14/20 | Steps: 1268 | LR: 0.000100 | Train Loss: 0.404353 | Val Loss: 0.735299
Epoch 15/20 | Steps: 1268 | LR: 0.000100 | Train Loss: 0.402402 | Val Loss: 0.731342
Epoch 16/20 | Steps: 1268 | LR: 0.000100 | Train Loss: 0.400443 | Val Loss: 0.651411
   -> Updated best validation state: val_loss=0.651411 at epoch 16
Epoch 17/20 | Steps: 1268 | LR: 0.000100 | Train Loss: 0.398945 | Val Loss: 0.744118
Epoch 18/20 | Steps: 1268 | LR: 0.000100 | Train Loss: 0.396684 | Val Loss: 0.765081
Epoch 19/20 | Steps: 1268 | LR: 0.000100 | Train Loss: 0.395702 | Val Loss: 0.776363
Epoch 20/20 | Steps: 1268 | LR: 0.000100 | Train Loss: 0.393852 | Val Loss: 0.768121
{'test_mse': 0.6873641610145569, 'test_mae': 0.6098966598510742}
==================================================
🚀 Architecture: LAYA
📊 Target Dataset: ETTm2 (Channels: 7)
📊 Pretrain Info: tsld (Detected Channels: 7)
📊 Prediction Length: 96
==================================================
✅ Loaded pretrained encoder from ./checkpoints/tsld_laya_mixer_text/laya_ts_tsld_s_latest.pt
   - 51/51 keys matched.
ℹ️ Channel Adapter: disabled
✅ Probing Head [Mixer]: [B, 4096] -> [B, 7, 96]
Epoch 1/20 | Steps: 1287 | LR: 0.000100 | Train Loss: 0.396086 | Val Loss: 1.230943
   -> Updated best validation state: val_loss=1.230943 at epoch 1
Epoch 2/20 | Steps: 1287 | LR: 0.000100 | Train Loss: 0.299092 | Val Loss: 1.376242
Epoch 3/20 | Steps: 1287 | LR: 0.000100 | Train Loss: 0.272074 | Val Loss: 1.424202
Epoch 4/20 | Steps: 1287 | LR: 0.000100 | Train Loss: 0.257408 | Val Loss: 1.392119
Epoch 5/20 | Steps: 1287 | LR: 0.000100 | Train Loss: 0.247245 | Val Loss: 1.432181
Epoch 6/20 | Steps: 1287 | LR: 0.000100 | Train Loss: 0.240601 | Val Loss: 1.425002
Epoch 7/20 | Steps: 1287 | LR: 0.000100 | Train Loss: 0.234549 | Val Loss: 1.666967
Epoch 8/20 | Steps: 1287 | LR: 0.000100 | Train Loss: 0.230551 | Val Loss: 1.639910
Epoch 9/20 | Steps: 1287 | LR: 0.000100 | Train Loss: 0.226675 | Val Loss: 1.621321
Epoch 10/20 | Steps: 1287 | LR: 0.000100 | Train Loss: 0.223218 | Val Loss: 1.561732
Epoch 11/20 | Steps: 1287 | LR: 0.000100 | Train Loss: 0.220787 | Val Loss: 1.675122
Epoch 12/20 | Steps: 1287 | LR: 0.000100 | Train Loss: 0.218522 | Val Loss: 1.519374
Epoch 13/20 | Steps: 1287 | LR: 0.000100 | Train Loss: 0.216430 | Val Loss: 1.621756
Epoch 14/20 | Steps: 1287 | LR: 0.000100 | Train Loss: 0.214870 | Val Loss: 1.684347
Epoch 15/20 | Steps: 1287 | LR: 0.000100 | Train Loss: 0.213532 | Val Loss: 1.480061
Epoch 16/20 | Steps: 1287 | LR: 0.000100 | Train Loss: 0.211398 | Val Loss: 1.635788
Epoch 17/20 | Steps: 1287 | LR: 0.000100 | Train Loss: 0.209713 | Val Loss: 1.533861
Epoch 18/20 | Steps: 1287 | LR: 0.000100 | Train Loss: 0.208705 | Val Loss: 1.754534
Epoch 19/20 | Steps: 1287 | LR: 0.000100 | Train Loss: 0.207178 | Val Loss: 1.531592
Epoch 20/20 | Steps: 1287 | LR: 0.000100 | Train Loss: 0.205822 | Val Loss: 1.499575
{'test_mse': 0.45421460270881653, 'test_mae': 0.4766179025173187}
==================================================
🚀 Architecture: LAYA
📊 Target Dataset: ETTm2 (Channels: 7)
📊 Pretrain Info: tsld (Detected Channels: 7)
📊 Prediction Length: 192
==================================================
✅ Loaded pretrained encoder from ./checkpoints/tsld_laya_mixer_text/laya_ts_tsld_s_latest.pt
   - 51/51 keys matched.
ℹ️ Channel Adapter: disabled
✅ Probing Head [Mixer]: [B, 4096] -> [B, 7, 192]
Epoch 1/20 | Steps: 1284 | LR: 0.000100 | Train Loss: 0.710579 | Val Loss: 3.743233
   -> Updated best validation state: val_loss=3.743233 at epoch 1
Epoch 2/20 | Steps: 1284 | LR: 0.000100 | Train Loss: 0.641006 | Val Loss: 3.321220
   -> Updated best validation state: val_loss=3.321220 at epoch 2
Epoch 3/20 | Steps: 1284 | LR: 0.000100 | Train Loss: 0.613715 | Val Loss: 3.480552
Epoch 4/20 | Steps: 1284 | LR: 0.000100 | Train Loss: 0.593842 | Val Loss: 4.138451
Epoch 5/20 | Steps: 1284 | LR: 0.000100 | Train Loss: 0.578302 | Val Loss: 4.075289
Epoch 6/20 | Steps: 1284 | LR: 0.000100 | Train Loss: 0.564508 | Val Loss: 3.496153
Epoch 7/20 | Steps: 1284 | LR: 0.000100 | Train Loss: 0.553314 | Val Loss: 4.274996
Epoch 8/20 | Steps: 1284 | LR: 0.000100 | Train Loss: 0.543582 | Val Loss: 3.805050
Epoch 9/20 | Steps: 1284 | LR: 0.000100 | Train Loss: 0.535850 | Val Loss: 4.114328
Epoch 10/20 | Steps: 1284 | LR: 0.000100 | Train Loss: 0.528041 | Val Loss: 4.191845
Epoch 11/20 | Steps: 1284 | LR: 0.000100 | Train Loss: 0.521929 | Val Loss: 3.949970
Epoch 12/20 | Steps: 1284 | LR: 0.000100 | Train Loss: 0.515272 | Val Loss: 4.974537
Epoch 13/20 | Steps: 1284 | LR: 0.000100 | Train Loss: 0.510877 | Val Loss: 3.885248
Epoch 14/20 | Steps: 1284 | LR: 0.000100 | Train Loss: 0.506215 | Val Loss: 4.062775
Epoch 15/20 | Steps: 1284 | LR: 0.000100 | Train Loss: 0.501529 | Val Loss: 4.375025
Epoch 16/20 | Steps: 1284 | LR: 0.000100 | Train Loss: 0.498004 | Val Loss: 4.211726
Epoch 17/20 | Steps: 1284 | LR: 0.000100 | Train Loss: 0.493841 | Val Loss: 4.272160
Epoch 18/20 | Steps: 1284 | LR: 0.000100 | Train Loss: 0.492045 | Val Loss: 4.468873
Epoch 19/20 | Steps: 1284 | LR: 0.000100 | Train Loss: 0.487761 | Val Loss: 4.635476
Epoch 20/20 | Steps: 1284 | LR: 0.000100 | Train Loss: 0.486186 | Val Loss: 4.868919
{'test_mse': 1.6772757768630981, 'test_mae': 1.0470306873321533}
==================================================
🚀 Architecture: LAYA
📊 Target Dataset: ETTm2 (Channels: 7)
📊 Pretrain Info: tsld (Detected Channels: 7)
📊 Prediction Length: 336
==================================================
✅ Loaded pretrained encoder from ./checkpoints/tsld_laya_mixer_text/laya_ts_tsld_s_latest.pt
   - 51/51 keys matched.
ℹ️ Channel Adapter: disabled
✅ Probing Head [Mixer]: [B, 4096] -> [B, 7, 336]
Epoch 1/20 | Steps: 1280 | LR: 0.000100 | Train Loss: 0.473632 | Val Loss: 2.583850
   -> Updated best validation state: val_loss=2.583850 at epoch 1
Epoch 2/20 | Steps: 1280 | LR: 0.000100 | Train Loss: 0.368929 | Val Loss: 3.448790
Epoch 3/20 | Steps: 1280 | LR: 0.000100 | Train Loss: 0.345101 | Val Loss: 4.383177
Epoch 4/20 | Steps: 1280 | LR: 0.000100 | Train Loss: 0.331257 | Val Loss: 4.788733
Epoch 5/20 | Steps: 1280 | LR: 0.000100 | Train Loss: 0.322800 | Val Loss: 4.976303
Epoch 6/20 | Steps: 1280 | LR: 0.000100 | Train Loss: 0.316497 | Val Loss: 5.036402
Epoch 7/20 | Steps: 1280 | LR: 0.000100 | Train Loss: 0.310541 | Val Loss: 5.403948
Epoch 8/20 | Steps: 1280 | LR: 0.000100 | Train Loss: 0.305288 | Val Loss: 5.325074
Epoch 9/20 | Steps: 1280 | LR: 0.000100 | Train Loss: 0.301553 | Val Loss: 5.598160
Epoch 10/20 | Steps: 1280 | LR: 0.000100 | Train Loss: 0.297607 | Val Loss: 5.520031
Epoch 11/20 | Steps: 1280 | LR: 0.000100 | Train Loss: 0.294345 | Val Loss: 5.868664
Epoch 12/20 | Steps: 1280 | LR: 0.000100 | Train Loss: 0.291190 | Val Loss: 5.607156
Epoch 13/20 | Steps: 1280 | LR: 0.000100 | Train Loss: 0.288562 | Val Loss: 5.465196
Epoch 14/20 | Steps: 1280 | LR: 0.000100 | Train Loss: 0.285670 | Val Loss: 6.005709
Epoch 15/20 | Steps: 1280 | LR: 0.000100 | Train Loss: 0.283714 | Val Loss: 5.787692
Epoch 16/20 | Steps: 1280 | LR: 0.000100 | Train Loss: 0.281517 | Val Loss: 5.985096
Epoch 17/20 | Steps: 1280 | LR: 0.000100 | Train Loss: 0.279325 | Val Loss: 5.539469
Epoch 18/20 | Steps: 1280 | LR: 0.000100 | Train Loss: 0.277706 | Val Loss: 6.343546
Epoch 19/20 | Steps: 1280 | LR: 0.000100 | Train Loss: 0.276058 | Val Loss: 5.573786
Epoch 20/20 | Steps: 1280 | LR: 0.000100 | Train Loss: 0.274298 | Val Loss: 5.906121
{'test_mse': 0.6947668194770813, 'test_mae': 0.5912997722625732}
==================================================
🚀 Architecture: LAYA
📊 Target Dataset: ETTm2 (Channels: 7)
📊 Pretrain Info: tsld (Detected Channels: 7)
📊 Prediction Length: 720
==================================================
✅ Loaded pretrained encoder from ./checkpoints/tsld_laya_mixer_text/laya_ts_tsld_s_latest.pt
   - 51/51 keys matched.
ℹ️ Channel Adapter: disabled
✅ Probing Head [Mixer]: [B, 4096] -> [B, 7, 720]
Epoch 1/20 | Steps: 1268 | LR: 0.000100 | Train Loss: 0.551105 | Val Loss: 1.845699
   -> Updated best validation state: val_loss=1.845699 at epoch 1
Epoch 2/20 | Steps: 1268 | LR: 0.000100 | Train Loss: 0.438355 | Val Loss: 1.705851
   -> Updated best validation state: val_loss=1.705851 at epoch 2
Epoch 3/20 | Steps: 1268 | LR: 0.000100 | Train Loss: 0.412936 | Val Loss: 1.808433
Epoch 4/20 | Steps: 1268 | LR: 0.000100 | Train Loss: 0.397817 | Val Loss: 1.886959
Epoch 5/20 | Steps: 1268 | LR: 0.000100 | Train Loss: 0.386207 | Val Loss: 2.071379
Epoch 6/20 | Steps: 1268 | LR: 0.000100 | Train Loss: 0.377461 | Val Loss: 2.023817
Epoch 7/20 | Steps: 1268 | LR: 0.000100 | Train Loss: 0.370157 | Val Loss: 2.140710
Epoch 8/20 | Steps: 1268 | LR: 0.000100 | Train Loss: 0.364282 | Val Loss: 2.461885
Epoch 9/20 | Steps: 1268 | LR: 0.000100 | Train Loss: 0.359908 | Val Loss: 2.407314
Epoch 10/20 | Steps: 1268 | LR: 0.000100 | Train Loss: 0.354891 | Val Loss: 2.438007
Epoch 11/20 | Steps: 1268 | LR: 0.000100 | Train Loss: 0.351018 | Val Loss: 2.459303
Epoch 12/20 | Steps: 1268 | LR: 0.000100 | Train Loss: 0.347214 | Val Loss: 2.778253
Epoch 13/20 | Steps: 1268 | LR: 0.000100 | Train Loss: 0.344292 | Val Loss: 2.710483
Epoch 14/20 | Steps: 1268 | LR: 0.000100 | Train Loss: 0.342047 | Val Loss: 2.750653
Epoch 15/20 | Steps: 1268 | LR: 0.000100 | Train Loss: 0.339083 | Val Loss: 2.924317
Epoch 16/20 | Steps: 1268 | LR: 0.000100 | Train Loss: 0.336957 | Val Loss: 2.702383
Epoch 17/20 | Steps: 1268 | LR: 0.000100 | Train Loss: 0.335212 | Val Loss: 3.031942
Epoch 18/20 | Steps: 1268 | LR: 0.000100 | Train Loss: 0.332721 | Val Loss: 2.950017
Epoch 19/20 | Steps: 1268 | LR: 0.000100 | Train Loss: 0.331133 | Val Loss: 3.118058
Epoch 20/20 | Steps: 1268 | LR: 0.000100 | Train Loss: 0.329015 | Val Loss: 3.155883
{'test_mse': 0.6475679278373718, 'test_mae': 0.5983591675758362}
==================================================
🚀 Architecture: LAYA
📊 Target Dataset: weather (Channels: 21)
📊 Pretrain Info: tsld (Detected Channels: 21)
📊 Prediction Length: 96
==================================================
✅ Loaded pretrained encoder from ./checkpoints/tsld_laya_mixer_text/laya_ts_tsld_s_latest.pt
   - 51/51 keys matched.
ℹ️ Channel Adapter: disabled
✅ Probing Head [Mixer]: [B, 4096] -> [B, 21, 96]
Epoch 1/20 | Steps: 1133 | LR: 0.000100 | Train Loss: 0.536276 | Val Loss: 0.650740
   -> Updated best validation state: val_loss=0.650740 at epoch 1
Epoch 2/20 | Steps: 1133 | LR: 0.000100 | Train Loss: 0.446042 | Val Loss: 0.647646
   -> Updated best validation state: val_loss=0.647646 at epoch 2
Epoch 3/20 | Steps: 1133 | LR: 0.000100 | Train Loss: 0.420772 | Val Loss: 0.594551
   -> Updated best validation state: val_loss=0.594551 at epoch 3
Epoch 4/20 | Steps: 1133 | LR: 0.000100 | Train Loss: 0.404785 | Val Loss: 0.589764
   -> Updated best validation state: val_loss=0.589764 at epoch 4
Epoch 5/20 | Steps: 1133 | LR: 0.000100 | Train Loss: 0.394266 | Val Loss: 0.580758
   -> Updated best validation state: val_loss=0.580758 at epoch 5
Epoch 6/20 | Steps: 1133 | LR: 0.000100 | Train Loss: 0.385471 | Val Loss: 0.553155
   -> Updated best validation state: val_loss=0.553155 at epoch 6
Epoch 7/20 | Steps: 1133 | LR: 0.000100 | Train Loss: 0.379160 | Val Loss: 0.571311
Epoch 8/20 | Steps: 1133 | LR: 0.000100 | Train Loss: 0.373307 | Val Loss: 0.580492
Epoch 9/20 | Steps: 1133 | LR: 0.000100 | Train Loss: 0.368301 | Val Loss: 0.545790
   -> Updated best validation state: val_loss=0.545790 at epoch 9
Epoch 10/20 | Steps: 1133 | LR: 0.000100 | Train Loss: 0.364749 | Val Loss: 0.561302
Epoch 11/20 | Steps: 1133 | LR: 0.000100 | Train Loss: 0.360955 | Val Loss: 0.553940
Epoch 12/20 | Steps: 1133 | LR: 0.000100 | Train Loss: 0.357217 | Val Loss: 0.555431
Epoch 13/20 | Steps: 1133 | LR: 0.000100 | Train Loss: 0.354842 | Val Loss: 0.547797
Epoch 14/20 | Steps: 1133 | LR: 0.000100 | Train Loss: 0.352058 | Val Loss: 0.548771
Epoch 15/20 | Steps: 1133 | LR: 0.000100 | Train Loss: 0.350252 | Val Loss: 0.546190
Epoch 16/20 | Steps: 1133 | LR: 0.000100 | Train Loss: 0.347638 | Val Loss: 0.532819
   -> Updated best validation state: val_loss=0.532819 at epoch 16
Epoch 17/20 | Steps: 1133 | LR: 0.000100 | Train Loss: 0.345651 | Val Loss: 0.559977
Epoch 18/20 | Steps: 1133 | LR: 0.000100 | Train Loss: 0.343719 | Val Loss: 0.543355
Epoch 19/20 | Steps: 1133 | LR: 0.000100 | Train Loss: 0.342502 | Val Loss: 0.551476
Epoch 20/20 | Steps: 1133 | LR: 0.000100 | Train Loss: 0.340654 | Val Loss: 0.535542
{'test_mse': 0.31177234649658203, 'test_mae': 0.3848269283771515}
==================================================
🚀 Architecture: LAYA
📊 Target Dataset: weather (Channels: 21)
📊 Pretrain Info: tsld (Detected Channels: 21)
📊 Prediction Length: 192
==================================================
✅ Loaded pretrained encoder from ./checkpoints/tsld_laya_mixer_text/laya_ts_tsld_s_latest.pt
   - 51/51 keys matched.
ℹ️ Channel Adapter: disabled
✅ Probing Head [Mixer]: [B, 4096] -> [B, 21, 192]
Epoch 1/20 | Steps: 1130 | LR: 0.000100 | Train Loss: 0.549238 | Val Loss: 0.637363
   -> Updated best validation state: val_loss=0.637363 at epoch 1
Epoch 2/20 | Steps: 1130 | LR: 0.000100 | Train Loss: 0.457373 | Val Loss: 0.613023
   -> Updated best validation state: val_loss=0.613023 at epoch 2
Epoch 3/20 | Steps: 1130 | LR: 0.000100 | Train Loss: 0.436265 | Val Loss: 0.614023
Epoch 4/20 | Steps: 1130 | LR: 0.000100 | Train Loss: 0.423593 | Val Loss: 0.623299
Epoch 5/20 | Steps: 1130 | LR: 0.000100 | Train Loss: 0.415191 | Val Loss: 0.612087
   -> Updated best validation state: val_loss=0.612087 at epoch 5
Epoch 6/20 | Steps: 1130 | LR: 0.000100 | Train Loss: 0.408523 | Val Loss: 0.610074
   -> Updated best validation state: val_loss=0.610074 at epoch 6
Epoch 7/20 | Steps: 1130 | LR: 0.000100 | Train Loss: 0.404001 | Val Loss: 0.608359
   -> Updated best validation state: val_loss=0.608359 at epoch 7
Epoch 8/20 | Steps: 1130 | LR: 0.000100 | Train Loss: 0.398562 | Val Loss: 0.609483
Epoch 9/20 | Steps: 1130 | LR: 0.000100 | Train Loss: 0.395621 | Val Loss: 0.592511
   -> Updated best validation state: val_loss=0.592511 at epoch 9
Epoch 10/20 | Steps: 1130 | LR: 0.000100 | Train Loss: 0.391948 | Val Loss: 0.605615
Epoch 11/20 | Steps: 1130 | LR: 0.000100 | Train Loss: 0.388534 | Val Loss: 0.594724
Epoch 12/20 | Steps: 1130 | LR: 0.000100 | Train Loss: 0.386552 | Val Loss: 0.599836
Epoch 13/20 | Steps: 1130 | LR: 0.000100 | Train Loss: 0.384103 | Val Loss: 0.605644
Epoch 14/20 | Steps: 1130 | LR: 0.000100 | Train Loss: 0.381786 | Val Loss: 0.608917
Epoch 15/20 | Steps: 1130 | LR: 0.000100 | Train Loss: 0.379680 | Val Loss: 0.595398
Epoch 16/20 | Steps: 1130 | LR: 0.000100 | Train Loss: 0.378367 | Val Loss: 0.601555
Epoch 17/20 | Steps: 1130 | LR: 0.000100 | Train Loss: 0.376017 | Val Loss: 0.602628
Epoch 18/20 | Steps: 1130 | LR: 0.000100 | Train Loss: 0.374509 | Val Loss: 0.585718
   -> Updated best validation state: val_loss=0.585718 at epoch 18
Epoch 19/20 | Steps: 1130 | LR: 0.000100 | Train Loss: 0.372893 | Val Loss: 0.589397
Epoch 20/20 | Steps: 1130 | LR: 0.000100 | Train Loss: 0.372170 | Val Loss: 0.591026
{'test_mse': 0.3461422026157379, 'test_mae': 0.4020439684391022}
==================================================
🚀 Architecture: LAYA
📊 Target Dataset: weather (Channels: 21)
📊 Pretrain Info: tsld (Detected Channels: 21)
📊 Prediction Length: 336
==================================================
✅ Loaded pretrained encoder from ./checkpoints/tsld_laya_mixer_text/laya_ts_tsld_s_latest.pt
   - 51/51 keys matched.
ℹ️ Channel Adapter: disabled
✅ Probing Head [Mixer]: [B, 4096] -> [B, 21, 336]
Epoch 1/20 | Steps: 1126 | LR: 0.000100 | Train Loss: 0.571330 | Val Loss: 0.691084
   -> Updated best validation state: val_loss=0.691084 at epoch 1
Epoch 2/20 | Steps: 1126 | LR: 0.000100 | Train Loss: 0.482365 | Val Loss: 0.667328
   -> Updated best validation state: val_loss=0.667328 at epoch 2
Epoch 3/20 | Steps: 1126 | LR: 0.000100 | Train Loss: 0.463287 | Val Loss: 0.651203
   -> Updated best validation state: val_loss=0.651203 at epoch 3
Epoch 4/20 | Steps: 1126 | LR: 0.000100 | Train Loss: 0.450701 | Val Loss: 0.641009
   -> Updated best validation state: val_loss=0.641009 at epoch 4
Epoch 5/20 | Steps: 1126 | LR: 0.000100 | Train Loss: 0.442902 | Val Loss: 0.654626
Epoch 6/20 | Steps: 1126 | LR: 0.000100 | Train Loss: 0.436727 | Val Loss: 0.661275
Epoch 7/20 | Steps: 1126 | LR: 0.000100 | Train Loss: 0.431563 | Val Loss: 0.651834
Epoch 8/20 | Steps: 1126 | LR: 0.000100 | Train Loss: 0.427545 | Val Loss: 0.638720
   -> Updated best validation state: val_loss=0.638720 at epoch 8
Epoch 9/20 | Steps: 1126 | LR: 0.000100 | Train Loss: 0.423713 | Val Loss: 0.648337
Epoch 10/20 | Steps: 1126 | LR: 0.000100 | Train Loss: 0.420431 | Val Loss: 0.653304
Epoch 11/20 | Steps: 1126 | LR: 0.000100 | Train Loss: 0.417718 | Val Loss: 0.666413
Epoch 12/20 | Steps: 1126 | LR: 0.000100 | Train Loss: 0.414268 | Val Loss: 0.646164
Epoch 13/20 | Steps: 1126 | LR: 0.000100 | Train Loss: 0.412560 | Val Loss: 0.661927
Epoch 14/20 | Steps: 1126 | LR: 0.000100 | Train Loss: 0.410513 | Val Loss: 0.673325
Epoch 15/20 | Steps: 1126 | LR: 0.000100 | Train Loss: 0.407942 | Val Loss: 0.680829
Epoch 16/20 | Steps: 1126 | LR: 0.000100 | Train Loss: 0.406343 | Val Loss: 0.642060
Epoch 17/20 | Steps: 1126 | LR: 0.000100 | Train Loss: 0.404609 | Val Loss: 0.651564
Epoch 18/20 | Steps: 1126 | LR: 0.000100 | Train Loss: 0.402556 | Val Loss: 0.673673
Epoch 19/20 | Steps: 1126 | LR: 0.000100 | Train Loss: 0.400970 | Val Loss: 0.654488
Epoch 20/20 | Steps: 1126 | LR: 0.000100 | Train Loss: 0.400334 | Val Loss: 0.645727
{'test_mse': 0.3961167633533478, 'test_mae': 0.4328112304210663}
==================================================
🚀 Architecture: LAYA
📊 Target Dataset: weather (Channels: 21)
📊 Pretrain Info: tsld (Detected Channels: 21)
📊 Prediction Length: 720
==================================================
✅ Loaded pretrained encoder from ./checkpoints/tsld_laya_mixer_text/laya_ts_tsld_s_latest.pt
   - 51/51 keys matched.
ℹ️ Channel Adapter: disabled
✅ Probing Head [Mixer]: [B, 4096] -> [B, 21, 720]
Epoch 1/20 | Steps: 1114 | LR: 0.000100 | Train Loss: 0.595100 | Val Loss: 0.722047
   -> Updated best validation state: val_loss=0.722047 at epoch 1
Epoch 2/20 | Steps: 1114 | LR: 0.000100 | Train Loss: 0.512491 | Val Loss: 0.695448
   -> Updated best validation state: val_loss=0.695448 at epoch 2
Epoch 3/20 | Steps: 1114 | LR: 0.000100 | Train Loss: 0.493244 | Val Loss: 0.708120
Epoch 4/20 | Steps: 1114 | LR: 0.000100 | Train Loss: 0.482529 | Val Loss: 0.740048
Epoch 5/20 | Steps: 1114 | LR: 0.000100 | Train Loss: 0.475080 | Val Loss: 0.739046
Epoch 6/20 | Steps: 1114 | LR: 0.000100 | Train Loss: 0.469361 | Val Loss: 0.711535
Epoch 7/20 | Steps: 1114 | LR: 0.000100 | Train Loss: 0.464142 | Val Loss: 0.714359
Epoch 8/20 | Steps: 1114 | LR: 0.000100 | Train Loss: 0.460002 | Val Loss: 0.698929
Epoch 9/20 | Steps: 1114 | LR: 0.000100 | Train Loss: 0.456270 | Val Loss: 0.716523
Epoch 10/20 | Steps: 1114 | LR: 0.000100 | Train Loss: 0.453198 | Val Loss: 0.735115
Epoch 11/20 | Steps: 1114 | LR: 0.000100 | Train Loss: 0.450293 | Val Loss: 0.711332
Epoch 12/20 | Steps: 1114 | LR: 0.000100 | Train Loss: 0.447828 | Val Loss: 0.703854
Epoch 13/20 | Steps: 1114 | LR: 0.000100 | Train Loss: 0.445065 | Val Loss: 0.725858
Epoch 14/20 | Steps: 1114 | LR: 0.000100 | Train Loss: 0.443272 | Val Loss: 0.725464
Epoch 15/20 | Steps: 1114 | LR: 0.000100 | Train Loss: 0.440404 | Val Loss: 0.712913
Epoch 16/20 | Steps: 1114 | LR: 0.000100 | Train Loss: 0.438912 | Val Loss: 0.736095
Epoch 17/20 | Steps: 1114 | LR: 0.000100 | Train Loss: 0.437110 | Val Loss: 0.722402
Epoch 18/20 | Steps: 1114 | LR: 0.000100 | Train Loss: 0.435238 | Val Loss: 0.713550
Epoch 19/20 | Steps: 1114 | LR: 0.000100 | Train Loss: 0.433950 | Val Loss: 0.728190
Epoch 20/20 | Steps: 1114 | LR: 0.000100 | Train Loss: 0.431947 | Val Loss: 0.714053
{'test_mse': 0.4558260142803192, 'test_mae': 0.4770013391971588}
