nohup: ignoring input
Text metadata preview | dataset=ETTm1 | domain=ETTm1 | channels=7
   - HUFL: In the ETTm1 domain, this channel belongs to the ETTm1 dataset and represents the feature HUFL.
   - HULL: In the ETTm1 domain, this channel belongs to the ETTm1 dataset and represents the feature HULL.
   - ... (5 more channel descriptions)
==================================================
🚀 Architecture: LAYA
📊 Target Dataset: ETTm1 (Channels: 7)
📊 Pretrain Info: electricity (Detected Channels: 7)
📊 Prediction Length: 96
==================================================
✅ Loaded pretrained encoder from ./checkpoints/electricity_laya_mixer_text/laya_ts_electricity_s_best.pt
   - 59/59 keys matched.
ℹ️ Channel Adapter: disabled
📝 metadata: mode=text, fusion=add, relation=none
ℹ️ Metadata Fusion Mode: add
ℹ️ Channel Mixer Relation Mode: none
ℹ️ Encoder Variant: default
ℹ️ Channel Relation Block: disabled
✅ Probing Head [Mixer, channel-wise]: [B*C, 1024] -> [B, 7, 96]
Epoch 1/20 | Steps: 1287 | LR: 0.000100 | Train Loss: 0.499941 | Val Loss: 0.421760
   -> Updated best validation state: val_loss=0.421760 at epoch 1
Epoch 2/20 | Steps: 1287 | LR: 0.000100 | Train Loss: 0.435347 | Val Loss: 0.399259
   -> Updated best validation state: val_loss=0.399259 at epoch 2
Epoch 3/20 | Steps: 1287 | LR: 0.000100 | Train Loss: 0.426647 | Val Loss: 0.396308
   -> Updated best validation state: val_loss=0.396308 at epoch 3
Epoch 4/20 | Steps: 1287 | LR: 0.000100 | Train Loss: 0.422826 | Val Loss: 0.391167
   -> Updated best validation state: val_loss=0.391167 at epoch 4
Epoch 5/20 | Steps: 1287 | LR: 0.000100 | Train Loss: 0.420460 | Val Loss: 0.389505
   -> Updated best validation state: val_loss=0.389505 at epoch 5
Epoch 6/20 | Steps: 1287 | LR: 0.000100 | Train Loss: 0.418619 | Val Loss: 0.392972
Epoch 7/20 | Steps: 1287 | LR: 0.000100 | Train Loss: 0.417563 | Val Loss: 0.392439
Epoch 8/20 | Steps: 1287 | LR: 0.000100 | Train Loss: 0.417039 | Val Loss: 0.386508
   -> Updated best validation state: val_loss=0.386508 at epoch 8
Epoch 9/20 | Steps: 1287 | LR: 0.000100 | Train Loss: 0.415842 | Val Loss: 0.388287
Epoch 10/20 | Steps: 1287 | LR: 0.000100 | Train Loss: 0.415636 | Val Loss: 0.390635
Epoch 11/20 | Steps: 1287 | LR: 0.000100 | Train Loss: 0.415045 | Val Loss: 0.384397
   -> Updated best validation state: val_loss=0.384397 at epoch 11
Epoch 12/20 | Steps: 1287 | LR: 0.000100 | Train Loss: 0.414591 | Val Loss: 0.382441
   -> Updated best validation state: val_loss=0.382441 at epoch 12
Epoch 13/20 | Steps: 1287 | LR: 0.000100 | Train Loss: 0.414023 | Val Loss: 0.383838
Epoch 14/20 | Steps: 1287 | LR: 0.000100 | Train Loss: 0.413919 | Val Loss: 0.393953
Epoch 15/20 | Steps: 1287 | LR: 0.000100 | Train Loss: 0.413842 | Val Loss: 0.386967
Epoch 16/20 | Steps: 1287 | LR: 0.000100 | Train Loss: 0.413260 | Val Loss: 0.383617
Epoch 17/20 | Steps: 1287 | LR: 0.000100 | Train Loss: 0.413205 | Val Loss: 0.383265
Epoch 18/20 | Steps: 1287 | LR: 0.000100 | Train Loss: 0.413019 | Val Loss: 0.382740
Epoch 19/20 | Steps: 1287 | LR: 0.000100 | Train Loss: 0.412758 | Val Loss: 0.386193
Epoch 20/20 | Steps: 1287 | LR: 0.000100 | Train Loss: 0.412433 | Val Loss: 0.385513
{'test_mse': 0.488962322473526, 'test_mae': 0.5113429427146912}
Saved attention maps for 3 sample(s) under ./runs/forecasting_electricity_to_ETTm1_laya_mixer_text/pred_96/attention_maps
Text metadata preview | dataset=ETTm1 | domain=ETTm1 | channels=7
   - HUFL: In the ETTm1 domain, this channel belongs to the ETTm1 dataset and represents the feature HUFL.
   - HULL: In the ETTm1 domain, this channel belongs to the ETTm1 dataset and represents the feature HULL.
   - ... (5 more channel descriptions)
==================================================
🚀 Architecture: LAYA
📊 Target Dataset: ETTm1 (Channels: 7)
📊 Pretrain Info: electricity (Detected Channels: 7)
📊 Prediction Length: 192
==================================================
✅ Loaded pretrained encoder from ./checkpoints/electricity_laya_mixer_text/laya_ts_electricity_s_best.pt
   - 59/59 keys matched.
ℹ️ Channel Adapter: disabled
📝 metadata: mode=text, fusion=add, relation=none
ℹ️ Metadata Fusion Mode: add
ℹ️ Channel Mixer Relation Mode: none
ℹ️ Encoder Variant: default
ℹ️ Channel Relation Block: disabled
✅ Probing Head [Mixer, channel-wise]: [B*C, 1024] -> [B, 7, 192]
Epoch 1/20 | Steps: 1284 | LR: 0.000100 | Train Loss: 0.533976 | Val Loss: 0.452889
   -> Updated best validation state: val_loss=0.452889 at epoch 1
Epoch 2/20 | Steps: 1284 | LR: 0.000100 | Train Loss: 0.472219 | Val Loss: 0.434616
   -> Updated best validation state: val_loss=0.434616 at epoch 2
Epoch 3/20 | Steps: 1284 | LR: 0.000100 | Train Loss: 0.463985 | Val Loss: 0.434742
Epoch 4/20 | Steps: 1284 | LR: 0.000100 | Train Loss: 0.459986 | Val Loss: 0.428878
   -> Updated best validation state: val_loss=0.428878 at epoch 4
Epoch 5/20 | Steps: 1284 | LR: 0.000100 | Train Loss: 0.457826 | Val Loss: 0.427893
   -> Updated best validation state: val_loss=0.427893 at epoch 5
Epoch 6/20 | Steps: 1284 | LR: 0.000100 | Train Loss: 0.456083 | Val Loss: 0.423190
   -> Updated best validation state: val_loss=0.423190 at epoch 6
Epoch 7/20 | Steps: 1284 | LR: 0.000100 | Train Loss: 0.455062 | Val Loss: 0.424494
Epoch 8/20 | Steps: 1284 | LR: 0.000100 | Train Loss: 0.454231 | Val Loss: 0.426362
Epoch 9/20 | Steps: 1284 | LR: 0.000100 | Train Loss: 0.453396 | Val Loss: 0.421702
   -> Updated best validation state: val_loss=0.421702 at epoch 9
Epoch 10/20 | Steps: 1284 | LR: 0.000100 | Train Loss: 0.452611 | Val Loss: 0.425072
Epoch 11/20 | Steps: 1284 | LR: 0.000100 | Train Loss: 0.452359 | Val Loss: 0.426246
Epoch 12/20 | Steps: 1284 | LR: 0.000100 | Train Loss: 0.452151 | Val Loss: 0.424265
Epoch 13/20 | Steps: 1284 | LR: 0.000100 | Train Loss: 0.451811 | Val Loss: 0.426710
Epoch 14/20 | Steps: 1284 | LR: 0.000100 | Train Loss: 0.451383 | Val Loss: 0.421909
Epoch 15/20 | Steps: 1284 | LR: 0.000100 | Train Loss: 0.451200 | Val Loss: 0.418738
   -> Updated best validation state: val_loss=0.418738 at epoch 15
Epoch 16/20 | Steps: 1284 | LR: 0.000100 | Train Loss: 0.451038 | Val Loss: 0.422139
Epoch 17/20 | Steps: 1284 | LR: 0.000100 | Train Loss: 0.450737 | Val Loss: 0.423514
Epoch 18/20 | Steps: 1284 | LR: 0.000100 | Train Loss: 0.450286 | Val Loss: 0.421655
Epoch 19/20 | Steps: 1284 | LR: 0.000100 | Train Loss: 0.450316 | Val Loss: 0.424902
Epoch 20/20 | Steps: 1284 | LR: 0.000100 | Train Loss: 0.450230 | Val Loss: 0.424605
{'test_mse': 0.5372724533081055, 'test_mae': 0.5349433422088623}
Saved attention maps for 3 sample(s) under ./runs/forecasting_electricity_to_ETTm1_laya_mixer_text/pred_192/attention_maps
Text metadata preview | dataset=ETTm1 | domain=ETTm1 | channels=7
   - HUFL: In the ETTm1 domain, this channel belongs to the ETTm1 dataset and represents the feature HUFL.
   - HULL: In the ETTm1 domain, this channel belongs to the ETTm1 dataset and represents the feature HULL.
   - ... (5 more channel descriptions)
==================================================
🚀 Architecture: LAYA
📊 Target Dataset: ETTm1 (Channels: 7)
📊 Pretrain Info: electricity (Detected Channels: 7)
📊 Prediction Length: 336
==================================================
✅ Loaded pretrained encoder from ./checkpoints/electricity_laya_mixer_text/laya_ts_electricity_s_best.pt
   - 59/59 keys matched.
ℹ️ Channel Adapter: disabled
📝 metadata: mode=text, fusion=add, relation=none
ℹ️ Metadata Fusion Mode: add
ℹ️ Channel Mixer Relation Mode: none
ℹ️ Encoder Variant: default
ℹ️ Channel Relation Block: disabled
✅ Probing Head [Mixer, channel-wise]: [B*C, 1024] -> [B, 7, 336]
Epoch 1/20 | Steps: 1280 | LR: 0.000100 | Train Loss: 0.569576 | Val Loss: 0.504530
   -> Updated best validation state: val_loss=0.504530 at epoch 1
Epoch 2/20 | Steps: 1280 | LR: 0.000100 | Train Loss: 0.511025 | Val Loss: 0.483650
   -> Updated best validation state: val_loss=0.483650 at epoch 2
Epoch 3/20 | Steps: 1280 | LR: 0.000100 | Train Loss: 0.503053 | Val Loss: 0.468526
   -> Updated best validation state: val_loss=0.468526 at epoch 3
Epoch 4/20 | Steps: 1280 | LR: 0.000100 | Train Loss: 0.499540 | Val Loss: 0.467021
   -> Updated best validation state: val_loss=0.467021 at epoch 4
Epoch 5/20 | Steps: 1280 | LR: 0.000100 | Train Loss: 0.497324 | Val Loss: 0.461748
   -> Updated best validation state: val_loss=0.461748 at epoch 5
Epoch 6/20 | Steps: 1280 | LR: 0.000100 | Train Loss: 0.495706 | Val Loss: 0.464404
Epoch 7/20 | Steps: 1280 | LR: 0.000100 | Train Loss: 0.494696 | Val Loss: 0.463381
Epoch 8/20 | Steps: 1280 | LR: 0.000100 | Train Loss: 0.493472 | Val Loss: 0.460992
   -> Updated best validation state: val_loss=0.460992 at epoch 8
Epoch 9/20 | Steps: 1280 | LR: 0.000100 | Train Loss: 0.493103 | Val Loss: 0.459455
   -> Updated best validation state: val_loss=0.459455 at epoch 9
Epoch 10/20 | Steps: 1280 | LR: 0.000100 | Train Loss: 0.492650 | Val Loss: 0.459998
Epoch 11/20 | Steps: 1280 | LR: 0.000100 | Train Loss: 0.491742 | Val Loss: 0.466321
Epoch 12/20 | Steps: 1280 | LR: 0.000100 | Train Loss: 0.491998 | Val Loss: 0.465187
Epoch 13/20 | Steps: 1280 | LR: 0.000100 | Train Loss: 0.491244 | Val Loss: 0.460691
Epoch 14/20 | Steps: 1280 | LR: 0.000100 | Train Loss: 0.491129 | Val Loss: 0.461465
Epoch 15/20 | Steps: 1280 | LR: 0.000100 | Train Loss: 0.490980 | Val Loss: 0.459821
Epoch 16/20 | Steps: 1280 | LR: 0.000100 | Train Loss: 0.490117 | Val Loss: 0.457249
   -> Updated best validation state: val_loss=0.457249 at epoch 16
Epoch 17/20 | Steps: 1280 | LR: 0.000100 | Train Loss: 0.490392 | Val Loss: 0.461724
Epoch 18/20 | Steps: 1280 | LR: 0.000100 | Train Loss: 0.489922 | Val Loss: 0.472084
Epoch 19/20 | Steps: 1280 | LR: 0.000100 | Train Loss: 0.490139 | Val Loss: 0.460500
Epoch 20/20 | Steps: 1280 | LR: 0.000100 | Train Loss: 0.489762 | Val Loss: 0.459914
{'test_mse': 0.5834577083587646, 'test_mae': 0.5587013959884644}
Saved attention maps for 3 sample(s) under ./runs/forecasting_electricity_to_ETTm1_laya_mixer_text/pred_336/attention_maps
Text metadata preview | dataset=ETTm1 | domain=ETTm1 | channels=7
   - HUFL: In the ETTm1 domain, this channel belongs to the ETTm1 dataset and represents the feature HUFL.
   - HULL: In the ETTm1 domain, this channel belongs to the ETTm1 dataset and represents the feature HULL.
   - ... (5 more channel descriptions)
==================================================
🚀 Architecture: LAYA
📊 Target Dataset: ETTm1 (Channels: 7)
📊 Pretrain Info: electricity (Detected Channels: 7)
📊 Prediction Length: 720
==================================================
✅ Loaded pretrained encoder from ./checkpoints/electricity_laya_mixer_text/laya_ts_electricity_s_best.pt
   - 59/59 keys matched.
ℹ️ Channel Adapter: disabled
📝 metadata: mode=text, fusion=add, relation=none
ℹ️ Metadata Fusion Mode: add
ℹ️ Channel Mixer Relation Mode: none
ℹ️ Encoder Variant: default
ℹ️ Channel Relation Block: disabled
✅ Probing Head [Mixer, channel-wise]: [B*C, 1024] -> [B, 7, 720]
Epoch 1/20 | Steps: 1268 | LR: 0.000100 | Train Loss: 0.633115 | Val Loss: 0.557751
   -> Updated best validation state: val_loss=0.557751 at epoch 1
Epoch 2/20 | Steps: 1268 | LR: 0.000100 | Train Loss: 0.576370 | Val Loss: 0.538926
   -> Updated best validation state: val_loss=0.538926 at epoch 2
Epoch 3/20 | Steps: 1268 | LR: 0.000100 | Train Loss: 0.568802 | Val Loss: 0.536021
   -> Updated best validation state: val_loss=0.536021 at epoch 3
Epoch 4/20 | Steps: 1268 | LR: 0.000100 | Train Loss: 0.565184 | Val Loss: 0.534019
   -> Updated best validation state: val_loss=0.534019 at epoch 4
Epoch 5/20 | Steps: 1268 | LR: 0.000100 | Train Loss: 0.562836 | Val Loss: 0.540981
Epoch 6/20 | Steps: 1268 | LR: 0.000100 | Train Loss: 0.561429 | Val Loss: 0.532805
   -> Updated best validation state: val_loss=0.532805 at epoch 6
Epoch 7/20 | Steps: 1268 | LR: 0.000100 | Train Loss: 0.560570 | Val Loss: 0.528167
   -> Updated best validation state: val_loss=0.528167 at epoch 7
Epoch 8/20 | Steps: 1268 | LR: 0.000100 | Train Loss: 0.559531 | Val Loss: 0.535353
Epoch 9/20 | Steps: 1268 | LR: 0.000100 | Train Loss: 0.558727 | Val Loss: 0.527253
   -> Updated best validation state: val_loss=0.527253 at epoch 9
Epoch 10/20 | Steps: 1268 | LR: 0.000100 | Train Loss: 0.558454 | Val Loss: 0.524645
   -> Updated best validation state: val_loss=0.524645 at epoch 10
Epoch 11/20 | Steps: 1268 | LR: 0.000100 | Train Loss: 0.558255 | Val Loss: 0.536545
Epoch 12/20 | Steps: 1268 | LR: 0.000100 | Train Loss: 0.557960 | Val Loss: 0.528642
Epoch 13/20 | Steps: 1268 | LR: 0.000100 | Train Loss: 0.557649 | Val Loss: 0.530218
Epoch 14/20 | Steps: 1268 | LR: 0.000100 | Train Loss: 0.557291 | Val Loss: 0.532412
Epoch 15/20 | Steps: 1268 | LR: 0.000100 | Train Loss: 0.556808 | Val Loss: 0.522125
   -> Updated best validation state: val_loss=0.522125 at epoch 15
Epoch 16/20 | Steps: 1268 | LR: 0.000100 | Train Loss: 0.556773 | Val Loss: 0.526096
Epoch 17/20 | Steps: 1268 | LR: 0.000100 | Train Loss: 0.556508 | Val Loss: 0.521810
   -> Updated best validation state: val_loss=0.521810 at epoch 17
Epoch 18/20 | Steps: 1268 | LR: 0.000100 | Train Loss: 0.556207 | Val Loss: 0.526993
Epoch 19/20 | Steps: 1268 | LR: 0.000100 | Train Loss: 0.556050 | Val Loss: 0.524287
Epoch 20/20 | Steps: 1268 | LR: 0.000100 | Train Loss: 0.555655 | Val Loss: 0.522946
{'test_mse': 0.6186168193817139, 'test_mae': 0.5802537798881531}
Saved attention maps for 3 sample(s) under ./runs/forecasting_electricity_to_ETTm1_laya_mixer_text/pred_720/attention_maps
Text metadata preview | dataset=ETTm2 | domain=ETTm2 | channels=7
   - HUFL: In the ETTm2 domain, this channel belongs to the ETTm2 dataset and represents the feature HUFL.
   - HULL: In the ETTm2 domain, this channel belongs to the ETTm2 dataset and represents the feature HULL.
   - ... (5 more channel descriptions)
==================================================
🚀 Architecture: LAYA
📊 Target Dataset: ETTm2 (Channels: 7)
📊 Pretrain Info: electricity (Detected Channels: 7)
📊 Prediction Length: 96
==================================================
✅ Loaded pretrained encoder from ./checkpoints/electricity_laya_mixer_text/laya_ts_electricity_s_best.pt
   - 59/59 keys matched.
ℹ️ Channel Adapter: disabled
📝 metadata: mode=text, fusion=add, relation=none
ℹ️ Metadata Fusion Mode: add
ℹ️ Channel Mixer Relation Mode: none
ℹ️ Encoder Variant: default
ℹ️ Channel Relation Block: disabled
✅ Probing Head [Mixer, channel-wise]: [B*C, 1024] -> [B, 7, 96]
Epoch 1/20 | Steps: 1287 | LR: 0.000100 | Train Loss: 0.463532 | Val Loss: 0.976582
   -> Updated best validation state: val_loss=0.976582 at epoch 1
Epoch 2/20 | Steps: 1287 | LR: 0.000100 | Train Loss: 0.405417 | Val Loss: 1.000718
Epoch 3/20 | Steps: 1287 | LR: 0.000100 | Train Loss: 0.398003 | Val Loss: 1.017672
Epoch 4/20 | Steps: 1287 | LR: 0.000100 | Train Loss: 0.394117 | Val Loss: 1.030098
Epoch 5/20 | Steps: 1287 | LR: 0.000100 | Train Loss: 0.391875 | Val Loss: 1.028154
Epoch 6/20 | Steps: 1287 | LR: 0.000100 | Train Loss: 0.390233 | Val Loss: 1.036678
Epoch 7/20 | Steps: 1287 | LR: 0.000100 | Train Loss: 0.389612 | Val Loss: 1.058416
Epoch 8/20 | Steps: 1287 | LR: 0.000100 | Train Loss: 0.388118 | Val Loss: 1.049999
Epoch 9/20 | Steps: 1287 | LR: 0.000100 | Train Loss: 0.388019 | Val Loss: 1.049359
Epoch 10/20 | Steps: 1287 | LR: 0.000100 | Train Loss: 0.387231 | Val Loss: 1.024232
Epoch 11/20 | Steps: 1287 | LR: 0.000100 | Train Loss: 0.386194 | Val Loss: 1.049174
Epoch 12/20 | Steps: 1287 | LR: 0.000100 | Train Loss: 0.385958 | Val Loss: 1.036854
Epoch 13/20 | Steps: 1287 | LR: 0.000100 | Train Loss: 0.385965 | Val Loss: 1.032831
Epoch 14/20 | Steps: 1287 | LR: 0.000100 | Train Loss: 0.384993 | Val Loss: 1.035021
Epoch 15/20 | Steps: 1287 | LR: 0.000100 | Train Loss: 0.384665 | Val Loss: 1.049738
Epoch 16/20 | Steps: 1287 | LR: 0.000100 | Train Loss: 0.384440 | Val Loss: 1.036381
Epoch 17/20 | Steps: 1287 | LR: 0.000100 | Train Loss: 0.384411 | Val Loss: 1.043526
Epoch 18/20 | Steps: 1287 | LR: 0.000100 | Train Loss: 0.384645 | Val Loss: 1.142999
Epoch 19/20 | Steps: 1287 | LR: 0.000100 | Train Loss: 0.384281 | Val Loss: 1.035175
Epoch 20/20 | Steps: 1287 | LR: 0.000100 | Train Loss: 0.384169 | Val Loss: 1.058650
{'test_mse': 0.5810348987579346, 'test_mae': 0.5835031270980835}
Saved attention maps for 3 sample(s) under ./runs/forecasting_electricity_to_ETTm2_laya_mixer_text/pred_96/attention_maps
Text metadata preview | dataset=ETTm2 | domain=ETTm2 | channels=7
   - HUFL: In the ETTm2 domain, this channel belongs to the ETTm2 dataset and represents the feature HUFL.
   - HULL: In the ETTm2 domain, this channel belongs to the ETTm2 dataset and represents the feature HULL.
   - ... (5 more channel descriptions)
==================================================
🚀 Architecture: LAYA
📊 Target Dataset: ETTm2 (Channels: 7)
📊 Pretrain Info: electricity (Detected Channels: 7)
📊 Prediction Length: 192
==================================================
✅ Loaded pretrained encoder from ./checkpoints/electricity_laya_mixer_text/laya_ts_electricity_s_best.pt
   - 59/59 keys matched.
ℹ️ Channel Adapter: disabled
📝 metadata: mode=text, fusion=add, relation=none
ℹ️ Metadata Fusion Mode: add
ℹ️ Channel Mixer Relation Mode: none
ℹ️ Encoder Variant: default
ℹ️ Channel Relation Block: disabled
✅ Probing Head [Mixer, channel-wise]: [B*C, 1024] -> [B, 7, 192]
Epoch 1/20 | Steps: 1284 | LR: 0.000100 | Train Loss: 0.519356 | Val Loss: 1.014392
   -> Updated best validation state: val_loss=1.014392 at epoch 1
Epoch 2/20 | Steps: 1284 | LR: 0.000100 | Train Loss: 0.465240 | Val Loss: 1.038201
Epoch 3/20 | Steps: 1284 | LR: 0.000100 | Train Loss: 0.457873 | Val Loss: 1.055327
Epoch 4/20 | Steps: 1284 | LR: 0.000100 | Train Loss: 0.453303 | Val Loss: 1.120961
Epoch 5/20 | Steps: 1284 | LR: 0.000100 | Train Loss: 0.450848 | Val Loss: 1.100774
Epoch 6/20 | Steps: 1284 | LR: 0.000100 | Train Loss: 0.449194 | Val Loss: 1.089769
Epoch 7/20 | Steps: 1284 | LR: 0.000100 | Train Loss: 0.447987 | Val Loss: 1.080044
Epoch 8/20 | Steps: 1284 | LR: 0.000100 | Train Loss: 0.447369 | Val Loss: 1.086668
Epoch 9/20 | Steps: 1284 | LR: 0.000100 | Train Loss: 0.446886 | Val Loss: 1.079766
Epoch 10/20 | Steps: 1284 | LR: 0.000100 | Train Loss: 0.445895 | Val Loss: 1.108521
Epoch 11/20 | Steps: 1284 | LR: 0.000100 | Train Loss: 0.444865 | Val Loss: 1.134358
Epoch 12/20 | Steps: 1284 | LR: 0.000100 | Train Loss: 0.444351 | Val Loss: 1.080322
Epoch 13/20 | Steps: 1284 | LR: 0.000100 | Train Loss: 0.443840 | Val Loss: 1.103233
Epoch 14/20 | Steps: 1284 | LR: 0.000100 | Train Loss: 0.443396 | Val Loss: 1.083378
Epoch 15/20 | Steps: 1284 | LR: 0.000100 | Train Loss: 0.443589 | Val Loss: 1.087098
Epoch 16/20 | Steps: 1284 | LR: 0.000100 | Train Loss: 0.443050 | Val Loss: 1.092813
Epoch 17/20 | Steps: 1284 | LR: 0.000100 | Train Loss: 0.443096 | Val Loss: 1.099162
Epoch 18/20 | Steps: 1284 | LR: 0.000100 | Train Loss: 0.442842 | Val Loss: 1.145875
Epoch 19/20 | Steps: 1284 | LR: 0.000100 | Train Loss: 0.442327 | Val Loss: 1.090066
Epoch 20/20 | Steps: 1284 | LR: 0.000100 | Train Loss: 0.442166 | Val Loss: 1.068160
{'test_mse': 0.5979360342025757, 'test_mae': 0.5875976085662842}
Saved attention maps for 3 sample(s) under ./runs/forecasting_electricity_to_ETTm2_laya_mixer_text/pred_192/attention_maps
Text metadata preview | dataset=ETTm2 | domain=ETTm2 | channels=7
   - HUFL: In the ETTm2 domain, this channel belongs to the ETTm2 dataset and represents the feature HUFL.
   - HULL: In the ETTm2 domain, this channel belongs to the ETTm2 dataset and represents the feature HULL.
   - ... (5 more channel descriptions)
==================================================
🚀 Architecture: LAYA
📊 Target Dataset: ETTm2 (Channels: 7)
📊 Pretrain Info: electricity (Detected Channels: 7)
📊 Prediction Length: 336
==================================================
✅ Loaded pretrained encoder from ./checkpoints/electricity_laya_mixer_text/laya_ts_electricity_s_best.pt
   - 59/59 keys matched.
ℹ️ Channel Adapter: disabled
📝 metadata: mode=text, fusion=add, relation=none
ℹ️ Metadata Fusion Mode: add
ℹ️ Channel Mixer Relation Mode: none
ℹ️ Encoder Variant: default
ℹ️ Channel Relation Block: disabled
✅ Probing Head [Mixer, channel-wise]: [B*C, 1024] -> [B, 7, 336]
Epoch 1/20 | Steps: 1280 | LR: 0.000100 | Train Loss: 0.577839 | Val Loss: 1.103219
   -> Updated best validation state: val_loss=1.103219 at epoch 1
Epoch 2/20 | Steps: 1280 | LR: 0.000100 | Train Loss: 0.527824 | Val Loss: 1.180651
Epoch 3/20 | Steps: 1280 | LR: 0.000100 | Train Loss: 0.519940 | Val Loss: 1.146108
Epoch 4/20 | Steps: 1280 | LR: 0.000100 | Train Loss: 0.516224 | Val Loss: 1.168903
Epoch 5/20 | Steps: 1280 | LR: 0.000100 | Train Loss: 0.513483 | Val Loss: 1.099104
   -> Updated best validation state: val_loss=1.099104 at epoch 5
Epoch 6/20 | Steps: 1280 | LR: 0.000100 | Train Loss: 0.511576 | Val Loss: 1.185448
Epoch 7/20 | Steps: 1280 | LR: 0.000100 | Train Loss: 0.510292 | Val Loss: 1.177717
Epoch 8/20 | Steps: 1280 | LR: 0.000100 | Train Loss: 0.509395 | Val Loss: 1.254202
Epoch 9/20 | Steps: 1280 | LR: 0.000100 | Train Loss: 0.508421 | Val Loss: 1.250666
Epoch 10/20 | Steps: 1280 | LR: 0.000100 | Train Loss: 0.507469 | Val Loss: 1.133973
Epoch 11/20 | Steps: 1280 | LR: 0.000100 | Train Loss: 0.507495 | Val Loss: 1.169358
Epoch 12/20 | Steps: 1280 | LR: 0.000100 | Train Loss: 0.507061 | Val Loss: 1.200177
Epoch 13/20 | Steps: 1280 | LR: 0.000100 | Train Loss: 0.506136 | Val Loss: 1.199608
Epoch 14/20 | Steps: 1280 | LR: 0.000100 | Train Loss: 0.506095 | Val Loss: 1.238900
Epoch 15/20 | Steps: 1280 | LR: 0.000100 | Train Loss: 0.505794 | Val Loss: 1.169665
Epoch 16/20 | Steps: 1280 | LR: 0.000100 | Train Loss: 0.504706 | Val Loss: 1.131305
Epoch 17/20 | Steps: 1280 | LR: 0.000100 | Train Loss: 0.504798 | Val Loss: 1.175860
Epoch 18/20 | Steps: 1280 | LR: 0.000100 | Train Loss: 0.504600 | Val Loss: 1.241833
Epoch 19/20 | Steps: 1280 | LR: 0.000100 | Train Loss: 0.504424 | Val Loss: 1.200145
Epoch 20/20 | Steps: 1280 | LR: 0.000100 | Train Loss: 0.503719 | Val Loss: 1.183973
{'test_mse': 0.6174216866493225, 'test_mae': 0.5981357097625732}
Saved attention maps for 3 sample(s) under ./runs/forecasting_electricity_to_ETTm2_laya_mixer_text/pred_336/attention_maps
Text metadata preview | dataset=ETTm2 | domain=ETTm2 | channels=7
   - HUFL: In the ETTm2 domain, this channel belongs to the ETTm2 dataset and represents the feature HUFL.
   - HULL: In the ETTm2 domain, this channel belongs to the ETTm2 dataset and represents the feature HULL.
   - ... (5 more channel descriptions)
==================================================
🚀 Architecture: LAYA
📊 Target Dataset: ETTm2 (Channels: 7)
📊 Pretrain Info: electricity (Detected Channels: 7)
📊 Prediction Length: 720
==================================================
✅ Loaded pretrained encoder from ./checkpoints/electricity_laya_mixer_text/laya_ts_electricity_s_best.pt
   - 59/59 keys matched.
ℹ️ Channel Adapter: disabled
📝 metadata: mode=text, fusion=add, relation=none
ℹ️ Metadata Fusion Mode: add
ℹ️ Channel Mixer Relation Mode: none
ℹ️ Encoder Variant: default
ℹ️ Channel Relation Block: disabled
✅ Probing Head [Mixer, channel-wise]: [B*C, 1024] -> [B, 7, 720]
Epoch 1/20 | Steps: 1268 | LR: 0.000100 | Train Loss: 0.658279 | Val Loss: 1.229943
   -> Updated best validation state: val_loss=1.229943 at epoch 1
Epoch 2/20 | Steps: 1268 | LR: 0.000100 | Train Loss: 0.611713 | Val Loss: 1.239389
Epoch 3/20 | Steps: 1268 | LR: 0.000100 | Train Loss: 0.604806 | Val Loss: 1.212761
   -> Updated best validation state: val_loss=1.212761 at epoch 3
Epoch 4/20 | Steps: 1268 | LR: 0.000100 | Train Loss: 0.601215 | Val Loss: 1.372857
Epoch 5/20 | Steps: 1268 | LR: 0.000100 | Train Loss: 0.598374 | Val Loss: 1.309484
Epoch 6/20 | Steps: 1268 | LR: 0.000100 | Train Loss: 0.597016 | Val Loss: 1.219972
Epoch 7/20 | Steps: 1268 | LR: 0.000100 | Train Loss: 0.596251 | Val Loss: 1.286441
Epoch 8/20 | Steps: 1268 | LR: 0.000100 | Train Loss: 0.594576 | Val Loss: 1.433679
Epoch 9/20 | Steps: 1268 | LR: 0.000100 | Train Loss: 0.594077 | Val Loss: 1.241481
Epoch 10/20 | Steps: 1268 | LR: 0.000100 | Train Loss: 0.593437 | Val Loss: 1.272065
Epoch 11/20 | Steps: 1268 | LR: 0.000100 | Train Loss: 0.592978 | Val Loss: 1.255092
Epoch 12/20 | Steps: 1268 | LR: 0.000100 | Train Loss: 0.593047 | Val Loss: 1.291716
Epoch 13/20 | Steps: 1268 | LR: 0.000100 | Train Loss: 0.592178 | Val Loss: 1.333085
Epoch 14/20 | Steps: 1268 | LR: 0.000100 | Train Loss: 0.591697 | Val Loss: 1.435551
Epoch 15/20 | Steps: 1268 | LR: 0.000100 | Train Loss: 0.591492 | Val Loss: 1.196052
   -> Updated best validation state: val_loss=1.196052 at epoch 15
Epoch 16/20 | Steps: 1268 | LR: 0.000100 | Train Loss: 0.590952 | Val Loss: 1.258073
Epoch 17/20 | Steps: 1268 | LR: 0.000100 | Train Loss: 0.590478 | Val Loss: 1.208558
Epoch 18/20 | Steps: 1268 | LR: 0.000100 | Train Loss: 0.590807 | Val Loss: 1.384044
Epoch 19/20 | Steps: 1268 | LR: 0.000100 | Train Loss: 0.590597 | Val Loss: 1.285125
Epoch 20/20 | Steps: 1268 | LR: 0.000100 | Train Loss: 0.590186 | Val Loss: 1.292723
{'test_mse': 0.68319171667099, 'test_mae': 0.6334945559501648}
Saved attention maps for 3 sample(s) under ./runs/forecasting_electricity_to_ETTm2_laya_mixer_text/pred_720/attention_maps
Text metadata preview | dataset=weather | domain=weather | channels=21
   - p (mbar): In the weather domain, this channel belongs to the weather dataset and represents the feature p (mbar).
   - T (degC): In the weather domain, this channel belongs to the weather dataset and represents the feature T (degC).
   - ... (19 more channel descriptions)
==================================================
🚀 Architecture: LAYA
📊 Target Dataset: weather (Channels: 21)
📊 Pretrain Info: electricity (Detected Channels: 21)
📊 Prediction Length: 96
==================================================
✅ Loaded pretrained encoder from ./checkpoints/electricity_laya_mixer_text/laya_ts_electricity_s_best.pt
   - 59/59 keys matched.
ℹ️ Channel Adapter: disabled
📝 metadata: mode=text, fusion=add, relation=none
ℹ️ Metadata Fusion Mode: add
ℹ️ Channel Mixer Relation Mode: none
ℹ️ Encoder Variant: default
ℹ️ Channel Relation Block: disabled
✅ Probing Head [Mixer, channel-wise]: [B*C, 1024] -> [B, 21, 96]
Epoch 1/20 | Steps: 1133 | LR: 0.000100 | Train Loss: 0.869222 | Val Loss: 0.848771
   -> Updated best validation state: val_loss=0.848771 at epoch 1
Epoch 2/20 | Steps: 1133 | LR: 0.000100 | Train Loss: 0.729128 | Val Loss: 0.790088
   -> Updated best validation state: val_loss=0.790088 at epoch 2
Epoch 3/20 | Steps: 1133 | LR: 0.000100 | Train Loss: 0.709335 | Val Loss: 0.774295
   -> Updated best validation state: val_loss=0.774295 at epoch 3
Epoch 4/20 | Steps: 1133 | LR: 0.000100 | Train Loss: 0.700540 | Val Loss: 0.762598
   -> Updated best validation state: val_loss=0.762598 at epoch 4
Epoch 5/20 | Steps: 1133 | LR: 0.000100 | Train Loss: 0.695691 | Val Loss: 0.754582
   -> Updated best validation state: val_loss=0.754582 at epoch 5
Epoch 6/20 | Steps: 1133 | LR: 0.000100 | Train Loss: 0.692374 | Val Loss: 0.751582
   -> Updated best validation state: val_loss=0.751582 at epoch 6
Epoch 7/20 | Steps: 1133 | LR: 0.000100 | Train Loss: 0.690192 | Val Loss: 0.766628
Epoch 8/20 | Steps: 1133 | LR: 0.000100 | Train Loss: 0.688594 | Val Loss: 0.744145
   -> Updated best validation state: val_loss=0.744145 at epoch 8
Epoch 9/20 | Steps: 1133 | LR: 0.000100 | Train Loss: 0.687210 | Val Loss: 0.751110
Epoch 10/20 | Steps: 1133 | LR: 0.000100 | Train Loss: 0.686286 | Val Loss: 0.746469
Epoch 11/20 | Steps: 1133 | LR: 0.000100 | Train Loss: 0.685505 | Val Loss: 0.753790
Epoch 12/20 | Steps: 1133 | LR: 0.000100 | Train Loss: 0.684574 | Val Loss: 0.751523
Epoch 13/20 | Steps: 1133 | LR: 0.000100 | Train Loss: 0.684043 | Val Loss: 0.740164
   -> Updated best validation state: val_loss=0.740164 at epoch 13
Epoch 14/20 | Steps: 1133 | LR: 0.000100 | Train Loss: 0.683796 | Val Loss: 0.742055
Epoch 15/20 | Steps: 1133 | LR: 0.000100 | Train Loss: 0.682924 | Val Loss: 0.740835
Epoch 16/20 | Steps: 1133 | LR: 0.000100 | Train Loss: 0.682524 | Val Loss: 0.748527
Epoch 17/20 | Steps: 1133 | LR: 0.000100 | Train Loss: 0.681996 | Val Loss: 0.738295
   -> Updated best validation state: val_loss=0.738295 at epoch 17
Epoch 18/20 | Steps: 1133 | LR: 0.000100 | Train Loss: 0.682310 | Val Loss: 0.735980
   -> Updated best validation state: val_loss=0.735980 at epoch 18
Epoch 19/20 | Steps: 1133 | LR: 0.000100 | Train Loss: 0.681410 | Val Loss: 0.748969
Epoch 20/20 | Steps: 1133 | LR: 0.000100 | Train Loss: 0.681052 | Val Loss: 0.740705
./run_forecasting.py:238: UserWarning: Tight layout not applied. The bottom and top margins cannot be made large enough to accommodate all axes decorations.
  plt.tight_layout()
./run_forecasting.py:250: UserWarning: Tight layout not applied. The bottom and top margins cannot be made large enough to accommodate all axes decorations.
  plt.tight_layout()
{'test_mse': 0.5120830535888672, 'test_mae': 0.5468766093254089}
Saved attention maps for 3 sample(s) under ./runs/forecasting_electricity_to_weather_laya_mixer_text/pred_96/attention_maps
Text metadata preview | dataset=weather | domain=weather | channels=21
   - p (mbar): In the weather domain, this channel belongs to the weather dataset and represents the feature p (mbar).
   - T (degC): In the weather domain, this channel belongs to the weather dataset and represents the feature T (degC).
   - ... (19 more channel descriptions)
==================================================
🚀 Architecture: LAYA
📊 Target Dataset: weather (Channels: 21)
📊 Pretrain Info: electricity (Detected Channels: 21)
📊 Prediction Length: 192
==================================================
✅ Loaded pretrained encoder from ./checkpoints/electricity_laya_mixer_text/laya_ts_electricity_s_best.pt
   - 59/59 keys matched.
ℹ️ Channel Adapter: disabled
📝 metadata: mode=text, fusion=add, relation=none
ℹ️ Metadata Fusion Mode: add
ℹ️ Channel Mixer Relation Mode: none
ℹ️ Encoder Variant: default
ℹ️ Channel Relation Block: disabled
✅ Probing Head [Mixer, channel-wise]: [B*C, 1024] -> [B, 21, 192]
Epoch 1/20 | Steps: 1130 | LR: 0.000100 | Train Loss: 0.895680 | Val Loss: 0.878059
   -> Updated best validation state: val_loss=0.878059 at epoch 1
Epoch 2/20 | Steps: 1130 | LR: 0.000100 | Train Loss: 0.756828 | Val Loss: 0.825499
   -> Updated best validation state: val_loss=0.825499 at epoch 2
Epoch 3/20 | Steps: 1130 | LR: 0.000100 | Train Loss: 0.737255 | Val Loss: 0.808679
   -> Updated best validation state: val_loss=0.808679 at epoch 3
Epoch 4/20 | Steps: 1130 | LR: 0.000100 | Train Loss: 0.728419 | Val Loss: 0.789602
   -> Updated best validation state: val_loss=0.789602 at epoch 4
Epoch 5/20 | Steps: 1130 | LR: 0.000100 | Train Loss: 0.723272 | Val Loss: 0.793382
Epoch 6/20 | Steps: 1130 | LR: 0.000100 | Train Loss: 0.720370 | Val Loss: 0.783140
   -> Updated best validation state: val_loss=0.783140 at epoch 6
Epoch 7/20 | Steps: 1130 | LR: 0.000100 | Train Loss: 0.718109 | Val Loss: 0.779417
   -> Updated best validation state: val_loss=0.779417 at epoch 7
Epoch 8/20 | Steps: 1130 | LR: 0.000100 | Train Loss: 0.716841 | Val Loss: 0.783282
Epoch 9/20 | Steps: 1130 | LR: 0.000100 | Train Loss: 0.715156 | Val Loss: 0.788004
Epoch 10/20 | Steps: 1130 | LR: 0.000100 | Train Loss: 0.713987 | Val Loss: 0.777026
   -> Updated best validation state: val_loss=0.777026 at epoch 10
Epoch 11/20 | Steps: 1130 | LR: 0.000100 | Train Loss: 0.713283 | Val Loss: 0.779469
Epoch 12/20 | Steps: 1130 | LR: 0.000100 | Train Loss: 0.712827 | Val Loss: 0.790345
Epoch 13/20 | Steps: 1130 | LR: 0.000100 | Train Loss: 0.711902 | Val Loss: 0.774587
   -> Updated best validation state: val_loss=0.774587 at epoch 13
Epoch 14/20 | Steps: 1130 | LR: 0.000100 | Train Loss: 0.711619 | Val Loss: 0.777979
Epoch 15/20 | Steps: 1130 | LR: 0.000100 | Train Loss: 0.710884 | Val Loss: 0.773871
   -> Updated best validation state: val_loss=0.773871 at epoch 15
Epoch 16/20 | Steps: 1130 | LR: 0.000100 | Train Loss: 0.710803 | Val Loss: 0.776231
Epoch 17/20 | Steps: 1130 | LR: 0.000100 | Train Loss: 0.710201 | Val Loss: 0.781367
Epoch 18/20 | Steps: 1130 | LR: 0.000100 | Train Loss: 0.709944 | Val Loss: 0.791908
Epoch 19/20 | Steps: 1130 | LR: 0.000100 | Train Loss: 0.709245 | Val Loss: 0.775256
Epoch 20/20 | Steps: 1130 | LR: 0.000100 | Train Loss: 0.709290 | Val Loss: 0.774517
./run_forecasting.py:238: UserWarning: Tight layout not applied. The bottom and top margins cannot be made large enough to accommodate all axes decorations.
  plt.tight_layout()
./run_forecasting.py:250: UserWarning: Tight layout not applied. The bottom and top margins cannot be made large enough to accommodate all axes decorations.
  plt.tight_layout()
{'test_mse': 0.5474405288696289, 'test_mae': 0.5657952427864075}
Saved attention maps for 3 sample(s) under ./runs/forecasting_electricity_to_weather_laya_mixer_text/pred_192/attention_maps
Text metadata preview | dataset=weather | domain=weather | channels=21
   - p (mbar): In the weather domain, this channel belongs to the weather dataset and represents the feature p (mbar).
   - T (degC): In the weather domain, this channel belongs to the weather dataset and represents the feature T (degC).
   - ... (19 more channel descriptions)
==================================================
🚀 Architecture: LAYA
📊 Target Dataset: weather (Channels: 21)
📊 Pretrain Info: electricity (Detected Channels: 21)
📊 Prediction Length: 336
==================================================
✅ Loaded pretrained encoder from ./checkpoints/electricity_laya_mixer_text/laya_ts_electricity_s_best.pt
   - 59/59 keys matched.
ℹ️ Channel Adapter: disabled
📝 metadata: mode=text, fusion=add, relation=none
ℹ️ Metadata Fusion Mode: add
ℹ️ Channel Mixer Relation Mode: none
ℹ️ Encoder Variant: default
ℹ️ Channel Relation Block: disabled
✅ Probing Head [Mixer, channel-wise]: [B*C, 1024] -> [B, 21, 336]
Epoch 1/20 | Steps: 1126 | LR: 0.000100 | Train Loss: 0.920678 | Val Loss: 0.896475
   -> Updated best validation state: val_loss=0.896475 at epoch 1
Epoch 2/20 | Steps: 1126 | LR: 0.000100 | Train Loss: 0.782859 | Val Loss: 0.843491
   -> Updated best validation state: val_loss=0.843491 at epoch 2
Epoch 3/20 | Steps: 1126 | LR: 0.000100 | Train Loss: 0.762973 | Val Loss: 0.824362
   -> Updated best validation state: val_loss=0.824362 at epoch 3
Epoch 4/20 | Steps: 1126 | LR: 0.000100 | Train Loss: 0.754121 | Val Loss: 0.814123
   -> Updated best validation state: val_loss=0.814123 at epoch 4
Epoch 5/20 | Steps: 1126 | LR: 0.000100 | Train Loss: 0.749162 | Val Loss: 0.806575
   -> Updated best validation state: val_loss=0.806575 at epoch 5
Epoch 6/20 | Steps: 1126 | LR: 0.000100 | Train Loss: 0.746000 | Val Loss: 0.820259
Epoch 7/20 | Steps: 1126 | LR: 0.000100 | Train Loss: 0.744185 | Val Loss: 0.808642
Epoch 8/20 | Steps: 1126 | LR: 0.000100 | Train Loss: 0.742220 | Val Loss: 0.796013
   -> Updated best validation state: val_loss=0.796013 at epoch 8
Epoch 9/20 | Steps: 1126 | LR: 0.000100 | Train Loss: 0.741205 | Val Loss: 0.808588
Epoch 10/20 | Steps: 1126 | LR: 0.000100 | Train Loss: 0.739858 | Val Loss: 0.809633
Epoch 11/20 | Steps: 1126 | LR: 0.000100 | Train Loss: 0.739046 | Val Loss: 0.806837
Epoch 12/20 | Steps: 1126 | LR: 0.000100 | Train Loss: 0.738622 | Val Loss: 0.805177
Epoch 13/20 | Steps: 1126 | LR: 0.000100 | Train Loss: 0.738050 | Val Loss: 0.808083
Epoch 14/20 | Steps: 1126 | LR: 0.000100 | Train Loss: 0.737183 | Val Loss: 0.797552
Epoch 15/20 | Steps: 1126 | LR: 0.000100 | Train Loss: 0.736930 | Val Loss: 0.803807
Epoch 16/20 | Steps: 1126 | LR: 0.000100 | Train Loss: 0.736263 | Val Loss: 0.794433
   -> Updated best validation state: val_loss=0.794433 at epoch 16
Epoch 17/20 | Steps: 1126 | LR: 0.000100 | Train Loss: 0.736155 | Val Loss: 0.801941
Epoch 18/20 | Steps: 1126 | LR: 0.000100 | Train Loss: 0.735785 | Val Loss: 0.802166
Epoch 19/20 | Steps: 1126 | LR: 0.000100 | Train Loss: 0.735114 | Val Loss: 0.797940
Epoch 20/20 | Steps: 1126 | LR: 0.000100 | Train Loss: 0.734883 | Val Loss: 0.800237
./run_forecasting.py:238: UserWarning: Tight layout not applied. The bottom and top margins cannot be made large enough to accommodate all axes decorations.
  plt.tight_layout()
./run_forecasting.py:250: UserWarning: Tight layout not applied. The bottom and top margins cannot be made large enough to accommodate all axes decorations.
  plt.tight_layout()
{'test_mse': 0.5690485835075378, 'test_mae': 0.5732296109199524}
Saved attention maps for 3 sample(s) under ./runs/forecasting_electricity_to_weather_laya_mixer_text/pred_336/attention_maps
Text metadata preview | dataset=weather | domain=weather | channels=21
   - p (mbar): In the weather domain, this channel belongs to the weather dataset and represents the feature p (mbar).
   - T (degC): In the weather domain, this channel belongs to the weather dataset and represents the feature T (degC).
   - ... (19 more channel descriptions)
==================================================
🚀 Architecture: LAYA
📊 Target Dataset: weather (Channels: 21)
📊 Pretrain Info: electricity (Detected Channels: 21)
📊 Prediction Length: 720
==================================================
✅ Loaded pretrained encoder from ./checkpoints/electricity_laya_mixer_text/laya_ts_electricity_s_best.pt
   - 59/59 keys matched.
ℹ️ Channel Adapter: disabled
📝 metadata: mode=text, fusion=add, relation=none
ℹ️ Metadata Fusion Mode: add
ℹ️ Channel Mixer Relation Mode: none
ℹ️ Encoder Variant: default
ℹ️ Channel Relation Block: disabled
✅ Probing Head [Mixer, channel-wise]: [B*C, 1024] -> [B, 21, 720]
Epoch 1/20 | Steps: 1114 | LR: 0.000100 | Train Loss: 0.949517 | Val Loss: 0.909753
   -> Updated best validation state: val_loss=0.909753 at epoch 1
Epoch 2/20 | Steps: 1114 | LR: 0.000100 | Train Loss: 0.812435 | Val Loss: 0.857996
   -> Updated best validation state: val_loss=0.857996 at epoch 2
Epoch 3/20 | Steps: 1114 | LR: 0.000100 | Train Loss: 0.792707 | Val Loss: 0.830115
   -> Updated best validation state: val_loss=0.830115 at epoch 3
Epoch 4/20 | Steps: 1114 | LR: 0.000100 | Train Loss: 0.784196 | Val Loss: 0.823392
   -> Updated best validation state: val_loss=0.823392 at epoch 4
Epoch 5/20 | Steps: 1114 | LR: 0.000100 | Train Loss: 0.779335 | Val Loss: 0.835487
Epoch 6/20 | Steps: 1114 | LR: 0.000100 | Train Loss: 0.776227 | Val Loss: 0.821237
   -> Updated best validation state: val_loss=0.821237 at epoch 6
Epoch 7/20 | Steps: 1114 | LR: 0.000100 | Train Loss: 0.774053 | Val Loss: 0.825015
Epoch 8/20 | Steps: 1114 | LR: 0.000100 | Train Loss: 0.772551 | Val Loss: 0.829185
Epoch 9/20 | Steps: 1114 | LR: 0.000100 | Train Loss: 0.771279 | Val Loss: 0.820543
   -> Updated best validation state: val_loss=0.820543 at epoch 9
Epoch 10/20 | Steps: 1114 | LR: 0.000100 | Train Loss: 0.770284 | Val Loss: 0.824303
Epoch 11/20 | Steps: 1114 | LR: 0.000100 | Train Loss: 0.769751 | Val Loss: 0.824301
Epoch 12/20 | Steps: 1114 | LR: 0.000100 | Train Loss: 0.768599 | Val Loss: 0.824335
Epoch 13/20 | Steps: 1114 | LR: 0.000100 | Train Loss: 0.768137 | Val Loss: 0.822916
Epoch 14/20 | Steps: 1114 | LR: 0.000100 | Train Loss: 0.767524 | Val Loss: 0.819858
   -> Updated best validation state: val_loss=0.819858 at epoch 14
Epoch 15/20 | Steps: 1114 | LR: 0.000100 | Train Loss: 0.767170 | Val Loss: 0.818321
   -> Updated best validation state: val_loss=0.818321 at epoch 15
Epoch 16/20 | Steps: 1114 | LR: 0.000100 | Train Loss: 0.766650 | Val Loss: 0.819868
Epoch 17/20 | Steps: 1114 | LR: 0.000100 | Train Loss: 0.766406 | Val Loss: 0.823899
Epoch 18/20 | Steps: 1114 | LR: 0.000100 | Train Loss: 0.766074 | Val Loss: 0.817684
   -> Updated best validation state: val_loss=0.817684 at epoch 18
Epoch 19/20 | Steps: 1114 | LR: 0.000100 | Train Loss: 0.765722 | Val Loss: 0.821233
Epoch 20/20 | Steps: 1114 | LR: 0.000100 | Train Loss: 0.765361 | Val Loss: 0.819514
./run_forecasting.py:238: UserWarning: Tight layout not applied. The bottom and top margins cannot be made large enough to accommodate all axes decorations.
  plt.tight_layout()
./run_forecasting.py:250: UserWarning: Tight layout not applied. The bottom and top margins cannot be made large enough to accommodate all axes decorations.
  plt.tight_layout()
{'test_mse': 0.6118869781494141, 'test_mae': 0.5966788530349731}
Saved attention maps for 3 sample(s) under ./runs/forecasting_electricity_to_weather_laya_mixer_text/pred_720/attention_maps
