nohup: ignoring input
Joint metadata preview | dataset=ETTm1 | domain=ETTm1 | channels=7
   - HUFL: In the ETTm1 domain, this channel belongs to the ETTm1 dataset and represents the feature HUFL. Channel statistics over the training split: mean value is 7.849, standard deviation is 6.158, minimum value is -19.357, maximum value is 24.180, median value is 8.640, and mean absolute value is 9.146.
==================================================
🚀 Architecture: LAYA
📊 Target Dataset: ETTm1 (Channels: 7)
📊 Pretrain Info: electricity (Detected Channels: 7)
📊 Prediction Length: 96
==================================================
✅ Loaded pretrained encoder from ./checkpoints/electricity_laya_mixer_concat_text_stats_joint/laya_ts_electricity_s_best.pt
   - 65/65 keys matched.
ℹ️ Channel Adapter: disabled
📝 metadata: mode=text_stats_joint, fusion=concat_kv, relation=none
ℹ️ Metadata Fusion Mode: concat_kv
ℹ️ Channel Mixer Relation Mode: none
ℹ️ Encoder Variant: default
ℹ️ Channel Relation Block: disabled
✅ Probing Head [Mixer, channel-wise]: [B*C, 1024] -> [B, 7, 96]
Epoch 1/20 | Steps: 1287 | LR: 0.000100 | Train Loss: 0.509642 | Val Loss: 0.480192
   -> Updated best validation state: val_loss=0.480192 at epoch 1
Epoch 2/20 | Steps: 1287 | LR: 0.000100 | Train Loss: 0.476531 | Val Loss: 0.478842
   -> Updated best validation state: val_loss=0.478842 at epoch 2
Epoch 3/20 | Steps: 1287 | LR: 0.000100 | Train Loss: 0.472023 | Val Loss: 0.470937
   -> Updated best validation state: val_loss=0.470937 at epoch 3
Epoch 4/20 | Steps: 1287 | LR: 0.000100 | Train Loss: 0.469509 | Val Loss: 0.469424
   -> Updated best validation state: val_loss=0.469424 at epoch 4
Epoch 5/20 | Steps: 1287 | LR: 0.000100 | Train Loss: 0.468116 | Val Loss: 0.462928
   -> Updated best validation state: val_loss=0.462928 at epoch 5
Epoch 6/20 | Steps: 1287 | LR: 0.000100 | Train Loss: 0.467251 | Val Loss: 0.467511
Epoch 7/20 | Steps: 1287 | LR: 0.000100 | Train Loss: 0.466497 | Val Loss: 0.463124
Epoch 8/20 | Steps: 1287 | LR: 0.000100 | Train Loss: 0.466106 | Val Loss: 0.462367
   -> Updated best validation state: val_loss=0.462367 at epoch 8
Epoch 9/20 | Steps: 1287 | LR: 0.000100 | Train Loss: 0.465486 | Val Loss: 0.472720
Epoch 10/20 | Steps: 1287 | LR: 0.000100 | Train Loss: 0.465293 | Val Loss: 0.462021
   -> Updated best validation state: val_loss=0.462021 at epoch 10
Epoch 11/20 | Steps: 1287 | LR: 0.000100 | Train Loss: 0.464934 | Val Loss: 0.466071
Epoch 12/20 | Steps: 1287 | LR: 0.000100 | Train Loss: 0.464762 | Val Loss: 0.466045
Epoch 13/20 | Steps: 1287 | LR: 0.000100 | Train Loss: 0.464527 | Val Loss: 0.464882
Epoch 14/20 | Steps: 1287 | LR: 0.000100 | Train Loss: 0.464249 | Val Loss: 0.462351
Epoch 15/20 | Steps: 1287 | LR: 0.000100 | Train Loss: 0.464152 | Val Loss: 0.462490
Epoch 16/20 | Steps: 1287 | LR: 0.000100 | Train Loss: 0.464171 | Val Loss: 0.465576
Epoch 17/20 | Steps: 1287 | LR: 0.000100 | Train Loss: 0.463962 | Val Loss: 0.467629
Epoch 18/20 | Steps: 1287 | LR: 0.000100 | Train Loss: 0.463828 | Val Loss: 0.465006
Epoch 19/20 | Steps: 1287 | LR: 0.000100 | Train Loss: 0.463824 | Val Loss: 0.466557
Epoch 20/20 | Steps: 1287 | LR: 0.000100 | Train Loss: 0.463693 | Val Loss: 0.460439
   -> Updated best validation state: val_loss=0.460439 at epoch 20
{'test_mse': 0.5882577300071716, 'test_mae': 0.5209407210350037}
Saved attention maps for 3 sample(s) under ./runs/forecasting_electricity_to_ETTm1_laya_mixer_concat_text_stats_joint/pred_96/attention_maps
Joint metadata preview | dataset=ETTm1 | domain=ETTm1 | channels=7
   - HUFL: In the ETTm1 domain, this channel belongs to the ETTm1 dataset and represents the feature HUFL. Channel statistics over the training split: mean value is 7.849, standard deviation is 6.158, minimum value is -19.357, maximum value is 24.180, median value is 8.640, and mean absolute value is 9.146.
==================================================
🚀 Architecture: LAYA
📊 Target Dataset: ETTm1 (Channels: 7)
📊 Pretrain Info: electricity (Detected Channels: 7)
📊 Prediction Length: 192
==================================================
✅ Loaded pretrained encoder from ./checkpoints/electricity_laya_mixer_concat_text_stats_joint/laya_ts_electricity_s_best.pt
   - 65/65 keys matched.
ℹ️ Channel Adapter: disabled
📝 metadata: mode=text_stats_joint, fusion=concat_kv, relation=none
ℹ️ Metadata Fusion Mode: concat_kv
ℹ️ Channel Mixer Relation Mode: none
ℹ️ Encoder Variant: default
ℹ️ Channel Relation Block: disabled
✅ Probing Head [Mixer, channel-wise]: [B*C, 1024] -> [B, 7, 192]
Epoch 1/20 | Steps: 1284 | LR: 0.000100 | Train Loss: 0.536910 | Val Loss: 0.513605
   -> Updated best validation state: val_loss=0.513605 at epoch 1
Epoch 2/20 | Steps: 1284 | LR: 0.000100 | Train Loss: 0.507829 | Val Loss: 0.505498
   -> Updated best validation state: val_loss=0.505498 at epoch 2
Epoch 3/20 | Steps: 1284 | LR: 0.000100 | Train Loss: 0.504028 | Val Loss: 0.491853
   -> Updated best validation state: val_loss=0.491853 at epoch 3
Epoch 4/20 | Steps: 1284 | LR: 0.000100 | Train Loss: 0.502187 | Val Loss: 0.493416
Epoch 5/20 | Steps: 1284 | LR: 0.000100 | Train Loss: 0.500824 | Val Loss: 0.492140
Epoch 6/20 | Steps: 1284 | LR: 0.000100 | Train Loss: 0.499986 | Val Loss: 0.503009
Epoch 7/20 | Steps: 1284 | LR: 0.000100 | Train Loss: 0.499461 | Val Loss: 0.491324
   -> Updated best validation state: val_loss=0.491324 at epoch 7
Epoch 8/20 | Steps: 1284 | LR: 0.000100 | Train Loss: 0.498911 | Val Loss: 0.487148
   -> Updated best validation state: val_loss=0.487148 at epoch 8
Epoch 9/20 | Steps: 1284 | LR: 0.000100 | Train Loss: 0.498750 | Val Loss: 0.493145
Epoch 10/20 | Steps: 1284 | LR: 0.000100 | Train Loss: 0.498447 | Val Loss: 0.489745
Epoch 11/20 | Steps: 1284 | LR: 0.000100 | Train Loss: 0.498154 | Val Loss: 0.490076
Epoch 12/20 | Steps: 1284 | LR: 0.000100 | Train Loss: 0.497830 | Val Loss: 0.499579
Epoch 13/20 | Steps: 1284 | LR: 0.000100 | Train Loss: 0.497803 | Val Loss: 0.492564
Epoch 14/20 | Steps: 1284 | LR: 0.000100 | Train Loss: 0.497662 | Val Loss: 0.490762
Epoch 15/20 | Steps: 1284 | LR: 0.000100 | Train Loss: 0.497481 | Val Loss: 0.495678
Epoch 16/20 | Steps: 1284 | LR: 0.000100 | Train Loss: 0.497510 | Val Loss: 0.488445
Epoch 17/20 | Steps: 1284 | LR: 0.000100 | Train Loss: 0.497396 | Val Loss: 0.493686
Epoch 18/20 | Steps: 1284 | LR: 0.000100 | Train Loss: 0.497159 | Val Loss: 0.490800
Epoch 19/20 | Steps: 1284 | LR: 0.000100 | Train Loss: 0.497147 | Val Loss: 0.489995
Epoch 20/20 | Steps: 1284 | LR: 0.000100 | Train Loss: 0.497080 | Val Loss: 0.490757
{'test_mse': 0.6236738562583923, 'test_mae': 0.5383294224739075}
Saved attention maps for 3 sample(s) under ./runs/forecasting_electricity_to_ETTm1_laya_mixer_concat_text_stats_joint/pred_192/attention_maps
Joint metadata preview | dataset=ETTm1 | domain=ETTm1 | channels=7
   - HUFL: In the ETTm1 domain, this channel belongs to the ETTm1 dataset and represents the feature HUFL. Channel statistics over the training split: mean value is 7.849, standard deviation is 6.158, minimum value is -19.357, maximum value is 24.180, median value is 8.640, and mean absolute value is 9.146.
==================================================
🚀 Architecture: LAYA
📊 Target Dataset: ETTm1 (Channels: 7)
📊 Pretrain Info: electricity (Detected Channels: 7)
📊 Prediction Length: 336
==================================================
✅ Loaded pretrained encoder from ./checkpoints/electricity_laya_mixer_concat_text_stats_joint/laya_ts_electricity_s_best.pt
   - 65/65 keys matched.
ℹ️ Channel Adapter: disabled
📝 metadata: mode=text_stats_joint, fusion=concat_kv, relation=none
ℹ️ Metadata Fusion Mode: concat_kv
ℹ️ Channel Mixer Relation Mode: none
ℹ️ Encoder Variant: default
ℹ️ Channel Relation Block: disabled
✅ Probing Head [Mixer, channel-wise]: [B*C, 1024] -> [B, 7, 336]
Epoch 1/20 | Steps: 1280 | LR: 0.000100 | Train Loss: 0.568731 | Val Loss: 0.534080
   -> Updated best validation state: val_loss=0.534080 at epoch 1
Epoch 2/20 | Steps: 1280 | LR: 0.000100 | Train Loss: 0.542807 | Val Loss: 0.524344
   -> Updated best validation state: val_loss=0.524344 at epoch 2
Epoch 3/20 | Steps: 1280 | LR: 0.000100 | Train Loss: 0.539687 | Val Loss: 0.522885
   -> Updated best validation state: val_loss=0.522885 at epoch 3
Epoch 4/20 | Steps: 1280 | LR: 0.000100 | Train Loss: 0.537961 | Val Loss: 0.527077
Epoch 5/20 | Steps: 1280 | LR: 0.000100 | Train Loss: 0.536932 | Val Loss: 0.517319
   -> Updated best validation state: val_loss=0.517319 at epoch 5
Epoch 6/20 | Steps: 1280 | LR: 0.000100 | Train Loss: 0.536013 | Val Loss: 0.519367
Epoch 7/20 | Steps: 1280 | LR: 0.000100 | Train Loss: 0.535418 | Val Loss: 0.518616
Epoch 8/20 | Steps: 1280 | LR: 0.000100 | Train Loss: 0.535123 | Val Loss: 0.514448
   -> Updated best validation state: val_loss=0.514448 at epoch 8
Epoch 9/20 | Steps: 1280 | LR: 0.000100 | Train Loss: 0.534747 | Val Loss: 0.531629
Epoch 10/20 | Steps: 1280 | LR: 0.000100 | Train Loss: 0.534692 | Val Loss: 0.522858
Epoch 11/20 | Steps: 1280 | LR: 0.000100 | Train Loss: 0.534358 | Val Loss: 0.514492
Epoch 12/20 | Steps: 1280 | LR: 0.000100 | Train Loss: 0.534275 | Val Loss: 0.521407
Epoch 13/20 | Steps: 1280 | LR: 0.000100 | Train Loss: 0.533971 | Val Loss: 0.527440
Epoch 14/20 | Steps: 1280 | LR: 0.000100 | Train Loss: 0.533817 | Val Loss: 0.532952
Epoch 15/20 | Steps: 1280 | LR: 0.000100 | Train Loss: 0.533643 | Val Loss: 0.523341
Epoch 16/20 | Steps: 1280 | LR: 0.000100 | Train Loss: 0.533647 | Val Loss: 0.520995
Epoch 17/20 | Steps: 1280 | LR: 0.000100 | Train Loss: 0.533595 | Val Loss: 0.519509
Epoch 18/20 | Steps: 1280 | LR: 0.000100 | Train Loss: 0.533458 | Val Loss: 0.520142
Epoch 19/20 | Steps: 1280 | LR: 0.000100 | Train Loss: 0.533456 | Val Loss: 0.525761
Epoch 20/20 | Steps: 1280 | LR: 0.000100 | Train Loss: 0.533238 | Val Loss: 0.525164
{'test_mse': 0.6542682647705078, 'test_mae': 0.5549054741859436}
Saved attention maps for 3 sample(s) under ./runs/forecasting_electricity_to_ETTm1_laya_mixer_concat_text_stats_joint/pred_336/attention_maps
Joint metadata preview | dataset=ETTm1 | domain=ETTm1 | channels=7
   - HUFL: In the ETTm1 domain, this channel belongs to the ETTm1 dataset and represents the feature HUFL. Channel statistics over the training split: mean value is 7.849, standard deviation is 6.158, minimum value is -19.357, maximum value is 24.180, median value is 8.640, and mean absolute value is 9.146.
==================================================
🚀 Architecture: LAYA
📊 Target Dataset: ETTm1 (Channels: 7)
📊 Pretrain Info: electricity (Detected Channels: 7)
📊 Prediction Length: 720
==================================================
✅ Loaded pretrained encoder from ./checkpoints/electricity_laya_mixer_concat_text_stats_joint/laya_ts_electricity_s_best.pt
   - 65/65 keys matched.
ℹ️ Channel Adapter: disabled
📝 metadata: mode=text_stats_joint, fusion=concat_kv, relation=none
ℹ️ Metadata Fusion Mode: concat_kv
ℹ️ Channel Mixer Relation Mode: none
ℹ️ Encoder Variant: default
ℹ️ Channel Relation Block: disabled
✅ Probing Head [Mixer, channel-wise]: [B*C, 1024] -> [B, 7, 720]
Epoch 1/20 | Steps: 1268 | LR: 0.000100 | Train Loss: 0.624965 | Val Loss: 0.585641
   -> Updated best validation state: val_loss=0.585641 at epoch 1
Epoch 2/20 | Steps: 1268 | LR: 0.000100 | Train Loss: 0.603589 | Val Loss: 0.582605
   -> Updated best validation state: val_loss=0.582605 at epoch 2
Epoch 3/20 | Steps: 1268 | LR: 0.000100 | Train Loss: 0.600882 | Val Loss: 0.576067
   -> Updated best validation state: val_loss=0.576067 at epoch 3
Epoch 4/20 | Steps: 1268 | LR: 0.000100 | Train Loss: 0.599300 | Val Loss: 0.577523
Epoch 5/20 | Steps: 1268 | LR: 0.000100 | Train Loss: 0.598244 | Val Loss: 0.582042
Epoch 6/20 | Steps: 1268 | LR: 0.000100 | Train Loss: 0.597361 | Val Loss: 0.579427
Epoch 7/20 | Steps: 1268 | LR: 0.000100 | Train Loss: 0.597193 | Val Loss: 0.571210
   -> Updated best validation state: val_loss=0.571210 at epoch 7
Epoch 8/20 | Steps: 1268 | LR: 0.000100 | Train Loss: 0.596708 | Val Loss: 0.570672
   -> Updated best validation state: val_loss=0.570672 at epoch 8
Epoch 9/20 | Steps: 1268 | LR: 0.000100 | Train Loss: 0.596518 | Val Loss: 0.570268
   -> Updated best validation state: val_loss=0.570268 at epoch 9
Epoch 10/20 | Steps: 1268 | LR: 0.000100 | Train Loss: 0.596045 | Val Loss: 0.566157
   -> Updated best validation state: val_loss=0.566157 at epoch 10
Epoch 11/20 | Steps: 1268 | LR: 0.000100 | Train Loss: 0.596105 | Val Loss: 0.567817
Epoch 12/20 | Steps: 1268 | LR: 0.000100 | Train Loss: 0.595610 | Val Loss: 0.581479
Epoch 13/20 | Steps: 1268 | LR: 0.000100 | Train Loss: 0.595756 | Val Loss: 0.572735
Epoch 14/20 | Steps: 1268 | LR: 0.000100 | Train Loss: 0.595609 | Val Loss: 0.567906
Epoch 15/20 | Steps: 1268 | LR: 0.000100 | Train Loss: 0.595360 | Val Loss: 0.570860
Epoch 16/20 | Steps: 1268 | LR: 0.000100 | Train Loss: 0.595396 | Val Loss: 0.570007
Epoch 17/20 | Steps: 1268 | LR: 0.000100 | Train Loss: 0.595193 | Val Loss: 0.581113
Epoch 18/20 | Steps: 1268 | LR: 0.000100 | Train Loss: 0.595465 | Val Loss: 0.573114
Epoch 19/20 | Steps: 1268 | LR: 0.000100 | Train Loss: 0.595212 | Val Loss: 0.581092
Epoch 20/20 | Steps: 1268 | LR: 0.000100 | Train Loss: 0.595272 | Val Loss: 0.576704
{'test_mse': 0.6912844181060791, 'test_mae': 0.5811437964439392}
Saved attention maps for 3 sample(s) under ./runs/forecasting_electricity_to_ETTm1_laya_mixer_concat_text_stats_joint/pred_720/attention_maps
Joint metadata preview | dataset=ETTm2 | domain=ETTm2 | channels=7
   - HUFL: In the ETTm2 domain, this channel belongs to the ETTm2 dataset and represents the feature HUFL. Channel statistics over the training split: mean value is 40.887, standard deviation is 9.982, minimum value is 0.000, maximum value is 107.893, median value is 41.549, and mean absolute value is 40.887.
==================================================
🚀 Architecture: LAYA
📊 Target Dataset: ETTm2 (Channels: 7)
📊 Pretrain Info: electricity (Detected Channels: 7)
📊 Prediction Length: 96
==================================================
✅ Loaded pretrained encoder from ./checkpoints/electricity_laya_mixer_concat_text_stats_joint/laya_ts_electricity_s_best.pt
   - 65/65 keys matched.
ℹ️ Channel Adapter: disabled
📝 metadata: mode=text_stats_joint, fusion=concat_kv, relation=none
ℹ️ Metadata Fusion Mode: concat_kv
ℹ️ Channel Mixer Relation Mode: none
ℹ️ Encoder Variant: default
ℹ️ Channel Relation Block: disabled
✅ Probing Head [Mixer, channel-wise]: [B*C, 1024] -> [B, 7, 96]
Epoch 1/20 | Steps: 1287 | LR: 0.000100 | Train Loss: 0.588419 | Val Loss: 0.514685
   -> Updated best validation state: val_loss=0.514685 at epoch 1
Epoch 2/20 | Steps: 1287 | LR: 0.000100 | Train Loss: 0.547465 | Val Loss: 0.487003
   -> Updated best validation state: val_loss=0.487003 at epoch 2
Epoch 3/20 | Steps: 1287 | LR: 0.000100 | Train Loss: 0.538282 | Val Loss: 0.471715
   -> Updated best validation state: val_loss=0.471715 at epoch 3
Epoch 4/20 | Steps: 1287 | LR: 0.000100 | Train Loss: 0.534426 | Val Loss: 0.456367
   -> Updated best validation state: val_loss=0.456367 at epoch 4
Epoch 5/20 | Steps: 1287 | LR: 0.000100 | Train Loss: 0.532802 | Val Loss: 0.439486
   -> Updated best validation state: val_loss=0.439486 at epoch 5
Epoch 6/20 | Steps: 1287 | LR: 0.000100 | Train Loss: 0.532077 | Val Loss: 0.439153
   -> Updated best validation state: val_loss=0.439153 at epoch 6
Epoch 7/20 | Steps: 1287 | LR: 0.000100 | Train Loss: 0.531313 | Val Loss: 0.444367
Epoch 8/20 | Steps: 1287 | LR: 0.000100 | Train Loss: 0.530819 | Val Loss: 0.433977
   -> Updated best validation state: val_loss=0.433977 at epoch 8
Epoch 9/20 | Steps: 1287 | LR: 0.000100 | Train Loss: 0.530369 | Val Loss: 0.436187
Epoch 10/20 | Steps: 1287 | LR: 0.000100 | Train Loss: 0.530320 | Val Loss: 0.433434
   -> Updated best validation state: val_loss=0.433434 at epoch 10
Epoch 11/20 | Steps: 1287 | LR: 0.000100 | Train Loss: 0.529931 | Val Loss: 0.438182
Epoch 12/20 | Steps: 1287 | LR: 0.000100 | Train Loss: 0.529817 | Val Loss: 0.436486
Epoch 13/20 | Steps: 1287 | LR: 0.000100 | Train Loss: 0.529688 | Val Loss: 0.457063
Epoch 14/20 | Steps: 1287 | LR: 0.000100 | Train Loss: 0.529598 | Val Loss: 0.441754
Epoch 15/20 | Steps: 1287 | LR: 0.000100 | Train Loss: 0.529426 | Val Loss: 0.433536
Epoch 16/20 | Steps: 1287 | LR: 0.000100 | Train Loss: 0.529113 | Val Loss: 0.437542
Epoch 17/20 | Steps: 1287 | LR: 0.000100 | Train Loss: 0.529280 | Val Loss: 0.441940
Epoch 18/20 | Steps: 1287 | LR: 0.000100 | Train Loss: 0.529286 | Val Loss: 0.431734
   -> Updated best validation state: val_loss=0.431734 at epoch 18
Epoch 19/20 | Steps: 1287 | LR: 0.000100 | Train Loss: 0.529148 | Val Loss: 0.436278
Epoch 20/20 | Steps: 1287 | LR: 0.000100 | Train Loss: 0.529146 | Val Loss: 0.433149
{'test_mse': 0.637395977973938, 'test_mae': 0.5520995855331421}
Saved attention maps for 3 sample(s) under ./runs/forecasting_electricity_to_ETTm2_laya_mixer_concat_text_stats_joint/pred_96/attention_maps
Joint metadata preview | dataset=ETTm2 | domain=ETTm2 | channels=7
   - HUFL: In the ETTm2 domain, this channel belongs to the ETTm2 dataset and represents the feature HUFL. Channel statistics over the training split: mean value is 40.887, standard deviation is 9.982, minimum value is 0.000, maximum value is 107.893, median value is 41.549, and mean absolute value is 40.887.
==================================================
🚀 Architecture: LAYA
📊 Target Dataset: ETTm2 (Channels: 7)
📊 Pretrain Info: electricity (Detected Channels: 7)
📊 Prediction Length: 192
==================================================
✅ Loaded pretrained encoder from ./checkpoints/electricity_laya_mixer_concat_text_stats_joint/laya_ts_electricity_s_best.pt
   - 65/65 keys matched.
ℹ️ Channel Adapter: disabled
📝 metadata: mode=text_stats_joint, fusion=concat_kv, relation=none
ℹ️ Metadata Fusion Mode: concat_kv
ℹ️ Channel Mixer Relation Mode: none
ℹ️ Encoder Variant: default
ℹ️ Channel Relation Block: disabled
✅ Probing Head [Mixer, channel-wise]: [B*C, 1024] -> [B, 7, 192]
Epoch 1/20 | Steps: 1284 | LR: 0.000100 | Train Loss: 0.633596 | Val Loss: 0.557155
   -> Updated best validation state: val_loss=0.557155 at epoch 1
Epoch 2/20 | Steps: 1284 | LR: 0.000100 | Train Loss: 0.598797 | Val Loss: 0.529137
   -> Updated best validation state: val_loss=0.529137 at epoch 2
Epoch 3/20 | Steps: 1284 | LR: 0.000100 | Train Loss: 0.590749 | Val Loss: 0.516979
   -> Updated best validation state: val_loss=0.516979 at epoch 3
Epoch 4/20 | Steps: 1284 | LR: 0.000100 | Train Loss: 0.587129 | Val Loss: 0.495434
   -> Updated best validation state: val_loss=0.495434 at epoch 4
Epoch 5/20 | Steps: 1284 | LR: 0.000100 | Train Loss: 0.585725 | Val Loss: 0.506885
Epoch 6/20 | Steps: 1284 | LR: 0.000100 | Train Loss: 0.584526 | Val Loss: 0.551149
Epoch 7/20 | Steps: 1284 | LR: 0.000100 | Train Loss: 0.584252 | Val Loss: 0.499756
Epoch 8/20 | Steps: 1284 | LR: 0.000100 | Train Loss: 0.583750 | Val Loss: 0.482756
   -> Updated best validation state: val_loss=0.482756 at epoch 8
Epoch 9/20 | Steps: 1284 | LR: 0.000100 | Train Loss: 0.583374 | Val Loss: 0.480197
   -> Updated best validation state: val_loss=0.480197 at epoch 9
Epoch 10/20 | Steps: 1284 | LR: 0.000100 | Train Loss: 0.583326 | Val Loss: 0.484804
Epoch 11/20 | Steps: 1284 | LR: 0.000100 | Train Loss: 0.583037 | Val Loss: 0.506893
Epoch 12/20 | Steps: 1284 | LR: 0.000100 | Train Loss: 0.582754 | Val Loss: 0.528103
Epoch 13/20 | Steps: 1284 | LR: 0.000100 | Train Loss: 0.582802 | Val Loss: 0.485759
Epoch 14/20 | Steps: 1284 | LR: 0.000100 | Train Loss: 0.582611 | Val Loss: 0.481717
Epoch 15/20 | Steps: 1284 | LR: 0.000100 | Train Loss: 0.582560 | Val Loss: 0.502429
Epoch 16/20 | Steps: 1284 | LR: 0.000100 | Train Loss: 0.582313 | Val Loss: 0.490720
Epoch 17/20 | Steps: 1284 | LR: 0.000100 | Train Loss: 0.582550 | Val Loss: 0.491852
Epoch 18/20 | Steps: 1284 | LR: 0.000100 | Train Loss: 0.582480 | Val Loss: 0.473463
   -> Updated best validation state: val_loss=0.473463 at epoch 18
Epoch 19/20 | Steps: 1284 | LR: 0.000100 | Train Loss: 0.582343 | Val Loss: 0.479258
Epoch 20/20 | Steps: 1284 | LR: 0.000100 | Train Loss: 0.582140 | Val Loss: 0.485817
{'test_mse': 0.6645225882530212, 'test_mae': 0.5695796012878418}
Saved attention maps for 3 sample(s) under ./runs/forecasting_electricity_to_ETTm2_laya_mixer_concat_text_stats_joint/pred_192/attention_maps
Joint metadata preview | dataset=ETTm2 | domain=ETTm2 | channels=7
   - HUFL: In the ETTm2 domain, this channel belongs to the ETTm2 dataset and represents the feature HUFL. Channel statistics over the training split: mean value is 40.887, standard deviation is 9.982, minimum value is 0.000, maximum value is 107.893, median value is 41.549, and mean absolute value is 40.887.
==================================================
🚀 Architecture: LAYA
📊 Target Dataset: ETTm2 (Channels: 7)
📊 Pretrain Info: electricity (Detected Channels: 7)
📊 Prediction Length: 336
==================================================
✅ Loaded pretrained encoder from ./checkpoints/electricity_laya_mixer_concat_text_stats_joint/laya_ts_electricity_s_best.pt
   - 65/65 keys matched.
ℹ️ Channel Adapter: disabled
📝 metadata: mode=text_stats_joint, fusion=concat_kv, relation=none
ℹ️ Metadata Fusion Mode: concat_kv
ℹ️ Channel Mixer Relation Mode: none
ℹ️ Encoder Variant: default
ℹ️ Channel Relation Block: disabled
✅ Probing Head [Mixer, channel-wise]: [B*C, 1024] -> [B, 7, 336]
Epoch 1/20 | Steps: 1280 | LR: 0.000100 | Train Loss: 0.680003 | Val Loss: 0.596087
   -> Updated best validation state: val_loss=0.596087 at epoch 1
Epoch 2/20 | Steps: 1280 | LR: 0.000100 | Train Loss: 0.650655 | Val Loss: 0.594561
   -> Updated best validation state: val_loss=0.594561 at epoch 2
Epoch 3/20 | Steps: 1280 | LR: 0.000100 | Train Loss: 0.642914 | Val Loss: 0.556738
   -> Updated best validation state: val_loss=0.556738 at epoch 3
Epoch 4/20 | Steps: 1280 | LR: 0.000100 | Train Loss: 0.639566 | Val Loss: 0.581939
Epoch 5/20 | Steps: 1280 | LR: 0.000100 | Train Loss: 0.637843 | Val Loss: 0.578894
Epoch 6/20 | Steps: 1280 | LR: 0.000100 | Train Loss: 0.637188 | Val Loss: 0.585053
Epoch 7/20 | Steps: 1280 | LR: 0.000100 | Train Loss: 0.636564 | Val Loss: 0.549181
   -> Updated best validation state: val_loss=0.549181 at epoch 7
Epoch 8/20 | Steps: 1280 | LR: 0.000100 | Train Loss: 0.636049 | Val Loss: 0.534725
   -> Updated best validation state: val_loss=0.534725 at epoch 8
Epoch 9/20 | Steps: 1280 | LR: 0.000100 | Train Loss: 0.635677 | Val Loss: 0.545941
Epoch 10/20 | Steps: 1280 | LR: 0.000100 | Train Loss: 0.635449 | Val Loss: 0.542965
Epoch 11/20 | Steps: 1280 | LR: 0.000100 | Train Loss: 0.635449 | Val Loss: 0.542145
Epoch 12/20 | Steps: 1280 | LR: 0.000100 | Train Loss: 0.635303 | Val Loss: 0.550510
Epoch 13/20 | Steps: 1280 | LR: 0.000100 | Train Loss: 0.635087 | Val Loss: 0.579630
Epoch 14/20 | Steps: 1280 | LR: 0.000100 | Train Loss: 0.635040 | Val Loss: 0.553643
Epoch 15/20 | Steps: 1280 | LR: 0.000100 | Train Loss: 0.634777 | Val Loss: 0.588599
Epoch 16/20 | Steps: 1280 | LR: 0.000100 | Train Loss: 0.635017 | Val Loss: 0.569218
Epoch 17/20 | Steps: 1280 | LR: 0.000100 | Train Loss: 0.634636 | Val Loss: 0.558684
Epoch 18/20 | Steps: 1280 | LR: 0.000100 | Train Loss: 0.634642 | Val Loss: 0.537364
Epoch 19/20 | Steps: 1280 | LR: 0.000100 | Train Loss: 0.634573 | Val Loss: 0.557370
Epoch 20/20 | Steps: 1280 | LR: 0.000100 | Train Loss: 0.634400 | Val Loss: 0.585991
{'test_mse': 0.6986956596374512, 'test_mae': 0.5902532935142517}
Saved attention maps for 3 sample(s) under ./runs/forecasting_electricity_to_ETTm2_laya_mixer_concat_text_stats_joint/pred_336/attention_maps
Joint metadata preview | dataset=ETTm2 | domain=ETTm2 | channels=7
   - HUFL: In the ETTm2 domain, this channel belongs to the ETTm2 dataset and represents the feature HUFL. Channel statistics over the training split: mean value is 40.887, standard deviation is 9.982, minimum value is 0.000, maximum value is 107.893, median value is 41.549, and mean absolute value is 40.887.
==================================================
🚀 Architecture: LAYA
📊 Target Dataset: ETTm2 (Channels: 7)
📊 Pretrain Info: electricity (Detected Channels: 7)
📊 Prediction Length: 720
==================================================
✅ Loaded pretrained encoder from ./checkpoints/electricity_laya_mixer_concat_text_stats_joint/laya_ts_electricity_s_best.pt
   - 65/65 keys matched.
ℹ️ Channel Adapter: disabled
📝 metadata: mode=text_stats_joint, fusion=concat_kv, relation=none
ℹ️ Metadata Fusion Mode: concat_kv
ℹ️ Channel Mixer Relation Mode: none
ℹ️ Encoder Variant: default
ℹ️ Channel Relation Block: disabled
✅ Probing Head [Mixer, channel-wise]: [B*C, 1024] -> [B, 7, 720]
Epoch 1/20 | Steps: 1268 | LR: 0.000100 | Train Loss: 0.741552 | Val Loss: 0.759752
   -> Updated best validation state: val_loss=0.759752 at epoch 1
Epoch 2/20 | Steps: 1268 | LR: 0.000100 | Train Loss: 0.717104 | Val Loss: 0.784826
Epoch 3/20 | Steps: 1268 | LR: 0.000100 | Train Loss: 0.710031 | Val Loss: 0.729517
   -> Updated best validation state: val_loss=0.729517 at epoch 3
Epoch 4/20 | Steps: 1268 | LR: 0.000100 | Train Loss: 0.706927 | Val Loss: 0.660894
   -> Updated best validation state: val_loss=0.660894 at epoch 4
Epoch 5/20 | Steps: 1268 | LR: 0.000100 | Train Loss: 0.705211 | Val Loss: 0.671500
Epoch 6/20 | Steps: 1268 | LR: 0.000100 | Train Loss: 0.704292 | Val Loss: 0.665556
Epoch 7/20 | Steps: 1268 | LR: 0.000100 | Train Loss: 0.703726 | Val Loss: 0.697688
Epoch 8/20 | Steps: 1268 | LR: 0.000100 | Train Loss: 0.703156 | Val Loss: 0.687466
Epoch 9/20 | Steps: 1268 | LR: 0.000100 | Train Loss: 0.702877 | Val Loss: 0.710671
Epoch 10/20 | Steps: 1268 | LR: 0.000100 | Train Loss: 0.702604 | Val Loss: 0.721937
Epoch 11/20 | Steps: 1268 | LR: 0.000100 | Train Loss: 0.702531 | Val Loss: 0.634576
   -> Updated best validation state: val_loss=0.634576 at epoch 11
Epoch 12/20 | Steps: 1268 | LR: 0.000100 | Train Loss: 0.702129 | Val Loss: 0.674190
Epoch 13/20 | Steps: 1268 | LR: 0.000100 | Train Loss: 0.702152 | Val Loss: 0.703741
Epoch 14/20 | Steps: 1268 | LR: 0.000100 | Train Loss: 0.702070 | Val Loss: 0.664035
Epoch 15/20 | Steps: 1268 | LR: 0.000100 | Train Loss: 0.701805 | Val Loss: 0.754981
Epoch 16/20 | Steps: 1268 | LR: 0.000100 | Train Loss: 0.701792 | Val Loss: 0.692591
Epoch 17/20 | Steps: 1268 | LR: 0.000100 | Train Loss: 0.701611 | Val Loss: 0.688021
Epoch 18/20 | Steps: 1268 | LR: 0.000100 | Train Loss: 0.701548 | Val Loss: 0.678436
Epoch 19/20 | Steps: 1268 | LR: 0.000100 | Train Loss: 0.701584 | Val Loss: 0.702099
Epoch 20/20 | Steps: 1268 | LR: 0.000100 | Train Loss: 0.701581 | Val Loss: 0.688855
{'test_mse': 0.7455735206604004, 'test_mae': 0.6151300072669983}
Saved attention maps for 3 sample(s) under ./runs/forecasting_electricity_to_ETTm2_laya_mixer_concat_text_stats_joint/pred_720/attention_maps
Joint metadata preview | dataset=weather | domain=weather | channels=21
   - p (mbar): In the weather domain, this channel belongs to the weather dataset and represents the feature p (mbar). Channel statistics over the training split: mean value is 990.642, standard deviation is 8.631, minimum value is 962.080, maximum value is 1020.070, median value is 991.090, and mean absolute value is 990.642.
==================================================
🚀 Architecture: LAYA
📊 Target Dataset: weather (Channels: 21)
📊 Pretrain Info: electricity (Detected Channels: 21)
📊 Prediction Length: 96
==================================================
✅ Loaded pretrained encoder from ./checkpoints/electricity_laya_mixer_concat_text_stats_joint/laya_ts_electricity_s_best.pt
   - 65/65 keys matched.
ℹ️ Channel Adapter: disabled
📝 metadata: mode=text_stats_joint, fusion=concat_kv, relation=none
ℹ️ Metadata Fusion Mode: concat_kv
ℹ️ Channel Mixer Relation Mode: none
ℹ️ Encoder Variant: default
ℹ️ Channel Relation Block: disabled
✅ Probing Head [Mixer, channel-wise]: [B*C, 1024] -> [B, 21, 96]
Epoch 1/20 | Steps: 1133 | LR: 0.000100 | Train Loss: 0.874540 | Val Loss: 0.884425
   -> Updated best validation state: val_loss=0.884425 at epoch 1
Epoch 2/20 | Steps: 1133 | LR: 0.000100 | Train Loss: 0.829574 | Val Loss: 0.864218
   -> Updated best validation state: val_loss=0.864218 at epoch 2
Epoch 3/20 | Steps: 1133 | LR: 0.000100 | Train Loss: 0.819232 | Val Loss: 0.859285
   -> Updated best validation state: val_loss=0.859285 at epoch 3
Epoch 4/20 | Steps: 1133 | LR: 0.000100 | Train Loss: 0.815672 | Val Loss: 0.855194
   -> Updated best validation state: val_loss=0.855194 at epoch 4
Epoch 5/20 | Steps: 1133 | LR: 0.000100 | Train Loss: 0.813779 | Val Loss: 0.855719
Epoch 6/20 | Steps: 1133 | LR: 0.000100 | Train Loss: 0.812728 | Val Loss: 0.850962
   -> Updated best validation state: val_loss=0.850962 at epoch 6
Epoch 7/20 | Steps: 1133 | LR: 0.000100 | Train Loss: 0.811981 | Val Loss: 0.857944
Epoch 8/20 | Steps: 1133 | LR: 0.000100 | Train Loss: 0.811487 | Val Loss: 0.847418
   -> Updated best validation state: val_loss=0.847418 at epoch 8
Epoch 9/20 | Steps: 1133 | LR: 0.000100 | Train Loss: 0.810921 | Val Loss: 0.843533
   -> Updated best validation state: val_loss=0.843533 at epoch 9
Epoch 10/20 | Steps: 1133 | LR: 0.000100 | Train Loss: 0.810766 | Val Loss: 0.852486
Epoch 11/20 | Steps: 1133 | LR: 0.000100 | Train Loss: 0.810438 | Val Loss: 0.847020
Epoch 12/20 | Steps: 1133 | LR: 0.000100 | Train Loss: 0.810316 | Val Loss: 0.860706
Epoch 13/20 | Steps: 1133 | LR: 0.000100 | Train Loss: 0.810058 | Val Loss: 0.853858
Epoch 14/20 | Steps: 1133 | LR: 0.000100 | Train Loss: 0.809852 | Val Loss: 0.855204
Epoch 15/20 | Steps: 1133 | LR: 0.000100 | Train Loss: 0.809753 | Val Loss: 0.854746
Epoch 16/20 | Steps: 1133 | LR: 0.000100 | Train Loss: 0.809796 | Val Loss: 0.849973
Epoch 17/20 | Steps: 1133 | LR: 0.000100 | Train Loss: 0.809642 | Val Loss: 0.848939
Epoch 18/20 | Steps: 1133 | LR: 0.000100 | Train Loss: 0.809623 | Val Loss: 0.854005
Epoch 19/20 | Steps: 1133 | LR: 0.000100 | Train Loss: 0.809375 | Val Loss: 0.847005
Epoch 20/20 | Steps: 1133 | LR: 0.000100 | Train Loss: 0.809326 | Val Loss: 0.846059
./run_forecasting.py:238: UserWarning: Tight layout not applied. The bottom and top margins cannot be made large enough to accommodate all axes decorations.
  plt.tight_layout()
./run_forecasting.py:250: UserWarning: Tight layout not applied. The bottom and top margins cannot be made large enough to accommodate all axes decorations.
  plt.tight_layout()
{'test_mse': 0.5982810854911804, 'test_mae': 0.5945119857788086}
Saved attention maps for 3 sample(s) under ./runs/forecasting_electricity_to_weather_laya_mixer_concat_text_stats_joint/pred_96/attention_maps
Joint metadata preview | dataset=weather | domain=weather | channels=21
   - p (mbar): In the weather domain, this channel belongs to the weather dataset and represents the feature p (mbar). Channel statistics over the training split: mean value is 990.642, standard deviation is 8.631, minimum value is 962.080, maximum value is 1020.070, median value is 991.090, and mean absolute value is 990.642.
==================================================
🚀 Architecture: LAYA
📊 Target Dataset: weather (Channels: 21)
📊 Pretrain Info: electricity (Detected Channels: 21)
📊 Prediction Length: 192
==================================================
✅ Loaded pretrained encoder from ./checkpoints/electricity_laya_mixer_concat_text_stats_joint/laya_ts_electricity_s_best.pt
   - 65/65 keys matched.
ℹ️ Channel Adapter: disabled
📝 metadata: mode=text_stats_joint, fusion=concat_kv, relation=none
ℹ️ Metadata Fusion Mode: concat_kv
ℹ️ Channel Mixer Relation Mode: none
ℹ️ Encoder Variant: default
ℹ️ Channel Relation Block: disabled
✅ Probing Head [Mixer, channel-wise]: [B*C, 1024] -> [B, 21, 192]
Epoch 1/20 | Steps: 1130 | LR: 0.000100 | Train Loss: 0.888923 | Val Loss: 0.906525
   -> Updated best validation state: val_loss=0.906525 at epoch 1
Epoch 2/20 | Steps: 1130 | LR: 0.000100 | Train Loss: 0.846448 | Val Loss: 0.891879
   -> Updated best validation state: val_loss=0.891879 at epoch 2
Epoch 3/20 | Steps: 1130 | LR: 0.000100 | Train Loss: 0.837220 | Val Loss: 0.878830
   -> Updated best validation state: val_loss=0.878830 at epoch 3
Epoch 4/20 | Steps: 1130 | LR: 0.000100 | Train Loss: 0.833814 | Val Loss: 0.875998
   -> Updated best validation state: val_loss=0.875998 at epoch 4
Epoch 5/20 | Steps: 1130 | LR: 0.000100 | Train Loss: 0.832216 | Val Loss: 0.883151
Epoch 6/20 | Steps: 1130 | LR: 0.000100 | Train Loss: 0.831369 | Val Loss: 0.876098
Epoch 7/20 | Steps: 1130 | LR: 0.000100 | Train Loss: 0.830616 | Val Loss: 0.875956
   -> Updated best validation state: val_loss=0.875956 at epoch 7
Epoch 8/20 | Steps: 1130 | LR: 0.000100 | Train Loss: 0.830316 | Val Loss: 0.879236
Epoch 9/20 | Steps: 1130 | LR: 0.000100 | Train Loss: 0.829932 | Val Loss: 0.866243
   -> Updated best validation state: val_loss=0.866243 at epoch 9
Epoch 10/20 | Steps: 1130 | LR: 0.000100 | Train Loss: 0.829698 | Val Loss: 0.865034
   -> Updated best validation state: val_loss=0.865034 at epoch 10
Epoch 11/20 | Steps: 1130 | LR: 0.000100 | Train Loss: 0.829369 | Val Loss: 0.883752
Epoch 12/20 | Steps: 1130 | LR: 0.000100 | Train Loss: 0.829185 | Val Loss: 0.883721
Epoch 13/20 | Steps: 1130 | LR: 0.000100 | Train Loss: 0.829147 | Val Loss: 0.872904
Epoch 14/20 | Steps: 1130 | LR: 0.000100 | Train Loss: 0.829002 | Val Loss: 0.874302
Epoch 15/20 | Steps: 1130 | LR: 0.000100 | Train Loss: 0.828893 | Val Loss: 0.872257
Epoch 16/20 | Steps: 1130 | LR: 0.000100 | Train Loss: 0.828775 | Val Loss: 0.884127
Epoch 17/20 | Steps: 1130 | LR: 0.000100 | Train Loss: 0.828681 | Val Loss: 0.878182
Epoch 18/20 | Steps: 1130 | LR: 0.000100 | Train Loss: 0.828747 | Val Loss: 0.876643
Epoch 19/20 | Steps: 1130 | LR: 0.000100 | Train Loss: 0.828575 | Val Loss: 0.878326
Epoch 20/20 | Steps: 1130 | LR: 0.000100 | Train Loss: 0.828522 | Val Loss: 0.867046
./run_forecasting.py:238: UserWarning: Tight layout not applied. The bottom and top margins cannot be made large enough to accommodate all axes decorations.
  plt.tight_layout()
./run_forecasting.py:250: UserWarning: Tight layout not applied. The bottom and top margins cannot be made large enough to accommodate all axes decorations.
  plt.tight_layout()
{'test_mse': 0.6175774335861206, 'test_mae': 0.6057170033454895}
Saved attention maps for 3 sample(s) under ./runs/forecasting_electricity_to_weather_laya_mixer_concat_text_stats_joint/pred_192/attention_maps
Joint metadata preview | dataset=weather | domain=weather | channels=21
   - p (mbar): In the weather domain, this channel belongs to the weather dataset and represents the feature p (mbar). Channel statistics over the training split: mean value is 990.642, standard deviation is 8.631, minimum value is 962.080, maximum value is 1020.070, median value is 991.090, and mean absolute value is 990.642.
==================================================
🚀 Architecture: LAYA
📊 Target Dataset: weather (Channels: 21)
📊 Pretrain Info: electricity (Detected Channels: 21)
📊 Prediction Length: 336
==================================================
✅ Loaded pretrained encoder from ./checkpoints/electricity_laya_mixer_concat_text_stats_joint/laya_ts_electricity_s_best.pt
   - 65/65 keys matched.
ℹ️ Channel Adapter: disabled
📝 metadata: mode=text_stats_joint, fusion=concat_kv, relation=none
ℹ️ Metadata Fusion Mode: concat_kv
ℹ️ Channel Mixer Relation Mode: none
ℹ️ Encoder Variant: default
ℹ️ Channel Relation Block: disabled
✅ Probing Head [Mixer, channel-wise]: [B*C, 1024] -> [B, 21, 336]
Epoch 1/20 | Steps: 1126 | LR: 0.000100 | Train Loss: 0.904577 | Val Loss: 0.906970
   -> Updated best validation state: val_loss=0.906970 at epoch 1
Epoch 2/20 | Steps: 1126 | LR: 0.000100 | Train Loss: 0.863546 | Val Loss: 0.884462
   -> Updated best validation state: val_loss=0.884462 at epoch 2
Epoch 3/20 | Steps: 1126 | LR: 0.000100 | Train Loss: 0.854623 | Val Loss: 0.890578
Epoch 4/20 | Steps: 1126 | LR: 0.000100 | Train Loss: 0.851610 | Val Loss: 0.885193
Epoch 5/20 | Steps: 1126 | LR: 0.000100 | Train Loss: 0.850107 | Val Loss: 0.883519
   -> Updated best validation state: val_loss=0.883519 at epoch 5
Epoch 6/20 | Steps: 1126 | LR: 0.000100 | Train Loss: 0.849304 | Val Loss: 0.883691
Epoch 7/20 | Steps: 1126 | LR: 0.000100 | Train Loss: 0.848712 | Val Loss: 0.877640
   -> Updated best validation state: val_loss=0.877640 at epoch 7
Epoch 8/20 | Steps: 1126 | LR: 0.000100 | Train Loss: 0.848387 | Val Loss: 0.878376
Epoch 9/20 | Steps: 1126 | LR: 0.000100 | Train Loss: 0.848166 | Val Loss: 0.879717
Epoch 10/20 | Steps: 1126 | LR: 0.000100 | Train Loss: 0.847972 | Val Loss: 0.874549
   -> Updated best validation state: val_loss=0.874549 at epoch 10
Epoch 11/20 | Steps: 1126 | LR: 0.000100 | Train Loss: 0.847719 | Val Loss: 0.883535
Epoch 12/20 | Steps: 1126 | LR: 0.000100 | Train Loss: 0.847674 | Val Loss: 0.878280
Epoch 13/20 | Steps: 1126 | LR: 0.000100 | Train Loss: 0.847582 | Val Loss: 0.882854
Epoch 14/20 | Steps: 1126 | LR: 0.000100 | Train Loss: 0.847451 | Val Loss: 0.881177
Epoch 15/20 | Steps: 1126 | LR: 0.000100 | Train Loss: 0.847304 | Val Loss: 0.880173
Epoch 16/20 | Steps: 1126 | LR: 0.000100 | Train Loss: 0.847282 | Val Loss: 0.876918
Epoch 17/20 | Steps: 1126 | LR: 0.000100 | Train Loss: 0.847238 | Val Loss: 0.877408
Epoch 18/20 | Steps: 1126 | LR: 0.000100 | Train Loss: 0.847232 | Val Loss: 0.887258
Epoch 19/20 | Steps: 1126 | LR: 0.000100 | Train Loss: 0.847120 | Val Loss: 0.887636
Epoch 20/20 | Steps: 1126 | LR: 0.000100 | Train Loss: 0.847127 | Val Loss: 0.875714
./run_forecasting.py:238: UserWarning: Tight layout not applied. The bottom and top margins cannot be made large enough to accommodate all axes decorations.
  plt.tight_layout()
./run_forecasting.py:250: UserWarning: Tight layout not applied. The bottom and top margins cannot be made large enough to accommodate all axes decorations.
  plt.tight_layout()
{'test_mse': 0.6339322924613953, 'test_mae': 0.6146841645240784}
Saved attention maps for 3 sample(s) under ./runs/forecasting_electricity_to_weather_laya_mixer_concat_text_stats_joint/pred_336/attention_maps
Joint metadata preview | dataset=weather | domain=weather | channels=21
   - p (mbar): In the weather domain, this channel belongs to the weather dataset and represents the feature p (mbar). Channel statistics over the training split: mean value is 990.642, standard deviation is 8.631, minimum value is 962.080, maximum value is 1020.070, median value is 991.090, and mean absolute value is 990.642.
==================================================
🚀 Architecture: LAYA
📊 Target Dataset: weather (Channels: 21)
📊 Pretrain Info: electricity (Detected Channels: 21)
📊 Prediction Length: 720
==================================================
✅ Loaded pretrained encoder from ./checkpoints/electricity_laya_mixer_concat_text_stats_joint/laya_ts_electricity_s_best.pt
   - 65/65 keys matched.
ℹ️ Channel Adapter: disabled
📝 metadata: mode=text_stats_joint, fusion=concat_kv, relation=none
ℹ️ Metadata Fusion Mode: concat_kv
ℹ️ Channel Mixer Relation Mode: none
ℹ️ Encoder Variant: default
ℹ️ Channel Relation Block: disabled
✅ Probing Head [Mixer, channel-wise]: [B*C, 1024] -> [B, 21, 720]
Epoch 1/20 | Steps: 1114 | LR: 0.000100 | Train Loss: 0.920492 | Val Loss: 0.880135
   -> Updated best validation state: val_loss=0.880135 at epoch 1
Epoch 2/20 | Steps: 1114 | LR: 0.000100 | Train Loss: 0.881886 | Val Loss: 0.872583
   -> Updated best validation state: val_loss=0.872583 at epoch 2
Epoch 3/20 | Steps: 1114 | LR: 0.000100 | Train Loss: 0.873624 | Val Loss: 0.864338
   -> Updated best validation state: val_loss=0.864338 at epoch 3
Epoch 4/20 | Steps: 1114 | LR: 0.000100 | Train Loss: 0.870833 | Val Loss: 0.866598
Epoch 5/20 | Steps: 1114 | LR: 0.000100 | Train Loss: 0.869755 | Val Loss: 0.857524
   -> Updated best validation state: val_loss=0.857524 at epoch 5
Epoch 6/20 | Steps: 1114 | LR: 0.000100 | Train Loss: 0.869062 | Val Loss: 0.857126
   -> Updated best validation state: val_loss=0.857126 at epoch 6
Epoch 7/20 | Steps: 1114 | LR: 0.000100 | Train Loss: 0.868650 | Val Loss: 0.861378
Epoch 8/20 | Steps: 1114 | LR: 0.000100 | Train Loss: 0.868457 | Val Loss: 0.861238
Epoch 9/20 | Steps: 1114 | LR: 0.000100 | Train Loss: 0.868178 | Val Loss: 0.858367
Epoch 10/20 | Steps: 1114 | LR: 0.000100 | Train Loss: 0.868016 | Val Loss: 0.860324
Epoch 11/20 | Steps: 1114 | LR: 0.000100 | Train Loss: 0.867893 | Val Loss: 0.859635
Epoch 12/20 | Steps: 1114 | LR: 0.000100 | Train Loss: 0.867846 | Val Loss: 0.859375
Epoch 13/20 | Steps: 1114 | LR: 0.000100 | Train Loss: 0.867760 | Val Loss: 0.860906
Epoch 14/20 | Steps: 1114 | LR: 0.000100 | Train Loss: 0.867673 | Val Loss: 0.860394
Epoch 15/20 | Steps: 1114 | LR: 0.000100 | Train Loss: 0.867671 | Val Loss: 0.859721
Epoch 16/20 | Steps: 1114 | LR: 0.000100 | Train Loss: 0.867611 | Val Loss: 0.862775
Epoch 17/20 | Steps: 1114 | LR: 0.000100 | Train Loss: 0.867591 | Val Loss: 0.864694
Epoch 18/20 | Steps: 1114 | LR: 0.000100 | Train Loss: 0.867535 | Val Loss: 0.860033
Epoch 19/20 | Steps: 1114 | LR: 0.000100 | Train Loss: 0.867525 | Val Loss: 0.860276
Epoch 20/20 | Steps: 1114 | LR: 0.000100 | Train Loss: 0.867454 | Val Loss: 0.861287
./run_forecasting.py:238: UserWarning: Tight layout not applied. The bottom and top margins cannot be made large enough to accommodate all axes decorations.
  plt.tight_layout()
./run_forecasting.py:250: UserWarning: Tight layout not applied. The bottom and top margins cannot be made large enough to accommodate all axes decorations.
  plt.tight_layout()
{'test_mse': 0.6540084481239319, 'test_mae': 0.6264564990997314}
Saved attention maps for 3 sample(s) under ./runs/forecasting_electricity_to_weather_laya_mixer_concat_text_stats_joint/pred_720/attention_maps
