nohup: ignoring input
🚀 Laya-TS Pretraining: lotsa (laya + attention_suppress_gate)
📊 subsets: beijing_air_quality,HZMETRO,residential_pv_power,residential_load_power,china_air_quality
⏱️ total_steps: 100000
🧪 val_interval: 2000
🔗 suppression relation: metric=projected_dot, lambda_init=0.0, gamma_init=1.0
📝 log_dir: ./runs/pretrain_lotsa_laya_attention_suppress_gate_text
📊 Dataset Statistics:
   - Sequence Length (T): 512
   - Train Samples: 378730, Steps: 11837
   - Val Samples: 53820, Steps: 1685
   - LOTSA subset groups: ['beijing_air_quality', 'residential_pv_power', 'residential_load_power', 'china_air_quality']
   - LOTSA channel counts: [11, 3, 3, 6]
🔧 Encoder Hyperparameters:
   - d_model: 128
   - n_heads: 8
   - n_layers: 3
   - proj_dim: 256
   - patch_size: 16
   - metadata_fusion_mode: attention_suppress_gate
   - channel_mixer_relation_mode: none
   - description_relation_metric: projected_dot
   - description_relation_lambda_init: 0.0
   - description_relation_gamma_init: 1.0
   - encoder_variant: default
   - temporal_patchifier_mode: fixed
   - use_channel_relation_block: False
🧮 Parameter Counts:
   - Total Parameters: 4,500,098
   - Trainable Parameters: 4,500,098
⏱️ Schedule:
   - total_steps: 100000
   - warmup_steps: 5000
   - derived_epochs: 9
   - val_interval: 2000
[LOTSA] Falling back to synthetic channel names for subset 'residential_load_power' (channels=3); no explicit feature names were found in the record metadata.
Text metadata preview | dataset=residential_load_power | domain=electricity | channels=3
   - feature_0: In the electricity domain, this channel belongs to the residential load power dataset and represents the feature feature 0.
   - feature_1: In the electricity domain, this channel belongs to the residential load power dataset and represents the feature feature 1.
   - ... (1 more channel descriptions)
[LOTSA] Falling back to synthetic channel names for subset 'china_air_quality' (channels=6); no explicit feature names were found in the record metadata.
Text metadata preview | dataset=china_air_quality | domain=environment | channels=6
   - feature_0: In the environment domain, this channel belongs to the china air quality dataset and represents the feature feature 0.
   - feature_1: In the environment domain, this channel belongs to the china air quality dataset and represents the feature feature 1.
   - ... (4 more channel descriptions)
[LOTSA] Falling back to synthetic channel names for subset 'residential_pv_power' (channels=3); no explicit feature names were found in the record metadata.
Text metadata preview | dataset=residential_pv_power | domain=electricity | channels=3
   - feature_0: In the electricity domain, this channel belongs to the residential pv power dataset and represents the feature feature 0.
   - feature_1: In the electricity domain, this channel belongs to the residential pv power dataset and represents the feature feature 1.
   - ... (1 more channel descriptions)
Text metadata preview | dataset=beijing_air_quality station PRSA_Data_Guanyuan_20130301-20170228 | domain=environment | channels=11
   - PM2.5: In the environment domain, this channel belongs to the beijing air quality station PRSA Data Guanyuan 20130301-20170228 dataset and represents the feature PM2.5.
   - PM10: In the environment domain, this channel belongs to the beijing air quality station PRSA Data Guanyuan 20130301-20170228 dataset and represents the feature PM10.
   - ... (9 more channel descriptions)
Text metadata preview | dataset=beijing_air_quality station PRSA_Data_Changping_20130301-20170228 | domain=environment | channels=11
   - PM2.5: In the environment domain, this channel belongs to the beijing air quality station PRSA Data Changping 20130301-20170228 dataset and represents the feature PM2.5.
   - PM10: In the environment domain, this channel belongs to the beijing air quality station PRSA Data Changping 20130301-20170228 dataset and represents the feature PM10.
   - ... (9 more channel descriptions)
Text metadata preview | dataset=beijing_air_quality station PRSA_Data_Shunyi_20130301-20170228 | domain=environment | channels=11
   - PM2.5: In the environment domain, this channel belongs to the beijing air quality station PRSA Data Shunyi 20130301-20170228 dataset and represents the feature PM2.5.
   - PM10: In the environment domain, this channel belongs to the beijing air quality station PRSA Data Shunyi 20130301-20170228 dataset and represents the feature PM10.
   - ... (9 more channel descriptions)
Text metadata preview | dataset=beijing_air_quality station PRSA_Data_Huairou_20130301-20170228 | domain=environment | channels=11
   - PM2.5: In the environment domain, this channel belongs to the beijing air quality station PRSA Data Huairou 20130301-20170228 dataset and represents the feature PM2.5.
   - PM10: In the environment domain, this channel belongs to the beijing air quality station PRSA Data Huairou 20130301-20170228 dataset and represents the feature PM10.
   - ... (9 more channel descriptions)
Text metadata preview | dataset=beijing_air_quality station PRSA_Data_Dongsi_20130301-20170228 | domain=environment | channels=11
   - PM2.5: In the environment domain, this channel belongs to the beijing air quality station PRSA Data Dongsi 20130301-20170228 dataset and represents the feature PM2.5.
   - PM10: In the environment domain, this channel belongs to the beijing air quality station PRSA Data Dongsi 20130301-20170228 dataset and represents the feature PM10.
   - ... (9 more channel descriptions)
Text metadata preview | dataset=beijing_air_quality station PRSA_Data_Tiantan_20130301-20170228 | domain=environment | channels=11
   - PM2.5: In the environment domain, this channel belongs to the beijing air quality station PRSA Data Tiantan 20130301-20170228 dataset and represents the feature PM2.5.
   - PM10: In the environment domain, this channel belongs to the beijing air quality station PRSA Data Tiantan 20130301-20170228 dataset and represents the feature PM10.
   - ... (9 more channel descriptions)
Text metadata preview | dataset=beijing_air_quality station PRSA_Data_Nongzhanguan_20130301-20170228 | domain=environment | channels=11
   - PM2.5: In the environment domain, this channel belongs to the beijing air quality station PRSA Data Nongzhanguan 20130301-20170228 dataset and represents the feature PM2.5.
   - PM10: In the environment domain, this channel belongs to the beijing air quality station PRSA Data Nongzhanguan 20130301-20170228 dataset and represents the feature PM10.
   - ... (9 more channel descriptions)
Text metadata preview | dataset=beijing_air_quality station PRSA_Data_Wanliu_20130301-20170228 | domain=environment | channels=11
   - PM2.5: In the environment domain, this channel belongs to the beijing air quality station PRSA Data Wanliu 20130301-20170228 dataset and represents the feature PM2.5.
   - PM10: In the environment domain, this channel belongs to the beijing air quality station PRSA Data Wanliu 20130301-20170228 dataset and represents the feature PM10.
   - ... (9 more channel descriptions)
Text metadata preview | dataset=beijing_air_quality station PRSA_Data_Wanshouxigong_20130301-20170228 | domain=environment | channels=11
   - PM2.5: In the environment domain, this channel belongs to the beijing air quality station PRSA Data Wanshouxigong 20130301-20170228 dataset and represents the feature PM2.5.
   - PM10: In the environment domain, this channel belongs to the beijing air quality station PRSA Data Wanshouxigong 20130301-20170228 dataset and represents the feature PM10.
   - ... (9 more channel descriptions)
Text metadata preview | dataset=beijing_air_quality station PRSA_Data_Gucheng_20130301-20170228 | domain=environment | channels=11
   - PM2.5: In the environment domain, this channel belongs to the beijing air quality station PRSA Data Gucheng 20130301-20170228 dataset and represents the feature PM2.5.
   - PM10: In the environment domain, this channel belongs to the beijing air quality station PRSA Data Gucheng 20130301-20170228 dataset and represents the feature PM10.
   - ... (9 more channel descriptions)
Text metadata preview | dataset=beijing_air_quality station PRSA_Data_Aotizhongxin_20130301-20170228 | domain=environment | channels=11
   - PM2.5: In the environment domain, this channel belongs to the beijing air quality station PRSA Data Aotizhongxin 20130301-20170228 dataset and represents the feature PM2.5.
   - PM10: In the environment domain, this channel belongs to the beijing air quality station PRSA Data Aotizhongxin 20130301-20170228 dataset and represents the feature PM10.
   - ... (9 more channel descriptions)
Text metadata preview | dataset=beijing_air_quality station PRSA_Data_Dingling_20130301-20170228 | domain=environment | channels=11
   - PM2.5: In the environment domain, this channel belongs to the beijing air quality station PRSA Data Dingling 20130301-20170228 dataset and represents the feature PM2.5.
   - PM10: In the environment domain, this channel belongs to the beijing air quality station PRSA Data Dingling 20130301-20170228 dataset and represents the feature PM10.
   - ... (9 more channel descriptions)
[LOTSA] Falling back to synthetic channel names for subset 'residential_pv_power' (channels=3); no explicit feature names were found in the record metadata.
[LOTSA] Falling back to synthetic channel names for subset 'residential_load_power' (channels=3); no explicit feature names were found in the record metadata.
[LOTSA] Falling back to synthetic channel names for subset 'china_air_quality' (channels=6); no explicit feature names were found in the record metadata.
Validation @ step 2000/100000 | Epoch 1/9 | LR: 0.000040 | Macro Val: 1.394249 (P:0.3746, S:0.3946, Q:0.9999) | Micro Val: 1.388454 (P:0.3726, S:0.3164, Q:1.0000)
   -> Per-dataset val loss: beijing_air_quality=1.3759 | residential_pv_power=1.3204 | residential_load_power=1.4466 | china_air_quality=1.4341
   -> Saved improved checkpoint: macro_val_loss=1.394249 at step 2000
Validation @ step 4000/100000 | Epoch 1/9 | LR: 0.000080 | Macro Val: 1.375590 (P:0.6067, S:0.4114, Q:0.7483) | Micro Val: 1.583591 (P:0.6157, S:0.3433, Q:0.9508)
   -> Per-dataset val loss: beijing_air_quality=1.1813 | residential_pv_power=1.6584 | residential_load_power=1.5267 | china_air_quality=1.1360
   -> Saved improved checkpoint: macro_val_loss=1.375590 at step 4000
Validation @ step 6000/100000 | Epoch 1/9 | LR: 0.000100 | Macro Val: 2.218871 (P:1.6067, S:0.7054, Q:0.5769) | Micro Val: 1.954182 (P:1.3018, S:0.3410, Q:0.6353)
   -> Per-dataset val loss: beijing_air_quality=3.1013 | residential_pv_power=1.9243 | residential_load_power=1.9782 | china_air_quality=1.8717
Validation @ step 8000/100000 | Epoch 1/9 | LR: 0.000100 | Macro Val: 4.712791 (P:4.1475, S:0.7126, Q:0.5296) | Micro Val: 2.653089 (P:2.0876, S:0.3744, Q:0.5467)
   -> Per-dataset val loss: beijing_air_quality=9.9602 | residential_pv_power=2.4462 | residential_load_power=2.7979 | china_air_quality=3.6469
Validation @ step 10000/100000 | Epoch 1/9 | LR: 0.000099 | Macro Val: 2.080472 (P:1.5303, S:0.6922, Q:0.5155) | Micro Val: 1.522801 (P:0.9839, S:0.3658, Q:0.5206)
   -> Per-dataset val loss: beijing_air_quality=3.3053 | residential_pv_power=1.2224 | residential_load_power=1.7700 | china_air_quality=2.0242
Epoch 1/9 | Steps: 11483 | LR: 0.000099 | Train Loss: 1.121783 (P:0.3814, S:0.1090, Q:0.7349) | Repr L2μ: 5.9201 | Repr Cosμ: 0.7561 | Pred→Target Cosμ: 0.7835 | Repr NormRatio: 1.2095
Validation @ step 12000/100000 | Epoch 2/9 | LR: 0.000099 | Macro Val: 3.409709 (P:2.8515, S:0.9061, Q:0.5129) | Micro Val: 1.884072 (P:1.3480, S:0.4085, Q:0.5157)
   -> Per-dataset val loss: beijing_air_quality=6.7547 | residential_pv_power=1.6554 | residential_load_power=2.0496 | china_air_quality=3.1792
Validation @ step 14000/100000 | Epoch 2/9 | LR: 0.000098 | Macro Val: 3.018441 (P:2.4774, S:0.6302, Q:0.5095) | Micro Val: 2.147642 (P:1.6181, S:0.4025, Q:0.5095)
   -> Per-dataset val loss: beijing_air_quality=4.6030 | residential_pv_power=1.7390 | residential_load_power=2.4776 | china_air_quality=3.2541
Validation @ step 16000/100000 | Epoch 2/9 | LR: 0.000097 | Macro Val: 5.091767 (P:4.5362, S:0.9346, Q:0.5088) | Micro Val: 1.940729 (P:1.4157, S:0.3375, Q:0.5081)
   -> Per-dataset val loss: beijing_air_quality=10.4071 | residential_pv_power=1.5551 | residential_load_power=2.1885 | china_air_quality=6.2164
Validation @ step 18000/100000 | Epoch 2/9 | LR: 0.000095 | Macro Val: 5.154271 (P:4.6063, S:0.7923, Q:0.5084) | Micro Val: 2.428370 (P:1.8991, S:0.4394, Q:0.5073)
   -> Per-dataset val loss: beijing_air_quality=10.8412 | residential_pv_power=1.8110 | residential_load_power=2.9004 | china_air_quality=5.0645
Validation @ step 20000/100000 | Epoch 2/9 | LR: 0.000094 | Macro Val: 13.809306 (P:13.2367, S:1.2914, Q:0.5080) | Micro Val: 4.486711 (P:3.9549, S:0.5045, Q:0.5066)
   -> Per-dataset val loss: beijing_air_quality=29.0614 | residential_pv_power=3.6581 | residential_load_power=4.9450 | china_air_quality=17.5727
Validation @ step 22000/100000 | Epoch 2/9 | LR: 0.000092 | Macro Val: 4.046577 (P:3.4956, S:0.8633, Q:0.5078) | Micro Val: 2.164138 (P:1.6383, S:0.3947, Q:0.5061)
   -> Per-dataset val loss: beijing_air_quality=7.3728 | residential_pv_power=1.8078 | residential_load_power=2.4225 | china_air_quality=4.5832
Epoch 2/9 | Steps: 11483 | LR: 0.000092 | Train Loss: 0.951775 (P:0.4405, S:0.0741, Q:0.5076) | Repr L2μ: 4.4350 | Repr Cosμ: 0.8364 | Pred→Target Cosμ: 0.7847 | Repr NormRatio: 1.1532
Validation @ step 24000/100000 | Epoch 3/9 | LR: 0.000091 | Macro Val: 4.888954 (P:4.3465, S:0.6957, Q:0.5076) | Micro Val: 2.750918 (P:2.2277, S:0.3470, Q:0.5059)
   -> Per-dataset val loss: beijing_air_quality=8.8961 | residential_pv_power=2.1301 | residential_load_power=3.2332 | china_air_quality=5.2964
Validation @ step 26000/100000 | Epoch 3/9 | LR: 0.000089 | Macro Val: 8.924017 (P:8.3682, S:0.9666, Q:0.5074) | Micro Val: 2.749869 (P:2.2258, S:0.3700, Q:0.5055)
   -> Per-dataset val loss: beijing_air_quality=20.6603 | residential_pv_power=1.9235 | residential_load_power=3.3125 | china_air_quality=9.7997
Validation @ step 28000/100000 | Epoch 3/9 | LR: 0.000086 | Macro Val: 9.761708 (P:9.2018, S:1.0497, Q:0.5074) | Micro Val: 3.277525 (P:2.7522, S:0.3979, Q:0.5054)
   -> Per-dataset val loss: beijing_air_quality=22.5401 | residential_pv_power=2.4894 | residential_load_power=3.8053 | china_air_quality=10.2120
Validation @ step 30000/100000 | Epoch 3/9 | LR: 0.000084 | Macro Val: 4.665535 (P:4.1158, S:0.8496, Q:0.5073) | Micro Val: 2.345435 (P:1.8174, S:0.4550, Q:0.5052)
   -> Per-dataset val loss: beijing_air_quality=9.0514 | residential_pv_power=1.6889 | residential_load_power=2.8545 | china_air_quality=5.0674
Validation @ step 32000/100000 | Epoch 3/9 | LR: 0.000082 | Macro Val: 7.653001 (P:7.0888, S:1.1392, Q:0.5072) | Micro Val: 2.383407 (P:1.8576, S:0.4139, Q:0.5051)
   -> Per-dataset val loss: beijing_air_quality=16.9314 | residential_pv_power=1.5408 | residential_load_power=2.9727 | china_air_quality=9.1671
Validation @ step 34000/100000 | Epoch 3/9 | LR: 0.000079 | Macro Val: 6.423119 (P:5.8641, S:1.0379, Q:0.5072) | Micro Val: 4.049622 (P:3.5128, S:0.6353, Q:0.5050)
   -> Per-dataset val loss: beijing_air_quality=12.2409 | residential_pv_power=3.9912 | residential_load_power=4.0587 | china_air_quality=5.4017
Epoch 3/9 | Steps: 11483 | LR: 0.000078 | Train Loss: 0.985930 (P:0.4776, S:0.0724, Q:0.5047) | Repr L2μ: 4.3423 | Repr Cosμ: 0.8211 | Pred→Target Cosμ: 0.7874 | Repr NormRatio: 1.1386
Validation @ step 36000/100000 | Epoch 4/9 | LR: 0.000076 | Macro Val: 4.257426 (P:3.7114, S:0.7788, Q:0.5070) | Micro Val: 2.043565 (P:1.5191, S:0.3923, Q:0.5048)
   -> Per-dataset val loss: beijing_air_quality=8.5773 | residential_pv_power=1.4444 | residential_load_power=2.5074 | china_air_quality=4.5006
Validation @ step 38000/100000 | Epoch 4/9 | LR: 0.000073 | Macro Val: 15.503745 (P:14.9393, S:1.1498, Q:0.5069) | Micro Val: 4.985171 (P:4.4566, S:0.4802, Q:0.5046)
   -> Per-dataset val loss: beijing_air_quality=36.5987 | residential_pv_power=2.7696 | residential_load_power=6.6526 | china_air_quality=15.9941
Validation @ step 40000/100000 | Epoch 4/9 | LR: 0.000070 | Macro Val: 3.929950 (P:3.3882, S:0.7001, Q:0.5068) | Micro Val: 1.764587 (P:1.2418, S:0.3703, Q:0.5043)
   -> Per-dataset val loss: beijing_air_quality=8.4404 | residential_pv_power=1.2981 | residential_load_power=2.1188 | china_air_quality=3.8625
Validation @ step 42000/100000 | Epoch 4/9 | LR: 0.000067 | Macro Val: 5.442441 (P:4.8944, S:0.8316, Q:0.5065) | Micro Val: 2.275042 (P:1.7515, S:0.3941, Q:0.5038)
   -> Per-dataset val loss: beijing_air_quality=11.8109 | residential_pv_power=1.5015 | residential_load_power=2.8690 | china_air_quality=5.5884
Validation @ step 44000/100000 | Epoch 4/9 | LR: 0.000064 | Macro Val: 5.237607 (P:4.6911, S:0.8069, Q:0.5061) | Micro Val: 1.932198 (P:1.4101, S:0.3779, Q:0.5032)
   -> Per-dataset val loss: beijing_air_quality=11.7533 | residential_pv_power=1.4290 | residential_load_power=2.2885 | china_air_quality=5.4795
Epoch 4/9 | Steps: 11483 | LR: 0.000061 | Train Loss: 0.929503 (P:0.4225, S:0.0686, Q:0.5035) | Repr L2μ: 3.7145 | Repr Cosμ: 0.8537 | Pred→Target Cosμ: 0.8016 | Repr NormRatio: 1.1302
Using the latest cached version of the dataset since Salesforce/lotsa_data couldn't be found on the Hugging Face Hub
Found the latest cached dataset configuration 'beijing_air_quality' at /root/.cache/huggingface/datasets/Salesforce___lotsa_data/beijing_air_quality/0.0.0/8191fd29eb5cf906ec55effca44d8059888b615d (last modified on Tue May  5 14:29:29 2026).
Validation @ step 46000/100000 | Epoch 5/9 | LR: 0.000061 | Macro Val: 2.571998 (P:2.0417, S:0.4902, Q:0.5058) | Micro Val: 1.969557 (P:1.4485, S:0.3709, Q:0.5025)
   -> Per-dataset val loss: beijing_air_quality=3.7958 | residential_pv_power=2.1128 | residential_load_power=1.8327 | china_air_quality=2.5468
Validation @ step 48000/100000 | Epoch 5/9 | LR: 0.000058 | Macro Val: 5.261631 (P:4.7098, S:0.9342, Q:0.5051) | Micro Val: 1.820319 (P:1.2942, S:0.4930, Q:0.5015)
   -> Per-dataset val loss: beijing_air_quality=12.1624 | residential_pv_power=1.3960 | residential_load_power=2.1071 | china_air_quality=5.3810
Validation @ step 50000/100000 | Epoch 5/9 | LR: 0.000055 | Macro Val: 6.196526 (P:5.6416, S:1.0006, Q:0.5049) | Micro Val: 2.263453 (P:1.7426, S:0.3943, Q:0.5011)
   -> Per-dataset val loss: beijing_air_quality=13.1694 | residential_pv_power=1.6003 | residential_load_power=2.7334 | china_air_quality=7.2830
Validation @ step 52000/100000 | Epoch 5/9 | LR: 0.000051 | Macro Val: 10.391040 (P:9.8332, S:1.0647, Q:0.5046) | Micro Val: 2.942987 (P:2.4232, S:0.3830, Q:0.5007)
   -> Per-dataset val loss: beijing_air_quality=24.7962 | residential_pv_power=1.8074 | residential_load_power=3.7441 | china_air_quality=11.2164
Validation @ step 54000/100000 | Epoch 5/9 | LR: 0.000048 | Macro Val: 5.678076 (P:5.1300, S:0.8729, Q:0.5044) | Micro Val: 2.225382 (P:1.7059, S:0.3815, Q:0.5004)
   -> Per-dataset val loss: beijing_air_quality=12.3957 | residential_pv_power=1.6145 | residential_load_power=2.6700 | china_air_quality=6.0321
Validation @ step 56000/100000 | Epoch 5/9 | LR: 0.000045 | Macro Val: 5.349888 (P:4.7985, S:0.9428, Q:0.5043) | Micro Val: 1.961689 (P:1.4402, S:0.4248, Q:0.5003)
   -> Per-dataset val loss: beijing_air_quality=11.7992 | residential_pv_power=1.4620 | residential_load_power=2.3104 | china_air_quality=5.8281
Epoch 5/9 | Steps: 11483 | LR: 0.000042 | Train Loss: 0.899843 (P:0.3962, S:0.0644, Q:0.5005) | Repr L2μ: 3.4344 | Repr Cosμ: 0.8626 | Pred→Target Cosμ: 0.8070 | Repr NormRatio: 1.1571
Validation @ step 58000/100000 | Epoch 6/9 | LR: 0.000042 | Macro Val: 7.871225 (P:7.3185, S:0.9865, Q:0.5034) | Micro Val: 2.120222 (P:1.6005, S:0.3849, Q:0.5005)
   -> Per-dataset val loss: beijing_air_quality=19.4918 | residential_pv_power=1.3750 | residential_load_power=2.6316 | china_air_quality=7.9865
