nohup: ignoring input
🚀 Laya-TS Pretraining: lotsa (laya + ci)
📊 subsets: beijing_air_quality,HZMETRO,residential_pv_power,residential_load_power,china_air_quality
⏱️ total_steps: 100000
🧪 val_interval: 2000
📝 log_dir: ./runs/pretrain_lotsa_laya_ci_none
Using the latest cached version of the dataset since Salesforce/lotsa_data couldn't be found on the Hugging Face Hub
[LOTSA] Skipping subset 'china_air_quality' during channel-count: Couldn't find cache for Salesforce/lotsa_data for config 'china_air_quality'
Available configs in the cache: ['BEIJING_SUBWAY_30MIN', 'HZMETRO', 'LOOP_SEATTLE', 'LOS_LOOP', 'M_DENSE', 'PEMS03', 'PEMS04', 'PEMS07', 'PEMS08', 'PEMS_BAY', 'Q-TRAFFIC', 'SHMETRO', 'SZ_TAXI', 'alibaba_cluster_trace_2018', 'australian_electricity_demand', 'azure_vm_traces_2017', 'beijing_air_quality', 'm4_hourly', 'weather']
📊 Dataset Statistics:
   - Sequence Length (T): 512
   - Train Samples: 378730, Steps: 11837
   - Val Samples: 53820, Steps: 1685
   - LOTSA subset groups: ['beijing_air_quality', 'residential_pv_power', 'residential_load_power', 'china_air_quality']
   - LOTSA channel counts: [11, 3, 3, 0]
🔧 Encoder Hyperparameters:
   - d_model: 128
   - n_heads: 8
   - n_layers: 3
   - proj_dim: 256
   - patch_size: 16
   - metadata_fusion_mode: none
   - channel_mixer_relation_mode: none
   - encoder_variant: default
   - temporal_patchifier_mode: fixed
   - use_channel_relation_block: False
🧮 Parameter Counts:
   - Total Parameters: 4,219,136
   - Trainable Parameters: 4,219,136
⏱️ Schedule:
   - total_steps: 100000
   - warmup_steps: 5000
   - derived_epochs: 9
   - val_interval: 2000
[LOTSA] Falling back to synthetic channel names for subset 'residential_load_power' (channels=3); no explicit feature names were found in the record metadata.
[LOTSA] Falling back to synthetic channel names for subset 'china_air_quality' (channels=6); no explicit feature names were found in the record metadata.
[LOTSA] Falling back to synthetic channel names for subset 'residential_pv_power' (channels=3); no explicit feature names were found in the record metadata.
[LOTSA] Falling back to synthetic channel names for subset 'residential_pv_power' (channels=3); no explicit feature names were found in the record metadata.
[LOTSA] Falling back to synthetic channel names for subset 'residential_load_power' (channels=3); no explicit feature names were found in the record metadata.
[LOTSA] Falling back to synthetic channel names for subset 'china_air_quality' (channels=6); no explicit feature names were found in the record metadata.
Validation @ step 2000/100000 | Epoch 1/9 | LR: 0.000040 | Macro Val: 0.614194 (P:0.5994, S:0.2957, Q:0.0000) | Micro Val: 0.530075 (P:0.5139, S:0.3236, Q:0.0000)
   -> Per-dataset val loss: beijing_air_quality=0.7044 | residential_pv_power=0.4444 | residential_load_power=0.6010 | china_air_quality=0.7071
   -> Saved improved checkpoint: macro_val_loss=0.614194 at step 2000
Validation @ step 4000/100000 | Epoch 1/9 | LR: 0.000080 | Macro Val: 0.591968 (P:0.5793, S:0.2529, Q:0.0000) | Micro Val: 0.490944 (P:0.4757, S:0.3043, Q:0.0000)
   -> Per-dataset val loss: beijing_air_quality=0.7497 | residential_pv_power=0.4714 | residential_load_power=0.5049 | china_air_quality=0.6419
   -> Saved improved checkpoint: macro_val_loss=0.591968 at step 4000
Validation @ step 6000/100000 | Epoch 1/9 | LR: 0.000100 | Macro Val: 0.645013 (P:0.6331, S:0.2391, Q:0.0000) | Micro Val: 0.467047 (P:0.4530, S:0.2813, Q:0.0000)
   -> Per-dataset val loss: beijing_air_quality=0.8948 | residential_pv_power=0.3841 | residential_load_power=0.5331 | china_air_quality=0.7681
Validation @ step 8000/100000 | Epoch 1/9 | LR: 0.000100 | Macro Val: 1.599839 (P:1.5835, S:0.3276, Q:0.0000) | Micro Val: 1.081799 (P:1.0643, S:0.3506, Q:0.0000)
   -> Per-dataset val loss: beijing_air_quality=2.7529 | residential_pv_power=0.8187 | residential_load_power=1.2979 | china_air_quality=1.5298
Validation @ step 10000/100000 | Epoch 1/9 | LR: 0.000099 | Macro Val: 1.006385 (P:0.9915, S:0.2972, Q:0.0000) | Micro Val: 0.717593 (P:0.7010, S:0.3316, Q:0.0000)
   -> Per-dataset val loss: beijing_air_quality=1.4390 | residential_pv_power=0.6081 | residential_load_power=0.8035 | china_air_quality=1.1750
Epoch 1/9 | Steps: 11483 | LR: 0.000099 | Train Loss: 0.332563 (P:0.3268, S:0.1144, Q:0.0000) | Repr L2μ: 6.4434 | Repr Cosμ: 0.6881 | Pred→Target Cosμ: 0.7871 | Repr NormRatio: 1.2937
Validation @ step 12000/100000 | Epoch 2/9 | LR: 0.000099 | Macro Val: 1.696928 (P:1.6799, S:0.3414, Q:0.0000) | Micro Val: 1.145639 (P:1.1268, S:0.3762, Q:0.0000)
   -> Per-dataset val loss: beijing_air_quality=2.7702 | residential_pv_power=0.8782 | residential_load_power=1.3629 | china_air_quality=1.7764
Validation @ step 14000/100000 | Epoch 2/9 | LR: 0.000098 | Macro Val: 1.165256 (P:1.1517, S:0.2717, Q:0.0000) | Micro Val: 0.850358 (P:0.8339, S:0.3292, Q:0.0000)
   -> Per-dataset val loss: beijing_air_quality=1.6877 | residential_pv_power=0.7578 | residential_load_power=0.9216 | china_air_quality=1.2940
Validation @ step 16000/100000 | Epoch 2/9 | LR: 0.000097 | Macro Val: 1.171499 (P:1.1564, S:0.3013, Q:0.0000) | Micro Val: 0.807185 (P:0.7902, S:0.3405, Q:0.0000)
   -> Per-dataset val loss: beijing_air_quality=1.7182 | residential_pv_power=0.6173 | residential_load_power=0.9601 | china_air_quality=1.3904
Validation @ step 18000/100000 | Epoch 2/9 | LR: 0.000095 | Macro Val: 3.611480 (P:3.5999, S:0.2324, Q:0.0000) | Micro Val: 1.819733 (P:1.8056, S:0.2826, Q:0.0000)
   -> Per-dataset val loss: beijing_air_quality=7.4055 | residential_pv_power=0.9670 | residential_load_power=2.5155 | china_air_quality=3.5579
Validation @ step 20000/100000 | Epoch 2/9 | LR: 0.000094 | Macro Val: 7.926674 (P:7.8977, S:0.5791, Q:0.0000) | Micro Val: 4.707235 (P:4.6713, S:0.7192, Q:0.0000)
   -> Per-dataset val loss: beijing_air_quality=14.9393 | residential_pv_power=4.5559 | residential_load_power=4.7708 | china_air_quality=7.4406
Validation @ step 22000/100000 | Epoch 2/9 | LR: 0.000092 | Macro Val: 2.031957 (P:2.0160, S:0.3198, Q:0.0000) | Micro Val: 1.233089 (P:1.2173, S:0.3151, Q:0.0000)
   -> Per-dataset val loss: beijing_air_quality=3.3391 | residential_pv_power=0.7044 | residential_load_power=1.6665 | china_air_quality=2.4179
Epoch 2/9 | Steps: 11483 | LR: 0.000092 | Train Loss: 0.347235 (P:0.3439, S:0.0672, Q:0.0000) | Repr L2μ: 3.7163 | Repr Cosμ: 0.8924 | Pred→Target Cosμ: 0.8034 | Repr NormRatio: 1.0752
Using the latest cached version of the dataset since Salesforce/lotsa_data couldn't be found on the Hugging Face Hub
[LOTSA] Skipping subset 'residential_load_power' during iteration: Couldn't find cache for Salesforce/lotsa_data for config 'residential_load_power'
Available configs in the cache: ['BEIJING_SUBWAY_30MIN', 'HZMETRO', 'LOOP_SEATTLE', 'LOS_LOOP', 'M_DENSE', 'PEMS03', 'PEMS04', 'PEMS07', 'PEMS08', 'PEMS_BAY', 'Q-TRAFFIC', 'SHMETRO', 'SZ_TAXI', 'alibaba_cluster_trace_2018', 'australian_electricity_demand', 'azure_vm_traces_2017', 'beijing_air_quality', 'm4_hourly', 'weather']
Validation @ step 24000/100000 | Epoch 3/9 | LR: 0.000091 | Macro Val: 2.009243 (P:1.9953, S:0.2787, Q:0.0000) | Micro Val: 1.226809 (P:1.2120, S:0.2972, Q:0.0000)
   -> Per-dataset val loss: beijing_air_quality=3.1996 | residential_pv_power=0.7838 | residential_load_power=1.5857 | china_air_quality=2.4678
Validation @ step 26000/100000 | Epoch 3/9 | LR: 0.000089 | Macro Val: 4.580260 (P:4.5637, S:0.3320, Q:0.0000) | Micro Val: 2.123351 (P:2.1081, S:0.3042, Q:0.0000)
   -> Per-dataset val loss: beijing_air_quality=8.6027 | residential_pv_power=1.0644 | residential_load_power=2.9679 | china_air_quality=5.6860
Using the latest cached version of the dataset since Salesforce/lotsa_data couldn't be found on the Hugging Face Hub
[LOTSA] Skipping subset 'residential_pv_power' during iteration: Couldn't find cache for Salesforce/lotsa_data for config 'residential_pv_power'
Available configs in the cache: ['BEIJING_SUBWAY_30MIN', 'HZMETRO', 'LOOP_SEATTLE', 'LOS_LOOP', 'M_DENSE', 'PEMS03', 'PEMS04', 'PEMS07', 'PEMS08', 'PEMS_BAY', 'Q-TRAFFIC', 'SHMETRO', 'SZ_TAXI', 'alibaba_cluster_trace_2018', 'australian_electricity_demand', 'azure_vm_traces_2017', 'beijing_air_quality', 'm4_hourly', 'weather']
Validation @ step 28000/100000 | Epoch 3/9 | LR: 0.000086 | Macro Val: 27.635826 (P:27.6180, S:0.3567, Q:0.0000) | Micro Val: 10.826087 (P:10.8064, S:0.3947, Q:0.0000)
   -> Per-dataset val loss: beijing_air_quality=61.5878 | residential_load_power=10.6960 | china_air_quality=10.6236
Epoch 3/9 | Steps: 5388 | LR: 0.000086 | Train Loss: 0.220161 (P:0.2166, S:0.0714, Q:0.0000) | Repr L2μ: 3.8371 | Repr Cosμ: 0.8872 | Pred→Target Cosμ: 0.9109 | Repr NormRatio: 1.0430
Validation @ step 30000/100000 | Epoch 4/9 | LR: 0.000084 | Macro Val: 3.980321 (P:3.9655, S:0.2961, Q:0.0000) | Micro Val: 1.541022 (P:1.5247, S:0.3259, Q:0.0000)
   -> Per-dataset val loss: beijing_air_quality=10.0853 | residential_pv_power=0.8332 | residential_load_power=2.1096 | china_air_quality=2.8931
Validation @ step 32000/100000 | Epoch 4/9 | LR: 0.000082 | Macro Val: 2.493225 (P:2.4726, S:0.4131, Q:0.0000) | Micro Val: 1.477770 (P:1.4520, S:0.5149, Q:0.0000)
   -> Per-dataset val loss: beijing_air_quality=4.2778 | residential_pv_power=1.1060 | residential_load_power=1.7716 | china_air_quality=2.8175
Validation @ step 34000/100000 | Epoch 4/9 | LR: 0.000079 | Macro Val: 3.944425 (P:3.9300, S:0.2895, Q:0.0000) | Micro Val: 1.712914 (P:1.6960, S:0.3373, Q:0.0000)
   -> Per-dataset val loss: beijing_air_quality=8.8629 | residential_pv_power=0.9045 | residential_load_power=2.3634 | china_air_quality=3.6469
Validation @ step 36000/100000 | Epoch 4/9 | LR: 0.000076 | Macro Val: 2.090844 (P:2.0764, S:0.2879, Q:0.0000) | Micro Val: 1.214640 (P:1.1976, S:0.3412, Q:0.0000)
   -> Per-dataset val loss: beijing_air_quality=3.0953 | residential_pv_power=0.8397 | residential_load_power=1.5082 | china_air_quality=2.9202
Validation @ step 38000/100000 | Epoch 4/9 | LR: 0.000073 | Macro Val: 2.203444 (P:2.1855, S:0.3583, Q:0.0000) | Micro Val: 1.369561 (P:1.3512, S:0.3681, Q:0.0000)
   -> Per-dataset val loss: beijing_air_quality=3.3839 | residential_pv_power=0.8241 | residential_load_power=1.8141 | china_air_quality=2.7916
Epoch 4/9 | Steps: 11483 | LR: 0.000071 | Train Loss: 0.367993 (P:0.3647, S:0.0651, Q:0.0000) | Repr L2μ: 3.3382 | Repr Cosμ: 0.8973 | Pred→Target Cosμ: 0.8205 | Repr NormRatio: 1.0646
Validation @ step 40000/100000 | Epoch 5/9 | LR: 0.000070 | Macro Val: 2.552793 (P:2.5406, S:0.2429, Q:0.0000) | Micro Val: 1.421014 (P:1.4054, S:0.3132, Q:0.0000)
   -> Per-dataset val loss: beijing_air_quality=4.3224 | residential_pv_power=0.8541 | residential_load_power=1.8771 | china_air_quality=3.1575
Validation @ step 42000/100000 | Epoch 5/9 | LR: 0.000067 | Macro Val: 2.265635 (P:2.2526, S:0.2615, Q:0.0000) | Micro Val: 1.399361 (P:1.3848, S:0.2918, Q:0.0000)
   -> Per-dataset val loss: beijing_air_quality=3.3848 | residential_pv_power=0.8372 | residential_load_power=1.8560 | china_air_quality=2.9845
Validation @ step 44000/100000 | Epoch 5/9 | LR: 0.000064 | Macro Val: 4.966690 (P:4.9496, S:0.3413, Q:0.0000) | Micro Val: 2.378433 (P:2.3599, S:0.3708, Q:0.0000)
   -> Per-dataset val loss: beijing_air_quality=10.9307 | residential_pv_power=1.1769 | residential_load_power=3.3633 | china_air_quality=4.3958
Validation @ step 46000/100000 | Epoch 5/9 | LR: 0.000061 | Macro Val: 1.438391 (P:1.4239, S:0.2902, Q:0.0000) | Micro Val: 0.858461 (P:0.8427, S:0.3151, Q:0.0000)
   -> Per-dataset val loss: beijing_air_quality=2.1524 | residential_pv_power=0.6241 | residential_load_power=1.0415 | china_air_quality=1.9356
Validation @ step 48000/100000 | Epoch 5/9 | LR: 0.000058 | Macro Val: 5.566804 (P:5.5460, S:0.4165, Q:0.0000) | Micro Val: 2.330125 (P:2.3090, S:0.4219, Q:0.0000)
   -> Per-dataset val loss: beijing_air_quality=13.3359 | residential_pv_power=1.3868 | residential_load_power=3.0841 | china_air_quality=4.4604
Validation @ step 50000/100000 | Epoch 5/9 | LR: 0.000055 | Macro Val: 1.480253 (P:1.4621, S:0.3628, Q:0.0000) | Micro Val: 0.991526 (P:0.9737, S:0.3556, Q:0.0000)
   -> Per-dataset val loss: beijing_air_quality=2.0243 | residential_pv_power=0.6711 | residential_load_power=1.2509 | china_air_quality=1.9747
Epoch 5/9 | Steps: 11483 | LR: 0.000052 | Train Loss: 0.340351 (P:0.3372, S:0.0627, Q:0.0000) | Repr L2μ: 3.4388 | Repr Cosμ: 0.8925 | Pred→Target Cosμ: 0.8259 | Repr NormRatio: 1.0647
Using the latest cached version of the dataset since Salesforce/lotsa_data couldn't be found on the Hugging Face Hub
Found the latest cached dataset configuration 'beijing_air_quality' at /root/.cache/huggingface/datasets/Salesforce___lotsa_data/beijing_air_quality/0.0.0/8191fd29eb5cf906ec55effca44d8059888b615d (last modified on Tue May  5 14:29:29 2026).
Validation @ step 52000/100000 | Epoch 6/9 | LR: 0.000051 | Macro Val: 2.763800 (P:2.7452, S:0.3713, Q:0.0000) | Micro Val: 1.414342 (P:1.3978, S:0.3300, Q:0.0000)
   -> Per-dataset val loss: beijing_air_quality=5.2985 | residential_pv_power=0.7275 | residential_load_power=1.9728 | china_air_quality=3.0564
Validation @ step 54000/100000 | Epoch 6/9 | LR: 0.000048 | Macro Val: 2.449604 (P:2.4346, S:0.3008, Q:0.0000) | Micro Val: 1.336141 (P:1.3219, S:0.2839, Q:0.0000)
   -> Per-dataset val loss: beijing_air_quality=3.9927 | residential_pv_power=0.6938 | residential_load_power=1.8553 | china_air_quality=3.2566
Validation @ step 56000/100000 | Epoch 6/9 | LR: 0.000045 | Macro Val: 3.400742 (P:3.3819, S:0.3776, Q:0.0000) | Micro Val: 1.570678 (P:1.5530, S:0.3532, Q:0.0000)
   -> Per-dataset val loss: beijing_air_quality=6.8333 | residential_pv_power=0.6950 | residential_load_power=2.2799 | china_air_quality=3.7947
Validation @ step 58000/100000 | Epoch 6/9 | LR: 0.000042 | Macro Val: 1.984799 (P:1.9709, S:0.2789, Q:0.0000) | Micro Val: 1.189466 (P:1.1723, S:0.3430, Q:0.0000)
   -> Per-dataset val loss: beijing_air_quality=2.7919 | residential_pv_power=0.5906 | residential_load_power=1.6772 | china_air_quality=2.8794
Validation @ step 60000/100000 | Epoch 6/9 | LR: 0.000038 | Macro Val: 3.047638 (P:3.0307, S:0.3383, Q:0.0000) | Micro Val: 1.801148 (P:1.7815, S:0.3934, Q:0.0000)
   -> Per-dataset val loss: beijing_air_quality=4.4527 | residential_pv_power=1.0234 | residential_load_power=2.4289 | china_air_quality=4.2855
Validation @ step 62000/100000 | Epoch 6/9 | LR: 0.000035 | Macro Val: 2.322241 (P:2.3091, S:0.2634, Q:0.0000) | Micro Val: 1.337448 (P:1.3223, S:0.3036, Q:0.0000)
   -> Per-dataset val loss: beijing_air_quality=3.5779 | residential_pv_power=0.7021 | residential_load_power=1.8532 | china_air_quality=3.1557
Epoch 6/9 | Steps: 11483 | LR: 0.000034 | Train Loss: 0.320890 (P:0.3178, S:0.0612, Q:0.0000) | Repr L2μ: 3.1236 | Repr Cosμ: 0.9102 | Pred→Target Cosμ: 0.8248 | Repr NormRatio: 1.0628
