nohup: ignoring input
🚀 Laya-TS Pretraining: electricity (laya + ci)
📊 data_path: ../Dataset/long_term_forecast/electricity/electricity.csv
📝 metadata: mode=none, fusion=none
📝 log_dir: ./runs/pretrain_electricity_laya_ci_none
📊 Dataset Statistics:
   - Sequence Length (T): 512
   - Train Samples: 17903, Steps: 559
   - Val Samples: 2119, Steps: 67
🔧 Encoder Hyperparameters:
   - d_model: 128
   - n_heads: 8
   - n_layers: 3
   - proj_dim: 256
   - patch_size: 16
   - metadata_fusion_mode: none
   - channel_mixer_relation_mode: none
   - encoder_variant: default
   - temporal_patchifier_mode: fixed
   - use_channel_relation_block: False
🧮 Parameter Counts:
   - Total Parameters: 4,219,136
   - Trainable Parameters: 4,219,136
⏱️ Schedule:
   - total_steps: 55900
   - warmup_steps: 5590
   - derived_epochs: 100
Epoch 1/100 | Steps: 559 | LR: 0.000010 | Train Loss: 0.818010 (P:0.8048, S:0.2648, Q:0.0000) | Val Loss: 0.677973 (P:0.6605, S:0.3500, Q:0.0000) | Repr L2μ: 2.7078 Val L2μ: 1.5636 | Repr Cosμ: 0.9014 Val Cosμ: 0.9703 | Pred→Target Cosμ: 0.4458 Val Cosμ: 0.5784 | Repr NormRatio: 1.3048 Val NormRatio: 1.0658
   -> Saved improved checkpoint: val_loss=0.677973 at epoch 1
Epoch 2/100 | Steps: 559 | LR: 0.000020 | Train Loss: 0.649325 (P:0.6410, S:0.1665, Q:0.0000) | Val Loss: 0.466033 (P:0.4510, S:0.3005, Q:0.0000) | Repr L2μ: 2.7100 Val L2μ: 1.4193 | Repr Cosμ: 0.8939 Val Cosμ: 0.9722 | Pred→Target Cosμ: 0.6334 Val Cosμ: 0.7324 | Repr NormRatio: 1.3181 Val NormRatio: 1.0694
   -> Saved improved checkpoint: val_loss=0.466033 at epoch 2
Epoch 3/100 | Steps: 559 | LR: 0.000030 | Train Loss: 0.454371 (P:0.4495, S:0.0980, Q:0.0000) | Val Loss: 0.454021 (P:0.4407, S:0.2665, Q:0.0000) | Repr L2μ: 2.5738 Val L2μ: 1.4530 | Repr Cosμ: 0.8962 Val Cosμ: 0.9718 | Pred→Target Cosμ: 0.8415 Val Cosμ: 0.7310 | Repr NormRatio: 1.3135 Val NormRatio: 1.0662
   -> Saved improved checkpoint: val_loss=0.454021 at epoch 3
Epoch 4/100 | Steps: 559 | LR: 0.000040 | Train Loss: 0.417018 (P:0.4136, S:0.0689, Q:0.0000) | Val Loss: 0.416485 (P:0.4033, S:0.2636, Q:0.0000) | Repr L2μ: 2.4544 Val L2μ: 1.3446 | Repr Cosμ: 0.9048 Val Cosμ: 0.9744 | Pred→Target Cosμ: 0.8571 Val Cosμ: 0.7463 | Repr NormRatio: 1.2837 Val NormRatio: 1.0639
   -> Saved improved checkpoint: val_loss=0.416485 at epoch 4
Epoch 5/100 | Steps: 559 | LR: 0.000050 | Train Loss: 0.381804 (P:0.3791, S:0.0541, Q:0.0000) | Val Loss: 0.390065 (P:0.3767, S:0.2676, Q:0.0000) | Repr L2μ: 2.2743 Val L2μ: 1.4238 | Repr Cosμ: 0.9152 Val Cosμ: 0.9692 | Pred→Target Cosμ: 0.8663 Val Cosμ: 0.7513 | Repr NormRatio: 1.2583 Val NormRatio: 1.0602
   -> Saved improved checkpoint: val_loss=0.390065 at epoch 5
Epoch 6/100 | Steps: 559 | LR: 0.000060 | Train Loss: 0.341782 (P:0.3395, S:0.0449, Q:0.0000) | Val Loss: 0.361352 (P:0.3479, S:0.2698, Q:0.0000) | Repr L2μ: 2.2066 Val L2μ: 1.4859 | Repr Cosμ: 0.9177 Val Cosμ: 0.9654 | Pred→Target Cosμ: 0.8724 Val Cosμ: 0.7554 | Repr NormRatio: 1.2469 Val NormRatio: 1.0704
   -> Saved improved checkpoint: val_loss=0.361352 at epoch 6
Epoch 7/100 | Steps: 559 | LR: 0.000070 | Train Loss: 0.290830 (P:0.2889, S:0.0392, Q:0.0000) | Val Loss: 0.348651 (P:0.3347, S:0.2783, Q:0.0000) | Repr L2μ: 2.1541 Val L2μ: 1.5436 | Repr Cosμ: 0.9200 Val Cosμ: 0.9602 | Pred→Target Cosμ: 0.8779 Val Cosμ: 0.7516 | Repr NormRatio: 1.2393 Val NormRatio: 1.0841
   -> Saved improved checkpoint: val_loss=0.348651 at epoch 7
Epoch 8/100 | Steps: 559 | LR: 0.000080 | Train Loss: 0.239790 (P:0.2380, S:0.0348, Q:0.0000) | Val Loss: 0.328408 (P:0.3146, S:0.2761, Q:0.0000) | Repr L2μ: 2.1560 Val L2μ: 1.6674 | Repr Cosμ: 0.9182 Val Cosμ: 0.9518 | Pred→Target Cosμ: 0.8789 Val Cosμ: 0.7517 | Repr NormRatio: 1.2306 Val NormRatio: 1.0850
   -> Saved improved checkpoint: val_loss=0.328408 at epoch 8
Epoch 9/100 | Steps: 559 | LR: 0.000090 | Train Loss: 0.190930 (P:0.1894, S:0.0315, Q:0.0000) | Val Loss: 0.324107 (P:0.3100, S:0.2816, Q:0.0000) | Repr L2μ: 2.2253 Val L2μ: 1.8767 | Repr Cosμ: 0.9132 Val Cosμ: 0.9376 | Pred→Target Cosμ: 0.8708 Val Cosμ: 0.7614 | Repr NormRatio: 1.2105 Val NormRatio: 1.0857
   -> Saved improved checkpoint: val_loss=0.324107 at epoch 9
Epoch 10/100 | Steps: 559 | LR: 0.000100 | Train Loss: 0.139533 (P:0.1381, S:0.0295, Q:0.0000) | Val Loss: 0.292327 (P:0.2784, S:0.2780, Q:0.0000) | Repr L2μ: 2.3587 Val L2μ: 2.0721 | Repr Cosμ: 0.8970 Val Cosμ: 0.9183 | Pred→Target Cosμ: 0.8691 Val Cosμ: 0.7988 | Repr NormRatio: 1.2098 Val NormRatio: 1.0874
   -> Saved improved checkpoint: val_loss=0.292327 at epoch 10
Epoch 11/100 | Steps: 559 | LR: 0.000100 | Train Loss: 0.100510 (P:0.0991, S:0.0276, Q:0.0000) | Val Loss: 0.264605 (P:0.2508, S:0.2770, Q:0.0000) | Repr L2μ: 2.5467 Val L2μ: 2.4059 | Repr Cosμ: 0.8718 Val Cosμ: 0.8810 | Pred→Target Cosμ: 0.8742 Val Cosμ: 0.8301 | Repr NormRatio: 1.2265 Val NormRatio: 1.1973
   -> Saved improved checkpoint: val_loss=0.264605 at epoch 11
Epoch 12/100 | Steps: 559 | LR: 0.000100 | Train Loss: 0.070311 (P:0.0690, S:0.0253, Q:0.0000) | Val Loss: 0.269460 (P:0.2551, S:0.2881, Q:0.0000) | Repr L2μ: 2.6863 Val L2μ: 2.4460 | Repr Cosμ: 0.8547 Val Cosμ: 0.8773 | Pred→Target Cosμ: 0.8884 Val Cosμ: 0.8501 | Repr NormRatio: 1.2217 Val NormRatio: 1.1416
Epoch 13/100 | Steps: 559 | LR: 0.000100 | Train Loss: 0.051841 (P:0.0507, S:0.0232, Q:0.0000) | Val Loss: 0.280401 (P:0.2661, S:0.2866, Q:0.0000) | Repr L2μ: 2.7984 Val L2μ: 2.5228 | Repr Cosμ: 0.8449 Val Cosμ: 0.8737 | Pred→Target Cosμ: 0.9013 Val Cosμ: 0.8523 | Repr NormRatio: 1.1879 Val NormRatio: 1.1061
Epoch 14/100 | Steps: 559 | LR: 0.000100 | Train Loss: 0.042358 (P:0.0413, S:0.0216, Q:0.0000) | Val Loss: 0.305879 (P:0.2921, S:0.2761, Q:0.0000) | Repr L2μ: 2.8452 Val L2μ: 2.6904 | Repr Cosμ: 0.8426 Val Cosμ: 0.8537 | Pred→Target Cosμ: 0.9115 Val Cosμ: 0.8602 | Repr NormRatio: 1.1908 Val NormRatio: 1.1407
Epoch 15/100 | Steps: 559 | LR: 0.000099 | Train Loss: 0.039036 (P:0.0380, S:0.0201, Q:0.0000) | Val Loss: 0.304597 (P:0.2913, S:0.2660, Q:0.0000) | Repr L2μ: 2.9006 Val L2μ: 2.6306 | Repr Cosμ: 0.8420 Val Cosμ: 0.8778 | Pred→Target Cosμ: 0.9186 Val Cosμ: 0.8682 | Repr NormRatio: 1.2060 Val NormRatio: 1.1400
Epoch 16/100 | Steps: 559 | LR: 0.000099 | Train Loss: 0.038573 (P:0.0376, S:0.0190, Q:0.0000) | Val Loss: 0.321970 (P:0.3090, S:0.2602, Q:0.0000) | Repr L2μ: 2.9600 Val L2μ: 2.7306 | Repr Cosμ: 0.8402 Val Cosμ: 0.8675 | Pred→Target Cosμ: 0.9235 Val Cosμ: 0.8655 | Repr NormRatio: 1.2311 Val NormRatio: 1.1415
Epoch 17/100 | Steps: 559 | LR: 0.000099 | Train Loss: 0.037681 (P:0.0368, S:0.0179, Q:0.0000) | Val Loss: 0.315587 (P:0.3026, S:0.2603, Q:0.0000) | Repr L2μ: 3.0108 Val L2μ: 2.7275 | Repr Cosμ: 0.8420 Val Cosμ: 0.8767 | Pred→Target Cosμ: 0.9283 Val Cosμ: 0.8714 | Repr NormRatio: 1.2261 Val NormRatio: 1.0937
Epoch 18/100 | Steps: 559 | LR: 0.000098 | Train Loss: 0.036000 (P:0.0351, S:0.0170, Q:0.0000) | Val Loss: 0.300725 (P:0.2875, S:0.2653, Q:0.0000) | Repr L2μ: 3.0820 Val L2μ: 2.7248 | Repr Cosμ: 0.8354 Val Cosμ: 0.8778 | Pred→Target Cosμ: 0.9323 Val Cosμ: 0.8796 | Repr NormRatio: 1.2119 Val NormRatio: 1.1247
Epoch 19/100 | Steps: 559 | LR: 0.000098 | Train Loss: 0.034493 (P:0.0337, S:0.0160, Q:0.0000) | Val Loss: 0.292619 (P:0.2795, S:0.2621, Q:0.0000) | Repr L2μ: 3.0344 Val L2μ: 2.7249 | Repr Cosμ: 0.8447 Val Cosμ: 0.8805 | Pred→Target Cosμ: 0.9354 Val Cosμ: 0.8805 | Repr NormRatio: 1.2081 Val NormRatio: 1.1423
Epoch 20/100 | Steps: 559 | LR: 0.000097 | Train Loss: 0.033395 (P:0.0326, S:0.0153, Q:0.0000) | Val Loss: 0.288589 (P:0.2755, S:0.2628, Q:0.0000) | Repr L2μ: 3.0208 Val L2μ: 2.7663 | Repr Cosμ: 0.8501 Val Cosμ: 0.8785 | Pred→Target Cosμ: 0.9384 Val Cosμ: 0.8867 | Repr NormRatio: 1.1987 Val NormRatio: 1.1270
Epoch 21/100 | Steps: 559 | LR: 0.000096 | Train Loss: 0.032453 (P:0.0317, S:0.0147, Q:0.0000) | Val Loss: 0.287174 (P:0.2741, S:0.2611, Q:0.0000) | Repr L2μ: 3.0491 Val L2μ: 2.7161 | Repr Cosμ: 0.8492 Val Cosμ: 0.8839 | Pred→Target Cosμ: 0.9399 Val Cosμ: 0.8906 | Repr NormRatio: 1.1904 Val NormRatio: 1.1131
Epoch 22/100 | Steps: 559 | LR: 0.000096 | Train Loss: 0.032769 (P:0.0321, S:0.0144, Q:0.0000) | Val Loss: 0.288052 (P:0.2749, S:0.2629, Q:0.0000) | Repr L2μ: 3.0072 Val L2μ: 2.6883 | Repr Cosμ: 0.8570 Val Cosμ: 0.8929 | Pred→Target Cosμ: 0.9405 Val Cosμ: 0.8902 | Repr NormRatio: 1.1850 Val NormRatio: 1.0969
Epoch 23/100 | Steps: 559 | LR: 0.000095 | Train Loss: 0.032807 (P:0.0321, S:0.0139, Q:0.0000) | Val Loss: 0.288768 (P:0.2757, S:0.2611, Q:0.0000) | Repr L2μ: 3.0357 Val L2μ: 2.7561 | Repr Cosμ: 0.8557 Val Cosμ: 0.8831 | Pred→Target Cosμ: 0.9421 Val Cosμ: 0.8964 | Repr NormRatio: 1.1841 Val NormRatio: 1.0763
Epoch 24/100 | Steps: 559 | LR: 0.000094 | Train Loss: 0.032012 (P:0.0313, S:0.0135, Q:0.0000) | Val Loss: 0.274209 (P:0.2608, S:0.2689, Q:0.0000) | Repr L2μ: 3.0520 Val L2μ: 2.7421 | Repr Cosμ: 0.8559 Val Cosμ: 0.8901 | Pred→Target Cosμ: 0.9435 Val Cosμ: 0.8989 | Repr NormRatio: 1.1810 Val NormRatio: 1.0834
Epoch 25/100 | Steps: 559 | LR: 0.000093 | Train Loss: 0.031972 (P:0.0313, S:0.0132, Q:0.0000) | Val Loss: 0.275745 (P:0.2625, S:0.2644, Q:0.0000) | Repr L2μ: 3.0719 Val L2μ: 2.7935 | Repr Cosμ: 0.8552 Val Cosμ: 0.8862 | Pred→Target Cosμ: 0.9453 Val Cosμ: 0.8962 | Repr NormRatio: 1.1838 Val NormRatio: 1.0810
Epoch 26/100 | Steps: 559 | LR: 0.000092 | Train Loss: 0.031494 (P:0.0309, S:0.0128, Q:0.0000) | Val Loss: 0.258262 (P:0.2456, S:0.2542, Q:0.0000) | Repr L2μ: 3.0642 Val L2μ: 2.8210 | Repr Cosμ: 0.8566 Val Cosμ: 0.8852 | Pred→Target Cosμ: 0.9469 Val Cosμ: 0.9028 | Repr NormRatio: 1.1803 Val NormRatio: 1.0671
   -> Saved improved checkpoint: val_loss=0.258262 at epoch 26
Epoch 27/100 | Steps: 559 | LR: 0.000092 | Train Loss: 0.031087 (P:0.0305, S:0.0125, Q:0.0000) | Val Loss: 0.262742 (P:0.2501, S:0.2530, Q:0.0000) | Repr L2μ: 3.1111 Val L2μ: 2.8344 | Repr Cosμ: 0.8558 Val Cosμ: 0.8936 | Pred→Target Cosμ: 0.9483 Val Cosμ: 0.8998 | Repr NormRatio: 1.1794 Val NormRatio: 1.0581
Epoch 28/100 | Steps: 559 | LR: 0.000091 | Train Loss: 0.031130 (P:0.0305, S:0.0123, Q:0.0000) | Val Loss: 0.273077 (P:0.2611, S:0.2393, Q:0.0000) | Repr L2μ: 3.1923 Val L2μ: 2.8869 | Repr Cosμ: 0.8531 Val Cosμ: 0.8816 | Pred→Target Cosμ: 0.9490 Val Cosμ: 0.9073 | Repr NormRatio: 1.1732 Val NormRatio: 1.0693
Epoch 29/100 | Steps: 559 | LR: 0.000090 | Train Loss: 0.031667 (P:0.0311, S:0.0119, Q:0.0000) | Val Loss: 0.251743 (P:0.2400, S:0.2358, Q:0.0000) | Repr L2μ: 3.2031 Val L2μ: 2.9389 | Repr Cosμ: 0.8554 Val Cosμ: 0.8831 | Pred→Target Cosμ: 0.9494 Val Cosμ: 0.9055 | Repr NormRatio: 1.1760 Val NormRatio: 1.0640
   -> Saved improved checkpoint: val_loss=0.251743 at epoch 29
Epoch 30/100 | Steps: 559 | LR: 0.000088 | Train Loss: 0.031859 (P:0.0313, S:0.0119, Q:0.0000) | Val Loss: 0.257268 (P:0.2458, S:0.2303, Q:0.0000) | Repr L2μ: 3.2185 Val L2μ: 2.9260 | Repr Cosμ: 0.8537 Val Cosμ: 0.8827 | Pred→Target Cosμ: 0.9500 Val Cosμ: 0.9041 | Repr NormRatio: 1.1815 Val NormRatio: 1.0632
Epoch 31/100 | Steps: 559 | LR: 0.000087 | Train Loss: 0.032460 (P:0.0319, S:0.0118, Q:0.0000) | Val Loss: 0.255545 (P:0.2446, S:0.2186, Q:0.0000) | Repr L2μ: 3.2666 Val L2μ: 2.9150 | Repr Cosμ: 0.8536 Val Cosμ: 0.8866 | Pred→Target Cosμ: 0.9503 Val Cosμ: 0.9048 | Repr NormRatio: 1.1817 Val NormRatio: 1.0684
Epoch 32/100 | Steps: 559 | LR: 0.000086 | Train Loss: 0.032784 (P:0.0322, S:0.0116, Q:0.0000) | Val Loss: 0.259277 (P:0.2484, S:0.2166, Q:0.0000) | Repr L2μ: 3.2244 Val L2μ: 2.9497 | Repr Cosμ: 0.8579 Val Cosμ: 0.8842 | Pred→Target Cosμ: 0.9509 Val Cosμ: 0.9045 | Repr NormRatio: 1.1781 Val NormRatio: 1.0677
Epoch 33/100 | Steps: 559 | LR: 0.000085 | Train Loss: 0.033030 (P:0.0325, S:0.0114, Q:0.0000) | Val Loss: 0.255674 (P:0.2446, S:0.2207, Q:0.0000) | Repr L2μ: 3.1487 Val L2μ: 2.8074 | Repr Cosμ: 0.8647 Val Cosμ: 0.8938 | Pred→Target Cosμ: 0.9512 Val Cosμ: 0.9090 | Repr NormRatio: 1.1692 Val NormRatio: 1.0626
Epoch 34/100 | Steps: 559 | LR: 0.000084 | Train Loss: 0.033127 (P:0.0326, S:0.0112, Q:0.0000) | Val Loss: 0.245902 (P:0.2352, S:0.2135, Q:0.0000) | Repr L2μ: 3.1297 Val L2μ: 2.7447 | Repr Cosμ: 0.8703 Val Cosμ: 0.9032 | Pred→Target Cosμ: 0.9516 Val Cosμ: 0.9110 | Repr NormRatio: 1.1641 Val NormRatio: 1.0456
   -> Saved improved checkpoint: val_loss=0.245902 at epoch 34
Epoch 35/100 | Steps: 559 | LR: 0.000082 | Train Loss: 0.032760 (P:0.0322, S:0.0110, Q:0.0000) | Val Loss: 0.249286 (P:0.2392, S:0.2016, Q:0.0000) | Repr L2μ: 3.0846 Val L2μ: 2.7690 | Repr Cosμ: 0.8764 Val Cosμ: 0.9013 | Pred→Target Cosμ: 0.9524 Val Cosμ: 0.9123 | Repr NormRatio: 1.1585 Val NormRatio: 1.0562
Epoch 36/100 | Steps: 559 | LR: 0.000081 | Train Loss: 0.032977 (P:0.0324, S:0.0109, Q:0.0000) | Val Loss: 0.240518 (P:0.2303, S:0.2050, Q:0.0000) | Repr L2μ: 3.0224 Val L2μ: 2.7144 | Repr Cosμ: 0.8826 Val Cosμ: 0.9075 | Pred→Target Cosμ: 0.9527 Val Cosμ: 0.9118 | Repr NormRatio: 1.1550 Val NormRatio: 1.0448
   -> Saved improved checkpoint: val_loss=0.240518 at epoch 36
Epoch 37/100 | Steps: 559 | LR: 0.000080 | Train Loss: 0.032662 (P:0.0321, S:0.0107, Q:0.0000) | Val Loss: 0.241467 (P:0.2313, S:0.2025, Q:0.0000) | Repr L2μ: 2.9913 Val L2μ: 2.6983 | Repr Cosμ: 0.8847 Val Cosμ: 0.9073 | Pred→Target Cosμ: 0.9535 Val Cosμ: 0.9137 | Repr NormRatio: 1.1543 Val NormRatio: 1.0506
Epoch 38/100 | Steps: 559 | LR: 0.000078 | Train Loss: 0.032650 (P:0.0321, S:0.0106, Q:0.0000) | Val Loss: 0.229931 (P:0.2199, S:0.1997, Q:0.0000) | Repr L2μ: 2.9498 Val L2μ: 2.6934 | Repr Cosμ: 0.8880 Val Cosμ: 0.9082 | Pred→Target Cosμ: 0.9540 Val Cosμ: 0.9171 | Repr NormRatio: 1.1491 Val NormRatio: 1.0418
   -> Saved improved checkpoint: val_loss=0.229931 at epoch 38
Epoch 39/100 | Steps: 559 | LR: 0.000077 | Train Loss: 0.032460 (P:0.0319, S:0.0104, Q:0.0000) | Val Loss: 0.241529 (P:0.2318, S:0.1950, Q:0.0000) | Repr L2μ: 2.9322 Val L2μ: 2.7153 | Repr Cosμ: 0.8895 Val Cosμ: 0.9050 | Pred→Target Cosμ: 0.9546 Val Cosμ: 0.9152 | Repr NormRatio: 1.1506 Val NormRatio: 1.0559
Epoch 40/100 | Steps: 559 | LR: 0.000075 | Train Loss: 0.032517 (P:0.0320, S:0.0104, Q:0.0000) | Val Loss: 0.232316 (P:0.2225, S:0.1967, Q:0.0000) | Repr L2μ: 2.9071 Val L2μ: 2.5958 | Repr Cosμ: 0.8917 Val Cosμ: 0.9150 | Pred→Target Cosμ: 0.9548 Val Cosμ: 0.9171 | Repr NormRatio: 1.1522 Val NormRatio: 1.0477
Epoch 41/100 | Steps: 559 | LR: 0.000074 | Train Loss: 0.032179 (P:0.0317, S:0.0102, Q:0.0000) | Val Loss: 0.230234 (P:0.2203, S:0.1994, Q:0.0000) | Repr L2μ: 2.8434 Val L2μ: 2.5390 | Repr Cosμ: 0.8957 Val Cosμ: 0.9191 | Pred→Target Cosμ: 0.9554 Val Cosμ: 0.9152 | Repr NormRatio: 1.1440 Val NormRatio: 1.0463
Epoch 42/100 | Steps: 559 | LR: 0.000072 | Train Loss: 0.031731 (P:0.0312, S:0.0101, Q:0.0000) | Val Loss: 0.231787 (P:0.2219, S:0.1971, Q:0.0000) | Repr L2μ: 2.8004 Val L2μ: 2.5008 | Repr Cosμ: 0.8989 Val Cosμ: 0.9214 | Pred→Target Cosμ: 0.9559 Val Cosμ: 0.9165 | Repr NormRatio: 1.1330 Val NormRatio: 1.0501
Epoch 43/100 | Steps: 559 | LR: 0.000071 | Train Loss: 0.031655 (P:0.0312, S:0.0101, Q:0.0000) | Val Loss: 0.225006 (P:0.2150, S:0.2004, Q:0.0000) | Repr L2μ: 2.7778 Val L2μ: 2.4961 | Repr Cosμ: 0.9002 Val Cosμ: 0.9195 | Pred→Target Cosμ: 0.9559 Val Cosμ: 0.9180 | Repr NormRatio: 1.1274 Val NormRatio: 1.0471
   -> Saved improved checkpoint: val_loss=0.225006 at epoch 43
Epoch 44/100 | Steps: 559 | LR: 0.000069 | Train Loss: 0.031543 (P:0.0310, S:0.0099, Q:0.0000) | Val Loss: 0.225676 (P:0.2158, S:0.1980, Q:0.0000) | Repr L2μ: 2.7639 Val L2μ: 2.5237 | Repr Cosμ: 0.9017 Val Cosμ: 0.9177 | Pred→Target Cosμ: 0.9563 Val Cosμ: 0.9174 | Repr NormRatio: 1.1278 Val NormRatio: 1.0610
Epoch 45/100 | Steps: 559 | LR: 0.000067 | Train Loss: 0.031347 (P:0.0309, S:0.0099, Q:0.0000) | Val Loss: 0.224345 (P:0.2144, S:0.1992, Q:0.0000) | Repr L2μ: 2.7565 Val L2μ: 2.4695 | Repr Cosμ: 0.9023 Val Cosμ: 0.9221 | Pred→Target Cosμ: 0.9565 Val Cosμ: 0.9193 | Repr NormRatio: 1.1311 Val NormRatio: 1.0582
   -> Saved improved checkpoint: val_loss=0.224345 at epoch 45
Epoch 46/100 | Steps: 559 | LR: 0.000066 | Train Loss: 0.031188 (P:0.0307, S:0.0098, Q:0.0000) | Val Loss: 0.220348 (P:0.2104, S:0.1991, Q:0.0000) | Repr L2μ: 2.7404 Val L2μ: 2.4601 | Repr Cosμ: 0.9039 Val Cosμ: 0.9228 | Pred→Target Cosμ: 0.9567 Val Cosμ: 0.9197 | Repr NormRatio: 1.1367 Val NormRatio: 1.0614
   -> Saved improved checkpoint: val_loss=0.220348 at epoch 46
Epoch 47/100 | Steps: 559 | LR: 0.000064 | Train Loss: 0.030785 (P:0.0303, S:0.0096, Q:0.0000) | Val Loss: 0.215798 (P:0.2060, S:0.1969, Q:0.0000) | Repr L2μ: 2.7030 Val L2μ: 2.4374 | Repr Cosμ: 0.9068 Val Cosμ: 0.9263 | Pred→Target Cosμ: 0.9571 Val Cosμ: 0.9194 | Repr NormRatio: 1.1353 Val NormRatio: 1.0658
   -> Saved improved checkpoint: val_loss=0.215798 at epoch 47
Epoch 48/100 | Steps: 559 | LR: 0.000062 | Train Loss: 0.030617 (P:0.0301, S:0.0096, Q:0.0000) | Val Loss: 0.213835 (P:0.2040, S:0.1975, Q:0.0000) | Repr L2μ: 2.6849 Val L2μ: 2.3981 | Repr Cosμ: 0.9080 Val Cosμ: 0.9267 | Pred→Target Cosμ: 0.9572 Val Cosμ: 0.9204 | Repr NormRatio: 1.1362 Val NormRatio: 1.0698
   -> Saved improved checkpoint: val_loss=0.213835 at epoch 48
Epoch 49/100 | Steps: 559 | LR: 0.000061 | Train Loss: 0.030454 (P:0.0300, S:0.0095, Q:0.0000) | Val Loss: 0.217426 (P:0.2077, S:0.1939, Q:0.0000) | Repr L2μ: 2.6550 Val L2μ: 2.3792 | Repr Cosμ: 0.9101 Val Cosμ: 0.9280 | Pred→Target Cosμ: 0.9573 Val Cosμ: 0.9210 | Repr NormRatio: 1.1394 Val NormRatio: 1.0695
Epoch 50/100 | Steps: 559 | LR: 0.000059 | Train Loss: 0.030330 (P:0.0299, S:0.0094, Q:0.0000) | Val Loss: 0.218442 (P:0.2087, S:0.1939, Q:0.0000) | Repr L2μ: 2.6410 Val L2μ: 2.3724 | Repr Cosμ: 0.9114 Val Cosμ: 0.9265 | Pred→Target Cosμ: 0.9575 Val Cosμ: 0.9222 | Repr NormRatio: 1.1422 Val NormRatio: 1.0716
Epoch 51/100 | Steps: 559 | LR: 0.000057 | Train Loss: 0.030208 (P:0.0297, S:0.0093, Q:0.0000) | Val Loss: 0.214014 (P:0.2041, S:0.1980, Q:0.0000) | Repr L2μ: 2.6073 Val L2μ: 2.2808 | Repr Cosμ: 0.9147 Val Cosμ: 0.9346 | Pred→Target Cosμ: 0.9578 Val Cosμ: 0.9219 | Repr NormRatio: 1.1444 Val NormRatio: 1.0693
Epoch 52/100 | Steps: 559 | LR: 0.000056 | Train Loss: 0.030316 (P:0.0299, S:0.0093, Q:0.0000) | Val Loss: 0.210715 (P:0.2009, S:0.1965, Q:0.0000) | Repr L2μ: 2.5647 Val L2μ: 2.2904 | Repr Cosμ: 0.9181 Val Cosμ: 0.9363 | Pred→Target Cosμ: 0.9577 Val Cosμ: 0.9205 | Repr NormRatio: 1.1486 Val NormRatio: 1.0786
   -> Saved improved checkpoint: val_loss=0.210715 at epoch 52
Epoch 53/100 | Steps: 559 | LR: 0.000054 | Train Loss: 0.030288 (P:0.0298, S:0.0093, Q:0.0000) | Val Loss: 0.215860 (P:0.2061, S:0.1947, Q:0.0000) | Repr L2μ: 2.5457 Val L2μ: 2.2666 | Repr Cosμ: 0.9203 Val Cosμ: 0.9366 | Pred→Target Cosμ: 0.9579 Val Cosμ: 0.9194 | Repr NormRatio: 1.1473 Val NormRatio: 1.0926
Epoch 54/100 | Steps: 559 | LR: 0.000052 | Train Loss: 0.030079 (P:0.0296, S:0.0092, Q:0.0000) | Val Loss: 0.210588 (P:0.2007, S:0.1975, Q:0.0000) | Repr L2μ: 2.5410 Val L2μ: 2.2035 | Repr Cosμ: 0.9213 Val Cosμ: 0.9416 | Pred→Target Cosμ: 0.9580 Val Cosμ: 0.9196 | Repr NormRatio: 1.1500 Val NormRatio: 1.0746
   -> Saved improved checkpoint: val_loss=0.210588 at epoch 54
Epoch 55/100 | Steps: 559 | LR: 0.000051 | Train Loss: 0.030116 (P:0.0297, S:0.0092, Q:0.0000) | Val Loss: 0.208319 (P:0.1986, S:0.1951, Q:0.0000) | Repr L2μ: 2.5366 Val L2μ: 2.2487 | Repr Cosμ: 0.9222 Val Cosμ: 0.9397 | Pred→Target Cosμ: 0.9581 Val Cosμ: 0.9200 | Repr NormRatio: 1.1453 Val NormRatio: 1.0696
   -> Saved improved checkpoint: val_loss=0.208319 at epoch 55
Epoch 56/100 | Steps: 559 | LR: 0.000049 | Train Loss: 0.030212 (P:0.0298, S:0.0091, Q:0.0000) | Val Loss: 0.214187 (P:0.2047, S:0.1895, Q:0.0000) | Repr L2μ: 2.5304 Val L2μ: 2.2958 | Repr Cosμ: 0.9225 Val Cosμ: 0.9337 | Pred→Target Cosμ: 0.9582 Val Cosμ: 0.9240 | Repr NormRatio: 1.1356 Val NormRatio: 1.0657
Epoch 57/100 | Steps: 559 | LR: 0.000047 | Train Loss: 0.030356 (P:0.0299, S:0.0091, Q:0.0000) | Val Loss: 0.211714 (P:0.2019, S:0.1957, Q:0.0000) | Repr L2μ: 2.5175 Val L2μ: 2.2419 | Repr Cosμ: 0.9234 Val Cosμ: 0.9378 | Pred→Target Cosμ: 0.9582 Val Cosμ: 0.9208 | Repr NormRatio: 1.1298 Val NormRatio: 1.0722
Epoch 58/100 | Steps: 559 | LR: 0.000045 | Train Loss: 0.030259 (P:0.0298, S:0.0090, Q:0.0000) | Val Loss: 0.216447 (P:0.2069, S:0.1918, Q:0.0000) | Repr L2μ: 2.4915 Val L2μ: 2.2335 | Repr Cosμ: 0.9247 Val Cosμ: 0.9380 | Pred→Target Cosμ: 0.9581 Val Cosμ: 0.9212 | Repr NormRatio: 1.1307 Val NormRatio: 1.0653
Epoch 59/100 | Steps: 559 | LR: 0.000044 | Train Loss: 0.030353 (P:0.0299, S:0.0090, Q:0.0000) | Val Loss: 0.212653 (P:0.2029, S:0.1944, Q:0.0000) | Repr L2μ: 2.4748 Val L2μ: 2.1821 | Repr Cosμ: 0.9261 Val Cosμ: 0.9413 | Pred→Target Cosμ: 0.9579 Val Cosμ: 0.9234 | Repr NormRatio: 1.1335 Val NormRatio: 1.0778
Epoch 60/100 | Steps: 559 | LR: 0.000042 | Train Loss: 0.030187 (P:0.0297, S:0.0089, Q:0.0000) | Val Loss: 0.208101 (P:0.1984, S:0.1938, Q:0.0000) | Repr L2μ: 2.4541 Val L2μ: 2.2065 | Repr Cosμ: 0.9277 Val Cosμ: 0.9406 | Pred→Target Cosμ: 0.9580 Val Cosμ: 0.9229 | Repr NormRatio: 1.1395 Val NormRatio: 1.0888
   -> Saved improved checkpoint: val_loss=0.208101 at epoch 60
Epoch 61/100 | Steps: 559 | LR: 0.000040 | Train Loss: 0.029776 (P:0.0293, S:0.0089, Q:0.0000) | Val Loss: 0.204922 (P:0.1953, S:0.1917, Q:0.0000) | Repr L2μ: 2.4490 Val L2μ: 2.2064 | Repr Cosμ: 0.9281 Val Cosμ: 0.9399 | Pred→Target Cosμ: 0.9585 Val Cosμ: 0.9250 | Repr NormRatio: 1.1414 Val NormRatio: 1.0773
   -> Saved improved checkpoint: val_loss=0.204922 at epoch 61
Epoch 62/100 | Steps: 559 | LR: 0.000039 | Train Loss: 0.029652 (P:0.0292, S:0.0088, Q:0.0000) | Val Loss: 0.203178 (P:0.1934, S:0.1947, Q:0.0000) | Repr L2μ: 2.4304 Val L2μ: 2.1583 | Repr Cosμ: 0.9294 Val Cosμ: 0.9436 | Pred→Target Cosμ: 0.9585 Val Cosμ: 0.9229 | Repr NormRatio: 1.1435 Val NormRatio: 1.0797
   -> Saved improved checkpoint: val_loss=0.203178 at epoch 62
Epoch 63/100 | Steps: 559 | LR: 0.000037 | Train Loss: 0.029437 (P:0.0290, S:0.0087, Q:0.0000) | Val Loss: 0.199540 (P:0.1897, S:0.1977, Q:0.0000) | Repr L2μ: 2.4106 Val L2μ: 2.1384 | Repr Cosμ: 0.9308 Val Cosμ: 0.9442 | Pred→Target Cosμ: 0.9587 Val Cosμ: 0.9255 | Repr NormRatio: 1.1419 Val NormRatio: 1.0875
   -> Saved improved checkpoint: val_loss=0.199540 at epoch 63
Epoch 64/100 | Steps: 559 | LR: 0.000035 | Train Loss: 0.029253 (P:0.0288, S:0.0087, Q:0.0000) | Val Loss: 0.197719 (P:0.1879, S:0.1970, Q:0.0000) | Repr L2μ: 2.3910 Val L2μ: 2.1158 | Repr Cosμ: 0.9323 Val Cosμ: 0.9456 | Pred→Target Cosμ: 0.9589 Val Cosμ: 0.9241 | Repr NormRatio: 1.1397 Val NormRatio: 1.0840
   -> Saved improved checkpoint: val_loss=0.197719 at epoch 64
Epoch 65/100 | Steps: 559 | LR: 0.000034 | Train Loss: 0.029094 (P:0.0287, S:0.0086, Q:0.0000) | Val Loss: 0.196303 (P:0.1864, S:0.1985, Q:0.0000) | Repr L2μ: 2.3723 Val L2μ: 2.0903 | Repr Cosμ: 0.9335 Val Cosμ: 0.9470 | Pred→Target Cosμ: 0.9590 Val Cosμ: 0.9255 | Repr NormRatio: 1.1396 Val NormRatio: 1.0825
   -> Saved improved checkpoint: val_loss=0.196303 at epoch 65
Epoch 66/100 | Steps: 559 | LR: 0.000032 | Train Loss: 0.028962 (P:0.0285, S:0.0086, Q:0.0000) | Val Loss: 0.195848 (P:0.1859, S:0.1983, Q:0.0000) | Repr L2μ: 2.3581 Val L2μ: 2.0806 | Repr Cosμ: 0.9344 Val Cosμ: 0.9472 | Pred→Target Cosμ: 0.9591 Val Cosμ: 0.9259 | Repr NormRatio: 1.1381 Val NormRatio: 1.0837
   -> Saved improved checkpoint: val_loss=0.195848 at epoch 66
Epoch 67/100 | Steps: 559 | LR: 0.000030 | Train Loss: 0.028908 (P:0.0285, S:0.0086, Q:0.0000) | Val Loss: 0.195156 (P:0.1851, S:0.2011, Q:0.0000) | Repr L2μ: 2.3292 Val L2μ: 1.9946 | Repr Cosμ: 0.9362 Val Cosμ: 0.9524 | Pred→Target Cosμ: 0.9591 Val Cosμ: 0.9232 | Repr NormRatio: 1.1342 Val NormRatio: 1.0791
   -> Saved improved checkpoint: val_loss=0.195156 at epoch 67
Epoch 68/100 | Steps: 559 | LR: 0.000029 | Train Loss: 0.028761 (P:0.0283, S:0.0086, Q:0.0000) | Val Loss: 0.197818 (P:0.1878, S:0.1995, Q:0.0000) | Repr L2μ: 2.3090 Val L2μ: 2.0146 | Repr Cosμ: 0.9372 Val Cosμ: 0.9513 | Pred→Target Cosμ: 0.9593 Val Cosμ: 0.9238 | Repr NormRatio: 1.1358 Val NormRatio: 1.0854
Epoch 69/100 | Steps: 559 | LR: 0.000027 | Train Loss: 0.028656 (P:0.0282, S:0.0086, Q:0.0000) | Val Loss: 0.196137 (P:0.1862, S:0.1995, Q:0.0000) | Repr L2μ: 2.3061 Val L2μ: 2.0119 | Repr Cosμ: 0.9373 Val Cosμ: 0.9505 | Pred→Target Cosμ: 0.9594 Val Cosμ: 0.9239 | Repr NormRatio: 1.1331 Val NormRatio: 1.0936
Epoch 70/100 | Steps: 559 | LR: 0.000026 | Train Loss: 0.028302 (P:0.0279, S:0.0085, Q:0.0000) | Val Loss: 0.192820 (P:0.1826, S:0.2040, Q:0.0000) | Repr L2μ: 2.3074 Val L2μ: 1.9536 | Repr Cosμ: 0.9371 Val Cosμ: 0.9542 | Pred→Target Cosμ: 0.9598 Val Cosμ: 0.9235 | Repr NormRatio: 1.1393 Val NormRatio: 1.0805
   -> Saved improved checkpoint: val_loss=0.192820 at epoch 70
Epoch 71/100 | Steps: 559 | LR: 0.000024 | Train Loss: 0.027930 (P:0.0275, S:0.0084, Q:0.0000) | Val Loss: 0.191366 (P:0.1812, S:0.2034, Q:0.0000) | Repr L2μ: 2.3062 Val L2μ: 2.0147 | Repr Cosμ: 0.9373 Val Cosμ: 0.9511 | Pred→Target Cosμ: 0.9602 Val Cosμ: 0.9241 | Repr NormRatio: 1.1406 Val NormRatio: 1.0939
   -> Saved improved checkpoint: val_loss=0.191366 at epoch 71
Epoch 72/100 | Steps: 559 | LR: 0.000023 | Train Loss: 0.027922 (P:0.0275, S:0.0085, Q:0.0000) | Val Loss: 0.193718 (P:0.1835, S:0.2053, Q:0.0000) | Repr L2μ: 2.3037 Val L2μ: 1.9747 | Repr Cosμ: 0.9372 Val Cosμ: 0.9532 | Pred→Target Cosμ: 0.9603 Val Cosμ: 0.9222 | Repr NormRatio: 1.1416 Val NormRatio: 1.0838
Epoch 73/100 | Steps: 559 | LR: 0.000021 | Train Loss: 0.027798 (P:0.0274, S:0.0084, Q:0.0000) | Val Loss: 0.191413 (P:0.1812, S:0.2045, Q:0.0000) | Repr L2μ: 2.3051 Val L2μ: 1.9766 | Repr Cosμ: 0.9370 Val Cosμ: 0.9527 | Pred→Target Cosμ: 0.9603 Val Cosμ: 0.9240 | Repr NormRatio: 1.1423 Val NormRatio: 1.0904
Epoch 74/100 | Steps: 559 | LR: 0.000020 | Train Loss: 0.027754 (P:0.0273, S:0.0084, Q:0.0000) | Val Loss: 0.195555 (P:0.1852, S:0.2073, Q:0.0000) | Repr L2μ: 2.3094 Val L2μ: 1.9821 | Repr Cosμ: 0.9365 Val Cosμ: 0.9521 | Pred→Target Cosμ: 0.9604 Val Cosμ: 0.9232 | Repr NormRatio: 1.1452 Val NormRatio: 1.0921
Epoch 75/100 | Steps: 559 | LR: 0.000019 | Train Loss: 0.027483 (P:0.0271, S:0.0083, Q:0.0000) | Val Loss: 0.191393 (P:0.1808, S:0.2121, Q:0.0000) | Repr L2μ: 2.3148 Val L2μ: 1.9820 | Repr Cosμ: 0.9359 Val Cosμ: 0.9527 | Pred→Target Cosμ: 0.9607 Val Cosμ: 0.9230 | Repr NormRatio: 1.1481 Val NormRatio: 1.0974
Epoch 76/100 | Steps: 559 | LR: 0.000017 | Train Loss: 0.027448 (P:0.0270, S:0.0083, Q:0.0000) | Val Loss: 0.190756 (P:0.1802, S:0.2104, Q:0.0000) | Repr L2μ: 2.3062 Val L2μ: 1.9970 | Repr Cosμ: 0.9361 Val Cosμ: 0.9509 | Pred→Target Cosμ: 0.9607 Val Cosμ: 0.9236 | Repr NormRatio: 1.1482 Val NormRatio: 1.1002
   -> Saved improved checkpoint: val_loss=0.190756 at epoch 76
Epoch 77/100 | Steps: 559 | LR: 0.000016 | Train Loss: 0.027303 (P:0.0269, S:0.0083, Q:0.0000) | Val Loss: 0.190841 (P:0.1802, S:0.2134, Q:0.0000) | Repr L2μ: 2.2987 Val L2μ: 1.9526 | Repr Cosμ: 0.9365 Val Cosμ: 0.9535 | Pred→Target Cosμ: 0.9608 Val Cosμ: 0.9239 | Repr NormRatio: 1.1486 Val NormRatio: 1.0895
Epoch 78/100 | Steps: 559 | LR: 0.000015 | Train Loss: 0.027131 (P:0.0267, S:0.0083, Q:0.0000) | Val Loss: 0.189001 (P:0.1782, S:0.2165, Q:0.0000) | Repr L2μ: 2.2928 Val L2μ: 1.9581 | Repr Cosμ: 0.9368 Val Cosμ: 0.9536 | Pred→Target Cosμ: 0.9610 Val Cosμ: 0.9228 | Repr NormRatio: 1.1499 Val NormRatio: 1.1025
   -> Saved improved checkpoint: val_loss=0.189001 at epoch 78
Epoch 79/100 | Steps: 559 | LR: 0.000014 | Train Loss: 0.026855 (P:0.0264, S:0.0082, Q:0.0000) | Val Loss: 0.191532 (P:0.1808, S:0.2140, Q:0.0000) | Repr L2μ: 2.2935 Val L2μ: 1.9624 | Repr Cosμ: 0.9369 Val Cosμ: 0.9532 | Pred→Target Cosμ: 0.9612 Val Cosμ: 0.9226 | Repr NormRatio: 1.1499 Val NormRatio: 1.0984
Epoch 80/100 | Steps: 559 | LR: 0.000013 | Train Loss: 0.026832 (P:0.0264, S:0.0082, Q:0.0000) | Val Loss: 0.190122 (P:0.1795, S:0.2131, Q:0.0000) | Repr L2μ: 2.2950 Val L2μ: 1.9727 | Repr Cosμ: 0.9367 Val Cosμ: 0.9527 | Pred→Target Cosμ: 0.9612 Val Cosμ: 0.9235 | Repr NormRatio: 1.1504 Val NormRatio: 1.0995
Epoch 81/100 | Steps: 559 | LR: 0.000011 | Train Loss: 0.026675 (P:0.0263, S:0.0082, Q:0.0000) | Val Loss: 0.189927 (P:0.1792, S:0.2153, Q:0.0000) | Repr L2μ: 2.2900 Val L2μ: 1.9673 | Repr Cosμ: 0.9370 Val Cosμ: 0.9528 | Pred→Target Cosμ: 0.9614 Val Cosμ: 0.9226 | Repr NormRatio: 1.1484 Val NormRatio: 1.1047
Epoch 82/100 | Steps: 559 | LR: 0.000010 | Train Loss: 0.026691 (P:0.0263, S:0.0081, Q:0.0000) | Val Loss: 0.189299 (P:0.1785, S:0.2154, Q:0.0000) | Repr L2μ: 2.2835 Val L2μ: 1.9359 | Repr Cosμ: 0.9373 Val Cosμ: 0.9547 | Pred→Target Cosμ: 0.9613 Val Cosμ: 0.9222 | Repr NormRatio: 1.1466 Val NormRatio: 1.0927
Epoch 83/100 | Steps: 559 | LR: 0.000009 | Train Loss: 0.026555 (P:0.0261, S:0.0082, Q:0.0000) | Val Loss: 0.191672 (P:0.1808, S:0.2170, Q:0.0000) | Repr L2μ: 2.2833 Val L2μ: 1.9648 | Repr Cosμ: 0.9372 Val Cosμ: 0.9527 | Pred→Target Cosμ: 0.9614 Val Cosμ: 0.9220 | Repr NormRatio: 1.1457 Val NormRatio: 1.0999
Epoch 84/100 | Steps: 559 | LR: 0.000009 | Train Loss: 0.026540 (P:0.0261, S:0.0081, Q:0.0000) | Val Loss: 0.188684 (P:0.1777, S:0.2188, Q:0.0000) | Repr L2μ: 2.2795 Val L2μ: 1.9405 | Repr Cosμ: 0.9375 Val Cosμ: 0.9544 | Pred→Target Cosμ: 0.9615 Val Cosμ: 0.9229 | Repr NormRatio: 1.1463 Val NormRatio: 1.0951
   -> Saved improved checkpoint: val_loss=0.188684 at epoch 84
Epoch 85/100 | Steps: 559 | LR: 0.000008 | Train Loss: 0.026413 (P:0.0260, S:0.0081, Q:0.0000) | Val Loss: 0.189920 (P:0.1791, S:0.2171, Q:0.0000) | Repr L2μ: 2.2803 Val L2μ: 1.9693 | Repr Cosμ: 0.9372 Val Cosμ: 0.9525 | Pred→Target Cosμ: 0.9616 Val Cosμ: 0.9231 | Repr NormRatio: 1.1457 Val NormRatio: 1.1001
Epoch 86/100 | Steps: 559 | LR: 0.000007 | Train Loss: 0.026428 (P:0.0260, S:0.0081, Q:0.0000) | Val Loss: 0.189589 (P:0.1787, S:0.2169, Q:0.0000) | Repr L2μ: 2.2812 Val L2μ: 1.9463 | Repr Cosμ: 0.9372 Val Cosμ: 0.9537 | Pred→Target Cosμ: 0.9615 Val Cosμ: 0.9228 | Repr NormRatio: 1.1470 Val NormRatio: 1.1008
Epoch 87/100 | Steps: 559 | LR: 0.000006 | Train Loss: 0.026285 (P:0.0259, S:0.0082, Q:0.0000) | Val Loss: 0.189004 (P:0.1781, S:0.2184, Q:0.0000) | Repr L2μ: 2.2767 Val L2μ: 1.9504 | Repr Cosμ: 0.9375 Val Cosμ: 0.9535 | Pred→Target Cosμ: 0.9617 Val Cosμ: 0.9229 | Repr NormRatio: 1.1464 Val NormRatio: 1.0997
Epoch 88/100 | Steps: 559 | LR: 0.000005 | Train Loss: 0.026235 (P:0.0258, S:0.0081, Q:0.0000) | Val Loss: 0.189112 (P:0.1781, S:0.2199, Q:0.0000) | Repr L2μ: 2.2789 Val L2μ: 1.9411 | Repr Cosμ: 0.9375 Val Cosμ: 0.9538 | Pred→Target Cosμ: 0.9617 Val Cosμ: 0.9226 | Repr NormRatio: 1.1450 Val NormRatio: 1.0943
Epoch 89/100 | Steps: 559 | LR: 0.000005 | Train Loss: 0.026143 (P:0.0257, S:0.0081, Q:0.0000) | Val Loss: 0.192529 (P:0.1816, S:0.2196, Q:0.0000) | Repr L2μ: 2.2815 Val L2μ: 1.9455 | Repr Cosμ: 0.9372 Val Cosμ: 0.9539 | Pred→Target Cosμ: 0.9618 Val Cosμ: 0.9216 | Repr NormRatio: 1.1462 Val NormRatio: 1.0978
Epoch 90/100 | Steps: 559 | LR: 0.000004 | Train Loss: 0.026078 (P:0.0257, S:0.0081, Q:0.0000) | Val Loss: 0.190292 (P:0.1793, S:0.2193, Q:0.0000) | Repr L2μ: 2.2727 Val L2μ: 1.9364 | Repr Cosμ: 0.9377 Val Cosμ: 0.9543 | Pred→Target Cosμ: 0.9619 Val Cosμ: 0.9215 | Repr NormRatio: 1.1450 Val NormRatio: 1.0947
Epoch 91/100 | Steps: 559 | LR: 0.000003 | Train Loss: 0.026112 (P:0.0257, S:0.0081, Q:0.0000) | Val Loss: 0.188790 (P:0.1777, S:0.2220, Q:0.0000) | Repr L2μ: 2.2719 Val L2μ: 1.9382 | Repr Cosμ: 0.9377 Val Cosμ: 0.9542 | Pred→Target Cosμ: 0.9619 Val Cosμ: 0.9227 | Repr NormRatio: 1.1446 Val NormRatio: 1.0979
Epoch 92/100 | Steps: 559 | LR: 0.000003 | Train Loss: 0.026053 (P:0.0256, S:0.0081, Q:0.0000) | Val Loss: 0.189690 (P:0.1786, S:0.2210, Q:0.0000) | Repr L2μ: 2.2734 Val L2μ: 1.9420 | Repr Cosμ: 0.9377 Val Cosμ: 0.9540 | Pred→Target Cosμ: 0.9619 Val Cosμ: 0.9223 | Repr NormRatio: 1.1445 Val NormRatio: 1.0974
Epoch 93/100 | Steps: 559 | LR: 0.000002 | Train Loss: 0.026008 (P:0.0256, S:0.0081, Q:0.0000) | Val Loss: 0.189906 (P:0.1788, S:0.2217, Q:0.0000) | Repr L2μ: 2.2760 Val L2μ: 1.9357 | Repr Cosμ: 0.9377 Val Cosμ: 0.9543 | Pred→Target Cosμ: 0.9620 Val Cosμ: 0.9218 | Repr NormRatio: 1.1443 Val NormRatio: 1.0951
Epoch 94/100 | Steps: 559 | LR: 0.000002 | Train Loss: 0.025976 (P:0.0256, S:0.0080, Q:0.0000) | Val Loss: 0.188544 (P:0.1774, S:0.2227, Q:0.0000) | Repr L2μ: 2.2752 Val L2μ: 1.9474 | Repr Cosμ: 0.9375 Val Cosμ: 0.9537 | Pred→Target Cosμ: 0.9620 Val Cosμ: 0.9221 | Repr NormRatio: 1.1451 Val NormRatio: 1.0972
   -> Saved improved checkpoint: val_loss=0.188544 at epoch 94
Epoch 95/100 | Steps: 559 | LR: 0.000002 | Train Loss: 0.025867 (P:0.0255, S:0.0081, Q:0.0000) | Val Loss: 0.189183 (P:0.1782, S:0.2201, Q:0.0000) | Repr L2μ: 2.2763 Val L2μ: 1.9355 | Repr Cosμ: 0.9375 Val Cosμ: 0.9542 | Pred→Target Cosμ: 0.9622 Val Cosμ: 0.9227 | Repr NormRatio: 1.1445 Val NormRatio: 1.0960
Epoch 96/100 | Steps: 559 | LR: 0.000001 | Train Loss: 0.025955 (P:0.0256, S:0.0080, Q:0.0000) | Val Loss: 0.188753 (P:0.1776, S:0.2229, Q:0.0000) | Repr L2μ: 2.2730 Val L2μ: 1.9437 | Repr Cosμ: 0.9376 Val Cosμ: 0.9538 | Pred→Target Cosμ: 0.9620 Val Cosμ: 0.9224 | Repr NormRatio: 1.1452 Val NormRatio: 1.0983
Epoch 97/100 | Steps: 559 | LR: 0.000001 | Train Loss: 0.025898 (P:0.0255, S:0.0081, Q:0.0000) | Val Loss: 0.189211 (P:0.1781, S:0.2212, Q:0.0000) | Repr L2μ: 2.2766 Val L2μ: 1.9424 | Repr Cosμ: 0.9374 Val Cosμ: 0.9540 | Pred→Target Cosμ: 0.9621 Val Cosμ: 0.9223 | Repr NormRatio: 1.1441 Val NormRatio: 1.0970
Epoch 98/100 | Steps: 559 | LR: 0.000001 | Train Loss: 0.025896 (P:0.0255, S:0.0080, Q:0.0000) | Val Loss: 0.189209 (P:0.1780, S:0.2238, Q:0.0000) | Repr L2μ: 2.2739 Val L2μ: 1.9385 | Repr Cosμ: 0.9376 Val Cosμ: 0.9543 | Pred→Target Cosμ: 0.9621 Val Cosμ: 0.9217 | Repr NormRatio: 1.1447 Val NormRatio: 1.0973
Epoch 99/100 | Steps: 559 | LR: 0.000001 | Train Loss: 0.025800 (P:0.0254, S:0.0080, Q:0.0000) | Val Loss: 0.190244 (P:0.1791, S:0.2224, Q:0.0000) | Repr L2μ: 2.2724 Val L2μ: 1.9366 | Repr Cosμ: 0.9377 Val Cosμ: 0.9543 | Pred→Target Cosμ: 0.9622 Val Cosμ: 0.9215 | Repr NormRatio: 1.1440 Val NormRatio: 1.0959
Epoch 100/100 | Steps: 559 | LR: 0.000001 | Train Loss: 0.025954 (P:0.0256, S:0.0081, Q:0.0000) | Val Loss: 0.188809 (P:0.1777, S:0.2227, Q:0.0000) | Repr L2μ: 2.2733 Val L2μ: 1.9403 | Repr Cosμ: 0.9376 Val Cosμ: 0.9541 | Pred→Target Cosμ: 0.9620 Val Cosμ: 0.9221 | Repr NormRatio: 1.1433 Val NormRatio: 1.0979
