nohup: ignoring input
🚀 Laya-TS Pretraining: electricity (laya + mixer_concat_text_stats_avg)
📊 data_path: ../Dataset/long_term_forecast/electricity/electricity.csv
📝 metadata: mode=text_stats_avg, fusion=concat_kv, relation=none, stats_dim=384
📝 log_dir: ./runs/pretrain_electricity_laya_mixer_concat_text_stats_avg
Text metadata preview | dataset=electricity | domain=electricity | channels=321
   - 0: In the electricity domain, this channel belongs to the electricity dataset and represents the feature 0.
   - 1: In the electricity domain, this channel belongs to the electricity dataset and represents the feature 1.
   - ... (319 more channel descriptions)
Stats metadata preview | dataset=electricity | domain=electricity | channels=321
   - 0: Channel statistics over the training split: mean value is 25.086, standard deviation is 24.648, minimum value is 0.000, maximum value is 137.000, median value is 12.000, and mean absolute value is 25.086.
📊 Dataset Statistics:
   - Sequence Length (T): 512
   - Train Samples: 17903, Steps: 559
   - Val Samples: 2119, Steps: 67
🔧 Encoder Hyperparameters:
   - d_model: 128
   - n_heads: 8
   - n_layers: 3
   - proj_dim: 256
   - patch_size: 16
   - metadata_fusion_mode: concat_kv
   - channel_mixer_relation_mode: none
   - encoder_variant: default
   - temporal_patchifier_mode: fixed
   - use_channel_relation_block: False
🧮 Parameter Counts:
   - Total Parameters: 4,364,384
   - Trainable Parameters: 4,364,384
⏱️ Schedule:
   - total_steps: 55900
   - warmup_steps: 5590
   - derived_epochs: 100
Epoch 1/100 | Steps: 559 | LR: 0.000010 | Train Loss: 1.800204 (P:0.7866, S:0.2723, Q:0.9999) | Val Loss: 1.886171 (P:0.8646, S:0.4332, Q:0.9999) | Repr L2μ: 2.0598 Val L2μ: 1.0626 | Repr Cosμ: 0.9783 Val Cosμ: 0.9941 | Pred→Target Cosμ: 0.4695 Val Cosμ: 0.4718 | Repr NormRatio: 1.0234 Val NormRatio: 1.0066
   -> Saved improved checkpoint: val_loss=1.886171 at epoch 1
Epoch 2/100 | Steps: 559 | LR: 0.000020 | Train Loss: 1.617576 (P:0.6087, S:0.1914, Q:0.9993) | Val Loss: 1.891639 (P:0.8735, S:0.4349, Q:0.9964) | Repr L2μ: 1.9151 Val L2μ: 1.0197 | Repr Cosμ: 0.9811 Val Cosμ: 0.9944 | Pred→Target Cosμ: 0.6818 Val Cosμ: 0.4725 | Repr NormRatio: 1.0225 Val NormRatio: 1.0098
Epoch 3/100 | Steps: 559 | LR: 0.000030 | Train Loss: 1.269252 (P:0.4064, S:0.1288, Q:0.8564) | Val Loss: 1.153922 (P:0.5110, S:0.4013, Q:0.6229) | Repr L2μ: 3.0367 Val L2μ: 2.5220 | Repr Cosμ: 0.9424 Val Cosμ: 0.9606 | Pred→Target Cosμ: 0.9112 Val Cosμ: 0.6736 | Repr NormRatio: 1.0534 Val NormRatio: 1.0377
   -> Saved improved checkpoint: val_loss=1.153922 at epoch 3
Epoch 4/100 | Steps: 559 | LR: 0.000040 | Train Loss: 0.877911 (P:0.3444, S:0.0950, Q:0.5287) | Val Loss: 1.017588 (P:0.5074, S:0.3947, Q:0.4904) | Repr L2μ: 3.5669 Val L2μ: 2.5945 | Repr Cosμ: 0.9291 Val Cosμ: 0.9613 | Pred→Target Cosμ: 0.9326 Val Cosμ: 0.6608 | Repr NormRatio: 1.0590 Val NormRatio: 1.0315
   -> Saved improved checkpoint: val_loss=1.017588 at epoch 4
Epoch 5/100 | Steps: 559 | LR: 0.000050 | Train Loss: 0.778983 (P:0.2915, S:0.0764, Q:0.4837) | Val Loss: 0.992313 (P:0.4935, S:0.3966, Q:0.4790) | Repr L2μ: 3.5696 Val L2μ: 2.6290 | Repr Cosμ: 0.9335 Val Cosμ: 0.9614 | Pred→Target Cosμ: 0.9427 Val Cosμ: 0.6682 | Repr NormRatio: 1.0471 Val NormRatio: 1.0247
   -> Saved improved checkpoint: val_loss=0.992313 at epoch 5
Epoch 6/100 | Steps: 559 | LR: 0.000060 | Train Loss: 0.734727 (P:0.2542, S:0.0662, Q:0.4772) | Val Loss: 1.049473 (P:0.5545, S:0.3990, Q:0.4750) | Repr L2μ: 3.5907 Val L2μ: 2.5549 | Repr Cosμ: 0.9349 Val Cosμ: 0.9647 | Pred→Target Cosμ: 0.9406 Val Cosμ: 0.5840 | Repr NormRatio: 1.0389 Val NormRatio: 1.0272
Epoch 7/100 | Steps: 559 | LR: 0.000070 | Train Loss: 0.684803 (P:0.2164, S:0.0603, Q:0.4654) | Val Loss: 0.989483 (P:0.5139, S:0.4090, Q:0.4551) | Repr L2μ: 3.5684 Val L2μ: 2.2684 | Repr Cosμ: 0.9376 Val Cosμ: 0.9734 | Pred→Target Cosμ: 0.9334 Val Cosμ: 0.5996 | Repr NormRatio: 1.0302 Val NormRatio: 1.0182
   -> Saved improved checkpoint: val_loss=0.989483 at epoch 7
Epoch 8/100 | Steps: 559 | LR: 0.000080 | Train Loss: 0.578892 (P:0.1708, S:0.0581, Q:0.4052) | Val Loss: 0.793917 (P:0.4413, S:0.3941, Q:0.3329) | Repr L2μ: 3.2547 Val L2μ: 2.5573 | Repr Cosμ: 0.9504 Val Cosμ: 0.9660 | Pred→Target Cosμ: 0.9251 Val Cosμ: 0.6633 | Repr NormRatio: 1.0162 Val NormRatio: 1.0067
   -> Saved improved checkpoint: val_loss=0.793917 at epoch 8
Epoch 9/100 | Steps: 559 | LR: 0.000090 | Train Loss: 0.432429 (P:0.1216, S:0.0515, Q:0.3083) | Val Loss: 0.762996 (P:0.4576, S:0.4140, Q:0.2847) | Repr L2μ: 3.6485 Val L2μ: 1.7515 | Repr Cosμ: 0.9381 Val Cosμ: 0.9844 | Pred→Target Cosμ: 0.9409 Val Cosμ: 0.6206 | Repr NormRatio: 1.0166 Val NormRatio: 1.0034
   -> Saved improved checkpoint: val_loss=0.762996 at epoch 9
Epoch 10/100 | Steps: 559 | LR: 0.000100 | Train Loss: 0.356981 (P:0.0964, S:0.0477, Q:0.2582) | Val Loss: 0.705425 (P:0.4421, S:0.7061, Q:0.2281) | Repr L2μ: 3.4460 Val L2μ: 1.5542 | Repr Cosμ: 0.9459 Val Cosμ: 0.9880 | Pred→Target Cosμ: 0.9430 Val Cosμ: 0.7303 | Repr NormRatio: 1.0135 Val NormRatio: 1.0046
   -> Saved improved checkpoint: val_loss=0.705425 at epoch 10
Epoch 11/100 | Steps: 559 | LR: 0.000100 | Train Loss: 0.278384 (P:0.0887, S:0.0481, Q:0.1873) | Val Loss: 0.670957 (P:0.4929, S:0.6160, Q:0.1473) | Repr L2μ: 3.6164 Val L2μ: 1.9710 | Repr Cosμ: 0.9387 Val Cosμ: 0.9805 | Pred→Target Cosμ: 0.9370 Val Cosμ: 0.7570 | Repr NormRatio: 1.0129 Val NormRatio: 1.0067
   -> Saved improved checkpoint: val_loss=0.670957 at epoch 11
Epoch 12/100 | Steps: 559 | LR: 0.000100 | Train Loss: 0.202048 (P:0.0794, S:0.0456, Q:0.1203) | Val Loss: 1.025079 (P:0.9048, S:0.5540, Q:0.0926) | Repr L2μ: 3.3115 Val L2μ: 2.1482 | Repr Cosμ: 0.9483 Val Cosμ: 0.9768 | Pred→Target Cosμ: 0.9454 Val Cosμ: 0.7878 | Repr NormRatio: 1.0099 Val NormRatio: 1.0020
Epoch 13/100 | Steps: 559 | LR: 0.000100 | Train Loss: 0.157053 (P:0.0759, S:0.0419, Q:0.0790) | Val Loss: 0.630628 (P:0.5391, S:0.5122, Q:0.0659) | Repr L2μ: 2.6364 Val L2μ: 1.4032 | Repr Cosμ: 0.9678 Val Cosμ: 0.9903 | Pred→Target Cosμ: 0.9526 Val Cosμ: 0.6450 | Repr NormRatio: 1.0043 Val NormRatio: 1.0013
   -> Saved improved checkpoint: val_loss=0.630628 at epoch 13
Epoch 14/100 | Steps: 559 | LR: 0.000100 | Train Loss: 0.131476 (P:0.0726, S:0.0404, Q:0.0568) | Val Loss: 0.615996 (P:0.5518, S:0.3310, Q:0.0477) | Repr L2μ: 2.6467 Val L2μ: 1.9323 | Repr Cosμ: 0.9675 Val Cosμ: 0.9817 | Pred→Target Cosμ: 0.9556 Val Cosμ: 0.7792 | Repr NormRatio: 1.0039 Val NormRatio: 1.0051
   -> Saved improved checkpoint: val_loss=0.615996 at epoch 14
Epoch 15/100 | Steps: 559 | LR: 0.000099 | Train Loss: 0.118642 (P:0.0746, S:0.0408, Q:0.0420) | Val Loss: 1.200271 (P:1.1166, S:0.9333, Q:0.0370) | Repr L2μ: 2.7051 Val L2μ: 1.8437 | Repr Cosμ: 0.9652 Val Cosμ: 0.9829 | Pred→Target Cosμ: 0.9559 Val Cosμ: 0.8400 | Repr NormRatio: 1.0069 Val NormRatio: 1.0066
Epoch 16/100 | Steps: 559 | LR: 0.000099 | Train Loss: 0.114223 (P:0.0794, S:0.0427, Q:0.0327) | Val Loss: 0.888135 (P:0.8116, S:0.9332, Q:0.0299) | Repr L2μ: 3.2410 Val L2μ: 1.4734 | Repr Cosμ: 0.9482 Val Cosμ: 0.9893 | Pred→Target Cosμ: 0.9599 Val Cosμ: 0.7455 | Repr NormRatio: 1.0164 Val NormRatio: 1.0069
Epoch 17/100 | Steps: 559 | LR: 0.000099 | Train Loss: 0.095838 (P:0.0686, S:0.0408, Q:0.0252) | Val Loss: 0.723459 (P:0.6776, S:0.4647, Q:0.0226) | Repr L2μ: 3.6195 Val L2μ: 2.5309 | Repr Cosμ: 0.9366 Val Cosμ: 0.9675 | Pred→Target Cosμ: 0.9655 Val Cosμ: 0.8353 | Repr NormRatio: 1.0130 Val NormRatio: 1.0058
Epoch 18/100 | Steps: 559 | LR: 0.000098 | Train Loss: 0.100141 (P:0.0779, S:0.0429, Q:0.0201) | Val Loss: 0.769074 (P:0.7341, S:0.3474, Q:0.0176) | Repr L2μ: 3.2295 Val L2μ: 1.8286 | Repr Cosμ: 0.9464 Val Cosμ: 0.9829 | Pred→Target Cosμ: 0.9628 Val Cosμ: 0.7747 | Repr NormRatio: 1.0141 Val NormRatio: 1.0033
Epoch 19/100 | Steps: 559 | LR: 0.000098 | Train Loss: 0.083530 (P:0.0660, S:0.0401, Q:0.0156) | Val Loss: 0.657710 (P:0.6229, S:0.4080, Q:0.0144) | Repr L2μ: 3.1411 Val L2μ: 1.6019 | Repr Cosμ: 0.9509 Val Cosμ: 0.9872 | Pred→Target Cosμ: 0.9693 Val Cosμ: 0.7665 | Repr NormRatio: 1.0092 Val NormRatio: 1.0030
Epoch 20/100 | Steps: 559 | LR: 0.000097 | Train Loss: 0.076783 (P:0.0622, S:0.0387, Q:0.0127) | Val Loss: 0.665394 (P:0.6397, S:0.2701, Q:0.0122) | Repr L2μ: 2.9678 Val L2μ: 2.6067 | Repr Cosμ: 0.9561 Val Cosμ: 0.9649 | Pred→Target Cosμ: 0.9695 Val Cosμ: 0.8220 | Repr NormRatio: 1.0111 Val NormRatio: 1.0051
Epoch 21/100 | Steps: 559 | LR: 0.000096 | Train Loss: 0.081030 (P:0.0685, S:0.0442, Q:0.0103) | Val Loss: 0.588136 (P:0.5683, S:0.1974, Q:0.0100) | Repr L2μ: 4.2296 Val L2μ: 6.8615 | Repr Cosμ: 0.9075 Val Cosμ: 0.7328 | Pred→Target Cosμ: 0.9693 Val Cosμ: 0.8907 | Repr NormRatio: 1.0237 Val NormRatio: 1.0714
   -> Saved improved checkpoint: val_loss=0.588136 at epoch 21
Epoch 22/100 | Steps: 559 | LR: 0.000096 | Train Loss: 0.075932 (P:0.0648, S:0.0470, Q:0.0088) | Val Loss: 0.565493 (P:0.5468, S:0.2047, Q:0.0084) | Repr L2μ: 4.5695 Val L2μ: 4.5287 | Repr Cosμ: 0.8862 Val Cosμ: 0.8866 | Pred→Target Cosμ: 0.9679 Val Cosμ: 0.8140 | Repr NormRatio: 1.0322 Val NormRatio: 1.0161
   -> Saved improved checkpoint: val_loss=0.565493 at epoch 22
Epoch 23/100 | Steps: 559 | LR: 0.000095 | Train Loss: 0.071132 (P:0.0614, S:0.0465, Q:0.0074) | Val Loss: 0.432900 (P:0.4138, S:0.2359, Q:0.0073) | Repr L2μ: 4.9838 Val L2μ: 3.1938 | Repr Cosμ: 0.8659 Val Cosμ: 0.9458 | Pred→Target Cosμ: 0.9711 Val Cosμ: 0.8686 | Repr NormRatio: 1.0358 Val NormRatio: 1.0051
   -> Saved improved checkpoint: val_loss=0.432900 at epoch 23
Epoch 24/100 | Steps: 559 | LR: 0.000094 | Train Loss: 0.064911 (P:0.0560, S:0.0455, Q:0.0066) | Val Loss: 0.370762 (P:0.3543, S:0.1879, Q:0.0071) | Repr L2μ: 4.6988 Val L2μ: 4.6202 | Repr Cosμ: 0.8815 Val Cosμ: 0.8836 | Pred→Target Cosμ: 0.9728 Val Cosμ: 0.8748 | Repr NormRatio: 1.0198 Val NormRatio: 1.0086
   -> Saved improved checkpoint: val_loss=0.370762 at epoch 24
Epoch 25/100 | Steps: 559 | LR: 0.000093 | Train Loss: 0.060298 (P:0.0522, S:0.0449, Q:0.0059) | Val Loss: 0.392108 (P:0.3587, S:0.5424, Q:0.0063) | Repr L2μ: 4.6922 Val L2μ: 2.4353 | Repr Cosμ: 0.8810 Val Cosμ: 0.9695 | Pred→Target Cosμ: 0.9740 Val Cosμ: 0.8918 | Repr NormRatio: 1.0255 Val NormRatio: 1.0142
Epoch 26/100 | Steps: 559 | LR: 0.000092 | Train Loss: 0.059898 (P:0.0524, S:0.0430, Q:0.0054) | Val Loss: 0.465867 (P:0.4447, S:0.3043, Q:0.0060) | Repr L2μ: 4.2584 Val L2μ: 2.5671 | Repr Cosμ: 0.9014 Val Cosμ: 0.9639 | Pred→Target Cosμ: 0.9735 Val Cosμ: 0.8564 | Repr NormRatio: 1.0265 Val NormRatio: 1.0092
Epoch 27/100 | Steps: 559 | LR: 0.000092 | Train Loss: 0.054479 (P:0.0475, S:0.0422, Q:0.0048) | Val Loss: 0.486922 (P:0.4731, S:0.1832, Q:0.0047) | Repr L2μ: 4.2753 Val L2μ: 4.1627 | Repr Cosμ: 0.9010 Val Cosμ: 0.8986 | Pred→Target Cosμ: 0.9755 Val Cosμ: 0.8810 | Repr NormRatio: 1.0241 Val NormRatio: 1.0152
Epoch 28/100 | Steps: 559 | LR: 0.000091 | Train Loss: 0.053163 (P:0.0465, S:0.0435, Q:0.0045) | Val Loss: 0.321487 (P:0.3075, S:0.1959, Q:0.0042) | Repr L2μ: 4.2277 Val L2μ: 3.8327 | Repr Cosμ: 0.9015 Val Cosμ: 0.9167 | Pred→Target Cosμ: 0.9756 Val Cosμ: 0.8860 | Repr NormRatio: 1.0235 Val NormRatio: 1.0150
   -> Saved improved checkpoint: val_loss=0.321487 at epoch 28
Epoch 29/100 | Steps: 559 | LR: 0.000090 | Train Loss: 0.050132 (P:0.0440, S:0.0429, Q:0.0040) | Val Loss: 0.420388 (P:0.4017, S:0.2874, Q:0.0043) | Repr L2μ: 4.4457 Val L2μ: 4.4538 | Repr Cosμ: 0.8866 Val Cosμ: 0.8865 | Pred→Target Cosμ: 0.9771 Val Cosμ: 0.9072 | Repr NormRatio: 1.0319 Val NormRatio: 1.0560
Epoch 30/100 | Steps: 559 | LR: 0.000088 | Train Loss: 0.050168 (P:0.0440, S:0.0450, Q:0.0040) | Val Loss: 0.407079 (P:0.3835, S:0.3871, Q:0.0042) | Repr L2μ: 4.0607 Val L2μ: 2.2507 | Repr Cosμ: 0.9048 Val Cosμ: 0.9708 | Pred→Target Cosμ: 0.9751 Val Cosμ: 0.9001 | Repr NormRatio: 1.0254 Val NormRatio: 1.0090
Epoch 31/100 | Steps: 559 | LR: 0.000087 | Train Loss: 0.049458 (P:0.0436, S:0.0448, Q:0.0036) | Val Loss: 0.352383 (P:0.3357, S:0.2653, Q:0.0034) | Repr L2μ: 3.3489 Val L2μ: 3.0474 | Repr Cosμ: 0.9365 Val Cosμ: 0.9454 | Pred→Target Cosμ: 0.9761 Val Cosμ: 0.8713 | Repr NormRatio: 1.0218 Val NormRatio: 1.0285
Epoch 32/100 | Steps: 559 | LR: 0.000086 | Train Loss: 0.045766 (P:0.0403, S:0.0442, Q:0.0033) | Val Loss: 0.356127 (P:0.3356, S:0.3439, Q:0.0033) | Repr L2μ: 3.5217 Val L2μ: 1.7400 | Repr Cosμ: 0.9250 Val Cosμ: 0.9831 | Pred→Target Cosμ: 0.9776 Val Cosμ: 0.8644 | Repr NormRatio: 1.0241 Val NormRatio: 1.0080
Epoch 33/100 | Steps: 559 | LR: 0.000085 | Train Loss: 0.043220 (P:0.0380, S:0.0424, Q:0.0031) | Val Loss: 0.271206 (P:0.2567, S:0.2275, Q:0.0031) | Repr L2μ: 3.4712 Val L2μ: 4.2595 | Repr Cosμ: 0.9290 Val Cosμ: 0.8883 | Pred→Target Cosμ: 0.9782 Val Cosμ: 0.8945 | Repr NormRatio: 1.0207 Val NormRatio: 1.0163
   -> Saved improved checkpoint: val_loss=0.271206 at epoch 33
Epoch 34/100 | Steps: 559 | LR: 0.000084 | Train Loss: 0.041470 (P:0.0365, S:0.0410, Q:0.0029) | Val Loss: 0.374104 (P:0.3554, S:0.3141, Q:0.0030) | Repr L2μ: 3.3533 Val L2μ: 2.0225 | Repr Cosμ: 0.9351 Val Cosμ: 0.9776 | Pred→Target Cosμ: 0.9783 Val Cosμ: 0.8889 | Repr NormRatio: 1.0209 Val NormRatio: 1.0057
Epoch 35/100 | Steps: 559 | LR: 0.000082 | Train Loss: 0.044006 (P:0.0390, S:0.0424, Q:0.0029) | Val Loss: 0.937939 (P:0.8826, S:1.0451, Q:0.0031) | Repr L2μ: 3.6038 Val L2μ: 3.2864 | Repr Cosμ: 0.9205 Val Cosμ: 0.9323 | Pred→Target Cosμ: 0.9769 Val Cosμ: 0.9543 | Repr NormRatio: 1.0297 Val NormRatio: 1.0278
Epoch 36/100 | Steps: 559 | LR: 0.000081 | Train Loss: 0.043338 (P:0.0386, S:0.0401, Q:0.0027) | Val Loss: 0.366912 (P:0.3236, S:0.7884, Q:0.0039) | Repr L2μ: 3.4442 Val L2μ: 1.9295 | Repr Cosμ: 0.9309 Val Cosμ: 0.9789 | Pred→Target Cosμ: 0.9769 Val Cosμ: 0.9132 | Repr NormRatio: 1.0310 Val NormRatio: 1.0082
Epoch 37/100 | Steps: 559 | LR: 0.000080 | Train Loss: 0.048014 (P:0.0431, S:0.0421, Q:0.0028) | Val Loss: 0.423383 (P:0.4028, S:0.3491, Q:0.0031) | Repr L2μ: 3.3850 Val L2μ: 2.9488 | Repr Cosμ: 0.9334 Val Cosμ: 0.9509 | Pred→Target Cosμ: 0.9751 Val Cosμ: 0.9214 | Repr NormRatio: 1.0306 Val NormRatio: 1.0214
Epoch 38/100 | Steps: 559 | LR: 0.000078 | Train Loss: 0.043676 (P:0.0391, S:0.0402, Q:0.0026) | Val Loss: 0.340708 (P:0.3218, S:0.3198, Q:0.0029) | Repr L2μ: 3.5601 Val L2μ: 2.6001 | Repr Cosμ: 0.9245 Val Cosμ: 0.9592 | Pred→Target Cosμ: 0.9775 Val Cosμ: 0.8857 | Repr NormRatio: 1.0439 Val NormRatio: 1.0301
Epoch 39/100 | Steps: 559 | LR: 0.000077 | Train Loss: 0.046408 (P:0.0417, S:0.0413, Q:0.0027) | Val Loss: 0.374786 (P:0.3555, S:0.3270, Q:0.0030) | Repr L2μ: 3.7253 Val L2μ: 1.3451 | Repr Cosμ: 0.9061 Val Cosμ: 0.9902 | Pred→Target Cosμ: 0.9772 Val Cosμ: 0.8939 | Repr NormRatio: 1.0559 Val NormRatio: 1.0057
Epoch 40/100 | Steps: 559 | LR: 0.000075 | Train Loss: 0.045515 (P:0.0408, S:0.0412, Q:0.0026) | Val Loss: 0.359684 (P:0.3406, S:0.3247, Q:0.0029) | Repr L2μ: 4.0735 Val L2μ: 1.3820 | Repr Cosμ: 0.8917 Val Cosμ: 0.9897 | Pred→Target Cosμ: 0.9779 Val Cosμ: 0.8920 | Repr NormRatio: 1.0500 Val NormRatio: 1.0068
Epoch 41/100 | Steps: 559 | LR: 0.000074 | Train Loss: 0.040130 (P:0.0357, S:0.0404, Q:0.0024) | Val Loss: 0.286230 (P:0.2652, S:0.3728, Q:0.0024) | Repr L2μ: 4.2620 Val L2μ: 2.3666 | Repr Cosμ: 0.8827 Val Cosμ: 0.9690 | Pred→Target Cosμ: 0.9810 Val Cosμ: 0.8978 | Repr NormRatio: 1.0560 Val NormRatio: 1.0198
Epoch 42/100 | Steps: 559 | LR: 0.000072 | Train Loss: 0.041355 (P:0.0369, S:0.0410, Q:0.0024) | Val Loss: 0.219543 (P:0.2012, S:0.3192, Q:0.0024) | Repr L2μ: 4.3032 Val L2μ: 3.9247 | Repr Cosμ: 0.8784 Val Cosμ: 0.8977 | Pred→Target Cosμ: 0.9793 Val Cosμ: 0.8739 | Repr NormRatio: 1.0792 Val NormRatio: 1.0774
   -> Saved improved checkpoint: val_loss=0.219543 at epoch 42
Epoch 43/100 | Steps: 559 | LR: 0.000071 | Train Loss: 0.040055 (P:0.0358, S:0.0403, Q:0.0023) | Val Loss: 0.352999 (P:0.3376, S:0.2669, Q:0.0021) | Repr L2μ: 4.1322 Val L2μ: 2.0540 | Repr Cosμ: 0.8930 Val Cosμ: 0.9761 | Pred→Target Cosμ: 0.9793 Val Cosμ: 0.8948 | Repr NormRatio: 1.0715 Val NormRatio: 1.0171
Epoch 44/100 | Steps: 559 | LR: 0.000069 | Train Loss: 0.039388 (P:0.0350, S:0.0394, Q:0.0024) | Val Loss: 0.288382 (P:0.2689, S:0.3442, Q:0.0023) | Repr L2μ: 3.8468 Val L2μ: 2.4910 | Repr Cosμ: 0.9059 Val Cosμ: 0.9643 | Pred→Target Cosμ: 0.9791 Val Cosμ: 0.8669 | Repr NormRatio: 1.0675 Val NormRatio: 1.0383
Epoch 45/100 | Steps: 559 | LR: 0.000067 | Train Loss: 0.039422 (P:0.0352, S:0.0389, Q:0.0023) | Val Loss: 0.301728 (P:0.2818, S:0.3547, Q:0.0022) | Repr L2μ: 3.9073 Val L2μ: 4.4089 | Repr Cosμ: 0.9028 Val Cosμ: 0.8658 | Pred→Target Cosμ: 0.9795 Val Cosμ: 0.8867 | Repr NormRatio: 1.0999 Val NormRatio: 1.0866
Epoch 46/100 | Steps: 559 | LR: 0.000066 | Train Loss: 0.036857 (P:0.0328, S:0.0380, Q:0.0021) | Val Loss: 0.305095 (P:0.2802, S:0.4415, Q:0.0028) | Repr L2μ: 3.1764 Val L2μ: 2.1199 | Repr Cosμ: 0.9310 Val Cosμ: 0.9736 | Pred→Target Cosμ: 0.9807 Val Cosμ: 0.8635 | Repr NormRatio: 1.0426 Val NormRatio: 1.0339
Epoch 47/100 | Steps: 559 | LR: 0.000064 | Train Loss: 0.043273 (P:0.0390, S:0.0399, Q:0.0022) | Val Loss: 0.329747 (P:0.3094, S:0.3627, Q:0.0022) | Repr L2μ: 3.7979 Val L2μ: 1.3496 | Repr Cosμ: 0.9050 Val Cosμ: 0.9891 | Pred→Target Cosμ: 0.9764 Val Cosμ: 0.8674 | Repr NormRatio: 1.1083 Val NormRatio: 1.0102
Epoch 48/100 | Steps: 559 | LR: 0.000062 | Train Loss: 0.039182 (P:0.0351, S:0.0394, Q:0.0022) | Val Loss: 0.350266 (P:0.3328, S:0.3074, Q:0.0021) | Repr L2μ: 3.7202 Val L2μ: 2.2999 | Repr Cosμ: 0.9022 Val Cosμ: 0.9688 | Pred→Target Cosμ: 0.9791 Val Cosμ: 0.8954 | Repr NormRatio: 1.0828 Val NormRatio: 1.0300
Epoch 49/100 | Steps: 559 | LR: 0.000061 | Train Loss: 0.035427 (P:0.0316, S:0.0365, Q:0.0020) | Val Loss: 0.285474 (P:0.2582, S:0.4903, Q:0.0028) | Repr L2μ: 3.4466 Val L2μ: 2.8192 | Repr Cosμ: 0.9211 Val Cosμ: 0.9514 | Pred→Target Cosμ: 0.9809 Val Cosμ: 0.8924 | Repr NormRatio: 1.0988 Val NormRatio: 1.0328
Epoch 50/100 | Steps: 559 | LR: 0.000059 | Train Loss: 0.041077 (P:0.0369, S:0.0408, Q:0.0021) | Val Loss: 0.315040 (P:0.2936, S:0.3838, Q:0.0023) | Repr L2μ: 4.0380 Val L2μ: 2.2383 | Repr Cosμ: 0.8815 Val Cosμ: 0.9678 | Pred→Target Cosμ: 0.9781 Val Cosμ: 0.8326 | Repr NormRatio: 1.1725 Val NormRatio: 1.0954
Epoch 51/100 | Steps: 559 | LR: 0.000057 | Train Loss: 0.054212 (P:0.0504, S:0.0377, Q:0.0019) | Val Loss: 0.549698 (P:0.5298, S:0.3574, Q:0.0020) | Repr L2μ: 3.3968 Val L2μ: 2.6598 | Repr Cosμ: 0.9144 Val Cosμ: 0.9438 | Pred→Target Cosμ: 0.9814 Val Cosμ: 0.8163 | Repr NormRatio: 1.4332 Val NormRatio: 1.5193
Epoch 52/100 | Steps: 559 | LR: 0.000056 | Train Loss: 0.089733 (P:0.0859, S:0.0406, Q:0.0018) | Val Loss: 0.644307 (P:0.6215, S:0.4127, Q:0.0022) | Repr L2μ: 3.2394 Val L2μ: 3.0653 | Repr Cosμ: 0.9182 Val Cosμ: 0.9232 | Pred→Target Cosμ: 0.9801 Val Cosμ: 0.7802 | Repr NormRatio: 1.7907 Val NormRatio: 2.0360
Epoch 53/100 | Steps: 559 | LR: 0.000054 | Train Loss: 0.136553 (P:0.1325, S:0.0439, Q:0.0019) | Val Loss: 0.699457 (P:0.6769, S:0.4131, Q:0.0019) | Repr L2μ: 2.4882 Val L2μ: 1.8960 | Repr Cosμ: 0.9461 Val Cosμ: 0.9637 | Pred→Target Cosμ: 0.9776 Val Cosμ: 0.7756 | Repr NormRatio: 1.9073 Val NormRatio: 1.9716
Epoch 54/100 | Steps: 559 | LR: 0.000052 | Train Loss: 0.164479 (P:0.1607, S:0.0421, Q:0.0016) | Val Loss: 0.967193 (P:0.9440, S:0.4265, Q:0.0018) | Repr L2μ: 2.0880 Val L2μ: 1.8896 | Repr Cosμ: 0.9593 Val Cosμ: 0.9637 | Pred→Target Cosμ: 0.9806 Val Cosμ: 0.7728 | Repr NormRatio: 2.0390 Val NormRatio: 2.1105
Epoch 55/100 | Steps: 559 | LR: 0.000051 | Train Loss: 0.151804 (P:0.1479, S:0.0418, Q:0.0018) | Val Loss: 1.146094 (P:1.1231, S:0.4238, Q:0.0018) | Repr L2μ: 2.1313 Val L2μ: 1.8019 | Repr Cosμ: 0.9555 Val Cosμ: 0.9634 | Pred→Target Cosμ: 0.9800 Val Cosμ: 0.7340 | Repr NormRatio: 2.0807 Val NormRatio: 1.9773
Epoch 56/100 | Steps: 559 | LR: 0.000049 | Train Loss: 0.152691 (P:0.1492, S:0.0391, Q:0.0016) | Val Loss: 0.739743 (P:0.7161, S:0.4358, Q:0.0018) | Repr L2μ: 1.9994 Val L2μ: 1.7882 | Repr Cosμ: 0.9604 Val Cosμ: 0.9653 | Pred→Target Cosμ: 0.9826 Val Cosμ: 0.7338 | Repr NormRatio: 2.1301 Val NormRatio: 2.1107
Epoch 57/100 | Steps: 559 | LR: 0.000047 | Train Loss: 0.128771 (P:0.1254, S:0.0382, Q:0.0015) | Val Loss: 0.650492 (P:0.6265, S:0.4465, Q:0.0017) | Repr L2μ: 1.9594 Val L2μ: 1.7866 | Repr Cosμ: 0.9604 Val Cosμ: 0.9631 | Pred→Target Cosμ: 0.9839 Val Cosμ: 0.7366 | Repr NormRatio: 2.1250 Val NormRatio: 2.0755
Epoch 58/100 | Steps: 559 | LR: 0.000045 | Train Loss: 0.118833 (P:0.1155, S:0.0374, Q:0.0015) | Val Loss: 1.507720 (P:1.4840, S:0.4419, Q:0.0016) | Repr L2μ: 1.9147 Val L2μ: 1.7578 | Repr Cosμ: 0.9614 Val Cosμ: 0.9654 | Pred→Target Cosμ: 0.9843 Val Cosμ: 0.7271 | Repr NormRatio: 2.1129 Val NormRatio: 2.1333
Epoch 59/100 | Steps: 559 | LR: 0.000044 | Train Loss: 0.116451 (P:0.1132, S:0.0371, Q:0.0014) | Val Loss: 0.827034 (P:0.8032, S:0.4452, Q:0.0016) | Repr L2μ: 1.9051 Val L2μ: 1.6829 | Repr Cosμ: 0.9615 Val Cosμ: 0.9648 | Pred→Target Cosμ: 0.9836 Val Cosμ: 0.7207 | Repr NormRatio: 2.0775 Val NormRatio: 1.8931
Epoch 60/100 | Steps: 559 | LR: 0.000042 | Train Loss: 0.136773 (P:0.1334, S:0.0376, Q:0.0014) | Val Loss: 0.638227 (P:0.6149, S:0.4331, Q:0.0017) | Repr L2μ: 1.8736 Val L2μ: 1.7516 | Repr Cosμ: 0.9617 Val Cosμ: 0.9623 | Pred→Target Cosμ: 0.9822 Val Cosμ: 0.7332 | Repr NormRatio: 2.0428 Val NormRatio: 1.9658
Epoch 61/100 | Steps: 559 | LR: 0.000040 | Train Loss: 0.119988 (P:0.1167, S:0.0373, Q:0.0014) | Val Loss: 0.656384 (P:0.6323, S:0.4495, Q:0.0016) | Repr L2μ: 1.8820 Val L2μ: 1.7397 | Repr Cosμ: 0.9615 Val Cosμ: 0.9649 | Pred→Target Cosμ: 0.9829 Val Cosμ: 0.7226 | Repr NormRatio: 2.0498 Val NormRatio: 2.1494
Epoch 62/100 | Steps: 559 | LR: 0.000039 | Train Loss: 0.094641 (P:0.0914, S:0.0371, Q:0.0014) | Val Loss: 0.590567 (P:0.5667, S:0.4450, Q:0.0016) | Repr L2μ: 1.8657 Val L2μ: 1.7102 | Repr Cosμ: 0.9607 Val Cosμ: 0.9646 | Pred→Target Cosμ: 0.9829 Val Cosμ: 0.7311 | Repr NormRatio: 2.0784 Val NormRatio: 2.0726
Epoch 63/100 | Steps: 559 | LR: 0.000037 | Train Loss: 0.081798 (P:0.0787, S:0.0360, Q:0.0013) | Val Loss: 0.502092 (P:0.4781, S:0.4491, Q:0.0015) | Repr L2μ: 1.8479 Val L2μ: 1.7095 | Repr Cosμ: 0.9613 Val Cosμ: 0.9656 | Pred→Target Cosμ: 0.9835 Val Cosμ: 0.7505 | Repr NormRatio: 2.0736 Val NormRatio: 2.1338
Epoch 64/100 | Steps: 559 | LR: 0.000035 | Train Loss: 0.077733 (P:0.0746, S:0.0359, Q:0.0013) | Val Loss: 0.510294 (P:0.4869, S:0.4370, Q:0.0016) | Repr L2μ: 1.8262 Val L2μ: 1.7007 | Repr Cosμ: 0.9620 Val Cosμ: 0.9602 | Pred→Target Cosμ: 0.9842 Val Cosμ: 0.6966 | Repr NormRatio: 2.1039 Val NormRatio: 1.9073
Epoch 65/100 | Steps: 559 | LR: 0.000034 | Train Loss: 0.070690 (P:0.0676, S:0.0356, Q:0.0013) | Val Loss: 0.461466 (P:0.4378, S:0.4440, Q:0.0015) | Repr L2μ: 1.8301 Val L2μ: 1.7088 | Repr Cosμ: 0.9623 Val Cosμ: 0.9638 | Pred→Target Cosμ: 0.9836 Val Cosμ: 0.7229 | Repr NormRatio: 2.1105 Val NormRatio: 2.1100
Epoch 66/100 | Steps: 559 | LR: 0.000032 | Train Loss: 0.069324 (P:0.0663, S:0.0358, Q:0.0013) | Val Loss: 0.402399 (P:0.3789, S:0.4407, Q:0.0015) | Repr L2μ: 1.8092 Val L2μ: 1.7017 | Repr Cosμ: 0.9624 Val Cosμ: 0.9654 | Pred→Target Cosμ: 0.9835 Val Cosμ: 0.7365 | Repr NormRatio: 2.0581 Val NormRatio: 2.1465
Epoch 67/100 | Steps: 559 | LR: 0.000030 | Train Loss: 0.059227 (P:0.0562, S:0.0353, Q:0.0013) | Val Loss: 0.573867 (P:0.5508, S:0.4318, Q:0.0015) | Repr L2μ: 1.7978 Val L2μ: 1.6899 | Repr Cosμ: 0.9628 Val Cosμ: 0.9653 | Pred→Target Cosμ: 0.9844 Val Cosμ: 0.7424 | Repr NormRatio: 2.0858 Val NormRatio: 2.1469
Epoch 68/100 | Steps: 559 | LR: 0.000029 | Train Loss: 0.058552 (P:0.0554, S:0.0350, Q:0.0014) | Val Loss: 0.865324 (P:0.8423, S:0.4298, Q:0.0016) | Repr L2μ: 1.7915 Val L2μ: 1.7036 | Repr Cosμ: 0.9628 Val Cosμ: 0.9648 | Pred→Target Cosμ: 0.9843 Val Cosμ: 0.7335 | Repr NormRatio: 2.0942 Val NormRatio: 2.1341
Epoch 69/100 | Steps: 559 | LR: 0.000027 | Train Loss: 0.056575 (P:0.0536, S:0.0345, Q:0.0012) | Val Loss: 0.500467 (P:0.4777, S:0.4270, Q:0.0014) | Repr L2μ: 1.7920 Val L2μ: 1.6831 | Repr Cosμ: 0.9633 Val Cosμ: 0.9639 | Pred→Target Cosμ: 0.9855 Val Cosμ: 0.7009 | Repr NormRatio: 2.1247 Val NormRatio: 2.0873
Epoch 70/100 | Steps: 559 | LR: 0.000026 | Train Loss: 0.057122 (P:0.0542, S:0.0346, Q:0.0012) | Val Loss: 0.824163 (P:0.8009, S:0.4359, Q:0.0015) | Repr L2μ: 1.7892 Val L2μ: 1.6863 | Repr Cosμ: 0.9633 Val Cosμ: 0.9671 | Pred→Target Cosμ: 0.9840 Val Cosμ: 0.7336 | Repr NormRatio: 2.1100 Val NormRatio: 2.1901
Epoch 71/100 | Steps: 559 | LR: 0.000024 | Train Loss: 0.049708 (P:0.0468, S:0.0345, Q:0.0012) | Val Loss: 0.424345 (P:0.4012, S:0.4345, Q:0.0014) | Repr L2μ: 1.7785 Val L2μ: 1.6966 | Repr Cosμ: 0.9634 Val Cosμ: 0.9664 | Pred→Target Cosμ: 0.9849 Val Cosμ: 0.7286 | Repr NormRatio: 2.0876 Val NormRatio: 2.1934
Epoch 72/100 | Steps: 559 | LR: 0.000023 | Train Loss: 0.048602 (P:0.0457, S:0.0339, Q:0.0012) | Val Loss: 0.331214 (P:0.3078, S:0.4407, Q:0.0014) | Repr L2μ: 1.7752 Val L2μ: 1.6928 | Repr Cosμ: 0.9636 Val Cosμ: 0.9664 | Pred→Target Cosμ: 0.9853 Val Cosμ: 0.7201 | Repr NormRatio: 2.1067 Val NormRatio: 2.2101
Epoch 73/100 | Steps: 559 | LR: 0.000021 | Train Loss: 0.047854 (P:0.0450, S:0.0338, Q:0.0012) | Val Loss: 0.567962 (P:0.5446, S:0.4402, Q:0.0013) | Repr L2μ: 1.7618 Val L2μ: 1.6475 | Repr Cosμ: 0.9636 Val Cosμ: 0.9636 | Pred→Target Cosμ: 0.9855 Val Cosμ: 0.7143 | Repr NormRatio: 2.1073 Val NormRatio: 2.0005
Epoch 74/100 | Steps: 559 | LR: 0.000020 | Train Loss: 0.048641 (P:0.0457, S:0.0342, Q:0.0012) | Val Loss: 0.403769 (P:0.3804, S:0.4407, Q:0.0013) | Repr L2μ: 1.7553 Val L2μ: 1.6578 | Repr Cosμ: 0.9639 Val Cosμ: 0.9652 | Pred→Target Cosμ: 0.9849 Val Cosμ: 0.7195 | Repr NormRatio: 2.1015 Val NormRatio: 2.0893
Epoch 75/100 | Steps: 559 | LR: 0.000019 | Train Loss: 0.048059 (P:0.0452, S:0.0335, Q:0.0011) | Val Loss: 0.723790 (P:0.7010, S:0.4288, Q:0.0013) | Repr L2μ: 1.7591 Val L2μ: 1.6689 | Repr Cosμ: 0.9638 Val Cosμ: 0.9656 | Pred→Target Cosμ: 0.9858 Val Cosμ: 0.7430 | Repr NormRatio: 2.0954 Val NormRatio: 2.1333
Epoch 76/100 | Steps: 559 | LR: 0.000017 | Train Loss: 0.046874 (P:0.0440, S:0.0342, Q:0.0012) | Val Loss: 0.400929 (P:0.3777, S:0.4370, Q:0.0014) | Repr L2μ: 1.7539 Val L2μ: 1.6493 | Repr Cosμ: 0.9643 Val Cosμ: 0.9642 | Pred→Target Cosμ: 0.9842 Val Cosμ: 0.7070 | Repr NormRatio: 2.0919 Val NormRatio: 2.0063
Epoch 77/100 | Steps: 559 | LR: 0.000016 | Train Loss: 0.050737 (P:0.0479, S:0.0340, Q:0.0011) | Val Loss: 0.595586 (P:0.5723, S:0.4387, Q:0.0014) | Repr L2μ: 1.7504 Val L2μ: 1.6522 | Repr Cosμ: 0.9643 Val Cosμ: 0.9668 | Pred→Target Cosμ: 0.9850 Val Cosμ: 0.7349 | Repr NormRatio: 2.0888 Val NormRatio: 2.1302
Epoch 78/100 | Steps: 559 | LR: 0.000015 | Train Loss: 0.047785 (P:0.0450, S:0.0336, Q:0.0011) | Val Loss: 0.498067 (P:0.4751, S:0.4323, Q:0.0013) | Repr L2μ: 1.7312 Val L2μ: 1.6301 | Repr Cosμ: 0.9650 Val Cosμ: 0.9658 | Pred→Target Cosμ: 0.9853 Val Cosμ: 0.7408 | Repr NormRatio: 2.0765 Val NormRatio: 2.0441
Epoch 79/100 | Steps: 559 | LR: 0.000014 | Train Loss: 0.048249 (P:0.0455, S:0.0334, Q:0.0011) | Val Loss: 0.321103 (P:0.2977, S:0.4417, Q:0.0013) | Repr L2μ: 1.7320 Val L2μ: 1.6541 | Repr Cosμ: 0.9650 Val Cosμ: 0.9662 | Pred→Target Cosμ: 0.9848 Val Cosμ: 0.7429 | Repr NormRatio: 2.0851 Val NormRatio: 2.1233
Epoch 80/100 | Steps: 559 | LR: 0.000013 | Train Loss: 0.048721 (P:0.0459, S:0.0335, Q:0.0011) | Val Loss: 0.457188 (P:0.4346, S:0.4266, Q:0.0013) | Repr L2μ: 1.7328 Val L2μ: 1.6562 | Repr Cosμ: 0.9651 Val Cosμ: 0.9662 | Pred→Target Cosμ: 0.9851 Val Cosμ: 0.7785 | Repr NormRatio: 2.0824 Val NormRatio: 2.1198
Epoch 81/100 | Steps: 559 | LR: 0.000011 | Train Loss: 0.048923 (P:0.0461, S:0.0336, Q:0.0011) | Val Loss: 0.507011 (P:0.4843, S:0.4281, Q:0.0013) | Repr L2μ: 1.7353 Val L2μ: 1.6513 | Repr Cosμ: 0.9651 Val Cosμ: 0.9674 | Pred→Target Cosμ: 0.9849 Val Cosμ: 0.7325 | Repr NormRatio: 2.0888 Val NormRatio: 2.1489
Epoch 82/100 | Steps: 559 | LR: 0.000010 | Train Loss: 0.047795 (P:0.0450, S:0.0334, Q:0.0011) | Val Loss: 0.492228 (P:0.4700, S:0.4192, Q:0.0013) | Repr L2μ: 1.7249 Val L2μ: 1.6527 | Repr Cosμ: 0.9657 Val Cosμ: 0.9677 | Pred→Target Cosμ: 0.9850 Val Cosμ: 0.7634 | Repr NormRatio: 2.0801 Val NormRatio: 2.1599
Epoch 83/100 | Steps: 559 | LR: 0.000009 | Train Loss: 0.041448 (P:0.0387, S:0.0333, Q:0.0011) | Val Loss: 0.272298 (P:0.2499, S:0.4224, Q:0.0013) | Repr L2μ: 1.7176 Val L2μ: 1.6328 | Repr Cosμ: 0.9659 Val Cosμ: 0.9663 | Pred→Target Cosμ: 0.9855 Val Cosμ: 0.7608 | Repr NormRatio: 2.0946 Val NormRatio: 2.0766
Epoch 84/100 | Steps: 559 | LR: 0.000009 | Train Loss: 0.043500 (P:0.0407, S:0.0337, Q:0.0011) | Val Loss: 0.257816 (P:0.2354, S:0.4235, Q:0.0013) | Repr L2μ: 1.7058 Val L2μ: 1.6306 | Repr Cosμ: 0.9659 Val Cosμ: 0.9668 | Pred→Target Cosμ: 0.9851 Val Cosμ: 0.7659 | Repr NormRatio: 2.0794 Val NormRatio: 2.1041
Epoch 85/100 | Steps: 559 | LR: 0.000008 | Train Loss: 0.042089 (P:0.0393, S:0.0333, Q:0.0011) | Val Loss: 0.257606 (P:0.2351, S:0.4253, Q:0.0012) | Repr L2μ: 1.7034 Val L2μ: 1.6295 | Repr Cosμ: 0.9662 Val Cosμ: 0.9672 | Pred→Target Cosμ: 0.9857 Val Cosμ: 0.7534 | Repr NormRatio: 2.0958 Val NormRatio: 2.1113
Epoch 86/100 | Steps: 559 | LR: 0.000007 | Train Loss: 0.040213 (P:0.0375, S:0.0332, Q:0.0011) | Val Loss: 0.285911 (P:0.2634, S:0.4249, Q:0.0012) | Repr L2μ: 1.6975 Val L2μ: 1.6269 | Repr Cosμ: 0.9661 Val Cosμ: 0.9670 | Pred→Target Cosμ: 0.9865 Val Cosμ: 0.7535 | Repr NormRatio: 2.0901 Val NormRatio: 2.1034
Epoch 87/100 | Steps: 559 | LR: 0.000006 | Train Loss: 0.040947 (P:0.0382, S:0.0331, Q:0.0011) | Val Loss: 0.360039 (P:0.3377, S:0.4214, Q:0.0013) | Repr L2μ: 1.6960 Val L2μ: 1.6322 | Repr Cosμ: 0.9660 Val Cosμ: 0.9680 | Pred→Target Cosμ: 0.9861 Val Cosμ: 0.7803 | Repr NormRatio: 2.0880 Val NormRatio: 2.1586
Epoch 88/100 | Steps: 559 | LR: 0.000005 | Train Loss: 0.037602 (P:0.0349, S:0.0332, Q:0.0011) | Val Loss: 0.215061 (P:0.1925, S:0.4267, Q:0.0013) | Repr L2μ: 1.6895 Val L2μ: 1.6261 | Repr Cosμ: 0.9663 Val Cosμ: 0.9676 | Pred→Target Cosμ: 0.9864 Val Cosμ: 0.7513 | Repr NormRatio: 2.0723 Val NormRatio: 2.1241
   -> Saved improved checkpoint: val_loss=0.215061 at epoch 88
Epoch 89/100 | Steps: 559 | LR: 0.000005 | Train Loss: 0.044962 (P:0.0423, S:0.0332, Q:0.0011) | Val Loss: 0.394183 (P:0.3717, S:0.4249, Q:0.0012) | Repr L2μ: 1.6834 Val L2μ: 1.6196 | Repr Cosμ: 0.9663 Val Cosμ: 0.9679 | Pred→Target Cosμ: 0.9857 Val Cosμ: 0.7618 | Repr NormRatio: 2.0590 Val NormRatio: 2.1216
Epoch 90/100 | Steps: 559 | LR: 0.000004 | Train Loss: 0.047522 (P:0.0448, S:0.0331, Q:0.0011) | Val Loss: 0.289915 (P:0.2674, S:0.4254, Q:0.0012) | Repr L2μ: 1.6908 Val L2μ: 1.6155 | Repr Cosμ: 0.9662 Val Cosμ: 0.9672 | Pred→Target Cosμ: 0.9855 Val Cosμ: 0.7635 | Repr NormRatio: 2.0734 Val NormRatio: 2.0940
Epoch 91/100 | Steps: 559 | LR: 0.000003 | Train Loss: 0.043451 (P:0.0407, S:0.0334, Q:0.0011) | Val Loss: 0.266438 (P:0.2438, S:0.4273, Q:0.0012) | Repr L2μ: 1.6793 Val L2μ: 1.6133 | Repr Cosμ: 0.9661 Val Cosμ: 0.9673 | Pred→Target Cosμ: 0.9859 Val Cosμ: 0.7134 | Repr NormRatio: 2.0373 Val NormRatio: 2.1018
Epoch 92/100 | Steps: 559 | LR: 0.000003 | Train Loss: 0.041038 (P:0.0383, S:0.0330, Q:0.0010) | Val Loss: 0.277962 (P:0.2554, S:0.4270, Q:0.0013) | Repr L2μ: 1.6857 Val L2μ: 1.6227 | Repr Cosμ: 0.9663 Val Cosμ: 0.9682 | Pred→Target Cosμ: 0.9861 Val Cosμ: 0.7563 | Repr NormRatio: 2.0656 Val NormRatio: 2.1486
Epoch 93/100 | Steps: 559 | LR: 0.000002 | Train Loss: 0.044547 (P:0.0418, S:0.0333, Q:0.0010) | Val Loss: 0.394228 (P:0.3722, S:0.4165, Q:0.0012) | Repr L2μ: 1.6771 Val L2μ: 1.6124 | Repr Cosμ: 0.9662 Val Cosμ: 0.9677 | Pred→Target Cosμ: 0.9855 Val Cosμ: 0.7488 | Repr NormRatio: 2.0486 Val NormRatio: 2.1099
Epoch 94/100 | Steps: 559 | LR: 0.000002 | Train Loss: 0.046444 (P:0.0437, S:0.0333, Q:0.0010) | Val Loss: 0.277067 (P:0.2549, S:0.4187, Q:0.0012) | Repr L2μ: 1.6733 Val L2μ: 1.6087 | Repr Cosμ: 0.9661 Val Cosμ: 0.9672 | Pred→Target Cosμ: 0.9853 Val Cosμ: 0.7495 | Repr NormRatio: 2.0430 Val NormRatio: 2.0892
Epoch 95/100 | Steps: 559 | LR: 0.000002 | Train Loss: 0.045642 (P:0.0429, S:0.0334, Q:0.0010) | Val Loss: 0.209320 (P:0.1870, S:0.4218, Q:0.0012) | Repr L2μ: 1.6649 Val L2μ: 1.6112 | Repr Cosμ: 0.9662 Val Cosμ: 0.9675 | Pred→Target Cosμ: 0.9854 Val Cosμ: 0.7364 | Repr NormRatio: 2.0295 Val NormRatio: 2.1032
   -> Saved improved checkpoint: val_loss=0.209320 at epoch 95
Epoch 96/100 | Steps: 559 | LR: 0.000001 | Train Loss: 0.047888 (P:0.0452, S:0.0331, Q:0.0010) | Val Loss: 0.235730 (P:0.2136, S:0.4189, Q:0.0012) | Repr L2μ: 1.6661 Val L2μ: 1.6013 | Repr Cosμ: 0.9658 Val Cosμ: 0.9671 | Pred→Target Cosμ: 0.9857 Val Cosμ: 0.7595 | Repr NormRatio: 2.0165 Val NormRatio: 2.0714
Epoch 97/100 | Steps: 559 | LR: 0.000001 | Train Loss: 0.045474 (P:0.0428, S:0.0334, Q:0.0010) | Val Loss: 0.318772 (P:0.2968, S:0.4151, Q:0.0012) | Repr L2μ: 1.6633 Val L2μ: 1.6036 | Repr Cosμ: 0.9661 Val Cosμ: 0.9672 | Pred→Target Cosμ: 0.9856 Val Cosμ: 0.7589 | Repr NormRatio: 2.0205 Val NormRatio: 2.0814
Epoch 98/100 | Steps: 559 | LR: 0.000001 | Train Loss: 0.046279 (P:0.0436, S:0.0334, Q:0.0010) | Val Loss: 0.356216 (P:0.3341, S:0.4180, Q:0.0012) | Repr L2μ: 1.6622 Val L2μ: 1.6042 | Repr Cosμ: 0.9661 Val Cosμ: 0.9671 | Pred→Target Cosμ: 0.9858 Val Cosμ: 0.7630 | Repr NormRatio: 2.0160 Val NormRatio: 2.0770
Epoch 99/100 | Steps: 559 | LR: 0.000001 | Train Loss: 0.046923 (P:0.0442, S:0.0331, Q:0.0010) | Val Loss: 0.480057 (P:0.4581, S:0.4136, Q:0.0012) | Repr L2μ: 1.6662 Val L2μ: 1.6084 | Repr Cosμ: 0.9661 Val Cosμ: 0.9673 | Pred→Target Cosμ: 0.9855 Val Cosμ: 0.7680 | Repr NormRatio: 2.0261 Val NormRatio: 2.0948
Epoch 100/100 | Steps: 559 | LR: 0.000001 | Train Loss: 0.047733 (P:0.0450, S:0.0333, Q:0.0010) | Val Loss: 0.372267 (P:0.3502, S:0.4169, Q:0.0012) | Repr L2μ: 1.6670 Val L2μ: 1.6066 | Repr Cosμ: 0.9662 Val Cosμ: 0.9671 | Pred→Target Cosμ: 0.9848 Val Cosμ: 0.7703 | Repr NormRatio: 2.0302 Val NormRatio: 2.0814
Saved attention maps for 100 epoch snapshot(s) under ./runs/pretrain_electricity_laya_mixer_concat_text_stats_avg/attention_maps
