nohup: ignoring input
🚀 Laya-TS Pretraining: electricity (laya + mixer_text)
📊 data_path: ../Dataset/long_term_forecast/electricity/electricity.csv
📝 metadata: mode=text, fusion=add, relation=none
📝 log_dir: ./runs/pretrain_electricity_laya_mixer_text
Text metadata preview | dataset=electricity | domain=electricity | channels=321
   - 0: In the electricity domain, this channel belongs to the electricity dataset and represents the feature 0.
   - 1: In the electricity domain, this channel belongs to the electricity dataset and represents the feature 1.
   - ... (319 more channel descriptions)
📊 Dataset Statistics:
   - Sequence Length (T): 512
   - Train Samples: 17903, Steps: 559
   - Val Samples: 2119, Steps: 67
🔧 Encoder Hyperparameters:
   - d_model: 128
   - n_heads: 8
   - n_layers: 3
   - proj_dim: 256
   - patch_size: 16
   - metadata_fusion_mode: add
   - channel_mixer_relation_mode: none
   - encoder_variant: default
   - temporal_patchifier_mode: fixed
   - use_channel_relation_block: False
🧮 Parameter Counts:
   - Total Parameters: 4,322,944
   - Trainable Parameters: 4,322,944
⏱️ Schedule:
   - total_steps: 55900
   - warmup_steps: 5590
   - derived_epochs: 100
Epoch 1/100 | Steps: 559 | LR: 0.000010 | Train Loss: 1.802243 (P:0.7886, S:0.2747, Q:0.9999) | Val Loss: 1.826274 (P:0.8012, S:0.5031, Q:0.9999) | Repr L2μ: 1.6166 Val L2μ: 0.5217 | Repr Cosμ: 0.9855 Val Cosμ: 0.9987 | Pred→Target Cosμ: 0.4687 Val Cosμ: 0.5209 | Repr NormRatio: 1.0156 Val NormRatio: 1.0065
   -> Saved improved checkpoint: val_loss=1.826274 at epoch 1
Epoch 2/100 | Steps: 559 | LR: 0.000020 | Train Loss: 1.659366 (P:0.6502, S:0.1889, Q:0.9997) | Val Loss: 1.972484 (P:0.9504, S:0.4594, Q:0.9991) | Repr L2μ: 1.5259 Val L2μ: 0.5074 | Repr Cosμ: 0.9873 Val Cosμ: 0.9987 | Pred→Target Cosμ: 0.6310 Val Cosμ: 0.4351 | Repr NormRatio: 1.0156 Val NormRatio: 1.0068
Epoch 3/100 | Steps: 559 | LR: 0.000030 | Train Loss: 1.348221 (P:0.4333, S:0.1259, Q:0.9087) | Val Loss: 1.395490 (P:0.7883, S:0.4271, Q:0.5859) | Repr L2μ: 1.7273 Val L2μ: 1.0580 | Repr Cosμ: 0.9828 Val Cosμ: 0.9944 | Pred→Target Cosμ: 0.8959 Val Cosμ: 0.5411 | Repr NormRatio: 1.0177 Val NormRatio: 1.0099
   -> Saved improved checkpoint: val_loss=1.395490 at epoch 3
Epoch 4/100 | Steps: 559 | LR: 0.000040 | Train Loss: 0.882193 (P:0.3688, S:0.0961, Q:0.5086) | Val Loss: 1.033270 (P:0.5412, S:0.4276, Q:0.4707) | Repr L2μ: 2.5362 Val L2μ: 0.9751 | Repr Cosμ: 0.9673 Val Cosμ: 0.9952 | Pred→Target Cosμ: 0.9112 Val Cosμ: 0.6891 | Repr NormRatio: 1.0277 Val NormRatio: 1.0154
   -> Saved improved checkpoint: val_loss=1.033270 at epoch 4
Epoch 5/100 | Steps: 559 | LR: 0.000050 | Train Loss: 0.777626 (P:0.3446, S:0.0819, Q:0.4289) | Val Loss: 0.747806 (P:0.3618, S:0.4515, Q:0.3635) | Repr L2μ: 2.8611 Val L2μ: 0.8738 | Repr Cosμ: 0.9579 Val Cosμ: 0.9961 | Pred→Target Cosμ: 0.8923 Val Cosμ: 0.7753 | Repr NormRatio: 1.0542 Val NormRatio: 1.0154
   -> Saved improved checkpoint: val_loss=0.747806 at epoch 5
Epoch 6/100 | Steps: 559 | LR: 0.000060 | Train Loss: 0.641111 (P:0.2997, S:0.0718, Q:0.3378) | Val Loss: 0.648197 (P:0.3329, S:0.5825, Q:0.2862) | Repr L2μ: 3.5725 Val L2μ: 0.8708 | Repr Cosμ: 0.9361 Val Cosμ: 0.9960 | Pred→Target Cosμ: 0.8761 Val Cosμ: 0.8639 | Repr NormRatio: 1.0656 Val NormRatio: 1.0173
   -> Saved improved checkpoint: val_loss=0.648197 at epoch 6
Epoch 7/100 | Steps: 559 | LR: 0.000070 | Train Loss: 0.552348 (P:0.2585, S:0.0638, Q:0.2907) | Val Loss: 0.566589 (P:0.2662, S:0.5225, Q:0.2743) | Repr L2μ: 3.7337 Val L2μ: 0.7816 | Repr Cosμ: 0.9319 Val Cosμ: 0.9968 | Pred→Target Cosμ: 0.8713 Val Cosμ: 0.8912 | Repr NormRatio: 1.0636 Val NormRatio: 1.0131
   -> Saved improved checkpoint: val_loss=0.566589 at epoch 7
Epoch 8/100 | Steps: 559 | LR: 0.000080 | Train Loss: 0.489585 (P:0.2108, S:0.0584, Q:0.2759) | Val Loss: 0.644137 (P:0.3471, S:0.5417, Q:0.2699) | Repr L2μ: 3.8185 Val L2μ: 0.8590 | Repr Cosμ: 0.9303 Val Cosμ: 0.9962 | Pred→Target Cosμ: 0.8800 Val Cosμ: 0.8901 | Repr NormRatio: 1.0627 Val NormRatio: 1.0134
Epoch 9/100 | Steps: 559 | LR: 0.000090 | Train Loss: 0.447479 (P:0.1778, S:0.0541, Q:0.2670) | Val Loss: 0.654320 (P:0.3566, S:0.6043, Q:0.2675) | Repr L2μ: 3.8386 Val L2μ: 0.8020 | Repr Cosμ: 0.9301 Val Cosμ: 0.9967 | Pred→Target Cosμ: 0.8843 Val Cosμ: 0.8753 | Repr NormRatio: 1.0629 Val NormRatio: 1.0115
Epoch 10/100 | Steps: 559 | LR: 0.000100 | Train Loss: 0.409588 (P:0.1499, S:0.0507, Q:0.2572) | Val Loss: 0.662560 (P:0.3731, S:0.6159, Q:0.2587) | Repr L2μ: 3.9832 Val L2μ: 0.8247 | Repr Cosμ: 0.9249 Val Cosμ: 0.9966 | Pred→Target Cosμ: 0.8875 Val Cosμ: 0.8756 | Repr NormRatio: 1.0649 Val NormRatio: 1.0124
Epoch 11/100 | Steps: 559 | LR: 0.000100 | Train Loss: 0.355396 (P:0.1286, S:0.0480, Q:0.2244) | Val Loss: 0.878866 (P:0.6315, S:0.7697, Q:0.2089) | Repr L2μ: 3.9632 Val L2μ: 0.8045 | Repr Cosμ: 0.9259 Val Cosμ: 0.9968 | Pred→Target Cosμ: 0.8895 Val Cosμ: 0.8032 | Repr NormRatio: 1.0662 Val NormRatio: 1.0116
Epoch 12/100 | Steps: 559 | LR: 0.000100 | Train Loss: 0.304711 (P:0.1153, S:0.0471, Q:0.1871) | Val Loss: 0.476151 (P:0.2893, S:0.4830, Q:0.1627) | Repr L2μ: 3.9606 Val L2μ: 0.7915 | Repr Cosμ: 0.9261 Val Cosμ: 0.9968 | Pred→Target Cosμ: 0.8890 Val Cosμ: 0.8497 | Repr NormRatio: 1.0671 Val NormRatio: 1.0110
   -> Saved improved checkpoint: val_loss=0.476151 at epoch 12
Epoch 13/100 | Steps: 559 | LR: 0.000100 | Train Loss: 0.259442 (P:0.1045, S:0.0448, Q:0.1527) | Val Loss: 0.827030 (P:0.6378, S:0.9463, Q:0.1419) | Repr L2μ: 4.0484 Val L2μ: 0.8392 | Repr Cosμ: 0.9228 Val Cosμ: 0.9964 | Pred→Target Cosμ: 0.8943 Val Cosμ: 0.8829 | Repr NormRatio: 1.0688 Val NormRatio: 1.0105
Epoch 14/100 | Steps: 559 | LR: 0.000100 | Train Loss: 0.208042 (P:0.0930, S:0.0424, Q:0.1129) | Val Loss: 0.611995 (P:0.4670, S:0.6108, Q:0.1144) | Repr L2μ: 4.0001 Val L2μ: 0.9378 | Repr Cosμ: 0.9249 Val Cosμ: 0.9954 | Pred→Target Cosμ: 0.9035 Val Cosμ: 0.8687 | Repr NormRatio: 1.0667 Val NormRatio: 1.0091
Epoch 15/100 | Steps: 559 | LR: 0.000099 | Train Loss: 0.170607 (P:0.0849, S:0.0405, Q:0.0837) | Val Loss: 0.778084 (P:0.6443, S:0.9282, Q:0.0874) | Repr L2μ: 4.0279 Val L2μ: 1.4507 | Repr Cosμ: 0.9237 Val Cosμ: 0.9886 | Pred→Target Cosμ: 0.9108 Val Cosμ: 0.8363 | Repr NormRatio: 1.0610 Val NormRatio: 1.0168
Epoch 16/100 | Steps: 559 | LR: 0.000099 | Train Loss: 0.160231 (P:0.0898, S:0.0410, Q:0.0684) | Val Loss: 0.632684 (P:0.5240, S:0.6979, Q:0.0738) | Repr L2μ: 3.8650 Val L2μ: 0.8197 | Repr Cosμ: 0.9289 Val Cosμ: 0.9965 | Pred→Target Cosμ: 0.9069 Val Cosμ: 0.8485 | Repr NormRatio: 1.0561 Val NormRatio: 1.0111
Epoch 17/100 | Steps: 559 | LR: 0.000099 | Train Loss: 0.152758 (P:0.0918, S:0.0405, Q:0.0589) | Val Loss: 0.669907 (P:0.5718, S:0.6056, Q:0.0678) | Repr L2μ: 3.6719 Val L2μ: 0.9076 | Repr Cosμ: 0.9349 Val Cosμ: 0.9956 | Pred→Target Cosμ: 0.9053 Val Cosμ: 0.7872 | Repr NormRatio: 1.0526 Val NormRatio: 1.0111
Epoch 18/100 | Steps: 559 | LR: 0.000098 | Train Loss: 0.143089 (P:0.0909, S:0.0393, Q:0.0503) | Val Loss: 0.927023 (P:0.8330, S:0.6976, Q:0.0592) | Repr L2μ: 3.5196 Val L2μ: 2.2098 | Repr Cosμ: 0.9398 Val Cosμ: 0.9726 | Pred→Target Cosμ: 0.9123 Val Cosμ: 0.7941 | Repr NormRatio: 1.0466 Val NormRatio: 1.0204
Epoch 19/100 | Steps: 559 | LR: 0.000098 | Train Loss: 0.129654 (P:0.0875, S:0.0389, Q:0.0402) | Val Loss: 0.459896 (P:0.3918, S:0.5187, Q:0.0422) | Repr L2μ: 3.4636 Val L2μ: 1.3158 | Repr Cosμ: 0.9419 Val Cosμ: 0.9906 | Pred→Target Cosμ: 0.9164 Val Cosμ: 0.7427 | Repr NormRatio: 1.0474 Val NormRatio: 1.0164
   -> Saved improved checkpoint: val_loss=0.459896 at epoch 19
Epoch 20/100 | Steps: 559 | LR: 0.000097 | Train Loss: 0.114238 (P:0.0847, S:0.0379, Q:0.0277) | Val Loss: 0.520201 (P:0.4674, S:0.5327, Q:0.0261) | Repr L2μ: 3.1813 Val L2μ: 1.2846 | Repr Cosμ: 0.9517 Val Cosμ: 0.9911 | Pred→Target Cosμ: 0.9215 Val Cosμ: 0.6409 | Repr NormRatio: 1.0453 Val NormRatio: 1.0111
Epoch 21/100 | Steps: 559 | LR: 0.000096 | Train Loss: 0.102546 (P:0.0831, S:0.0381, Q:0.0175) | Val Loss: 0.534101 (P:0.4863, S:0.5890, Q:0.0184) | Repr L2μ: 3.3915 Val L2μ: 1.4041 | Repr Cosμ: 0.9440 Val Cosμ: 0.9894 | Pred→Target Cosμ: 0.9256 Val Cosμ: 0.6925 | Repr NormRatio: 1.0418 Val NormRatio: 1.0069
Epoch 22/100 | Steps: 559 | LR: 0.000096 | Train Loss: 0.089502 (P:0.0778, S:0.0368, Q:0.0099) | Val Loss: 0.552526 (P:0.5158, S:0.4887, Q:0.0123) | Repr L2μ: 3.2726 Val L2μ: 2.3285 | Repr Cosμ: 0.9481 Val Cosμ: 0.9702 | Pred→Target Cosμ: 0.9321 Val Cosμ: 0.6608 | Repr NormRatio: 1.0392 Val NormRatio: 1.0098
Epoch 23/100 | Steps: 559 | LR: 0.000095 | Train Loss: 0.083945 (P:0.0761, S:0.0365, Q:0.0061) | Val Loss: 0.609138 (P:0.5787, S:0.4658, Q:0.0072) | Repr L2μ: 3.2754 Val L2μ: 1.8527 | Repr Cosμ: 0.9476 Val Cosμ: 0.9809 | Pred→Target Cosμ: 0.9333 Val Cosμ: 0.6949 | Repr NormRatio: 1.0350 Val NormRatio: 1.0116
Epoch 24/100 | Steps: 559 | LR: 0.000094 | Train Loss: 0.086126 (P:0.0802, S:0.0370, Q:0.0041) | Val Loss: 0.691813 (P:0.6584, S:0.5519, Q:0.0058) | Repr L2μ: 3.5120 Val L2μ: 1.5152 | Repr Cosμ: 0.9390 Val Cosμ: 0.9877 | Pred→Target Cosμ: 0.9312 Val Cosμ: 0.7341 | Repr NormRatio: 1.0357 Val NormRatio: 1.0064
Epoch 25/100 | Steps: 559 | LR: 0.000093 | Train Loss: 0.082849 (P:0.0780, S:0.0373, Q:0.0030) | Val Loss: 0.691869 (P:0.6618, S:0.5064, Q:0.0048) | Repr L2μ: 3.6579 Val L2μ: 2.2143 | Repr Cosμ: 0.9324 Val Cosμ: 0.9730 | Pred→Target Cosμ: 0.9374 Val Cosμ: 0.7783 | Repr NormRatio: 1.0315 Val NormRatio: 1.0095
Epoch 26/100 | Steps: 559 | LR: 0.000092 | Train Loss: 0.087180 (P:0.0826, S:0.0407, Q:0.0025) | Val Loss: 0.768795 (P:0.7395, S:0.5062, Q:0.0040) | Repr L2μ: 3.7342 Val L2μ: 1.3632 | Repr Cosμ: 0.9254 Val Cosμ: 0.9901 | Pred→Target Cosμ: 0.9360 Val Cosμ: 0.6702 | Repr NormRatio: 1.0416 Val NormRatio: 1.0066
Epoch 27/100 | Steps: 559 | LR: 0.000092 | Train Loss: 0.085740 (P:0.0816, S:0.0404, Q:0.0021) | Val Loss: 1.123834 (P:1.0731, S:0.9465, Q:0.0034) | Repr L2μ: 3.5516 Val L2μ: 4.1702 | Repr Cosμ: 0.9307 Val Cosμ: 0.8950 | Pred→Target Cosμ: 0.9403 Val Cosμ: 0.8391 | Repr NormRatio: 1.0392 Val NormRatio: 1.0335
Epoch 28/100 | Steps: 559 | LR: 0.000091 | Train Loss: 0.092547 (P:0.0886, S:0.0438, Q:0.0017) | Val Loss: 0.760482 (P:0.7315, S:0.5329, Q:0.0023) | Repr L2μ: 4.0395 Val L2μ: 1.4603 | Repr Cosμ: 0.9058 Val Cosμ: 0.9881 | Pred→Target Cosμ: 0.9428 Val Cosμ: 0.7248 | Repr NormRatio: 1.0560 Val NormRatio: 1.0185
Epoch 29/100 | Steps: 559 | LR: 0.000090 | Train Loss: 0.081848 (P:0.0784, S:0.0420, Q:0.0014) | Val Loss: 0.893885 (P:0.8686, S:0.4474, Q:0.0029) | Repr L2μ: 4.0968 Val L2μ: 1.5033 | Repr Cosμ: 0.8992 Val Cosμ: 0.9877 | Pred→Target Cosμ: 0.9488 Val Cosμ: 0.7933 | Repr NormRatio: 1.0565 Val NormRatio: 1.0107
Epoch 30/100 | Steps: 559 | LR: 0.000088 | Train Loss: 0.082986 (P:0.0797, S:0.0424, Q:0.0011) | Val Loss: 0.781661 (P:0.7621, S:0.3542, Q:0.0018) | Repr L2μ: 4.5933 Val L2μ: 4.1131 | Repr Cosμ: 0.8749 Val Cosμ: 0.8945 | Pred→Target Cosμ: 0.9502 Val Cosμ: 0.7899 | Repr NormRatio: 1.0873 Val NormRatio: 1.0249
Epoch 31/100 | Steps: 559 | LR: 0.000087 | Train Loss: 0.075490 (P:0.0725, S:0.0406, Q:0.0010) | Val Loss: 0.884502 (P:0.8605, S:0.4441, Q:0.0018) | Repr L2μ: 4.7731 Val L2μ: 4.1054 | Repr Cosμ: 0.8690 Val Cosμ: 0.9003 | Pred→Target Cosμ: 0.9533 Val Cosμ: 0.7348 | Repr NormRatio: 1.0982 Val NormRatio: 1.0264
Epoch 32/100 | Steps: 559 | LR: 0.000086 | Train Loss: 0.071704 (P:0.0688, S:0.0402, Q:0.0009) | Val Loss: 0.873814 (P:0.8504, S:0.4378, Q:0.0015) | Repr L2μ: 5.0577 Val L2μ: 3.0487 | Repr Cosμ: 0.8516 Val Cosμ: 0.9466 | Pred→Target Cosμ: 0.9562 Val Cosμ: 0.7721 | Repr NormRatio: 1.1080 Val NormRatio: 1.0186
Epoch 33/100 | Steps: 559 | LR: 0.000085 | Train Loss: 0.070802 (P:0.0680, S:0.0411, Q:0.0007) | Val Loss: 0.764909 (P:0.7441, S:0.3923, Q:0.0012) | Repr L2μ: 5.4093 Val L2μ: 4.8509 | Repr Cosμ: 0.8220 Val Cosμ: 0.8277 | Pred→Target Cosμ: 0.9562 Val Cosμ: 0.7839 | Repr NormRatio: 1.1607 Val NormRatio: 1.1838
Epoch 34/100 | Steps: 559 | LR: 0.000084 | Train Loss: 0.066324 (P:0.0636, S:0.0396, Q:0.0007) | Val Loss: 0.864674 (P:0.8444, S:0.3818, Q:0.0012) | Repr L2μ: 5.3309 Val L2μ: 3.9687 | Repr Cosμ: 0.8222 Val Cosμ: 0.8977 | Pred→Target Cosμ: 0.9591 Val Cosμ: 0.7725 | Repr NormRatio: 1.2008 Val NormRatio: 1.1466
Epoch 35/100 | Steps: 559 | LR: 0.000082 | Train Loss: 0.061513 (P:0.0590, S:0.0391, Q:0.0006) | Val Loss: 1.172674 (P:1.1459, S:0.5042, Q:0.0016) | Repr L2μ: 5.7332 Val L2μ: 2.0220 | Repr Cosμ: 0.7884 Val Cosμ: 0.9772 | Pred→Target Cosμ: 0.9631 Val Cosμ: 0.6943 | Repr NormRatio: 1.3064 Val NormRatio: 1.0154
Epoch 36/100 | Steps: 559 | LR: 0.000081 | Train Loss: 0.065948 (P:0.0635, S:0.0384, Q:0.0006) | Val Loss: 0.964983 (P:0.9454, S:0.3674, Q:0.0012) | Repr L2μ: 4.9022 Val L2μ: 2.7230 | Repr Cosμ: 0.8390 Val Cosμ: 0.9571 | Pred→Target Cosμ: 0.9621 Val Cosμ: 0.7627 | Repr NormRatio: 1.3873 Val NormRatio: 1.0273
Epoch 37/100 | Steps: 559 | LR: 0.000080 | Train Loss: 0.067715 (P:0.0653, S:0.0381, Q:0.0005) | Val Loss: 0.918774 (P:0.8975, S:0.4088, Q:0.0009) | Repr L2μ: 4.1071 Val L2μ: 2.8185 | Repr Cosμ: 0.8858 Val Cosμ: 0.9525 | Pred→Target Cosμ: 0.9641 Val Cosμ: 0.7490 | Repr NormRatio: 1.4608 Val NormRatio: 1.1132
Epoch 38/100 | Steps: 559 | LR: 0.000078 | Train Loss: 0.068109 (P:0.0658, S:0.0375, Q:0.0005) | Val Loss: 0.796569 (P:0.7707, S:0.4982, Q:0.0010) | Repr L2μ: 3.5906 Val L2μ: 1.3332 | Repr Cosμ: 0.9036 Val Cosμ: 0.9900 | Pred→Target Cosμ: 0.9624 Val Cosμ: 0.7576 | Repr NormRatio: 1.4555 Val NormRatio: 1.0145
Epoch 39/100 | Steps: 559 | LR: 0.000077 | Train Loss: 0.079988 (P:0.0774, S:0.0394, Q:0.0006) | Val Loss: 0.546568 (P:0.5221, S:0.4714, Q:0.0009) | Repr L2μ: 3.2776 Val L2μ: 1.5608 | Repr Cosμ: 0.9239 Val Cosμ: 0.9860 | Pred→Target Cosμ: 0.9634 Val Cosμ: 0.7002 | Repr NormRatio: 1.5210 Val NormRatio: 1.0146
Epoch 40/100 | Steps: 559 | LR: 0.000075 | Train Loss: 0.078732 (P:0.0764, S:0.0383, Q:0.0005) | Val Loss: 0.588022 (P:0.5618, S:0.5047, Q:0.0010) | Repr L2μ: 2.8222 Val L2μ: 3.7903 | Repr Cosμ: 0.9336 Val Cosμ: 0.8870 | Pred→Target Cosμ: 0.9660 Val Cosμ: 0.6467 | Repr NormRatio: 1.4747 Val NormRatio: 2.0567
Epoch 41/100 | Steps: 559 | LR: 0.000074 | Train Loss: 0.100060 (P:0.0975, S:0.0406, Q:0.0005) | Val Loss: 0.591510 (P:0.5670, S:0.4725, Q:0.0009) | Repr L2μ: 2.7543 Val L2μ: 1.0980 | Repr Cosμ: 0.9330 Val Cosμ: 0.9931 | Pred→Target Cosμ: 0.9649 Val Cosμ: 0.7105 | Repr NormRatio: 1.7043 Val NormRatio: 1.0056
Epoch 42/100 | Steps: 559 | LR: 0.000072 | Train Loss: 0.120607 (P:0.1181, S:0.0408, Q:0.0005) | Val Loss: 0.896482 (P:0.8727, S:0.4577, Q:0.0008) | Repr L2μ: 2.6503 Val L2μ: 2.3713 | Repr Cosμ: 0.9416 Val Cosμ: 0.9541 | Pred→Target Cosμ: 0.9642 Val Cosμ: 0.6182 | Repr NormRatio: 1.7550 Val NormRatio: 1.4751
Epoch 43/100 | Steps: 559 | LR: 0.000071 | Train Loss: 0.126176 (P:0.1238, S:0.0401, Q:0.0004) | Val Loss: 0.417381 (P:0.3915, S:0.5014, Q:0.0008) | Repr L2μ: 2.3887 Val L2μ: 1.1002 | Repr Cosμ: 0.9559 Val Cosμ: 0.9922 | Pred→Target Cosμ: 0.9690 Val Cosμ: 0.5998 | Repr NormRatio: 1.8576 Val NormRatio: 1.0161
   -> Saved improved checkpoint: val_loss=0.417381 at epoch 43
Epoch 44/100 | Steps: 559 | LR: 0.000069 | Train Loss: 0.118734 (P:0.1164, S:0.0387, Q:0.0004) | Val Loss: 0.603534 (P:0.5784, S:0.4872, Q:0.0007) | Repr L2μ: 2.3891 Val L2μ: 0.7063 | Repr Cosμ: 0.9542 Val Cosμ: 0.9971 | Pred→Target Cosμ: 0.9710 Val Cosμ: 0.7615 | Repr NormRatio: 1.9760 Val NormRatio: 1.0045
Epoch 45/100 | Steps: 559 | LR: 0.000067 | Train Loss: 0.122857 (P:0.1205, S:0.0398, Q:0.0004) | Val Loss: 0.359739 (P:0.3350, S:0.4794, Q:0.0007) | Repr L2μ: 2.2229 Val L2μ: 0.9401 | Repr Cosμ: 0.9545 Val Cosμ: 0.9941 | Pred→Target Cosμ: 0.9681 Val Cosμ: 0.6171 | Repr NormRatio: 1.9114 Val NormRatio: 1.0115
   -> Saved improved checkpoint: val_loss=0.359739 at epoch 45
Epoch 46/100 | Steps: 559 | LR: 0.000066 | Train Loss: 0.136090 (P:0.1338, S:0.0390, Q:0.0004) | Val Loss: 0.490178 (P:0.4666, S:0.4588, Q:0.0007) | Repr L2μ: 2.1528 Val L2μ: 0.9584 | Repr Cosμ: 0.9491 Val Cosμ: 0.9931 | Pred→Target Cosμ: 0.9692 Val Cosμ: 0.6950 | Repr NormRatio: 2.0580 Val NormRatio: 1.0285
Epoch 47/100 | Steps: 559 | LR: 0.000064 | Train Loss: 0.127490 (P:0.1252, S:0.0380, Q:0.0004) | Val Loss: 0.264631 (P:0.2391, S:0.4954, Q:0.0007) | Repr L2μ: 2.1227 Val L2μ: 0.7826 | Repr Cosμ: 0.9506 Val Cosμ: 0.9962 | Pred→Target Cosμ: 0.9711 Val Cosμ: 0.6110 | Repr NormRatio: 2.0251 Val NormRatio: 1.0053
   -> Saved improved checkpoint: val_loss=0.264631 at epoch 47
Epoch 48/100 | Steps: 559 | LR: 0.000062 | Train Loss: 0.127497 (P:0.1253, S:0.0374, Q:0.0003) | Val Loss: 0.282250 (P:0.2559, S:0.5139, Q:0.0007) | Repr L2μ: 2.0231 Val L2μ: 0.6236 | Repr Cosμ: 0.9653 Val Cosμ: 0.9977 | Pred→Target Cosμ: 0.9702 Val Cosμ: 0.6651 | Repr NormRatio: 1.8852 Val NormRatio: 1.0026
Epoch 49/100 | Steps: 559 | LR: 0.000061 | Train Loss: 0.123570 (P:0.1213, S:0.0373, Q:0.0004) | Val Loss: 0.302677 (P:0.2781, S:0.4779, Q:0.0007) | Repr L2μ: 2.1352 Val L2μ: 0.8942 | Repr Cosμ: 0.9628 Val Cosμ: 0.9949 | Pred→Target Cosμ: 0.9689 Val Cosμ: 0.6401 | Repr NormRatio: 1.9307 Val NormRatio: 1.0075
Epoch 50/100 | Steps: 559 | LR: 0.000059 | Train Loss: 0.132633 (P:0.1304, S:0.0388, Q:0.0003) | Val Loss: 0.222646 (P:0.1977, S:0.4870, Q:0.0006) | Repr L2μ: 1.9815 Val L2μ: 0.7560 | Repr Cosμ: 0.9669 Val Cosμ: 0.9965 | Pred→Target Cosμ: 0.9660 Val Cosμ: 0.6089 | Repr NormRatio: 1.7462 Val NormRatio: 1.0035
   -> Saved improved checkpoint: val_loss=0.222646 at epoch 50
Epoch 51/100 | Steps: 559 | LR: 0.000057 | Train Loss: 0.107075 (P:0.1048, S:0.0378, Q:0.0003) | Val Loss: 0.239532 (P:0.2146, S:0.4857, Q:0.0006) | Repr L2μ: 1.8920 Val L2μ: 0.6676 | Repr Cosμ: 0.9670 Val Cosμ: 0.9973 | Pred→Target Cosμ: 0.9688 Val Cosμ: 0.6333 | Repr NormRatio: 1.8005 Val NormRatio: 1.0022
Epoch 52/100 | Steps: 559 | LR: 0.000056 | Train Loss: 0.088320 (P:0.0862, S:0.0368, Q:0.0003) | Val Loss: 0.270973 (P:0.2485, S:0.4375, Q:0.0006) | Repr L2μ: 2.1715 Val L2μ: 0.9402 | Repr Cosμ: 0.9592 Val Cosμ: 0.9933 | Pred→Target Cosμ: 0.9720 Val Cosμ: 0.6816 | Repr NormRatio: 1.9297 Val NormRatio: 1.0365
Epoch 53/100 | Steps: 559 | LR: 0.000054 | Train Loss: 0.079202 (P:0.0770, S:0.0372, Q:0.0003) | Val Loss: 0.151423 (P:0.1282, S:0.4515, Q:0.0006) | Repr L2μ: 2.1610 Val L2μ: 0.7537 | Repr Cosμ: 0.9571 Val Cosμ: 0.9965 | Pred→Target Cosμ: 0.9707 Val Cosμ: 0.6304 | Repr NormRatio: 1.9005 Val NormRatio: 1.0027
   -> Saved improved checkpoint: val_loss=0.151423 at epoch 53
Epoch 54/100 | Steps: 559 | LR: 0.000052 | Train Loss: 0.099362 (P:0.0971, S:0.0380, Q:0.0004) | Val Loss: 0.136856 (P:0.1133, S:0.4551, Q:0.0008) | Repr L2μ: 1.8041 Val L2μ: 0.9895 | Repr Cosμ: 0.9647 Val Cosμ: 0.9927 | Pred→Target Cosμ: 0.9674 Val Cosμ: 0.6882 | Repr NormRatio: 1.8252 Val NormRatio: 1.0373
   -> Saved improved checkpoint: val_loss=0.136856 at epoch 54
Epoch 55/100 | Steps: 559 | LR: 0.000051 | Train Loss: 0.081538 (P:0.0791, S:0.0377, Q:0.0005) | Val Loss: 0.240337 (P:0.2173, S:0.4424, Q:0.0009) | Repr L2μ: 1.9609 Val L2μ: 0.7251 | Repr Cosμ: 0.9577 Val Cosμ: 0.9968 | Pred→Target Cosμ: 0.9700 Val Cosμ: 0.7720 | Repr NormRatio: 1.9083 Val NormRatio: 1.0032
Epoch 56/100 | Steps: 559 | LR: 0.000049 | Train Loss: 0.070410 (P:0.0683, S:0.0358, Q:0.0003) | Val Loss: 0.180113 (P:0.1576, S:0.4367, Q:0.0007) | Repr L2μ: 1.9937 Val L2μ: 0.7987 | Repr Cosμ: 0.9622 Val Cosμ: 0.9956 | Pred→Target Cosμ: 0.9716 Val Cosμ: 0.7093 | Repr NormRatio: 1.9864 Val NormRatio: 1.0111
Epoch 57/100 | Steps: 559 | LR: 0.000047 | Train Loss: 0.076933 (P:0.0747, S:0.0374, Q:0.0003) | Val Loss: 0.101495 (P:0.0783, S:0.4481, Q:0.0008) | Repr L2μ: 1.9112 Val L2μ: 0.5561 | Repr Cosμ: 0.9502 Val Cosμ: 0.9981 | Pred→Target Cosμ: 0.9708 Val Cosμ: 0.6654 | Repr NormRatio: 1.9428 Val NormRatio: 1.0018
   -> Saved improved checkpoint: val_loss=0.101495 at epoch 57
Epoch 58/100 | Steps: 559 | LR: 0.000045 | Train Loss: 0.064181 (P:0.0620, S:0.0370, Q:0.0003) | Val Loss: 0.122326 (P:0.0995, S:0.4434, Q:0.0007) | Repr L2μ: 1.9610 Val L2μ: 0.6532 | Repr Cosμ: 0.9417 Val Cosμ: 0.9973 | Pred→Target Cosμ: 0.9721 Val Cosμ: 0.6640 | Repr NormRatio: 1.9663 Val NormRatio: 1.0025
Epoch 59/100 | Steps: 559 | LR: 0.000044 | Train Loss: 0.069392 (P:0.0672, S:0.0361, Q:0.0003) | Val Loss: 0.134121 (P:0.1111, S:0.4453, Q:0.0007) | Repr L2μ: 2.0350 Val L2μ: 0.6049 | Repr Cosμ: 0.9552 Val Cosμ: 0.9978 | Pred→Target Cosμ: 0.9719 Val Cosμ: 0.6642 | Repr NormRatio: 1.9222 Val NormRatio: 1.0018
Epoch 60/100 | Steps: 559 | LR: 0.000042 | Train Loss: 0.056491 (P:0.0543, S:0.0367, Q:0.0003) | Val Loss: 0.102846 (P:0.0803, S:0.4366, Q:0.0007) | Repr L2μ: 2.1071 Val L2μ: 0.6707 | Repr Cosμ: 0.9394 Val Cosμ: 0.9972 | Pred→Target Cosμ: 0.9734 Val Cosμ: 0.6837 | Repr NormRatio: 1.9848 Val NormRatio: 1.0027
Epoch 61/100 | Steps: 559 | LR: 0.000040 | Train Loss: 0.058186 (P:0.0560, S:0.0369, Q:0.0004) | Val Loss: 0.088292 (P:0.0659, S:0.4326, Q:0.0008) | Repr L2μ: 2.3072 Val L2μ: 0.8006 | Repr Cosμ: 0.9083 Val Cosμ: 0.9956 | Pred→Target Cosμ: 0.9715 Val Cosμ: 0.6910 | Repr NormRatio: 1.9421 Val NormRatio: 1.0066
   -> Saved improved checkpoint: val_loss=0.088292 at epoch 61
Epoch 62/100 | Steps: 559 | LR: 0.000039 | Train Loss: 0.042788 (P:0.0407, S:0.0361, Q:0.0003) | Val Loss: 0.105091 (P:0.0828, S:0.4316, Q:0.0007) | Repr L2μ: 2.3917 Val L2μ: 0.6029 | Repr Cosμ: 0.8992 Val Cosμ: 0.9977 | Pred→Target Cosμ: 0.9745 Val Cosμ: 0.7258 | Repr NormRatio: 1.9154 Val NormRatio: 1.0017
Epoch 63/100 | Steps: 559 | LR: 0.000037 | Train Loss: 0.034747 (P:0.0327, S:0.0355, Q:0.0003) | Val Loss: 0.127133 (P:0.1051, S:0.4267, Q:0.0007) | Repr L2μ: 2.4979 Val L2μ: 0.9665 | Repr Cosμ: 0.8974 Val Cosμ: 0.9932 | Pred→Target Cosμ: 0.9760 Val Cosμ: 0.7267 | Repr NormRatio: 1.9387 Val NormRatio: 1.0110
Epoch 64/100 | Steps: 559 | LR: 0.000035 | Train Loss: 0.035015 (P:0.0329, S:0.0358, Q:0.0003) | Val Loss: 0.077354 (P:0.0553, S:0.4257, Q:0.0008) | Repr L2μ: 2.6347 Val L2μ: 0.6502 | Repr Cosμ: 0.8807 Val Cosμ: 0.9973 | Pred→Target Cosμ: 0.9745 Val Cosμ: 0.7415 | Repr NormRatio: 1.9228 Val NormRatio: 1.0019
   -> Saved improved checkpoint: val_loss=0.077354 at epoch 64
Epoch 65/100 | Steps: 559 | LR: 0.000034 | Train Loss: 0.032218 (P:0.0302, S:0.0350, Q:0.0003) | Val Loss: 0.138970 (P:0.1171, S:0.4240, Q:0.0007) | Repr L2μ: 2.6369 Val L2μ: 1.3229 | Repr Cosμ: 0.8798 Val Cosμ: 0.9859 | Pred→Target Cosμ: 0.9762 Val Cosμ: 0.7385 | Repr NormRatio: 1.9769 Val NormRatio: 1.0472
Epoch 66/100 | Steps: 559 | LR: 0.000032 | Train Loss: 0.031040 (P:0.0290, S:0.0346, Q:0.0003) | Val Loss: 0.100260 (P:0.0782, S:0.4286, Q:0.0007) | Repr L2μ: 2.5050 Val L2μ: 0.9776 | Repr Cosμ: 0.8989 Val Cosμ: 0.9930 | Pred→Target Cosμ: 0.9763 Val Cosμ: 0.7194 | Repr NormRatio: 1.9476 Val NormRatio: 1.0122
Epoch 67/100 | Steps: 559 | LR: 0.000030 | Train Loss: 0.033369 (P:0.0313, S:0.0343, Q:0.0003) | Val Loss: 0.223585 (P:0.2018, S:0.4222, Q:0.0006) | Repr L2μ: 2.3003 Val L2μ: 1.3057 | Repr Cosμ: 0.9134 Val Cosμ: 0.9838 | Pred→Target Cosμ: 0.9756 Val Cosμ: 0.7345 | Repr NormRatio: 1.9269 Val NormRatio: 1.0784
Epoch 68/100 | Steps: 559 | LR: 0.000029 | Train Loss: 0.026099 (P:0.0241, S:0.0340, Q:0.0003) | Val Loss: 0.081595 (P:0.0596, S:0.4270, Q:0.0007) | Repr L2μ: 2.5429 Val L2μ: 0.7368 | Repr Cosμ: 0.8958 Val Cosμ: 0.9965 | Pred→Target Cosμ: 0.9770 Val Cosμ: 0.7194 | Repr NormRatio: 1.9974 Val NormRatio: 1.0030
Epoch 69/100 | Steps: 559 | LR: 0.000027 | Train Loss: 0.023598 (P:0.0217, S:0.0334, Q:0.0003) | Val Loss: 0.142432 (P:0.1207, S:0.4214, Q:0.0006) | Repr L2μ: 2.6459 Val L2μ: 1.1024 | Repr Cosμ: 0.8942 Val Cosμ: 0.9905 | Pred→Target Cosμ: 0.9777 Val Cosμ: 0.7491 | Repr NormRatio: 1.9882 Val NormRatio: 1.0415
Epoch 70/100 | Steps: 559 | LR: 0.000026 | Train Loss: 0.033037 (P:0.0311, S:0.0338, Q:0.0003) | Val Loss: 0.080766 (P:0.0589, S:0.4235, Q:0.0007) | Repr L2μ: 2.0693 Val L2μ: 0.5500 | Repr Cosμ: 0.9344 Val Cosμ: 0.9980 | Pred→Target Cosμ: 0.9750 Val Cosμ: 0.7412 | Repr NormRatio: 1.8065 Val NormRatio: 1.0017
Epoch 71/100 | Steps: 559 | LR: 0.000024 | Train Loss: 0.030028 (P:0.0281, S:0.0340, Q:0.0003) | Val Loss: 0.095813 (P:0.0741, S:0.4223, Q:0.0006) | Repr L2μ: 2.0819 Val L2μ: 0.9213 | Repr Cosμ: 0.9345 Val Cosμ: 0.9936 | Pred→Target Cosμ: 0.9761 Val Cosμ: 0.7578 | Repr NormRatio: 1.8202 Val NormRatio: 1.0166
Epoch 72/100 | Steps: 559 | LR: 0.000023 | Train Loss: 0.026004 (P:0.0240, S:0.0336, Q:0.0003) | Val Loss: 0.080078 (P:0.0581, S:0.4259, Q:0.0006) | Repr L2μ: 2.1912 Val L2μ: 0.6420 | Repr Cosμ: 0.9247 Val Cosμ: 0.9973 | Pred→Target Cosμ: 0.9771 Val Cosμ: 0.7540 | Repr NormRatio: 1.8483 Val NormRatio: 1.0021
Epoch 73/100 | Steps: 559 | LR: 0.000021 | Train Loss: 0.022573 (P:0.0206, S:0.0337, Q:0.0003) | Val Loss: 0.066588 (P:0.0447, S:0.4235, Q:0.0007) | Repr L2μ: 2.4753 Val L2μ: 0.6803 | Repr Cosμ: 0.8976 Val Cosμ: 0.9970 | Pred→Target Cosμ: 0.9780 Val Cosμ: 0.7605 | Repr NormRatio: 1.9771 Val NormRatio: 1.0024
   -> Saved improved checkpoint: val_loss=0.066588 at epoch 73
Epoch 74/100 | Steps: 559 | LR: 0.000020 | Train Loss: 0.020941 (P:0.0190, S:0.0336, Q:0.0003) | Val Loss: 0.090463 (P:0.0689, S:0.4196, Q:0.0006) | Repr L2μ: 2.4050 Val L2μ: 0.9767 | Repr Cosμ: 0.9051 Val Cosμ: 0.9928 | Pred→Target Cosμ: 0.9786 Val Cosμ: 0.7710 | Repr NormRatio: 1.9581 Val NormRatio: 1.0302
Epoch 75/100 | Steps: 559 | LR: 0.000019 | Train Loss: 0.018651 (P:0.0167, S:0.0335, Q:0.0003) | Val Loss: 0.076520 (P:0.0549, S:0.4207, Q:0.0006) | Repr L2μ: 2.4984 Val L2μ: 0.6858 | Repr Cosμ: 0.8922 Val Cosμ: 0.9969 | Pred→Target Cosμ: 0.9785 Val Cosμ: 0.7487 | Repr NormRatio: 1.9935 Val NormRatio: 1.0024
Epoch 76/100 | Steps: 559 | LR: 0.000017 | Train Loss: 0.020865 (P:0.0189, S:0.0336, Q:0.0003) | Val Loss: 0.078676 (P:0.0570, S:0.4207, Q:0.0006) | Repr L2μ: 2.2678 Val L2μ: 0.7490 | Repr Cosμ: 0.9073 Val Cosμ: 0.9963 | Pred→Target Cosμ: 0.9780 Val Cosμ: 0.7508 | Repr NormRatio: 1.9297 Val NormRatio: 1.0038
Epoch 77/100 | Steps: 559 | LR: 0.000016 | Train Loss: 0.018130 (P:0.0162, S:0.0337, Q:0.0003) | Val Loss: 0.149575 (P:0.1280, S:0.4202, Q:0.0006) | Repr L2μ: 2.6253 Val L2μ: 1.1321 | Repr Cosμ: 0.8773 Val Cosμ: 0.9891 | Pred→Target Cosμ: 0.9783 Val Cosμ: 0.7627 | Repr NormRatio: 2.0078 Val NormRatio: 1.0467
Epoch 78/100 | Steps: 559 | LR: 0.000015 | Train Loss: 0.018217 (P:0.0163, S:0.0332, Q:0.0003) | Val Loss: 0.069408 (P:0.0477, S:0.4211, Q:0.0006) | Repr L2μ: 2.6673 Val L2μ: 0.6915 | Repr Cosμ: 0.8733 Val Cosμ: 0.9969 | Pred→Target Cosμ: 0.9785 Val Cosμ: 0.7499 | Repr NormRatio: 1.9839 Val NormRatio: 1.0020
Epoch 79/100 | Steps: 559 | LR: 0.000014 | Train Loss: 0.018155 (P:0.0162, S:0.0335, Q:0.0003) | Val Loss: 0.066432 (P:0.0448, S:0.4189, Q:0.0006) | Repr L2μ: 2.4688 Val L2μ: 0.7519 | Repr Cosμ: 0.8866 Val Cosμ: 0.9962 | Pred→Target Cosμ: 0.9783 Val Cosμ: 0.7654 | Repr NormRatio: 1.9928 Val NormRatio: 1.0050
   -> Saved improved checkpoint: val_loss=0.066432 at epoch 79
Epoch 80/100 | Steps: 559 | LR: 0.000013 | Train Loss: 0.017921 (P:0.0160, S:0.0329, Q:0.0003) | Val Loss: 0.082824 (P:0.0612, S:0.4195, Q:0.0006) | Repr L2μ: 2.3801 Val L2μ: 0.7006 | Repr Cosμ: 0.8973 Val Cosμ: 0.9967 | Pred→Target Cosμ: 0.9785 Val Cosμ: 0.7594 | Repr NormRatio: 1.9650 Val NormRatio: 1.0031
Epoch 81/100 | Steps: 559 | LR: 0.000011 | Train Loss: 0.016429 (P:0.0145, S:0.0330, Q:0.0003) | Val Loss: 0.070497 (P:0.0489, S:0.4192, Q:0.0006) | Repr L2μ: 2.5432 Val L2μ: 0.8256 | Repr Cosμ: 0.8803 Val Cosμ: 0.9951 | Pred→Target Cosμ: 0.9787 Val Cosμ: 0.7672 | Repr NormRatio: 1.9954 Val NormRatio: 1.0106
Epoch 82/100 | Steps: 559 | LR: 0.000010 | Train Loss: 0.014715 (P:0.0128, S:0.0328, Q:0.0003) | Val Loss: 0.064220 (P:0.0428, S:0.4176, Q:0.0006) | Repr L2μ: 2.6562 Val L2μ: 0.7113 | Repr Cosμ: 0.8724 Val Cosμ: 0.9966 | Pred→Target Cosμ: 0.9795 Val Cosμ: 0.7651 | Repr NormRatio: 2.0361 Val NormRatio: 1.0035
   -> Saved improved checkpoint: val_loss=0.064220 at epoch 82
Epoch 83/100 | Steps: 559 | LR: 0.000009 | Train Loss: 0.016278 (P:0.0144, S:0.0329, Q:0.0003) | Val Loss: 0.155096 (P:0.1339, S:0.4126, Q:0.0006) | Repr L2μ: 2.6297 Val L2μ: 1.0228 | Repr Cosμ: 0.8749 Val Cosμ: 0.9915 | Pred→Target Cosμ: 0.9795 Val Cosμ: 0.7694 | Repr NormRatio: 2.0140 Val NormRatio: 1.0395
Epoch 84/100 | Steps: 559 | LR: 0.000009 | Train Loss: 0.014838 (P:0.0130, S:0.0322, Q:0.0002) | Val Loss: 0.088501 (P:0.0672, S:0.4154, Q:0.0006) | Repr L2μ: 2.7012 Val L2μ: 0.8059 | Repr Cosμ: 0.8722 Val Cosμ: 0.9954 | Pred→Target Cosμ: 0.9803 Val Cosμ: 0.7698 | Repr NormRatio: 2.0145 Val NormRatio: 1.0092
Epoch 85/100 | Steps: 559 | LR: 0.000008 | Train Loss: 0.016458 (P:0.0146, S:0.0327, Q:0.0002) | Val Loss: 0.071309 (P:0.0499, S:0.4165, Q:0.0006) | Repr L2μ: 2.4776 Val L2μ: 0.7068 | Repr Cosμ: 0.8885 Val Cosμ: 0.9966 | Pred→Target Cosμ: 0.9797 Val Cosμ: 0.7787 | Repr NormRatio: 1.9746 Val NormRatio: 1.0036
Epoch 86/100 | Steps: 559 | LR: 0.000007 | Train Loss: 0.015502 (P:0.0136, S:0.0326, Q:0.0002) | Val Loss: 0.060346 (P:0.0389, S:0.4176, Q:0.0006) | Repr L2μ: 2.6082 Val L2μ: 0.7426 | Repr Cosμ: 0.8753 Val Cosμ: 0.9962 | Pred→Target Cosμ: 0.9803 Val Cosμ: 0.7729 | Repr NormRatio: 2.0188 Val NormRatio: 1.0054
   -> Saved improved checkpoint: val_loss=0.060346 at epoch 86
Epoch 87/100 | Steps: 559 | LR: 0.000006 | Train Loss: 0.016034 (P:0.0142, S:0.0326, Q:0.0002) | Val Loss: 0.094197 (P:0.0729, S:0.4142, Q:0.0006) | Repr L2μ: 2.4279 Val L2μ: 0.6713 | Repr Cosμ: 0.8922 Val Cosμ: 0.9970 | Pred→Target Cosμ: 0.9797 Val Cosμ: 0.7789 | Repr NormRatio: 1.9529 Val NormRatio: 1.0024
Epoch 88/100 | Steps: 559 | LR: 0.000005 | Train Loss: 0.016825 (P:0.0149, S:0.0326, Q:0.0002) | Val Loss: 0.069247 (P:0.0479, S:0.4163, Q:0.0006) | Repr L2μ: 2.4676 Val L2μ: 0.7238 | Repr Cosμ: 0.8850 Val Cosμ: 0.9965 | Pred→Target Cosμ: 0.9794 Val Cosμ: 0.7704 | Repr NormRatio: 1.9366 Val NormRatio: 1.0039
Epoch 89/100 | Steps: 559 | LR: 0.000005 | Train Loss: 0.016174 (P:0.0143, S:0.0323, Q:0.0002) | Val Loss: 0.062185 (P:0.0408, S:0.4170, Q:0.0006) | Repr L2μ: 2.5653 Val L2μ: 0.7021 | Repr Cosμ: 0.8752 Val Cosμ: 0.9967 | Pred→Target Cosμ: 0.9796 Val Cosμ: 0.7660 | Repr NormRatio: 1.9516 Val NormRatio: 1.0032
Epoch 90/100 | Steps: 559 | LR: 0.000004 | Train Loss: 0.015524 (P:0.0137, S:0.0324, Q:0.0002) | Val Loss: 0.072614 (P:0.0512, S:0.4166, Q:0.0006) | Repr L2μ: 2.5934 Val L2μ: 0.7408 | Repr Cosμ: 0.8736 Val Cosμ: 0.9963 | Pred→Target Cosμ: 0.9800 Val Cosμ: 0.7737 | Repr NormRatio: 1.9865 Val NormRatio: 1.0053
Epoch 91/100 | Steps: 559 | LR: 0.000003 | Train Loss: 0.015474 (P:0.0136, S:0.0324, Q:0.0002) | Val Loss: 0.093076 (P:0.0716, S:0.4187, Q:0.0006) | Repr L2μ: 2.6167 Val L2μ: 0.7963 | Repr Cosμ: 0.8712 Val Cosμ: 0.9956 | Pred→Target Cosμ: 0.9801 Val Cosμ: 0.7767 | Repr NormRatio: 1.9694 Val NormRatio: 1.0095
Epoch 92/100 | Steps: 559 | LR: 0.000003 | Train Loss: 0.014611 (P:0.0127, S:0.0325, Q:0.0002) | Val Loss: 0.097491 (P:0.0762, S:0.4149, Q:0.0006) | Repr L2μ: 2.8076 Val L2μ: 0.8861 | Repr Cosμ: 0.8548 Val Cosμ: 0.9942 | Pred→Target Cosμ: 0.9803 Val Cosμ: 0.7672 | Repr NormRatio: 1.9903 Val NormRatio: 1.0195
Epoch 93/100 | Steps: 559 | LR: 0.000002 | Train Loss: 0.014133 (P:0.0123, S:0.0323, Q:0.0002) | Val Loss: 0.100894 (P:0.0796, S:0.4140, Q:0.0006) | Repr L2μ: 2.8493 Val L2μ: 0.8988 | Repr Cosμ: 0.8527 Val Cosμ: 0.9940 | Pred→Target Cosμ: 0.9803 Val Cosμ: 0.7774 | Repr NormRatio: 1.9918 Val NormRatio: 1.0205
Epoch 94/100 | Steps: 559 | LR: 0.000002 | Train Loss: 0.013855 (P:0.0120, S:0.0320, Q:0.0002) | Val Loss: 0.104620 (P:0.0833, S:0.4143, Q:0.0006) | Repr L2μ: 2.7829 Val L2μ: 0.8620 | Repr Cosμ: 0.8588 Val Cosμ: 0.9946 | Pred→Target Cosμ: 0.9807 Val Cosμ: 0.7722 | Repr NormRatio: 1.9881 Val NormRatio: 1.0156
Epoch 95/100 | Steps: 559 | LR: 0.000002 | Train Loss: 0.013680 (P:0.0118, S:0.0321, Q:0.0002) | Val Loss: 0.087050 (P:0.0656, S:0.4170, Q:0.0006) | Repr L2μ: 2.6552 Val L2μ: 0.8027 | Repr Cosμ: 0.8704 Val Cosμ: 0.9955 | Pred→Target Cosμ: 0.9806 Val Cosμ: 0.7741 | Repr NormRatio: 1.9742 Val NormRatio: 1.0100
Epoch 96/100 | Steps: 559 | LR: 0.000001 | Train Loss: 0.014391 (P:0.0125, S:0.0323, Q:0.0002) | Val Loss: 0.075692 (P:0.0544, S:0.4151, Q:0.0006) | Repr L2μ: 2.6124 Val L2μ: 0.7707 | Repr Cosμ: 0.8737 Val Cosμ: 0.9959 | Pred→Target Cosμ: 0.9805 Val Cosμ: 0.7742 | Repr NormRatio: 1.9770 Val NormRatio: 1.0070
Epoch 97/100 | Steps: 559 | LR: 0.000001 | Train Loss: 0.014171 (P:0.0123, S:0.0322, Q:0.0002) | Val Loss: 0.072683 (P:0.0514, S:0.4150, Q:0.0006) | Repr L2μ: 2.6086 Val L2μ: 0.7484 | Repr Cosμ: 0.8731 Val Cosμ: 0.9962 | Pred→Target Cosμ: 0.9807 Val Cosμ: 0.7794 | Repr NormRatio: 1.9673 Val NormRatio: 1.0057
Epoch 98/100 | Steps: 559 | LR: 0.000001 | Train Loss: 0.014827 (P:0.0130, S:0.0321, Q:0.0002) | Val Loss: 0.060004 (P:0.0386, S:0.4169, Q:0.0006) | Repr L2μ: 2.5718 Val L2μ: 0.7461 | Repr Cosμ: 0.8761 Val Cosμ: 0.9962 | Pred→Target Cosμ: 0.9803 Val Cosμ: 0.7730 | Repr NormRatio: 1.9564 Val NormRatio: 1.0054
   -> Saved improved checkpoint: val_loss=0.060004 at epoch 98
Epoch 99/100 | Steps: 559 | LR: 0.000001 | Train Loss: 0.014571 (P:0.0127, S:0.0322, Q:0.0002) | Val Loss: 0.077173 (P:0.0559, S:0.4146, Q:0.0006) | Repr L2μ: 2.5805 Val L2μ: 0.7317 | Repr Cosμ: 0.8752 Val Cosμ: 0.9964 | Pred→Target Cosμ: 0.9807 Val Cosμ: 0.7829 | Repr NormRatio: 1.9631 Val NormRatio: 1.0048
Epoch 100/100 | Steps: 559 | LR: 0.000001 | Train Loss: 0.014419 (P:0.0126, S:0.0322, Q:0.0002) | Val Loss: 0.069528 (P:0.0482, S:0.4161, Q:0.0006) | Repr L2μ: 2.5671 Val L2μ: 0.7288 | Repr Cosμ: 0.8763 Val Cosμ: 0.9964 | Pred→Target Cosμ: 0.9806 Val Cosμ: 0.7812 | Repr NormRatio: 1.9757 Val NormRatio: 1.0047
Saved attention maps for 100 epoch snapshot(s) under ./runs/pretrain_electricity_laya_mixer_text/attention_maps
