nohup: ignoring input
🚀 Laya-TS Pretraining: electricity (laya + mixer_text_stats_joint)
📊 data_path: ../Dataset/long_term_forecast/electricity/electricity.csv
📝 metadata: mode=text_stats_joint, fusion=add, relation=none, stats_dim=384
📝 log_dir: ./runs/pretrain_electricity_laya_mixer_text_stats_joint
Joint metadata preview | dataset=electricity | domain=electricity | channels=321
   - 0: In the electricity domain, this channel belongs to the electricity dataset and represents the feature 0. Channel statistics over the training split: mean value is 25.086, standard deviation is 24.648, minimum value is 0.000, maximum value is 137.000, median value is 12.000, and mean absolute value is 25.086.
📊 Dataset Statistics:
   - Sequence Length (T): 512
   - Train Samples: 17903, Steps: 559
   - Val Samples: 2119, Steps: 67
🔧 Encoder Hyperparameters:
   - d_model: 128
   - n_heads: 8
   - n_layers: 3
   - proj_dim: 256
   - patch_size: 16
   - metadata_fusion_mode: add
   - channel_mixer_relation_mode: none
   - encoder_variant: default
   - temporal_patchifier_mode: fixed
   - use_channel_relation_block: False
🧮 Parameter Counts:
   - Total Parameters: 4,322,944
   - Trainable Parameters: 4,322,944
⏱️ Schedule:
   - total_steps: 55900
   - warmup_steps: 5590
   - derived_epochs: 100
Epoch 1/100 | Steps: 559 | LR: 0.000010 | Train Loss: 1.802461 (P:0.7887, S:0.2753, Q:1.0000) | Val Loss: 1.853120 (P:0.8278, S:0.5076, Q:0.9999) | Repr L2μ: 1.4351 Val L2μ: 0.4946 | Repr Cosμ: 0.9887 Val Cosμ: 0.9988 | Pred→Target Cosμ: 0.4666 Val Cosμ: 0.4931 | Repr NormRatio: 1.0151 Val NormRatio: 1.0057
   -> Saved improved checkpoint: val_loss=1.853120 at epoch 1
Epoch 2/100 | Steps: 559 | LR: 0.000020 | Train Loss: 1.641701 (P:0.6325, S:0.1892, Q:0.9997) | Val Loss: 1.815067 (P:0.7923, S:0.4743, Q:0.9990) | Repr L2μ: 1.3400 Val L2μ: 0.4833 | Repr Cosμ: 0.9903 Val Cosμ: 0.9989 | Pred→Target Cosμ: 0.6539 Val Cosμ: 0.5071 | Repr NormRatio: 1.0143 Val NormRatio: 1.0064
   -> Saved improved checkpoint: val_loss=1.815067 at epoch 2
Epoch 3/100 | Steps: 559 | LR: 0.000030 | Train Loss: 1.402542 (P:0.4270, S:0.1217, Q:0.9695) | Val Loss: 1.557572 (P:0.6878, S:0.4433, Q:0.8476) | Repr L2μ: 1.3832 Val L2μ: 0.6012 | Repr Cosμ: 0.9897 Val Cosμ: 0.9982 | Pred→Target Cosμ: 0.9076 Val Cosμ: 0.5622 | Repr NormRatio: 1.0158 Val NormRatio: 1.0097
   -> Saved improved checkpoint: val_loss=1.557572 at epoch 3
Epoch 4/100 | Steps: 559 | LR: 0.000040 | Train Loss: 0.971625 (P:0.4226, S:0.1067, Q:0.5437) | Val Loss: 1.038406 (P:0.5589, S:0.5561, Q:0.4517) | Repr L2μ: 2.5181 Val L2μ: 0.6748 | Repr Cosμ: 0.9661 Val Cosμ: 0.9977 | Pred→Target Cosμ: 0.8628 Val Cosμ: 0.6851 | Repr NormRatio: 1.0434 Val NormRatio: 1.0188
   -> Saved improved checkpoint: val_loss=1.038406 at epoch 4
Epoch 5/100 | Steps: 559 | LR: 0.000050 | Train Loss: 0.793997 (P:0.3701, S:0.0921, Q:0.4192) | Val Loss: 1.123261 (P:0.7452, S:0.4859, Q:0.3537) | Repr L2μ: 2.7028 Val L2μ: 0.8553 | Repr Cosμ: 0.9614 Val Cosμ: 0.9962 | Pred→Target Cosμ: 0.8635 Val Cosμ: 0.4848 | Repr NormRatio: 1.0527 Val NormRatio: 1.0147
Epoch 6/100 | Steps: 559 | LR: 0.000060 | Train Loss: 0.613289 (P:0.2901, S:0.0768, Q:0.3193) | Val Loss: 0.973953 (P:0.6569, S:0.4473, Q:0.2946) | Repr L2μ: 3.0559 Val L2μ: 0.8935 | Repr Cosμ: 0.9534 Val Cosμ: 0.9958 | Pred→Target Cosμ: 0.8791 Val Cosμ: 0.5465 | Repr NormRatio: 1.0515 Val NormRatio: 1.0114
   -> Saved improved checkpoint: val_loss=0.973953 at epoch 6
Epoch 7/100 | Steps: 559 | LR: 0.000070 | Train Loss: 0.534860 (P:0.2381, S:0.0665, Q:0.2935) | Val Loss: 0.829707 (P:0.5218, S:0.5440, Q:0.2807) | Repr L2μ: 3.1884 Val L2μ: 0.8686 | Repr Cosμ: 0.9519 Val Cosμ: 0.9962 | Pred→Target Cosμ: 0.8865 Val Cosμ: 0.6816 | Repr NormRatio: 1.0487 Val NormRatio: 1.0102
   -> Saved improved checkpoint: val_loss=0.829707 at epoch 7
Epoch 8/100 | Steps: 559 | LR: 0.000080 | Train Loss: 0.494607 (P:0.2066, S:0.0605, Q:0.2850) | Val Loss: 0.885147 (P:0.5731, S:0.7059, Q:0.2768) | Repr L2μ: 3.2770 Val L2μ: 0.8606 | Repr Cosμ: 0.9496 Val Cosμ: 0.9962 | Pred→Target Cosμ: 0.8843 Val Cosμ: 0.7561 | Repr NormRatio: 1.0476 Val NormRatio: 1.0104
Epoch 9/100 | Steps: 559 | LR: 0.000090 | Train Loss: 0.458540 (P:0.1764, S:0.0550, Q:0.2794) | Val Loss: 0.868931 (P:0.5622, S:0.6128, Q:0.2761) | Repr L2μ: 3.2645 Val L2μ: 0.6815 | Repr Cosμ: 0.9506 Val Cosμ: 0.9977 | Pred→Target Cosμ: 0.8859 Val Cosμ: 0.7027 | Repr NormRatio: 1.0447 Val NormRatio: 1.0087
Epoch 10/100 | Steps: 559 | LR: 0.000100 | Train Loss: 0.437809 (P:0.1610, S:0.0534, Q:0.2741) | Val Loss: 0.941580 (P:0.6465, S:0.4587, Q:0.2722) | Repr L2μ: 3.0614 Val L2μ: 0.5679 | Repr Cosμ: 0.9561 Val Cosμ: 0.9984 | Pred→Target Cosμ: 0.8803 Val Cosμ: 0.4988 | Repr NormRatio: 1.0425 Val NormRatio: 1.0068
Epoch 11/100 | Steps: 559 | LR: 0.000100 | Train Loss: 0.429625 (P:0.1640, S:0.0662, Q:0.2623) | Val Loss: 1.323593 (P:0.9973, S:1.2859, Q:0.2620) | Repr L2μ: 2.6409 Val L2μ: 0.4035 | Repr Cosμ: 0.9632 Val Cosμ: 0.9992 | Pred→Target Cosμ: 0.8707 Val Cosμ: 0.7856 | Repr NormRatio: 1.0327 Val NormRatio: 1.0035
Epoch 12/100 | Steps: 559 | LR: 0.000100 | Train Loss: 0.383836 (P:0.1343, S:0.0551, Q:0.2468) | Val Loss: 1.042431 (P:0.7672, S:0.7828, Q:0.2361) | Repr L2μ: 2.7727 Val L2μ: 0.8314 | Repr Cosμ: 0.9606 Val Cosμ: 0.9965 | Pred→Target Cosμ: 0.8985 Val Cosμ: 0.8748 | Repr NormRatio: 1.0306 Val NormRatio: 1.0057
Epoch 13/100 | Steps: 559 | LR: 0.000100 | Train Loss: 0.328790 (P:0.1251, S:0.0481, Q:0.2013) | Val Loss: 0.887206 (P:0.6845, S:0.5424, Q:0.1756) | Repr L2μ: 2.6798 Val L2μ: 1.0249 | Repr Cosμ: 0.9646 Val Cosμ: 0.9946 | Pred→Target Cosμ: 0.9028 Val Cosμ: 0.7749 | Repr NormRatio: 1.0293 Val NormRatio: 1.0081
Epoch 14/100 | Steps: 559 | LR: 0.000100 | Train Loss: 0.279903 (P:0.1121, S:0.0423, Q:0.1656) | Val Loss: 0.848861 (P:0.6703, S:0.5070, Q:0.1532) | Repr L2μ: 2.5945 Val L2μ: 0.7364 | Repr Cosμ: 0.9694 Val Cosμ: 0.9972 | Pred→Target Cosμ: 0.9074 Val Cosμ: 0.7509 | Repr NormRatio: 1.0284 Val NormRatio: 1.0062
Epoch 15/100 | Steps: 559 | LR: 0.000099 | Train Loss: 0.235204 (P:0.1025, S:0.0407, Q:0.1307) | Val Loss: 0.838703 (P:0.6709, S:0.8629, Q:0.1247) | Repr L2μ: 2.5414 Val L2μ: 0.9251 | Repr Cosμ: 0.9704 Val Cosμ: 0.9955 | Pred→Target Cosμ: 0.9099 Val Cosμ: 0.8293 | Repr NormRatio: 1.0270 Val NormRatio: 1.0076
Epoch 16/100 | Steps: 559 | LR: 0.000099 | Train Loss: 0.206435 (P:0.1116, S:0.0432, Q:0.0927) | Val Loss: 0.787966 (P:0.6604, S:0.7764, Q:0.0888) | Repr L2μ: 2.7443 Val L2μ: 0.5692 | Repr Cosμ: 0.9627 Val Cosμ: 0.9984 | Pred→Target Cosμ: 0.9024 Val Cosμ: 0.7432 | Repr NormRatio: 1.0298 Val NormRatio: 1.0056
   -> Saved improved checkpoint: val_loss=0.787966 at epoch 16
Epoch 17/100 | Steps: 559 | LR: 0.000099 | Train Loss: 0.182505 (P:0.1059, S:0.0406, Q:0.0746) | Val Loss: 1.693960 (P:1.5410, S:1.3708, Q:0.0844) | Repr L2μ: 2.7689 Val L2μ: 1.0010 | Repr Cosμ: 0.9632 Val Cosμ: 0.9947 | Pred→Target Cosμ: 0.9098 Val Cosμ: 0.7619 | Repr NormRatio: 1.0346 Val NormRatio: 1.0065
Epoch 18/100 | Steps: 559 | LR: 0.000098 | Train Loss: 0.174385 (P:0.1062, S:0.0407, Q:0.0662) | Val Loss: 0.637195 (P:0.5105, S:0.8273, Q:0.0853) | Repr L2μ: 2.8848 Val L2μ: 0.7908 | Repr Cosμ: 0.9573 Val Cosμ: 0.9968 | Pred→Target Cosμ: 0.9111 Val Cosμ: 0.8538 | Repr NormRatio: 1.0320 Val NormRatio: 1.0050
   -> Saved improved checkpoint: val_loss=0.637195 at epoch 18
Epoch 19/100 | Steps: 559 | LR: 0.000098 | Train Loss: 0.158230 (P:0.0979, S:0.0395, Q:0.0584) | Val Loss: 0.814159 (P:0.7061, S:0.4935, Q:0.0834) | Repr L2μ: 2.8650 Val L2μ: 0.4261 | Repr Cosμ: 0.9592 Val Cosμ: 0.9991 | Pred→Target Cosμ: 0.9177 Val Cosμ: 0.6630 | Repr NormRatio: 1.0312 Val NormRatio: 1.0036
Epoch 20/100 | Steps: 559 | LR: 0.000097 | Train Loss: 0.146629 (P:0.0936, S:0.0393, Q:0.0511) | Val Loss: 0.826906 (P:0.7223, S:0.5746, Q:0.0759) | Repr L2μ: 2.7674 Val L2μ: 0.5333 | Repr Cosμ: 0.9621 Val Cosμ: 0.9985 | Pred→Target Cosμ: 0.9231 Val Cosμ: 0.7126 | Repr NormRatio: 1.0274 Val NormRatio: 1.0042
Epoch 21/100 | Steps: 559 | LR: 0.000096 | Train Loss: 0.132288 (P:0.0879, S:0.0379, Q:0.0424) | Val Loss: 0.844742 (P:0.7327, S:0.7314, Q:0.0755) | Repr L2μ: 2.8123 Val L2μ: 0.5152 | Repr Cosμ: 0.9605 Val Cosμ: 0.9986 | Pred→Target Cosμ: 0.9279 Val Cosμ: 0.7793 | Repr NormRatio: 1.0252 Val NormRatio: 1.0033
Epoch 22/100 | Steps: 559 | LR: 0.000096 | Train Loss: 0.123469 (P:0.0867, S:0.0377, Q:0.0348) | Val Loss: 0.838874 (P:0.7470, S:0.6614, Q:0.0588) | Repr L2μ: 2.4512 Val L2μ: 1.0752 | Repr Cosμ: 0.9698 Val Cosμ: 0.9938 | Pred→Target Cosμ: 0.9302 Val Cosμ: 0.7491 | Repr NormRatio: 1.0207 Val NormRatio: 1.0047
Epoch 23/100 | Steps: 559 | LR: 0.000095 | Train Loss: 0.112829 (P:0.0841, S:0.0375, Q:0.0269) | Val Loss: 0.789624 (P:0.7276, S:0.6286, Q:0.0306) | Repr L2μ: 2.4156 Val L2μ: 0.8008 | Repr Cosμ: 0.9703 Val Cosμ: 0.9967 | Pred→Target Cosμ: 0.9353 Val Cosμ: 0.7146 | Repr NormRatio: 1.0201 Val NormRatio: 1.0041
Epoch 24/100 | Steps: 559 | LR: 0.000094 | Train Loss: 0.099047 (P:0.0788, S:0.0375, Q:0.0184) | Val Loss: 0.740329 (P:0.6903, S:0.5260, Q:0.0237) | Repr L2μ: 2.4287 Val L2μ: 0.7219 | Repr Cosμ: 0.9700 Val Cosμ: 0.9972 | Pred→Target Cosμ: 0.9408 Val Cosμ: 0.7311 | Repr NormRatio: 1.0179 Val NormRatio: 1.0031
Epoch 25/100 | Steps: 559 | LR: 0.000093 | Train Loss: 0.089073 (P:0.0750, S:0.0371, Q:0.0122) | Val Loss: 1.284666 (P:1.2012, S:1.3382, Q:0.0166) | Repr L2μ: 2.3111 Val L2μ: 2.0184 | Repr Cosμ: 0.9722 Val Cosμ: 0.9776 | Pred→Target Cosμ: 0.9447 Val Cosμ: 0.9023 | Repr NormRatio: 1.0158 Val NormRatio: 1.0091
Epoch 26/100 | Steps: 559 | LR: 0.000092 | Train Loss: 0.087613 (P:0.0776, S:0.0382, Q:0.0081) | Val Loss: 0.849261 (P:0.8029, S:0.6389, Q:0.0144) | Repr L2μ: 2.3431 Val L2μ: 1.5300 | Repr Cosμ: 0.9706 Val Cosμ: 0.9866 | Pred→Target Cosμ: 0.9446 Val Cosμ: 0.7186 | Repr NormRatio: 1.0152 Val NormRatio: 1.0032
Epoch 27/100 | Steps: 559 | LR: 0.000092 | Train Loss: 0.081099 (P:0.0733, S:0.0387, Q:0.0059) | Val Loss: 0.749221 (P:0.7108, S:0.5091, Q:0.0129) | Repr L2μ: 2.4090 Val L2μ: 1.1288 | Repr Cosμ: 0.9691 Val Cosμ: 0.9931 | Pred→Target Cosμ: 0.9495 Val Cosμ: 0.7001 | Repr NormRatio: 1.0139 Val NormRatio: 1.0033
Epoch 28/100 | Steps: 559 | LR: 0.000091 | Train Loss: 0.073726 (P:0.0675, S:0.0376, Q:0.0044) | Val Loss: 0.854253 (P:0.8091, S:0.6995, Q:0.0101) | Repr L2μ: 2.2982 Val L2μ: 1.1429 | Repr Cosμ: 0.9719 Val Cosμ: 0.9929 | Pred→Target Cosμ: 0.9544 Val Cosμ: 0.7825 | Repr NormRatio: 1.0112 Val NormRatio: 1.0021
Epoch 29/100 | Steps: 559 | LR: 0.000090 | Train Loss: 0.068734 (P:0.0635, S:0.0377, Q:0.0033) | Val Loss: 0.849871 (P:0.8080, S:0.6281, Q:0.0105) | Repr L2μ: 2.6435 Val L2μ: 1.1525 | Repr Cosμ: 0.9623 Val Cosμ: 0.9927 | Pred→Target Cosμ: 0.9571 Val Cosμ: 0.8127 | Repr NormRatio: 1.0097 Val NormRatio: 1.0022
Epoch 30/100 | Steps: 559 | LR: 0.000088 | Train Loss: 0.067452 (P:0.0628, S:0.0387, Q:0.0027) | Val Loss: 0.894538 (P:0.8584, S:0.5366, Q:0.0093) | Repr L2μ: 2.9100 Val L2μ: 0.9745 | Repr Cosμ: 0.9522 Val Cosμ: 0.9948 | Pred→Target Cosμ: 0.9582 Val Cosμ: 0.7449 | Repr NormRatio: 1.0094 Val NormRatio: 1.0016
Epoch 31/100 | Steps: 559 | LR: 0.000087 | Train Loss: 0.069362 (P:0.0650, S:0.0418, Q:0.0023) | Val Loss: 0.705590 (P:0.6702, S:0.5603, Q:0.0074) | Repr L2μ: 2.8074 Val L2μ: 1.1534 | Repr Cosμ: 0.9562 Val Cosμ: 0.9924 | Pred→Target Cosμ: 0.9575 Val Cosμ: 0.7077 | Repr NormRatio: 1.0064 Val NormRatio: 1.0026
Epoch 32/100 | Steps: 559 | LR: 0.000086 | Train Loss: 0.067321 (P:0.0636, S:0.0428, Q:0.0016) | Val Loss: 0.562375 (P:0.5363, S:0.4288, Q:0.0047) | Repr L2μ: 2.7497 Val L2μ: 1.1326 | Repr Cosμ: 0.9554 Val Cosμ: 0.9928 | Pred→Target Cosμ: 0.9587 Val Cosμ: 0.7841 | Repr NormRatio: 1.0061 Val NormRatio: 1.0014
   -> Saved improved checkpoint: val_loss=0.562375 at epoch 32
Epoch 33/100 | Steps: 559 | LR: 0.000085 | Train Loss: 0.062567 (P:0.0591, S:0.0420, Q:0.0014) | Val Loss: 1.626383 (P:1.5771, S:0.8769, Q:0.0054) | Repr L2μ: 2.6516 Val L2μ: 1.4745 | Repr Cosμ: 0.9595 Val Cosμ: 0.9875 | Pred→Target Cosμ: 0.9620 Val Cosμ: 0.9132 | Repr NormRatio: 1.0057 Val NormRatio: 1.0021
Epoch 34/100 | Steps: 559 | LR: 0.000084 | Train Loss: 0.062592 (P:0.0592, S:0.0435, Q:0.0012) | Val Loss: 0.427190 (P:0.4029, S:0.3890, Q:0.0049) | Repr L2μ: 2.7400 Val L2μ: 1.5598 | Repr Cosμ: 0.9573 Val Cosμ: 0.9860 | Pred→Target Cosμ: 0.9629 Val Cosμ: 0.8488 | Repr NormRatio: 1.0061 Val NormRatio: 1.0024
   -> Saved improved checkpoint: val_loss=0.427190 at epoch 34
Epoch 35/100 | Steps: 559 | LR: 0.000082 | Train Loss: 0.059872 (P:0.0566, S:0.0437, Q:0.0011) | Val Loss: 0.480806 (P:0.4564, S:0.4550, Q:0.0017) | Repr L2μ: 2.8556 Val L2μ: 1.2879 | Repr Cosμ: 0.9500 Val Cosμ: 0.9910 | Pred→Target Cosμ: 0.9649 Val Cosμ: 0.8151 | Repr NormRatio: 1.0070 Val NormRatio: 1.0023
Epoch 36/100 | Steps: 559 | LR: 0.000081 | Train Loss: 0.057114 (P:0.0539, S:0.0433, Q:0.0010) | Val Loss: 0.483261 (P:0.4474, S:0.6141, Q:0.0051) | Repr L2μ: 2.7726 Val L2μ: 1.5235 | Repr Cosμ: 0.9546 Val Cosμ: 0.9868 | Pred→Target Cosμ: 0.9664 Val Cosμ: 0.8170 | Repr NormRatio: 1.0068 Val NormRatio: 1.0022
Epoch 37/100 | Steps: 559 | LR: 0.000080 | Train Loss: 0.054664 (P:0.0516, S:0.0426, Q:0.0009) | Val Loss: 0.417339 (P:0.3852, S:0.5316, Q:0.0055) | Repr L2μ: 3.0824 Val L2μ: 1.5070 | Repr Cosμ: 0.9454 Val Cosμ: 0.9866 | Pred→Target Cosμ: 0.9665 Val Cosμ: 0.8608 | Repr NormRatio: 1.0073 Val NormRatio: 1.0021
   -> Saved improved checkpoint: val_loss=0.417339 at epoch 37
Epoch 38/100 | Steps: 559 | LR: 0.000078 | Train Loss: 0.067818 (P:0.0645, S:0.0447, Q:0.0011) | Val Loss: 0.623030 (P:0.6032, S:0.3415, Q:0.0028) | Repr L2μ: 2.9655 Val L2μ: 1.3228 | Repr Cosμ: 0.9479 Val Cosμ: 0.9900 | Pred→Target Cosμ: 0.9602 Val Cosμ: 0.8204 | Repr NormRatio: 1.0095 Val NormRatio: 1.0025
Epoch 39/100 | Steps: 559 | LR: 0.000077 | Train Loss: 0.075328 (P:0.0719, S:0.0454, Q:0.0011) | Val Loss: 0.757886 (P:0.7168, S:0.7807, Q:0.0021) | Repr L2μ: 3.1286 Val L2μ: 1.5400 | Repr Cosμ: 0.9359 Val Cosμ: 0.9859 | Pred→Target Cosμ: 0.9584 Val Cosμ: 0.7948 | Repr NormRatio: 1.0165 Val NormRatio: 1.0018
Epoch 40/100 | Steps: 559 | LR: 0.000075 | Train Loss: 0.070148 (P:0.0668, S:0.0452, Q:0.0010) | Val Loss: 1.104840 (P:1.0666, S:0.6088, Q:0.0078) | Repr L2μ: 3.0753 Val L2μ: 2.0626 | Repr Cosμ: 0.9432 Val Cosμ: 0.9722 | Pred→Target Cosμ: 0.9636 Val Cosμ: 0.8490 | Repr NormRatio: 1.0192 Val NormRatio: 1.0075
Epoch 41/100 | Steps: 559 | LR: 0.000074 | Train Loss: 0.062630 (P:0.0594, S:0.0438, Q:0.0010) | Val Loss: 0.700462 (P:0.6737, S:0.4724, Q:0.0031) | Repr L2μ: 3.0242 Val L2μ: 1.3016 | Repr Cosμ: 0.9410 Val Cosμ: 0.9895 | Pred→Target Cosμ: 0.9662 Val Cosμ: 0.7664 | Repr NormRatio: 1.0265 Val NormRatio: 1.0028
Epoch 42/100 | Steps: 559 | LR: 0.000072 | Train Loss: 0.058627 (P:0.0555, S:0.0437, Q:0.0009) | Val Loss: 0.678976 (P:0.6498, S:0.5116, Q:0.0036) | Repr L2μ: 2.9808 Val L2μ: 1.1411 | Repr Cosμ: 0.9453 Val Cosμ: 0.9925 | Pred→Target Cosμ: 0.9684 Val Cosμ: 0.8395 | Repr NormRatio: 1.0237 Val NormRatio: 1.0030
Epoch 43/100 | Steps: 559 | LR: 0.000071 | Train Loss: 0.060649 (P:0.0577, S:0.0430, Q:0.0008) | Val Loss: 0.574908 (P:0.5552, S:0.3456, Q:0.0024) | Repr L2μ: 3.4378 Val L2μ: 2.3797 | Repr Cosμ: 0.9241 Val Cosμ: 0.9666 | Pred→Target Cosμ: 0.9671 Val Cosμ: 0.8319 | Repr NormRatio: 1.0440 Val NormRatio: 1.0247
Epoch 44/100 | Steps: 559 | LR: 0.000069 | Train Loss: 0.067263 (P:0.0641, S:0.0446, Q:0.0009) | Val Loss: 0.676005 (P:0.6579, S:0.3233, Q:0.0020) | Repr L2μ: 3.6634 Val L2μ: 2.7528 | Repr Cosμ: 0.9127 Val Cosμ: 0.9488 | Pred→Target Cosμ: 0.9636 Val Cosμ: 0.8139 | Repr NormRatio: 1.0508 Val NormRatio: 1.0097
Epoch 45/100 | Steps: 559 | LR: 0.000067 | Train Loss: 0.056565 (P:0.0537, S:0.0420, Q:0.0008) | Val Loss: 0.595847 (P:0.5770, S:0.3522, Q:0.0012) | Repr L2μ: 3.5392 Val L2μ: 1.8828 | Repr Cosμ: 0.9195 Val Cosμ: 0.9793 | Pred→Target Cosμ: 0.9676 Val Cosμ: 0.7752 | Repr NormRatio: 1.0691 Val NormRatio: 1.0064
Epoch 46/100 | Steps: 559 | LR: 0.000066 | Train Loss: 0.057526 (P:0.0546, S:0.0422, Q:0.0008) | Val Loss: 0.496882 (P:0.4755, S:0.3541, Q:0.0037) | Repr L2μ: 3.2640 Val L2μ: 4.1371 | Repr Cosμ: 0.9259 Val Cosμ: 0.8872 | Pred→Target Cosμ: 0.9675 Val Cosμ: 0.8561 | Repr NormRatio: 1.0549 Val NormRatio: 1.0307
Epoch 47/100 | Steps: 559 | LR: 0.000064 | Train Loss: 0.043375 (P:0.0409, S:0.0391, Q:0.0005) | Val Loss: 0.546955 (P:0.5283, S:0.3503, Q:0.0011) | Repr L2μ: 3.8952 Val L2μ: 2.2167 | Repr Cosμ: 0.9100 Val Cosμ: 0.9703 | Pred→Target Cosμ: 0.9754 Val Cosμ: 0.8257 | Repr NormRatio: 1.0596 Val NormRatio: 1.0081
Epoch 48/100 | Steps: 559 | LR: 0.000062 | Train Loss: 0.052437 (P:0.0496, S:0.0404, Q:0.0008) | Val Loss: 0.609574 (P:0.5904, S:0.3631, Q:0.0011) | Repr L2μ: 3.4387 Val L2μ: 1.5303 | Repr Cosμ: 0.9173 Val Cosμ: 0.9862 | Pred→Target Cosμ: 0.9689 Val Cosμ: 0.7691 | Repr NormRatio: 1.0630 Val NormRatio: 1.0079
Epoch 49/100 | Steps: 559 | LR: 0.000061 | Train Loss: 0.052542 (P:0.0498, S:0.0405, Q:0.0007) | Val Loss: 0.597535 (P:0.5751, S:0.4248, Q:0.0012) | Repr L2μ: 3.6581 Val L2μ: 1.3806 | Repr Cosμ: 0.9027 Val Cosμ: 0.9888 | Pred→Target Cosμ: 0.9708 Val Cosμ: 0.7544 | Repr NormRatio: 1.0907 Val NormRatio: 1.0031
Epoch 50/100 | Steps: 559 | LR: 0.000059 | Train Loss: 0.043308 (P:0.0408, S:0.0382, Q:0.0006) | Val Loss: 0.435447 (P:0.4161, S:0.3649, Q:0.0011) | Repr L2μ: 3.2739 Val L2μ: 2.4998 | Repr Cosμ: 0.9287 Val Cosμ: 0.9611 | Pred→Target Cosμ: 0.9754 Val Cosμ: 0.8529 | Repr NormRatio: 1.0641 Val NormRatio: 1.0439
Epoch 51/100 | Steps: 559 | LR: 0.000057 | Train Loss: 0.044223 (P:0.0417, S:0.0391, Q:0.0006) | Val Loss: 0.501967 (P:0.4821, S:0.3627, Q:0.0017) | Repr L2μ: 3.3715 Val L2μ: 2.0752 | Repr Cosμ: 0.9178 Val Cosμ: 0.9738 | Pred→Target Cosμ: 0.9745 Val Cosμ: 0.8366 | Repr NormRatio: 1.0589 Val NormRatio: 1.0320
Epoch 52/100 | Steps: 559 | LR: 0.000056 | Train Loss: 0.044236 (P:0.0417, S:0.0388, Q:0.0006) | Val Loss: 0.552467 (P:0.5300, S:0.4315, Q:0.0009) | Repr L2μ: 3.8187 Val L2μ: 3.0089 | Repr Cosμ: 0.8963 Val Cosμ: 0.9404 | Pred→Target Cosμ: 0.9746 Val Cosμ: 0.7717 | Repr NormRatio: 1.1040 Val NormRatio: 1.0476
Epoch 53/100 | Steps: 559 | LR: 0.000054 | Train Loss: 0.041367 (P:0.0389, S:0.0381, Q:0.0005) | Val Loss: 0.567236 (P:0.5472, S:0.3834, Q:0.0008) | Repr L2μ: 4.3143 Val L2μ: 4.0558 | Repr Cosμ: 0.8675 Val Cosμ: 0.8805 | Pred→Target Cosμ: 0.9762 Val Cosμ: 0.8024 | Repr NormRatio: 1.1275 Val NormRatio: 1.0813
Epoch 54/100 | Steps: 559 | LR: 0.000052 | Train Loss: 0.042031 (P:0.0396, S:0.0383, Q:0.0005) | Val Loss: 0.557222 (P:0.5377, S:0.3722, Q:0.0009) | Repr L2μ: 4.4998 Val L2μ: 4.3505 | Repr Cosμ: 0.8464 Val Cosμ: 0.8702 | Pred→Target Cosμ: 0.9758 Val Cosμ: 0.8189 | Repr NormRatio: 1.1738 Val NormRatio: 1.0737
Epoch 55/100 | Steps: 559 | LR: 0.000051 | Train Loss: 0.039072 (P:0.0365, S:0.0387, Q:0.0006) | Val Loss: 0.617199 (P:0.5959, S:0.3932, Q:0.0016) | Repr L2μ: 5.0190 Val L2μ: 3.2002 | Repr Cosμ: 0.8108 Val Cosμ: 0.9283 | Pred→Target Cosμ: 0.9767 Val Cosμ: 0.7680 | Repr NormRatio: 1.1366 Val NormRatio: 1.0450
Epoch 56/100 | Steps: 559 | LR: 0.000049 | Train Loss: 0.041902 (P:0.0394, S:0.0385, Q:0.0006) | Val Loss: 0.636639 (P:0.6175, S:0.3640, Q:0.0010) | Repr L2μ: 4.3444 Val L2μ: 1.6946 | Repr Cosμ: 0.8500 Val Cosμ: 0.9822 | Pred→Target Cosμ: 0.9762 Val Cosμ: 0.7975 | Repr NormRatio: 1.1521 Val NormRatio: 1.0132
Epoch 57/100 | Steps: 559 | LR: 0.000047 | Train Loss: 0.036905 (P:0.0345, S:0.0374, Q:0.0006) | Val Loss: 0.617521 (P:0.5928, S:0.4647, Q:0.0015) | Repr L2μ: 4.5229 Val L2μ: 2.8252 | Repr Cosμ: 0.8480 Val Cosμ: 0.9474 | Pred→Target Cosμ: 0.9791 Val Cosμ: 0.7258 | Repr NormRatio: 1.1480 Val NormRatio: 1.0393
Epoch 58/100 | Steps: 559 | LR: 0.000045 | Train Loss: 0.035216 (P:0.0327, S:0.0379, Q:0.0006) | Val Loss: 0.567700 (P:0.5490, S:0.3601, Q:0.0007) | Repr L2μ: 4.7717 Val L2μ: 1.6477 | Repr Cosμ: 0.8164 Val Cosμ: 0.9832 | Pred→Target Cosμ: 0.9797 Val Cosμ: 0.8354 | Repr NormRatio: 1.1519 Val NormRatio: 1.0165
Epoch 59/100 | Steps: 559 | LR: 0.000044 | Train Loss: 0.047532 (P:0.0448, S:0.0416, Q:0.0006) | Val Loss: 0.504055 (P:0.4819, S:0.4002, Q:0.0021) | Repr L2μ: 4.2243 Val L2μ: 5.0153 | Repr Cosμ: 0.8243 Val Cosμ: 0.7849 | Pred→Target Cosμ: 0.9750 Val Cosμ: 0.8280 | Repr NormRatio: 1.2219 Val NormRatio: 1.1315
Epoch 60/100 | Steps: 559 | LR: 0.000042 | Train Loss: 0.035659 (P:0.0334, S:0.0377, Q:0.0004) | Val Loss: 0.544616 (P:0.5245, S:0.3873, Q:0.0007) | Repr L2μ: 5.2556 Val L2μ: 3.1883 | Repr Cosμ: 0.7609 Val Cosμ: 0.9259 | Pred→Target Cosμ: 0.9805 Val Cosμ: 0.7835 | Repr NormRatio: 1.3289 Val NormRatio: 1.1283
Epoch 61/100 | Steps: 559 | LR: 0.000040 | Train Loss: 0.037662 (P:0.0355, S:0.0358, Q:0.0004) | Val Loss: 0.646748 (P:0.6251, S:0.4193, Q:0.0007) | Repr L2μ: 4.0628 Val L2μ: 2.9579 | Repr Cosμ: 0.8674 Val Cosμ: 0.9331 | Pred→Target Cosμ: 0.9825 Val Cosμ: 0.7250 | Repr NormRatio: 1.4926 Val NormRatio: 1.3642
Epoch 62/100 | Steps: 559 | LR: 0.000039 | Train Loss: 0.049331 (P:0.0470, S:0.0376, Q:0.0004) | Val Loss: 0.662763 (P:0.6413, S:0.4074, Q:0.0011) | Repr L2μ: 2.7737 Val L2μ: 1.9053 | Repr Cosμ: 0.9396 Val Cosμ: 0.9744 | Pred→Target Cosμ: 0.9773 Val Cosμ: 0.7354 | Repr NormRatio: 1.4248 Val NormRatio: 1.1514
Epoch 63/100 | Steps: 559 | LR: 0.000037 | Train Loss: 0.065332 (P:0.0629, S:0.0390, Q:0.0005) | Val Loss: 0.601980 (P:0.5792, S:0.4392, Q:0.0008) | Repr L2μ: 2.5529 Val L2μ: 2.4095 | Repr Cosμ: 0.9519 Val Cosμ: 0.9606 | Pred→Target Cosμ: 0.9756 Val Cosμ: 0.6861 | Repr NormRatio: 1.7494 Val NormRatio: 2.3101
Epoch 64/100 | Steps: 559 | LR: 0.000035 | Train Loss: 0.074790 (P:0.0725, S:0.0387, Q:0.0004) | Val Loss: 0.864360 (P:0.8433, S:0.4062, Q:0.0007) | Repr L2μ: 3.1682 Val L2μ: 2.6927 | Repr Cosμ: 0.9297 Val Cosμ: 0.9502 | Pred→Target Cosμ: 0.9784 Val Cosμ: 0.6688 | Repr NormRatio: 2.2436 Val NormRatio: 2.2504
Epoch 65/100 | Steps: 559 | LR: 0.000034 | Train Loss: 0.076330 (P:0.0742, S:0.0361, Q:0.0003) | Val Loss: 0.622705 (P:0.5982, S:0.4645, Q:0.0013) | Repr L2μ: 3.2894 Val L2μ: 2.3293 | Repr Cosμ: 0.9276 Val Cosμ: 0.9647 | Pred→Target Cosμ: 0.9821 Val Cosμ: 0.6550 | Repr NormRatio: 2.4082 Val NormRatio: 2.2903
Epoch 66/100 | Steps: 559 | LR: 0.000032 | Train Loss: 0.084316 (P:0.0823, S:0.0354, Q:0.0003) | Val Loss: 0.754355 (P:0.7307, S:0.4498, Q:0.0012) | Repr L2μ: 3.2257 Val L2μ: 2.6281 | Repr Cosμ: 0.9294 Val Cosμ: 0.9535 | Pred→Target Cosμ: 0.9824 Val Cosμ: 0.6049 | Repr NormRatio: 2.3842 Val NormRatio: 2.2936
Epoch 67/100 | Steps: 559 | LR: 0.000030 | Train Loss: 0.086301 (P:0.0843, S:0.0350, Q:0.0003) | Val Loss: 0.607531 (P:0.5838, S:0.4633, Q:0.0006) | Repr L2μ: 3.3373 Val L2μ: 2.2295 | Repr Cosμ: 0.9248 Val Cosμ: 0.9631 | Pred→Target Cosμ: 0.9825 Val Cosμ: 0.6228 | Repr NormRatio: 2.3858 Val NormRatio: 2.1131
Epoch 68/100 | Steps: 559 | LR: 0.000029 | Train Loss: 0.096441 (P:0.0943, S:0.0358, Q:0.0003) | Val Loss: 0.949827 (P:0.9254, S:0.4767, Q:0.0006) | Repr L2μ: 3.0917 Val L2μ: 2.0148 | Repr Cosμ: 0.9332 Val Cosμ: 0.9663 | Pred→Target Cosμ: 0.9809 Val Cosμ: 0.6174 | Repr NormRatio: 2.3106 Val NormRatio: 1.9849
Epoch 69/100 | Steps: 559 | LR: 0.000027 | Train Loss: 0.097156 (P:0.0947, S:0.0402, Q:0.0004) | Val Loss: 0.880873 (P:0.8586, S:0.4234, Q:0.0011) | Repr L2μ: 3.7704 Val L2μ: 3.6588 | Repr Cosμ: 0.8454 Val Cosμ: 0.7576 | Pred→Target Cosμ: 0.9768 Val Cosμ: 0.5872 | Repr NormRatio: 2.2603 Val NormRatio: 1.9445
Epoch 70/100 | Steps: 559 | LR: 0.000026 | Train Loss: 0.078663 (P:0.0761, S:0.0437, Q:0.0004) | Val Loss: 0.930942 (P:0.9071, S:0.4350, Q:0.0021) | Repr L2μ: 5.3857 Val L2μ: 2.9736 | Repr Cosμ: 0.5902 Val Cosμ: 0.8803 | Pred→Target Cosμ: 0.9802 Val Cosμ: 0.5227 | Repr NormRatio: 2.2262 Val NormRatio: 1.5243
Epoch 71/100 | Steps: 559 | LR: 0.000024 | Train Loss: 0.077654 (P:0.0753, S:0.0401, Q:0.0003) | Val Loss: 0.699293 (P:0.6758, S:0.4458, Q:0.0012) | Repr L2μ: 5.4238 Val L2μ: 3.7262 | Repr Cosμ: 0.5777 Val Cosμ: 0.7562 | Pred→Target Cosμ: 0.9829 Val Cosμ: 0.5374 | Repr NormRatio: 2.2456 Val NormRatio: 1.9407
Epoch 72/100 | Steps: 559 | LR: 0.000023 | Train Loss: 0.077269 (P:0.0750, S:0.0391, Q:0.0003) | Val Loss: 0.780022 (P:0.7565, S:0.4513, Q:0.0010) | Repr L2μ: 5.3185 Val L2μ: 3.4837 | Repr Cosμ: 0.5753 Val Cosμ: 0.7831 | Pred→Target Cosμ: 0.9844 Val Cosμ: 0.5217 | Repr NormRatio: 2.2590 Val NormRatio: 1.8628
Epoch 73/100 | Steps: 559 | LR: 0.000021 | Train Loss: 0.079078 (P:0.0769, S:0.0384, Q:0.0003) | Val Loss: 1.334488 (P:1.3118, S:0.4353, Q:0.0009) | Repr L2μ: 5.0322 Val L2μ: 2.2219 | Repr Cosμ: 0.6039 Val Cosμ: 0.9387 | Pred→Target Cosμ: 0.9847 Val Cosμ: 0.5439 | Repr NormRatio: 2.2517 Val NormRatio: 1.3186
Epoch 74/100 | Steps: 559 | LR: 0.000020 | Train Loss: 0.074989 (P:0.0728, S:0.0379, Q:0.0003) | Val Loss: 0.329201 (P:0.3047, S:0.4752, Q:0.0007) | Repr L2μ: 4.9942 Val L2μ: 1.0958 | Repr Cosμ: 0.6042 Val Cosμ: 0.9920 | Pred→Target Cosμ: 0.9852 Val Cosμ: 0.5127 | Repr NormRatio: 2.2598 Val NormRatio: 1.0106
   -> Saved improved checkpoint: val_loss=0.329201 at epoch 74
Epoch 75/100 | Steps: 559 | LR: 0.000019 | Train Loss: 0.079553 (P:0.0774, S:0.0375, Q:0.0003) | Val Loss: 0.340755 (P:0.3155, S:0.4851, Q:0.0010) | Repr L2μ: 4.5132 Val L2μ: 1.2126 | Repr Cosμ: 0.6553 Val Cosμ: 0.9896 | Pred→Target Cosμ: 0.9851 Val Cosμ: 0.5033 | Repr NormRatio: 2.3005 Val NormRatio: 1.0294
Epoch 76/100 | Steps: 559 | LR: 0.000017 | Train Loss: 0.062821 (P:0.0607, S:0.0368, Q:0.0003) | Val Loss: 1.135285 (P:1.1126, S:0.4418, Q:0.0006) | Repr L2μ: 5.1493 Val L2μ: 2.2014 | Repr Cosμ: 0.5734 Val Cosμ: 0.9320 | Pred→Target Cosμ: 0.9857 Val Cosμ: 0.5096 | Repr NormRatio: 2.2925 Val NormRatio: 1.4114
Epoch 77/100 | Steps: 559 | LR: 0.000016 | Train Loss: 0.081998 (P:0.0799, S:0.0361, Q:0.0003) | Val Loss: 0.440066 (P:0.4140, S:0.5062, Q:0.0007) | Repr L2μ: 4.4415 Val L2μ: 0.9373 | Repr Cosμ: 0.7014 Val Cosμ: 0.9941 | Pred→Target Cosμ: 0.9840 Val Cosμ: 0.5424 | Repr NormRatio: 2.2999 Val NormRatio: 1.0156
Epoch 78/100 | Steps: 559 | LR: 0.000015 | Train Loss: 0.078528 (P:0.0765, S:0.0348, Q:0.0003) | Val Loss: 0.615829 (P:0.5907, S:0.4730, Q:0.0015) | Repr L2μ: 3.9441 Val L2μ: 1.4483 | Repr Cosμ: 0.8070 Val Cosμ: 0.9818 | Pred→Target Cosμ: 0.9852 Val Cosμ: 0.4986 | Repr NormRatio: 2.4841 Val NormRatio: 1.2274
Epoch 79/100 | Steps: 559 | LR: 0.000014 | Train Loss: 0.071262 (P:0.0692, S:0.0349, Q:0.0003) | Val Loss: 0.409049 (P:0.3841, S:0.4870, Q:0.0006) | Repr L2μ: 3.8963 Val L2μ: 0.8990 | Repr Cosμ: 0.8005 Val Cosμ: 0.9947 | Pred→Target Cosμ: 0.9852 Val Cosμ: 0.5616 | Repr NormRatio: 2.4531 Val NormRatio: 1.0130
Epoch 80/100 | Steps: 559 | LR: 0.000013 | Train Loss: 0.076562 (P:0.0745, S:0.0359, Q:0.0003) | Val Loss: 0.788099 (P:0.7638, S:0.4738, Q:0.0006) | Repr L2μ: 3.5364 Val L2μ: 1.8729 | Repr Cosμ: 0.8070 Val Cosμ: 0.9684 | Pred→Target Cosμ: 0.9849 Val Cosμ: 0.4841 | Repr NormRatio: 2.5876 Val NormRatio: 1.7081
Epoch 81/100 | Steps: 559 | LR: 0.000011 | Train Loss: 0.065563 (P:0.0635, S:0.0356, Q:0.0003) | Val Loss: 1.039012 (P:1.0157, S:0.4553, Q:0.0005) | Repr L2μ: 3.8381 Val L2μ: 1.7343 | Repr Cosμ: 0.7414 Val Cosμ: 0.9717 | Pred→Target Cosμ: 0.9866 Val Cosμ: 0.5121 | Repr NormRatio: 2.6634 Val NormRatio: 1.5754
Epoch 82/100 | Steps: 559 | LR: 0.000010 | Train Loss: 0.078392 (P:0.0763, S:0.0360, Q:0.0003) | Val Loss: 0.302949 (P:0.2774, S:0.4863, Q:0.0012) | Repr L2μ: 3.3501 Val L2μ: 0.8798 | Repr Cosμ: 0.8094 Val Cosμ: 0.9949 | Pred→Target Cosμ: 0.9857 Val Cosμ: 0.5276 | Repr NormRatio: 2.5411 Val NormRatio: 1.0110
   -> Saved improved checkpoint: val_loss=0.302949 at epoch 82
Epoch 83/100 | Steps: 559 | LR: 0.000009 | Train Loss: 0.073756 (P:0.0717, S:0.0365, Q:0.0003) | Val Loss: 0.993475 (P:0.9698, S:0.4628, Q:0.0006) | Repr L2μ: 3.4298 Val L2μ: 1.8863 | Repr Cosμ: 0.7820 Val Cosμ: 0.9666 | Pred→Target Cosμ: 0.9862 Val Cosμ: 0.5200 | Repr NormRatio: 2.7664 Val NormRatio: 1.8403
Epoch 84/100 | Steps: 559 | LR: 0.000009 | Train Loss: 0.088337 (P:0.0863, S:0.0359, Q:0.0003) | Val Loss: 0.718171 (P:0.6942, S:0.4700, Q:0.0005) | Repr L2μ: 2.7581 Val L2μ: 1.8817 | Repr Cosμ: 0.8780 Val Cosμ: 0.9668 | Pred→Target Cosμ: 0.9845 Val Cosμ: 0.5017 | Repr NormRatio: 2.6878 Val NormRatio: 1.8965
Epoch 85/100 | Steps: 559 | LR: 0.000008 | Train Loss: 0.076485 (P:0.0744, S:0.0357, Q:0.0003) | Val Loss: 0.903471 (P:0.8807, S:0.4460, Q:0.0005) | Repr L2μ: 2.7572 Val L2μ: 1.8601 | Repr Cosμ: 0.8996 Val Cosμ: 0.9667 | Pred→Target Cosμ: 0.9853 Val Cosμ: 0.5549 | Repr NormRatio: 2.6998 Val NormRatio: 1.8336
Epoch 86/100 | Steps: 559 | LR: 0.000007 | Train Loss: 0.064782 (P:0.0628, S:0.0353, Q:0.0002) | Val Loss: 0.830847 (P:0.8073, S:0.4601, Q:0.0005) | Repr L2μ: 3.1200 Val L2μ: 1.8347 | Repr Cosμ: 0.8665 Val Cosμ: 0.9668 | Pred→Target Cosμ: 0.9864 Val Cosμ: 0.4895 | Repr NormRatio: 2.7238 Val NormRatio: 1.8126
Epoch 87/100 | Steps: 559 | LR: 0.000006 | Train Loss: 0.073199 (P:0.0712, S:0.0351, Q:0.0002) | Val Loss: 0.888191 (P:0.8649, S:0.4564, Q:0.0005) | Repr L2μ: 2.7782 Val L2μ: 1.7551 | Repr Cosμ: 0.8992 Val Cosμ: 0.9682 | Pred→Target Cosμ: 0.9861 Val Cosμ: 0.5219 | Repr NormRatio: 2.7187 Val NormRatio: 1.6582
Epoch 88/100 | Steps: 559 | LR: 0.000005 | Train Loss: 0.066721 (P:0.0647, S:0.0349, Q:0.0002) | Val Loss: 0.626917 (P:0.6024, S:0.4797, Q:0.0005) | Repr L2μ: 2.9084 Val L2μ: 1.9194 | Repr Cosμ: 0.8931 Val Cosμ: 0.9658 | Pred→Target Cosμ: 0.9868 Val Cosμ: 0.4939 | Repr NormRatio: 2.7333 Val NormRatio: 1.9233
Epoch 89/100 | Steps: 559 | LR: 0.000005 | Train Loss: 0.070814 (P:0.0688, S:0.0348, Q:0.0002) | Val Loss: 0.797747 (P:0.7742, S:0.4618, Q:0.0005) | Repr L2μ: 2.7821 Val L2μ: 1.7934 | Repr Cosμ: 0.9074 Val Cosμ: 0.9669 | Pred→Target Cosμ: 0.9865 Val Cosμ: 0.4896 | Repr NormRatio: 2.6936 Val NormRatio: 1.7062
Epoch 90/100 | Steps: 559 | LR: 0.000004 | Train Loss: 0.063537 (P:0.0616, S:0.0350, Q:0.0002) | Val Loss: 0.702826 (P:0.6789, S:0.4659, Q:0.0006) | Repr L2μ: 3.0072 Val L2μ: 1.7507 | Repr Cosμ: 0.8803 Val Cosμ: 0.9688 | Pred→Target Cosμ: 0.9871 Val Cosμ: 0.4961 | Repr NormRatio: 2.7573 Val NormRatio: 1.6085
Epoch 91/100 | Steps: 559 | LR: 0.000003 | Train Loss: 0.073201 (P:0.0712, S:0.0346, Q:0.0003) | Val Loss: 0.677617 (P:0.6535, S:0.4686, Q:0.0007) | Repr L2μ: 2.7078 Val L2μ: 1.8102 | Repr Cosμ: 0.9148 Val Cosμ: 0.9668 | Pred→Target Cosμ: 0.9860 Val Cosμ: 0.4676 | Repr NormRatio: 2.5685 Val NormRatio: 1.7372
Epoch 92/100 | Steps: 559 | LR: 0.000003 | Train Loss: 0.064282 (P:0.0623, S:0.0349, Q:0.0002) | Val Loss: 0.532564 (P:0.5082, S:0.4764, Q:0.0006) | Repr L2μ: 2.9248 Val L2μ: 1.8804 | Repr Cosμ: 0.8849 Val Cosμ: 0.9658 | Pred→Target Cosμ: 0.9871 Val Cosμ: 0.4772 | Repr NormRatio: 2.8013 Val NormRatio: 1.8578
Epoch 93/100 | Steps: 559 | LR: 0.000002 | Train Loss: 0.056690 (P:0.0547, S:0.0346, Q:0.0002) | Val Loss: 0.412940 (P:0.3882, S:0.4846, Q:0.0005) | Repr L2μ: 3.0973 Val L2μ: 1.9697 | Repr Cosμ: 0.8746 Val Cosμ: 0.9643 | Pred→Target Cosμ: 0.9877 Val Cosμ: 0.4652 | Repr NormRatio: 2.7956 Val NormRatio: 1.9631
Epoch 94/100 | Steps: 559 | LR: 0.000002 | Train Loss: 0.054467 (P:0.0525, S:0.0341, Q:0.0002) | Val Loss: 0.556902 (P:0.5324, S:0.4800, Q:0.0005) | Repr L2μ: 3.0906 Val L2μ: 1.9284 | Repr Cosμ: 0.8851 Val Cosμ: 0.9653 | Pred→Target Cosμ: 0.9878 Val Cosμ: 0.4824 | Repr NormRatio: 2.7338 Val NormRatio: 1.9394
Epoch 95/100 | Steps: 559 | LR: 0.000002 | Train Loss: 0.058242 (P:0.0563, S:0.0344, Q:0.0002) | Val Loss: 0.628397 (P:0.6043, S:0.4708, Q:0.0005) | Repr L2μ: 3.0051 Val L2μ: 1.8622 | Repr Cosμ: 0.8895 Val Cosμ: 0.9661 | Pred→Target Cosμ: 0.9878 Val Cosμ: 0.4871 | Repr NormRatio: 2.7755 Val NormRatio: 1.7713
Epoch 96/100 | Steps: 559 | LR: 0.000001 | Train Loss: 0.067266 (P:0.0653, S:0.0344, Q:0.0003) | Val Loss: 0.399082 (P:0.3743, S:0.4831, Q:0.0006) | Repr L2μ: 2.7796 Val L2μ: 1.0014 | Repr Cosμ: 0.9164 Val Cosμ: 0.9922 | Pred→Target Cosμ: 0.9864 Val Cosμ: 0.5062 | Repr NormRatio: 2.4850 Val NormRatio: 1.0674
Epoch 97/100 | Steps: 559 | LR: 0.000001 | Train Loss: 0.058676 (P:0.0567, S:0.0343, Q:0.0002) | Val Loss: 0.821556 (P:0.7976, S:0.4683, Q:0.0006) | Repr L2μ: 3.0893 Val L2μ: 1.7983 | Repr Cosμ: 0.8721 Val Cosμ: 0.9678 | Pred→Target Cosμ: 0.9877 Val Cosμ: 0.5008 | Repr NormRatio: 2.7466 Val NormRatio: 1.7006
Epoch 98/100 | Steps: 559 | LR: 0.000001 | Train Loss: 0.060429 (P:0.0585, S:0.0343, Q:0.0002) | Val Loss: 0.694607 (P:0.6707, S:0.4688, Q:0.0005) | Repr L2μ: 2.9731 Val L2μ: 1.8491 | Repr Cosμ: 0.8889 Val Cosμ: 0.9661 | Pred→Target Cosμ: 0.9877 Val Cosμ: 0.4915 | Repr NormRatio: 2.8192 Val NormRatio: 1.8259
Epoch 99/100 | Steps: 559 | LR: 0.000001 | Train Loss: 0.063014 (P:0.0611, S:0.0343, Q:0.0002) | Val Loss: 0.622374 (P:0.5985, S:0.4673, Q:0.0005) | Repr L2μ: 2.9030 Val L2μ: 1.8270 | Repr Cosμ: 0.8926 Val Cosμ: 0.9662 | Pred→Target Cosμ: 0.9878 Val Cosμ: 0.4626 | Repr NormRatio: 2.8282 Val NormRatio: 1.7830
Epoch 100/100 | Steps: 559 | LR: 0.000001 | Train Loss: 0.062460 (P:0.0605, S:0.0347, Q:0.0002) | Val Loss: 0.586721 (P:0.5627, S:0.4707, Q:0.0005) | Repr L2μ: 2.8668 Val L2μ: 1.8257 | Repr Cosμ: 0.8955 Val Cosμ: 0.9662 | Pred→Target Cosμ: 0.9876 Val Cosμ: 0.4632 | Repr NormRatio: 2.7908 Val NormRatio: 1.7804
Saved attention maps for 100 epoch snapshot(s) under ./runs/pretrain_electricity_laya_mixer_text_stats_joint/attention_maps
