nohup: ignoring input
🚀 Laya-TS Pretraining: lotsa (laya + relation mixer, text)
📊 subsets: beijing_air_quality,china_air_quality,BEIJING_SUBWAY_30MIN,SHMETRO
📝 log_dir: ./runs/pretrain_lotsa_laya_relation_text
[LOTSA] Falling back to synthetic channel names for subset 'BEIJING_SUBWAY_30MIN' (channels=2); no explicit feature names were found in the record metadata.
Text metadata preview | dataset=BEIJING_SUBWAY_30MIN | domain=beijing_subway_30min | channels=2
   - feature_0: In the beijing subway 30min domain, this channel belongs to the BEIJING SUBWAY 30MIN dataset and represents the feature feature 0.
   - feature_1: In the beijing subway 30min domain, this channel belongs to the BEIJING SUBWAY 30MIN dataset and represents the feature feature 1.
📊 Dataset Statistics:
   - Sequence Length (T): 512
   - Train Samples: 46362, Steps: 1451
   - Val Samples: 4062, Steps: 127
🔧 Encoder Hyperparameters:
   - d_model: 128
   - n_heads: 8
   - n_layers: 3
   - proj_dim: 256
   - patch_size: 16
   - use_channel_relation_block: True
   - channel_relation_heads: 1
   - channel_relation_gate_scale_init: 0.01
   - channel_relation_residual_scale_init: 0.05
🧮 Parameter Counts:
   - Total Parameters: 4,315,938
   - Trainable Parameters: 4,315,938
[LOTSA] Falling back to synthetic channel names for subset 'SHMETRO' (channels=2); no explicit feature names were found in the record metadata.
Text metadata preview | dataset=SHMETRO | domain=shmetro | channels=2
   - feature_0: In the shmetro domain, this channel belongs to the SHMETRO dataset and represents the feature feature 0.
   - feature_1: In the shmetro domain, this channel belongs to the SHMETRO dataset and represents the feature feature 1.
[LOTSA] Falling back to synthetic channel names for subset 'china_air_quality' (channels=6); no explicit feature names were found in the record metadata.
Text metadata preview | dataset=china_air_quality | domain=environment | channels=6
   - feature_0: In the environment domain, this channel belongs to the china air quality dataset and represents the feature feature 0.
   - feature_1: In the environment domain, this channel belongs to the china air quality dataset and represents the feature feature 1.
   - ... (4 more channel descriptions)
Text metadata preview | dataset=beijing_air_quality station PRSA_Data_Guanyuan_20130301-20170228 | domain=environment | channels=11
   - PM2.5: In the environment domain, this channel belongs to the beijing air quality station PRSA Data Guanyuan 20130301-20170228 dataset and represents the feature PM2.5.
   - PM10: In the environment domain, this channel belongs to the beijing air quality station PRSA Data Guanyuan 20130301-20170228 dataset and represents the feature PM10.
   - ... (9 more channel descriptions)
Text metadata preview | dataset=beijing_air_quality station PRSA_Data_Changping_20130301-20170228 | domain=environment | channels=11
   - PM2.5: In the environment domain, this channel belongs to the beijing air quality station PRSA Data Changping 20130301-20170228 dataset and represents the feature PM2.5.
   - PM10: In the environment domain, this channel belongs to the beijing air quality station PRSA Data Changping 20130301-20170228 dataset and represents the feature PM10.
   - ... (9 more channel descriptions)
Text metadata preview | dataset=beijing_air_quality station PRSA_Data_Shunyi_20130301-20170228 | domain=environment | channels=11
   - PM2.5: In the environment domain, this channel belongs to the beijing air quality station PRSA Data Shunyi 20130301-20170228 dataset and represents the feature PM2.5.
   - PM10: In the environment domain, this channel belongs to the beijing air quality station PRSA Data Shunyi 20130301-20170228 dataset and represents the feature PM10.
   - ... (9 more channel descriptions)
Text metadata preview | dataset=beijing_air_quality station PRSA_Data_Huairou_20130301-20170228 | domain=environment | channels=11
   - PM2.5: In the environment domain, this channel belongs to the beijing air quality station PRSA Data Huairou 20130301-20170228 dataset and represents the feature PM2.5.
   - PM10: In the environment domain, this channel belongs to the beijing air quality station PRSA Data Huairou 20130301-20170228 dataset and represents the feature PM10.
   - ... (9 more channel descriptions)
Text metadata preview | dataset=beijing_air_quality station PRSA_Data_Dongsi_20130301-20170228 | domain=environment | channels=11
   - PM2.5: In the environment domain, this channel belongs to the beijing air quality station PRSA Data Dongsi 20130301-20170228 dataset and represents the feature PM2.5.
   - PM10: In the environment domain, this channel belongs to the beijing air quality station PRSA Data Dongsi 20130301-20170228 dataset and represents the feature PM10.
   - ... (9 more channel descriptions)
Text metadata preview | dataset=beijing_air_quality station PRSA_Data_Tiantan_20130301-20170228 | domain=environment | channels=11
   - PM2.5: In the environment domain, this channel belongs to the beijing air quality station PRSA Data Tiantan 20130301-20170228 dataset and represents the feature PM2.5.
   - PM10: In the environment domain, this channel belongs to the beijing air quality station PRSA Data Tiantan 20130301-20170228 dataset and represents the feature PM10.
   - ... (9 more channel descriptions)
Text metadata preview | dataset=beijing_air_quality station PRSA_Data_Nongzhanguan_20130301-20170228 | domain=environment | channels=11
   - PM2.5: In the environment domain, this channel belongs to the beijing air quality station PRSA Data Nongzhanguan 20130301-20170228 dataset and represents the feature PM2.5.
   - PM10: In the environment domain, this channel belongs to the beijing air quality station PRSA Data Nongzhanguan 20130301-20170228 dataset and represents the feature PM10.
   - ... (9 more channel descriptions)
Text metadata preview | dataset=beijing_air_quality station PRSA_Data_Wanliu_20130301-20170228 | domain=environment | channels=11
   - PM2.5: In the environment domain, this channel belongs to the beijing air quality station PRSA Data Wanliu 20130301-20170228 dataset and represents the feature PM2.5.
   - PM10: In the environment domain, this channel belongs to the beijing air quality station PRSA Data Wanliu 20130301-20170228 dataset and represents the feature PM10.
   - ... (9 more channel descriptions)
Text metadata preview | dataset=beijing_air_quality station PRSA_Data_Wanshouxigong_20130301-20170228 | domain=environment | channels=11
   - PM2.5: In the environment domain, this channel belongs to the beijing air quality station PRSA Data Wanshouxigong 20130301-20170228 dataset and represents the feature PM2.5.
   - PM10: In the environment domain, this channel belongs to the beijing air quality station PRSA Data Wanshouxigong 20130301-20170228 dataset and represents the feature PM10.
   - ... (9 more channel descriptions)
Text metadata preview | dataset=beijing_air_quality station PRSA_Data_Gucheng_20130301-20170228 | domain=environment | channels=11
   - PM2.5: In the environment domain, this channel belongs to the beijing air quality station PRSA Data Gucheng 20130301-20170228 dataset and represents the feature PM2.5.
   - PM10: In the environment domain, this channel belongs to the beijing air quality station PRSA Data Gucheng 20130301-20170228 dataset and represents the feature PM10.
   - ... (9 more channel descriptions)
Text metadata preview | dataset=beijing_air_quality station PRSA_Data_Aotizhongxin_20130301-20170228 | domain=environment | channels=11
   - PM2.5: In the environment domain, this channel belongs to the beijing air quality station PRSA Data Aotizhongxin 20130301-20170228 dataset and represents the feature PM2.5.
   - PM10: In the environment domain, this channel belongs to the beijing air quality station PRSA Data Aotizhongxin 20130301-20170228 dataset and represents the feature PM10.
   - ... (9 more channel descriptions)
Text metadata preview | dataset=beijing_air_quality station PRSA_Data_Dingling_20130301-20170228 | domain=environment | channels=11
   - PM2.5: In the environment domain, this channel belongs to the beijing air quality station PRSA Data Dingling 20130301-20170228 dataset and represents the feature PM2.5.
   - PM10: In the environment domain, this channel belongs to the beijing air quality station PRSA Data Dingling 20130301-20170228 dataset and represents the feature PM10.
   - ... (9 more channel descriptions)
[LOTSA] Falling back to synthetic channel names for subset 'china_air_quality' (channels=6); no explicit feature names were found in the record metadata.
[LOTSA] Falling back to synthetic channel names for subset 'SHMETRO' (channels=2); no explicit feature names were found in the record metadata.
Epoch 1/100 | Steps: 1029 | LR: 0.000007 | Train Loss: 1.885510 (P:0.8719, S:0.2729, Q:1.0000) | Val Loss: 2.919902 (P:1.8695, S:1.0101, Q:0.9999) | Repr L2μ: 0.8369 Val L2μ: 0.9623 | Repr Cosμ: 0.9948 Val Cosμ: 0.9943 | Pred→Target Cosμ: 0.3939 Val Cosμ: 0.4973 | Repr NormRatio: 1.0240 Val NormRatio: 1.0264
   -> Saved improved checkpoint: val_loss=2.919902 at epoch 1
Epoch 2/100 | Steps: 1029 | LR: 0.000014 | Train Loss: 1.818290 (P:0.8086, S:0.1970, Q:0.9998) | Val Loss: 2.221234 (P:1.1953, S:0.5292, Q:0.9995) | Repr L2μ: 0.8765 Val L2μ: 1.0908 | Repr Cosμ: 0.9941 Val Cosμ: 0.9924 | Pred→Target Cosμ: 0.4183 Val Cosμ: 0.4005 | Repr NormRatio: 1.0239 Val NormRatio: 1.0335
   -> Saved improved checkpoint: val_loss=2.221234 at epoch 2
Epoch 3/100 | Steps: 1029 | LR: 0.000021 | Train Loss: 1.693046 (P:0.6896, S:0.1427, Q:0.9963) | Val Loss: 2.353002 (P:1.3090, S:1.3224, Q:0.9779) | Repr L2μ: 1.0181 Val L2μ: 1.0563 | Repr Cosμ: 0.9915 Val Cosμ: 0.9932 | Pred→Target Cosμ: 0.5458 Val Cosμ: 0.5295 | Repr NormRatio: 1.0283 Val NormRatio: 1.0248
Epoch 4/100 | Steps: 1029 | LR: 0.000028 | Train Loss: 1.420188 (P:0.5985, S:0.1245, Q:0.8155) | Val Loss: 4.386294 (P:3.6982, S:1.5351, Q:0.6113) | Repr L2μ: 1.4937 Val L2μ: 2.1954 | Repr Cosμ: 0.9810 Val Cosμ: 0.9644 | Pred→Target Cosμ: 0.6217 Val Cosμ: 0.7964 | Repr NormRatio: 1.0303 Val NormRatio: 1.0350
Epoch 5/100 | Steps: 1029 | LR: 0.000035 | Train Loss: 1.045532 (P:0.5449, S:0.1119, Q:0.4951) | Val Loss: 23.765059 (P:23.1485, S:2.6310, Q:0.4850) | Repr L2μ: 1.6265 Val L2μ: 1.6705 | Repr Cosμ: 0.9790 Val Cosμ: 0.9777 | Pred→Target Cosμ: 0.6340 Val Cosμ: 0.9212 | Repr NormRatio: 1.0332 Val NormRatio: 1.0233
Epoch 6/100 | Steps: 1029 | LR: 0.000043 | Train Loss: 0.930822 (P:0.4579, S:0.1024, Q:0.4678) | Val Loss: 7.813023 (P:7.2827, S:1.3826, Q:0.4612) | Repr L2μ: 1.8181 Val L2μ: 2.1620 | Repr Cosμ: 0.9726 Val Cosμ: 0.9594 | Pred→Target Cosμ: 0.6868 Val Cosμ: 0.7146 | Repr NormRatio: 1.0292 Val NormRatio: 1.0306
Epoch 7/100 | Steps: 1029 | LR: 0.000050 | Train Loss: 0.851285 (P:0.3944, S:0.0971, Q:0.4521) | Val Loss: 1.484453 (P:1.0009, S:0.6968, Q:0.4487) | Repr L2μ: 1.9115 Val L2μ: 1.9198 | Repr Cosμ: 0.9687 Val Cosμ: 0.9704 | Pred→Target Cosμ: 0.7118 Val Cosμ: 0.6374 | Repr NormRatio: 1.0293 Val NormRatio: 1.0277
   -> Saved improved checkpoint: val_loss=1.484453 at epoch 7
Epoch 8/100 | Steps: 1029 | LR: 0.000057 | Train Loss: 0.803200 (P:0.3585, S:0.0944, Q:0.4400) | Val Loss: 3.909823 (P:3.4083, S:1.1763, Q:0.4427) | Repr L2μ: 1.6793 Val L2μ: 1.8730 | Repr Cosμ: 0.9747 Val Cosμ: 0.9688 | Pred→Target Cosμ: 0.7113 Val Cosμ: 0.7161 | Repr NormRatio: 1.0257 Val NormRatio: 1.0292
Epoch 9/100 | Steps: 1029 | LR: 0.000064 | Train Loss: 0.753685 (P:0.3186, S:0.0922, Q:0.4305) | Val Loss: 2.458786 (P:1.9921, S:0.8457, Q:0.4244) | Repr L2μ: 1.8236 Val L2μ: 2.1080 | Repr Cosμ: 0.9653 Val Cosμ: 0.9547 | Pred→Target Cosμ: 0.7248 Val Cosμ: 0.6680 | Repr NormRatio: 1.0263 Val NormRatio: 1.0232
Epoch 10/100 | Steps: 1029 | LR: 0.000071 | Train Loss: 0.704278 (P:0.2805, S:0.0875, Q:0.4194) | Val Loss: 7.247478 (P:6.7210, S:2.1688, Q:0.4180) | Repr L2μ: 1.7586 Val L2μ: 1.2957 | Repr Cosμ: 0.9687 Val Cosμ: 0.9851 | Pred→Target Cosμ: 0.7367 Val Cosμ: 0.8750 | Repr NormRatio: 1.0242 Val NormRatio: 1.0185
Epoch 11/100 | Steps: 1029 | LR: 0.000078 | Train Loss: 0.640907 (P:0.2565, S:0.0829, Q:0.3802) | Val Loss: 9.311180 (P:8.9067, S:1.4767, Q:0.3306) | Repr L2μ: 1.7699 Val L2μ: 1.6106 | Repr Cosμ: 0.9683 Val Cosμ: 0.9743 | Pred→Target Cosμ: 0.7372 Val Cosμ: 0.6670 | Repr NormRatio: 1.0238 Val NormRatio: 1.0200
Epoch 12/100 | Steps: 1029 | LR: 0.000085 | Train Loss: 0.572210 (P:0.2523, S:0.0780, Q:0.3160) | Val Loss: 12.082374 (P:11.7114, S:1.5334, Q:0.2943) | Repr L2μ: 1.3987 Val L2μ: 1.5102 | Repr Cosμ: 0.9792 Val Cosμ: 0.9755 | Pred→Target Cosμ: 0.7397 Val Cosμ: 0.6663 | Repr NormRatio: 1.0198 Val NormRatio: 1.0218
Epoch 13/100 | Steps: 1029 | LR: 0.000092 | Train Loss: 0.533212 (P:0.2267, S:0.0697, Q:0.3030) | Val Loss: 3.773804 (P:3.3796, S:1.4455, Q:0.3219) | Repr L2μ: 1.3481 Val L2μ: 1.4954 | Repr Cosμ: 0.9837 Val Cosμ: 0.9776 | Pred→Target Cosμ: 0.7573 Val Cosμ: 0.7909 | Repr NormRatio: 1.0174 Val NormRatio: 1.0198
Epoch 14/100 | Steps: 1029 | LR: 0.000099 | Train Loss: 0.526960 (P:0.2278, S:0.0662, Q:0.2959) | Val Loss: 2.952410 (P:2.6066, S:1.0534, Q:0.2931) | Repr L2μ: 1.4279 Val L2μ: 1.5862 | Repr Cosμ: 0.9818 Val Cosμ: 0.9802 | Pred→Target Cosμ: 0.7598 Val Cosμ: 0.7729 | Repr NormRatio: 1.0194 Val NormRatio: 1.0228
Epoch 15/100 | Steps: 1029 | LR: 0.000100 | Train Loss: 0.527518 (P:0.2308, S:0.0643, Q:0.2935) | Val Loss: 6.375310 (P:6.0170, S:1.4627, Q:0.2852) | Repr L2μ: 1.4403 Val L2μ: 1.3597 | Repr Cosμ: 0.9817 Val Cosμ: 0.9876 | Pred→Target Cosμ: 0.7583 Val Cosμ: 0.7024 | Repr NormRatio: 1.0193 Val NormRatio: 1.0266
Epoch 16/100 | Steps: 1029 | LR: 0.000100 | Train Loss: 0.525816 (P:0.2296, S:0.0614, Q:0.2931) | Val Loss: 3.079740 (P:2.7478, S:1.0782, Q:0.2781) | Repr L2μ: 1.4231 Val L2μ: 1.6416 | Repr Cosμ: 0.9818 Val Cosμ: 0.9760 | Pred→Target Cosμ: 0.7574 Val Cosμ: 0.6380 | Repr NormRatio: 1.0217 Val NormRatio: 1.0219
Epoch 17/100 | Steps: 1029 | LR: 0.000100 | Train Loss: 0.518965 (P:0.2232, S:0.0573, Q:0.2929) | Val Loss: 3.081905 (P:2.7540, S:0.9960, Q:0.2781) | Repr L2μ: 1.3807 Val L2μ: 1.7852 | Repr Cosμ: 0.9840 Val Cosμ: 0.9704 | Pred→Target Cosμ: 0.7561 Val Cosμ: 0.6371 | Repr NormRatio: 1.0233 Val NormRatio: 1.0272
Epoch 18/100 | Steps: 1029 | LR: 0.000100 | Train Loss: 0.524108 (P:0.2285, S:0.0550, Q:0.2929) | Val Loss: 6.520863 (P:6.1435, S:1.9879, Q:0.2779) | Repr L2μ: 1.3913 Val L2μ: 1.6368 | Repr Cosμ: 0.9839 Val Cosμ: 0.9773 | Pred→Target Cosμ: 0.7487 Val Cosμ: 0.8153 | Repr NormRatio: 1.0254 Val NormRatio: 1.0288
Epoch 19/100 | Steps: 1029 | LR: 0.000100 | Train Loss: 0.517732 (P:0.2227, S:0.0524, Q:0.2924) | Val Loss: 5.811111 (P:5.4607, S:1.4540, Q:0.2777) | Repr L2μ: 1.3234 Val L2μ: 1.5041 | Repr Cosμ: 0.9859 Val Cosμ: 0.9820 | Pred→Target Cosμ: 0.7510 Val Cosμ: 0.7218 | Repr NormRatio: 1.0250 Val NormRatio: 1.0280
Epoch 20/100 | Steps: 1029 | LR: 0.000099 | Train Loss: 0.525341 (P:0.2311, S:0.0505, Q:0.2917) | Val Loss: 2.548047 (P:2.2219, S:1.0079, Q:0.2758) | Repr L2μ: 1.2841 Val L2μ: 1.5542 | Repr Cosμ: 0.9867 Val Cosμ: 0.9796 | Pred→Target Cosμ: 0.7527 Val Cosμ: 0.6449 | Repr NormRatio: 1.0254 Val NormRatio: 1.0288
Epoch 21/100 | Steps: 1029 | LR: 0.000099 | Train Loss: 0.522266 (P:0.2287, S:0.0491, Q:0.2911) | Val Loss: 4.323974 (P:3.9767, S:1.4546, Q:0.2745) | Repr L2μ: 1.2774 Val L2μ: 1.6512 | Repr Cosμ: 0.9863 Val Cosμ: 0.9771 | Pred→Target Cosμ: 0.7518 Val Cosμ: 0.6630 | Repr NormRatio: 1.0255 Val NormRatio: 1.0286
Epoch 22/100 | Steps: 1029 | LR: 0.000099 | Train Loss: 0.524822 (P:0.2326, S:0.0491, Q:0.2898) | Val Loss: 4.439966 (P:4.0560, S:1.1612, Q:0.3259) | Repr L2μ: 1.3208 Val L2μ: 1.7591 | Repr Cosμ: 0.9848 Val Cosμ: 0.9747 | Pred→Target Cosμ: 0.7510 Val Cosμ: 0.6753 | Repr NormRatio: 1.0281 Val NormRatio: 1.0420
Epoch 23/100 | Steps: 1029 | LR: 0.000099 | Train Loss: 0.527815 (P:0.2406, S:0.0486, Q:0.2848) | Val Loss: 5.648145 (P:5.3148, S:1.3686, Q:0.2650) | Repr L2μ: 1.4324 Val L2μ: 1.9352 | Repr Cosμ: 0.9826 Val Cosμ: 0.9653 | Pred→Target Cosμ: 0.7564 Val Cosμ: 0.7390 | Repr NormRatio: 1.0293 Val NormRatio: 1.0359
Epoch 24/100 | Steps: 1029 | LR: 0.000099 | Train Loss: 0.535233 (P:0.2496, S:0.0476, Q:0.2832) | Val Loss: 2.191929 (P:1.8722, S:1.0121, Q:0.2691) | Repr L2μ: 1.5908 Val L2μ: 1.6615 | Repr Cosμ: 0.9759 Val Cosμ: 0.9796 | Pred→Target Cosμ: 0.7526 Val Cosμ: 0.6638 | Repr NormRatio: 1.0321 Val NormRatio: 1.0383
Epoch 25/100 | Steps: 1029 | LR: 0.000098 | Train Loss: 0.526145 (P:0.2408, S:0.0468, Q:0.2830) | Val Loss: 2.479271 (P:2.1463, S:1.3743, Q:0.2643) | Repr L2μ: 1.4379 Val L2μ: 1.9622 | Repr Cosμ: 0.9830 Val Cosμ: 0.9687 | Pred→Target Cosμ: 0.7587 Val Cosμ: 0.7457 | Repr NormRatio: 1.0299 Val NormRatio: 1.0483
Epoch 26/100 | Steps: 1029 | LR: 0.000098 | Train Loss: 0.528244 (P:0.2429, S:0.0467, Q:0.2830) | Val Loss: 2.409888 (P:2.0924, S:1.0641, Q:0.2643) | Repr L2μ: 1.4616 Val L2μ: 1.5531 | Repr Cosμ: 0.9817 Val Cosμ: 0.9814 | Pred→Target Cosμ: 0.7586 Val Cosμ: 0.6999 | Repr NormRatio: 1.0317 Val NormRatio: 1.0343
Epoch 27/100 | Steps: 1029 | LR: 0.000097 | Train Loss: 0.524362 (P:0.2392, S:0.0451, Q:0.2829) | Val Loss: 1.888250 (P:1.5691, S:1.1104, Q:0.2636) | Repr L2μ: 1.4410 Val L2μ: 1.9639 | Repr Cosμ: 0.9822 Val Cosμ: 0.9675 | Pred→Target Cosμ: 0.7632 Val Cosμ: 0.7823 | Repr NormRatio: 1.0300 Val NormRatio: 1.0431
Epoch 28/100 | Steps: 1029 | LR: 0.000097 | Train Loss: 0.528953 (P:0.2438, S:0.0446, Q:0.2829) | Val Loss: 1.561527 (P:1.2518, S:0.9210, Q:0.2637) | Repr L2μ: 1.5125 Val L2μ: 1.8215 | Repr Cosμ: 0.9802 Val Cosμ: 0.9733 | Pred→Target Cosμ: 0.7659 Val Cosμ: 0.7162 | Repr NormRatio: 1.0338 Val NormRatio: 1.0390
Epoch 29/100 | Steps: 1029 | LR: 0.000097 | Train Loss: 0.513785 (P:0.2288, S:0.0434, Q:0.2829) | Val Loss: 5.531835 (P:5.1888, S:1.5924, Q:0.2634) | Repr L2μ: 1.4919 Val L2μ: 2.1033 | Repr Cosμ: 0.9812 Val Cosμ: 0.9647 | Pred→Target Cosμ: 0.7788 Val Cosμ: 0.8223 | Repr NormRatio: 1.0328 Val NormRatio: 1.0553
Epoch 30/100 | Steps: 1029 | LR: 0.000096 | Train Loss: 0.520834 (P:0.2358, S:0.0435, Q:0.2828) | Val Loss: 3.162042 (P:2.8166, S:1.6454, Q:0.2632) | Repr L2μ: 1.5568 Val L2μ: 1.9645 | Repr Cosμ: 0.9786 Val Cosμ: 0.9679 | Pred→Target Cosμ: 0.7789 Val Cosμ: 0.8280 | Repr NormRatio: 1.0358 Val NormRatio: 1.0476
Epoch 31/100 | Steps: 1029 | LR: 0.000096 | Train Loss: 0.522102 (P:0.2372, S:0.0425, Q:0.2828) | Val Loss: 4.941757 (P:4.6121, S:1.3199, Q:0.2637) | Repr L2μ: 1.5445 Val L2μ: 2.3354 | Repr Cosμ: 0.9789 Val Cosμ: 0.9568 | Pred→Target Cosμ: 0.7755 Val Cosμ: 0.7476 | Repr NormRatio: 1.0353 Val NormRatio: 1.0663
Epoch 32/100 | Steps: 1029 | LR: 0.000095 | Train Loss: 0.518010 (P:0.2349, S:0.0421, Q:0.2810) | Val Loss: 1.751227 (P:1.4234, S:1.3536, Q:0.2601) | Repr L2μ: 1.6114 Val L2μ: 1.6963 | Repr Cosμ: 0.9766 Val Cosμ: 0.9748 | Pred→Target Cosμ: 0.7810 Val Cosμ: 0.7967 | Repr NormRatio: 1.0365 Val NormRatio: 1.0373
Epoch 33/100 | Steps: 1029 | LR: 0.000095 | Train Loss: 0.513355 (P:0.2324, S:0.0425, Q:0.2788) | Val Loss: 3.324440 (P:2.9987, S:1.3279, Q:0.2593) | Repr L2μ: 1.5353 Val L2μ: 1.8528 | Repr Cosμ: 0.9795 Val Cosμ: 0.9703 | Pred→Target Cosμ: 0.7815 Val Cosμ: 0.6558 | Repr NormRatio: 1.0338 Val NormRatio: 1.0428
Epoch 34/100 | Steps: 1029 | LR: 0.000094 | Train Loss: 0.521330 (P:0.2403, S:0.0440, Q:0.2788) | Val Loss: 4.136466 (P:3.7955, S:1.6349, Q:0.2592) | Repr L2μ: 1.7068 Val L2μ: 1.9147 | Repr Cosμ: 0.9717 Val Cosμ: 0.9660 | Pred→Target Cosμ: 0.7767 Val Cosμ: 0.7292 | Repr NormRatio: 1.0411 Val NormRatio: 1.0470
Epoch 35/100 | Steps: 1029 | LR: 0.000094 | Train Loss: 0.513160 (P:0.2323, S:0.0422, Q:0.2788) | Val Loss: 3.355044 (P:3.0103, S:1.7070, Q:0.2594) | Repr L2μ: 1.6044 Val L2μ: 1.9728 | Repr Cosμ: 0.9763 Val Cosμ: 0.9641 | Pred→Target Cosμ: 0.7801 Val Cosμ: 0.8059 | Repr NormRatio: 1.0388 Val NormRatio: 1.0479
Epoch 36/100 | Steps: 1029 | LR: 0.000093 | Train Loss: 0.514626 (P:0.2338, S:0.0415, Q:0.2787) | Val Loss: 1.870698 (P:1.5694, S:0.8414, Q:0.2592) | Repr L2μ: 1.6560 Val L2μ: 1.8926 | Repr Cosμ: 0.9742 Val Cosμ: 0.9661 | Pred→Target Cosμ: 0.7783 Val Cosμ: 0.6247 | Repr NormRatio: 1.0407 Val NormRatio: 1.0468
Epoch 37/100 | Steps: 1029 | LR: 0.000092 | Train Loss: 0.511601 (P:0.2312, S:0.0417, Q:0.2783) | Val Loss: 1.863497 (P:1.5629, S:0.9031, Q:0.2555) | Repr L2μ: 1.6534 Val L2μ: 1.9834 | Repr Cosμ: 0.9742 Val Cosμ: 0.9642 | Pred→Target Cosμ: 0.7811 Val Cosμ: 0.6345 | Repr NormRatio: 1.0401 Val NormRatio: 1.0474
Epoch 38/100 | Steps: 1029 | LR: 0.000092 | Train Loss: 0.512945 (P:0.2365, S:0.0409, Q:0.2744) | Val Loss: 4.065149 (P:3.7375, S:1.4489, Q:0.2552) | Repr L2μ: 1.6230 Val L2μ: 1.9684 | Repr Cosμ: 0.9755 Val Cosμ: 0.9651 | Pred→Target Cosμ: 0.7776 Val Cosμ: 0.7317 | Repr NormRatio: 1.0410 Val NormRatio: 1.0473
Epoch 39/100 | Steps: 1029 | LR: 0.000091 | Train Loss: 0.504306 (P:0.2279, S:0.0419, Q:0.2743) | Val Loss: 3.011907 (P:2.6960, S:1.1541, Q:0.2582) | Repr L2μ: 1.6123 Val L2μ: 1.9019 | Repr Cosμ: 0.9750 Val Cosμ: 0.9691 | Pred→Target Cosμ: 0.7851 Val Cosμ: 0.7090 | Repr NormRatio: 1.0408 Val NormRatio: 1.0518
Epoch 40/100 | Steps: 1029 | LR: 0.000090 | Train Loss: 0.516340 (P:0.2400, S:0.0410, Q:0.2743) | Val Loss: 1.695539 (P:1.3937, S:0.9511, Q:0.2543) | Repr L2μ: 1.5712 Val L2μ: 1.7714 | Repr Cosμ: 0.9764 Val Cosμ: 0.9732 | Pred→Target Cosμ: 0.7838 Val Cosμ: 0.6513 | Repr NormRatio: 1.0409 Val NormRatio: 1.0404
Epoch 41/100 | Steps: 1029 | LR: 0.000089 | Train Loss: 0.503684 (P:0.2274, S:0.0412, Q:0.2742) | Val Loss: 2.574144 (P:2.2633, S:1.1329, Q:0.2542) | Repr L2μ: 1.6067 Val L2μ: 1.9108 | Repr Cosμ: 0.9756 Val Cosμ: 0.9685 | Pred→Target Cosμ: 0.7927 Val Cosμ: 0.7368 | Repr NormRatio: 1.0427 Val NormRatio: 1.0422
Epoch 42/100 | Steps: 1029 | LR: 0.000089 | Train Loss: 0.505831 (P:0.2296, S:0.0404, Q:0.2742) | Val Loss: 4.773858 (P:4.4384, S:1.6246, Q:0.2542) | Repr L2μ: 1.6923 Val L2μ: 1.9739 | Repr Cosμ: 0.9723 Val Cosμ: 0.9659 | Pred→Target Cosμ: 0.7926 Val Cosμ: 0.7467 | Repr NormRatio: 1.0444 Val NormRatio: 1.0460
Epoch 43/100 | Steps: 1029 | LR: 0.000088 | Train Loss: 0.497938 (P:0.2218, S:0.0400, Q:0.2742) | Val Loss: 1.504307 (P:1.2035, S:0.9330, Q:0.2542) | Repr L2μ: 1.6540 Val L2μ: 1.8509 | Repr Cosμ: 0.9736 Val Cosμ: 0.9686 | Pred→Target Cosμ: 0.7973 Val Cosμ: 0.6371 | Repr NormRatio: 1.0439 Val NormRatio: 1.0469
Epoch 44/100 | Steps: 1029 | LR: 0.000087 | Train Loss: 0.492993 (P:0.2168, S:0.0394, Q:0.2742) | Val Loss: 1.762103 (P:1.4510, S:1.1384, Q:0.2542) | Repr L2μ: 1.7194 Val L2μ: 1.9587 | Repr Cosμ: 0.9718 Val Cosμ: 0.9659 | Pred→Target Cosμ: 0.7989 Val Cosμ: 0.7457 | Repr NormRatio: 1.0452 Val NormRatio: 1.0516
Epoch 45/100 | Steps: 1029 | LR: 0.000086 | Train Loss: 0.485131 (P:0.2090, S:0.0392, Q:0.2742) | Val Loss: 1.564501 (P:1.2664, S:0.8795, Q:0.2541) | Repr L2μ: 1.6863 Val L2μ: 2.0528 | Repr Cosμ: 0.9726 Val Cosμ: 0.9621 | Pred→Target Cosμ: 0.8025 Val Cosμ: 0.6198 | Repr NormRatio: 1.0442 Val NormRatio: 1.0549
Epoch 46/100 | Steps: 1029 | LR: 0.000085 | Train Loss: 0.485966 (P:0.2098, S:0.0399, Q:0.2742) | Val Loss: 1.725694 (P:1.4246, S:0.9377, Q:0.2542) | Repr L2μ: 1.7338 Val L2μ: 2.4621 | Repr Cosμ: 0.9707 Val Cosμ: 0.9421 | Pred→Target Cosμ: 0.8011 Val Cosμ: 0.7067 | Repr NormRatio: 1.0483 Val NormRatio: 1.1105
Epoch 47/100 | Steps: 1029 | LR: 0.000084 | Train Loss: 0.488016 (P:0.2119, S:0.0399, Q:0.2742) | Val Loss: 1.950870 (P:1.6432, S:1.0705, Q:0.2542) | Repr L2μ: 1.8179 Val L2μ: 2.0544 | Repr Cosμ: 0.9666 Val Cosμ: 0.9615 | Pred→Target Cosμ: 0.8017 Val Cosμ: 0.6738 | Repr NormRatio: 1.0558 Val NormRatio: 1.0637
Epoch 48/100 | Steps: 1029 | LR: 0.000084 | Train Loss: 0.486560 (P:0.2104, S:0.0396, Q:0.2742) | Val Loss: 1.495627 (P:1.1995, S:0.8398, Q:0.2541) | Repr L2μ: 1.8539 Val L2μ: 2.2288 | Repr Cosμ: 0.9655 Val Cosμ: 0.9530 | Pred→Target Cosμ: 0.8012 Val Cosμ: 0.6016 | Repr NormRatio: 1.0551 Val NormRatio: 1.0841
Epoch 49/100 | Steps: 1029 | LR: 0.000083 | Train Loss: 0.480647 (P:0.2045, S:0.0394, Q:0.2741) | Val Loss: 2.059046 (P:1.7503, S:1.0910, Q:0.2542) | Repr L2μ: 1.8142 Val L2μ: 2.0643 | Repr Cosμ: 0.9667 Val Cosμ: 0.9607 | Pred→Target Cosμ: 0.8056 Val Cosμ: 0.7073 | Repr NormRatio: 1.0552 Val NormRatio: 1.0762
Epoch 50/100 | Steps: 1029 | LR: 0.000082 | Train Loss: 0.477741 (P:0.2016, S:0.0394, Q:0.2741) | Val Loss: 1.641425 (P:1.3384, S:0.9746, Q:0.2543) | Repr L2μ: 1.8073 Val L2μ: 2.0796 | Repr Cosμ: 0.9672 Val Cosμ: 0.9602 | Pred→Target Cosμ: 0.8087 Val Cosμ: 0.6968 | Repr NormRatio: 1.0568 Val NormRatio: 1.0718
Epoch 51/100 | Steps: 1029 | LR: 0.000081 | Train Loss: 0.477772 (P:0.2017, S:0.0392, Q:0.2742) | Val Loss: 1.422633 (P:1.1295, S:0.7741, Q:0.2544) | Repr L2μ: 1.8232 Val L2μ: 2.3106 | Repr Cosμ: 0.9667 Val Cosμ: 0.9474 | Pred→Target Cosμ: 0.8083 Val Cosμ: 0.6868 | Repr NormRatio: 1.0567 Val NormRatio: 1.0857
   -> Saved improved checkpoint: val_loss=1.422633 at epoch 51
Epoch 52/100 | Steps: 1029 | LR: 0.000080 | Train Loss: 0.488345 (P:0.2122, S:0.0396, Q:0.2742) | Val Loss: 1.325856 (P:1.0320, S:0.7938, Q:0.2541) | Repr L2μ: 1.7588 Val L2μ: 2.0439 | Repr Cosμ: 0.9688 Val Cosμ: 0.9612 | Pred→Target Cosμ: 0.8019 Val Cosμ: 0.6111 | Repr NormRatio: 1.0552 Val NormRatio: 1.0646
   -> Saved improved checkpoint: val_loss=1.325856 at epoch 52
Epoch 53/100 | Steps: 1029 | LR: 0.000079 | Train Loss: 0.486782 (P:0.2107, S:0.0394, Q:0.2742) | Val Loss: 1.483580 (P:1.1848, S:0.8925, Q:0.2541) | Repr L2μ: 1.7886 Val L2μ: 1.9828 | Repr Cosμ: 0.9673 Val Cosμ: 0.9627 | Pred→Target Cosμ: 0.8034 Val Cosμ: 0.6007 | Repr NormRatio: 1.0560 Val NormRatio: 1.0667
Epoch 54/100 | Steps: 1029 | LR: 0.000078 | Train Loss: 0.480561 (P:0.2044, S:0.0397, Q:0.2741) | Val Loss: 2.519898 (P:2.2040, S:1.2341, Q:0.2541) | Repr L2μ: 1.8346 Val L2μ: 2.0140 | Repr Cosμ: 0.9638 Val Cosμ: 0.9614 | Pred→Target Cosμ: 0.8088 Val Cosμ: 0.6603 | Repr NormRatio: 1.0630 Val NormRatio: 1.0657
Epoch 55/100 | Steps: 1029 | LR: 0.000077 | Train Loss: 0.481205 (P:0.2051, S:0.0392, Q:0.2741) | Val Loss: 1.397447 (P:1.1071, S:0.7237, Q:0.2542) | Repr L2μ: 1.8303 Val L2μ: 2.1294 | Repr Cosμ: 0.9644 Val Cosμ: 0.9559 | Pred→Target Cosμ: 0.8095 Val Cosμ: 0.5875 | Repr NormRatio: 1.0617 Val NormRatio: 1.0775
Epoch 56/100 | Steps: 1029 | LR: 0.000076 | Train Loss: 0.474499 (P:0.1984, S:0.0396, Q:0.2741) | Val Loss: 2.222119 (P:1.9119, S:1.1175, Q:0.2543) | Repr L2μ: 1.8369 Val L2μ: 1.8627 | Repr Cosμ: 0.9633 Val Cosμ: 0.9678 | Pred→Target Cosμ: 0.8125 Val Cosμ: 0.7218 | Repr NormRatio: 1.0616 Val NormRatio: 1.0598
Epoch 57/100 | Steps: 1029 | LR: 0.000075 | Train Loss: 0.471146 (P:0.1950, S:0.0391, Q:0.2741) | Val Loss: 1.556111 (P:1.2569, S:0.8997, Q:0.2542) | Repr L2μ: 1.7076 Val L2μ: 1.9179 | Repr Cosμ: 0.9694 Val Cosμ: 0.9649 | Pred→Target Cosμ: 0.8150 Val Cosμ: 0.6810 | Repr NormRatio: 1.0576 Val NormRatio: 1.0637
Epoch 58/100 | Steps: 1029 | LR: 0.000074 | Train Loss: 0.477409 (P:0.2013, S:0.0397, Q:0.2741) | Val Loss: 1.387859 (P:1.0975, S:0.7252, Q:0.2541) | Repr L2μ: 1.7740 Val L2μ: 2.0286 | Repr Cosμ: 0.9655 Val Cosμ: 0.9598 | Pred→Target Cosμ: 0.8094 Val Cosμ: 0.5797 | Repr NormRatio: 1.0601 Val NormRatio: 1.0751
Epoch 59/100 | Steps: 1029 | LR: 0.000072 | Train Loss: 0.474178 (P:0.1980, S:0.0405, Q:0.2741) | Val Loss: 1.394920 (P:1.1034, S:0.7474, Q:0.2542) | Repr L2μ: 1.8708 Val L2μ: 2.1196 | Repr Cosμ: 0.9594 Val Cosμ: 0.9549 | Pred→Target Cosμ: 0.8134 Val Cosμ: 0.5786 | Repr NormRatio: 1.0679 Val NormRatio: 1.0808
Epoch 60/100 | Steps: 1029 | LR: 0.000071 | Train Loss: 0.468493 (P:0.1924, S:0.0394, Q:0.2741) | Val Loss: 1.324423 (P:1.0312, S:0.7809, Q:0.2542) | Repr L2μ: 1.9202 Val L2μ: 1.9484 | Repr Cosμ: 0.9563 Val Cosμ: 0.9624 | Pred→Target Cosμ: 0.8176 Val Cosμ: 0.5742 | Repr NormRatio: 1.0710 Val NormRatio: 1.0718
   -> Saved improved checkpoint: val_loss=1.324423 at epoch 60
Epoch 61/100 | Steps: 1029 | LR: 0.000070 | Train Loss: 0.463195 (P:0.1871, S:0.0391, Q:0.2741) | Val Loss: 1.786332 (P:1.4856, S:0.9295, Q:0.2543) | Repr L2μ: 1.7823 Val L2μ: 1.8734 | Repr Cosμ: 0.9632 Val Cosμ: 0.9665 | Pred→Target Cosμ: 0.8215 Val Cosμ: 0.6369 | Repr NormRatio: 1.0613 Val NormRatio: 1.0639
Epoch 62/100 | Steps: 1029 | LR: 0.000069 | Train Loss: 0.464374 (P:0.1883, S:0.0390, Q:0.2741) | Val Loss: 2.058985 (P:1.7584, S:0.9276, Q:0.2543) | Repr L2μ: 1.8068 Val L2μ: 1.9361 | Repr Cosμ: 0.9612 Val Cosμ: 0.9613 | Pred→Target Cosμ: 0.8203 Val Cosμ: 0.6544 | Repr NormRatio: 1.0695 Val NormRatio: 1.0726
Epoch 63/100 | Steps: 1029 | LR: 0.000068 | Train Loss: 0.463383 (P:0.1873, S:0.0390, Q:0.2741) | Val Loss: 1.749246 (P:1.4376, S:1.1502, Q:0.2542) | Repr L2μ: 1.8530 Val L2μ: 2.1342 | Repr Cosμ: 0.9563 Val Cosμ: 0.9527 | Pred→Target Cosμ: 0.8219 Val Cosμ: 0.7820 | Repr NormRatio: 1.0747 Val NormRatio: 1.0915
Epoch 64/100 | Steps: 1029 | LR: 0.000067 | Train Loss: 0.458710 (P:0.1826, S:0.0392, Q:0.2741) | Val Loss: 1.687288 (P:1.3902, S:0.8567, Q:0.2542) | Repr L2μ: 1.9904 Val L2μ: 2.3007 | Repr Cosμ: 0.9466 Val Cosμ: 0.9384 | Pred→Target Cosμ: 0.8257 Val Cosμ: 0.4861 | Repr NormRatio: 1.0801 Val NormRatio: 1.0881
Epoch 65/100 | Steps: 1029 | LR: 0.000066 | Train Loss: 0.457471 (P:0.1814, S:0.0383, Q:0.2741) | Val Loss: 1.263179 (P:0.9722, S:0.7363, Q:0.2541) | Repr L2μ: 1.9647 Val L2μ: 1.9650 | Repr Cosμ: 0.9494 Val Cosμ: 0.9598 | Pred→Target Cosμ: 0.8281 Val Cosμ: 0.5595 | Repr NormRatio: 1.0780 Val NormRatio: 1.0713
   -> Saved improved checkpoint: val_loss=1.263179 at epoch 65
Epoch 66/100 | Steps: 1029 | LR: 0.000064 | Train Loss: 0.454366 (P:0.1783, S:0.0383, Q:0.2741) | Val Loss: 1.213042 (P:0.9225, S:0.7285, Q:0.2541) | Repr L2μ: 1.9191 Val L2μ: 1.8777 | Repr Cosμ: 0.9539 Val Cosμ: 0.9640 | Pred→Target Cosμ: 0.8283 Val Cosμ: 0.5605 | Repr NormRatio: 1.0773 Val NormRatio: 1.0697
   -> Saved improved checkpoint: val_loss=1.213042 at epoch 66
Epoch 67/100 | Steps: 1029 | LR: 0.000063 | Train Loss: 0.454977 (P:0.1789, S:0.0387, Q:0.2741) | Val Loss: 1.923556 (P:1.6077, S:1.2352, Q:0.2541) | Repr L2μ: 1.9431 Val L2μ: 2.0368 | Repr Cosμ: 0.9513 Val Cosμ: 0.9558 | Pred→Target Cosμ: 0.8272 Val Cosμ: 0.7209 | Repr NormRatio: 1.0758 Val NormRatio: 1.0856
Epoch 68/100 | Steps: 1029 | LR: 0.000062 | Train Loss: 0.449642 (P:0.1736, S:0.0387, Q:0.2741) | Val Loss: 1.469572 (P:1.1731, S:0.8448, Q:0.2542) | Repr L2μ: 2.0164 Val L2μ: 1.8377 | Repr Cosμ: 0.9443 Val Cosμ: 0.9647 | Pred→Target Cosμ: 0.8319 Val Cosμ: 0.5992 | Repr NormRatio: 1.0806 Val NormRatio: 1.0644
Epoch 69/100 | Steps: 1029 | LR: 0.000061 | Train Loss: 0.453327 (P:0.1773, S:0.0390, Q:0.2741) | Val Loss: 1.231109 (P:0.9383, S:0.7741, Q:0.2541) | Repr L2μ: 2.0308 Val L2μ: 1.9606 | Repr Cosμ: 0.9430 Val Cosμ: 0.9593 | Pred→Target Cosμ: 0.8312 Val Cosμ: 0.5555 | Repr NormRatio: 1.0782 Val NormRatio: 1.0737
Epoch 70/100 | Steps: 1029 | LR: 0.000060 | Train Loss: 0.449492 (P:0.1734, S:0.0387, Q:0.2741) | Val Loss: 1.197052 (P:0.9047, S:0.7628, Q:0.2542) | Repr L2μ: 2.0077 Val L2μ: 2.4630 | Repr Cosμ: 0.9455 Val Cosμ: 0.9210 | Pred→Target Cosμ: 0.8310 Val Cosμ: 0.7264 | Repr NormRatio: 1.0820 Val NormRatio: 1.1056
   -> Saved improved checkpoint: val_loss=1.197052 at epoch 70
Epoch 71/100 | Steps: 1029 | LR: 0.000058 | Train Loss: 0.450168 (P:0.1741, S:0.0394, Q:0.2741) | Val Loss: 1.869340 (P:1.5690, S:0.9240, Q:0.2541) | Repr L2μ: 2.0831 Val L2μ: 2.0029 | Repr Cosμ: 0.9386 Val Cosμ: 0.9560 | Pred→Target Cosμ: 0.8299 Val Cosμ: 0.6657 | Repr NormRatio: 1.0856 Val NormRatio: 1.0861
Epoch 72/100 | Steps: 1029 | LR: 0.000057 | Train Loss: 0.447538 (P:0.1715, S:0.0386, Q:0.2741) | Val Loss: 1.250479 (P:0.9613, S:0.7008, Q:0.2541) | Repr L2μ: 2.0851 Val L2μ: 2.1119 | Repr Cosμ: 0.9387 Val Cosμ: 0.9490 | Pred→Target Cosμ: 0.8330 Val Cosμ: 0.5320 | Repr NormRatio: 1.0944 Val NormRatio: 1.0990
Epoch 73/100 | Steps: 1029 | LR: 0.000056 | Train Loss: 0.442961 (P:0.1669, S:0.0383, Q:0.2741) | Val Loss: 1.791902 (P:1.4797, S:1.1622, Q:0.2541) | Repr L2μ: 2.0086 Val L2μ: 2.0184 | Repr Cosμ: 0.9450 Val Cosμ: 0.9543 | Pred→Target Cosμ: 0.8354 Val Cosμ: 0.7217 | Repr NormRatio: 1.0880 Val NormRatio: 1.0817
Epoch 74/100 | Steps: 1029 | LR: 0.000055 | Train Loss: 0.445407 (P:0.1694, S:0.0380, Q:0.2741) | Val Loss: 2.254996 (P:1.9369, S:1.2784, Q:0.2541) | Repr L2μ: 1.8880 Val L2μ: 1.8878 | Repr Cosμ: 0.9546 Val Cosμ: 0.9614 | Pred→Target Cosμ: 0.8332 Val Cosμ: 0.5945 | Repr NormRatio: 1.0767 Val NormRatio: 1.0733
Epoch 75/100 | Steps: 1029 | LR: 0.000054 | Train Loss: 0.445479 (P:0.1695, S:0.0377, Q:0.2741) | Val Loss: 1.236984 (P:0.9503, S:0.6515, Q:0.2541) | Repr L2μ: 1.9272 Val L2μ: 2.0259 | Repr Cosμ: 0.9509 Val Cosμ: 0.9541 | Pred→Target Cosμ: 0.8343 Val Cosμ: 0.5001 | Repr NormRatio: 1.0744 Val NormRatio: 1.0832
Epoch 76/100 | Steps: 1029 | LR: 0.000052 | Train Loss: 0.441538 (P:0.1655, S:0.0381, Q:0.2741) | Val Loss: 1.310002 (P:1.0216, S:0.6857, Q:0.2541) | Repr L2μ: 2.0392 Val L2μ: 2.2258 | Repr Cosμ: 0.9415 Val Cosμ: 0.9373 | Pred→Target Cosμ: 0.8370 Val Cosμ: 0.5251 | Repr NormRatio: 1.0895 Val NormRatio: 1.1102
Epoch 77/100 | Steps: 1029 | LR: 0.000051 | Train Loss: 0.441638 (P:0.1656, S:0.0380, Q:0.2741) | Val Loss: 2.095347 (P:1.7772, S:1.2803, Q:0.2541) | Repr L2μ: 1.9736 Val L2μ: 2.0061 | Repr Cosμ: 0.9467 Val Cosμ: 0.9540 | Pred→Target Cosμ: 0.8366 Val Cosμ: 0.6298 | Repr NormRatio: 1.0859 Val NormRatio: 1.0866
Epoch 78/100 | Steps: 1029 | LR: 0.000050 | Train Loss: 0.440392 (P:0.1644, S:0.0377, Q:0.2741) | Val Loss: 1.214946 (P:0.9218, S:0.7806, Q:0.2541) | Repr L2μ: 1.9762 Val L2μ: 2.0439 | Repr Cosμ: 0.9468 Val Cosμ: 0.9517 | Pred→Target Cosμ: 0.8369 Val Cosμ: 0.5051 | Repr NormRatio: 1.0905 Val NormRatio: 1.0952
Epoch 79/100 | Steps: 1029 | LR: 0.000049 | Train Loss: 0.439611 (P:0.1636, S:0.0377, Q:0.2741) | Val Loss: 1.831698 (P:1.5292, S:0.9673, Q:0.2541) | Repr L2μ: 1.8596 Val L2μ: 2.0182 | Repr Cosμ: 0.9552 Val Cosμ: 0.9528 | Pred→Target Cosμ: 0.8362 Val Cosμ: 0.6777 | Repr NormRatio: 1.0808 Val NormRatio: 1.0862
Epoch 80/100 | Steps: 1029 | LR: 0.000048 | Train Loss: 0.441139 (P:0.1652, S:0.0374, Q:0.2741) | Val Loss: 1.161719 (P:0.8712, S:0.7297, Q:0.2541) | Repr L2μ: 1.8480 Val L2μ: 1.9093 | Repr Cosμ: 0.9551 Val Cosμ: 0.9581 | Pred→Target Cosμ: 0.8366 Val Cosμ: 0.5450 | Repr NormRatio: 1.0842 Val NormRatio: 1.0846
   -> Saved improved checkpoint: val_loss=1.161719 at epoch 80
Epoch 81/100 | Steps: 1029 | LR: 0.000046 | Train Loss: 0.441022 (P:0.1651, S:0.0373, Q:0.2740) | Val Loss: 1.797167 (P:1.4992, S:0.8878, Q:0.2536) | Repr L2μ: 1.8517 Val L2μ: 1.9863 | Repr Cosμ: 0.9539 Val Cosμ: 0.9533 | Pred→Target Cosμ: 0.8357 Val Cosμ: 0.6767 | Repr NormRatio: 1.0855 Val NormRatio: 1.0951
Epoch 82/100 | Steps: 1029 | LR: 0.000045 | Train Loss: 0.442134 (P:0.1666, S:0.0379, Q:0.2736) | Val Loss: 1.803170 (P:1.4922, S:1.1522, Q:0.2534) | Repr L2μ: 1.8114 Val L2μ: 1.9060 | Repr Cosμ: 0.9557 Val Cosμ: 0.9585 | Pred→Target Cosμ: 0.8347 Val Cosμ: 0.7227 | Repr NormRatio: 1.0816 Val NormRatio: 1.0851
Epoch 83/100 | Steps: 1029 | LR: 0.000044 | Train Loss: 0.441118 (P:0.1660, S:0.0375, Q:0.2733) | Val Loss: 1.112880 (P:0.8269, S:0.6645, Q:0.2528) | Repr L2μ: 1.7266 Val L2μ: 1.9246 | Repr Cosμ: 0.9620 Val Cosμ: 0.9566 | Pred→Target Cosμ: 0.8348 Val Cosμ: 0.5411 | Repr NormRatio: 1.0757 Val NormRatio: 1.0911
   -> Saved improved checkpoint: val_loss=1.112880 at epoch 83
Epoch 84/100 | Steps: 1029 | LR: 0.000043 | Train Loss: 0.438470 (P:0.1634, S:0.0376, Q:0.2732) | Val Loss: 1.806075 (P:1.5086, S:0.9052, Q:0.2522) | Repr L2μ: 1.7777 Val L2μ: 1.9276 | Repr Cosμ: 0.9586 Val Cosμ: 0.9565 | Pred→Target Cosμ: 0.8359 Val Cosμ: 0.6893 | Repr NormRatio: 1.0785 Val NormRatio: 1.0893
Epoch 85/100 | Steps: 1029 | LR: 0.000041 | Train Loss: 0.434507 (P:0.1595, S:0.0374, Q:0.2731) | Val Loss: 1.771412 (P:1.4721, S:0.9445, Q:0.2521) | Repr L2μ: 1.7847 Val L2μ: 1.8965 | Repr Cosμ: 0.9576 Val Cosμ: 0.9579 | Pred→Target Cosμ: 0.8380 Val Cosμ: 0.6834 | Repr NormRatio: 1.0795 Val NormRatio: 1.0891
Epoch 86/100 | Steps: 1029 | LR: 0.000040 | Train Loss: 0.431199 (P:0.1563, S:0.0372, Q:0.2731) | Val Loss: 1.127390 (P:0.8425, S:0.6540, Q:0.2522) | Repr L2μ: 1.8344 Val L2μ: 1.9025 | Repr Cosμ: 0.9533 Val Cosμ: 0.9574 | Pred→Target Cosμ: 0.8403 Val Cosμ: 0.4999 | Repr NormRatio: 1.0848 Val NormRatio: 1.0907
Epoch 87/100 | Steps: 1029 | LR: 0.000039 | Train Loss: 0.430891 (P:0.1560, S:0.0372, Q:0.2731) | Val Loss: 1.853390 (P:1.5496, S:1.0341, Q:0.2521) | Repr L2μ: 1.8447 Val L2μ: 2.0830 | Repr Cosμ: 0.9517 Val Cosμ: 0.9439 | Pred→Target Cosμ: 0.8402 Val Cosμ: 0.7549 | Repr NormRatio: 1.0907 Val NormRatio: 1.1087
Epoch 88/100 | Steps: 1029 | LR: 0.000038 | Train Loss: 0.427327 (P:0.1524, S:0.0370, Q:0.2730) | Val Loss: 1.221407 (P:0.9303, S:0.7801, Q:0.2521) | Repr L2μ: 1.8416 Val L2μ: 1.9003 | Repr Cosμ: 0.9518 Val Cosμ: 0.9572 | Pred→Target Cosμ: 0.8432 Val Cosμ: 0.5458 | Repr NormRatio: 1.0906 Val NormRatio: 1.0939
Epoch 89/100 | Steps: 1029 | LR: 0.000037 | Train Loss: 0.426482 (P:0.1516, S:0.0374, Q:0.2730) | Val Loss: 1.715084 (P:1.4096, S:1.0663, Q:0.2521) | Repr L2μ: 1.7498 Val L2μ: 1.8141 | Repr Cosμ: 0.9565 Val Cosμ: 0.9618 | Pred→Target Cosμ: 0.8438 Val Cosμ: 0.6475 | Repr NormRatio: 1.0860 Val NormRatio: 1.0756
Epoch 90/100 | Steps: 1029 | LR: 0.000035 | Train Loss: 0.423672 (P:0.1488, S:0.0374, Q:0.2730) | Val Loss: 1.524053 (P:1.2341, S:0.7492, Q:0.2525) | Repr L2μ: 1.8267 Val L2μ: 2.1539 | Repr Cosμ: 0.9499 Val Cosμ: 0.9387 | Pred→Target Cosμ: 0.8459 Val Cosμ: 0.4464 | Repr NormRatio: 1.0936 Val NormRatio: 1.1155
Epoch 91/100 | Steps: 1029 | LR: 0.000034 | Train Loss: 0.422911 (P:0.1480, S:0.0372, Q:0.2731) | Val Loss: 1.205839 (P:0.9122, S:0.8293, Q:0.2522) | Repr L2μ: 1.7762 Val L2μ: 1.7258 | Repr Cosμ: 0.9532 Val Cosμ: 0.9662 | Pred→Target Cosμ: 0.8462 Val Cosμ: 0.6810 | Repr NormRatio: 1.0886 Val NormRatio: 1.0719
Epoch 92/100 | Steps: 1029 | LR: 0.000033 | Train Loss: 0.421269 (P:0.1464, S:0.0373, Q:0.2730) | Val Loss: 1.347608 (P:1.0547, S:0.8160, Q:0.2521) | Repr L2μ: 1.6144 Val L2μ: 1.8733 | Repr Cosμ: 0.9659 Val Cosμ: 0.9582 | Pred→Target Cosμ: 0.8460 Val Cosμ: 0.6076 | Repr NormRatio: 1.0684 Val NormRatio: 1.0842
Epoch 93/100 | Steps: 1029 | LR: 0.000032 | Train Loss: 0.421153 (P:0.1463, S:0.0370, Q:0.2730) | Val Loss: 1.637645 (P:1.3378, S:0.9556, Q:0.2521) | Repr L2μ: 1.7413 Val L2μ: 1.8671 | Repr Cosμ: 0.9588 Val Cosμ: 0.9583 | Pred→Target Cosμ: 0.8469 Val Cosμ: 0.6640 | Repr NormRatio: 1.0817 Val NormRatio: 1.0835
Epoch 94/100 | Steps: 1029 | LR: 0.000031 | Train Loss: 0.421148 (P:0.1463, S:0.0368, Q:0.2730) | Val Loss: 1.349790 (P:1.0568, S:0.8179, Q:0.2520) | Repr L2μ: 1.6916 Val L2μ: 1.8384 | Repr Cosμ: 0.9612 Val Cosμ: 0.9596 | Pred→Target Cosμ: 0.8466 Val Cosμ: 0.6165 | Repr NormRatio: 1.0766 Val NormRatio: 1.0812
Epoch 95/100 | Steps: 1029 | LR: 0.000030 | Train Loss: 0.420062 (P:0.1452, S:0.0370, Q:0.2730) | Val Loss: 1.412238 (P:1.1191, S:0.8204, Q:0.2521) | Repr L2μ: 1.7535 Val L2μ: 1.7564 | Repr Cosμ: 0.9551 Val Cosμ: 0.9637 | Pred→Target Cosμ: 0.8471 Val Cosμ: 0.6814 | Repr NormRatio: 1.0880 Val NormRatio: 1.0732
Epoch 96/100 | Steps: 1029 | LR: 0.000029 | Train Loss: 0.419291 (P:0.1444, S:0.0368, Q:0.2730) | Val Loss: 1.091694 (P:0.8065, S:0.6623, Q:0.2521) | Repr L2μ: 1.6533 Val L2μ: 1.8337 | Repr Cosμ: 0.9636 Val Cosμ: 0.9595 | Pred→Target Cosμ: 0.8477 Val Cosμ: 0.4926 | Repr NormRatio: 1.0702 Val NormRatio: 1.0808
   -> Saved improved checkpoint: val_loss=1.091694 at epoch 96
Epoch 97/100 | Steps: 1029 | LR: 0.000028 | Train Loss: 0.418915 (P:0.1441, S:0.0366, Q:0.2730) | Val Loss: 1.457833 (P:1.1656, S:0.8033, Q:0.2520) | Repr L2μ: 1.7572 Val L2μ: 1.8239 | Repr Cosμ: 0.9567 Val Cosμ: 0.9598 | Pred→Target Cosμ: 0.8489 Val Cosμ: 0.6876 | Repr NormRatio: 1.0858 Val NormRatio: 1.0791
Epoch 98/100 | Steps: 1029 | LR: 0.000027 | Train Loss: 0.417300 (P:0.1424, S:0.0373, Q:0.2730) | Val Loss: 1.681281 (P:1.3898, S:0.7894, Q:0.2520) | Repr L2μ: 1.7797 Val L2μ: 1.9473 | Repr Cosμ: 0.9546 Val Cosμ: 0.9518 | Pred→Target Cosμ: 0.8496 Val Cosμ: 0.6615 | Repr NormRatio: 1.0831 Val NormRatio: 1.0937
Epoch 99/100 | Steps: 1029 | LR: 0.000025 | Train Loss: 0.416950 (P:0.1421, S:0.0370, Q:0.2730) | Val Loss: 1.632297 (P:1.3399, S:0.8078, Q:0.2520) | Repr L2μ: 1.7048 Val L2μ: 1.8863 | Repr Cosμ: 0.9597 Val Cosμ: 0.9558 | Pred→Target Cosμ: 0.8494 Val Cosμ: 0.6680 | Repr NormRatio: 1.0742 Val NormRatio: 1.0840
Epoch 100/100 | Steps: 1029 | LR: 0.000024 | Train Loss: 0.415698 (P:0.1408, S:0.0373, Q:0.2730) | Val Loss: 1.305950 (P:1.0116, S:0.8460, Q:0.2520) | Repr L2μ: 1.8063 Val L2μ: 1.9074 | Repr Cosμ: 0.9522 Val Cosμ: 0.9543 | Pred→Target Cosμ: 0.8503 Val Cosμ: 0.6608 | Repr NormRatio: 1.0805 Val NormRatio: 1.0905
Saved attention maps for 100 epoch snapshot(s) under ./runs/pretrain_lotsa_laya_relation_text/attention_maps
