nohup: ignoring input
🚀 Laya-TS Pretraining: electricity (laya + mixer_concat_text)
📊 data_path: ../Dataset/long_term_forecast/electricity/electricity.csv
📝 metadata: mode=text, fusion=concat_kv, relation=none
📝 log_dir: ./runs/pretrain_electricity_laya_mixer_concat_text
Text metadata preview | dataset=electricity | domain=electricity | channels=321
   - 0: In the electricity domain, this channel belongs to the electricity dataset and represents the feature 0.
   - 1: In the electricity domain, this channel belongs to the electricity dataset and represents the feature 1.
   - ... (319 more channel descriptions)
📊 Dataset Statistics:
   - Sequence Length (T): 512
   - Train Samples: 17903, Steps: 559
   - Val Samples: 2119, Steps: 67
🔧 Encoder Hyperparameters:
   - d_model: 128
   - n_heads: 8
   - n_layers: 3
   - proj_dim: 256
   - patch_size: 16
   - metadata_fusion_mode: concat_kv
   - channel_mixer_relation_mode: none
   - encoder_variant: default
   - temporal_patchifier_mode: fixed
   - use_channel_relation_block: False
🧮 Parameter Counts:
   - Total Parameters: 4,327,232
   - Trainable Parameters: 4,327,232
⏱️ Schedule:
   - total_steps: 55900
   - warmup_steps: 5590
   - derived_epochs: 100
Epoch 1/100 | Steps: 559 | LR: 0.000010 | Train Loss: 1.796793 (P:0.7833, S:0.2704, Q:0.9999) | Val Loss: 2.188596 (P:1.1631, S:0.5103, Q:0.9999) | Repr L2μ: 1.4375 Val L2μ: 0.5940 | Repr Cosμ: 0.9892 Val Cosμ: 0.9983 | Pred→Target Cosμ: 0.4711 Val Cosμ: 0.3537 | Repr NormRatio: 1.0070 Val NormRatio: 1.0049
   -> Saved improved checkpoint: val_loss=2.188596 at epoch 1
Epoch 2/100 | Steps: 559 | LR: 0.000020 | Train Loss: 1.568457 (P:0.5594, S:0.1885, Q:0.9997) | Val Loss: 2.135569 (P:1.1134, S:0.4711, Q:0.9986) | Repr L2μ: 1.4444 Val L2μ: 0.5622 | Repr Cosμ: 0.9889 Val Cosμ: 0.9984 | Pred→Target Cosμ: 0.7401 Val Cosμ: 0.4090 | Repr NormRatio: 1.0079 Val NormRatio: 1.0053
   -> Saved improved checkpoint: val_loss=2.135569 at epoch 2
Epoch 3/100 | Steps: 559 | LR: 0.000030 | Train Loss: 1.324081 (P:0.3984, S:0.1332, Q:0.9190) | Val Loss: 1.353116 (P:0.7519, S:0.4856, Q:0.5769) | Repr L2μ: 1.6528 Val L2μ: 1.0801 | Repr Cosμ: 0.9850 Val Cosμ: 0.9941 | Pred→Target Cosμ: 0.9121 Val Cosμ: 0.5322 | Repr NormRatio: 1.0101 Val NormRatio: 1.0103
   -> Saved improved checkpoint: val_loss=1.353116 at epoch 3
Epoch 4/100 | Steps: 559 | LR: 0.000040 | Train Loss: 0.824363 (P:0.3220, S:0.1016, Q:0.4973) | Val Loss: 1.422810 (P:0.9237, S:0.4770, Q:0.4753) | Repr L2μ: 2.0792 Val L2μ: 0.8258 | Repr Cosμ: 0.9787 Val Cosμ: 0.9966 | Pred→Target Cosμ: 0.9316 Val Cosμ: 0.4390 | Repr NormRatio: 1.0127 Val NormRatio: 1.0048
Epoch 5/100 | Steps: 559 | LR: 0.000050 | Train Loss: 0.742488 (P:0.2688, S:0.0808, Q:0.4696) | Val Loss: 1.489132 (P:1.0018, S:0.4638, Q:0.4641) | Repr L2μ: 1.8447 Val L2μ: 0.8236 | Repr Cosμ: 0.9838 Val Cosμ: 0.9967 | Pred→Target Cosμ: 0.9432 Val Cosμ: 0.5245 | Repr NormRatio: 1.0088 Val NormRatio: 1.0037
Epoch 6/100 | Steps: 559 | LR: 0.000060 | Train Loss: 0.668225 (P:0.2205, S:0.0697, Q:0.4442) | Val Loss: 1.921694 (P:1.4960, S:0.4281, Q:0.4043) | Repr L2μ: 1.7560 Val L2μ: 0.7939 | Repr Cosμ: 0.9858 Val Cosμ: 0.9969 | Pred→Target Cosμ: 0.9460 Val Cosμ: 0.3550 | Repr NormRatio: 1.0064 Val NormRatio: 1.0024
Epoch 7/100 | Steps: 559 | LR: 0.000070 | Train Loss: 0.546381 (P:0.1850, S:0.0627, Q:0.3582) | Val Loss: 1.893085 (P:1.5577, S:0.4565, Q:0.3126) | Repr L2μ: 1.8623 Val L2μ: 0.8209 | Repr Cosμ: 0.9845 Val Cosμ: 0.9967 | Pred→Target Cosμ: 0.9364 Val Cosμ: 0.2863 | Repr NormRatio: 1.0049 Val NormRatio: 1.0015
Epoch 8/100 | Steps: 559 | LR: 0.000080 | Train Loss: 0.455717 (P:0.1566, S:0.0576, Q:0.2962) | Val Loss: 1.527618 (P:1.2179, S:0.5677, Q:0.2813) | Repr L2μ: 1.9876 Val L2μ: 0.7050 | Repr Cosμ: 0.9823 Val Cosμ: 0.9976 | Pred→Target Cosμ: 0.9294 Val Cosμ: 0.4642 | Repr NormRatio: 1.0037 Val NormRatio: 1.0009
Epoch 9/100 | Steps: 559 | LR: 0.000090 | Train Loss: 0.407276 (P:0.1321, S:0.0528, Q:0.2726) | Val Loss: 1.440551 (P:1.1450, S:0.6663, Q:0.2622) | Repr L2μ: 2.0698 Val L2μ: 0.5094 | Repr Cosμ: 0.9809 Val Cosμ: 0.9987 | Pred→Target Cosμ: 0.9256 Val Cosμ: 0.6768 | Repr NormRatio: 1.0032 Val NormRatio: 1.0006
Epoch 10/100 | Steps: 559 | LR: 0.000100 | Train Loss: 0.365488 (P:0.1179, S:0.0499, Q:0.2451) | Val Loss: 1.699880 (P:1.4486, S:0.5570, Q:0.2234) | Repr L2μ: 1.8785 Val L2μ: 0.5112 | Repr Cosμ: 0.9842 Val Cosμ: 0.9987 | Pred→Target Cosμ: 0.9224 Val Cosμ: 0.5127 | Repr NormRatio: 1.0028 Val NormRatio: 1.0008
Epoch 11/100 | Steps: 559 | LR: 0.000100 | Train Loss: 0.286770 (P:0.0986, S:0.0472, Q:0.1859) | Val Loss: 1.669262 (P:1.5044, S:0.5542, Q:0.1371) | Repr L2μ: 1.7482 Val L2μ: 0.5396 | Repr Cosμ: 0.9865 Val Cosμ: 0.9985 | Pred→Target Cosμ: 0.9267 Val Cosμ: 0.6749 | Repr NormRatio: 1.0028 Val NormRatio: 1.0009
Epoch 12/100 | Steps: 559 | LR: 0.000100 | Train Loss: 0.199366 (P:0.0935, S:0.0453, Q:0.1036) | Val Loss: 0.975350 (P:0.8657, S:0.5625, Q:0.0815) | Repr L2μ: 1.6599 Val L2μ: 0.4426 | Repr Cosμ: 0.9876 Val Cosμ: 0.9990 | Pred→Target Cosμ: 0.9255 Val Cosμ: 0.5521 | Repr NormRatio: 1.0023 Val NormRatio: 1.0007
   -> Saved improved checkpoint: val_loss=0.975350 at epoch 12
Epoch 13/100 | Steps: 559 | LR: 0.000100 | Train Loss: 0.145881 (P:0.0836, S:0.0432, Q:0.0601) | Val Loss: 1.454657 (P:1.3843, S:0.4701, Q:0.0469) | Repr L2μ: 1.4862 Val L2μ: 0.5421 | Repr Cosμ: 0.9901 Val Cosμ: 0.9985 | Pred→Target Cosμ: 0.9327 Val Cosμ: 0.6077 | Repr NormRatio: 1.0018 Val NormRatio: 1.0007
Epoch 14/100 | Steps: 559 | LR: 0.000100 | Train Loss: 0.105953 (P:0.0723, S:0.0398, Q:0.0317) | Val Loss: 1.345797 (P:1.2976, S:0.5127, Q:0.0226) | Repr L2μ: 1.4178 Val L2μ: 0.5562 | Repr Cosμ: 0.9911 Val Cosμ: 0.9984 | Pred→Target Cosμ: 0.9445 Val Cosμ: 0.5134 | Repr NormRatio: 1.0015 Val NormRatio: 1.0007
Epoch 15/100 | Steps: 559 | LR: 0.000099 | Train Loss: 0.089745 (P:0.0707, S:0.0381, Q:0.0171) | Val Loss: 1.273581 (P:1.2376, S:0.5374, Q:0.0092) | Repr L2μ: 1.4084 Val L2μ: 0.5694 | Repr Cosμ: 0.9911 Val Cosμ: 0.9984 | Pred→Target Cosμ: 0.9479 Val Cosμ: 0.4623 | Repr NormRatio: 1.0013 Val NormRatio: 1.0005
Epoch 16/100 | Steps: 559 | LR: 0.000099 | Train Loss: 0.091780 (P:0.0807, S:0.0385, Q:0.0092) | Val Loss: 1.359931 (P:1.3303, S:0.4775, Q:0.0058) | Repr L2μ: 1.3504 Val L2μ: 0.5176 | Repr Cosμ: 0.9918 Val Cosμ: 0.9987 | Pred→Target Cosμ: 0.9421 Val Cosμ: 0.6431 | Repr NormRatio: 1.0011 Val NormRatio: 1.0004
Epoch 17/100 | Steps: 559 | LR: 0.000099 | Train Loss: 0.073868 (P:0.0681, S:0.0357, Q:0.0039) | Val Loss: 1.374179 (P:1.3441, S:0.5559, Q:0.0023) | Repr L2μ: 1.3539 Val L2μ: 0.5779 | Repr Cosμ: 0.9918 Val Cosμ: 0.9983 | Pred→Target Cosμ: 0.9548 Val Cosμ: 0.6622 | Repr NormRatio: 1.0009 Val NormRatio: 1.0004
Epoch 18/100 | Steps: 559 | LR: 0.000098 | Train Loss: 0.069029 (P:0.0644, S:0.0347, Q:0.0029) | Val Loss: 1.001307 (P:0.9741, S:0.5072, Q:0.0019) | Repr L2μ: 1.3743 Val L2μ: 0.6198 | Repr Cosμ: 0.9915 Val Cosμ: 0.9981 | Pred→Target Cosμ: 0.9574 Val Cosμ: 0.6730 | Repr NormRatio: 1.0009 Val NormRatio: 1.0003
Epoch 19/100 | Steps: 559 | LR: 0.000098 | Train Loss: 0.061690 (P:0.0581, S:0.0337, Q:0.0020) | Val Loss: 0.942804 (P:0.9182, S:0.4669, Q:0.0012) | Repr L2μ: 1.4190 Val L2μ: 0.7369 | Repr Cosμ: 0.9909 Val Cosμ: 0.9973 | Pred→Target Cosμ: 0.9624 Val Cosμ: 0.5819 | Repr NormRatio: 1.0008 Val NormRatio: 1.0003
   -> Saved improved checkpoint: val_loss=0.942804 at epoch 19
Epoch 20/100 | Steps: 559 | LR: 0.000097 | Train Loss: 0.057846 (P:0.0547, S:0.0327, Q:0.0016) | Val Loss: 1.159975 (P:1.1345, S:0.4825, Q:0.0013) | Repr L2μ: 1.4721 Val L2μ: 0.8942 | Repr Cosμ: 0.9902 Val Cosμ: 0.9960 | Pred→Target Cosμ: 0.9644 Val Cosμ: 0.7554 | Repr NormRatio: 1.0008 Val NormRatio: 1.0003
Epoch 21/100 | Steps: 559 | LR: 0.000096 | Train Loss: 0.055513 (P:0.0526, S:0.0323, Q:0.0013) | Val Loss: 0.793510 (P:0.7713, S:0.4136, Q:0.0015) | Repr L2μ: 1.5003 Val L2μ: 0.7199 | Repr Cosμ: 0.9898 Val Cosμ: 0.9975 | Pred→Target Cosμ: 0.9656 Val Cosμ: 0.6881 | Repr NormRatio: 1.0007 Val NormRatio: 1.0003
   -> Saved improved checkpoint: val_loss=0.793510 at epoch 21
Epoch 22/100 | Steps: 559 | LR: 0.000096 | Train Loss: 0.056341 (P:0.0535, S:0.0323, Q:0.0012) | Val Loss: 0.829270 (P:0.8043, S:0.4847, Q:0.0008) | Repr L2μ: 1.5334 Val L2μ: 0.7371 | Repr Cosμ: 0.9892 Val Cosμ: 0.9973 | Pred→Target Cosμ: 0.9633 Val Cosμ: 0.6261 | Repr NormRatio: 1.0008 Val NormRatio: 1.0003
Epoch 23/100 | Steps: 559 | LR: 0.000095 | Train Loss: 0.057285 (P:0.0545, S:0.0324, Q:0.0011) | Val Loss: 0.692498 (P:0.6646, S:0.5334, Q:0.0012) | Repr L2μ: 1.6028 Val L2μ: 0.7884 | Repr Cosμ: 0.9881 Val Cosμ: 0.9969 | Pred→Target Cosμ: 0.9619 Val Cosμ: 0.7762 | Repr NormRatio: 1.0009 Val NormRatio: 1.0003
   -> Saved improved checkpoint: val_loss=0.692498 at epoch 23
Epoch 24/100 | Steps: 559 | LR: 0.000094 | Train Loss: 0.059872 (P:0.0571, S:0.0336, Q:0.0011) | Val Loss: 0.750838 (P:0.7288, S:0.4278, Q:0.0007) | Repr L2μ: 1.9325 Val L2μ: 0.9440 | Repr Cosμ: 0.9823 Val Cosμ: 0.9956 | Pred→Target Cosμ: 0.9608 Val Cosμ: 0.6363 | Repr NormRatio: 1.0012 Val NormRatio: 1.0004
Epoch 25/100 | Steps: 559 | LR: 0.000093 | Train Loss: 0.060425 (P:0.0576, S:0.0354, Q:0.0010) | Val Loss: 0.690100 (P:0.6687, S:0.4164, Q:0.0006) | Repr L2μ: 2.1171 Val L2μ: 1.3430 | Repr Cosμ: 0.9778 Val Cosμ: 0.9908 | Pred→Target Cosμ: 0.9607 Val Cosμ: 0.7222 | Repr NormRatio: 1.0020 Val NormRatio: 1.0011
   -> Saved improved checkpoint: val_loss=0.690100 at epoch 25
Epoch 26/100 | Steps: 559 | LR: 0.000092 | Train Loss: 0.050890 (P:0.0483, S:0.0339, Q:0.0009) | Val Loss: 0.734335 (P:0.7115, S:0.4451, Q:0.0006) | Repr L2μ: 2.2499 Val L2μ: 1.8230 | Repr Cosμ: 0.9750 Val Cosμ: 0.9831 | Pred→Target Cosμ: 0.9676 Val Cosμ: 0.8433 | Repr NormRatio: 1.0022 Val NormRatio: 1.0012
Epoch 27/100 | Steps: 559 | LR: 0.000092 | Train Loss: 0.049892 (P:0.0473, S:0.0339, Q:0.0009) | Val Loss: 0.677979 (P:0.6194, S:1.1531, Q:0.0009) | Repr L2μ: 2.3790 Val L2μ: 1.5301 | Repr Cosμ: 0.9705 Val Cosμ: 0.9881 | Pred→Target Cosμ: 0.9680 Val Cosμ: 0.9336 | Repr NormRatio: 1.0028 Val NormRatio: 1.0019
   -> Saved improved checkpoint: val_loss=0.677979 at epoch 27
Epoch 28/100 | Steps: 559 | LR: 0.000091 | Train Loss: 0.066745 (P:0.0641, S:0.0364, Q:0.0008) | Val Loss: 0.655547 (P:0.6296, S:0.5049, Q:0.0007) | Repr L2μ: 2.4154 Val L2μ: 1.3829 | Repr Cosμ: 0.9690 Val Cosμ: 0.9900 | Pred→Target Cosμ: 0.9544 Val Cosμ: 0.8575 | Repr NormRatio: 1.0215 Val NormRatio: 1.0067
   -> Saved improved checkpoint: val_loss=0.655547 at epoch 28
Epoch 29/100 | Steps: 559 | LR: 0.000090 | Train Loss: 0.066358 (P:0.0636, S:0.0382, Q:0.0008) | Val Loss: 0.845929 (P:0.8270, S:0.3601, Q:0.0009) | Repr L2μ: 3.2106 Val L2μ: 2.0662 | Repr Cosμ: 0.9450 Val Cosμ: 0.9758 | Pred→Target Cosμ: 0.9584 Val Cosμ: 0.8264 | Repr NormRatio: 1.0361 Val NormRatio: 1.0534
Epoch 30/100 | Steps: 559 | LR: 0.000088 | Train Loss: 0.067145 (P:0.0645, S:0.0395, Q:0.0007) | Val Loss: 0.439130 (P:0.4220, S:0.3183, Q:0.0012) | Repr L2μ: 3.5595 Val L2μ: 2.8351 | Repr Cosμ: 0.9304 Val Cosμ: 0.9540 | Pred→Target Cosμ: 0.9600 Val Cosμ: 0.8106 | Repr NormRatio: 1.0634 Val NormRatio: 1.0612
   -> Saved improved checkpoint: val_loss=0.439130 at epoch 30
Epoch 31/100 | Steps: 559 | LR: 0.000087 | Train Loss: 0.078141 (P:0.0752, S:0.0427, Q:0.0008) | Val Loss: 0.593970 (P:0.5736, S:0.3878, Q:0.0010) | Repr L2μ: 3.1927 Val L2μ: 2.5594 | Repr Cosμ: 0.9434 Val Cosμ: 0.9633 | Pred→Target Cosμ: 0.9525 Val Cosμ: 0.8192 | Repr NormRatio: 1.0621 Val NormRatio: 1.0134
Epoch 32/100 | Steps: 559 | LR: 0.000086 | Train Loss: 0.075155 (P:0.0723, S:0.0415, Q:0.0008) | Val Loss: 0.780912 (P:0.7589, S:0.3995, Q:0.0020) | Repr L2μ: 3.3313 Val L2μ: 1.3471 | Repr Cosμ: 0.9368 Val Cosμ: 0.9903 | Pred→Target Cosμ: 0.9565 Val Cosμ: 0.7331 | Repr NormRatio: 1.0724 Val NormRatio: 1.0082
Epoch 33/100 | Steps: 559 | LR: 0.000085 | Train Loss: 0.087200 (P:0.0842, S:0.0430, Q:0.0009) | Val Loss: 0.632652 (P:0.6120, S:0.3973, Q:0.0007) | Repr L2μ: 2.8350 Val L2μ: 2.8512 | Repr Cosμ: 0.9499 Val Cosμ: 0.9497 | Pred→Target Cosμ: 0.9539 Val Cosμ: 0.8251 | Repr NormRatio: 1.1165 Val NormRatio: 1.1528
Epoch 34/100 | Steps: 559 | LR: 0.000084 | Train Loss: 0.064680 (P:0.0621, S:0.0403, Q:0.0006) | Val Loss: 0.717597 (P:0.6961, S:0.4174, Q:0.0006) | Repr L2μ: 3.1445 Val L2μ: 1.3536 | Repr Cosμ: 0.9412 Val Cosμ: 0.9900 | Pred→Target Cosμ: 0.9645 Val Cosμ: 0.8100 | Repr NormRatio: 1.1699 Val NormRatio: 1.0147
Epoch 35/100 | Steps: 559 | LR: 0.000082 | Train Loss: 0.095820 (P:0.0926, S:0.0443, Q:0.0010) | Val Loss: 0.680636 (P:0.6549, S:0.5037, Q:0.0006) | Repr L2μ: 2.7063 Val L2μ: 3.0296 | Repr Cosμ: 0.9432 Val Cosμ: 0.9362 | Pred→Target Cosμ: 0.9548 Val Cosμ: 0.8938 | Repr NormRatio: 1.1618 Val NormRatio: 1.2898
Epoch 36/100 | Steps: 559 | LR: 0.000081 | Train Loss: 0.072499 (P:0.0696, S:0.0442, Q:0.0007) | Val Loss: 0.702526 (P:0.6807, S:0.4261, Q:0.0005) | Repr L2μ: 3.2136 Val L2μ: 1.0106 | Repr Cosμ: 0.9303 Val Cosμ: 0.9944 | Pred→Target Cosμ: 0.9609 Val Cosμ: 0.8462 | Repr NormRatio: 1.3751 Val NormRatio: 1.0126
Epoch 37/100 | Steps: 559 | LR: 0.000080 | Train Loss: 0.067991 (P:0.0654, S:0.0416, Q:0.0005) | Val Loss: 0.492988 (P:0.4723, S:0.4062, Q:0.0004) | Repr L2μ: 2.9967 Val L2μ: 2.9374 | Repr Cosμ: 0.9386 Val Cosμ: 0.9438 | Pred→Target Cosμ: 0.9682 Val Cosμ: 0.7974 | Repr NormRatio: 1.3759 Val NormRatio: 1.5277
Epoch 38/100 | Steps: 559 | LR: 0.000078 | Train Loss: 0.105132 (P:0.1025, S:0.0424, Q:0.0005) | Val Loss: 0.643568 (P:0.6257, S:0.3486, Q:0.0004) | Repr L2μ: 2.8746 Val L2μ: 1.0252 | Repr Cosμ: 0.9419 Val Cosμ: 0.9942 | Pred→Target Cosμ: 0.9662 Val Cosμ: 0.8981 | Repr NormRatio: 1.6152 Val NormRatio: 1.0144
Epoch 39/100 | Steps: 559 | LR: 0.000077 | Train Loss: 0.145746 (P:0.1428, S:0.0465, Q:0.0006) | Val Loss: 0.652878 (P:0.6332, S:0.3826, Q:0.0006) | Repr L2μ: 2.6736 Val L2μ: 1.3492 | Repr Cosμ: 0.9441 Val Cosμ: 0.9862 | Pred→Target Cosμ: 0.9673 Val Cosμ: 0.8179 | Repr NormRatio: 1.8540 Val NormRatio: 1.1200
Epoch 40/100 | Steps: 559 | LR: 0.000075 | Train Loss: 0.174121 (P:0.1713, S:0.0447, Q:0.0006) | Val Loss: 0.501735 (P:0.4791, S:0.4400, Q:0.0006) | Repr L2μ: 2.7509 Val L2μ: 1.2515 | Repr Cosμ: 0.9326 Val Cosμ: 0.9868 | Pred→Target Cosμ: 0.9703 Val Cosμ: 0.6794 | Repr NormRatio: 2.0674 Val NormRatio: 1.1161
Epoch 41/100 | Steps: 559 | LR: 0.000074 | Train Loss: 0.187125 (P:0.1841, S:0.0477, Q:0.0006) | Val Loss: 0.430004 (P:0.4083, S:0.4213, Q:0.0006) | Repr L2μ: 2.4785 Val L2μ: 0.5404 | Repr Cosμ: 0.8958 Val Cosμ: 0.9983 | Pred→Target Cosμ: 0.9652 Val Cosμ: 0.8839 | Repr NormRatio: 1.7906 Val NormRatio: 1.0020
   -> Saved improved checkpoint: val_loss=0.430004 at epoch 41
Epoch 42/100 | Steps: 559 | LR: 0.000072 | Train Loss: 0.200860 (P:0.1975, S:0.0509, Q:0.0008) | Val Loss: 0.306308 (P:0.2843, S:0.4208, Q:0.0009) | Repr L2μ: 2.9110 Val L2μ: 0.6956 | Repr Cosμ: 0.8395 Val Cosμ: 0.9972 | Pred→Target Cosμ: 0.9662 Val Cosμ: 0.8151 | Repr NormRatio: 1.8182 Val NormRatio: 1.0030
   -> Saved improved checkpoint: val_loss=0.306308 at epoch 42
Epoch 43/100 | Steps: 559 | LR: 0.000071 | Train Loss: 0.197747 (P:0.1946, S:0.0467, Q:0.0008) | Val Loss: 0.373222 (P:0.3493, S:0.4611, Q:0.0009) | Repr L2μ: 2.5080 Val L2μ: 0.5700 | Repr Cosμ: 0.8741 Val Cosμ: 0.9981 | Pred→Target Cosμ: 0.9693 Val Cosμ: 0.8562 | Repr NormRatio: 1.6503 Val NormRatio: 1.0019
Epoch 44/100 | Steps: 559 | LR: 0.000069 | Train Loss: 0.194174 (P:0.1913, S:0.0443, Q:0.0007) | Val Loss: 0.117327 (P:0.0942, S:0.4466, Q:0.0008) | Repr L2μ: 3.2688 Val L2μ: 0.5256 | Repr Cosμ: 0.8170 Val Cosμ: 0.9985 | Pred→Target Cosμ: 0.9705 Val Cosμ: 0.7070 | Repr NormRatio: 1.8097 Val NormRatio: 1.0018
   -> Saved improved checkpoint: val_loss=0.117327 at epoch 44
Epoch 45/100 | Steps: 559 | LR: 0.000067 | Train Loss: 0.201389 (P:0.1985, S:0.0439, Q:0.0007) | Val Loss: 0.364830 (P:0.3411, S:0.4349, Q:0.0019) | Repr L2μ: 2.8448 Val L2μ: 0.5663 | Repr Cosμ: 0.8482 Val Cosμ: 0.9981 | Pred→Target Cosμ: 0.9702 Val Cosμ: 0.8019 | Repr NormRatio: 1.7767 Val NormRatio: 1.0021
Epoch 46/100 | Steps: 559 | LR: 0.000066 | Train Loss: 0.218257 (P:0.2153, S:0.0443, Q:0.0007) | Val Loss: 0.109815 (P:0.0874, S:0.4398, Q:0.0005) | Repr L2μ: 2.6858 Val L2μ: 0.5215 | Repr Cosμ: 0.8505 Val Cosμ: 0.9984 | Pred→Target Cosμ: 0.9700 Val Cosμ: 0.7044 | Repr NormRatio: 1.6797 Val NormRatio: 1.0020
   -> Saved improved checkpoint: val_loss=0.109815 at epoch 46
Epoch 47/100 | Steps: 559 | LR: 0.000064 | Train Loss: 0.213581 (P:0.2106, S:0.0444, Q:0.0007) | Val Loss: 0.140667 (P:0.1182, S:0.4374, Q:0.0006) | Repr L2μ: 2.5100 Val L2μ: 0.5121 | Repr Cosμ: 0.8657 Val Cosμ: 0.9985 | Pred→Target Cosμ: 0.9702 Val Cosμ: 0.7245 | Repr NormRatio: 1.6046 Val NormRatio: 1.0018
Epoch 48/100 | Steps: 559 | LR: 0.000062 | Train Loss: 0.188800 (P:0.1860, S:0.0426, Q:0.0007) | Val Loss: 0.096214 (P:0.0736, S:0.4421, Q:0.0005) | Repr L2μ: 2.8795 Val L2μ: 0.4828 | Repr Cosμ: 0.8351 Val Cosμ: 0.9987 | Pred→Target Cosμ: 0.9712 Val Cosμ: 0.6897 | Repr NormRatio: 1.5502 Val NormRatio: 1.0014
   -> Saved improved checkpoint: val_loss=0.096214 at epoch 48
Epoch 49/100 | Steps: 559 | LR: 0.000061 | Train Loss: 0.182220 (P:0.1796, S:0.0409, Q:0.0006) | Val Loss: 0.134903 (P:0.1122, S:0.4454, Q:0.0004) | Repr L2μ: 2.6979 Val L2μ: 0.5333 | Repr Cosμ: 0.8549 Val Cosμ: 0.9984 | Pred→Target Cosμ: 0.9720 Val Cosμ: 0.7157 | Repr NormRatio: 1.5964 Val NormRatio: 1.0016
Epoch 50/100 | Steps: 559 | LR: 0.000059 | Train Loss: 0.171666 (P:0.1690, S:0.0402, Q:0.0006) | Val Loss: 0.094628 (P:0.0725, S:0.4333, Q:0.0005) | Repr L2μ: 2.3786 Val L2μ: 0.5285 | Repr Cosμ: 0.8836 Val Cosμ: 0.9984 | Pred→Target Cosμ: 0.9721 Val Cosμ: 0.6998 | Repr NormRatio: 1.6253 Val NormRatio: 1.0015
   -> Saved improved checkpoint: val_loss=0.094628 at epoch 50
Epoch 51/100 | Steps: 559 | LR: 0.000057 | Train Loss: 0.141092 (P:0.1385, S:0.0394, Q:0.0006) | Val Loss: 0.107578 (P:0.0848, S:0.4347, Q:0.0010) | Repr L2μ: 2.3342 Val L2μ: 0.4346 | Repr Cosμ: 0.8820 Val Cosμ: 0.9989 | Pred→Target Cosμ: 0.9734 Val Cosμ: 0.6984 | Repr NormRatio: 1.6284 Val NormRatio: 1.0013
Epoch 52/100 | Steps: 559 | LR: 0.000056 | Train Loss: 0.151401 (P:0.1487, S:0.0401, Q:0.0007) | Val Loss: 0.093266 (P:0.0709, S:0.4387, Q:0.0004) | Repr L2μ: 2.1674 Val L2μ: 0.4531 | Repr Cosμ: 0.8946 Val Cosμ: 0.9988 | Pred→Target Cosμ: 0.9697 Val Cosμ: 0.7219 | Repr NormRatio: 1.5265 Val NormRatio: 1.0016
   -> Saved improved checkpoint: val_loss=0.093266 at epoch 52
Epoch 53/100 | Steps: 559 | LR: 0.000054 | Train Loss: 0.134996 (P:0.1323, S:0.0402, Q:0.0007) | Val Loss: 0.086689 (P:0.0642, S:0.4352, Q:0.0007) | Repr L2μ: 2.5046 Val L2μ: 0.4358 | Repr Cosμ: 0.8620 Val Cosμ: 0.9989 | Pred→Target Cosμ: 0.9728 Val Cosμ: 0.6795 | Repr NormRatio: 1.5706 Val NormRatio: 1.0012
   -> Saved improved checkpoint: val_loss=0.086689 at epoch 53
Epoch 54/100 | Steps: 559 | LR: 0.000052 | Train Loss: 0.121094 (P:0.1185, S:0.0403, Q:0.0006) | Val Loss: 0.076588 (P:0.0546, S:0.4310, Q:0.0004) | Repr L2μ: 2.8488 Val L2μ: 0.4601 | Repr Cosμ: 0.8359 Val Cosμ: 0.9988 | Pred→Target Cosμ: 0.9743 Val Cosμ: 0.6891 | Repr NormRatio: 1.5369 Val NormRatio: 1.0013
   -> Saved improved checkpoint: val_loss=0.076588 at epoch 54
Epoch 55/100 | Steps: 559 | LR: 0.000051 | Train Loss: 0.106846 (P:0.1044, S:0.0385, Q:0.0006) | Val Loss: 0.064100 (P:0.0421, S:0.4333, Q:0.0004) | Repr L2μ: 2.6716 Val L2μ: 0.4186 | Repr Cosμ: 0.8530 Val Cosμ: 0.9990 | Pred→Target Cosμ: 0.9748 Val Cosμ: 0.6927 | Repr NormRatio: 1.5276 Val NormRatio: 1.0010
   -> Saved improved checkpoint: val_loss=0.064100 at epoch 55
Epoch 56/100 | Steps: 559 | LR: 0.000049 | Train Loss: 0.089654 (P:0.0872, S:0.0384, Q:0.0006) | Val Loss: 0.065833 (P:0.0438, S:0.4304, Q:0.0005) | Repr L2μ: 2.5409 Val L2μ: 0.3991 | Repr Cosμ: 0.8614 Val Cosμ: 0.9991 | Pred→Target Cosμ: 0.9750 Val Cosμ: 0.7013 | Repr NormRatio: 1.4914 Val NormRatio: 1.0012
Epoch 57/100 | Steps: 559 | LR: 0.000047 | Train Loss: 0.098113 (P:0.0956, S:0.0386, Q:0.0006) | Val Loss: 0.076031 (P:0.0536, S:0.4396, Q:0.0004) | Repr L2μ: 2.5555 Val L2μ: 0.4213 | Repr Cosμ: 0.8707 Val Cosμ: 0.9990 | Pred→Target Cosμ: 0.9728 Val Cosμ: 0.7467 | Repr NormRatio: 1.4636 Val NormRatio: 1.0011
Epoch 58/100 | Steps: 559 | LR: 0.000045 | Train Loss: 0.091826 (P:0.0894, S:0.0385, Q:0.0005) | Val Loss: 0.064294 (P:0.0422, S:0.4316, Q:0.0005) | Repr L2μ: 2.5195 Val L2μ: 0.3683 | Repr Cosμ: 0.8737 Val Cosμ: 0.9992 | Pred→Target Cosμ: 0.9747 Val Cosμ: 0.7343 | Repr NormRatio: 1.4808 Val NormRatio: 1.0009
Epoch 59/100 | Steps: 559 | LR: 0.000044 | Train Loss: 0.081558 (P:0.0792, S:0.0380, Q:0.0005) | Val Loss: 0.073864 (P:0.0515, S:0.4359, Q:0.0006) | Repr L2μ: 2.6255 Val L2μ: 0.3982 | Repr Cosμ: 0.8589 Val Cosμ: 0.9991 | Pred→Target Cosμ: 0.9764 Val Cosμ: 0.7376 | Repr NormRatio: 1.4707 Val NormRatio: 1.0009
Epoch 60/100 | Steps: 559 | LR: 0.000042 | Train Loss: 0.078245 (P:0.0756, S:0.0389, Q:0.0007) | Val Loss: 0.065080 (P:0.0434, S:0.4252, Q:0.0004) | Repr L2μ: 2.6691 Val L2μ: 0.4134 | Repr Cosμ: 0.8503 Val Cosμ: 0.9990 | Pred→Target Cosμ: 0.9741 Val Cosμ: 0.7473 | Repr NormRatio: 1.4104 Val NormRatio: 1.0012
Epoch 61/100 | Steps: 559 | LR: 0.000040 | Train Loss: 0.068160 (P:0.0657, S:0.0379, Q:0.0006) | Val Loss: 0.057108 (P:0.0355, S:0.4241, Q:0.0004) | Repr L2μ: 2.8806 Val L2μ: 0.3588 | Repr Cosμ: 0.8339 Val Cosμ: 0.9993 | Pred→Target Cosμ: 0.9759 Val Cosμ: 0.7473 | Repr NormRatio: 1.3939 Val NormRatio: 1.0011
   -> Saved improved checkpoint: val_loss=0.057108 at epoch 61
Epoch 62/100 | Steps: 559 | LR: 0.000039 | Train Loss: 0.065214 (P:0.0628, S:0.0377, Q:0.0005) | Val Loss: 0.061189 (P:0.0396, S:0.4237, Q:0.0004) | Repr L2μ: 2.8280 Val L2μ: 0.3672 | Repr Cosμ: 0.8357 Val Cosμ: 0.9992 | Pred→Target Cosμ: 0.9749 Val Cosμ: 0.7940 | Repr NormRatio: 1.3640 Val NormRatio: 1.0011
Epoch 63/100 | Steps: 559 | LR: 0.000037 | Train Loss: 0.064093 (P:0.0617, S:0.0380, Q:0.0005) | Val Loss: 0.044884 (P:0.0232, S:0.4264, Q:0.0004) | Repr L2μ: 2.6741 Val L2μ: 0.3472 | Repr Cosμ: 0.8490 Val Cosμ: 0.9993 | Pred→Target Cosμ: 0.9746 Val Cosμ: 0.7955 | Repr NormRatio: 1.3729 Val NormRatio: 1.0009
   -> Saved improved checkpoint: val_loss=0.044884 at epoch 63
Epoch 64/100 | Steps: 559 | LR: 0.000035 | Train Loss: 0.059685 (P:0.0573, S:0.0378, Q:0.0005) | Val Loss: 0.049479 (P:0.0278, S:0.4276, Q:0.0003) | Repr L2μ: 2.6658 Val L2μ: 0.3388 | Repr Cosμ: 0.8431 Val Cosμ: 0.9993 | Pred→Target Cosμ: 0.9756 Val Cosμ: 0.7941 | Repr NormRatio: 1.3554 Val NormRatio: 1.0011
Epoch 65/100 | Steps: 559 | LR: 0.000034 | Train Loss: 0.051795 (P:0.0493, S:0.0379, Q:0.0006) | Val Loss: 0.043482 (P:0.0216, S:0.4294, Q:0.0004) | Repr L2μ: 2.8640 Val L2μ: 0.3233 | Repr Cosμ: 0.8245 Val Cosμ: 0.9994 | Pred→Target Cosμ: 0.9756 Val Cosμ: 0.7910 | Repr NormRatio: 1.3055 Val NormRatio: 1.0009
   -> Saved improved checkpoint: val_loss=0.043482 at epoch 65
Epoch 66/100 | Steps: 559 | LR: 0.000032 | Train Loss: 0.051210 (P:0.0488, S:0.0374, Q:0.0005) | Val Loss: 0.047360 (P:0.0258, S:0.4237, Q:0.0004) | Repr L2μ: 2.6787 Val L2μ: 0.3106 | Repr Cosμ: 0.8428 Val Cosμ: 0.9994 | Pred→Target Cosμ: 0.9761 Val Cosμ: 0.7767 | Repr NormRatio: 1.3012 Val NormRatio: 1.0009
Epoch 67/100 | Steps: 559 | LR: 0.000030 | Train Loss: 0.047890 (P:0.0455, S:0.0375, Q:0.0006) | Val Loss: 0.050657 (P:0.0289, S:0.4261, Q:0.0005) | Repr L2μ: 2.7212 Val L2μ: 0.3361 | Repr Cosμ: 0.8280 Val Cosμ: 0.9993 | Pred→Target Cosμ: 0.9757 Val Cosμ: 0.7950 | Repr NormRatio: 1.2973 Val NormRatio: 1.0008
Epoch 68/100 | Steps: 559 | LR: 0.000029 | Train Loss: 0.043681 (P:0.0413, S:0.0374, Q:0.0005) | Val Loss: 0.050473 (P:0.0289, S:0.4228, Q:0.0004) | Repr L2μ: 2.8072 Val L2μ: 0.3016 | Repr Cosμ: 0.8159 Val Cosμ: 0.9995 | Pred→Target Cosμ: 0.9761 Val Cosμ: 0.7983 | Repr NormRatio: 1.2929 Val NormRatio: 1.0007
Epoch 69/100 | Steps: 559 | LR: 0.000027 | Train Loss: 0.045639 (P:0.0432, S:0.0375, Q:0.0006) | Val Loss: 0.053300 (P:0.0319, S:0.4204, Q:0.0004) | Repr L2μ: 2.5863 Val L2μ: 0.2746 | Repr Cosμ: 0.8348 Val Cosμ: 0.9996 | Pred→Target Cosμ: 0.9769 Val Cosμ: 0.7999 | Repr NormRatio: 1.2457 Val NormRatio: 1.0008
Epoch 70/100 | Steps: 559 | LR: 0.000026 | Train Loss: 0.038228 (P:0.0358, S:0.0374, Q:0.0006) | Val Loss: 0.045957 (P:0.0242, S:0.4238, Q:0.0005) | Repr L2μ: 2.8390 Val L2μ: 0.3272 | Repr Cosμ: 0.8125 Val Cosμ: 0.9994 | Pred→Target Cosμ: 0.9765 Val Cosμ: 0.8038 | Repr NormRatio: 1.1776 Val NormRatio: 1.0008
Epoch 71/100 | Steps: 559 | LR: 0.000024 | Train Loss: 0.036903 (P:0.0346, S:0.0365, Q:0.0005) | Val Loss: 0.046623 (P:0.0248, S:0.4272, Q:0.0004) | Repr L2μ: 2.7813 Val L2μ: 0.2874 | Repr Cosμ: 0.8169 Val Cosμ: 0.9995 | Pred→Target Cosμ: 0.9782 Val Cosμ: 0.7977 | Repr NormRatio: 1.2409 Val NormRatio: 1.0008
Epoch 72/100 | Steps: 559 | LR: 0.000023 | Train Loss: 0.041282 (P:0.0390, S:0.0365, Q:0.0005) | Val Loss: 0.046236 (P:0.0248, S:0.4214, Q:0.0004) | Repr L2μ: 2.5072 Val L2μ: 0.2733 | Repr Cosμ: 0.8422 Val Cosμ: 0.9996 | Pred→Target Cosμ: 0.9781 Val Cosμ: 0.7726 | Repr NormRatio: 1.2421 Val NormRatio: 1.0007
Epoch 73/100 | Steps: 559 | LR: 0.000021 | Train Loss: 0.035542 (P:0.0332, S:0.0365, Q:0.0005) | Val Loss: 0.043818 (P:0.0224, S:0.4213, Q:0.0004) | Repr L2μ: 2.6515 Val L2μ: 0.2816 | Repr Cosμ: 0.8261 Val Cosμ: 0.9995 | Pred→Target Cosμ: 0.9786 Val Cosμ: 0.7756 | Repr NormRatio: 1.1913 Val NormRatio: 1.0007
Epoch 74/100 | Steps: 559 | LR: 0.000020 | Train Loss: 0.032716 (P:0.0304, S:0.0364, Q:0.0005) | Val Loss: 0.050120 (P:0.0286, S:0.4204, Q:0.0005) | Repr L2μ: 2.7036 Val L2μ: 0.2774 | Repr Cosμ: 0.8201 Val Cosμ: 0.9996 | Pred→Target Cosμ: 0.9786 Val Cosμ: 0.7724 | Repr NormRatio: 1.1902 Val NormRatio: 1.0007
Epoch 75/100 | Steps: 559 | LR: 0.000019 | Train Loss: 0.027765 (P:0.0255, S:0.0362, Q:0.0005) | Val Loss: 0.043474 (P:0.0217, S:0.4278, Q:0.0003) | Repr L2μ: 2.7562 Val L2μ: 0.2948 | Repr Cosμ: 0.8119 Val Cosμ: 0.9995 | Pred→Target Cosμ: 0.9799 Val Cosμ: 0.8120 | Repr NormRatio: 1.1849 Val NormRatio: 1.0007
   -> Saved improved checkpoint: val_loss=0.043474 at epoch 75
Epoch 76/100 | Steps: 559 | LR: 0.000017 | Train Loss: 0.025538 (P:0.0232, S:0.0357, Q:0.0005) | Val Loss: 0.052579 (P:0.0312, S:0.4188, Q:0.0004) | Repr L2μ: 2.9111 Val L2μ: 0.3122 | Repr Cosμ: 0.7982 Val Cosμ: 0.9994 | Pred→Target Cosμ: 0.9787 Val Cosμ: 0.8028 | Repr NormRatio: 1.1638 Val NormRatio: 1.0006
Epoch 77/100 | Steps: 559 | LR: 0.000016 | Train Loss: 0.025492 (P:0.0232, S:0.0357, Q:0.0005) | Val Loss: 0.043708 (P:0.0223, S:0.4214, Q:0.0004) | Repr L2μ: 2.9402 Val L2μ: 0.2889 | Repr Cosμ: 0.7965 Val Cosμ: 0.9995 | Pred→Target Cosμ: 0.9789 Val Cosμ: 0.8188 | Repr NormRatio: 1.1818 Val NormRatio: 1.0006
Epoch 78/100 | Steps: 559 | LR: 0.000015 | Train Loss: 0.023193 (P:0.0209, S:0.0355, Q:0.0005) | Val Loss: 0.044241 (P:0.0224, S:0.4273, Q:0.0004) | Repr L2μ: 3.0095 Val L2μ: 0.2857 | Repr Cosμ: 0.7887 Val Cosμ: 0.9995 | Pred→Target Cosμ: 0.9790 Val Cosμ: 0.8258 | Repr NormRatio: 1.1674 Val NormRatio: 1.0006
Epoch 79/100 | Steps: 559 | LR: 0.000014 | Train Loss: 0.023014 (P:0.0207, S:0.0354, Q:0.0005) | Val Loss: 0.040334 (P:0.0188, S:0.4206, Q:0.0005) | Repr L2μ: 2.9013 Val L2μ: 0.2781 | Repr Cosμ: 0.7975 Val Cosμ: 0.9996 | Pred→Target Cosμ: 0.9797 Val Cosμ: 0.8160 | Repr NormRatio: 1.1728 Val NormRatio: 1.0006
   -> Saved improved checkpoint: val_loss=0.040334 at epoch 79
Epoch 80/100 | Steps: 559 | LR: 0.000013 | Train Loss: 0.026829 (P:0.0245, S:0.0356, Q:0.0005) | Val Loss: 0.043303 (P:0.0220, S:0.4196, Q:0.0004) | Repr L2μ: 2.7436 Val L2μ: 0.2710 | Repr Cosμ: 0.8107 Val Cosμ: 0.9996 | Pred→Target Cosμ: 0.9795 Val Cosμ: 0.8074 | Repr NormRatio: 1.1713 Val NormRatio: 1.0007
Epoch 81/100 | Steps: 559 | LR: 0.000011 | Train Loss: 0.024627 (P:0.0223, S:0.0359, Q:0.0005) | Val Loss: 0.042208 (P:0.0209, S:0.4188, Q:0.0004) | Repr L2μ: 2.7785 Val L2μ: 0.2858 | Repr Cosμ: 0.8059 Val Cosμ: 0.9995 | Pred→Target Cosμ: 0.9799 Val Cosμ: 0.8049 | Repr NormRatio: 1.1529 Val NormRatio: 1.0007
Epoch 82/100 | Steps: 559 | LR: 0.000010 | Train Loss: 0.022093 (P:0.0198, S:0.0354, Q:0.0005) | Val Loss: 0.040173 (P:0.0187, S:0.4216, Q:0.0004) | Repr L2μ: 2.9017 Val L2μ: 0.2893 | Repr Cosμ: 0.7960 Val Cosμ: 0.9995 | Pred→Target Cosμ: 0.9800 Val Cosμ: 0.8146 | Repr NormRatio: 1.1523 Val NormRatio: 1.0008
   -> Saved improved checkpoint: val_loss=0.040173 at epoch 82
Epoch 83/100 | Steps: 559 | LR: 0.000009 | Train Loss: 0.023600 (P:0.0214, S:0.0349, Q:0.0005) | Val Loss: 0.044509 (P:0.0226, S:0.4308, Q:0.0004) | Repr L2μ: 2.9392 Val L2μ: 0.2871 | Repr Cosμ: 0.7949 Val Cosμ: 0.9995 | Pred→Target Cosμ: 0.9800 Val Cosμ: 0.8291 | Repr NormRatio: 1.1566 Val NormRatio: 1.0008
Epoch 84/100 | Steps: 559 | LR: 0.000009 | Train Loss: 0.020436 (P:0.0182, S:0.0351, Q:0.0005) | Val Loss: 0.039089 (P:0.0177, S:0.4200, Q:0.0004) | Repr L2μ: 2.9418 Val L2μ: 0.2865 | Repr Cosμ: 0.7936 Val Cosμ: 0.9995 | Pred→Target Cosμ: 0.9806 Val Cosμ: 0.8214 | Repr NormRatio: 1.1433 Val NormRatio: 1.0007
   -> Saved improved checkpoint: val_loss=0.039089 at epoch 84
Epoch 85/100 | Steps: 559 | LR: 0.000008 | Train Loss: 0.020866 (P:0.0186, S:0.0350, Q:0.0005) | Val Loss: 0.049152 (P:0.0278, S:0.4182, Q:0.0005) | Repr L2μ: 2.8746 Val L2μ: 0.2742 | Repr Cosμ: 0.7987 Val Cosμ: 0.9996 | Pred→Target Cosμ: 0.9805 Val Cosμ: 0.7942 | Repr NormRatio: 1.1482 Val NormRatio: 1.0007
Epoch 86/100 | Steps: 559 | LR: 0.000007 | Train Loss: 0.020991 (P:0.0188, S:0.0349, Q:0.0005) | Val Loss: 0.041184 (P:0.0193, S:0.4274, Q:0.0005) | Repr L2μ: 2.7922 Val L2μ: 0.2709 | Repr Cosμ: 0.8056 Val Cosμ: 0.9996 | Pred→Target Cosμ: 0.9809 Val Cosμ: 0.8285 | Repr NormRatio: 1.1515 Val NormRatio: 1.0007
Epoch 87/100 | Steps: 559 | LR: 0.000006 | Train Loss: 0.021181 (P:0.0189, S:0.0350, Q:0.0005) | Val Loss: 0.039146 (P:0.0177, S:0.4206, Q:0.0004) | Repr L2μ: 2.7759 Val L2μ: 0.2741 | Repr Cosμ: 0.8059 Val Cosμ: 0.9996 | Pred→Target Cosμ: 0.9809 Val Cosμ: 0.8146 | Repr NormRatio: 1.1419 Val NormRatio: 1.0007
Epoch 88/100 | Steps: 559 | LR: 0.000005 | Train Loss: 0.022536 (P:0.0203, S:0.0351, Q:0.0005) | Val Loss: 0.040167 (P:0.0189, S:0.4169, Q:0.0005) | Repr L2μ: 2.6998 Val L2μ: 0.2808 | Repr Cosμ: 0.8135 Val Cosμ: 0.9995 | Pred→Target Cosμ: 0.9806 Val Cosμ: 0.7971 | Repr NormRatio: 1.1439 Val NormRatio: 1.0007
Epoch 89/100 | Steps: 559 | LR: 0.000005 | Train Loss: 0.018781 (P:0.0165, S:0.0348, Q:0.0005) | Val Loss: 0.040409 (P:0.0187, S:0.4263, Q:0.0004) | Repr L2μ: 2.8594 Val L2μ: 0.2885 | Repr Cosμ: 0.7985 Val Cosμ: 0.9995 | Pred→Target Cosμ: 0.9817 Val Cosμ: 0.8254 | Repr NormRatio: 1.1385 Val NormRatio: 1.0007
Epoch 90/100 | Steps: 559 | LR: 0.000004 | Train Loss: 0.019309 (P:0.0171, S:0.0348, Q:0.0005) | Val Loss: 0.039503 (P:0.0178, S:0.4264, Q:0.0004) | Repr L2μ: 2.8952 Val L2μ: 0.2835 | Repr Cosμ: 0.7952 Val Cosμ: 0.9995 | Pred→Target Cosμ: 0.9816 Val Cosμ: 0.8285 | Repr NormRatio: 1.1446 Val NormRatio: 1.0007
Epoch 91/100 | Steps: 559 | LR: 0.000003 | Train Loss: 0.019014 (P:0.0168, S:0.0349, Q:0.0005) | Val Loss: 0.040186 (P:0.0187, S:0.4219, Q:0.0004) | Repr L2μ: 2.8191 Val L2μ: 0.2827 | Repr Cosμ: 0.8017 Val Cosμ: 0.9995 | Pred→Target Cosμ: 0.9817 Val Cosμ: 0.8177 | Repr NormRatio: 1.1503 Val NormRatio: 1.0007
Epoch 92/100 | Steps: 559 | LR: 0.000003 | Train Loss: 0.018506 (P:0.0163, S:0.0348, Q:0.0005) | Val Loss: 0.041269 (P:0.0199, S:0.4205, Q:0.0004) | Repr L2μ: 2.8568 Val L2μ: 0.2793 | Repr Cosμ: 0.7968 Val Cosμ: 0.9995 | Pred→Target Cosμ: 0.9817 Val Cosμ: 0.8156 | Repr NormRatio: 1.1462 Val NormRatio: 1.0007
Epoch 93/100 | Steps: 559 | LR: 0.000002 | Train Loss: 0.019198 (P:0.0170, S:0.0345, Q:0.0005) | Val Loss: 0.040713 (P:0.0190, S:0.4270, Q:0.0004) | Repr L2μ: 2.8298 Val L2μ: 0.2789 | Repr Cosμ: 0.7997 Val Cosμ: 0.9995 | Pred→Target Cosμ: 0.9816 Val Cosμ: 0.8250 | Repr NormRatio: 1.1475 Val NormRatio: 1.0007
Epoch 94/100 | Steps: 559 | LR: 0.000002 | Train Loss: 0.018305 (P:0.0161, S:0.0345, Q:0.0005) | Val Loss: 0.040054 (P:0.0186, S:0.4209, Q:0.0004) | Repr L2μ: 2.8511 Val L2μ: 0.2833 | Repr Cosμ: 0.7984 Val Cosμ: 0.9995 | Pred→Target Cosμ: 0.9818 Val Cosμ: 0.8188 | Repr NormRatio: 1.1473 Val NormRatio: 1.0007
Epoch 95/100 | Steps: 559 | LR: 0.000002 | Train Loss: 0.017530 (P:0.0153, S:0.0344, Q:0.0005) | Val Loss: 0.044819 (P:0.0236, S:0.4165, Q:0.0004) | Repr L2μ: 2.8512 Val L2μ: 0.2823 | Repr Cosμ: 0.7984 Val Cosμ: 0.9995 | Pred→Target Cosμ: 0.9816 Val Cosμ: 0.7959 | Repr NormRatio: 1.1460 Val NormRatio: 1.0007
Epoch 96/100 | Steps: 559 | LR: 0.000001 | Train Loss: 0.018629 (P:0.0164, S:0.0347, Q:0.0005) | Val Loss: 0.040429 (P:0.0192, S:0.4151, Q:0.0004) | Repr L2μ: 2.8342 Val L2μ: 0.2821 | Repr Cosμ: 0.8001 Val Cosμ: 0.9995 | Pred→Target Cosμ: 0.9815 Val Cosμ: 0.7971 | Repr NormRatio: 1.1516 Val NormRatio: 1.0007
Epoch 97/100 | Steps: 559 | LR: 0.000001 | Train Loss: 0.019374 (P:0.0172, S:0.0346, Q:0.0005) | Val Loss: 0.049633 (P:0.0285, S:0.4152, Q:0.0004) | Repr L2μ: 2.8630 Val L2μ: 0.2863 | Repr Cosμ: 0.7976 Val Cosμ: 0.9995 | Pred→Target Cosμ: 0.9815 Val Cosμ: 0.7941 | Repr NormRatio: 1.1463 Val NormRatio: 1.0008
Epoch 98/100 | Steps: 559 | LR: 0.000001 | Train Loss: 0.018097 (P:0.0159, S:0.0344, Q:0.0005) | Val Loss: 0.039262 (P:0.0176, S:0.4250, Q:0.0004) | Repr L2μ: 2.8776 Val L2μ: 0.2861 | Repr Cosμ: 0.7965 Val Cosμ: 0.9995 | Pred→Target Cosμ: 0.9816 Val Cosμ: 0.8283 | Repr NormRatio: 1.1502 Val NormRatio: 1.0008
Epoch 99/100 | Steps: 559 | LR: 0.000001 | Train Loss: 0.018697 (P:0.0165, S:0.0343, Q:0.0005) | Val Loss: 0.038351 (P:0.0171, S:0.4175, Q:0.0004) | Repr L2μ: 2.8669 Val L2μ: 0.2851 | Repr Cosμ: 0.7975 Val Cosμ: 0.9995 | Pred→Target Cosμ: 0.9815 Val Cosμ: 0.8131 | Repr NormRatio: 1.1506 Val NormRatio: 1.0008
   -> Saved improved checkpoint: val_loss=0.038351 at epoch 99
Epoch 100/100 | Steps: 559 | LR: 0.000001 | Train Loss: 0.017818 (P:0.0156, S:0.0345, Q:0.0005) | Val Loss: 0.045603 (P:0.0244, S:0.4156, Q:0.0004) | Repr L2μ: 2.8633 Val L2μ: 0.2846 | Repr Cosμ: 0.7976 Val Cosμ: 0.9995 | Pred→Target Cosμ: 0.9818 Val Cosμ: 0.8015 | Repr NormRatio: 1.1533 Val NormRatio: 1.0008
Saved attention maps for 100 epoch snapshot(s) under ./runs/pretrain_electricity_laya_mixer_concat_text/attention_maps
