nohup: ignoring input
🚀 Laya-TS Pretraining: electricity (laya + mixer_stats)
📊 data_path: ../Dataset/long_term_forecast/electricity/electricity.csv
📝 metadata: mode=stats, fusion=add, relation=none, stats_dim=384
📝 log_dir: ./runs/pretrain_electricity_laya_mixer_stats
Stats metadata preview | dataset=electricity | domain=electricity | channels=321
   - 0: Channel statistics over the training split: mean value is 25.086, standard deviation is 24.648, minimum value is 0.000, maximum value is 137.000, median value is 12.000, and mean absolute value is 25.086.
📊 Dataset Statistics:
   - Sequence Length (T): 512
   - Train Samples: 17903, Steps: 559
   - Val Samples: 2119, Steps: 67
🔧 Encoder Hyperparameters:
   - d_model: 128
   - n_heads: 8
   - n_layers: 3
   - proj_dim: 256
   - patch_size: 16
   - metadata_fusion_mode: add
   - channel_mixer_relation_mode: none
   - encoder_variant: default
   - temporal_patchifier_mode: fixed
   - use_channel_relation_block: False
🧮 Parameter Counts:
   - Total Parameters: 4,322,944
   - Trainable Parameters: 4,322,944
⏱️ Schedule:
   - total_steps: 55900
   - warmup_steps: 5590
   - derived_epochs: 100
Epoch 1/100 | Steps: 559 | LR: 0.000010 | Train Loss: 1.804836 (P:0.7913, S:0.2720, Q:1.0000) | Val Loss: 2.065870 (P:1.0411, S:0.4957, Q:1.0000) | Repr L2μ: 1.3165 Val L2μ: 0.4492 | Repr Cosμ: 0.9905 Val Cosμ: 0.9990 | Pred→Target Cosμ: 0.4644 Val Cosμ: 0.4210 | Repr NormRatio: 1.0136 Val NormRatio: 1.0054
   -> Saved improved checkpoint: val_loss=2.065870 at epoch 1
Epoch 2/100 | Steps: 559 | LR: 0.000020 | Train Loss: 1.625300 (P:0.6162, S:0.1870, Q:0.9997) | Val Loss: 2.219364 (P:1.1961, S:0.4853, Q:0.9990) | Repr L2μ: 1.2679 Val L2μ: 0.4441 | Repr Cosμ: 0.9912 Val Cosμ: 0.9990 | Pred→Target Cosμ: 0.6744 Val Cosμ: 0.3201 | Repr NormRatio: 1.0132 Val NormRatio: 1.0053
Epoch 3/100 | Steps: 559 | LR: 0.000030 | Train Loss: 1.386396 (P:0.4107, S:0.1240, Q:0.9695) | Val Loss: 1.956856 (P:1.0837, S:0.4839, Q:0.8490) | Repr L2μ: 1.2777 Val L2μ: 0.5113 | Repr Cosμ: 0.9911 Val Cosμ: 0.9987 | Pred→Target Cosμ: 0.9162 Val Cosμ: 0.3713 | Repr NormRatio: 1.0144 Val NormRatio: 1.0085
   -> Saved improved checkpoint: val_loss=1.956856 at epoch 3
Epoch 4/100 | Steps: 559 | LR: 0.000040 | Train Loss: 1.019229 (P:0.4393, S:0.1037, Q:0.5747) | Val Loss: 1.224319 (P:0.7482, S:0.5642, Q:0.4479) | Repr L2μ: 2.2863 Val L2μ: 0.7292 | Repr Cosμ: 0.9689 Val Cosμ: 0.9973 | Pred→Target Cosμ: 0.8691 Val Cosμ: 0.7255 | Repr NormRatio: 1.0591 Val NormRatio: 1.0189
   -> Saved improved checkpoint: val_loss=1.224319 at epoch 4
Epoch 5/100 | Steps: 559 | LR: 0.000050 | Train Loss: 0.800700 (P:0.3741, S:0.0952, Q:0.4218) | Val Loss: 1.593486 (P:1.1727, S:0.6029, Q:0.3906) | Repr L2μ: 3.0451 Val L2μ: 0.8351 | Repr Cosμ: 0.9508 Val Cosμ: 0.9964 | Pred→Target Cosμ: 0.8480 Val Cosμ: 0.1859 | Repr NormRatio: 1.0797 Val NormRatio: 1.0138
Epoch 6/100 | Steps: 559 | LR: 0.000060 | Train Loss: 0.675650 (P:0.2972, S:0.0765, Q:0.3747) | Val Loss: 1.535173 (P:1.1726, S:0.4680, Q:0.3392) | Repr L2μ: 3.2245 Val L2μ: 0.6558 | Repr Cosμ: 0.9483 Val Cosμ: 0.9979 | Pred→Target Cosμ: 0.8676 Val Cosμ: 0.2750 | Repr NormRatio: 1.0735 Val NormRatio: 1.0131
Epoch 7/100 | Steps: 559 | LR: 0.000070 | Train Loss: 0.557636 (P:0.2501, S:0.0688, Q:0.3041) | Val Loss: 1.015253 (P:0.7064, S:0.4984, Q:0.2839) | Repr L2μ: 3.1146 Val L2μ: 0.5800 | Repr Cosμ: 0.9539 Val Cosμ: 0.9984 | Pred→Target Cosμ: 0.8752 Val Cosμ: 0.5054 | Repr NormRatio: 1.0613 Val NormRatio: 1.0102
   -> Saved improved checkpoint: val_loss=1.015253 at epoch 7
Epoch 8/100 | Steps: 559 | LR: 0.000080 | Train Loss: 0.500567 (P:0.2160, S:0.0636, Q:0.2814) | Val Loss: 0.903761 (P:0.6050, S:0.4746, Q:0.2750) | Repr L2μ: 3.1058 Val L2μ: 0.5504 | Repr Cosμ: 0.9548 Val Cosμ: 0.9986 | Pred→Target Cosμ: 0.8786 Val Cosμ: 0.6820 | Repr NormRatio: 1.0611 Val NormRatio: 1.0094
   -> Saved improved checkpoint: val_loss=0.903761 at epoch 8
Epoch 9/100 | Steps: 559 | LR: 0.000090 | Train Loss: 0.463189 (P:0.1860, S:0.0591, Q:0.2742) | Val Loss: 0.878536 (P:0.5790, S:0.5876, Q:0.2701) | Repr L2μ: 3.1342 Val L2μ: 0.5044 | Repr Cosμ: 0.9540 Val Cosμ: 0.9988 | Pred→Target Cosμ: 0.8797 Val Cosμ: 0.7044 | Repr NormRatio: 1.0594 Val NormRatio: 1.0085
   -> Saved improved checkpoint: val_loss=0.878536 at epoch 9
Epoch 10/100 | Steps: 559 | LR: 0.000100 | Train Loss: 0.432286 (P:0.1608, S:0.0558, Q:0.2687) | Val Loss: 0.812442 (P:0.5202, S:0.5432, Q:0.2651) | Repr L2μ: 3.1148 Val L2μ: 0.4716 | Repr Cosμ: 0.9545 Val Cosμ: 0.9990 | Pred→Target Cosμ: 0.8784 Val Cosμ: 0.7195 | Repr NormRatio: 1.0602 Val NormRatio: 1.0072
   -> Saved improved checkpoint: val_loss=0.812442 at epoch 10
Epoch 11/100 | Steps: 559 | LR: 0.000100 | Train Loss: 0.407982 (P:0.1421, S:0.0536, Q:0.2632) | Val Loss: 0.868818 (P:0.5773, S:0.5893, Q:0.2620) | Repr L2μ: 2.9941 Val L2μ: 0.4514 | Repr Cosμ: 0.9578 Val Cosμ: 0.9990 | Pred→Target Cosμ: 0.8762 Val Cosμ: 0.5087 | Repr NormRatio: 1.0583 Val NormRatio: 1.0065
Epoch 12/100 | Steps: 559 | LR: 0.000100 | Train Loss: 0.389832 (P:0.1291, S:0.0507, Q:0.2582) | Val Loss: 0.738014 (P:0.4541, S:0.6470, Q:0.2516) | Repr L2μ: 3.0410 Val L2μ: 0.4770 | Repr Cosμ: 0.9562 Val Cosμ: 0.9989 | Pred→Target Cosμ: 0.8726 Val Cosμ: 0.7398 | Repr NormRatio: 1.0569 Val NormRatio: 1.0065
   -> Saved improved checkpoint: val_loss=0.738014 at epoch 12
Epoch 13/100 | Steps: 559 | LR: 0.000100 | Train Loss: 0.370785 (P:0.1220, S:0.0498, Q:0.2463) | Val Loss: 0.939345 (P:0.6577, S:1.1106, Q:0.2261) | Repr L2μ: 2.9727 Val L2μ: 0.6403 | Repr Cosμ: 0.9581 Val Cosμ: 0.9980 | Pred→Target Cosμ: 0.8697 Val Cosμ: 0.4113 | Repr NormRatio: 1.0540 Val NormRatio: 1.0098
Epoch 14/100 | Steps: 559 | LR: 0.000100 | Train Loss: 0.320286 (P:0.1254, S:0.0497, Q:0.1924) | Val Loss: 0.832641 (P:0.6216, S:0.6114, Q:0.1804) | Repr L2μ: 2.9672 Val L2μ: 0.5508 | Repr Cosμ: 0.9578 Val Cosμ: 0.9986 | Pred→Target Cosμ: 0.8654 Val Cosμ: 0.7452 | Repr NormRatio: 1.0517 Val NormRatio: 1.0089
Epoch 15/100 | Steps: 559 | LR: 0.000099 | Train Loss: 0.276308 (P:0.1238, S:0.0464, Q:0.1502) | Val Loss: 0.924931 (P:0.7629, S:0.7255, Q:0.1258) | Repr L2μ: 3.0137 Val L2μ: 0.5445 | Repr Cosμ: 0.9566 Val Cosμ: 0.9986 | Pred→Target Cosμ: 0.8704 Val Cosμ: 0.7063 | Repr NormRatio: 1.0518 Val NormRatio: 1.0085
Epoch 16/100 | Steps: 559 | LR: 0.000099 | Train Loss: 0.225645 (P:0.1153, S:0.0437, Q:0.1081) | Val Loss: 0.672816 (P:0.5301, S:0.8844, Q:0.0985) | Repr L2μ: 3.0249 Val L2μ: 0.8404 | Repr Cosμ: 0.9560 Val Cosμ: 0.9964 | Pred→Target Cosμ: 0.8818 Val Cosμ: 0.5498 | Repr NormRatio: 1.0521 Val NormRatio: 1.0092
   -> Saved improved checkpoint: val_loss=0.672816 at epoch 16
Epoch 17/100 | Steps: 559 | LR: 0.000099 | Train Loss: 0.205047 (P:0.1190, S:0.0430, Q:0.0839) | Val Loss: 0.724752 (P:0.6155, S:0.5769, Q:0.0805) | Repr L2μ: 2.8193 Val L2μ: 0.8539 | Repr Cosμ: 0.9613 Val Cosμ: 0.9961 | Pred→Target Cosμ: 0.8824 Val Cosμ: 0.6771 | Repr NormRatio: 1.0444 Val NormRatio: 1.0067
Epoch 18/100 | Steps: 559 | LR: 0.000098 | Train Loss: 0.183376 (P:0.1117, S:0.0404, Q:0.0696) | Val Loss: 0.700258 (P:0.5934, S:0.6600, Q:0.0738) | Repr L2μ: 3.0071 Val L2μ: 0.8415 | Repr Cosμ: 0.9559 Val Cosμ: 0.9962 | Pred→Target Cosμ: 0.8938 Val Cosμ: 0.7073 | Repr NormRatio: 1.0474 Val NormRatio: 1.0051
Epoch 19/100 | Steps: 559 | LR: 0.000098 | Train Loss: 0.171439 (P:0.1069, S:0.0386, Q:0.0626) | Val Loss: 0.814710 (P:0.7010, S:0.8883, Q:0.0693) | Repr L2μ: 3.0147 Val L2μ: 0.8722 | Repr Cosμ: 0.9555 Val Cosμ: 0.9961 | Pred→Target Cosμ: 0.9008 Val Cosμ: 0.8347 | Repr NormRatio: 1.0475 Val NormRatio: 1.0074
Epoch 20/100 | Steps: 559 | LR: 0.000097 | Train Loss: 0.162385 (P:0.1034, S:0.0377, Q:0.0571) | Val Loss: 0.659380 (P:0.5563, S:0.8337, Q:0.0614) | Repr L2μ: 2.9745 Val L2μ: 0.8936 | Repr Cosμ: 0.9571 Val Cosμ: 0.9959 | Pred→Target Cosμ: 0.9071 Val Cosμ: 0.6363 | Repr NormRatio: 1.0437 Val NormRatio: 1.0062
   -> Saved improved checkpoint: val_loss=0.659380 at epoch 20
Epoch 21/100 | Steps: 559 | LR: 0.000096 | Train Loss: 0.153452 (P:0.0996, S:0.0368, Q:0.0520) | Val Loss: 1.031056 (P:0.9091, S:1.1991, Q:0.0620) | Repr L2μ: 2.9116 Val L2μ: 0.7483 | Repr Cosμ: 0.9586 Val Cosμ: 0.9971 | Pred→Target Cosμ: 0.9114 Val Cosμ: 0.8146 | Repr NormRatio: 1.0428 Val NormRatio: 1.0052
Epoch 22/100 | Steps: 559 | LR: 0.000096 | Train Loss: 0.147887 (P:0.0995, S:0.0368, Q:0.0465) | Val Loss: 0.535627 (P:0.4483, S:0.6350, Q:0.0556) | Repr L2μ: 2.8701 Val L2μ: 0.8127 | Repr Cosμ: 0.9597 Val Cosμ: 0.9965 | Pred→Target Cosμ: 0.9125 Val Cosμ: 0.6041 | Repr NormRatio: 1.0387 Val NormRatio: 1.0045
   -> Saved improved checkpoint: val_loss=0.535627 at epoch 22
Epoch 23/100 | Steps: 559 | LR: 0.000095 | Train Loss: 0.142392 (P:0.0996, S:0.0371, Q:0.0410) | Val Loss: 0.571264 (P:0.4915, S:0.5937, Q:0.0501) | Repr L2μ: 2.6521 Val L2μ: 0.7351 | Repr Cosμ: 0.9646 Val Cosμ: 0.9972 | Pred→Target Cosμ: 0.9125 Val Cosμ: 0.5684 | Repr NormRatio: 1.0342 Val NormRatio: 1.0045
Epoch 24/100 | Steps: 559 | LR: 0.000094 | Train Loss: 0.135417 (P:0.0990, S:0.0370, Q:0.0346) | Val Loss: 0.567970 (P:0.4742, S:0.9628, Q:0.0456) | Repr L2μ: 2.6041 Val L2μ: 0.7289 | Repr Cosμ: 0.9650 Val Cosμ: 0.9972 | Pred→Target Cosμ: 0.9164 Val Cosμ: 0.8246 | Repr NormRatio: 1.0339 Val NormRatio: 1.0052
Epoch 25/100 | Steps: 559 | LR: 0.000093 | Train Loss: 0.128726 (P:0.0977, S:0.0366, Q:0.0292) | Val Loss: 0.847925 (P:0.7516, S:1.1171, Q:0.0405) | Repr L2μ: 2.4585 Val L2μ: 0.8861 | Repr Cosμ: 0.9689 Val Cosμ: 0.9958 | Pred→Target Cosμ: 0.9172 Val Cosμ: 0.7026 | Repr NormRatio: 1.0316 Val NormRatio: 1.0060
Epoch 26/100 | Steps: 559 | LR: 0.000092 | Train Loss: 0.123351 (P:0.0968, S:0.0361, Q:0.0248) | Val Loss: 1.435543 (P:1.3132, S:1.7459, Q:0.0351) | Repr L2μ: 2.4272 Val L2μ: 0.9257 | Repr Cosμ: 0.9698 Val Cosμ: 0.9954 | Pred→Target Cosμ: 0.9204 Val Cosμ: 0.8879 | Repr NormRatio: 1.0322 Val NormRatio: 1.0049
Epoch 27/100 | Steps: 559 | LR: 0.000092 | Train Loss: 0.113400 (P:0.0919, S:0.0359, Q:0.0197) | Val Loss: 0.787371 (P:0.7061, S:1.0372, Q:0.0294) | Repr L2μ: 2.3807 Val L2μ: 0.8741 | Repr Cosμ: 0.9713 Val Cosμ: 0.9960 | Pred→Target Cosμ: 0.9275 Val Cosμ: 0.7334 | Repr NormRatio: 1.0306 Val NormRatio: 1.0035
Epoch 28/100 | Steps: 559 | LR: 0.000091 | Train Loss: 0.107397 (P:0.0899, S:0.0357, Q:0.0157) | Val Loss: 1.542757 (P:1.4337, S:1.7494, Q:0.0216) | Repr L2μ: 2.4250 Val L2μ: 0.8162 | Repr Cosμ: 0.9697 Val Cosμ: 0.9965 | Pred→Target Cosμ: 0.9282 Val Cosμ: 0.8712 | Repr NormRatio: 1.0299 Val NormRatio: 1.0043
Epoch 29/100 | Steps: 559 | LR: 0.000090 | Train Loss: 0.107368 (P:0.0934, S:0.0370, Q:0.0121) | Val Loss: 0.899928 (P:0.8202, S:1.2072, Q:0.0193) | Repr L2μ: 2.3603 Val L2μ: 0.6440 | Repr Cosμ: 0.9712 Val Cosμ: 0.9978 | Pred→Target Cosμ: 0.9264 Val Cosμ: 0.8091 | Repr NormRatio: 1.0259 Val NormRatio: 1.0030
Epoch 30/100 | Steps: 559 | LR: 0.000088 | Train Loss: 0.105267 (P:0.0939, S:0.0377, Q:0.0095) | Val Loss: 1.776953 (P:1.6831, S:1.5515, Q:0.0163) | Repr L2μ: 2.1825 Val L2μ: 0.6001 | Repr Cosμ: 0.9753 Val Cosμ: 0.9981 | Pred→Target Cosμ: 0.9269 Val Cosμ: 0.8787 | Repr NormRatio: 1.0218 Val NormRatio: 1.0021
Epoch 31/100 | Steps: 559 | LR: 0.000087 | Train Loss: 0.099344 (P:0.0893, S:0.0375, Q:0.0081) | Val Loss: 0.726035 (P:0.6753, S:0.7726, Q:0.0121) | Repr L2μ: 2.1515 Val L2μ: 0.8620 | Repr Cosμ: 0.9755 Val Cosμ: 0.9961 | Pred→Target Cosμ: 0.9331 Val Cosμ: 0.7661 | Repr NormRatio: 1.0187 Val NormRatio: 1.0028
Epoch 32/100 | Steps: 559 | LR: 0.000086 | Train Loss: 0.096407 (P:0.0877, S:0.0366, Q:0.0069) | Val Loss: 0.589943 (P:0.5497, S:0.5741, Q:0.0115) | Repr L2μ: 2.1956 Val L2μ: 0.8433 | Repr Cosμ: 0.9736 Val Cosμ: 0.9962 | Pred→Target Cosμ: 0.9350 Val Cosμ: 0.6612 | Repr NormRatio: 1.0202 Val NormRatio: 1.0024
Epoch 33/100 | Steps: 559 | LR: 0.000085 | Train Loss: 0.091120 (P:0.0835, S:0.0357, Q:0.0058) | Val Loss: 1.288419 (P:1.2405, S:0.7437, Q:0.0108) | Repr L2μ: 2.2016 Val L2μ: 0.8915 | Repr Cosμ: 0.9740 Val Cosμ: 0.9956 | Pred→Target Cosμ: 0.9394 Val Cosμ: 0.8150 | Repr NormRatio: 1.0189 Val NormRatio: 1.0018
Epoch 34/100 | Steps: 559 | LR: 0.000084 | Train Loss: 0.087818 (P:0.0809, S:0.0351, Q:0.0051) | Val Loss: 0.926424 (P:0.8807, S:0.6938, Q:0.0110) | Repr L2μ: 2.1944 Val L2μ: 0.8596 | Repr Cosμ: 0.9750 Val Cosμ: 0.9960 | Pred→Target Cosμ: 0.9417 Val Cosμ: 0.7025 | Repr NormRatio: 1.0163 Val NormRatio: 1.0025
Epoch 35/100 | Steps: 559 | LR: 0.000082 | Train Loss: 0.086946 (P:0.0803, S:0.0356, Q:0.0049) | Val Loss: 2.221963 (P:2.1122, S:1.9457, Q:0.0125) | Repr L2μ: 2.3696 Val L2μ: 0.7504 | Repr Cosμ: 0.9699 Val Cosμ: 0.9969 | Pred→Target Cosμ: 0.9430 Val Cosμ: 0.9315 | Repr NormRatio: 1.0185 Val NormRatio: 1.0026
Epoch 36/100 | Steps: 559 | LR: 0.000081 | Train Loss: 0.081564 (P:0.0754, S:0.0353, Q:0.0044) | Val Loss: 0.820478 (P:0.7817, S:0.5666, Q:0.0105) | Repr L2μ: 2.3295 Val L2μ: 1.1099 | Repr Cosμ: 0.9700 Val Cosμ: 0.9931 | Pred→Target Cosμ: 0.9470 Val Cosμ: 0.7011 | Repr NormRatio: 1.0158 Val NormRatio: 1.0018
Epoch 37/100 | Steps: 559 | LR: 0.000080 | Train Loss: 0.079228 (P:0.0734, S:0.0352, Q:0.0041) | Val Loss: 0.932889 (P:0.8965, S:0.5353, Q:0.0096) | Repr L2μ: 2.5522 Val L2μ: 0.9774 | Repr Cosμ: 0.9639 Val Cosμ: 0.9948 | Pred→Target Cosμ: 0.9488 Val Cosμ: 0.8060 | Repr NormRatio: 1.0176 Val NormRatio: 1.0016
Epoch 38/100 | Steps: 559 | LR: 0.000078 | Train Loss: 0.077709 (P:0.0722, S:0.0357, Q:0.0038) | Val Loss: 0.642913 (P:0.6109, S:0.4795, Q:0.0080) | Repr L2μ: 2.6831 Val L2μ: 1.1443 | Repr Cosμ: 0.9603 Val Cosμ: 0.9925 | Pred→Target Cosμ: 0.9494 Val Cosμ: 0.7189 | Repr NormRatio: 1.0164 Val NormRatio: 1.0020
Epoch 39/100 | Steps: 559 | LR: 0.000077 | Train Loss: 0.078348 (P:0.0729, S:0.0363, Q:0.0036) | Val Loss: 1.097165 (P:1.0523, S:0.6960, Q:0.0100) | Repr L2μ: 2.7262 Val L2μ: 1.1063 | Repr Cosμ: 0.9588 Val Cosμ: 0.9932 | Pred→Target Cosμ: 0.9501 Val Cosμ: 0.8223 | Repr NormRatio: 1.0161 Val NormRatio: 1.0017
Epoch 40/100 | Steps: 559 | LR: 0.000075 | Train Loss: 0.075422 (P:0.0704, S:0.0367, Q:0.0032) | Val Loss: 0.698496 (P:0.6586, S:0.6281, Q:0.0085) | Repr L2μ: 2.8021 Val L2μ: 1.3874 | Repr Cosμ: 0.9556 Val Cosμ: 0.9894 | Pred→Target Cosμ: 0.9519 Val Cosμ: 0.8508 | Repr NormRatio: 1.0150 Val NormRatio: 1.0023
Epoch 41/100 | Steps: 559 | LR: 0.000074 | Train Loss: 0.072880 (P:0.0683, S:0.0367, Q:0.0028) | Val Loss: 0.659512 (P:0.6272, S:0.4889, Q:0.0079) | Repr L2μ: 2.6281 Val L2μ: 1.3347 | Repr Cosμ: 0.9598 Val Cosμ: 0.9901 | Pred→Target Cosμ: 0.9532 Val Cosμ: 0.7530 | Repr NormRatio: 1.0122 Val NormRatio: 1.0023
Epoch 42/100 | Steps: 559 | LR: 0.000072 | Train Loss: 0.068505 (P:0.0643, S:0.0372, Q:0.0023) | Val Loss: 0.636601 (P:0.6017, S:0.5320, Q:0.0083) | Repr L2μ: 2.7026 Val L2μ: 1.8643 | Repr Cosμ: 0.9581 Val Cosμ: 0.9803 | Pred→Target Cosμ: 0.9569 Val Cosμ: 0.8250 | Repr NormRatio: 1.0122 Val NormRatio: 1.0040
Epoch 43/100 | Steps: 559 | LR: 0.000071 | Train Loss: 0.069898 (P:0.0658, S:0.0375, Q:0.0023) | Val Loss: 0.946282 (P:0.8909, S:0.9238, Q:0.0092) | Repr L2μ: 2.7178 Val L2μ: 1.8977 | Repr Cosμ: 0.9581 Val Cosμ: 0.9789 | Pred→Target Cosμ: 0.9565 Val Cosμ: 0.8585 | Repr NormRatio: 1.0118 Val NormRatio: 1.0025
Epoch 44/100 | Steps: 559 | LR: 0.000069 | Train Loss: 0.071988 (P:0.0679, S:0.0382, Q:0.0021) | Val Loss: 0.972726 (P:0.9258, S:0.7466, Q:0.0096) | Repr L2μ: 2.8118 Val L2μ: 1.4791 | Repr Cosμ: 0.9552 Val Cosμ: 0.9870 | Pred→Target Cosμ: 0.9554 Val Cosμ: 0.9018 | Repr NormRatio: 1.0122 Val NormRatio: 1.0025
Epoch 45/100 | Steps: 559 | LR: 0.000067 | Train Loss: 0.067055 (P:0.0631, S:0.0387, Q:0.0020) | Val Loss: 0.529822 (P:0.4891, S:0.6322, Q:0.0091) | Repr L2μ: 2.5886 Val L2μ: 1.5187 | Repr Cosμ: 0.9629 Val Cosμ: 0.9862 | Pred→Target Cosμ: 0.9586 Val Cosμ: 0.8120 | Repr NormRatio: 1.0110 Val NormRatio: 1.0018
   -> Saved improved checkpoint: val_loss=0.529822 at epoch 45
Epoch 46/100 | Steps: 559 | LR: 0.000066 | Train Loss: 0.064285 (P:0.0605, S:0.0396, Q:0.0018) | Val Loss: 0.601512 (P:0.5659, S:0.5478, Q:0.0082) | Repr L2μ: 2.8657 Val L2μ: 1.1841 | Repr Cosμ: 0.9536 Val Cosμ: 0.9922 | Pred→Target Cosμ: 0.9597 Val Cosμ: 0.7800 | Repr NormRatio: 1.0110 Val NormRatio: 1.0022
Epoch 47/100 | Steps: 559 | LR: 0.000064 | Train Loss: 0.061550 (P:0.0578, S:0.0409, Q:0.0017) | Val Loss: 0.560044 (P:0.5156, S:0.7128, Q:0.0088) | Repr L2μ: 2.9953 Val L2μ: 1.3622 | Repr Cosμ: 0.9485 Val Cosμ: 0.9893 | Pred→Target Cosμ: 0.9624 Val Cosμ: 0.9154 | Repr NormRatio: 1.0120 Val NormRatio: 1.0021
Epoch 48/100 | Steps: 559 | LR: 0.000062 | Train Loss: 0.055928 (P:0.0525, S:0.0386, Q:0.0015) | Val Loss: 0.669837 (P:0.6272, S:0.6775, Q:0.0088) | Repr L2μ: 2.6979 Val L2μ: 1.1551 | Repr Cosμ: 0.9591 Val Cosμ: 0.9923 | Pred→Target Cosμ: 0.9662 Val Cosμ: 0.8913 | Repr NormRatio: 1.0100 Val NormRatio: 1.0014
Epoch 49/100 | Steps: 559 | LR: 0.000061 | Train Loss: 0.054784 (P:0.0514, S:0.0398, Q:0.0014) | Val Loss: 0.630443 (P:0.5870, S:0.6881, Q:0.0090) | Repr L2μ: 2.7191 Val L2μ: 1.0027 | Repr Cosμ: 0.9584 Val Cosμ: 0.9943 | Pred→Target Cosμ: 0.9668 Val Cosμ: 0.8487 | Repr NormRatio: 1.0093 Val NormRatio: 1.0009
Epoch 50/100 | Steps: 559 | LR: 0.000059 | Train Loss: 0.055168 (P:0.0517, S:0.0403, Q:0.0014) | Val Loss: 0.390713 (P:0.3571, S:0.4927, Q:0.0089) | Repr L2μ: 2.7477 Val L2μ: 1.6486 | Repr Cosμ: 0.9551 Val Cosμ: 0.9841 | Pred→Target Cosμ: 0.9671 Val Cosμ: 0.7668 | Repr NormRatio: 1.0091 Val NormRatio: 1.0024
   -> Saved improved checkpoint: val_loss=0.390713 at epoch 50
Epoch 51/100 | Steps: 559 | LR: 0.000057 | Train Loss: 0.051518 (P:0.0483, S:0.0400, Q:0.0013) | Val Loss: 0.407813 (P:0.3751, S:0.4869, Q:0.0084) | Repr L2μ: 2.7057 Val L2μ: 1.6328 | Repr Cosμ: 0.9559 Val Cosμ: 0.9849 | Pred→Target Cosμ: 0.9696 Val Cosμ: 0.8933 | Repr NormRatio: 1.0085 Val NormRatio: 1.0026
Epoch 52/100 | Steps: 559 | LR: 0.000056 | Train Loss: 0.054137 (P:0.0507, S:0.0412, Q:0.0013) | Val Loss: 0.635860 (P:0.5819, S:0.8907, Q:0.0094) | Repr L2μ: 2.8446 Val L2μ: 0.7563 | Repr Cosμ: 0.9502 Val Cosμ: 0.9967 | Pred→Target Cosμ: 0.9681 Val Cosμ: 0.8619 | Repr NormRatio: 1.0087 Val NormRatio: 1.0012
Epoch 53/100 | Steps: 559 | LR: 0.000054 | Train Loss: 0.052096 (P:0.0487, S:0.0413, Q:0.0013) | Val Loss: 0.759790 (P:0.7326, S:0.3680, Q:0.0087) | Repr L2μ: 2.7755 Val L2μ: 1.2275 | Repr Cosμ: 0.9537 Val Cosμ: 0.9912 | Pred→Target Cosμ: 0.9697 Val Cosμ: 0.8032 | Repr NormRatio: 1.0086 Val NormRatio: 1.0015
Epoch 54/100 | Steps: 559 | LR: 0.000052 | Train Loss: 0.050466 (P:0.0472, S:0.0417, Q:0.0012) | Val Loss: 0.594095 (P:0.5593, S:0.5215, Q:0.0087) | Repr L2μ: 2.8370 Val L2μ: 2.5479 | Repr Cosμ: 0.9511 Val Cosμ: 0.9611 | Pred→Target Cosμ: 0.9702 Val Cosμ: 0.9161 | Repr NormRatio: 1.0084 Val NormRatio: 1.0034
Epoch 55/100 | Steps: 559 | LR: 0.000051 | Train Loss: 0.048626 (P:0.0453, S:0.0418, Q:0.0012) | Val Loss: 0.695892 (P:0.6558, S:0.6257, Q:0.0088) | Repr L2μ: 2.8439 Val L2μ: 0.9870 | Repr Cosμ: 0.9506 Val Cosμ: 0.9944 | Pred→Target Cosμ: 0.9712 Val Cosμ: 0.8861 | Repr NormRatio: 1.0086 Val NormRatio: 1.0015
Epoch 56/100 | Steps: 559 | LR: 0.000049 | Train Loss: 0.047271 (P:0.0441, S:0.0413, Q:0.0011) | Val Loss: 0.508173 (P:0.4693, S:0.6066, Q:0.0086) | Repr L2μ: 2.9378 Val L2μ: 1.1596 | Repr Cosμ: 0.9483 Val Cosμ: 0.9922 | Pred→Target Cosμ: 0.9717 Val Cosμ: 0.8753 | Repr NormRatio: 1.0089 Val NormRatio: 1.0022
Epoch 57/100 | Steps: 559 | LR: 0.000047 | Train Loss: 0.045806 (P:0.0427, S:0.0405, Q:0.0011) | Val Loss: 0.597202 (P:0.5671, S:0.4284, Q:0.0087) | Repr L2μ: 2.9474 Val L2μ: 1.0004 | Repr Cosμ: 0.9487 Val Cosμ: 0.9942 | Pred→Target Cosμ: 0.9726 Val Cosμ: 0.8429 | Repr NormRatio: 1.0091 Val NormRatio: 1.0020
Epoch 58/100 | Steps: 559 | LR: 0.000045 | Train Loss: 0.041978 (P:0.0389, S:0.0405, Q:0.0010) | Val Loss: 0.527786 (P:0.4880, S:0.6193, Q:0.0088) | Repr L2μ: 2.9671 Val L2μ: 1.0262 | Repr Cosμ: 0.9467 Val Cosμ: 0.9937 | Pred→Target Cosμ: 0.9751 Val Cosμ: 0.8151 | Repr NormRatio: 1.0096 Val NormRatio: 1.0008
Epoch 59/100 | Steps: 559 | LR: 0.000044 | Train Loss: 0.047625 (P:0.0446, S:0.0405, Q:0.0010) | Val Loss: 0.493297 (P:0.4602, S:0.4837, Q:0.0090) | Repr L2μ: 3.2975 Val L2μ: 0.9755 | Repr Cosμ: 0.9343 Val Cosμ: 0.9944 | Pred→Target Cosμ: 0.9713 Val Cosμ: 0.7522 | Repr NormRatio: 1.0162 Val NormRatio: 1.0037
Epoch 60/100 | Steps: 559 | LR: 0.000042 | Train Loss: 0.051407 (P:0.0484, S:0.0399, Q:0.0010) | Val Loss: 0.549299 (P:0.5215, S:0.3933, Q:0.0081) | Repr L2μ: 3.1345 Val L2μ: 2.2072 | Repr Cosμ: 0.9400 Val Cosμ: 0.9705 | Pred→Target Cosμ: 0.9682 Val Cosμ: 0.8531 | Repr NormRatio: 1.0242 Val NormRatio: 1.0130
Epoch 61/100 | Steps: 559 | LR: 0.000040 | Train Loss: 0.051404 (P:0.0484, S:0.0397, Q:0.0010) | Val Loss: 0.594504 (P:0.5582, S:0.5688, Q:0.0079) | Repr L2μ: 3.1964 Val L2μ: 2.5955 | Repr Cosμ: 0.9381 Val Cosμ: 0.9573 | Pred→Target Cosμ: 0.9683 Val Cosμ: 0.8830 | Repr NormRatio: 1.0312 Val NormRatio: 1.0238
Epoch 62/100 | Steps: 559 | LR: 0.000039 | Train Loss: 0.050221 (P:0.0472, S:0.0396, Q:0.0010) | Val Loss: 0.471561 (P:0.4414, S:0.4385, Q:0.0083) | Repr L2μ: 3.0161 Val L2μ: 1.7990 | Repr Cosμ: 0.9452 Val Cosμ: 0.9800 | Pred→Target Cosμ: 0.9692 Val Cosμ: 0.7974 | Repr NormRatio: 1.0309 Val NormRatio: 1.0132
Epoch 63/100 | Steps: 559 | LR: 0.000037 | Train Loss: 0.051235 (P:0.0483, S:0.0387, Q:0.0010) | Val Loss: 0.841291 (P:0.8003, S:0.6511, Q:0.0085) | Repr L2μ: 3.2367 Val L2μ: 2.1569 | Repr Cosμ: 0.9371 Val Cosμ: 0.9714 | Pred→Target Cosμ: 0.9682 Val Cosμ: 0.9007 | Repr NormRatio: 1.0378 Val NormRatio: 1.0137
Epoch 64/100 | Steps: 559 | LR: 0.000035 | Train Loss: 0.049140 (P:0.0462, S:0.0391, Q:0.0010) | Val Loss: 0.543009 (P:0.5076, S:0.5290, Q:0.0090) | Repr L2μ: 3.2335 Val L2μ: 1.3351 | Repr Cosμ: 0.9377 Val Cosμ: 0.9891 | Pred→Target Cosμ: 0.9693 Val Cosμ: 0.9099 | Repr NormRatio: 1.0380 Val NormRatio: 1.0085
Epoch 65/100 | Steps: 559 | LR: 0.000034 | Train Loss: 0.052660 (P:0.0495, S:0.0406, Q:0.0012) | Val Loss: 0.463176 (P:0.4295, S:0.5017, Q:0.0086) | Repr L2μ: 3.4040 Val L2μ: 1.3106 | Repr Cosμ: 0.9290 Val Cosμ: 0.9893 | Pred→Target Cosμ: 0.9670 Val Cosμ: 0.8405 | Repr NormRatio: 1.0391 Val NormRatio: 1.0109
Epoch 66/100 | Steps: 559 | LR: 0.000032 | Train Loss: 0.049495 (P:0.0464, S:0.0407, Q:0.0010) | Val Loss: 0.510792 (P:0.4810, S:0.4307, Q:0.0083) | Repr L2μ: 3.4848 Val L2μ: 2.2550 | Repr Cosμ: 0.9261 Val Cosμ: 0.9667 | Pred→Target Cosμ: 0.9696 Val Cosμ: 0.8906 | Repr NormRatio: 1.0469 Val NormRatio: 1.0188
Epoch 67/100 | Steps: 559 | LR: 0.000030 | Train Loss: 0.050942 (P:0.0477, S:0.0403, Q:0.0012) | Val Loss: 0.472857 (P:0.4434, S:0.4241, Q:0.0083) | Repr L2μ: 3.1635 Val L2μ: 1.7496 | Repr Cosμ: 0.9397 Val Cosμ: 0.9813 | Pred→Target Cosμ: 0.9680 Val Cosμ: 0.8889 | Repr NormRatio: 1.0371 Val NormRatio: 1.0166
Epoch 68/100 | Steps: 559 | LR: 0.000029 | Train Loss: 0.051826 (P:0.0486, S:0.0415, Q:0.0011) | Val Loss: 0.586330 (P:0.5554, S:0.4445, Q:0.0087) | Repr L2μ: 3.9283 Val L2μ: 1.5181 | Repr Cosμ: 0.8992 Val Cosμ: 0.9861 | Pred→Target Cosμ: 0.9670 Val Cosμ: 0.7926 | Repr NormRatio: 1.0644 Val NormRatio: 1.0064
Epoch 69/100 | Steps: 559 | LR: 0.000027 | Train Loss: 0.053496 (P:0.0504, S:0.0414, Q:0.0010) | Val Loss: 0.507224 (P:0.4806, S:0.3670, Q:0.0083) | Repr L2μ: 3.8835 Val L2μ: 3.9417 | Repr Cosμ: 0.9005 Val Cosμ: 0.8892 | Pred→Target Cosμ: 0.9661 Val Cosμ: 0.8397 | Repr NormRatio: 1.0803 Val NormRatio: 1.0654
Epoch 70/100 | Steps: 559 | LR: 0.000026 | Train Loss: 0.053727 (P:0.0505, S:0.0412, Q:0.0011) | Val Loss: 0.579190 (P:0.5493, S:0.4272, Q:0.0085) | Repr L2μ: 3.6384 Val L2μ: 1.6694 | Repr Cosμ: 0.9098 Val Cosμ: 0.9825 | Pred→Target Cosμ: 0.9660 Val Cosμ: 0.7963 | Repr NormRatio: 1.0848 Val NormRatio: 1.0112
Epoch 71/100 | Steps: 559 | LR: 0.000024 | Train Loss: 0.048254 (P:0.0452, S:0.0422, Q:0.0010) | Val Loss: 0.519555 (P:0.4971, S:0.3119, Q:0.0069) | Repr L2μ: 4.0922 Val L2μ: 4.6350 | Repr Cosμ: 0.8827 Val Cosμ: 0.8346 | Pred→Target Cosμ: 0.9683 Val Cosμ: 0.8840 | Repr NormRatio: 1.1021 Val NormRatio: 1.0856
Epoch 72/100 | Steps: 559 | LR: 0.000023 | Train Loss: 0.049720 (P:0.0466, S:0.0407, Q:0.0011) | Val Loss: 0.565630 (P:0.5367, S:0.4071, Q:0.0086) | Repr L2μ: 3.7422 Val L2μ: 1.6585 | Repr Cosμ: 0.8990 Val Cosμ: 0.9830 | Pred→Target Cosμ: 0.9678 Val Cosμ: 0.8012 | Repr NormRatio: 1.0890 Val NormRatio: 1.0106
Epoch 73/100 | Steps: 559 | LR: 0.000021 | Train Loss: 0.043009 (P:0.0400, S:0.0412, Q:0.0009) | Val Loss: 0.677449 (P:0.6541, S:0.3308, Q:0.0069) | Repr L2μ: 4.1556 Val L2μ: 3.7505 | Repr Cosμ: 0.8758 Val Cosμ: 0.8944 | Pred→Target Cosμ: 0.9712 Val Cosμ: 0.8711 | Repr NormRatio: 1.1190 Val NormRatio: 1.1486
Epoch 74/100 | Steps: 559 | LR: 0.000020 | Train Loss: 0.042018 (P:0.0392, S:0.0399, Q:0.0008) | Val Loss: 0.633998 (P:0.6105, S:0.3317, Q:0.0069) | Repr L2μ: 4.1719 Val L2μ: 3.7242 | Repr Cosμ: 0.8657 Val Cosμ: 0.8982 | Pred→Target Cosμ: 0.9713 Val Cosμ: 0.8653 | Repr NormRatio: 1.1242 Val NormRatio: 1.0767
Epoch 75/100 | Steps: 559 | LR: 0.000019 | Train Loss: 0.042258 (P:0.0394, S:0.0402, Q:0.0008) | Val Loss: 0.544803 (P:0.5226, S:0.3230, Q:0.0061) | Repr L2μ: 4.4981 Val L2μ: 3.8428 | Repr Cosμ: 0.8482 Val Cosμ: 0.8901 | Pred→Target Cosμ: 0.9713 Val Cosμ: 0.8780 | Repr NormRatio: 1.1399 Val NormRatio: 1.0474
Epoch 76/100 | Steps: 559 | LR: 0.000017 | Train Loss: 0.040709 (P:0.0378, S:0.0403, Q:0.0009) | Val Loss: 0.542282 (P:0.5159, S:0.3802, Q:0.0074) | Repr L2μ: 4.3196 Val L2μ: 2.9710 | Repr Cosμ: 0.8598 Val Cosμ: 0.9371 | Pred→Target Cosμ: 0.9725 Val Cosμ: 0.8611 | Repr NormRatio: 1.1395 Val NormRatio: 1.0283
Epoch 77/100 | Steps: 559 | LR: 0.000016 | Train Loss: 0.039618 (P:0.0369, S:0.0398, Q:0.0008) | Val Loss: 0.581124 (P:0.5546, S:0.4091, Q:0.0060) | Repr L2μ: 4.7192 Val L2μ: 2.7109 | Repr Cosμ: 0.8134 Val Cosμ: 0.9484 | Pred→Target Cosμ: 0.9727 Val Cosμ: 0.8423 | Repr NormRatio: 1.1478 Val NormRatio: 1.0284
Epoch 78/100 | Steps: 559 | LR: 0.000015 | Train Loss: 0.044091 (P:0.0414, S:0.0390, Q:0.0007) | Val Loss: 0.543384 (P:0.5205, S:0.3442, Q:0.0057) | Repr L2μ: 4.1050 Val L2μ: 6.3021 | Repr Cosμ: 0.8698 Val Cosμ: 0.6594 | Pred→Target Cosμ: 0.9698 Val Cosμ: 0.8506 | Repr NormRatio: 1.1256 Val NormRatio: 1.1331
Epoch 79/100 | Steps: 559 | LR: 0.000014 | Train Loss: 0.035288 (P:0.0327, S:0.0389, Q:0.0006) | Val Loss: 0.614596 (P:0.5882, S:0.4387, Q:0.0045) | Repr L2μ: 4.5549 Val L2μ: 1.4482 | Repr Cosμ: 0.8452 Val Cosμ: 0.9865 | Pred→Target Cosμ: 0.9751 Val Cosμ: 0.7790 | Repr NormRatio: 1.1549 Val NormRatio: 1.0156
Epoch 80/100 | Steps: 559 | LR: 0.000013 | Train Loss: 0.040901 (P:0.0382, S:0.0394, Q:0.0007) | Val Loss: 0.557098 (P:0.5290, S:0.4867, Q:0.0038) | Repr L2μ: 4.3624 Val L2μ: 2.0232 | Repr Cosμ: 0.8384 Val Cosμ: 0.9714 | Pred→Target Cosμ: 0.9720 Val Cosμ: 0.7988 | Repr NormRatio: 1.1424 Val NormRatio: 1.0261
Epoch 81/100 | Steps: 559 | LR: 0.000011 | Train Loss: 0.035715 (P:0.0332, S:0.0384, Q:0.0006) | Val Loss: 0.530072 (P:0.5076, S:0.3836, Q:0.0033) | Repr L2μ: 4.3905 Val L2μ: 4.2932 | Repr Cosμ: 0.8541 Val Cosμ: 0.8463 | Pred→Target Cosμ: 0.9742 Val Cosμ: 0.8615 | Repr NormRatio: 1.1551 Val NormRatio: 1.0904
Epoch 82/100 | Steps: 559 | LR: 0.000010 | Train Loss: 0.035991 (P:0.0336, S:0.0377, Q:0.0006) | Val Loss: 0.564115 (P:0.5421, S:0.3744, Q:0.0033) | Repr L2μ: 4.4310 Val L2μ: 2.9309 | Repr Cosμ: 0.8458 Val Cosμ: 0.9371 | Pred→Target Cosμ: 0.9743 Val Cosμ: 0.8620 | Repr NormRatio: 1.1657 Val NormRatio: 1.0504
Epoch 83/100 | Steps: 559 | LR: 0.000009 | Train Loss: 0.041087 (P:0.0386, S:0.0378, Q:0.0006) | Val Loss: 0.548792 (P:0.5276, S:0.3705, Q:0.0027) | Repr L2μ: 4.2762 Val L2μ: 3.1499 | Repr Cosμ: 0.8481 Val Cosμ: 0.9256 | Pred→Target Cosμ: 0.9717 Val Cosμ: 0.8609 | Repr NormRatio: 1.1785 Val NormRatio: 1.0706
Epoch 84/100 | Steps: 559 | LR: 0.000009 | Train Loss: 0.034749 (P:0.0324, S:0.0373, Q:0.0005) | Val Loss: 0.521361 (P:0.4970, S:0.4329, Q:0.0027) | Repr L2μ: 4.5598 Val L2μ: 2.0663 | Repr Cosμ: 0.8343 Val Cosμ: 0.9719 | Pred→Target Cosμ: 0.9754 Val Cosμ: 0.7953 | Repr NormRatio: 1.1805 Val NormRatio: 1.0114
Epoch 85/100 | Steps: 559 | LR: 0.000008 | Train Loss: 0.037456 (P:0.0350, S:0.0382, Q:0.0005) | Val Loss: 0.514363 (P:0.4904, S:0.4487, Q:0.0015) | Repr L2μ: 4.5580 Val L2μ: 1.8287 | Repr Cosμ: 0.8304 Val Cosμ: 0.9767 | Pred→Target Cosμ: 0.9732 Val Cosμ: 0.8289 | Repr NormRatio: 1.2162 Val NormRatio: 1.0292
Epoch 86/100 | Steps: 559 | LR: 0.000007 | Train Loss: 0.041418 (P:0.0390, S:0.0368, Q:0.0006) | Val Loss: 0.495423 (P:0.4759, S:0.3710, Q:0.0010) | Repr L2μ: 3.9058 Val L2μ: 3.7439 | Repr Cosμ: 0.8797 Val Cosμ: 0.8821 | Pred→Target Cosμ: 0.9719 Val Cosμ: 0.8648 | Repr NormRatio: 1.1617 Val NormRatio: 1.1854
Epoch 87/100 | Steps: 559 | LR: 0.000006 | Train Loss: 0.037446 (P:0.0349, S:0.0379, Q:0.0006) | Val Loss: 0.538451 (P:0.5193, S:0.3351, Q:0.0024) | Repr L2μ: 4.5114 Val L2μ: 3.7322 | Repr Cosμ: 0.8340 Val Cosμ: 0.8911 | Pred→Target Cosμ: 0.9733 Val Cosμ: 0.8748 | Repr NormRatio: 1.2098 Val NormRatio: 1.0756
Epoch 88/100 | Steps: 559 | LR: 0.000005 | Train Loss: 0.031468 (P:0.0292, S:0.0373, Q:0.0004) | Val Loss: 0.414747 (P:0.3920, S:0.4415, Q:0.0007) | Repr L2μ: 5.0914 Val L2μ: 2.7196 | Repr Cosμ: 0.7871 Val Cosμ: 0.9461 | Pred→Target Cosμ: 0.9764 Val Cosμ: 0.8178 | Repr NormRatio: 1.2588 Val NormRatio: 1.0764
Epoch 89/100 | Steps: 559 | LR: 0.000005 | Train Loss: 0.038241 (P:0.0359, S:0.0374, Q:0.0005) | Val Loss: 0.485815 (P:0.4666, S:0.3639, Q:0.0011) | Repr L2μ: 4.3843 Val L2μ: 3.7869 | Repr Cosμ: 0.8373 Val Cosμ: 0.8728 | Pred→Target Cosμ: 0.9730 Val Cosμ: 0.8622 | Repr NormRatio: 1.2499 Val NormRatio: 1.2177
Epoch 90/100 | Steps: 559 | LR: 0.000004 | Train Loss: 0.039903 (P:0.0374, S:0.0379, Q:0.0006) | Val Loss: 0.518144 (P:0.4987, S:0.3644, Q:0.0013) | Repr L2μ: 4.3019 Val L2μ: 3.7633 | Repr Cosμ: 0.8506 Val Cosμ: 0.8795 | Pred→Target Cosμ: 0.9729 Val Cosμ: 0.8719 | Repr NormRatio: 1.1974 Val NormRatio: 1.1955
Epoch 91/100 | Steps: 559 | LR: 0.000003 | Train Loss: 0.033109 (P:0.0309, S:0.0365, Q:0.0004) | Val Loss: 0.509172 (P:0.4894, S:0.3783, Q:0.0009) | Repr L2μ: 5.2826 Val L2μ: 4.1121 | Repr Cosμ: 0.7586 Val Cosμ: 0.8421 | Pred→Target Cosμ: 0.9748 Val Cosμ: 0.8592 | Repr NormRatio: 1.3635 Val NormRatio: 1.2567
Epoch 92/100 | Steps: 559 | LR: 0.000003 | Train Loss: 0.029004 (P:0.0268, S:0.0359, Q:0.0004) | Val Loss: 0.478346 (P:0.4587, S:0.3797, Q:0.0007) | Repr L2μ: 4.8461 Val L2μ: 3.5536 | Repr Cosμ: 0.7974 Val Cosμ: 0.8858 | Pred→Target Cosμ: 0.9768 Val Cosμ: 0.8757 | Repr NormRatio: 1.3493 Val NormRatio: 1.1862
Epoch 93/100 | Steps: 559 | LR: 0.000002 | Train Loss: 0.039647 (P:0.0372, S:0.0378, Q:0.0005) | Val Loss: 0.534371 (P:0.5130, S:0.3900, Q:0.0018) | Repr L2μ: 4.7937 Val L2μ: 4.2633 | Repr Cosμ: 0.8023 Val Cosμ: 0.8275 | Pred→Target Cosμ: 0.9724 Val Cosμ: 0.8611 | Repr NormRatio: 1.3072 Val NormRatio: 1.2976
Epoch 94/100 | Steps: 559 | LR: 0.000002 | Train Loss: 0.030827 (P:0.0285, S:0.0360, Q:0.0005) | Val Loss: 0.506327 (P:0.4861, S:0.3906, Q:0.0007) | Repr L2μ: 4.2402 Val L2μ: 3.4096 | Repr Cosμ: 0.8596 Val Cosμ: 0.8986 | Pred→Target Cosμ: 0.9747 Val Cosμ: 0.8659 | Repr NormRatio: 1.2484 Val NormRatio: 1.1452
Epoch 95/100 | Steps: 559 | LR: 0.000002 | Train Loss: 0.032887 (P:0.0306, S:0.0369, Q:0.0004) | Val Loss: 0.466413 (P:0.4476, S:0.3534, Q:0.0012) | Repr L2μ: 5.5086 Val L2μ: 4.3356 | Repr Cosμ: 0.7179 Val Cosμ: 0.8451 | Pred→Target Cosμ: 0.9749 Val Cosμ: 0.8309 | Repr NormRatio: 1.3736 Val NormRatio: 1.0953
Epoch 96/100 | Steps: 559 | LR: 0.000001 | Train Loss: 0.038223 (P:0.0358, S:0.0374, Q:0.0005) | Val Loss: 0.453267 (P:0.4332, S:0.3737, Q:0.0013) | Repr L2μ: 5.5860 Val L2μ: 3.7818 | Repr Cosμ: 0.7314 Val Cosμ: 0.8921 | Pred→Target Cosμ: 0.9735 Val Cosμ: 0.8065 | Repr NormRatio: 1.3211 Val NormRatio: 1.0460
Epoch 97/100 | Steps: 559 | LR: 0.000001 | Train Loss: 0.040096 (P:0.0376, S:0.0382, Q:0.0005) | Val Loss: 0.498072 (P:0.4729, S:0.4326, Q:0.0035) | Repr L2μ: 3.9779 Val L2μ: 2.0911 | Repr Cosμ: 0.8881 Val Cosμ: 0.9685 | Pred→Target Cosμ: 0.9731 Val Cosμ: 0.8064 | Repr NormRatio: 1.1458 Val NormRatio: 1.0317
Epoch 98/100 | Steps: 559 | LR: 0.000001 | Train Loss: 0.038463 (P:0.0360, S:0.0380, Q:0.0006) | Val Loss: 0.474165 (P:0.4550, S:0.3609, Q:0.0011) | Repr L2μ: 3.7737 Val L2μ: 4.4948 | Repr Cosμ: 0.8908 Val Cosμ: 0.8197 | Pred→Target Cosμ: 0.9745 Val Cosμ: 0.8402 | Repr NormRatio: 1.1614 Val NormRatio: 1.1535
Epoch 99/100 | Steps: 559 | LR: 0.000001 | Train Loss: 0.032485 (P:0.0302, S:0.0361, Q:0.0005) | Val Loss: 0.502965 (P:0.4822, S:0.3887, Q:0.0013) | Repr L2μ: 5.0489 Val L2μ: 4.0000 | Repr Cosμ: 0.7790 Val Cosμ: 0.8485 | Pred→Target Cosμ: 0.9738 Val Cosμ: 0.8654 | Repr NormRatio: 1.3399 Val NormRatio: 1.2236
Epoch 100/100 | Steps: 559 | LR: 0.000001 | Train Loss: 0.028324 (P:0.0261, S:0.0357, Q:0.0004) | Val Loss: 0.493525 (P:0.4740, S:0.3779, Q:0.0006) | Repr L2μ: 4.8990 Val L2μ: 3.8991 | Repr Cosμ: 0.7857 Val Cosμ: 0.8505 | Pred→Target Cosμ: 0.9768 Val Cosμ: 0.8733 | Repr NormRatio: 1.3539 Val NormRatio: 1.2004
Saved attention maps for 100 epoch snapshot(s) under ./runs/pretrain_electricity_laya_mixer_stats/attention_maps
