nohup: ignoring input
🚀 Laya-TS Pretraining: electricity (laya + laya_relation)
📊 data_path: ../Dataset/long_term_forecast/electricity/electricity.csv
📝 metadata: mode=text, fusion=add, relation=laya_relation
🔗 relation scale init: 0.01
📝 log_dir: ./runs/pretrain_electricity_laya_laya_relation_text
📊 Dataset Statistics:
   - Sequence Length (T): 512
   - Train Samples: 17903, Steps: 559
   - Val Samples: 2119, Steps: 67
🔧 Encoder Hyperparameters:
   - d_model: 128
   - n_heads: 8
   - n_layers: 3
   - proj_dim: 256
   - patch_size: 16
   - metadata_fusion_mode: add
   - channel_mixer_relation_mode: laya_relation
   - channel_mixer_relation_scale_init: 0.01
   - encoder_variant: default
   - temporal_patchifier_mode: fixed
   - use_channel_relation_block: False
🧮 Parameter Counts:
   - Total Parameters: 4,324,001
   - Trainable Parameters: 4,324,001
Epoch 1/100 | Steps: 559 | LR: 0.000010 | Train Loss: 1.812096 (P:0.7987, S:0.2709, Q:0.9999) | Val Loss: 2.356379 (P:1.3318, S:0.4948, Q:0.9999) | Repr L2μ: 1.0412 Val L2μ: 0.5474 | Repr Cosμ: 0.9947 Val Cosμ: 0.9986 | Pred→Target Cosμ: 0.4505 Val Cosμ: 0.2837 | Repr NormRatio: 1.0124 Val NormRatio: 1.0051
   -> Saved improved checkpoint: val_loss=2.356379 at epoch 1
Epoch 2/100 | Steps: 559 | LR: 0.000020 | Train Loss: 1.615368 (P:0.6071, S:0.1800, Q:0.9993) | Val Loss: 2.289117 (P:1.2676, S:0.4859, Q:0.9972) | Repr L2μ: 0.9925 Val L2μ: 0.5198 | Repr Cosμ: 0.9951 Val Cosμ: 0.9987 | Pred→Target Cosμ: 0.6866 Val Cosμ: 0.2967 | Repr NormRatio: 1.0128 Val NormRatio: 1.0048
   -> Saved improved checkpoint: val_loss=2.289117 at epoch 2
Epoch 3/100 | Steps: 559 | LR: 0.000030 | Train Loss: 1.225754 (P:0.4059, S:0.1236, Q:0.8137) | Val Loss: 1.539275 (P:0.9814, S:0.4164, Q:0.5370) | Repr L2μ: 1.5601 Val L2μ: 1.1288 | Repr Cosμ: 0.9867 Val Cosμ: 0.9936 | Pred→Target Cosμ: 0.9174 Val Cosμ: 0.3371 | Repr NormRatio: 1.0222 Val NormRatio: 1.0110
   -> Saved improved checkpoint: val_loss=1.539275 at epoch 3
Epoch 4/100 | Steps: 559 | LR: 0.000040 | Train Loss: 0.849416 (P:0.3480, S:0.0897, Q:0.4970) | Val Loss: 1.305615 (P:0.8215, S:0.4188, Q:0.4632) | Repr L2μ: 2.2363 Val L2μ: 1.0188 | Repr Cosμ: 0.9756 Val Cosμ: 0.9947 | Pred→Target Cosμ: 0.9328 Val Cosμ: 0.4414 | Repr NormRatio: 1.0308 Val NormRatio: 1.0134
   -> Saved improved checkpoint: val_loss=1.305615 at epoch 4
Epoch 5/100 | Steps: 559 | LR: 0.000050 | Train Loss: 0.763038 (P:0.3479, S:0.0773, Q:0.4113) | Val Loss: 0.916243 (P:0.5543, S:0.5012, Q:0.3369) | Repr L2μ: 2.6033 Val L2μ: 0.9350 | Repr Cosμ: 0.9651 Val Cosμ: 0.9956 | Pred→Target Cosμ: 0.8985 Val Cosμ: 0.6237 | Repr NormRatio: 1.0584 Val NormRatio: 1.0151
   -> Saved improved checkpoint: val_loss=0.916243 at epoch 5
Epoch 6/100 | Steps: 559 | LR: 0.000060 | Train Loss: 0.639694 (P:0.3112, S:0.0704, Q:0.3250) | Val Loss: 0.877269 (P:0.5311, S:1.1905, Q:0.2867) | Repr L2μ: 3.0706 Val L2μ: 0.9768 | Repr Cosμ: 0.9527 Val Cosμ: 0.9951 | Pred→Target Cosμ: 0.8687 Val Cosμ: 0.8215 | Repr NormRatio: 1.0694 Val NormRatio: 1.0145
   -> Saved improved checkpoint: val_loss=0.877269 at epoch 6
Epoch 7/100 | Steps: 559 | LR: 0.000070 | Train Loss: 0.538080 (P:0.2472, S:0.0626, Q:0.2878) | Val Loss: 0.717991 (P:0.3946, S:1.0305, Q:0.2718) | Repr L2μ: 3.5966 Val L2μ: 0.8604 | Repr Cosμ: 0.9377 Val Cosμ: 0.9963 | Pred→Target Cosμ: 0.8786 Val Cosμ: 0.8390 | Repr NormRatio: 1.0724 Val NormRatio: 1.0118
   -> Saved improved checkpoint: val_loss=0.717991 at epoch 7
Epoch 8/100 | Steps: 559 | LR: 0.000080 | Train Loss: 0.483919 (P:0.2063, S:0.0571, Q:0.2748) | Val Loss: 0.745048 (P:0.4349, S:0.9079, Q:0.2647) | Repr L2μ: 3.8043 Val L2μ: 0.8778 | Repr Cosμ: 0.9306 Val Cosμ: 0.9962 | Pred→Target Cosμ: 0.8860 Val Cosμ: 0.8304 | Repr NormRatio: 1.0730 Val NormRatio: 1.0110
Epoch 9/100 | Steps: 559 | LR: 0.000090 | Train Loss: 0.445688 (P:0.1765, S:0.0533, Q:0.2665) | Val Loss: 0.825253 (P:0.5152, S:0.9779, Q:0.2612) | Repr L2μ: 3.7417 Val L2μ: 0.9362 | Repr Cosμ: 0.9337 Val Cosμ: 0.9956 | Pred→Target Cosμ: 0.8868 Val Cosμ: 0.8407 | Repr NormRatio: 1.0710 Val NormRatio: 1.0107
Epoch 10/100 | Steps: 559 | LR: 0.000100 | Train Loss: 0.413089 (P:0.1512, S:0.0504, Q:0.2594) | Val Loss: 0.810088 (P:0.5079, S:0.9108, Q:0.2567) | Repr L2μ: 3.6813 Val L2μ: 0.8474 | Repr Cosμ: 0.9362 Val Cosμ: 0.9964 | Pred→Target Cosμ: 0.8876 Val Cosμ: 0.8512 | Repr NormRatio: 1.0683 Val NormRatio: 1.0095
Epoch 11/100 | Steps: 559 | LR: 0.000100 | Train Loss: 0.372480 (P:0.1291, S:0.0479, Q:0.2410) | Val Loss: 0.721564 (P:0.4552, S:0.8484, Q:0.2239) | Repr L2μ: 3.6006 Val L2μ: 0.7387 | Repr Cosμ: 0.9391 Val Cosμ: 0.9973 | Pred→Target Cosμ: 0.8893 Val Cosμ: 0.8506 | Repr NormRatio: 1.0623 Val NormRatio: 1.0091
Epoch 12/100 | Steps: 559 | LR: 0.000100 | Train Loss: 0.309555 (P:0.1109, S:0.0451, Q:0.1964) | Val Loss: 0.597410 (P:0.3819, S:0.7626, Q:0.1774) | Repr L2μ: 3.7278 Val L2μ: 0.9801 | Repr Cosμ: 0.9347 Val Cosμ: 0.9950 | Pred→Target Cosμ: 0.8935 Val Cosμ: 0.8128 | Repr NormRatio: 1.0649 Val NormRatio: 1.0121
   -> Saved improved checkpoint: val_loss=0.597410 at epoch 12
Epoch 13/100 | Steps: 559 | LR: 0.000100 | Train Loss: 0.245580 (P:0.1079, S:0.0452, Q:0.1354) | Val Loss: 0.809228 (P:0.6075, S:0.9077, Q:0.1563) | Repr L2μ: 3.7286 Val L2μ: 0.8890 | Repr Cosμ: 0.9345 Val Cosμ: 0.9959 | Pred→Target Cosμ: 0.8878 Val Cosμ: 0.8396 | Repr NormRatio: 1.0669 Val NormRatio: 1.0091
Epoch 14/100 | Steps: 559 | LR: 0.000100 | Train Loss: 0.183444 (P:0.0960, S:0.0422, Q:0.0853) | Val Loss: 0.607470 (P:0.4659, S:0.7631, Q:0.1034) | Repr L2μ: 3.4310 Val L2μ: 0.9364 | Repr Cosμ: 0.9452 Val Cosμ: 0.9954 | Pred→Target Cosμ: 0.9001 Val Cosμ: 0.8603 | Repr NormRatio: 1.0589 Val NormRatio: 1.0082
Epoch 15/100 | Steps: 559 | LR: 0.000099 | Train Loss: 0.148343 (P:0.0905, S:0.0407, Q:0.0558) | Val Loss: 0.778459 (P:0.6544, S:0.8215, Q:0.0830) | Repr L2μ: 3.2110 Val L2μ: 0.8861 | Repr Cosμ: 0.9522 Val Cosμ: 0.9960 | Pred→Target Cosμ: 0.9072 Val Cosμ: 0.8445 | Repr NormRatio: 1.0533 Val NormRatio: 1.0065
Epoch 16/100 | Steps: 559 | LR: 0.000099 | Train Loss: 0.126227 (P:0.0889, S:0.0398, Q:0.0354) | Val Loss: 0.698894 (P:0.6121, S:0.6667, Q:0.0535) | Repr L2μ: 2.9522 Val L2μ: 0.7898 | Repr Cosμ: 0.9596 Val Cosμ: 0.9969 | Pred→Target Cosμ: 0.9134 Val Cosμ: 0.8517 | Repr NormRatio: 1.0424 Val NormRatio: 1.0063
Epoch 17/100 | Steps: 559 | LR: 0.000099 | Train Loss: 0.103640 (P:0.0828, S:0.0384, Q:0.0189) | Val Loss: 0.921404 (P:0.8433, S:0.8123, Q:0.0375) | Repr L2μ: 2.8862 Val L2μ: 1.0068 | Repr Cosμ: 0.9615 Val Cosμ: 0.9948 | Pred→Target Cosμ: 0.9222 Val Cosμ: 0.8820 | Repr NormRatio: 1.0368 Val NormRatio: 1.0074
Epoch 18/100 | Steps: 559 | LR: 0.000098 | Train Loss: 0.082942 (P:0.0727, S:0.0360, Q:0.0084) | Val Loss: 0.647369 (P:0.5823, S:0.6674, Q:0.0317) | Repr L2μ: 2.9639 Val L2μ: 1.1143 | Repr Cosμ: 0.9596 Val Cosμ: 0.9936 | Pred→Target Cosμ: 0.9326 Val Cosμ: 0.8717 | Repr NormRatio: 1.0333 Val NormRatio: 1.0090
Epoch 19/100 | Steps: 559 | LR: 0.000098 | Train Loss: 0.088614 (P:0.0819, S:0.0367, Q:0.0049) | Val Loss: 0.640561 (P:0.5907, S:0.5538, Q:0.0222) | Repr L2μ: 2.9658 Val L2μ: 1.1830 | Repr Cosμ: 0.9589 Val Cosμ: 0.9925 | Pred→Target Cosμ: 0.9219 Val Cosμ: 0.8230 | Repr NormRatio: 1.0316 Val NormRatio: 1.0088
Epoch 20/100 | Steps: 559 | LR: 0.000097 | Train Loss: 0.086801 (P:0.0819, S:0.0362, Q:0.0031) | Val Loss: 0.726329 (P:0.6868, S:0.4959, Q:0.0148) | Repr L2μ: 3.1586 Val L2μ: 1.0587 | Repr Cosμ: 0.9517 Val Cosμ: 0.9942 | Pred→Target Cosμ: 0.9241 Val Cosμ: 0.8096 | Repr NormRatio: 1.0394 Val NormRatio: 1.0078
Epoch 21/100 | Steps: 559 | LR: 0.000096 | Train Loss: 0.082628 (P:0.0786, S:0.0353, Q:0.0023) | Val Loss: 0.642923 (P:0.6009, S:0.5443, Q:0.0148) | Repr L2μ: 3.0895 Val L2μ: 1.3943 | Repr Cosμ: 0.9538 Val Cosμ: 0.9897 | Pred→Target Cosμ: 0.9270 Val Cosμ: 0.7839 | Repr NormRatio: 1.0403 Val NormRatio: 1.0201
Epoch 22/100 | Steps: 559 | LR: 0.000096 | Train Loss: 0.081059 (P:0.0777, S:0.0347, Q:0.0017) | Val Loss: 0.673565 (P:0.6326, S:0.5824, Q:0.0119) | Repr L2μ: 3.0792 Val L2μ: 1.5340 | Repr Cosμ: 0.9543 Val Cosμ: 0.9874 | Pred→Target Cosμ: 0.9290 Val Cosμ: 0.7264 | Repr NormRatio: 1.0412 Val NormRatio: 1.0102
Epoch 23/100 | Steps: 559 | LR: 0.000095 | Train Loss: 0.080615 (P:0.0776, S:0.0341, Q:0.0013) | Val Loss: 0.678649 (P:0.6390, S:0.6509, Q:0.0071) | Repr L2μ: 3.0130 Val L2μ: 1.0783 | Repr Cosμ: 0.9560 Val Cosμ: 0.9939 | Pred→Target Cosμ: 0.9295 Val Cosμ: 0.7950 | Repr NormRatio: 1.0431 Val NormRatio: 1.0161
Epoch 24/100 | Steps: 559 | LR: 0.000094 | Train Loss: 0.079780 (P:0.0771, S:0.0338, Q:0.0010) | Val Loss: 0.677305 (P:0.6437, S:0.5740, Q:0.0049) | Repr L2μ: 3.0277 Val L2μ: 1.2068 | Repr Cosμ: 0.9559 Val Cosμ: 0.9923 | Pred→Target Cosμ: 0.9317 Val Cosμ: 0.7755 | Repr NormRatio: 1.0445 Val NormRatio: 1.0118
Epoch 25/100 | Steps: 559 | LR: 0.000093 | Train Loss: 0.076441 (P:0.0739, S:0.0330, Q:0.0009) | Val Loss: 0.626419 (P:0.5950, S:0.5368, Q:0.0045) | Repr L2μ: 2.9866 Val L2μ: 1.2837 | Repr Cosμ: 0.9569 Val Cosμ: 0.9911 | Pred→Target Cosμ: 0.9362 Val Cosμ: 0.7643 | Repr NormRatio: 1.0423 Val NormRatio: 1.0090
Epoch 26/100 | Steps: 559 | LR: 0.000092 | Train Loss: 0.072260 (P:0.0699, S:0.0327, Q:0.0008) | Val Loss: 0.762729 (P:0.7300, S:0.5575, Q:0.0048) | Repr L2μ: 2.9019 Val L2μ: 1.0270 | Repr Cosμ: 0.9587 Val Cosμ: 0.9945 | Pred→Target Cosμ: 0.9393 Val Cosμ: 0.7252 | Repr NormRatio: 1.0382 Val NormRatio: 1.0084
Epoch 27/100 | Steps: 559 | LR: 0.000092 | Train Loss: 0.070639 (P:0.0683, S:0.0324, Q:0.0007) | Val Loss: 0.800654 (P:0.7721, S:0.5169, Q:0.0027) | Repr L2μ: 2.9237 Val L2μ: 1.2109 | Repr Cosμ: 0.9563 Val Cosμ: 0.9922 | Pred→Target Cosμ: 0.9411 Val Cosμ: 0.7108 | Repr NormRatio: 1.0347 Val NormRatio: 1.0103
Epoch 28/100 | Steps: 559 | LR: 0.000091 | Train Loss: 0.064308 (P:0.0622, S:0.0316, Q:0.0005) | Val Loss: 0.757257 (P:0.7251, S:0.5671, Q:0.0038) | Repr L2μ: 3.0799 Val L2μ: 1.3205 | Repr Cosμ: 0.9534 Val Cosμ: 0.9906 | Pred→Target Cosμ: 0.9473 Val Cosμ: 0.7641 | Repr NormRatio: 1.0354 Val NormRatio: 1.0112
Epoch 29/100 | Steps: 559 | LR: 0.000090 | Train Loss: 0.057381 (P:0.0554, S:0.0311, Q:0.0004) | Val Loss: 0.796123 (P:0.7677, S:0.5343, Q:0.0017) | Repr L2μ: 3.2768 Val L2μ: 1.3535 | Repr Cosμ: 0.9472 Val Cosμ: 0.9900 | Pred→Target Cosμ: 0.9534 Val Cosμ: 0.7721 | Repr NormRatio: 1.0366 Val NormRatio: 1.0115
Epoch 30/100 | Steps: 559 | LR: 0.000088 | Train Loss: 0.060561 (P:0.0587, S:0.0313, Q:0.0003) | Val Loss: 0.841173 (P:0.8129, S:0.5079, Q:0.0029) | Repr L2μ: 3.4411 Val L2μ: 1.3519 | Repr Cosμ: 0.9407 Val Cosμ: 0.9899 | Pred→Target Cosμ: 0.9512 Val Cosμ: 0.7745 | Repr NormRatio: 1.0427 Val NormRatio: 1.0160
Epoch 31/100 | Steps: 559 | LR: 0.000087 | Train Loss: 0.060736 (P:0.0589, S:0.0312, Q:0.0003) | Val Loss: 0.791567 (P:0.7643, S:0.5148, Q:0.0015) | Repr L2μ: 3.5411 Val L2μ: 1.9846 | Repr Cosμ: 0.9365 Val Cosμ: 0.9785 | Pred→Target Cosμ: 0.9521 Val Cosμ: 0.7716 | Repr NormRatio: 1.0475 Val NormRatio: 1.0133
Epoch 32/100 | Steps: 559 | LR: 0.000086 | Train Loss: 0.064090 (P:0.0622, S:0.0311, Q:0.0003) | Val Loss: 0.891554 (P:0.8625, S:0.5542, Q:0.0013) | Repr L2μ: 3.7848 Val L2μ: 1.5127 | Repr Cosμ: 0.9261 Val Cosμ: 0.9874 | Pred→Target Cosμ: 0.9495 Val Cosμ: 0.7380 | Repr NormRatio: 1.0496 Val NormRatio: 1.0091
Epoch 33/100 | Steps: 559 | LR: 0.000085 | Train Loss: 0.061248 (P:0.0594, S:0.0313, Q:0.0003) | Val Loss: 0.713541 (P:0.6882, S:0.4835, Q:0.0012) | Repr L2μ: 3.8689 Val L2μ: 1.8912 | Repr Cosμ: 0.9228 Val Cosμ: 0.9797 | Pred→Target Cosμ: 0.9527 Val Cosμ: 0.7484 | Repr NormRatio: 1.0468 Val NormRatio: 1.0106
Epoch 34/100 | Steps: 559 | LR: 0.000084 | Train Loss: 0.060540 (P:0.0587, S:0.0310, Q:0.0003) | Val Loss: 0.806871 (P:0.7793, S:0.5043, Q:0.0024) | Repr L2μ: 3.9404 Val L2μ: 2.5501 | Repr Cosμ: 0.9193 Val Cosμ: 0.9599 | Pred→Target Cosμ: 0.9540 Val Cosμ: 0.7259 | Repr NormRatio: 1.0483 Val NormRatio: 1.0251
Epoch 35/100 | Steps: 559 | LR: 0.000082 | Train Loss: 0.059651 (P:0.0578, S:0.0311, Q:0.0003) | Val Loss: 0.844270 (P:0.8166, S:0.5192, Q:0.0017) | Repr L2μ: 4.0330 Val L2μ: 2.6589 | Repr Cosμ: 0.9117 Val Cosμ: 0.9578 | Pred→Target Cosμ: 0.9547 Val Cosμ: 0.7603 | Repr NormRatio: 1.0505 Val NormRatio: 1.0370
Epoch 36/100 | Steps: 559 | LR: 0.000081 | Train Loss: 0.061181 (P:0.0594, S:0.0316, Q:0.0002) | Val Loss: 0.797334 (P:0.7736, S:0.4523, Q:0.0011) | Repr L2μ: 4.1365 Val L2μ: 2.4202 | Repr Cosμ: 0.9039 Val Cosμ: 0.9654 | Pred→Target Cosμ: 0.9543 Val Cosμ: 0.7136 | Repr NormRatio: 1.0579 Val NormRatio: 1.0230
Epoch 37/100 | Steps: 559 | LR: 0.000080 | Train Loss: 0.057826 (P:0.0561, S:0.0318, Q:0.0002) | Val Loss: 0.740646 (P:0.7167, S:0.4506, Q:0.0014) | Repr L2μ: 4.7973 Val L2μ: 2.3818 | Repr Cosμ: 0.8697 Val Cosμ: 0.9658 | Pred→Target Cosμ: 0.9579 Val Cosμ: 0.7555 | Repr NormRatio: 1.0908 Val NormRatio: 1.0287
Epoch 38/100 | Steps: 559 | LR: 0.000078 | Train Loss: 0.061146 (P:0.0593, S:0.0325, Q:0.0002) | Val Loss: 0.977564 (P:0.9533, S:0.4616, Q:0.0011) | Repr L2μ: 4.9220 Val L2μ: 2.1361 | Repr Cosμ: 0.8521 Val Cosμ: 0.9723 | Pred→Target Cosμ: 0.9563 Val Cosμ: 0.8015 | Repr NormRatio: 1.1179 Val NormRatio: 1.0180
Epoch 39/100 | Steps: 559 | LR: 0.000077 | Train Loss: 0.062833 (P:0.0610, S:0.0325, Q:0.0002) | Val Loss: 0.903981 (P:0.8792, S:0.4786, Q:0.0009) | Repr L2μ: 4.4169 Val L2μ: 2.6202 | Repr Cosμ: 0.8911 Val Cosμ: 0.9585 | Pred→Target Cosμ: 0.9551 Val Cosμ: 0.7920 | Repr NormRatio: 1.0635 Val NormRatio: 1.0421
Epoch 40/100 | Steps: 559 | LR: 0.000075 | Train Loss: 0.059648 (P:0.0578, S:0.0326, Q:0.0002) | Val Loss: 1.043557 (P:1.0175, S:0.4848, Q:0.0018) | Repr L2μ: 4.6584 Val L2μ: 2.3889 | Repr Cosμ: 0.8756 Val Cosμ: 0.9649 | Pred→Target Cosμ: 0.9579 Val Cosμ: 0.8093 | Repr NormRatio: 1.0945 Val NormRatio: 1.0235
Epoch 41/100 | Steps: 559 | LR: 0.000074 | Train Loss: 0.062218 (P:0.0604, S:0.0333, Q:0.0002) | Val Loss: 0.930086 (P:0.9070, S:0.4345, Q:0.0014) | Repr L2μ: 4.6637 Val L2μ: 2.8064 | Repr Cosμ: 0.8725 Val Cosμ: 0.9520 | Pred→Target Cosμ: 0.9580 Val Cosμ: 0.7640 | Repr NormRatio: 1.1158 Val NormRatio: 1.0291
Epoch 42/100 | Steps: 559 | LR: 0.000072 | Train Loss: 0.058178 (P:0.0564, S:0.0327, Q:0.0002) | Val Loss: 1.046437 (P:1.0212, S:0.4752, Q:0.0014) | Repr L2μ: 4.9583 Val L2μ: 2.5378 | Repr Cosμ: 0.8569 Val Cosμ: 0.9607 | Pred→Target Cosμ: 0.9608 Val Cosμ: 0.7278 | Repr NormRatio: 1.1217 Val NormRatio: 1.0510
Epoch 43/100 | Steps: 559 | LR: 0.000071 | Train Loss: 0.050543 (P:0.0488, S:0.0323, Q:0.0001) | Val Loss: 0.959134 (P:0.9385, S:0.3941, Q:0.0009) | Repr L2μ: 5.3429 Val L2μ: 2.9197 | Repr Cosμ: 0.8279 Val Cosμ: 0.9483 | Pred→Target Cosμ: 0.9669 Val Cosμ: 0.7684 | Repr NormRatio: 1.1642 Val NormRatio: 1.0353
Epoch 44/100 | Steps: 559 | LR: 0.000069 | Train Loss: 0.050648 (P:0.0489, S:0.0327, Q:0.0001) | Val Loss: 1.062270 (P:1.0414, S:0.3921, Q:0.0012) | Repr L2μ: 4.8959 Val L2μ: 3.3180 | Repr Cosμ: 0.8553 Val Cosμ: 0.9319 | Pred→Target Cosμ: 0.9667 Val Cosμ: 0.7962 | Repr NormRatio: 1.1486 Val NormRatio: 1.0608
Epoch 45/100 | Steps: 559 | LR: 0.000067 | Train Loss: 0.055081 (P:0.0533, S:0.0327, Q:0.0001) | Val Loss: 1.034490 (P:1.0129, S:0.4171, Q:0.0007) | Repr L2μ: 4.8242 Val L2μ: 2.1448 | Repr Cosμ: 0.8456 Val Cosμ: 0.9736 | Pred→Target Cosμ: 0.9652 Val Cosμ: 0.8051 | Repr NormRatio: 1.2236 Val NormRatio: 1.0188
Epoch 46/100 | Steps: 559 | LR: 0.000066 | Train Loss: 0.054500 (P:0.0527, S:0.0328, Q:0.0001) | Val Loss: 1.058151 (P:1.0376, S:0.3930, Q:0.0009) | Repr L2μ: 4.0875 Val L2μ: 2.0406 | Repr Cosμ: 0.8810 Val Cosμ: 0.9753 | Pred→Target Cosμ: 0.9637 Val Cosμ: 0.8223 | Repr NormRatio: 1.1441 Val NormRatio: 1.0171
Epoch 47/100 | Steps: 559 | LR: 0.000064 | Train Loss: 0.054676 (P:0.0529, S:0.0336, Q:0.0001) | Val Loss: 1.060851 (P:1.0398, S:0.4043, Q:0.0008) | Repr L2μ: 3.9743 Val L2μ: 1.8230 | Repr Cosμ: 0.8865 Val Cosμ: 0.9805 | Pred→Target Cosμ: 0.9640 Val Cosμ: 0.8320 | Repr NormRatio: 1.1563 Val NormRatio: 1.0110
Epoch 48/100 | Steps: 559 | LR: 0.000062 | Train Loss: 0.039769 (P:0.0380, S:0.0324, Q:0.0001) | Val Loss: 1.051805 (P:1.0295, S:0.4297, Q:0.0008) | Repr L2μ: 3.4329 Val L2μ: 2.4164 | Repr Cosμ: 0.9355 Val Cosμ: 0.9647 | Pred→Target Cosμ: 0.9722 Val Cosμ: 0.7800 | Repr NormRatio: 1.0340 Val NormRatio: 1.0275
Epoch 49/100 | Steps: 559 | LR: 0.000061 | Train Loss: 0.048894 (P:0.0472, S:0.0323, Q:0.0001) | Val Loss: 1.055908 (P:1.0355, S:0.3877, Q:0.0010) | Repr L2μ: 4.2903 Val L2μ: 2.7310 | Repr Cosμ: 0.8859 Val Cosμ: 0.9536 | Pred→Target Cosμ: 0.9701 Val Cosμ: 0.8496 | Repr NormRatio: 1.1896 Val NormRatio: 1.0243
Epoch 50/100 | Steps: 559 | LR: 0.000059 | Train Loss: 0.052261 (P:0.0505, S:0.0330, Q:0.0001) | Val Loss: 1.446642 (P:1.4260, S:0.3885, Q:0.0012) | Repr L2μ: 4.3565 Val L2μ: 3.2363 | Repr Cosμ: 0.8826 Val Cosμ: 0.9302 | Pred→Target Cosμ: 0.9720 Val Cosμ: 0.7769 | Repr NormRatio: 1.4399 Val NormRatio: 1.4716
Epoch 51/100 | Steps: 559 | LR: 0.000057 | Train Loss: 0.073704 (P:0.0719, S:0.0336, Q:0.0001) | Val Loss: 0.765735 (P:0.7424, S:0.4527, Q:0.0007) | Repr L2μ: 3.5986 Val L2μ: 1.5338 | Repr Cosμ: 0.9119 Val Cosμ: 0.9864 | Pred→Target Cosμ: 0.9707 Val Cosμ: 0.6908 | Repr NormRatio: 1.6944 Val NormRatio: 1.0092
Epoch 52/100 | Steps: 559 | LR: 0.000056 | Train Loss: 0.087827 (P:0.0858, S:0.0384, Q:0.0001) | Val Loss: 0.671269 (P:0.6457, S:0.4915, Q:0.0010) | Repr L2μ: 3.8604 Val L2μ: 1.2107 | Repr Cosμ: 0.8458 Val Cosμ: 0.9915 | Pred→Target Cosμ: 0.9677 Val Cosμ: 0.6391 | Repr NormRatio: 1.6525 Val NormRatio: 1.0054
Epoch 53/100 | Steps: 559 | LR: 0.000054 | Train Loss: 0.093260 (P:0.0912, S:0.0383, Q:0.0001) | Val Loss: 0.623242 (P:0.5980, S:0.4906, Q:0.0007) | Repr L2μ: 4.2729 Val L2μ: 1.5557 | Repr Cosμ: 0.7811 Val Cosμ: 0.9855 | Pred→Target Cosμ: 0.9727 Val Cosμ: 0.5929 | Repr NormRatio: 1.8487 Val NormRatio: 1.0118
Epoch 54/100 | Steps: 559 | LR: 0.000052 | Train Loss: 0.099203 (P:0.0973, S:0.0369, Q:0.0001) | Val Loss: 0.617883 (P:0.5928, S:0.4893, Q:0.0006) | Repr L2μ: 4.0092 Val L2μ: 1.2702 | Repr Cosμ: 0.8013 Val Cosμ: 0.9905 | Pred→Target Cosμ: 0.9717 Val Cosμ: 0.5597 | Repr NormRatio: 1.8556 Val NormRatio: 1.0057
Epoch 55/100 | Steps: 559 | LR: 0.000051 | Train Loss: 0.087556 (P:0.0856, S:0.0362, Q:0.0001) | Val Loss: 0.584891 (P:0.5600, S:0.4761, Q:0.0011) | Repr L2μ: 4.4649 Val L2μ: 1.3595 | Repr Cosμ: 0.7360 Val Cosμ: 0.9890 | Pred→Target Cosμ: 0.9743 Val Cosμ: 0.6243 | Repr NormRatio: 1.9742 Val NormRatio: 1.0076
   -> Saved improved checkpoint: val_loss=0.584891 at epoch 55
Epoch 56/100 | Steps: 559 | LR: 0.000049 | Train Loss: 0.105447 (P:0.1036, S:0.0358, Q:0.0001) | Val Loss: 0.625646 (P:0.6003, S:0.4957, Q:0.0006) | Repr L2μ: 3.6463 Val L2μ: 1.0147 | Repr Cosμ: 0.8173 Val Cosμ: 0.9940 | Pred→Target Cosμ: 0.9736 Val Cosμ: 0.5218 | Repr NormRatio: 1.8395 Val NormRatio: 1.0035
Epoch 57/100 | Steps: 559 | LR: 0.000047 | Train Loss: 0.095609 (P:0.0937, S:0.0356, Q:0.0001) | Val Loss: 0.588661 (P:0.5631, S:0.4989, Q:0.0006) | Repr L2μ: 4.2444 Val L2μ: 1.1059 | Repr Cosμ: 0.7521 Val Cosμ: 0.9929 | Pred→Target Cosμ: 0.9747 Val Cosμ: 0.4650 | Repr NormRatio: 1.9712 Val NormRatio: 1.0056
Epoch 58/100 | Steps: 559 | LR: 0.000045 | Train Loss: 0.097596 (P:0.0957, S:0.0352, Q:0.0001) | Val Loss: 0.568174 (P:0.5418, S:0.5167, Q:0.0006) | Repr L2μ: 3.6188 Val L2μ: 0.8934 | Repr Cosμ: 0.8022 Val Cosμ: 0.9954 | Pred→Target Cosμ: 0.9761 Val Cosμ: 0.4741 | Repr NormRatio: 1.9767 Val NormRatio: 1.0040
   -> Saved improved checkpoint: val_loss=0.568174 at epoch 58
Epoch 59/100 | Steps: 559 | LR: 0.000044 | Train Loss: 0.087084 (P:0.0852, S:0.0359, Q:0.0001) | Val Loss: 0.569686 (P:0.5423, S:0.5358, Q:0.0006) | Repr L2μ: 3.9725 Val L2μ: 0.8432 | Repr Cosμ: 0.7721 Val Cosμ: 0.9959 | Pred→Target Cosμ: 0.9750 Val Cosμ: 0.5325 | Repr NormRatio: 1.8474 Val NormRatio: 1.0037
Epoch 60/100 | Steps: 559 | LR: 0.000042 | Train Loss: 0.095813 (P:0.0939, S:0.0360, Q:0.0001) | Val Loss: 0.559697 (P:0.5339, S:0.5032, Q:0.0006) | Repr L2μ: 3.8241 Val L2μ: 0.9097 | Repr Cosμ: 0.7801 Val Cosμ: 0.9952 | Pred→Target Cosμ: 0.9761 Val Cosμ: 0.4633 | Repr NormRatio: 1.7717 Val NormRatio: 1.0041
   -> Saved improved checkpoint: val_loss=0.559697 at epoch 60
Epoch 61/100 | Steps: 559 | LR: 0.000040 | Train Loss: 0.088156 (P:0.0863, S:0.0355, Q:0.0001) | Val Loss: 0.490718 (P:0.4645, S:0.5114, Q:0.0006) | Repr L2μ: 3.8899 Val L2μ: 0.8059 | Repr Cosμ: 0.7728 Val Cosμ: 0.9962 | Pred→Target Cosμ: 0.9757 Val Cosμ: 0.4397 | Repr NormRatio: 1.7188 Val NormRatio: 1.0034
   -> Saved improved checkpoint: val_loss=0.490718 at epoch 61
Epoch 62/100 | Steps: 559 | LR: 0.000039 | Train Loss: 0.086385 (P:0.0845, S:0.0359, Q:0.0001) | Val Loss: 0.492795 (P:0.4673, S:0.4979, Q:0.0006) | Repr L2μ: 4.0109 Val L2μ: 1.0100 | Repr Cosμ: 0.7537 Val Cosμ: 0.9940 | Pred→Target Cosμ: 0.9752 Val Cosμ: 0.4892 | Repr NormRatio: 1.6424 Val NormRatio: 1.0075
Epoch 63/100 | Steps: 559 | LR: 0.000037 | Train Loss: 0.088495 (P:0.0866, S:0.0356, Q:0.0001) | Val Loss: 0.521989 (P:0.4958, S:0.5104, Q:0.0007) | Repr L2μ: 3.8982 Val L2μ: 1.0322 | Repr Cosμ: 0.7665 Val Cosμ: 0.9937 | Pred→Target Cosμ: 0.9754 Val Cosμ: 0.4625 | Repr NormRatio: 1.6702 Val NormRatio: 1.0074
Epoch 64/100 | Steps: 559 | LR: 0.000035 | Train Loss: 0.076503 (P:0.0747, S:0.0349, Q:0.0001) | Val Loss: 0.457279 (P:0.4314, S:0.5037, Q:0.0007) | Repr L2μ: 4.0272 Val L2μ: 0.8837 | Repr Cosμ: 0.7526 Val Cosμ: 0.9954 | Pred→Target Cosμ: 0.9768 Val Cosμ: 0.4260 | Repr NormRatio: 1.5876 Val NormRatio: 1.0060
   -> Saved improved checkpoint: val_loss=0.457279 at epoch 64
Epoch 65/100 | Steps: 559 | LR: 0.000034 | Train Loss: 0.072670 (P:0.0708, S:0.0351, Q:0.0001) | Val Loss: 0.492034 (P:0.4661, S:0.5057, Q:0.0006) | Repr L2μ: 4.0691 Val L2μ: 0.8346 | Repr Cosμ: 0.7442 Val Cosμ: 0.9959 | Pred→Target Cosμ: 0.9772 Val Cosμ: 0.4942 | Repr NormRatio: 1.6506 Val NormRatio: 1.0048
Epoch 66/100 | Steps: 559 | LR: 0.000032 | Train Loss: 0.067143 (P:0.0653, S:0.0353, Q:0.0001) | Val Loss: 0.432534 (P:0.4066, S:0.5054, Q:0.0007) | Repr L2μ: 4.2756 Val L2μ: 0.9396 | Repr Cosμ: 0.7250 Val Cosμ: 0.9947 | Pred→Target Cosμ: 0.9775 Val Cosμ: 0.4313 | Repr NormRatio: 1.6020 Val NormRatio: 1.0085
   -> Saved improved checkpoint: val_loss=0.432534 at epoch 66
Epoch 67/100 | Steps: 559 | LR: 0.000030 | Train Loss: 0.062256 (P:0.0604, S:0.0353, Q:0.0001) | Val Loss: 0.485656 (P:0.4596, S:0.5096, Q:0.0006) | Repr L2μ: 4.1199 Val L2μ: 1.0116 | Repr Cosμ: 0.7346 Val Cosμ: 0.9937 | Pred→Target Cosμ: 0.9781 Val Cosμ: 0.4499 | Repr NormRatio: 1.6766 Val NormRatio: 1.0122
Epoch 68/100 | Steps: 559 | LR: 0.000029 | Train Loss: 0.069730 (P:0.0679, S:0.0344, Q:0.0001) | Val Loss: 0.649753 (P:0.6259, S:0.4649, Q:0.0006) | Repr L2μ: 3.6218 Val L2μ: 1.6758 | Repr Cosμ: 0.7777 Val Cosμ: 0.9732 | Pred→Target Cosμ: 0.9780 Val Cosμ: 0.5016 | Repr NormRatio: 1.6837 Val NormRatio: 1.1359
Epoch 69/100 | Steps: 559 | LR: 0.000027 | Train Loss: 0.072676 (P:0.0708, S:0.0352, Q:0.0001) | Val Loss: 0.427881 (P:0.4023, S:0.5008, Q:0.0005) | Repr L2μ: 3.9685 Val L2μ: 1.0000 | Repr Cosμ: 0.7478 Val Cosμ: 0.9938 | Pred→Target Cosμ: 0.9771 Val Cosμ: 0.4488 | Repr NormRatio: 1.7866 Val NormRatio: 1.0123
   -> Saved improved checkpoint: val_loss=0.427881 at epoch 69
Epoch 70/100 | Steps: 559 | LR: 0.000026 | Train Loss: 0.065217 (P:0.0634, S:0.0347, Q:0.0001) | Val Loss: 0.457708 (P:0.4323, S:0.4966, Q:0.0006) | Repr L2μ: 3.9385 Val L2μ: 0.8620 | Repr Cosμ: 0.7465 Val Cosμ: 0.9955 | Pred→Target Cosμ: 0.9796 Val Cosμ: 0.4286 | Repr NormRatio: 1.6714 Val NormRatio: 1.0066
Epoch 71/100 | Steps: 559 | LR: 0.000024 | Train Loss: 0.073152 (P:0.0713, S:0.0345, Q:0.0001) | Val Loss: 0.360508 (P:0.3343, S:0.5128, Q:0.0006) | Repr L2μ: 3.4681 Val L2μ: 0.8459 | Repr Cosμ: 0.7924 Val Cosμ: 0.9957 | Pred→Target Cosμ: 0.9789 Val Cosμ: 0.3710 | Repr NormRatio: 1.8564 Val NormRatio: 1.0060
   -> Saved improved checkpoint: val_loss=0.360508 at epoch 71
Epoch 72/100 | Steps: 559 | LR: 0.000023 | Train Loss: 0.065641 (P:0.0638, S:0.0345, Q:0.0001) | Val Loss: 0.440500 (P:0.4147, S:0.5061, Q:0.0005) | Repr L2μ: 3.7344 Val L2μ: 0.9210 | Repr Cosμ: 0.7667 Val Cosμ: 0.9948 | Pred→Target Cosμ: 0.9796 Val Cosμ: 0.4387 | Repr NormRatio: 1.7536 Val NormRatio: 1.0081
Epoch 73/100 | Steps: 559 | LR: 0.000021 | Train Loss: 0.057113 (P:0.0553, S:0.0341, Q:0.0001) | Val Loss: 0.382346 (P:0.3562, S:0.5118, Q:0.0005) | Repr L2μ: 3.7837 Val L2μ: 0.8326 | Repr Cosμ: 0.7610 Val Cosμ: 0.9958 | Pred→Target Cosμ: 0.9810 Val Cosμ: 0.3629 | Repr NormRatio: 1.7269 Val NormRatio: 1.0062
Epoch 74/100 | Steps: 559 | LR: 0.000020 | Train Loss: 0.047298 (P:0.0455, S:0.0343, Q:0.0001) | Val Loss: 0.409554 (P:0.3837, S:0.5061, Q:0.0005) | Repr L2μ: 4.3697 Val L2μ: 0.9303 | Repr Cosμ: 0.7049 Val Cosμ: 0.9945 | Pred→Target Cosμ: 0.9817 Val Cosμ: 0.4190 | Repr NormRatio: 1.5838 Val NormRatio: 1.0111
Epoch 75/100 | Steps: 559 | LR: 0.000019 | Train Loss: 0.049075 (P:0.0473, S:0.0341, Q:0.0001) | Val Loss: 0.433191 (P:0.4072, S:0.5079, Q:0.0006) | Repr L2μ: 4.1717 Val L2μ: 0.8308 | Repr Cosμ: 0.7181 Val Cosμ: 0.9958 | Pred→Target Cosμ: 0.9810 Val Cosμ: 0.4394 | Repr NormRatio: 1.6782 Val NormRatio: 1.0066
Epoch 76/100 | Steps: 559 | LR: 0.000017 | Train Loss: 0.047457 (P:0.0457, S:0.0339, Q:0.0001) | Val Loss: 0.388698 (P:0.3630, S:0.5038, Q:0.0005) | Repr L2μ: 4.1336 Val L2μ: 0.8345 | Repr Cosμ: 0.7210 Val Cosμ: 0.9958 | Pred→Target Cosμ: 0.9811 Val Cosμ: 0.4025 | Repr NormRatio: 1.6302 Val NormRatio: 1.0065
Epoch 77/100 | Steps: 559 | LR: 0.000016 | Train Loss: 0.042506 (P:0.0407, S:0.0339, Q:0.0001) | Val Loss: 0.384339 (P:0.3583, S:0.5092, Q:0.0006) | Repr L2μ: 4.5322 Val L2μ: 0.8223 | Repr Cosμ: 0.6816 Val Cosμ: 0.9959 | Pred→Target Cosμ: 0.9818 Val Cosμ: 0.4079 | Repr NormRatio: 1.7537 Val NormRatio: 1.0068
Epoch 78/100 | Steps: 559 | LR: 0.000015 | Train Loss: 0.046160 (P:0.0444, S:0.0336, Q:0.0001) | Val Loss: 0.371868 (P:0.3463, S:0.5015, Q:0.0005) | Repr L2μ: 4.0768 Val L2μ: 1.0112 | Repr Cosμ: 0.7263 Val Cosμ: 0.9930 | Pred→Target Cosμ: 0.9811 Val Cosμ: 0.4045 | Repr NormRatio: 1.7867 Val NormRatio: 1.0181
Epoch 79/100 | Steps: 559 | LR: 0.000014 | Train Loss: 0.047767 (P:0.0460, S:0.0336, Q:0.0001) | Val Loss: 0.412998 (P:0.3875, S:0.4999, Q:0.0005) | Repr L2μ: 3.9182 Val L2μ: 1.1337 | Repr Cosμ: 0.7430 Val Cosμ: 0.9905 | Pred→Target Cosμ: 0.9815 Val Cosμ: 0.3927 | Repr NormRatio: 1.7491 Val NormRatio: 1.0335
Epoch 80/100 | Steps: 559 | LR: 0.000013 | Train Loss: 0.045255 (P:0.0435, S:0.0334, Q:0.0001) | Val Loss: 0.383023 (P:0.3576, S:0.4977, Q:0.0005) | Repr L2μ: 3.8956 Val L2μ: 0.8166 | Repr Cosμ: 0.7451 Val Cosμ: 0.9959 | Pred→Target Cosμ: 0.9817 Val Cosμ: 0.3721 | Repr NormRatio: 1.7385 Val NormRatio: 1.0069
Epoch 81/100 | Steps: 559 | LR: 0.000011 | Train Loss: 0.054310 (P:0.0525, S:0.0338, Q:0.0001) | Val Loss: 0.398367 (P:0.3724, S:0.5093, Q:0.0005) | Repr L2μ: 3.3297 Val L2μ: 0.7299 | Repr Cosμ: 0.7956 Val Cosμ: 0.9968 | Pred→Target Cosμ: 0.9806 Val Cosμ: 0.3719 | Repr NormRatio: 1.7680 Val NormRatio: 1.0043
Epoch 82/100 | Steps: 559 | LR: 0.000010 | Train Loss: 0.042792 (P:0.0410, S:0.0338, Q:0.0001) | Val Loss: 0.350984 (P:0.3254, S:0.4995, Q:0.0006) | Repr L2μ: 4.0504 Val L2μ: 0.8437 | Repr Cosμ: 0.7258 Val Cosμ: 0.9956 | Pred→Target Cosμ: 0.9823 Val Cosμ: 0.3617 | Repr NormRatio: 1.7069 Val NormRatio: 1.0082
   -> Saved improved checkpoint: val_loss=0.350984 at epoch 82
Epoch 83/100 | Steps: 559 | LR: 0.000009 | Train Loss: 0.046731 (P:0.0450, S:0.0335, Q:0.0001) | Val Loss: 0.373199 (P:0.3476, S:0.5022, Q:0.0005) | Repr L2μ: 3.7103 Val L2μ: 0.7612 | Repr Cosμ: 0.7625 Val Cosμ: 0.9965 | Pred→Target Cosμ: 0.9816 Val Cosμ: 0.3560 | Repr NormRatio: 1.6384 Val NormRatio: 1.0052
Epoch 84/100 | Steps: 559 | LR: 0.000009 | Train Loss: 0.045589 (P:0.0438, S:0.0335, Q:0.0001) | Val Loss: 0.414127 (P:0.3893, S:0.4851, Q:0.0006) | Repr L2μ: 3.6254 Val L2μ: 0.9081 | Repr Cosμ: 0.7719 Val Cosμ: 0.9946 | Pred→Target Cosμ: 0.9820 Val Cosμ: 0.4271 | Repr NormRatio: 1.6919 Val NormRatio: 1.0123
Epoch 85/100 | Steps: 559 | LR: 0.000008 | Train Loss: 0.044184 (P:0.0424, S:0.0333, Q:0.0001) | Val Loss: 0.391034 (P:0.3650, S:0.5093, Q:0.0005) | Repr L2μ: 3.7054 Val L2μ: 0.6953 | Repr Cosμ: 0.7607 Val Cosμ: 0.9971 | Pred→Target Cosμ: 0.9819 Val Cosμ: 0.3565 | Repr NormRatio: 1.6795 Val NormRatio: 1.0035
Epoch 86/100 | Steps: 559 | LR: 0.000007 | Train Loss: 0.036646 (P:0.0349, S:0.0338, Q:0.0001) | Val Loss: 0.377091 (P:0.3511, S:0.5086, Q:0.0005) | Repr L2μ: 4.2244 Val L2μ: 0.9253 | Repr Cosμ: 0.7072 Val Cosμ: 0.9943 | Pred→Target Cosμ: 0.9826 Val Cosμ: 0.3858 | Repr NormRatio: 1.6549 Val NormRatio: 1.0145
Epoch 87/100 | Steps: 559 | LR: 0.000006 | Train Loss: 0.035218 (P:0.0335, S:0.0335, Q:0.0001) | Val Loss: 0.358944 (P:0.3330, S:0.5075, Q:0.0006) | Repr L2μ: 4.2267 Val L2μ: 0.8111 | Repr Cosμ: 0.7095 Val Cosμ: 0.9959 | Pred→Target Cosμ: 0.9832 Val Cosμ: 0.3589 | Repr NormRatio: 1.7152 Val NormRatio: 1.0075
Epoch 88/100 | Steps: 559 | LR: 0.000005 | Train Loss: 0.042324 (P:0.0406, S:0.0334, Q:0.0001) | Val Loss: 0.358163 (P:0.3313, S:0.5261, Q:0.0005) | Repr L2μ: 3.5834 Val L2μ: 0.7044 | Repr Cosμ: 0.7717 Val Cosμ: 0.9970 | Pred→Target Cosμ: 0.9824 Val Cosμ: 0.3313 | Repr NormRatio: 1.7315 Val NormRatio: 1.0040
Epoch 89/100 | Steps: 559 | LR: 0.000005 | Train Loss: 0.046068 (P:0.0443, S:0.0333, Q:0.0001) | Val Loss: 0.363540 (P:0.3379, S:0.5025, Q:0.0005) | Repr L2μ: 3.3130 Val L2μ: 0.7149 | Repr Cosμ: 0.7972 Val Cosμ: 0.9969 | Pred→Target Cosμ: 0.9821 Val Cosμ: 0.3551 | Repr NormRatio: 1.7321 Val NormRatio: 1.0042
Epoch 90/100 | Steps: 559 | LR: 0.000004 | Train Loss: 0.042850 (P:0.0411, S:0.0332, Q:0.0001) | Val Loss: 0.349339 (P:0.3238, S:0.4995, Q:0.0005) | Repr L2μ: 3.4938 Val L2μ: 0.7737 | Repr Cosμ: 0.7807 Val Cosμ: 0.9963 | Pred→Target Cosμ: 0.9822 Val Cosμ: 0.3410 | Repr NormRatio: 1.7434 Val NormRatio: 1.0059
   -> Saved improved checkpoint: val_loss=0.349339 at epoch 90
Epoch 91/100 | Steps: 559 | LR: 0.000003 | Train Loss: 0.040259 (P:0.0385, S:0.0330, Q:0.0001) | Val Loss: 0.344541 (P:0.3186, S:0.5074, Q:0.0005) | Repr L2μ: 3.5656 Val L2μ: 0.7633 | Repr Cosμ: 0.7746 Val Cosμ: 0.9964 | Pred→Target Cosμ: 0.9826 Val Cosμ: 0.3344 | Repr NormRatio: 1.7411 Val NormRatio: 1.0055
   -> Saved improved checkpoint: val_loss=0.344541 at epoch 91
Epoch 92/100 | Steps: 559 | LR: 0.000003 | Train Loss: 0.040995 (P:0.0392, S:0.0331, Q:0.0001) | Val Loss: 0.325437 (P:0.2996, S:0.5063, Q:0.0005) | Repr L2μ: 3.5226 Val L2μ: 0.7599 | Repr Cosμ: 0.7776 Val Cosμ: 0.9965 | Pred→Target Cosμ: 0.9824 Val Cosμ: 0.3542 | Repr NormRatio: 1.7240 Val NormRatio: 1.0054
   -> Saved improved checkpoint: val_loss=0.325437 at epoch 92
Epoch 93/100 | Steps: 559 | LR: 0.000002 | Train Loss: 0.039027 (P:0.0373, S:0.0333, Q:0.0001) | Val Loss: 0.405894 (P:0.3798, S:0.5110, Q:0.0006) | Repr L2μ: 3.7082 Val L2μ: 0.7766 | Repr Cosμ: 0.7590 Val Cosμ: 0.9963 | Pred→Target Cosμ: 0.9827 Val Cosμ: 0.4078 | Repr NormRatio: 1.7193 Val NormRatio: 1.0060
Epoch 94/100 | Steps: 559 | LR: 0.000002 | Train Loss: 0.039155 (P:0.0374, S:0.0332, Q:0.0001) | Val Loss: 0.334721 (P:0.3089, S:0.5063, Q:0.0005) | Repr L2μ: 3.7034 Val L2μ: 0.7270 | Repr Cosμ: 0.7596 Val Cosμ: 0.9968 | Pred→Target Cosμ: 0.9828 Val Cosμ: 0.3453 | Repr NormRatio: 1.7165 Val NormRatio: 1.0043
Epoch 95/100 | Steps: 559 | LR: 0.000002 | Train Loss: 0.041629 (P:0.0399, S:0.0333, Q:0.0001) | Val Loss: 0.393526 (P:0.3677, S:0.5055, Q:0.0005) | Repr L2μ: 3.4691 Val L2μ: 0.7190 | Repr Cosμ: 0.7819 Val Cosμ: 0.9969 | Pred→Target Cosμ: 0.9826 Val Cosμ: 0.3845 | Repr NormRatio: 1.7070 Val NormRatio: 1.0041
Epoch 96/100 | Steps: 559 | LR: 0.000001 | Train Loss: 0.043918 (P:0.0422, S:0.0331, Q:0.0001) | Val Loss: 0.380270 (P:0.3548, S:0.4990, Q:0.0005) | Repr L2μ: 3.3254 Val L2μ: 0.7108 | Repr Cosμ: 0.7953 Val Cosμ: 0.9970 | Pred→Target Cosμ: 0.9820 Val Cosμ: 0.3986 | Repr NormRatio: 1.7142 Val NormRatio: 1.0038
Epoch 97/100 | Steps: 559 | LR: 0.000001 | Train Loss: 0.042095 (P:0.0403, S:0.0331, Q:0.0001) | Val Loss: 0.360536 (P:0.3348, S:0.5039, Q:0.0005) | Repr L2μ: 3.3451 Val L2μ: 0.7112 | Repr Cosμ: 0.7931 Val Cosμ: 0.9970 | Pred→Target Cosμ: 0.9822 Val Cosμ: 0.3688 | Repr NormRatio: 1.7088 Val NormRatio: 1.0038
Epoch 98/100 | Steps: 559 | LR: 0.000001 | Train Loss: 0.041098 (P:0.0393, S:0.0333, Q:0.0001) | Val Loss: 0.389479 (P:0.3637, S:0.5043, Q:0.0005) | Repr L2μ: 3.4475 Val L2μ: 0.7241 | Repr Cosμ: 0.7815 Val Cosμ: 0.9968 | Pred→Target Cosμ: 0.9825 Val Cosμ: 0.3825 | Repr NormRatio: 1.7211 Val NormRatio: 1.0041
Epoch 99/100 | Steps: 559 | LR: 0.000001 | Train Loss: 0.040446 (P:0.0387, S:0.0331, Q:0.0001) | Val Loss: 0.398440 (P:0.3724, S:0.5107, Q:0.0005) | Repr L2μ: 3.4617 Val L2μ: 0.7342 | Repr Cosμ: 0.7803 Val Cosμ: 0.9967 | Pred→Target Cosμ: 0.9825 Val Cosμ: 0.3890 | Repr NormRatio: 1.7144 Val NormRatio: 1.0044
Epoch 100/100 | Steps: 559 | LR: 0.000001 | Train Loss: 0.037925 (P:0.0362, S:0.0332, Q:0.0001) | Val Loss: 0.340598 (P:0.3151, S:0.4990, Q:0.0005) | Repr L2μ: 3.6695 Val L2μ: 0.7481 | Repr Cosμ: 0.7604 Val Cosμ: 0.9966 | Pred→Target Cosμ: 0.9829 Val Cosμ: 0.3551 | Repr NormRatio: 1.6910 Val NormRatio: 1.0048
Saved attention maps for 100 epoch snapshot(s) under ./runs/pretrain_electricity_laya_laya_relation_text/attention_maps
