nohup: ignoring input
==================================================
🚀 Architecture: LAYA
📊 Target Dataset: weather (Channels: 21)
📊 Pretrain Info: weather (Detected Channels: 21)
📊 Prediction Length: 96
==================================================
✅ Loaded pretrained encoder from ./checkpoints/weather_laya_ci_adapter/laya_ts_weather_s_best.pt
   - 72/72 keys matched.
ℹ️ Channel Adapter: enabled
   - position: post_encoder, heads: 4, dropout: 0.1, metadata_dropout: 0.0
   - adapter_pretrained: True
📝 metadata: mode=text, fusion=none, relation=none
ℹ️ RevIN: enabled | affine=False | subtract_last=False | eps=1e-05
ℹ️ Metadata Fusion Mode: none
ℹ️ Channel Mixer Relation Mode: none
ℹ️ Encoder Variant: default
ℹ️ Channel Relation Block: disabled
✅ Probing Head [CI, channel-wise]: [B*C, 8192] -> [B, 21, 96]
Epoch 1/20 | Steps: 1133 | LR: 0.000100 | Train Loss: 0.373932 | Val Loss: 0.464160 | Train Meta: AdapterScaleμ:0.0330, AdapterMetaScaleμ:-0.0396, AdapterGateμ:0.5459, AdapterBias|B|μ:33.8818, AdapterMetaOn:1.00, AdapterMetaNZ%:100.0, AdapterΔ/Input:5.48% | Val Meta: AdapterScaleμ:0.0330, AdapterMetaScaleμ:-0.0396, AdapterGateμ:0.5459, AdapterBias|B|μ:33.8530, AdapterMetaOn:1.00, AdapterMetaNZ%:100.0, AdapterΔ/Input:4.99%
   -> Updated best validation state: val_loss=0.464160 at epoch 1
Epoch 2/20 | Steps: 1133 | LR: 0.000100 | Train Loss: 0.355878 | Val Loss: 0.453315 | Train Meta: AdapterScaleμ:0.0330, AdapterMetaScaleμ:-0.0396, AdapterGateμ:0.5459, AdapterBias|B|μ:33.8923, AdapterMetaOn:1.00, AdapterMetaNZ%:100.0, AdapterΔ/Input:5.36% | Val Meta: AdapterScaleμ:0.0330, AdapterMetaScaleμ:-0.0396, AdapterGateμ:0.5459, AdapterBias|B|μ:33.8530, AdapterMetaOn:1.00, AdapterMetaNZ%:100.0, AdapterΔ/Input:4.99%
   -> Updated best validation state: val_loss=0.453315 at epoch 2
Epoch 3/20 | Steps: 1133 | LR: 0.000100 | Train Loss: 0.351197 | Val Loss: 0.463998 | Train Meta: AdapterScaleμ:0.0330, AdapterMetaScaleμ:-0.0396, AdapterGateμ:0.5459, AdapterBias|B|μ:33.8703, AdapterMetaOn:1.00, AdapterMetaNZ%:100.0, AdapterΔ/Input:5.44% | Val Meta: AdapterScaleμ:0.0330, AdapterMetaScaleμ:-0.0396, AdapterGateμ:0.5459, AdapterBias|B|μ:33.8530, AdapterMetaOn:1.00, AdapterMetaNZ%:100.0, AdapterΔ/Input:4.99%
Epoch 4/20 | Steps: 1133 | LR: 0.000100 | Train Loss: 0.348456 | Val Loss: 0.451943 | Train Meta: AdapterScaleμ:0.0330, AdapterMetaScaleμ:-0.0396, AdapterGateμ:0.5459, AdapterBias|B|μ:33.8803, AdapterMetaOn:1.00, AdapterMetaNZ%:100.0, AdapterΔ/Input:5.46% | Val Meta: AdapterScaleμ:0.0330, AdapterMetaScaleμ:-0.0396, AdapterGateμ:0.5459, AdapterBias|B|μ:33.8530, AdapterMetaOn:1.00, AdapterMetaNZ%:100.0, AdapterΔ/Input:4.99%
   -> Updated best validation state: val_loss=0.451943 at epoch 4
Epoch 5/20 | Steps: 1133 | LR: 0.000100 | Train Loss: 0.346534 | Val Loss: 0.454857 | Train Meta: AdapterScaleμ:0.0330, AdapterMetaScaleμ:-0.0396, AdapterGateμ:0.5459, AdapterBias|B|μ:33.8727, AdapterMetaOn:1.00, AdapterMetaNZ%:100.0, AdapterΔ/Input:5.39% | Val Meta: AdapterScaleμ:0.0330, AdapterMetaScaleμ:-0.0396, AdapterGateμ:0.5459, AdapterBias|B|μ:33.8530, AdapterMetaOn:1.00, AdapterMetaNZ%:100.0, AdapterΔ/Input:4.99%
Epoch 6/20 | Steps: 1133 | LR: 0.000100 | Train Loss: 0.344402 | Val Loss: 0.456688 | Train Meta: AdapterScaleμ:0.0330, AdapterMetaScaleμ:-0.0396, AdapterGateμ:0.5459, AdapterBias|B|μ:33.8608, AdapterMetaOn:1.00, AdapterMetaNZ%:100.0, AdapterΔ/Input:5.41% | Val Meta: AdapterScaleμ:0.0330, AdapterMetaScaleμ:-0.0396, AdapterGateμ:0.5459, AdapterBias|B|μ:33.8530, AdapterMetaOn:1.00, AdapterMetaNZ%:100.0, AdapterΔ/Input:4.99%
Epoch 7/20 | Steps: 1133 | LR: 0.000100 | Train Loss: 0.343489 | Val Loss: 0.459559 | Train Meta: AdapterScaleμ:0.0330, AdapterMetaScaleμ:-0.0396, AdapterGateμ:0.5459, AdapterBias|B|μ:33.8662, AdapterMetaOn:1.00, AdapterMetaNZ%:100.0, AdapterΔ/Input:5.34% | Val Meta: AdapterScaleμ:0.0330, AdapterMetaScaleμ:-0.0396, AdapterGateμ:0.5459, AdapterBias|B|μ:33.8530, AdapterMetaOn:1.00, AdapterMetaNZ%:100.0, AdapterΔ/Input:4.99%
Epoch 8/20 | Steps: 1133 | LR: 0.000100 | Train Loss: 0.342154 | Val Loss: 0.453882 | Train Meta: AdapterScaleμ:0.0330, AdapterMetaScaleμ:-0.0396, AdapterGateμ:0.5459, AdapterBias|B|μ:33.8851, AdapterMetaOn:1.00, AdapterMetaNZ%:100.0, AdapterΔ/Input:5.46% | Val Meta: AdapterScaleμ:0.0330, AdapterMetaScaleμ:-0.0396, AdapterGateμ:0.5459, AdapterBias|B|μ:33.8530, AdapterMetaOn:1.00, AdapterMetaNZ%:100.0, AdapterΔ/Input:4.99%
Epoch 9/20 | Steps: 1133 | LR: 0.000100 | Train Loss: 0.341318 | Val Loss: 0.461547 | Train Meta: AdapterScaleμ:0.0330, AdapterMetaScaleμ:-0.0396, AdapterGateμ:0.5459, AdapterBias|B|μ:33.8684, AdapterMetaOn:1.00, AdapterMetaNZ%:100.0, AdapterΔ/Input:5.33% | Val Meta: AdapterScaleμ:0.0330, AdapterMetaScaleμ:-0.0396, AdapterGateμ:0.5459, AdapterBias|B|μ:33.8530, AdapterMetaOn:1.00, AdapterMetaNZ%:100.0, AdapterΔ/Input:4.99%
Epoch 10/20 | Steps: 1133 | LR: 0.000100 | Train Loss: 0.340255 | Val Loss: 0.454960 | Train Meta: AdapterScaleμ:0.0330, AdapterMetaScaleμ:-0.0396, AdapterGateμ:0.5459, AdapterBias|B|μ:33.8702, AdapterMetaOn:1.00, AdapterMetaNZ%:100.0, AdapterΔ/Input:5.50% | Val Meta: AdapterScaleμ:0.0330, AdapterMetaScaleμ:-0.0396, AdapterGateμ:0.5459, AdapterBias|B|μ:33.8530, AdapterMetaOn:1.00, AdapterMetaNZ%:100.0, AdapterΔ/Input:4.99%
Epoch 11/20 | Steps: 1133 | LR: 0.000100 | Train Loss: 0.339696 | Val Loss: 0.456428 | Train Meta: AdapterScaleμ:0.0330, AdapterMetaScaleμ:-0.0396, AdapterGateμ:0.5459, AdapterBias|B|μ:33.8776, AdapterMetaOn:1.00, AdapterMetaNZ%:100.0, AdapterΔ/Input:5.31% | Val Meta: AdapterScaleμ:0.0330, AdapterMetaScaleμ:-0.0396, AdapterGateμ:0.5459, AdapterBias|B|μ:33.8530, AdapterMetaOn:1.00, AdapterMetaNZ%:100.0, AdapterΔ/Input:4.99%
Epoch 12/20 | Steps: 1133 | LR: 0.000100 | Train Loss: 0.338515 | Val Loss: 0.453032 | Train Meta: AdapterScaleμ:0.0330, AdapterMetaScaleμ:-0.0396, AdapterGateμ:0.5459, AdapterBias|B|μ:33.8974, AdapterMetaOn:1.00, AdapterMetaNZ%:100.0, AdapterΔ/Input:5.37% | Val Meta: AdapterScaleμ:0.0330, AdapterMetaScaleμ:-0.0396, AdapterGateμ:0.5459, AdapterBias|B|μ:33.8530, AdapterMetaOn:1.00, AdapterMetaNZ%:100.0, AdapterΔ/Input:4.99%
Epoch 13/20 | Steps: 1133 | LR: 0.000100 | Train Loss: 0.338092 | Val Loss: 0.455457 | Train Meta: AdapterScaleμ:0.0330, AdapterMetaScaleμ:-0.0396, AdapterGateμ:0.5459, AdapterBias|B|μ:33.8599, AdapterMetaOn:1.00, AdapterMetaNZ%:100.0, AdapterΔ/Input:5.39% | Val Meta: AdapterScaleμ:0.0330, AdapterMetaScaleμ:-0.0396, AdapterGateμ:0.5459, AdapterBias|B|μ:33.8530, AdapterMetaOn:1.00, AdapterMetaNZ%:100.0, AdapterΔ/Input:4.99%
Epoch 14/20 | Steps: 1133 | LR: 0.000100 | Train Loss: 0.337844 | Val Loss: 0.456114 | Train Meta: AdapterScaleμ:0.0330, AdapterMetaScaleμ:-0.0396, AdapterGateμ:0.5459, AdapterBias|B|μ:33.8824, AdapterMetaOn:1.00, AdapterMetaNZ%:100.0, AdapterΔ/Input:5.39% | Val Meta: AdapterScaleμ:0.0330, AdapterMetaScaleμ:-0.0396, AdapterGateμ:0.5459, AdapterBias|B|μ:33.8530, AdapterMetaOn:1.00, AdapterMetaNZ%:100.0, AdapterΔ/Input:4.99%
Epoch 15/20 | Steps: 1133 | LR: 0.000100 | Train Loss: 0.336904 | Val Loss: 0.455043 | Train Meta: AdapterScaleμ:0.0330, AdapterMetaScaleμ:-0.0396, AdapterGateμ:0.5459, AdapterBias|B|μ:33.8757, AdapterMetaOn:1.00, AdapterMetaNZ%:100.0, AdapterΔ/Input:5.39% | Val Meta: AdapterScaleμ:0.0330, AdapterMetaScaleμ:-0.0396, AdapterGateμ:0.5459, AdapterBias|B|μ:33.8530, AdapterMetaOn:1.00, AdapterMetaNZ%:100.0, AdapterΔ/Input:4.99%
Epoch 16/20 | Steps: 1133 | LR: 0.000100 | Train Loss: 0.336524 | Val Loss: 0.459251 | Train Meta: AdapterScaleμ:0.0330, AdapterMetaScaleμ:-0.0396, AdapterGateμ:0.5459, AdapterBias|B|μ:33.8867, AdapterMetaOn:1.00, AdapterMetaNZ%:100.0, AdapterΔ/Input:5.53% | Val Meta: AdapterScaleμ:0.0330, AdapterMetaScaleμ:-0.0396, AdapterGateμ:0.5459, AdapterBias|B|μ:33.8530, AdapterMetaOn:1.00, AdapterMetaNZ%:100.0, AdapterΔ/Input:4.99%
Epoch 17/20 | Steps: 1133 | LR: 0.000100 | Train Loss: 0.336180 | Val Loss: 0.455321 | Train Meta: AdapterScaleμ:0.0330, AdapterMetaScaleμ:-0.0396, AdapterGateμ:0.5459, AdapterBias|B|μ:33.8822, AdapterMetaOn:1.00, AdapterMetaNZ%:100.0, AdapterΔ/Input:5.48% | Val Meta: AdapterScaleμ:0.0330, AdapterMetaScaleμ:-0.0396, AdapterGateμ:0.5459, AdapterBias|B|μ:33.8530, AdapterMetaOn:1.00, AdapterMetaNZ%:100.0, AdapterΔ/Input:4.99%
Epoch 18/20 | Steps: 1133 | LR: 0.000100 | Train Loss: 0.335329 | Val Loss: 0.454159 | Train Meta: AdapterScaleμ:0.0330, AdapterMetaScaleμ:-0.0396, AdapterGateμ:0.5459, AdapterBias|B|μ:33.8796, AdapterMetaOn:1.00, AdapterMetaNZ%:100.0, AdapterΔ/Input:5.59% | Val Meta: AdapterScaleμ:0.0330, AdapterMetaScaleμ:-0.0396, AdapterGateμ:0.5459, AdapterBias|B|μ:33.8530, AdapterMetaOn:1.00, AdapterMetaNZ%:100.0, AdapterΔ/Input:4.99%
Epoch 19/20 | Steps: 1133 | LR: 0.000100 | Train Loss: 0.335041 | Val Loss: 0.453831 | Train Meta: AdapterScaleμ:0.0330, AdapterMetaScaleμ:-0.0396, AdapterGateμ:0.5459, AdapterBias|B|μ:33.9164, AdapterMetaOn:1.00, AdapterMetaNZ%:100.0, AdapterΔ/Input:5.49% | Val Meta: AdapterScaleμ:0.0330, AdapterMetaScaleμ:-0.0396, AdapterGateμ:0.5459, AdapterBias|B|μ:33.8530, AdapterMetaOn:1.00, AdapterMetaNZ%:100.0, AdapterΔ/Input:4.99%
Epoch 20/20 | Steps: 1133 | LR: 0.000100 | Train Loss: 0.334874 | Val Loss: 0.455302 | Train Meta: AdapterScaleμ:0.0330, AdapterMetaScaleμ:-0.0396, AdapterGateμ:0.5459, AdapterBias|B|μ:33.9174, AdapterMetaOn:1.00, AdapterMetaNZ%:100.0, AdapterΔ/Input:5.43% | Val Meta: AdapterScaleμ:0.0330, AdapterMetaScaleμ:-0.0396, AdapterGateμ:0.5459, AdapterBias|B|μ:33.8530, AdapterMetaOn:1.00, AdapterMetaNZ%:100.0, AdapterΔ/Input:4.99%
{'test_mse': 0.2029992938041687, 'test_mae': 0.2530311942100525}
Saved best forecasting checkpoint under checkpoints/forecasting_weather_96/weather_laya_ci_adapter_best.pt
==================================================
🚀 Architecture: LAYA
📊 Target Dataset: weather (Channels: 21)
📊 Pretrain Info: weather (Detected Channels: 21)
📊 Prediction Length: 192
==================================================
✅ Loaded pretrained encoder from ./checkpoints/weather_laya_ci_adapter/laya_ts_weather_s_best.pt
   - 72/72 keys matched.
ℹ️ Channel Adapter: enabled
   - position: post_encoder, heads: 4, dropout: 0.1, metadata_dropout: 0.0
   - adapter_pretrained: True
📝 metadata: mode=text, fusion=none, relation=none
ℹ️ RevIN: enabled | affine=False | subtract_last=False | eps=1e-05
ℹ️ Metadata Fusion Mode: none
ℹ️ Channel Mixer Relation Mode: none
ℹ️ Encoder Variant: default
ℹ️ Channel Relation Block: disabled
✅ Probing Head [CI, channel-wise]: [B*C, 8192] -> [B, 21, 192]
Epoch 1/20 | Steps: 1130 | LR: 0.000100 | Train Loss: 0.430416 | Val Loss: 0.540926 | Train Meta: AdapterScaleμ:0.0330, AdapterMetaScaleμ:-0.0396, AdapterGateμ:0.5459, AdapterBias|B|μ:33.8818, AdapterMetaOn:1.00, AdapterMetaNZ%:100.0, AdapterΔ/Input:5.42% | Val Meta: AdapterScaleμ:0.0330, AdapterMetaScaleμ:-0.0396, AdapterGateμ:0.5459, AdapterBias|B|μ:33.8530, AdapterMetaOn:1.00, AdapterMetaNZ%:100.0, AdapterΔ/Input:4.99%
   -> Updated best validation state: val_loss=0.540926 at epoch 1
Epoch 2/20 | Steps: 1130 | LR: 0.000100 | Train Loss: 0.413948 | Val Loss: 0.542076 | Train Meta: AdapterScaleμ:0.0330, AdapterMetaScaleμ:-0.0396, AdapterGateμ:0.5459, AdapterBias|B|μ:33.8744, AdapterMetaOn:1.00, AdapterMetaNZ%:100.0, AdapterΔ/Input:5.39% | Val Meta: AdapterScaleμ:0.0330, AdapterMetaScaleμ:-0.0396, AdapterGateμ:0.5459, AdapterBias|B|μ:33.8530, AdapterMetaOn:1.00, AdapterMetaNZ%:100.0, AdapterΔ/Input:4.99%
Epoch 3/20 | Steps: 1130 | LR: 0.000100 | Train Loss: 0.408997 | Val Loss: 0.534647 | Train Meta: AdapterScaleμ:0.0330, AdapterMetaScaleμ:-0.0396, AdapterGateμ:0.5459, AdapterBias|B|μ:33.8768, AdapterMetaOn:1.00, AdapterMetaNZ%:100.0, AdapterΔ/Input:5.42% | Val Meta: AdapterScaleμ:0.0330, AdapterMetaScaleμ:-0.0396, AdapterGateμ:0.5459, AdapterBias|B|μ:33.8530, AdapterMetaOn:1.00, AdapterMetaNZ%:100.0, AdapterΔ/Input:4.99%
   -> Updated best validation state: val_loss=0.534647 at epoch 3
Epoch 4/20 | Steps: 1130 | LR: 0.000100 | Train Loss: 0.406262 | Val Loss: 0.542665 | Train Meta: AdapterScaleμ:0.0330, AdapterMetaScaleμ:-0.0396, AdapterGateμ:0.5459, AdapterBias|B|μ:33.8977, AdapterMetaOn:1.00, AdapterMetaNZ%:100.0, AdapterΔ/Input:5.49% | Val Meta: AdapterScaleμ:0.0330, AdapterMetaScaleμ:-0.0396, AdapterGateμ:0.5459, AdapterBias|B|μ:33.8530, AdapterMetaOn:1.00, AdapterMetaNZ%:100.0, AdapterΔ/Input:4.99%
Epoch 5/20 | Steps: 1130 | LR: 0.000100 | Train Loss: 0.404123 | Val Loss: 0.539559 | Train Meta: AdapterScaleμ:0.0330, AdapterMetaScaleμ:-0.0396, AdapterGateμ:0.5459, AdapterBias|B|μ:33.8947, AdapterMetaOn:1.00, AdapterMetaNZ%:100.0, AdapterΔ/Input:5.48% | Val Meta: AdapterScaleμ:0.0330, AdapterMetaScaleμ:-0.0396, AdapterGateμ:0.5459, AdapterBias|B|μ:33.8530, AdapterMetaOn:1.00, AdapterMetaNZ%:100.0, AdapterΔ/Input:4.99%
Epoch 6/20 | Steps: 1130 | LR: 0.000100 | Train Loss: 0.402209 | Val Loss: 0.536681 | Train Meta: AdapterScaleμ:0.0330, AdapterMetaScaleμ:-0.0396, AdapterGateμ:0.5459, AdapterBias|B|μ:33.8824, AdapterMetaOn:1.00, AdapterMetaNZ%:100.0, AdapterΔ/Input:5.36% | Val Meta: AdapterScaleμ:0.0330, AdapterMetaScaleμ:-0.0396, AdapterGateμ:0.5459, AdapterBias|B|μ:33.8530, AdapterMetaOn:1.00, AdapterMetaNZ%:100.0, AdapterΔ/Input:4.99%
Epoch 7/20 | Steps: 1130 | LR: 0.000100 | Train Loss: 0.401119 | Val Loss: 0.537931 | Train Meta: AdapterScaleμ:0.0330, AdapterMetaScaleμ:-0.0396, AdapterGateμ:0.5459, AdapterBias|B|μ:33.8822, AdapterMetaOn:1.00, AdapterMetaNZ%:100.0, AdapterΔ/Input:5.42% | Val Meta: AdapterScaleμ:0.0330, AdapterMetaScaleμ:-0.0396, AdapterGateμ:0.5459, AdapterBias|B|μ:33.8530, AdapterMetaOn:1.00, AdapterMetaNZ%:100.0, AdapterΔ/Input:4.99%
Epoch 8/20 | Steps: 1130 | LR: 0.000100 | Train Loss: 0.399601 | Val Loss: 0.536212 | Train Meta: AdapterScaleμ:0.0330, AdapterMetaScaleμ:-0.0396, AdapterGateμ:0.5459, AdapterBias|B|μ:33.8745, AdapterMetaOn:1.00, AdapterMetaNZ%:100.0, AdapterΔ/Input:5.38% | Val Meta: AdapterScaleμ:0.0330, AdapterMetaScaleμ:-0.0396, AdapterGateμ:0.5459, AdapterBias|B|μ:33.8530, AdapterMetaOn:1.00, AdapterMetaNZ%:100.0, AdapterΔ/Input:4.99%
Epoch 9/20 | Steps: 1130 | LR: 0.000100 | Train Loss: 0.398442 | Val Loss: 0.536875 | Train Meta: AdapterScaleμ:0.0330, AdapterMetaScaleμ:-0.0396, AdapterGateμ:0.5459, AdapterBias|B|μ:33.8884, AdapterMetaOn:1.00, AdapterMetaNZ%:100.0, AdapterΔ/Input:5.35% | Val Meta: AdapterScaleμ:0.0330, AdapterMetaScaleμ:-0.0396, AdapterGateμ:0.5459, AdapterBias|B|μ:33.8530, AdapterMetaOn:1.00, AdapterMetaNZ%:100.0, AdapterΔ/Input:4.99%
Epoch 10/20 | Steps: 1130 | LR: 0.000100 | Train Loss: 0.398156 | Val Loss: 0.536250 | Train Meta: AdapterScaleμ:0.0330, AdapterMetaScaleμ:-0.0396, AdapterGateμ:0.5459, AdapterBias|B|μ:33.9000, AdapterMetaOn:1.00, AdapterMetaNZ%:100.0, AdapterΔ/Input:5.32% | Val Meta: AdapterScaleμ:0.0330, AdapterMetaScaleμ:-0.0396, AdapterGateμ:0.5459, AdapterBias|B|μ:33.8530, AdapterMetaOn:1.00, AdapterMetaNZ%:100.0, AdapterΔ/Input:4.99%
Epoch 11/20 | Steps: 1130 | LR: 0.000100 | Train Loss: 0.397083 | Val Loss: 0.542411 | Train Meta: AdapterScaleμ:0.0330, AdapterMetaScaleμ:-0.0396, AdapterGateμ:0.5459, AdapterBias|B|μ:33.8705, AdapterMetaOn:1.00, AdapterMetaNZ%:100.0, AdapterΔ/Input:5.40% | Val Meta: AdapterScaleμ:0.0330, AdapterMetaScaleμ:-0.0396, AdapterGateμ:0.5459, AdapterBias|B|μ:33.8530, AdapterMetaOn:1.00, AdapterMetaNZ%:100.0, AdapterΔ/Input:4.99%
Epoch 12/20 | Steps: 1130 | LR: 0.000100 | Train Loss: 0.396039 | Val Loss: 0.539737 | Train Meta: AdapterScaleμ:0.0330, AdapterMetaScaleμ:-0.0396, AdapterGateμ:0.5459, AdapterBias|B|μ:33.8598, AdapterMetaOn:1.00, AdapterMetaNZ%:100.0, AdapterΔ/Input:5.40% | Val Meta: AdapterScaleμ:0.0330, AdapterMetaScaleμ:-0.0396, AdapterGateμ:0.5459, AdapterBias|B|μ:33.8530, AdapterMetaOn:1.00, AdapterMetaNZ%:100.0, AdapterΔ/Input:4.99%
Epoch 13/20 | Steps: 1130 | LR: 0.000100 | Train Loss: 0.395871 | Val Loss: 0.536793 | Train Meta: AdapterScaleμ:0.0330, AdapterMetaScaleμ:-0.0396, AdapterGateμ:0.5459, AdapterBias|B|μ:33.8983, AdapterMetaOn:1.00, AdapterMetaNZ%:100.0, AdapterΔ/Input:5.39% | Val Meta: AdapterScaleμ:0.0330, AdapterMetaScaleμ:-0.0396, AdapterGateμ:0.5459, AdapterBias|B|μ:33.8530, AdapterMetaOn:1.00, AdapterMetaNZ%:100.0, AdapterΔ/Input:4.99%
Epoch 14/20 | Steps: 1130 | LR: 0.000100 | Train Loss: 0.394971 | Val Loss: 0.537433 | Train Meta: AdapterScaleμ:0.0330, AdapterMetaScaleμ:-0.0396, AdapterGateμ:0.5459, AdapterBias|B|μ:33.8703, AdapterMetaOn:1.00, AdapterMetaNZ%:100.0, AdapterΔ/Input:5.46% | Val Meta: AdapterScaleμ:0.0330, AdapterMetaScaleμ:-0.0396, AdapterGateμ:0.5459, AdapterBias|B|μ:33.8530, AdapterMetaOn:1.00, AdapterMetaNZ%:100.0, AdapterΔ/Input:4.99%
Epoch 15/20 | Steps: 1130 | LR: 0.000100 | Train Loss: 0.394548 | Val Loss: 0.537222 | Train Meta: AdapterScaleμ:0.0330, AdapterMetaScaleμ:-0.0396, AdapterGateμ:0.5459, AdapterBias|B|μ:33.8874, AdapterMetaOn:1.00, AdapterMetaNZ%:100.0, AdapterΔ/Input:5.43% | Val Meta: AdapterScaleμ:0.0330, AdapterMetaScaleμ:-0.0396, AdapterGateμ:0.5459, AdapterBias|B|μ:33.8530, AdapterMetaOn:1.00, AdapterMetaNZ%:100.0, AdapterΔ/Input:4.99%
Epoch 16/20 | Steps: 1130 | LR: 0.000100 | Train Loss: 0.393912 | Val Loss: 0.539326 | Train Meta: AdapterScaleμ:0.0330, AdapterMetaScaleμ:-0.0396, AdapterGateμ:0.5459, AdapterBias|B|μ:33.8741, AdapterMetaOn:1.00, AdapterMetaNZ%:100.0, AdapterΔ/Input:5.49% | Val Meta: AdapterScaleμ:0.0330, AdapterMetaScaleμ:-0.0396, AdapterGateμ:0.5459, AdapterBias|B|μ:33.8530, AdapterMetaOn:1.00, AdapterMetaNZ%:100.0, AdapterΔ/Input:4.99%
Epoch 17/20 | Steps: 1130 | LR: 0.000100 | Train Loss: 0.393775 | Val Loss: 0.532086 | Train Meta: AdapterScaleμ:0.0330, AdapterMetaScaleμ:-0.0396, AdapterGateμ:0.5459, AdapterBias|B|μ:33.8885, AdapterMetaOn:1.00, AdapterMetaNZ%:100.0, AdapterΔ/Input:5.61% | Val Meta: AdapterScaleμ:0.0330, AdapterMetaScaleμ:-0.0396, AdapterGateμ:0.5459, AdapterBias|B|μ:33.8530, AdapterMetaOn:1.00, AdapterMetaNZ%:100.0, AdapterΔ/Input:4.99%
   -> Updated best validation state: val_loss=0.532086 at epoch 17
Epoch 18/20 | Steps: 1130 | LR: 0.000100 | Train Loss: 0.393126 | Val Loss: 0.537148 | Train Meta: AdapterScaleμ:0.0330, AdapterMetaScaleμ:-0.0396, AdapterGateμ:0.5459, AdapterBias|B|μ:33.8482, AdapterMetaOn:1.00, AdapterMetaNZ%:100.0, AdapterΔ/Input:5.39% | Val Meta: AdapterScaleμ:0.0330, AdapterMetaScaleμ:-0.0396, AdapterGateμ:0.5459, AdapterBias|B|μ:33.8530, AdapterMetaOn:1.00, AdapterMetaNZ%:100.0, AdapterΔ/Input:4.99%
Epoch 19/20 | Steps: 1130 | LR: 0.000100 | Train Loss: 0.392485 | Val Loss: 0.531040 | Train Meta: AdapterScaleμ:0.0330, AdapterMetaScaleμ:-0.0396, AdapterGateμ:0.5459, AdapterBias|B|μ:33.8672, AdapterMetaOn:1.00, AdapterMetaNZ%:100.0, AdapterΔ/Input:5.51% | Val Meta: AdapterScaleμ:0.0330, AdapterMetaScaleμ:-0.0396, AdapterGateμ:0.5459, AdapterBias|B|μ:33.8530, AdapterMetaOn:1.00, AdapterMetaNZ%:100.0, AdapterΔ/Input:4.99%
   -> Updated best validation state: val_loss=0.531040 at epoch 19
Epoch 20/20 | Steps: 1130 | LR: 0.000100 | Train Loss: 0.391932 | Val Loss: 0.539426 | Train Meta: AdapterScaleμ:0.0330, AdapterMetaScaleμ:-0.0396, AdapterGateμ:0.5459, AdapterBias|B|μ:33.8924, AdapterMetaOn:1.00, AdapterMetaNZ%:100.0, AdapterΔ/Input:5.43% | Val Meta: AdapterScaleμ:0.0330, AdapterMetaScaleμ:-0.0396, AdapterGateμ:0.5459, AdapterBias|B|μ:33.8530, AdapterMetaOn:1.00, AdapterMetaNZ%:100.0, AdapterΔ/Input:4.99%
{'test_mse': 0.2599119246006012, 'test_mae': 0.30286654829978943}
Saved best forecasting checkpoint under checkpoints/forecasting_weather_192/weather_laya_ci_adapter_best.pt
==================================================
🚀 Architecture: LAYA
📊 Target Dataset: weather (Channels: 21)
📊 Pretrain Info: weather (Detected Channels: 21)
📊 Prediction Length: 336
==================================================
✅ Loaded pretrained encoder from ./checkpoints/weather_laya_ci_adapter/laya_ts_weather_s_best.pt
   - 72/72 keys matched.
ℹ️ Channel Adapter: enabled
   - position: post_encoder, heads: 4, dropout: 0.1, metadata_dropout: 0.0
   - adapter_pretrained: True
📝 metadata: mode=text, fusion=none, relation=none
ℹ️ RevIN: enabled | affine=False | subtract_last=False | eps=1e-05
ℹ️ Metadata Fusion Mode: none
ℹ️ Channel Mixer Relation Mode: none
ℹ️ Encoder Variant: default
ℹ️ Channel Relation Block: disabled
✅ Probing Head [CI, channel-wise]: [B*C, 8192] -> [B, 21, 336]
Epoch 1/20 | Steps: 1126 | LR: 0.000100 | Train Loss: 0.485236 | Val Loss: 0.620871 | Train Meta: AdapterScaleμ:0.0330, AdapterMetaScaleμ:-0.0396, AdapterGateμ:0.5459, AdapterBias|B|μ:33.8818, AdapterMetaOn:1.00, AdapterMetaNZ%:100.0, AdapterΔ/Input:5.33% | Val Meta: AdapterScaleμ:0.0330, AdapterMetaScaleμ:-0.0396, AdapterGateμ:0.5459, AdapterBias|B|μ:33.8530, AdapterMetaOn:1.00, AdapterMetaNZ%:100.0, AdapterΔ/Input:4.99%
   -> Updated best validation state: val_loss=0.620871 at epoch 1
Epoch 2/20 | Steps: 1126 | LR: 0.000100 | Train Loss: 0.469574 | Val Loss: 0.625519 | Train Meta: AdapterScaleμ:0.0330, AdapterMetaScaleμ:-0.0396, AdapterGateμ:0.5459, AdapterBias|B|μ:33.8774, AdapterMetaOn:1.00, AdapterMetaNZ%:100.0, AdapterΔ/Input:5.48% | Val Meta: AdapterScaleμ:0.0330, AdapterMetaScaleμ:-0.0396, AdapterGateμ:0.5459, AdapterBias|B|μ:33.8530, AdapterMetaOn:1.00, AdapterMetaNZ%:100.0, AdapterΔ/Input:4.99%
Epoch 3/20 | Steps: 1126 | LR: 0.000100 | Train Loss: 0.464494 | Val Loss: 0.621143 | Train Meta: AdapterScaleμ:0.0330, AdapterMetaScaleμ:-0.0396, AdapterGateμ:0.5459, AdapterBias|B|μ:33.8789, AdapterMetaOn:1.00, AdapterMetaNZ%:100.0, AdapterΔ/Input:5.36% | Val Meta: AdapterScaleμ:0.0330, AdapterMetaScaleμ:-0.0396, AdapterGateμ:0.5459, AdapterBias|B|μ:33.8530, AdapterMetaOn:1.00, AdapterMetaNZ%:100.0, AdapterΔ/Input:4.99%
Epoch 4/20 | Steps: 1126 | LR: 0.000100 | Train Loss: 0.461583 | Val Loss: 0.619858 | Train Meta: AdapterScaleμ:0.0330, AdapterMetaScaleμ:-0.0396, AdapterGateμ:0.5459, AdapterBias|B|μ:33.8697, AdapterMetaOn:1.00, AdapterMetaNZ%:100.0, AdapterΔ/Input:5.42% | Val Meta: AdapterScaleμ:0.0330, AdapterMetaScaleμ:-0.0396, AdapterGateμ:0.5459, AdapterBias|B|μ:33.8530, AdapterMetaOn:1.00, AdapterMetaNZ%:100.0, AdapterΔ/Input:4.99%
   -> Updated best validation state: val_loss=0.619858 at epoch 4
Epoch 5/20 | Steps: 1126 | LR: 0.000100 | Train Loss: 0.459104 | Val Loss: 0.620552 | Train Meta: AdapterScaleμ:0.0330, AdapterMetaScaleμ:-0.0396, AdapterGateμ:0.5459, AdapterBias|B|μ:33.8915, AdapterMetaOn:1.00, AdapterMetaNZ%:100.0, AdapterΔ/Input:5.41% | Val Meta: AdapterScaleμ:0.0330, AdapterMetaScaleμ:-0.0396, AdapterGateμ:0.5459, AdapterBias|B|μ:33.8530, AdapterMetaOn:1.00, AdapterMetaNZ%:100.0, AdapterΔ/Input:4.99%
Epoch 6/20 | Steps: 1126 | LR: 0.000100 | Train Loss: 0.457609 | Val Loss: 0.615356 | Train Meta: AdapterScaleμ:0.0330, AdapterMetaScaleμ:-0.0396, AdapterGateμ:0.5459, AdapterBias|B|μ:33.8464, AdapterMetaOn:1.00, AdapterMetaNZ%:100.0, AdapterΔ/Input:5.42% | Val Meta: AdapterScaleμ:0.0330, AdapterMetaScaleμ:-0.0396, AdapterGateμ:0.5459, AdapterBias|B|μ:33.8530, AdapterMetaOn:1.00, AdapterMetaNZ%:100.0, AdapterΔ/Input:4.99%
   -> Updated best validation state: val_loss=0.615356 at epoch 6
Epoch 7/20 | Steps: 1126 | LR: 0.000100 | Train Loss: 0.456144 | Val Loss: 0.622929 | Train Meta: AdapterScaleμ:0.0330, AdapterMetaScaleμ:-0.0396, AdapterGateμ:0.5459, AdapterBias|B|μ:33.8790, AdapterMetaOn:1.00, AdapterMetaNZ%:100.0, AdapterΔ/Input:5.46% | Val Meta: AdapterScaleμ:0.0330, AdapterMetaScaleμ:-0.0396, AdapterGateμ:0.5459, AdapterBias|B|μ:33.8530, AdapterMetaOn:1.00, AdapterMetaNZ%:100.0, AdapterΔ/Input:4.99%
Epoch 8/20 | Steps: 1126 | LR: 0.000100 | Train Loss: 0.454690 | Val Loss: 0.620616 | Train Meta: AdapterScaleμ:0.0330, AdapterMetaScaleμ:-0.0396, AdapterGateμ:0.5459, AdapterBias|B|μ:33.8576, AdapterMetaOn:1.00, AdapterMetaNZ%:100.0, AdapterΔ/Input:5.41% | Val Meta: AdapterScaleμ:0.0330, AdapterMetaScaleμ:-0.0396, AdapterGateμ:0.5459, AdapterBias|B|μ:33.8530, AdapterMetaOn:1.00, AdapterMetaNZ%:100.0, AdapterΔ/Input:4.99%
Epoch 9/20 | Steps: 1126 | LR: 0.000100 | Train Loss: 0.453633 | Val Loss: 0.618785 | Train Meta: AdapterScaleμ:0.0330, AdapterMetaScaleμ:-0.0396, AdapterGateμ:0.5459, AdapterBias|B|μ:33.8956, AdapterMetaOn:1.00, AdapterMetaNZ%:100.0, AdapterΔ/Input:5.33% | Val Meta: AdapterScaleμ:0.0330, AdapterMetaScaleμ:-0.0396, AdapterGateμ:0.5459, AdapterBias|B|μ:33.8530, AdapterMetaOn:1.00, AdapterMetaNZ%:100.0, AdapterΔ/Input:4.99%
Epoch 10/20 | Steps: 1126 | LR: 0.000100 | Train Loss: 0.452724 | Val Loss: 0.626031 | Train Meta: AdapterScaleμ:0.0330, AdapterMetaScaleμ:-0.0396, AdapterGateμ:0.5459, AdapterBias|B|μ:33.8586, AdapterMetaOn:1.00, AdapterMetaNZ%:100.0, AdapterΔ/Input:5.37% | Val Meta: AdapterScaleμ:0.0330, AdapterMetaScaleμ:-0.0396, AdapterGateμ:0.5459, AdapterBias|B|μ:33.8530, AdapterMetaOn:1.00, AdapterMetaNZ%:100.0, AdapterΔ/Input:4.99%
Epoch 11/20 | Steps: 1126 | LR: 0.000100 | Train Loss: 0.451926 | Val Loss: 0.618122 | Train Meta: AdapterScaleμ:0.0330, AdapterMetaScaleμ:-0.0396, AdapterGateμ:0.5459, AdapterBias|B|μ:33.8773, AdapterMetaOn:1.00, AdapterMetaNZ%:100.0, AdapterΔ/Input:5.49% | Val Meta: AdapterScaleμ:0.0330, AdapterMetaScaleμ:-0.0396, AdapterGateμ:0.5459, AdapterBias|B|μ:33.8530, AdapterMetaOn:1.00, AdapterMetaNZ%:100.0, AdapterΔ/Input:4.99%
Epoch 12/20 | Steps: 1126 | LR: 0.000100 | Train Loss: 0.451193 | Val Loss: 0.626634 | Train Meta: AdapterScaleμ:0.0330, AdapterMetaScaleμ:-0.0396, AdapterGateμ:0.5459, AdapterBias|B|μ:33.8891, AdapterMetaOn:1.00, AdapterMetaNZ%:100.0, AdapterΔ/Input:5.38% | Val Meta: AdapterScaleμ:0.0330, AdapterMetaScaleμ:-0.0396, AdapterGateμ:0.5459, AdapterBias|B|μ:33.8530, AdapterMetaOn:1.00, AdapterMetaNZ%:100.0, AdapterΔ/Input:4.99%
Epoch 13/20 | Steps: 1126 | LR: 0.000100 | Train Loss: 0.450384 | Val Loss: 0.624401 | Train Meta: AdapterScaleμ:0.0330, AdapterMetaScaleμ:-0.0396, AdapterGateμ:0.5459, AdapterBias|B|μ:33.9064, AdapterMetaOn:1.00, AdapterMetaNZ%:100.0, AdapterΔ/Input:5.56% | Val Meta: AdapterScaleμ:0.0330, AdapterMetaScaleμ:-0.0396, AdapterGateμ:0.5459, AdapterBias|B|μ:33.8530, AdapterMetaOn:1.00, AdapterMetaNZ%:100.0, AdapterΔ/Input:4.99%
Epoch 14/20 | Steps: 1126 | LR: 0.000100 | Train Loss: 0.449704 | Val Loss: 0.620865 | Train Meta: AdapterScaleμ:0.0330, AdapterMetaScaleμ:-0.0396, AdapterGateμ:0.5459, AdapterBias|B|μ:33.8721, AdapterMetaOn:1.00, AdapterMetaNZ%:100.0, AdapterΔ/Input:5.41% | Val Meta: AdapterScaleμ:0.0330, AdapterMetaScaleμ:-0.0396, AdapterGateμ:0.5459, AdapterBias|B|μ:33.8530, AdapterMetaOn:1.00, AdapterMetaNZ%:100.0, AdapterΔ/Input:4.99%
Epoch 15/20 | Steps: 1126 | LR: 0.000100 | Train Loss: 0.449276 | Val Loss: 0.620777 | Train Meta: AdapterScaleμ:0.0330, AdapterMetaScaleμ:-0.0396, AdapterGateμ:0.5459, AdapterBias|B|μ:33.8665, AdapterMetaOn:1.00, AdapterMetaNZ%:100.0, AdapterΔ/Input:5.46% | Val Meta: AdapterScaleμ:0.0330, AdapterMetaScaleμ:-0.0396, AdapterGateμ:0.5459, AdapterBias|B|μ:33.8530, AdapterMetaOn:1.00, AdapterMetaNZ%:100.0, AdapterΔ/Input:4.99%
Epoch 16/20 | Steps: 1126 | LR: 0.000100 | Train Loss: 0.448459 | Val Loss: 0.621571 | Train Meta: AdapterScaleμ:0.0330, AdapterMetaScaleμ:-0.0396, AdapterGateμ:0.5459, AdapterBias|B|μ:33.8620, AdapterMetaOn:1.00, AdapterMetaNZ%:100.0, AdapterΔ/Input:5.44% | Val Meta: AdapterScaleμ:0.0330, AdapterMetaScaleμ:-0.0396, AdapterGateμ:0.5459, AdapterBias|B|μ:33.8530, AdapterMetaOn:1.00, AdapterMetaNZ%:100.0, AdapterΔ/Input:4.99%
Epoch 17/20 | Steps: 1126 | LR: 0.000100 | Train Loss: 0.447828 | Val Loss: 0.624298 | Train Meta: AdapterScaleμ:0.0330, AdapterMetaScaleμ:-0.0396, AdapterGateμ:0.5459, AdapterBias|B|μ:33.8581, AdapterMetaOn:1.00, AdapterMetaNZ%:100.0, AdapterΔ/Input:5.37% | Val Meta: AdapterScaleμ:0.0330, AdapterMetaScaleμ:-0.0396, AdapterGateμ:0.5459, AdapterBias|B|μ:33.8530, AdapterMetaOn:1.00, AdapterMetaNZ%:100.0, AdapterΔ/Input:4.99%
Epoch 18/20 | Steps: 1126 | LR: 0.000100 | Train Loss: 0.447461 | Val Loss: 0.623642 | Train Meta: AdapterScaleμ:0.0330, AdapterMetaScaleμ:-0.0396, AdapterGateμ:0.5459, AdapterBias|B|μ:33.8705, AdapterMetaOn:1.00, AdapterMetaNZ%:100.0, AdapterΔ/Input:5.49% | Val Meta: AdapterScaleμ:0.0330, AdapterMetaScaleμ:-0.0396, AdapterGateμ:0.5459, AdapterBias|B|μ:33.8530, AdapterMetaOn:1.00, AdapterMetaNZ%:100.0, AdapterΔ/Input:4.99%
Epoch 19/20 | Steps: 1126 | LR: 0.000100 | Train Loss: 0.447256 | Val Loss: 0.619124 | Train Meta: AdapterScaleμ:0.0330, AdapterMetaScaleμ:-0.0396, AdapterGateμ:0.5459, AdapterBias|B|μ:33.8614, AdapterMetaOn:1.00, AdapterMetaNZ%:100.0, AdapterΔ/Input:5.36% | Val Meta: AdapterScaleμ:0.0330, AdapterMetaScaleμ:-0.0396, AdapterGateμ:0.5459, AdapterBias|B|μ:33.8530, AdapterMetaOn:1.00, AdapterMetaNZ%:100.0, AdapterΔ/Input:4.99%
Epoch 20/20 | Steps: 1126 | LR: 0.000100 | Train Loss: 0.447025 | Val Loss: 0.630769 | Train Meta: AdapterScaleμ:0.0330, AdapterMetaScaleμ:-0.0396, AdapterGateμ:0.5459, AdapterBias|B|μ:33.8846, AdapterMetaOn:1.00, AdapterMetaNZ%:100.0, AdapterΔ/Input:5.28% | Val Meta: AdapterScaleμ:0.0330, AdapterMetaScaleμ:-0.0396, AdapterGateμ:0.5459, AdapterBias|B|μ:33.8530, AdapterMetaOn:1.00, AdapterMetaNZ%:100.0, AdapterΔ/Input:4.99%
{'test_mse': 0.3141653835773468, 'test_mae': 0.34327375888824463}
Saved best forecasting checkpoint under checkpoints/forecasting_weather_336/weather_laya_ci_adapter_best.pt
==================================================
🚀 Architecture: LAYA
📊 Target Dataset: weather (Channels: 21)
📊 Pretrain Info: weather (Detected Channels: 21)
📊 Prediction Length: 720
==================================================
✅ Loaded pretrained encoder from ./checkpoints/weather_laya_ci_adapter/laya_ts_weather_s_best.pt
   - 72/72 keys matched.
ℹ️ Channel Adapter: enabled
   - position: post_encoder, heads: 4, dropout: 0.1, metadata_dropout: 0.0
   - adapter_pretrained: True
📝 metadata: mode=text, fusion=none, relation=none
ℹ️ RevIN: enabled | affine=False | subtract_last=False | eps=1e-05
ℹ️ Metadata Fusion Mode: none
ℹ️ Channel Mixer Relation Mode: none
ℹ️ Encoder Variant: default
ℹ️ Channel Relation Block: disabled
✅ Probing Head [CI, channel-wise]: [B*C, 8192] -> [B, 21, 720]
Epoch 1/20 | Steps: 1114 | LR: 0.000100 | Train Loss: 0.554549 | Val Loss: 0.721075 | Train Meta: AdapterScaleμ:0.0330, AdapterMetaScaleμ:-0.0396, AdapterGateμ:0.5459, AdapterBias|B|μ:33.8818, AdapterMetaOn:1.00, AdapterMetaNZ%:100.0, AdapterΔ/Input:5.37% | Val Meta: AdapterScaleμ:0.0330, AdapterMetaScaleμ:-0.0396, AdapterGateμ:0.5459, AdapterBias|B|μ:33.8530, AdapterMetaOn:1.00, AdapterMetaNZ%:100.0, AdapterΔ/Input:4.99%
   -> Updated best validation state: val_loss=0.721075 at epoch 1
Epoch 2/20 | Steps: 1114 | LR: 0.000100 | Train Loss: 0.538454 | Val Loss: 0.722992 | Train Meta: AdapterScaleμ:0.0330, AdapterMetaScaleμ:-0.0396, AdapterGateμ:0.5459, AdapterBias|B|μ:33.8543, AdapterMetaOn:1.00, AdapterMetaNZ%:100.0, AdapterΔ/Input:5.45% | Val Meta: AdapterScaleμ:0.0330, AdapterMetaScaleμ:-0.0396, AdapterGateμ:0.5459, AdapterBias|B|μ:33.8530, AdapterMetaOn:1.00, AdapterMetaNZ%:100.0, AdapterΔ/Input:4.99%
Epoch 3/20 | Steps: 1114 | LR: 0.000100 | Train Loss: 0.533496 | Val Loss: 0.717500 | Train Meta: AdapterScaleμ:0.0330, AdapterMetaScaleμ:-0.0396, AdapterGateμ:0.5459, AdapterBias|B|μ:33.8901, AdapterMetaOn:1.00, AdapterMetaNZ%:100.0, AdapterΔ/Input:5.41% | Val Meta: AdapterScaleμ:0.0330, AdapterMetaScaleμ:-0.0396, AdapterGateμ:0.5459, AdapterBias|B|μ:33.8530, AdapterMetaOn:1.00, AdapterMetaNZ%:100.0, AdapterΔ/Input:4.99%
   -> Updated best validation state: val_loss=0.717500 at epoch 3
Epoch 4/20 | Steps: 1114 | LR: 0.000100 | Train Loss: 0.529981 | Val Loss: 0.720048 | Train Meta: AdapterScaleμ:0.0330, AdapterMetaScaleμ:-0.0396, AdapterGateμ:0.5459, AdapterBias|B|μ:33.8626, AdapterMetaOn:1.00, AdapterMetaNZ%:100.0, AdapterΔ/Input:5.42% | Val Meta: AdapterScaleμ:0.0330, AdapterMetaScaleμ:-0.0396, AdapterGateμ:0.5459, AdapterBias|B|μ:33.8530, AdapterMetaOn:1.00, AdapterMetaNZ%:100.0, AdapterΔ/Input:4.99%
Epoch 5/20 | Steps: 1114 | LR: 0.000100 | Train Loss: 0.527487 | Val Loss: 0.716374 | Train Meta: AdapterScaleμ:0.0330, AdapterMetaScaleμ:-0.0396, AdapterGateμ:0.5459, AdapterBias|B|μ:33.9117, AdapterMetaOn:1.00, AdapterMetaNZ%:100.0, AdapterΔ/Input:5.46% | Val Meta: AdapterScaleμ:0.0330, AdapterMetaScaleμ:-0.0396, AdapterGateμ:0.5459, AdapterBias|B|μ:33.8530, AdapterMetaOn:1.00, AdapterMetaNZ%:100.0, AdapterΔ/Input:4.99%
   -> Updated best validation state: val_loss=0.716374 at epoch 5
Epoch 6/20 | Steps: 1114 | LR: 0.000100 | Train Loss: 0.525799 | Val Loss: 0.721198 | Train Meta: AdapterScaleμ:0.0330, AdapterMetaScaleμ:-0.0396, AdapterGateμ:0.5459, AdapterBias|B|μ:33.8930, AdapterMetaOn:1.00, AdapterMetaNZ%:100.0, AdapterΔ/Input:5.35% | Val Meta: AdapterScaleμ:0.0330, AdapterMetaScaleμ:-0.0396, AdapterGateμ:0.5459, AdapterBias|B|μ:33.8530, AdapterMetaOn:1.00, AdapterMetaNZ%:100.0, AdapterΔ/Input:4.99%
Epoch 7/20 | Steps: 1114 | LR: 0.000100 | Train Loss: 0.524118 | Val Loss: 0.720287 | Train Meta: AdapterScaleμ:0.0330, AdapterMetaScaleμ:-0.0396, AdapterGateμ:0.5459, AdapterBias|B|μ:33.8681, AdapterMetaOn:1.00, AdapterMetaNZ%:100.0, AdapterΔ/Input:5.39% | Val Meta: AdapterScaleμ:0.0330, AdapterMetaScaleμ:-0.0396, AdapterGateμ:0.5459, AdapterBias|B|μ:33.8530, AdapterMetaOn:1.00, AdapterMetaNZ%:100.0, AdapterΔ/Input:4.99%
Epoch 8/20 | Steps: 1114 | LR: 0.000100 | Train Loss: 0.522992 | Val Loss: 0.730720 | Train Meta: AdapterScaleμ:0.0330, AdapterMetaScaleμ:-0.0396, AdapterGateμ:0.5459, AdapterBias|B|μ:33.8669, AdapterMetaOn:1.00, AdapterMetaNZ%:100.0, AdapterΔ/Input:5.49% | Val Meta: AdapterScaleμ:0.0330, AdapterMetaScaleμ:-0.0396, AdapterGateμ:0.5459, AdapterBias|B|μ:33.8530, AdapterMetaOn:1.00, AdapterMetaNZ%:100.0, AdapterΔ/Input:4.99%
Epoch 9/20 | Steps: 1114 | LR: 0.000100 | Train Loss: 0.521465 | Val Loss: 0.719271 | Train Meta: AdapterScaleμ:0.0330, AdapterMetaScaleμ:-0.0396, AdapterGateμ:0.5459, AdapterBias|B|μ:33.8592, AdapterMetaOn:1.00, AdapterMetaNZ%:100.0, AdapterΔ/Input:5.33% | Val Meta: AdapterScaleμ:0.0330, AdapterMetaScaleμ:-0.0396, AdapterGateμ:0.5459, AdapterBias|B|μ:33.8530, AdapterMetaOn:1.00, AdapterMetaNZ%:100.0, AdapterΔ/Input:4.99%
Epoch 10/20 | Steps: 1114 | LR: 0.000100 | Train Loss: 0.520861 | Val Loss: 0.718726 | Train Meta: AdapterScaleμ:0.0330, AdapterMetaScaleμ:-0.0396, AdapterGateμ:0.5459, AdapterBias|B|μ:33.8610, AdapterMetaOn:1.00, AdapterMetaNZ%:100.0, AdapterΔ/Input:5.44% | Val Meta: AdapterScaleμ:0.0330, AdapterMetaScaleμ:-0.0396, AdapterGateμ:0.5459, AdapterBias|B|μ:33.8530, AdapterMetaOn:1.00, AdapterMetaNZ%:100.0, AdapterΔ/Input:4.99%
Epoch 11/20 | Steps: 1114 | LR: 0.000100 | Train Loss: 0.519708 | Val Loss: 0.720813 | Train Meta: AdapterScaleμ:0.0330, AdapterMetaScaleμ:-0.0396, AdapterGateμ:0.5459, AdapterBias|B|μ:33.8775, AdapterMetaOn:1.00, AdapterMetaNZ%:100.0, AdapterΔ/Input:5.49% | Val Meta: AdapterScaleμ:0.0330, AdapterMetaScaleμ:-0.0396, AdapterGateμ:0.5459, AdapterBias|B|μ:33.8530, AdapterMetaOn:1.00, AdapterMetaNZ%:100.0, AdapterΔ/Input:4.99%
Epoch 12/20 | Steps: 1114 | LR: 0.000100 | Train Loss: 0.518851 | Val Loss: 0.729255 | Train Meta: AdapterScaleμ:0.0330, AdapterMetaScaleμ:-0.0396, AdapterGateμ:0.5459, AdapterBias|B|μ:33.8781, AdapterMetaOn:1.00, AdapterMetaNZ%:100.0, AdapterΔ/Input:5.42% | Val Meta: AdapterScaleμ:0.0330, AdapterMetaScaleμ:-0.0396, AdapterGateμ:0.5459, AdapterBias|B|μ:33.8530, AdapterMetaOn:1.00, AdapterMetaNZ%:100.0, AdapterΔ/Input:4.99%
Epoch 13/20 | Steps: 1114 | LR: 0.000100 | Train Loss: 0.518141 | Val Loss: 0.721090 | Train Meta: AdapterScaleμ:0.0330, AdapterMetaScaleμ:-0.0396, AdapterGateμ:0.5459, AdapterBias|B|μ:33.9014, AdapterMetaOn:1.00, AdapterMetaNZ%:100.0, AdapterΔ/Input:5.40% | Val Meta: AdapterScaleμ:0.0330, AdapterMetaScaleμ:-0.0396, AdapterGateμ:0.5459, AdapterBias|B|μ:33.8530, AdapterMetaOn:1.00, AdapterMetaNZ%:100.0, AdapterΔ/Input:4.99%
Epoch 14/20 | Steps: 1114 | LR: 0.000100 | Train Loss: 0.517284 | Val Loss: 0.721506 | Train Meta: AdapterScaleμ:0.0330, AdapterMetaScaleμ:-0.0396, AdapterGateμ:0.5459, AdapterBias|B|μ:33.8733, AdapterMetaOn:1.00, AdapterMetaNZ%:100.0, AdapterΔ/Input:5.50% | Val Meta: AdapterScaleμ:0.0330, AdapterMetaScaleμ:-0.0396, AdapterGateμ:0.5459, AdapterBias|B|μ:33.8530, AdapterMetaOn:1.00, AdapterMetaNZ%:100.0, AdapterΔ/Input:4.99%
Epoch 15/20 | Steps: 1114 | LR: 0.000100 | Train Loss: 0.516940 | Val Loss: 0.726415 | Train Meta: AdapterScaleμ:0.0330, AdapterMetaScaleμ:-0.0396, AdapterGateμ:0.5459, AdapterBias|B|μ:33.8763, AdapterMetaOn:1.00, AdapterMetaNZ%:100.0, AdapterΔ/Input:5.46% | Val Meta: AdapterScaleμ:0.0330, AdapterMetaScaleμ:-0.0396, AdapterGateμ:0.5459, AdapterBias|B|μ:33.8530, AdapterMetaOn:1.00, AdapterMetaNZ%:100.0, AdapterΔ/Input:4.99%
Epoch 16/20 | Steps: 1114 | LR: 0.000100 | Train Loss: 0.516270 | Val Loss: 0.723360 | Train Meta: AdapterScaleμ:0.0330, AdapterMetaScaleμ:-0.0396, AdapterGateμ:0.5459, AdapterBias|B|μ:33.8595, AdapterMetaOn:1.00, AdapterMetaNZ%:100.0, AdapterΔ/Input:5.34% | Val Meta: AdapterScaleμ:0.0330, AdapterMetaScaleμ:-0.0396, AdapterGateμ:0.5459, AdapterBias|B|μ:33.8530, AdapterMetaOn:1.00, AdapterMetaNZ%:100.0, AdapterΔ/Input:4.99%
Epoch 17/20 | Steps: 1114 | LR: 0.000100 | Train Loss: 0.515383 | Val Loss: 0.723378 | Train Meta: AdapterScaleμ:0.0330, AdapterMetaScaleμ:-0.0396, AdapterGateμ:0.5459, AdapterBias|B|μ:33.8650, AdapterMetaOn:1.00, AdapterMetaNZ%:100.0, AdapterΔ/Input:5.24% | Val Meta: AdapterScaleμ:0.0330, AdapterMetaScaleμ:-0.0396, AdapterGateμ:0.5459, AdapterBias|B|μ:33.8530, AdapterMetaOn:1.00, AdapterMetaNZ%:100.0, AdapterΔ/Input:4.99%
Epoch 18/20 | Steps: 1114 | LR: 0.000100 | Train Loss: 0.515045 | Val Loss: 0.722925 | Train Meta: AdapterScaleμ:0.0330, AdapterMetaScaleμ:-0.0396, AdapterGateμ:0.5459, AdapterBias|B|μ:33.8750, AdapterMetaOn:1.00, AdapterMetaNZ%:100.0, AdapterΔ/Input:5.40% | Val Meta: AdapterScaleμ:0.0330, AdapterMetaScaleμ:-0.0396, AdapterGateμ:0.5459, AdapterBias|B|μ:33.8530, AdapterMetaOn:1.00, AdapterMetaNZ%:100.0, AdapterΔ/Input:4.99%
Epoch 19/20 | Steps: 1114 | LR: 0.000100 | Train Loss: 0.514732 | Val Loss: 0.742188 | Train Meta: AdapterScaleμ:0.0330, AdapterMetaScaleμ:-0.0396, AdapterGateμ:0.5459, AdapterBias|B|μ:33.8709, AdapterMetaOn:1.00, AdapterMetaNZ%:100.0, AdapterΔ/Input:5.32% | Val Meta: AdapterScaleμ:0.0330, AdapterMetaScaleμ:-0.0396, AdapterGateμ:0.5459, AdapterBias|B|μ:33.8530, AdapterMetaOn:1.00, AdapterMetaNZ%:100.0, AdapterΔ/Input:4.99%
Epoch 20/20 | Steps: 1114 | LR: 0.000100 | Train Loss: 0.514249 | Val Loss: 0.719701 | Train Meta: AdapterScaleμ:0.0330, AdapterMetaScaleμ:-0.0396, AdapterGateμ:0.5459, AdapterBias|B|μ:33.8347, AdapterMetaOn:1.00, AdapterMetaNZ%:100.0, AdapterΔ/Input:5.44% | Val Meta: AdapterScaleμ:0.0330, AdapterMetaScaleμ:-0.0396, AdapterGateμ:0.5459, AdapterBias|B|μ:33.8530, AdapterMetaOn:1.00, AdapterMetaNZ%:100.0, AdapterΔ/Input:4.99%
{'test_mse': 0.3978208601474762, 'test_mae': 0.39927834272384644}
Saved best forecasting checkpoint under checkpoints/forecasting_weather_720/weather_laya_ci_adapter_best.pt
